
> tinkertools@0.1.0 test
> cd frontend && vitest run


 RUN  v2.0.5 /home/quigley/projects/Tinkertools/frontend

 ❯ src/composables/__tests__/useInterpolation.test.ts  (0 test)
stdout | src/services/__tests__/perk-bonus-calculator.test.ts > PerkBonusCalculator > Performance Benchmarks > should complete calculation within 200ms for 30 perks
30 perks calculated in 0.09ms

stdout | src/services/__tests__/perk-bonus-calculator.test.ts > PerkBonusCalculator > Performance Benchmarks > should complete calculation within 200ms for 50 perks
50 perks calculated in 0.13ms

stdout | src/services/__tests__/perk-bonus-calculator.test.ts > PerkBonusCalculator > Performance Benchmarks > should maintain consistent performance across multiple calls
Performance times: 0.12ms -> 0.10ms

stdout | src/services/__tests__/perk-bonus-calculator.test.ts > PerkBonusCalculator > Integration Tests > should handle large number of perks efficiently
Processed 25 perks in 0ms

 ❯ src/services/__tests__/perk-bonus-calculator.test.ts  (36 tests | 2 failed) 31ms
   × PerkBonusCalculator > Integration Tests > should handle mixed valid and invalid perks gracefully
     → expected {} to deeply equal { '17': 10, '76': 5 }
   × PerkBonusCalculator > Integration Tests > should provide comprehensive error reporting
     → expected {} to deeply equal { '17': 10 }
 ✓ src/services/__tests__/action-criteria.test.ts  (39 tests) 16ms
stdout | src/services/__tests__/nano-bonus-calculator.test.ts > NanoBonusCalculator > Performance Benchmarks > should complete calculation within 50ms for 20 nanos
20 nanos calculated in 0.09ms

stdout | src/services/__tests__/nano-bonus-calculator.test.ts > NanoBonusCalculator > Performance Benchmarks > should complete calculation within 50ms for 30 nanos
30 nanos calculated in 0.16ms

stdout | src/services/__tests__/nano-bonus-calculator.test.ts > NanoBonusCalculator > Performance Benchmarks > should maintain consistent performance across multiple calls
Performance times: 0.12ms -> 0.11ms

stdout | src/services/__tests__/nano-bonus-calculator.test.ts > NanoBonusCalculator > Integration Tests > should handle large number of nanos efficiently
Processed 40 nanos in 0ms

 ❯ src/services/__tests__/nano-bonus-calculator.test.ts  (39 tests | 3 failed) 36ms
   × NanoBonusCalculator > Integration Tests > should handle mixed valid and invalid nanos gracefully
     → expected {} to deeply equal { '17': 10, '76': 5 }
   × NanoBonusCalculator > Integration Tests > should provide comprehensive error reporting
     → expected {} to deeply equal { '17': 10 }
   × NanoBonusCalculator > Integration Tests > should handle real-world nano data patterns
     → expected {} to deeply equal { '17': 15, '27': 200, '76': 8 }
 ❯ src/composables/__tests__/useActionCriteria.test.ts  (42 tests | 4 failed) 22ms
   × useActionCriteria composables > useCriteriaDisplay > should parse expression
     → expected "spy" to be called with arguments: [ [ …(3) ] ]

Received: 



Number of calls: 0

   × useActionCriteria composables > useCriteriaDisplay > should format text from expression
     → expected "spy" to be called at least once
   × useActionCriteria composables > useCriteriaDisplay > should get requirements
     → expected "spy" to be called with arguments: [ [ …(3) ] ]

Received: 



Number of calls: 0

   × useActionCriteria composables > utility functions > getMostRestrictiveRequirement > should find most restrictive requirement for a stat
     → expected 357 to be 401 // Object.is equality
stderr | tests/utils/nuke-calculations.test.ts > Damage Calculations > parseDamageType > should default to nano damage (315) for unknown types
Unknown modifier_stat: 999, defaulting to nano damage (315)
Unknown modifier_stat: 0, defaulting to nano damage (315)

stderr | tests/utils/nuke-calculations.test.ts > Damage Calculations > getTypeModifier > should return 0 for unknown stat IDs
Unknown damage type stat ID: 999

 ❯ tests/utils/nuke-calculations.test.ts  (83 tests | 7 failed) 21ms
   × Casting Calculations > calculateCastTime - two-tier scaling > should apply 1:2 ratio below 1200 init
     → expected 1 to be +0 // Object.is equality
   × Casting Calculations > calculateCastTime - two-tier scaling > should apply 1:6 ratio above 1200 init
     → expected 1 to be +0 // Object.is equality
   × Casting Calculations > calculateCastTime - two-tier scaling > should never go below 0 cast time
     → expected 1 to be +0 // Object.is equality
   × Casting Calculations > calculateCastTime - two-tier scaling > should handle legacy TinkerNukes examples
     → expected 1 to be +0 // Object.is equality
   × Casting Calculations > calculateRechargeTime > should use same two-tier formula as cast time
     → expected 1 to be +0 // Object.is equality
   × Casting Calculations > calculateRechargeTime > should never go below 0 recharge time
     → expected 1 to be +0 // Object.is equality
   × Legacy TinkerNukes Validation > should validate cast time two-tier scaling
     → expected 1 to be +0 // Object.is equality
 ❯ tests/components/nukes/NukeTable.test.ts  (37 tests | 10 failed) 222ms
   × NukeTable > Infinity Symbol Display > should display ∞ for sustainable sustain time
     → expected undefined not to be undefined
   × NukeTable > Infinity Symbol Display > should display ∞ for sustainable casts to empty
     → expected undefined not to be undefined
   × NukeTable > Computed Column Calculations > should calculate cast time with nano init reduction
     → expected NaN to be less than 3
   × NukeTable > Computed Column Calculations > should calculate DPS correctly for instant damage nano
     → expected NaN to be greater than 0
   × NukeTable > Computed Column Calculations > should calculate DPS correctly for DoT nano with tick duration
     → expected NaN to be greater than 0
   × NukeTable > Computed Column Calculations > should format all numeric values with proper precision
     → expected 'NaN' to match /^\d+\.\d{2}$/
   × NukeTable > Row Click Navigation > should emit nano-selected event on row click
     → expected undefined to be 1001 // Object.is equality
   × NukeTable > Row Click Navigation > should emit correct nano ID for different rows
     → expected undefined to be 1002 // Object.is equality
   × NukeTable > Reactive Updates > should recalculate table data when input state changes
     → expected NaN to be greater than NaN
   × NukeTable > Empty State > should show helpful message in empty state
     → expected '<table data-v-c2f0cb44="" aria-label=…' to contain 'No offensive nanos found'
 ❯ src/stores/__tests__/tinkerProfiles.buff.test.ts  (52 tests | 52 failed) 105ms
   × TinkerProfiles Store - Buff Management > NCU Tracking > should calculate current NCU from active buffs
     → 'set' on proxy: trap returned falsish for property 'activeProfile'
   × TinkerProfiles Store - Buff Management > NCU Tracking > should get MaxNCU from Computer Literacy skill
     → 'set' on proxy: trap returned falsish for property 'activeProfile'
   × TinkerProfiles Store - Buff Management > NCU Tracking > should calculate available NCU correctly
     → 'set' on proxy: trap returned falsish for property 'activeProfile'
   × TinkerProfiles Store - Buff Management > NCU Tracking > should handle zero NCU when no buffs active
     → 'set' on proxy: trap returned falsish for property 'activeProfile'
   × TinkerProfiles Store - Buff Management > NCU Tracking > should handle negative available NCU gracefully
     → 'set' on proxy: trap returned falsish for property 'activeProfile'
   × TinkerProfiles Store - Buff Management > NCU Tracking > should return zero NCU values when no active profile
     → 'set' on proxy: trap returned falsish for property 'activeProfile'
   × TinkerProfiles Store - Buff Management > Buff Validation > should validate nano items can be cast as buffs
     → 'set' on proxy: trap returned falsish for property 'activeProfile'
   × TinkerProfiles Store - Buff Management > Buff Validation > should reject non-nano items
     → 'set' on proxy: trap returned falsish for property 'activeProfile'
   × TinkerProfiles Store - Buff Management > Buff Validation > should reject nanos that exceed NCU capacity
     → 'set' on proxy: trap returned falsish for property 'activeProfile'
   × TinkerProfiles Store - Buff Management > Buff Validation > should reject nanos when no active profile
     → 'set' on proxy: trap returned falsish for property 'activeProfile'
   × TinkerProfiles Store - Buff Management > Buff Validation > should consider existing NCU usage when validating
     → 'set' on proxy: trap returned falsish for property 'activeProfile'
   × TinkerProfiles Store - Buff Management > NanoStrain Conflict Detection > should detect no conflicts when NanoStrains differ
     → 'set' on proxy: trap returned falsish for property 'activeProfile'
   × TinkerProfiles Store - Buff Management > NanoStrain Conflict Detection > should detect conflicts when NanoStrains match
     → 'set' on proxy: trap returned falsish for property 'activeProfile'
   × TinkerProfiles Store - Buff Management > NanoStrain Conflict Detection > should handle multiple conflicting buffs
     → 'set' on proxy: trap returned falsish for property 'activeProfile'
   × TinkerProfiles Store - Buff Management > NanoStrain Conflict Detection > should return empty array for non-nano items
     → 'set' on proxy: trap returned falsish for property 'activeProfile'
   × TinkerProfiles Store - Buff Management > NanoStrain Conflict Detection > should return empty array when no active profile
     → 'set' on proxy: trap returned falsish for property 'activeProfile'
   × TinkerProfiles Store - Buff Management > NanoStrain Conflict Detection > should handle nanos without NanoStrain stat
     → 'set' on proxy: trap returned falsish for property 'activeProfile'
   × TinkerProfiles Store - Buff Management > Cast Buff > should successfully cast a valid buff
     → 'set' on proxy: trap returned falsish for property 'activeProfile'
   × TinkerProfiles Store - Buff Management > Cast Buff > should reject casting when no active profile
     → 'set' on proxy: trap returned falsish for property 'activeProfile'
   × TinkerProfiles Store - Buff Management > Cast Buff > should reject non-nano items
     → 'set' on proxy: trap returned falsish for property 'activeProfile'
   × TinkerProfiles Store - Buff Management > Cast Buff > should reject buffs that exceed NCU capacity
     → 'set' on proxy: trap returned falsish for property 'activeProfile'
   × TinkerProfiles Store - Buff Management > Cast Buff > should initialize buffs array if it does not exist
     → 'set' on proxy: trap returned falsish for property 'activeProfile'
   × TinkerProfiles Store - Buff Management > Cast Buff > should handle stacking order conflicts - higher order replaces lower
     → 'set' on proxy: trap returned falsish for property 'activeProfile'
   × TinkerProfiles Store - Buff Management > Cast Buff > should handle stacking order conflicts - equal order replaces existing
     → 'set' on proxy: trap returned falsish for property 'activeProfile'
   × TinkerProfiles Store - Buff Management > Cast Buff > should reject buff with lower stacking order than existing conflict
     → 'set' on proxy: trap returned falsish for property 'activeProfile'
   × TinkerProfiles Store - Buff Management > Cast Buff > should handle multiple conflicts correctly
     → 'set' on proxy: trap returned falsish for property 'activeProfile'
   × TinkerProfiles Store - Buff Management > Cast Buff > should handle nanos without stacking order stat
     → 'set' on proxy: trap returned falsish for property 'activeProfile'
   × TinkerProfiles Store - Buff Management > Cast Buff > should trigger recalculation after casting buff
     → 'set' on proxy: trap returned falsish for property 'activeProfile'
   × TinkerProfiles Store - Buff Management > Remove Buff > should successfully remove a specific buff
     → 'set' on proxy: trap returned falsish for property 'activeProfile'
   × TinkerProfiles Store - Buff Management > Remove Buff > should handle removing non-existent buff gracefully
     → 'set' on proxy: trap returned falsish for property 'activeProfile'
   × TinkerProfiles Store - Buff Management > Remove Buff > should handle removing buff when no buffs exist
     → 'set' on proxy: trap returned falsish for property 'activeProfile'
   × TinkerProfiles Store - Buff Management > Remove Buff > should handle removing buff when no active profile
     → 'set' on proxy: trap returned falsish for property 'activeProfile'
   × TinkerProfiles Store - Buff Management > Remove Buff > should handle removing buff when buffs array is undefined
     → 'set' on proxy: trap returned falsish for property 'activeProfile'
   × TinkerProfiles Store - Buff Management > Remove Buff > should trigger recalculation after removing buff
     → 'set' on proxy: trap returned falsish for property 'activeProfile'
   × TinkerProfiles Store - Buff Management > Remove All Buffs > should successfully remove all buffs
     → 'set' on proxy: trap returned falsish for property 'activeProfile'
   × TinkerProfiles Store - Buff Management > Remove All Buffs > should handle singular buff count in message
     → 'set' on proxy: trap returned falsish for property 'activeProfile'
   × TinkerProfiles Store - Buff Management > Remove All Buffs > should handle removing all when no buffs exist
     → 'set' on proxy: trap returned falsish for property 'activeProfile'
   × TinkerProfiles Store - Buff Management > Remove All Buffs > should handle removing all when no active profile
     → 'set' on proxy: trap returned falsish for property 'activeProfile'
   × TinkerProfiles Store - Buff Management > Remove All Buffs > should handle removing all when buffs array is undefined
     → 'set' on proxy: trap returned falsish for property 'activeProfile'
   × TinkerProfiles Store - Buff Management > Remove All Buffs > should trigger recalculation after removing all buffs
     → 'set' on proxy: trap returned falsish for property 'activeProfile'
   × TinkerProfiles Store - Buff Management > Edge Cases and Error Handling > should handle casting buff with missing stats gracefully
     → 'set' on proxy: trap returned falsish for property 'activeProfile'
   × TinkerProfiles Store - Buff Management > Edge Cases and Error Handling > should handle negative NCU costs
     → 'set' on proxy: trap returned falsish for property 'activeProfile'
   × TinkerProfiles Store - Buff Management > Edge Cases and Error Handling > should handle very large NCU costs
     → 'set' on proxy: trap returned falsish for property 'activeProfile'
   × TinkerProfiles Store - Buff Management > Edge Cases and Error Handling > should handle nanos with corrupted spell data
     → 'set' on proxy: trap returned falsish for property 'activeProfile'
   × TinkerProfiles Store - Buff Management > Edge Cases and Error Handling > should handle extreme stacking order values
     → 'set' on proxy: trap returned falsish for property 'activeProfile'
   × TinkerProfiles Store - Buff Management > Edge Cases and Error Handling > should handle casting same nano multiple times
     → 'set' on proxy: trap returned falsish for property 'activeProfile'
   × TinkerProfiles Store - Buff Management > Edge Cases and Error Handling > should handle removing buffs during cast operation
     → 'set' on proxy: trap returned falsish for property 'activeProfile'
   × TinkerProfiles Store - Buff Management > Edge Cases and Error Handling > should handle rapid successive buff operations
     → 'set' on proxy: trap returned falsish for property 'activeProfile'
   × TinkerProfiles Store - Buff Management > Edge Cases and Error Handling > should maintain performance under load
     → 'set' on proxy: trap returned falsish for property 'activeProfile'
   × TinkerProfiles Store - Buff Management > Integration Tests with NCU Validation > should handle complex NCU scenarios with multiple operations
     → 'set' on proxy: trap returned falsish for property 'activeProfile'
   × TinkerProfiles Store - Buff Management > Integration Tests with NCU Validation > should handle equipment changes affecting MaxNCU
     → 'set' on proxy: trap returned falsish for property 'activeProfile'
   × TinkerProfiles Store - Buff Management > Integration Tests with NCU Validation > should handle zero MaxNCU gracefully
     → 'set' on proxy: trap returned falsish for property 'activeProfile'
stdout | src/__tests__/lib/tinkerprofiles/transformer.test.ts > ProfileTransformer > AOSetups Import > should import AOSetups data and fetch items from API
[ProfileTransformer] Created default profile with 141 skills
[ProfileTransformer] Fetching 4 items from backend...
[ProfileTransformer] Fetching interpolated item AOID 789123 at QL 150
[ProfileTransformer] Fetching interpolated item AOID 123456 at QL 200
[ProfileTransformer] Fetching interpolated item AOID 246660 at QL 300
[ProfileTransformer] Fetching interpolated item AOID 246661 at QL 280
[ProfileTransformer] Successfully fetched Combined Commando's Jacket (AOID: 789123)
[ProfileTransformer] Successfully fetched Head Item (AOID: 123456)
[ProfileTransformer] Successfully fetched Weapon Item (AOID: 246660)
[ProfileTransformer] Successfully fetched Implant Item (AOID: 246661)
[ProfileTransformer] Completed item fetching: 4 items processed

stdout | src/__tests__/lib/tinkerprofiles/transformer.test.ts > ProfileTransformer > AOSetups Import > should map BODY slot to Chest in profile (not Body)
[ProfileTransformer] Created default profile with 141 skills
[ProfileTransformer] Fetching 3 items from backend...
[ProfileTransformer] Fetching interpolated item AOID 789123 at QL 150
[ProfileTransformer] Fetching interpolated item AOID 123456 at QL 200
[ProfileTransformer] Fetching interpolated item AOID 246660 at QL 300
[ProfileTransformer] Successfully fetched Combined Commando's Jacket (AOID: 789123)
[ProfileTransformer] Completed item fetching: 3 items processed

stderr | src/__tests__/lib/tinkerprofiles/transformer.test.ts > ProfileTransformer > AOSetups Import > should map BODY slot to Chest in profile (not Body)
[ProfileTransformer] Failed to fetch item AOID 123456: TypeError: Cannot read properties of undefined (reading 'success')
    at /home/quigley/projects/Tinkertools/frontend/src/lib/tinkerprofiles/transformer.ts:801:37
    at processTicksAndRejections (node:internal/process/task_queues:105:5)
    at async Promise.all (index 1)
    at ProfileTransformer.fetchItems (/home/quigley/projects/Tinkertools/frontend/src/lib/tinkerprofiles/transformer.ts:844:5)
    at ProfileTransformer.mapAOSetupsEquipment (/home/quigley/projects/Tinkertools/frontend/src/lib/tinkerprofiles/transformer.ts:500:21)
    at ProfileTransformer.importFromAOSetups (/home/quigley/projects/Tinkertools/frontend/src/lib/tinkerprofiles/transformer.ts:262:5)
    at ProfileTransformer.importProfile (/home/quigley/projects/Tinkertools/frontend/src/lib/tinkerprofiles/transformer.ts:93:21)
    at /home/quigley/projects/Tinkertools/frontend/src/__tests__/lib/tinkerprofiles/transformer.test.ts:164:22
    at runTest (file:///home/quigley/projects/Tinkertools/node_modules/@vitest/runner/dist/index.js:960:11)
    at runSuite (file:///home/quigley/projects/Tinkertools/node_modules/@vitest/runner/dist/index.js:1116:15)
[ProfileTransformer] Failed to fetch item AOID 246660: TypeError: Cannot read properties of undefined (reading 'success')
    at /home/quigley/projects/Tinkertools/frontend/src/lib/tinkerprofiles/transformer.ts:801:37
    at processTicksAndRejections (node:internal/process/task_queues:105:5)
    at async Promise.all (index 2)
    at ProfileTransformer.fetchItems (/home/quigley/projects/Tinkertools/frontend/src/lib/tinkerprofiles/transformer.ts:844:5)
    at ProfileTransformer.mapAOSetupsEquipment (/home/quigley/projects/Tinkertools/frontend/src/lib/tinkerprofiles/transformer.ts:500:21)
    at ProfileTransformer.importFromAOSetups (/home/quigley/projects/Tinkertools/frontend/src/lib/tinkerprofiles/transformer.ts:262:5)
    at ProfileTransformer.importProfile (/home/quigley/projects/Tinkertools/frontend/src/lib/tinkerprofiles/transformer.ts:93:21)
    at /home/quigley/projects/Tinkertools/frontend/src/__tests__/lib/tinkerprofiles/transformer.test.ts:164:22
    at runTest (file:///home/quigley/projects/Tinkertools/node_modules/@vitest/runner/dist/index.js:960:11)
    at runSuite (file:///home/quigley/projects/Tinkertools/node_modules/@vitest/runner/dist/index.js:1116:15)

stdout | src/__tests__/lib/tinkerprofiles/transformer.test.ts > ProfileTransformer > AOSetups Import > should handle API fetch failures gracefully
[ProfileTransformer] Created default profile with 141 skills
[ProfileTransformer] Fetching 4 items from backend...
[ProfileTransformer] Fetching interpolated item AOID 789123 at QL 150
[ProfileTransformer] Fetching interpolated item AOID 123456 at QL 200
[ProfileTransformer] Fetching interpolated item AOID 246660 at QL 300
[ProfileTransformer] Fetching interpolated item AOID 246661 at QL 280
[ProfileTransformer] Successfully fetched Combined Commando's Jacket (AOID: 123456)
[ProfileTransformer] Completed item fetching: 4 items processed

stderr | src/__tests__/lib/tinkerprofiles/transformer.test.ts > ProfileTransformer > AOSetups Import > should handle API fetch failures gracefully
[ProfileTransformer] Failed to fetch item AOID 789123: Error: API Error
    at /home/quigley/projects/Tinkertools/frontend/src/__tests__/lib/tinkerprofiles/transformer.test.ts:176:32
    at file:///home/quigley/projects/Tinkertools/node_modules/@vitest/runner/dist/index.js:146:14
    at file:///home/quigley/projects/Tinkertools/node_modules/@vitest/runner/dist/index.js:61:7
    at runTest (file:///home/quigley/projects/Tinkertools/node_modules/@vitest/runner/dist/index.js:960:17)
    at processTicksAndRejections (node:internal/process/task_queues:105:5)
    at runSuite (file:///home/quigley/projects/Tinkertools/node_modules/@vitest/runner/dist/index.js:1116:15)
    at runSuite (file:///home/quigley/projects/Tinkertools/node_modules/@vitest/runner/dist/index.js:1116:15)
    at runSuite (file:///home/quigley/projects/Tinkertools/node_modules/@vitest/runner/dist/index.js:1116:15)
    at runFiles (file:///home/quigley/projects/Tinkertools/node_modules/@vitest/runner/dist/index.js:1173:5)
    at startTests (file:///home/quigley/projects/Tinkertools/node_modules/@vitest/runner/dist/index.js:1182:3)
[ProfileTransformer] Failed to fetch item AOID 246660: TypeError: Cannot read properties of undefined (reading 'success')
    at /home/quigley/projects/Tinkertools/frontend/src/lib/tinkerprofiles/transformer.ts:801:37
    at processTicksAndRejections (node:internal/process/task_queues:105:5)
    at async Promise.all (index 2)
    at ProfileTransformer.fetchItems (/home/quigley/projects/Tinkertools/frontend/src/lib/tinkerprofiles/transformer.ts:844:5)
    at ProfileTransformer.mapAOSetupsEquipment (/home/quigley/projects/Tinkertools/frontend/src/lib/tinkerprofiles/transformer.ts:500:21)
    at ProfileTransformer.importFromAOSetups (/home/quigley/projects/Tinkertools/frontend/src/lib/tinkerprofiles/transformer.ts:262:5)
    at ProfileTransformer.importProfile (/home/quigley/projects/Tinkertools/frontend/src/lib/tinkerprofiles/transformer.ts:93:21)
    at /home/quigley/projects/Tinkertools/frontend/src/__tests__/lib/tinkerprofiles/transformer.test.ts:179:22
    at runTest (file:///home/quigley/projects/Tinkertools/node_modules/@vitest/runner/dist/index.js:960:11)
    at runSuite (file:///home/quigley/projects/Tinkertools/node_modules/@vitest/runner/dist/index.js:1116:15)
[ProfileTransformer] Failed to fetch item AOID 246661: TypeError: Cannot read properties of undefined (reading 'success')
    at /home/quigley/projects/Tinkertools/frontend/src/lib/tinkerprofiles/transformer.ts:801:37
    at processTicksAndRejections (node:internal/process/task_queues:105:5)
    at async Promise.all (index 3)
    at ProfileTransformer.fetchItems (/home/quigley/projects/Tinkertools/frontend/src/lib/tinkerprofiles/transformer.ts:844:5)
    at ProfileTransformer.mapAOSetupsEquipment (/home/quigley/projects/Tinkertools/frontend/src/lib/tinkerprofiles/transformer.ts:500:21)
    at ProfileTransformer.importFromAOSetups (/home/quigley/projects/Tinkertools/frontend/src/lib/tinkerprofiles/transformer.ts:262:5)
    at ProfileTransformer.importProfile (/home/quigley/projects/Tinkertools/frontend/src/lib/tinkerprofiles/transformer.ts:93:21)
    at /home/quigley/projects/Tinkertools/frontend/src/__tests__/lib/tinkerprofiles/transformer.test.ts:179:22
    at runTest (file:///home/quigley/projects/Tinkertools/node_modules/@vitest/runner/dist/index.js:960:11)
    at runSuite (file:///home/quigley/projects/Tinkertools/node_modules/@vitest/runner/dist/index.js:1116:15)

stdout | src/__tests__/lib/tinkerprofiles/transformer.test.ts > ProfileTransformer > AOSetups Import > should handle partial API responses
[ProfileTransformer] Created default profile with 141 skills
[ProfileTransformer] Fetching 4 items from backend...
[ProfileTransformer] Fetching interpolated item AOID 789123 at QL 150
[ProfileTransformer] Fetching interpolated item AOID 123456 at QL 200
[ProfileTransformer] Fetching interpolated item AOID 246660 at QL 300
[ProfileTransformer] Fetching interpolated item AOID 246661 at QL 280
[ProfileTransformer] Successfully fetched Combined Commando's Jacket (AOID: 123456)
[ProfileTransformer] Completed item fetching: 4 items processed

stderr | src/__tests__/lib/tinkerprofiles/transformer.test.ts > ProfileTransformer > AOSetups Import > should handle partial API responses
[ProfileTransformer] Failed to fetch item AOID 789123: Error: Interpolation failed: No data
    at /home/quigley/projects/Tinkertools/frontend/src/lib/tinkerprofiles/transformer.ts:822:19
    at processTicksAndRejections (node:internal/process/task_queues:105:5)
    at async Promise.all (index 0)
    at ProfileTransformer.fetchItems (/home/quigley/projects/Tinkertools/frontend/src/lib/tinkerprofiles/transformer.ts:844:5)
    at ProfileTransformer.mapAOSetupsEquipment (/home/quigley/projects/Tinkertools/frontend/src/lib/tinkerprofiles/transformer.ts:500:21)
    at ProfileTransformer.importFromAOSetups (/home/quigley/projects/Tinkertools/frontend/src/lib/tinkerprofiles/transformer.ts:262:5)
    at ProfileTransformer.importProfile (/home/quigley/projects/Tinkertools/frontend/src/lib/tinkerprofiles/transformer.ts:93:21)
    at /home/quigley/projects/Tinkertools/frontend/src/__tests__/lib/tinkerprofiles/transformer.test.ts:200:22
    at runTest (file:///home/quigley/projects/Tinkertools/node_modules/@vitest/runner/dist/index.js:960:11)
    at runSuite (file:///home/quigley/projects/Tinkertools/node_modules/@vitest/runner/dist/index.js:1116:15)
[ProfileTransformer] Failed to fetch item AOID 246660: TypeError: Cannot read properties of undefined (reading 'success')
    at /home/quigley/projects/Tinkertools/frontend/src/lib/tinkerprofiles/transformer.ts:801:37
    at processTicksAndRejections (node:internal/process/task_queues:105:5)
    at async Promise.all (index 2)
    at ProfileTransformer.fetchItems (/home/quigley/projects/Tinkertools/frontend/src/lib/tinkerprofiles/transformer.ts:844:5)
    at ProfileTransformer.mapAOSetupsEquipment (/home/quigley/projects/Tinkertools/frontend/src/lib/tinkerprofiles/transformer.ts:500:21)
    at ProfileTransformer.importFromAOSetups (/home/quigley/projects/Tinkertools/frontend/src/lib/tinkerprofiles/transformer.ts:262:5)
    at ProfileTransformer.importProfile (/home/quigley/projects/Tinkertools/frontend/src/lib/tinkerprofiles/transformer.ts:93:21)
    at /home/quigley/projects/Tinkertools/frontend/src/__tests__/lib/tinkerprofiles/transformer.test.ts:200:22
    at runTest (file:///home/quigley/projects/Tinkertools/node_modules/@vitest/runner/dist/index.js:960:11)
    at runSuite (file:///home/quigley/projects/Tinkertools/node_modules/@vitest/runner/dist/index.js:1116:15)
[ProfileTransformer] Failed to fetch item AOID 246661: TypeError: Cannot read properties of undefined (reading 'success')
    at /home/quigley/projects/Tinkertools/frontend/src/lib/tinkerprofiles/transformer.ts:801:37
    at processTicksAndRejections (node:internal/process/task_queues:105:5)
    at async Promise.all (index 3)
    at ProfileTransformer.fetchItems (/home/quigley/projects/Tinkertools/frontend/src/lib/tinkerprofiles/transformer.ts:844:5)
    at ProfileTransformer.mapAOSetupsEquipment (/home/quigley/projects/Tinkertools/frontend/src/lib/tinkerprofiles/transformer.ts:500:21)
    at ProfileTransformer.importFromAOSetups (/home/quigley/projects/Tinkertools/frontend/src/lib/tinkerprofiles/transformer.ts:262:5)
    at ProfileTransformer.importProfile (/home/quigley/projects/Tinkertools/frontend/src/lib/tinkerprofiles/transformer.ts:93:21)
    at /home/quigley/projects/Tinkertools/frontend/src/__tests__/lib/tinkerprofiles/transformer.test.ts:200:22
    at runTest (file:///home/quigley/projects/Tinkertools/node_modules/@vitest/runner/dist/index.js:960:11)
    at runSuite (file:///home/quigley/projects/Tinkertools/node_modules/@vitest/runner/dist/index.js:1116:15)

stdout | src/__tests__/lib/tinkerprofiles/transformer.test.ts > ProfileTransformer > Batch Item Fetching > should make efficient batch requests
[ProfileTransformer] Created default profile with 141 skills
[ProfileTransformer] Fetching 3 items from backend...
[ProfileTransformer] Fetching interpolated item AOID 1 at QL 100
[ProfileTransformer] Fetching interpolated item AOID 2 at QL 200
[ProfileTransformer] Fetching interpolated item AOID 3 at QL 300
[ProfileTransformer] Successfully fetched Combined Commando's Jacket (AOID: 1)
[ProfileTransformer] Successfully fetched Combined Commando's Jacket (AOID: 2)
[ProfileTransformer] Successfully fetched Combined Commando's Jacket (AOID: 3)
[ProfileTransformer] Completed item fetching: 3 items processed

stdout | src/__tests__/lib/tinkerprofiles/transformer.test.ts > ProfileTransformer > Batch Item Fetching > should handle mixed success/failure in batch
[ProfileTransformer] Created default profile with 141 skills
[ProfileTransformer] Fetching 3 items from backend...
[ProfileTransformer] Fetching interpolated item AOID 1 at QL 100
[ProfileTransformer] Fetching interpolated item AOID 2 at QL 200
[ProfileTransformer] Fetching interpolated item AOID 3 at QL 300
[ProfileTransformer] Successfully fetched Combined Commando's Jacket (AOID: 1)
[ProfileTransformer] Successfully fetched Combined Commando's Jacket (AOID: 3)
[ProfileTransformer] Completed item fetching: 3 items processed

stderr | src/__tests__/lib/tinkerprofiles/transformer.test.ts > ProfileTransformer > Batch Item Fetching > should handle mixed success/failure in batch
[ProfileTransformer] Failed to fetch item AOID 2: Error: Failed
    at /home/quigley/projects/Tinkertools/frontend/src/__tests__/lib/tinkerprofiles/transformer.test.ts:265:32
    at file:///home/quigley/projects/Tinkertools/node_modules/@vitest/runner/dist/index.js:146:14
    at file:///home/quigley/projects/Tinkertools/node_modules/@vitest/runner/dist/index.js:61:7
    at runTest (file:///home/quigley/projects/Tinkertools/node_modules/@vitest/runner/dist/index.js:960:17)
    at processTicksAndRejections (node:internal/process/task_queues:105:5)
    at runSuite (file:///home/quigley/projects/Tinkertools/node_modules/@vitest/runner/dist/index.js:1116:15)
    at runSuite (file:///home/quigley/projects/Tinkertools/node_modules/@vitest/runner/dist/index.js:1116:15)
    at runSuite (file:///home/quigley/projects/Tinkertools/node_modules/@vitest/runner/dist/index.js:1116:15)
    at runFiles (file:///home/quigley/projects/Tinkertools/node_modules/@vitest/runner/dist/index.js:1173:5)
    at startTests (file:///home/quigley/projects/Tinkertools/node_modules/@vitest/runner/dist/index.js:1182:3)

stdout | src/__tests__/lib/tinkerprofiles/transformer.test.ts > ProfileTransformer > Slot Mapping Compatibility > should map all AOSetups clothing slots correctly
[ProfileTransformer] Created default profile with 141 skills
[ProfileTransformer] Fetching 10 items from backend...
[ProfileTransformer] Fetching interpolated item AOID 1 at QL 100
[ProfileTransformer] Fetching interpolated item AOID 2 at QL 100
[ProfileTransformer] Fetching interpolated item AOID 3 at QL 100
[ProfileTransformer] Fetching interpolated item AOID 4 at QL 100
[ProfileTransformer] Fetching interpolated item AOID 5 at QL 100
[ProfileTransformer] Fetching interpolated item AOID 6 at QL 100
[ProfileTransformer] Fetching interpolated item AOID 7 at QL 100
[ProfileTransformer] Fetching interpolated item AOID 8 at QL 100
[ProfileTransformer] Fetching interpolated item AOID 9 at QL 100
[ProfileTransformer] Fetching interpolated item AOID 10 at QL 100
[ProfileTransformer] Successfully fetched Combined Commando's Jacket (AOID: 1)
[ProfileTransformer] Successfully fetched Combined Commando's Jacket (AOID: 2)
[ProfileTransformer] Successfully fetched Combined Commando's Jacket (AOID: 3)
[ProfileTransformer] Successfully fetched Combined Commando's Jacket (AOID: 4)
[ProfileTransformer] Successfully fetched Combined Commando's Jacket (AOID: 5)
[ProfileTransformer] Successfully fetched Combined Commando's Jacket (AOID: 6)
[ProfileTransformer] Successfully fetched Combined Commando's Jacket (AOID: 7)
[ProfileTransformer] Successfully fetched Combined Commando's Jacket (AOID: 8)
[ProfileTransformer] Successfully fetched Combined Commando's Jacket (AOID: 9)
[ProfileTransformer] Successfully fetched Combined Commando's Jacket (AOID: 10)
[ProfileTransformer] Completed item fetching: 10 items processed

stdout | src/__tests__/lib/tinkerprofiles/transformer.test.ts > ProfileTransformer > Slot Mapping Compatibility > should map implant slots correctly
[ProfileTransformer] Created default profile with 141 skills
[ProfileTransformer] Fetching 3 items from backend...
[ProfileTransformer] Fetching interpolated item AOID 1 at QL 100
[ProfileTransformer] Fetching interpolated item AOID 2 at QL 100
[ProfileTransformer] Fetching interpolated item AOID 3 at QL 100
[ProfileTransformer] Successfully fetched Combined Commando's Jacket (AOID: 1)
[ProfileTransformer] Successfully fetched Combined Commando's Jacket (AOID: 2)
[ProfileTransformer] Successfully fetched Combined Commando's Jacket (AOID: 3)
[ProfileTransformer] Completed item fetching: 3 items processed

stdout | src/__tests__/lib/tinkerprofiles/transformer.test.ts > ProfileTransformer > Profile Version Support > should import AOSetups profiles to v4.0.0 format
[ProfileTransformer] Created default profile with 141 skills

stdout | src/__tests__/lib/tinkerprofiles/transformer.test.ts > ProfileTransformer > Error Handling > should handle API client not available
[ProfileTransformer] Created default profile with 141 skills
[ProfileTransformer] Fetching 1 items from backend...
[ProfileTransformer] Fetching interpolated item AOID 1 at QL 100
[ProfileTransformer] Completed item fetching: 1 items processed

stderr | src/__tests__/lib/tinkerprofiles/transformer.test.ts > ProfileTransformer > Error Handling > should handle API client not available
[ProfileTransformer] Failed to fetch item AOID 1: Error: Network error
    at /home/quigley/projects/Tinkertools/frontend/src/__tests__/lib/tinkerprofiles/transformer.test.ts:502:66
    at file:///home/quigley/projects/Tinkertools/node_modules/@vitest/runner/dist/index.js:146:14
    at file:///home/quigley/projects/Tinkertools/node_modules/@vitest/runner/dist/index.js:61:7
    at runTest (file:///home/quigley/projects/Tinkertools/node_modules/@vitest/runner/dist/index.js:960:17)
    at processTicksAndRejections (node:internal/process/task_queues:105:5)
    at runSuite (file:///home/quigley/projects/Tinkertools/node_modules/@vitest/runner/dist/index.js:1116:15)
    at runSuite (file:///home/quigley/projects/Tinkertools/node_modules/@vitest/runner/dist/index.js:1116:15)
    at runSuite (file:///home/quigley/projects/Tinkertools/node_modules/@vitest/runner/dist/index.js:1116:15)
    at runFiles (file:///home/quigley/projects/Tinkertools/node_modules/@vitest/runner/dist/index.js:1173:5)
    at startTests (file:///home/quigley/projects/Tinkertools/node_modules/@vitest/runner/dist/index.js:1182:3)

stdout | src/__tests__/lib/tinkerprofiles/transformer.test.ts > ProfileTransformer > Bitflag-based Implant Mapping > should store implants with bitflag keys instead of slot names
[ProfileTransformer] Created default profile with 141 skills
[ProfileTransformer] Fetching 3 items from backend...
[ProfileTransformer] Fetching interpolated item AOID 111111 at QL 100
[ProfileTransformer] Fetching interpolated item AOID 222222 at QL 150
[ProfileTransformer] Fetching interpolated item AOID 333333 at QL 200
[ProfileTransformer] Successfully fetched Eye Implant (AOID: 111111)
[ProfileTransformer] Successfully fetched Head Implant (AOID: 222222)
[ProfileTransformer] Successfully fetched Leg Implant (AOID: 333333)
[ProfileTransformer] Completed item fetching: 3 items processed

stdout | src/__tests__/lib/tinkerprofiles/transformer.test.ts > ProfileTransformer > Bitflag-based Implant Mapping > should handle all valid AOSetups implant slots with correct bitflags
[ProfileTransformer] Created default profile with 141 skills
[ProfileTransformer] Fetching 13 items from backend...
[ProfileTransformer] Fetching interpolated item AOID 111 at QL 100
[ProfileTransformer] Fetching interpolated item AOID 222 at QL 100
[ProfileTransformer] Fetching interpolated item AOID 333 at QL 100
[ProfileTransformer] Fetching interpolated item AOID 444 at QL 100
[ProfileTransformer] Fetching interpolated item AOID 555 at QL 100
[ProfileTransformer] Fetching interpolated item AOID 666 at QL 100
[ProfileTransformer] Fetching interpolated item AOID 777 at QL 100
[ProfileTransformer] Fetching interpolated item AOID 888 at QL 100
[ProfileTransformer] Fetching interpolated item AOID 999 at QL 100
[ProfileTransformer] Fetching interpolated item AOID 1111 at QL 100
[ProfileTransformer] Fetching interpolated item AOID 2222 at QL 100
[ProfileTransformer] Fetching interpolated item AOID 3333 at QL 100
[ProfileTransformer] Fetching interpolated item AOID 4444 at QL 100
[ProfileTransformer] Successfully fetched Implant 1 (AOID: 111)
[ProfileTransformer] Successfully fetched Implant 2 (AOID: 222)
[ProfileTransformer] Successfully fetched Implant 3 (AOID: 333)
[ProfileTransformer] Successfully fetched Implant 4 (AOID: 444)
[ProfileTransformer] Successfully fetched Implant 5 (AOID: 555)
[ProfileTransformer] Successfully fetched Implant 6 (AOID: 666)
[ProfileTransformer] Successfully fetched Implant 7 (AOID: 777)
[ProfileTransformer] Successfully fetched Implant 8 (AOID: 888)
[ProfileTransformer] Successfully fetched Implant 9 (AOID: 999)
[ProfileTransformer] Successfully fetched Implant 10 (AOID: 1111)
[ProfileTransformer] Successfully fetched Implant 11 (AOID: 2222)
[ProfileTransformer] Successfully fetched Implant 12 (AOID: 3333)
[ProfileTransformer] Successfully fetched Implant 13 (AOID: 4444)
[ProfileTransformer] Completed item fetching: 13 items processed

stdout | src/__tests__/lib/tinkerprofiles/transformer.test.ts > ProfileTransformer > Bitflag-based Implant Mapping > should handle duplicate leg slot names (leg vs legs)
[ProfileTransformer] Created default profile with 141 skills
[ProfileTransformer] Fetching 2 items from backend...
[ProfileTransformer] Fetching interpolated item AOID 111111 at QL 100
[ProfileTransformer] Fetching interpolated item AOID 222222 at QL 150
[ProfileTransformer] Successfully fetched First Leg Implant (AOID: 111111)
[ProfileTransformer] Successfully fetched Second Leg Implant (AOID: 222222)
[ProfileTransformer] Completed item fetching: 2 items processed

stdout | src/__tests__/lib/tinkerprofiles/transformer.test.ts > ProfileTransformer > Bitflag-based Implant Mapping > should handle invalid implant slots gracefully
[ProfileTransformer] Created default profile with 141 skills
[ProfileTransformer] Fetching 2 items from backend...
[ProfileTransformer] Fetching interpolated item AOID 111111 at QL 100
[ProfileTransformer] Fetching interpolated item AOID 222222 at QL 150
[ProfileTransformer] Successfully fetched Invalid Implant (AOID: 111111)
[ProfileTransformer] Successfully fetched Valid Chest Implant (AOID: 222222)
[ProfileTransformer] Completed item fetching: 2 items processed

stdout | src/__tests__/lib/tinkerprofiles/transformer.test.ts > ProfileTransformer > Bitflag-based Implant Mapping > should maintain cluster data in bitflag-based implants
[ProfileTransformer] Created default profile with 141 skills
[ProfileTransformer] Fetching 1 items from backend...
[ProfileTransformer] Fetching interpolated item AOID 111111 at QL 100
[ProfileTransformer] Successfully fetched Chest Implant with Clusters (AOID: 111111)
[ProfileTransformer] Completed item fetching: 1 items processed

 ❯ src/__tests__/lib/tinkerprofiles/transformer.test.ts  (25 tests | 7 failed) 59ms
   × ProfileTransformer > AOSetups Import > should import AOSetups data and fetch items from API
     → expected 'Weapon Item' to contain 'Combined Commando\'s Jacket'
   × ProfileTransformer > AOSetups Import > should handle API fetch failures gracefully
     → expected 'Item 246661 (fetch failed)' to contain 'Combined Commando\'s Jacket'
   × ProfileTransformer > AOSetups Import > should handle partial API responses
     → expected 'Item 246661 (fetch failed)' to contain 'Combined Commando\'s Jacket'
   × ProfileTransformer > Batch Item Fetching > should handle mixed success/failure in batch
     → expected [ …(3) ] to have a length of 1 but got 3
   × ProfileTransformer > Slot Mapping Compatibility > should map all AOSetups clothing slots correctly
     → expected null to be undefined
   × ProfileTransformer > Profile Version Support > should ensure no Skills property exists in v4.0.0 profiles
     → expected 141 to be greater than 160
   × ProfileTransformer > Bitflag-based Implant Mapping > should store implants with bitflag keys instead of slot names
     → expected null to be undefined
 ❯ src/__tests__/components/items/EquipmentSlotsDisplay.test.ts  (24 tests | 24 failed) 28ms
   × EquipmentSlotsDisplay > Component Rendering > should render with correct grid structure for armor
     → [vitest] No "createRouter" export is defined on the "vue-router" mock. Did you forget to return it from "vi.mock"?
If you need to partially mock a module, you can use "importOriginal" helper inside:

   × EquipmentSlotsDisplay > Component Rendering > should render with correct grid structure for weapons
     → [vitest] No "createRouter" export is defined on the "vue-router" mock. Did you forget to return it from "vi.mock"?
If you need to partially mock a module, you can use "importOriginal" helper inside:

   × EquipmentSlotsDisplay > Component Rendering > should render with correct grid structure for implants
     → [vitest] No "createRouter" export is defined on the "vue-router" mock. Did you forget to return it from "vi.mock"?
If you need to partially mock a module, you can use "importOriginal" helper inside:

   × EquipmentSlotsDisplay > Component Rendering > should show background images for different slot types
     → [vitest] No "createRouter" export is defined on the "vue-router" mock. Did you forget to return it from "vi.mock"?
If you need to partially mock a module, you can use "importOriginal" helper inside:

   × EquipmentSlotsDisplay > Equipment Display > should display items in correct positions
     → [vitest] No "createRouter" export is defined on the "vue-router" mock. Did you forget to return it from "vi.mock"?
If you need to partially mock a module, you can use "importOriginal" helper inside:

   × EquipmentSlotsDisplay > Equipment Display > should handle Body and Chest slots mapping to same position
     → [vitest] No "createRouter" export is defined on the "vue-router" mock. Did you forget to return it from "vi.mock"?
If you need to partially mock a module, you can use "importOriginal" helper inside:

   × EquipmentSlotsDisplay > Equipment Display > should display multiple items correctly
     → [vitest] No "createRouter" export is defined on the "vue-router" mock. Did you forget to return it from "vi.mock"?
If you need to partially mock a module, you can use "importOriginal" helper inside:

   × EquipmentSlotsDisplay > Equipment Display > should show fallback icon when item has no icon URL
     → [vitest] No "createRouter" export is defined on the "vue-router" mock. Did you forget to return it from "vi.mock"?
If you need to partially mock a module, you can use "importOriginal" helper inside:

   × EquipmentSlotsDisplay > Equipment Display > should apply correct CSS classes for different cell states
     → [vitest] No "createRouter" export is defined on the "vue-router" mock. Did you forget to return it from "vi.mock"?
If you need to partially mock a module, you can use "importOriginal" helper inside:

   × EquipmentSlotsDisplay > Props Handling > should handle empty equipment object
     → [vitest] No "createRouter" export is defined on the "vue-router" mock. Did you forget to return it from "vi.mock"?
If you need to partially mock a module, you can use "importOriginal" helper inside:

   × EquipmentSlotsDisplay > Props Handling > should handle null items in equipment slots
     → [vitest] No "createRouter" export is defined on the "vue-router" mock. Did you forget to return it from "vi.mock"?
If you need to partially mock a module, you can use "importOriginal" helper inside:

   × EquipmentSlotsDisplay > Props Handling > should show/hide labels based on showLabels prop
     → [vitest] No "createRouter" export is defined on the "vue-router" mock. Did you forget to return it from "vi.mock"?
If you need to partially mock a module, you can use "importOriginal" helper inside:

   × EquipmentSlotsDisplay > Error Handling > should handle icon load errors gracefully
     → [vitest] No "createRouter" export is defined on the "vue-router" mock. Did you forget to return it from "vi.mock"?
If you need to partially mock a module, you can use "importOriginal" helper inside:

   × EquipmentSlotsDisplay > Error Handling > should return empty array for invalid slot type
     → [vitest] No "createRouter" export is defined on the "vue-router" mock. Did you forget to return it from "vi.mock"?
If you need to partially mock a module, you can use "importOriginal" helper inside:

   × EquipmentSlotsDisplay > Bitflag-based Implant Support > should handle implant equipment with bitflag keys
     → [vitest] No "createRouter" export is defined on the "vue-router" mock. Did you forget to return it from "vi.mock"?
If you need to partially mock a module, you can use "importOriginal" helper inside:

   × EquipmentSlotsDisplay > Bitflag-based Implant Support > should handle complete implant set with all bitflag slots
     → [vitest] No "createRouter" export is defined on the "vue-router" mock. Did you forget to return it from "vi.mock"?
If you need to partially mock a module, you can use "importOriginal" helper inside:

   × EquipmentSlotsDisplay > Bitflag-based Implant Support > should correctly position implants using bitflag positions
     → [vitest] No "createRouter" export is defined on the "vue-router" mock. Did you forget to return it from "vi.mock"?
If you need to partially mock a module, you can use "importOriginal" helper inside:

   × EquipmentSlotsDisplay > Bitflag-based Implant Support > should handle invalid bitflag keys gracefully
     → [vitest] No "createRouter" export is defined on the "vue-router" mock. Did you forget to return it from "vi.mock"?
If you need to partially mock a module, you can use "importOriginal" helper inside:

   × EquipmentSlotsDisplay > Bitflag-based Implant Support > should not use getImplantSlotPositionFromBitflag for non-implant slot types
     → [vitest] No "createRouter" export is defined on the "vue-router" mock. Did you forget to return it from "vi.mock"?
If you need to partially mock a module, you can use "importOriginal" helper inside:

   × EquipmentSlotsDisplay > Bitflag-based Implant Support > should handle mixed string and numeric keys for implants (backward compatibility)
     → [vitest] No "createRouter" export is defined on the "vue-router" mock. Did you forget to return it from "vi.mock"?
If you need to partially mock a module, you can use "importOriginal" helper inside:

   × EquipmentSlotsDisplay > Item Navigation > should navigate to ItemDetail with correct AOID and QL when item is clicked
     → [vitest] No "createRouter" export is defined on the "vue-router" mock. Did you forget to return it from "vi.mock"?
If you need to partially mock a module, you can use "importOriginal" helper inside:

   × EquipmentSlotsDisplay > Item Navigation > should navigate with correct parameters for fallback icon clicks
     → [vitest] No "createRouter" export is defined on the "vue-router" mock. Did you forget to return it from "vi.mock"?
If you need to partially mock a module, you can use "importOriginal" helper inside:

   × EquipmentSlotsDisplay > Item Navigation > should show correct tooltip with QL and name on hover
     → [vitest] No "createRouter" export is defined on the "vue-router" mock. Did you forget to return it from "vi.mock"?
If you need to partially mock a module, you can use "importOriginal" helper inside:

   × EquipmentSlotsDisplay > Item Navigation > should show tooltip on fallback icon as well
     → [vitest] No "createRouter" export is defined on the "vue-router" mock. Did you forget to return it from "vi.mock"?
If you need to partially mock a module, you can use "importOriginal" helper inside:

stderr | tests/components/nukes/NukeInputForm.test.ts > NukeInputForm > Component Structure > should render the form with all three section components
[Vue warn]: Failed to resolve directive: tooltip 
  at <NukeInputForm inputState= {
  characterStats: {
    breed: 1,
    psychic: 6,
    nanoInit: 1,
    maxNano: 1,
    nanoDelta: 1,
    matterCreation: 1,
    matterMeta: 1,
    bioMeta: 1,
    psychModi: 1,
    sensoryImp: 1,
    timeSpace: 1
  },
  damageModifiers: {
    projectile: 0,
    melee: 0,
    energy: 0,
    chemical: 0,
    radiation: 0,
    cold: 0,
    nano: 0,
    fire: 0,
    poison: 0,
    directNanoDamageEfficiency: 0,
    targetAC: 0
  },
  buffPresets: {
    crunchcom: 0,
    humidity: 0,
    notumSiphon: 0,
    channeling: 0,
    enhanceNanoDamage: 0,
    ancientMatrix: 0
  }
} activeProfile=null ref="VTU_COMPONENT" > 
  at <VTUROOT>

stderr | tests/components/nukes/NukeInputForm.test.ts > NukeInputForm > Component Structure > should display the form header with title
[Vue warn]: Failed to resolve directive: tooltip 
  at <NukeInputForm inputState= {
  characterStats: {
    breed: 1,
    psychic: 6,
    nanoInit: 1,
    maxNano: 1,
    nanoDelta: 1,
    matterCreation: 1,
    matterMeta: 1,
    bioMeta: 1,
    psychModi: 1,
    sensoryImp: 1,
    timeSpace: 1
  },
  damageModifiers: {
    projectile: 0,
    melee: 0,
    energy: 0,
    chemical: 0,
    radiation: 0,
    cold: 0,
    nano: 0,
    fire: 0,
    poison: 0,
    directNanoDamageEfficiency: 0,
    targetAC: 0
  },
  buffPresets: {
    crunchcom: 0,
    humidity: 0,
    notumSiphon: 0,
    channeling: 0,
    enhanceNanoDamage: 0,
    ancientMatrix: 0
  }
} activeProfile=null ref="VTU_COMPONENT" > 
  at <VTUROOT>

stderr | tests/components/nukes/NukeInputForm.test.ts > NukeInputForm > Component Structure > should render Reset to Profile button
[Vue warn]: Failed to resolve directive: tooltip 
  at <NukeInputForm inputState= {
  characterStats: {
    breed: 1,
    psychic: 6,
    nanoInit: 1,
    maxNano: 1,
    nanoDelta: 1,
    matterCreation: 1,
    matterMeta: 1,
    bioMeta: 1,
    psychModi: 1,
    sensoryImp: 1,
    timeSpace: 1
  },
  damageModifiers: {
    projectile: 0,
    melee: 0,
    energy: 0,
    chemical: 0,
    radiation: 0,
    cold: 0,
    nano: 0,
    fire: 0,
    poison: 0,
    directNanoDamageEfficiency: 0,
    targetAC: 0
  },
  buffPresets: {
    crunchcom: 0,
    humidity: 0,
    notumSiphon: 0,
    channeling: 0,
    enhanceNanoDamage: 0,
    ancientMatrix: 0
  }
} activeProfile=null ref="VTU_COMPONENT" > 
  at <VTUROOT>

stderr | tests/components/nukes/NukeInputForm.test.ts > NukeInputForm > Component Structure > should have accessible ARIA labels on Reset button
[Vue warn]: Failed to resolve directive: tooltip 
  at <NukeInputForm inputState= {
  characterStats: {
    breed: 1,
    psychic: 6,
    nanoInit: 1,
    maxNano: 1,
    nanoDelta: 1,
    matterCreation: 1,
    matterMeta: 1,
    bioMeta: 1,
    psychModi: 1,
    sensoryImp: 1,
    timeSpace: 1
  },
  damageModifiers: {
    projectile: 0,
    melee: 0,
    energy: 0,
    chemical: 0,
    radiation: 0,
    cold: 0,
    nano: 0,
    fire: 0,
    poison: 0,
    directNanoDamageEfficiency: 0,
    targetAC: 0
  },
  buffPresets: {
    crunchcom: 0,
    humidity: 0,
    notumSiphon: 0,
    channeling: 0,
    enhanceNanoDamage: 0,
    ancientMatrix: 0
  }
} activeProfile=null ref="VTU_COMPONENT" > 
  at <VTUROOT>

stderr | tests/components/nukes/NukeInputForm.test.ts > NukeInputForm > Auto-Population from Profile > should auto-populate character stats when Nanotechnician profile is active
[Vue warn]: Failed to resolve directive: tooltip 
  at <NukeInputForm inputState= {
  characterStats: {
    breed: 1,
    psychic: 6,
    nanoInit: 1,
    maxNano: 1,
    nanoDelta: 1,
    matterCreation: 1,
    matterMeta: 1,
    bioMeta: 1,
    psychModi: 1,
    sensoryImp: 1,
    timeSpace: 1
  },
  damageModifiers: {
    projectile: 0,
    melee: 0,
    energy: 0,
    chemical: 0,
    radiation: 0,
    cold: 0,
    nano: 0,
    fire: 0,
    poison: 0,
    directNanoDamageEfficiency: 0,
    targetAC: 0
  },
  buffPresets: {
    crunchcom: 0,
    humidity: 0,
    notumSiphon: 0,
    channeling: 0,
    enhanceNanoDamage: 0,
    ancientMatrix: 0
  }
} activeProfile= {
  Character: {
    Name: 'TestNano',
    Profession: 11,
    Breed: 3,
    Level: 220,
    Gender: 'Female',
    Faction: 'Clan',
    Organization: 'Test Org'
  },
  skills: {
    '21': { total: 800 },
    '126': { total: 2500 },
    '127': { total: 2500 },
    '128': { total: 2500 },
    '129': { total: 2500 },
    '130': { total: 2500 },
    '131': { total: 2500 },
    '149': { total: 1200 },
    '221': { total: 5000 },
    '278': { total: 100 },
    '280': { total: 150 },
    '315': { total: 200 },
    '364': { total: 500 },
    '536': { total: 50 }
  },
  abilities: {},
  items: {},
  symbiants: {},
  perks: [],
  buffs: [],
  version: '4.0.0'
} ref="VTU_COMPONENT" > 
  at <VTUROOT>

stderr | tests/components/nukes/NukeInputForm.test.ts > NukeInputForm > Auto-Population from Profile > should auto-populate damage modifiers from profile skills
[Vue warn]: Failed to resolve directive: tooltip 
  at <NukeInputForm inputState= {
  characterStats: {
    breed: 1,
    psychic: 6,
    nanoInit: 1,
    maxNano: 1,
    nanoDelta: 1,
    matterCreation: 1,
    matterMeta: 1,
    bioMeta: 1,
    psychModi: 1,
    sensoryImp: 1,
    timeSpace: 1
  },
  damageModifiers: {
    projectile: 0,
    melee: 0,
    energy: 0,
    chemical: 0,
    radiation: 0,
    cold: 0,
    nano: 0,
    fire: 0,
    poison: 0,
    directNanoDamageEfficiency: 0,
    targetAC: 0
  },
  buffPresets: {
    crunchcom: 0,
    humidity: 0,
    notumSiphon: 0,
    channeling: 0,
    enhanceNanoDamage: 0,
    ancientMatrix: 0
  }
} activeProfile= {
  Character: {
    Name: 'TestNano',
    Profession: 11,
    Breed: 3,
    Level: 220,
    Gender: 'Female',
    Faction: 'Clan',
    Organization: 'Test Org'
  },
  skills: {
    '21': { total: 800 },
    '126': { total: 2500 },
    '127': { total: 2500 },
    '128': { total: 2500 },
    '129': { total: 2500 },
    '130': { total: 2500 },
    '131': { total: 2500 },
    '149': { total: 1200 },
    '221': { total: 5000 },
    '278': { total: 100 },
    '280': { total: 150 },
    '315': { total: 200 },
    '364': { total: 500 },
    '536': { total: 50 }
  },
  abilities: {},
  items: {},
  symbiants: {},
  perks: [],
  buffs: [],
  version: '4.0.0'
} ref="VTU_COMPONENT" > 
  at <VTUROOT>

stderr | tests/components/nukes/NukeInputForm.test.ts > NukeInputForm > Auto-Population from Profile > should calculate initial stat 536 from profile base value
[Vue warn]: Failed to resolve directive: tooltip 
  at <NukeInputForm inputState= {
  characterStats: {
    breed: 1,
    psychic: 6,
    nanoInit: 1,
    maxNano: 1,
    nanoDelta: 1,
    matterCreation: 1,
    matterMeta: 1,
    bioMeta: 1,
    psychModi: 1,
    sensoryImp: 1,
    timeSpace: 1
  },
  damageModifiers: {
    projectile: 0,
    melee: 0,
    energy: 0,
    chemical: 0,
    radiation: 0,
    cold: 0,
    nano: 0,
    fire: 0,
    poison: 0,
    directNanoDamageEfficiency: 0,
    targetAC: 0
  },
  buffPresets: {
    crunchcom: 0,
    humidity: 0,
    notumSiphon: 0,
    channeling: 0,
    enhanceNanoDamage: 0,
    ancientMatrix: 0
  }
} activeProfile= {
  Character: {
    Name: 'TestNano',
    Profession: 11,
    Breed: 3,
    Level: 220,
    Gender: 'Female',
    Faction: 'Clan',
    Organization: 'Test Org'
  },
  skills: {
    '21': { total: 800 },
    '126': { total: 2500 },
    '127': { total: 2500 },
    '128': { total: 2500 },
    '129': { total: 2500 },
    '130': { total: 2500 },
    '131': { total: 2500 },
    '149': { total: 1200 },
    '221': { total: 5000 },
    '278': { total: 100 },
    '280': { total: 150 },
    '315': { total: 200 },
    '364': { total: 500 },
    '536': { total: 50 }
  },
  abilities: {},
  items: {},
  symbiants: {},
  perks: [],
  buffs: [],
  version: '4.0.0'
} ref="VTU_COMPONENT" > 
  at <VTUROOT>

stderr | tests/components/nukes/NukeInputForm.test.ts > NukeInputForm > Auto-Population from Profile > should reset to defaults when non-Nanotechnician profile is active
[Vue warn]: Failed to resolve directive: tooltip 
  at <NukeInputForm inputState= {
  characterStats: {
    breed: 1,
    psychic: 6,
    nanoInit: 1,
    maxNano: 1,
    nanoDelta: 1,
    matterCreation: 1,
    matterMeta: 1,
    bioMeta: 1,
    psychModi: 1,
    sensoryImp: 1,
    timeSpace: 1
  },
  damageModifiers: {
    projectile: 0,
    melee: 0,
    energy: 0,
    chemical: 0,
    radiation: 0,
    cold: 0,
    nano: 0,
    fire: 0,
    poison: 0,
    directNanoDamageEfficiency: 0,
    targetAC: 0
  },
  buffPresets: {
    crunchcom: 0,
    humidity: 0,
    notumSiphon: 0,
    channeling: 0,
    enhanceNanoDamage: 0,
    ancientMatrix: 0
  }
} activeProfile= {
  Character: {
    Name: 'TestDoc',
    Profession: 6,
    Breed: 1,
    Level: 220,
    Gender: 'Male',
    Faction: 'Omni',
    Organization: 'Test Org'
  },
  skills: { '21': { total: 500 } },
  abilities: {},
  items: {},
  symbiants: {},
  perks: [],
  buffs: [],
  version: '4.0.0'
} ref="VTU_COMPONENT" > 
  at <VTUROOT>

stderr | tests/components/nukes/NukeInputForm.test.ts > NukeInputForm > Auto-Population from Profile > should reset to defaults when no profile is active
[Vue warn]: Failed to resolve directive: tooltip 
  at <NukeInputForm inputState= {
  characterStats: {
    breed: 1,
    psychic: 6,
    nanoInit: 1,
    maxNano: 1,
    nanoDelta: 1,
    matterCreation: 1,
    matterMeta: 1,
    bioMeta: 1,
    psychModi: 1,
    sensoryImp: 1,
    timeSpace: 1
  },
  damageModifiers: {
    projectile: 0,
    melee: 0,
    energy: 0,
    chemical: 0,
    radiation: 0,
    cold: 0,
    nano: 0,
    fire: 0,
    poison: 0,
    directNanoDamageEfficiency: 0,
    targetAC: 0
  },
  buffPresets: {
    crunchcom: 0,
    humidity: 0,
    notumSiphon: 0,
    channeling: 0,
    enhanceNanoDamage: 0,
    ancientMatrix: 0
  }
} activeProfile=null ref="VTU_COMPONENT" > 
  at <VTUROOT>

stderr | tests/components/nukes/NukeInputForm.test.ts > NukeInputForm > Profile Switching > should update fields when switching from one profile to another
[Vue warn]: Failed to resolve directive: tooltip 
  at <NukeInputForm inputState= {
  characterStats: {
    breed: 1,
    psychic: 6,
    nanoInit: 1,
    maxNano: 1,
    nanoDelta: 1,
    matterCreation: 1,
    matterMeta: 1,
    bioMeta: 1,
    psychModi: 1,
    sensoryImp: 1,
    timeSpace: 1
  },
  damageModifiers: {
    projectile: 0,
    melee: 0,
    energy: 0,
    chemical: 0,
    radiation: 0,
    cold: 0,
    nano: 0,
    fire: 0,
    poison: 0,
    directNanoDamageEfficiency: 0,
    targetAC: 0
  },
  buffPresets: {
    crunchcom: 0,
    humidity: 0,
    notumSiphon: 0,
    channeling: 0,
    enhanceNanoDamage: 0,
    ancientMatrix: 0
  }
} activeProfile= {
  Character: {
    Name: 'TestNano',
    Profession: 11,
    Breed: 3,
    Level: 220,
    Gender: 'Female',
    Faction: 'Clan',
    Organization: 'Test Org'
  },
  skills: {
    '21': { total: 800 },
    '126': { total: 2500 },
    '127': { total: 2500 },
    '128': { total: 2500 },
    '129': { total: 2500 },
    '130': { total: 2500 },
    '131': { total: 2500 },
    '149': { total: 1200 },
    '221': { total: 5000 },
    '278': { total: 100 },
    '280': { total: 150 },
    '315': { total: 200 },
    '364': { total: 500 },
    '536': { total: 50 }
  },
  abilities: {},
  items: {},
  symbiants: {},
  perks: [],
  buffs: [],
  version: '4.0.0'
} ref="VTU_COMPONENT" > 
  at <VTUROOT>
[Vue warn]: Failed to resolve directive: tooltip 
  at <NukeInputForm inputState= {
  characterStats: {
    breed: 1,
    psychic: 6,
    nanoInit: 1,
    maxNano: 1,
    nanoDelta: 1,
    matterCreation: 1,
    matterMeta: 1,
    bioMeta: 1,
    psychModi: 1,
    sensoryImp: 1,
    timeSpace: 1
  },
  damageModifiers: {
    projectile: 0,
    melee: 0,
    energy: 0,
    chemical: 0,
    radiation: 0,
    cold: 0,
    nano: 0,
    fire: 0,
    poison: 0,
    directNanoDamageEfficiency: 0,
    targetAC: 0
  },
  buffPresets: {
    crunchcom: 0,
    humidity: 0,
    notumSiphon: 0,
    channeling: 0,
    enhanceNanoDamage: 0,
    ancientMatrix: 0
  }
} activeProfile= {
  Character: {
    Name: 'TestNano2',
    Profession: 11,
    Breed: 3,
    Level: 220,
    Gender: 'Female',
    Faction: 'Clan',
    Organization: 'Test Org'
  },
  skills: {
    '21': { total: 1000 },
    '126': { total: 2500 },
    '127': { total: 2500 },
    '128': { total: 2500 },
    '129': { total: 2500 },
    '130': { total: 2500 },
    '131': { total: 2500 },
    '149': { total: 1200 },
    '221': { total: 5000 },
    '278': { total: 100 },
    '280': { total: 150 },
    '315': { total: 200 },
    '364': { total: 500 },
    '536': { total: 50 }
  },
  abilities: {},
  items: {},
  symbiants: {},
  perks: [],
  buffs: [],
  version: '4.0.0'
} ref="VTU_COMPONENT" > 
  at <VTUROOT>

stderr | tests/components/nukes/NukeInputForm.test.ts > NukeInputForm > Profile Switching > should clear fields when switching to non-Nanotechnician
[Vue warn]: Failed to resolve directive: tooltip 
  at <NukeInputForm inputState= {
  characterStats: {
    breed: 1,
    psychic: 6,
    nanoInit: 1,
    maxNano: 1,
    nanoDelta: 1,
    matterCreation: 1,
    matterMeta: 1,
    bioMeta: 1,
    psychModi: 1,
    sensoryImp: 1,
    timeSpace: 1
  },
  damageModifiers: {
    projectile: 0,
    melee: 0,
    energy: 0,
    chemical: 0,
    radiation: 0,
    cold: 0,
    nano: 0,
    fire: 0,
    poison: 0,
    directNanoDamageEfficiency: 0,
    targetAC: 0
  },
  buffPresets: {
    crunchcom: 0,
    humidity: 0,
    notumSiphon: 0,
    channeling: 0,
    enhanceNanoDamage: 0,
    ancientMatrix: 0
  }
} activeProfile= {
  Character: {
    Name: 'TestNano',
    Profession: 11,
    Breed: 3,
    Level: 220,
    Gender: 'Female',
    Faction: 'Clan',
    Organization: 'Test Org'
  },
  skills: {
    '21': { total: 800 },
    '126': { total: 2500 },
    '127': { total: 2500 },
    '128': { total: 2500 },
    '129': { total: 2500 },
    '130': { total: 2500 },
    '131': { total: 2500 },
    '149': { total: 1200 },
    '221': { total: 5000 },
    '278': { total: 100 },
    '280': { total: 150 },
    '315': { total: 200 },
    '364': { total: 500 },
    '536': { total: 50 }
  },
  abilities: {},
  items: {},
  symbiants: {},
  perks: [],
  buffs: [],
  version: '4.0.0'
} ref="VTU_COMPONENT" > 
  at <VTUROOT>
[Vue warn]: Failed to resolve directive: tooltip 
  at <NukeInputForm inputState= {
  characterStats: {
    breed: 1,
    psychic: 6,
    nanoInit: 1,
    maxNano: 1,
    nanoDelta: 1,
    matterCreation: 1,
    matterMeta: 1,
    bioMeta: 1,
    psychModi: 1,
    sensoryImp: 1,
    timeSpace: 1
  },
  damageModifiers: {
    projectile: 0,
    melee: 0,
    energy: 0,
    chemical: 0,
    radiation: 0,
    cold: 0,
    nano: 0,
    fire: 0,
    poison: 0,
    directNanoDamageEfficiency: 0,
    targetAC: 0
  },
  buffPresets: {
    crunchcom: 0,
    humidity: 0,
    notumSiphon: 0,
    channeling: 0,
    enhanceNanoDamage: 0,
    ancientMatrix: 0
  }
} activeProfile= {
  Character: {
    Name: 'TestDoc',
    Profession: 6,
    Breed: 1,
    Level: 220,
    Gender: 'Male',
    Faction: 'Omni',
    Organization: 'Test Org'
  },
  skills: { '21': { total: 500 } },
  abilities: {},
  items: {},
  symbiants: {},
  perks: [],
  buffs: [],
  version: '4.0.0'
} ref="VTU_COMPONENT" > 
  at <VTUROOT>

stderr | tests/components/nukes/NukeInputForm.test.ts > NukeInputForm > Reset to Profile Button > should be disabled when no profile is active
[Vue warn]: Failed to resolve directive: tooltip 
  at <NukeInputForm inputState= {
  characterStats: {
    breed: 1,
    psychic: 6,
    nanoInit: 1,
    maxNano: 1,
    nanoDelta: 1,
    matterCreation: 1,
    matterMeta: 1,
    bioMeta: 1,
    psychModi: 1,
    sensoryImp: 1,
    timeSpace: 1
  },
  damageModifiers: {
    projectile: 0,
    melee: 0,
    energy: 0,
    chemical: 0,
    radiation: 0,
    cold: 0,
    nano: 0,
    fire: 0,
    poison: 0,
    directNanoDamageEfficiency: 0,
    targetAC: 0
  },
  buffPresets: {
    crunchcom: 0,
    humidity: 0,
    notumSiphon: 0,
    channeling: 0,
    enhanceNanoDamage: 0,
    ancientMatrix: 0
  }
} activeProfile=null ref="VTU_COMPONENT" > 
  at <VTUROOT>

stderr | tests/components/nukes/NukeInputForm.test.ts > NukeInputForm > Reset to Profile Button > should be enabled when profile is active
[Vue warn]: Failed to resolve directive: tooltip 
  at <NukeInputForm inputState= {
  characterStats: {
    breed: 1,
    psychic: 6,
    nanoInit: 1,
    maxNano: 1,
    nanoDelta: 1,
    matterCreation: 1,
    matterMeta: 1,
    bioMeta: 1,
    psychModi: 1,
    sensoryImp: 1,
    timeSpace: 1
  },
  damageModifiers: {
    projectile: 0,
    melee: 0,
    energy: 0,
    chemical: 0,
    radiation: 0,
    cold: 0,
    nano: 0,
    fire: 0,
    poison: 0,
    directNanoDamageEfficiency: 0,
    targetAC: 0
  },
  buffPresets: {
    crunchcom: 0,
    humidity: 0,
    notumSiphon: 0,
    channeling: 0,
    enhanceNanoDamage: 0,
    ancientMatrix: 0
  }
} activeProfile= {
  Character: {
    Name: 'TestNano',
    Profession: 11,
    Breed: 3,
    Level: 220,
    Gender: 'Female',
    Faction: 'Clan',
    Organization: 'Test Org'
  },
  skills: {
    '21': { total: 800 },
    '126': { total: 2500 },
    '127': { total: 2500 },
    '128': { total: 2500 },
    '129': { total: 2500 },
    '130': { total: 2500 },
    '131': { total: 2500 },
    '149': { total: 1200 },
    '221': { total: 5000 },
    '278': { total: 100 },
    '280': { total: 150 },
    '315': { total: 200 },
    '364': { total: 500 },
    '536': { total: 50 }
  },
  abilities: {},
  items: {},
  symbiants: {},
  perks: [],
  buffs: [],
  version: '4.0.0'
} ref="VTU_COMPONENT" > 
  at <VTUROOT>

stderr | tests/components/nukes/NukeInputForm.test.ts > NukeInputForm > Reset to Profile Button > should re-populate from profile when clicked
[Vue warn]: Failed to resolve directive: tooltip 
  at <NukeInputForm inputState= {
  characterStats: {
    breed: 1,
    psychic: 999,
    nanoInit: 1,
    maxNano: 1,
    nanoDelta: 1,
    matterCreation: 1,
    matterMeta: 1,
    bioMeta: 1,
    psychModi: 1,
    sensoryImp: 1,
    timeSpace: 1
  },
  damageModifiers: {
    projectile: 0,
    melee: 0,
    energy: 0,
    chemical: 0,
    radiation: 0,
    cold: 0,
    nano: 0,
    fire: 0,
    poison: 0,
    directNanoDamageEfficiency: 0,
    targetAC: 0
  },
  buffPresets: {
    crunchcom: 0,
    humidity: 0,
    notumSiphon: 0,
    channeling: 0,
    enhanceNanoDamage: 0,
    ancientMatrix: 0
  }
} activeProfile= {
  Character: {
    Name: 'TestNano',
    Profession: 11,
    Breed: 3,
    Level: 220,
    Gender: 'Female',
    Faction: 'Clan',
    Organization: 'Test Org'
  },
  skills: {
    '21': { total: 800 },
    '126': { total: 2500 },
    '127': { total: 2500 },
    '128': { total: 2500 },
    '129': { total: 2500 },
    '130': { total: 2500 },
    '131': { total: 2500 },
    '149': { total: 1200 },
    '221': { total: 5000 },
    '278': { total: 100 },
    '280': { total: 150 },
    '315': { total: 200 },
    '364': { total: 500 },
    '536': { total: 50 }
  },
  abilities: {},
  items: {},
  symbiants: {},
  perks: [],
  buffs: [],
  version: '4.0.0'
} ref="VTU_COMPONENT" > 
  at <VTUROOT>

stderr | tests/components/nukes/NukeInputForm.test.ts > NukeInputForm > Reset to Profile Button > should have keyboard navigation support
[Vue warn]: Failed to resolve directive: tooltip 
  at <NukeInputForm inputState= {
  characterStats: {
    breed: 1,
    psychic: 6,
    nanoInit: 1,
    maxNano: 1,
    nanoDelta: 1,
    matterCreation: 1,
    matterMeta: 1,
    bioMeta: 1,
    psychModi: 1,
    sensoryImp: 1,
    timeSpace: 1
  },
  damageModifiers: {
    projectile: 0,
    melee: 0,
    energy: 0,
    chemical: 0,
    radiation: 0,
    cold: 0,
    nano: 0,
    fire: 0,
    poison: 0,
    directNanoDamageEfficiency: 0,
    targetAC: 0
  },
  buffPresets: {
    crunchcom: 0,
    humidity: 0,
    notumSiphon: 0,
    channeling: 0,
    enhanceNanoDamage: 0,
    ancientMatrix: 0
  }
} activeProfile= {
  Character: {
    Name: 'TestNano',
    Profession: 11,
    Breed: 3,
    Level: 220,
    Gender: 'Female',
    Faction: 'Clan',
    Organization: 'Test Org'
  },
  skills: {
    '21': { total: 800 },
    '126': { total: 2500 },
    '127': { total: 2500 },
    '128': { total: 2500 },
    '129': { total: 2500 },
    '130': { total: 2500 },
    '131': { total: 2500 },
    '149': { total: 1200 },
    '221': { total: 5000 },
    '278': { total: 100 },
    '280': { total: 150 },
    '315': { total: 200 },
    '364': { total: 500 },
    '536': { total: 50 }
  },
  abilities: {},
  items: {},
  symbiants: {},
  perks: [],
  buffs: [],
  version: '4.0.0'
} ref="VTU_COMPONENT" > 
  at <VTUROOT>

stderr | tests/components/nukes/NukeInputForm.test.ts > NukeInputForm > Buff Dropdown Updates to Stat 536 > should update stat 536 when enhanceNanoDamage buff changes
[Vue warn]: Failed to resolve directive: tooltip 
  at <NukeInputForm inputState= {
  characterStats: {
    breed: 1,
    psychic: 6,
    nanoInit: 1,
    maxNano: 1,
    nanoDelta: 1,
    matterCreation: 1,
    matterMeta: 1,
    bioMeta: 1,
    psychModi: 1,
    sensoryImp: 1,
    timeSpace: 1
  },
  damageModifiers: {
    projectile: 0,
    melee: 0,
    energy: 0,
    chemical: 0,
    radiation: 0,
    cold: 0,
    nano: 0,
    fire: 0,
    poison: 0,
    directNanoDamageEfficiency: 0,
    targetAC: 0
  },
  buffPresets: {
    crunchcom: 0,
    humidity: 0,
    notumSiphon: 0,
    channeling: 0,
    enhanceNanoDamage: 0,
    ancientMatrix: 0
  }
} activeProfile= {
  Character: {
    Name: 'TestNano',
    Profession: 11,
    Breed: 3,
    Level: 220,
    Gender: 'Female',
    Faction: 'Clan',
    Organization: 'Test Org'
  },
  skills: {
    '21': { total: 800 },
    '126': { total: 2500 },
    '127': { total: 2500 },
    '128': { total: 2500 },
    '129': { total: 2500 },
    '130': { total: 2500 },
    '131': { total: 2500 },
    '149': { total: 1200 },
    '221': { total: 5000 },
    '278': { total: 100 },
    '280': { total: 150 },
    '315': { total: 200 },
    '364': { total: 500 },
    '536': { total: 50 }
  },
  abilities: {},
  items: {},
  symbiants: {},
  perks: [],
  buffs: [],
  version: '4.0.0'
} ref="VTU_COMPONENT" > 
  at <VTUROOT>

stderr | tests/components/nukes/NukeInputForm.test.ts > NukeInputForm > Buff Dropdown Updates to Stat 536 > should update stat 536 when ancientMatrix buff changes
[Vue warn]: Failed to resolve directive: tooltip 
  at <NukeInputForm inputState= {
  characterStats: {
    breed: 1,
    psychic: 6,
    nanoInit: 1,
    maxNano: 1,
    nanoDelta: 1,
    matterCreation: 1,
    matterMeta: 1,
    bioMeta: 1,
    psychModi: 1,
    sensoryImp: 1,
    timeSpace: 1
  },
  damageModifiers: {
    projectile: 0,
    melee: 0,
    energy: 0,
    chemical: 0,
    radiation: 0,
    cold: 0,
    nano: 0,
    fire: 0,
    poison: 0,
    directNanoDamageEfficiency: 0,
    targetAC: 0
  },
  buffPresets: {
    crunchcom: 0,
    humidity: 0,
    notumSiphon: 0,
    channeling: 0,
    enhanceNanoDamage: 0,
    ancientMatrix: 0
  }
} activeProfile= {
  Character: {
    Name: 'TestNano',
    Profession: 11,
    Breed: 3,
    Level: 220,
    Gender: 'Female',
    Faction: 'Clan',
    Organization: 'Test Org'
  },
  skills: {
    '21': { total: 800 },
    '126': { total: 2500 },
    '127': { total: 2500 },
    '128': { total: 2500 },
    '129': { total: 2500 },
    '130': { total: 2500 },
    '131': { total: 2500 },
    '149': { total: 1200 },
    '221': { total: 5000 },
    '278': { total: 100 },
    '280': { total: 150 },
    '315': { total: 200 },
    '364': { total: 500 },
    '536': { total: 50 }
  },
  abilities: {},
  items: {},
  symbiants: {},
  perks: [],
  buffs: [],
  version: '4.0.0'
} ref="VTU_COMPONENT" > 
  at <VTUROOT>

stderr | tests/components/nukes/NukeInputForm.test.ts > NukeInputForm > Buff Dropdown Updates to Stat 536 > should combine both buff bonuses when both are active
[Vue warn]: Failed to resolve directive: tooltip 
  at <NukeInputForm inputState= {
  characterStats: {
    breed: 1,
    psychic: 6,
    nanoInit: 1,
    maxNano: 1,
    nanoDelta: 1,
    matterCreation: 1,
    matterMeta: 1,
    bioMeta: 1,
    psychModi: 1,
    sensoryImp: 1,
    timeSpace: 1
  },
  damageModifiers: {
    projectile: 0,
    melee: 0,
    energy: 0,
    chemical: 0,
    radiation: 0,
    cold: 0,
    nano: 0,
    fire: 0,
    poison: 0,
    directNanoDamageEfficiency: 0,
    targetAC: 0
  },
  buffPresets: {
    crunchcom: 0,
    humidity: 0,
    notumSiphon: 0,
    channeling: 0,
    enhanceNanoDamage: 0,
    ancientMatrix: 0
  }
} activeProfile= {
  Character: {
    Name: 'TestNano',
    Profession: 11,
    Breed: 3,
    Level: 220,
    Gender: 'Female',
    Faction: 'Clan',
    Organization: 'Test Org'
  },
  skills: {
    '21': { total: 800 },
    '126': { total: 2500 },
    '127': { total: 2500 },
    '128': { total: 2500 },
    '129': { total: 2500 },
    '130': { total: 2500 },
    '131': { total: 2500 },
    '149': { total: 1200 },
    '221': { total: 5000 },
    '278': { total: 100 },
    '280': { total: 150 },
    '315': { total: 200 },
    '364': { total: 500 },
    '536': { total: 50 }
  },
  abilities: {},
  items: {},
  symbiants: {},
  perks: [],
  buffs: [],
  version: '4.0.0'
} ref="VTU_COMPONENT" > 
  at <VTUROOT>

stderr | tests/components/nukes/NukeInputForm.test.ts > NukeInputForm > Debounced State Updates > should debounce update emissions by 50ms
[Vue warn]: Failed to resolve directive: tooltip 
  at <NukeInputForm inputState= {
  characterStats: {
    breed: 1,
    psychic: 6,
    nanoInit: 1,
    maxNano: 1,
    nanoDelta: 1,
    matterCreation: 1,
    matterMeta: 1,
    bioMeta: 1,
    psychModi: 1,
    sensoryImp: 1,
    timeSpace: 1
  },
  damageModifiers: {
    projectile: 0,
    melee: 0,
    energy: 0,
    chemical: 0,
    radiation: 0,
    cold: 0,
    nano: 0,
    fire: 0,
    poison: 0,
    directNanoDamageEfficiency: 0,
    targetAC: 0
  },
  buffPresets: {
    crunchcom: 0,
    humidity: 0,
    notumSiphon: 0,
    channeling: 0,
    enhanceNanoDamage: 0,
    ancientMatrix: 0
  }
} activeProfile= {
  Character: {
    Name: 'TestNano',
    Profession: 11,
    Breed: 3,
    Level: 220,
    Gender: 'Female',
    Faction: 'Clan',
    Organization: 'Test Org'
  },
  skills: {
    '21': { total: 800 },
    '126': { total: 2500 },
    '127': { total: 2500 },
    '128': { total: 2500 },
    '129': { total: 2500 },
    '130': { total: 2500 },
    '131': { total: 2500 },
    '149': { total: 1200 },
    '221': { total: 5000 },
    '278': { total: 100 },
    '280': { total: 150 },
    '315': { total: 200 },
    '364': { total: 500 },
    '536': { total: 50 }
  },
  abilities: {},
  items: {},
  symbiants: {},
  perks: [],
  buffs: [],
  version: '4.0.0'
} ref="VTU_COMPONENT" > 
  at <VTUROOT>

 ❯ src/components/__tests__/ActionRequirements.test.ts  (25 tests | 22 failed) 261ms
   × ActionRequirements > component rendering > should render without errors
     → Cannot read properties of undefined (reading 'length')
   × ActionRequirements > component rendering > should render primary action when expanded=true
     → Cannot read properties of undefined (reading 'length')
   × ActionRequirements > component rendering > should render accordion for multiple actions when expanded=false
     → Cannot read properties of undefined (reading 'length')
   × ActionRequirements > component rendering > should render simple actions when showSimpleActions=true
     → Cannot read properties of undefined (reading 'length')
   × ActionRequirements > component rendering > should not render simple actions when showSimpleActions=false
     → Cannot read properties of undefined (reading 'length')
   × ActionRequirements > character stats integration > should pass character stats to criteria display
     → Cannot read properties of undefined (reading 'length')
   × ActionRequirements > character stats integration > should display requirement status tags
     → Cannot read properties of undefined (reading 'length')
   × ActionRequirements > character stats integration > should show requirement met indicator
     → Cannot read properties of undefined (reading 'length')
   × ActionRequirements > character stats integration > should show requirement not met indicator
     → Cannot read properties of undefined (reading 'length')
   × ActionRequirements > props validation > should handle null character stats
     → Cannot read properties of undefined (reading 'length')
   × ActionRequirements > props validation > should use default mode for criteria display
     → Cannot read properties of undefined (reading 'length')
   × ActionRequirements > props validation > should pass custom mode to criteria display
     → Cannot read properties of undefined (reading 'length')
   × ActionRequirements > action priority > should display primary action first when expanded
     → Cannot read properties of undefined (reading 'length')
   × ActionRequirements > action priority > should handle actions without primary action
     → Cannot read properties of undefined (reading 'length')
   × ActionRequirements > requirement details > should show unmet requirement details
     → Cannot read properties of undefined (reading 'length')
   × ActionRequirements > requirement details > should handle no character data gracefully
     → Cannot read properties of undefined (reading 'length')
   × ActionRequirements > interaction behavior > should toggle accordion sections
     → Cannot read properties of undefined (reading 'length')
   × ActionRequirements > interaction behavior > should display action summaries in accordion headers
     → Cannot read properties of undefined (reading 'length')
   × ActionRequirements > interpolation integration > should update when receiving interpolated actions
     → expected 'AttackCannot Use0 criteriaWield ✗ (1 …' to contain '300'
   × ActionRequirements > interpolation integration > should handle requirements that become unmet during interpolation
     → expected 'AttackCannot Use0 criteriaWield ✗ (0 …' to contain '✓'
   × ActionRequirements > interpolation integration > should handle spell effect requirements that change with interpolation
     → nextTick is not defined
   × ActionRequirements > interpolation integration > should maintain component reactivity during interpolation updates
     → nextTick is not defined
stderr | src/components/profiles/skills/__tests__/MiscSkillsIntegration.test.ts > Misc Skills Integration Tests > SkillSlider Display with MiscSkill Objects > should correctly display MiscSkill objects
[Vue warn]: injection "profile" not found. 
  at <SkillSlider skillId=164 skillName="Concealment" skillData= {
  base: 0,
  trickle: 0,
  ipSpent: 0,
  pointsFromIp: 0,
  equipmentBonus: 50,
  perkBonus: 25,
  buffBonus: 0,
  total: 75
}  ... > 
  at <VTUROOT>

stderr | src/components/profiles/skills/__tests__/MiscSkillsIntegration.test.ts > Misc Skills Integration Tests > SkillSlider Display with MiscSkill Objects > should extract value field properly from MiscSkill objects
[Vue warn]: injection "profile" not found. 
  at <SkillSlider skillId=162 skillName="Psychology" skillData= {
  base: 0,
  trickle: 0,
  ipSpent: 0,
  pointsFromIp: 0,
  equipmentBonus: 100,
  perkBonus: 50,
  buffBonus: 25,
  total: 175
}  ... > 
  at <VTUROOT>

stderr | src/components/profiles/skills/__tests__/MiscSkillsIntegration.test.ts > Misc Skills Integration Tests > SkillSlider Display with MiscSkill Objects > should maintain read-only behavior for Misc skills
[Vue warn]: injection "profile" not found. 
  at <SkillSlider skillId=142 skillName="Brawling" skillData= {
  base: 0,
  trickle: 0,
  ipSpent: 0,
  pointsFromIp: 0,
  equipmentBonus: 50,
  perkBonus: 0,
  buffBonus: 0,
  total: 50
}  ... > 
  at <VTUROOT>

stderr | src/components/profiles/skills/__tests__/MiscSkillsIntegration.test.ts > Misc Skills Integration Tests > SkillSlider Display with MiscSkill Objects > should show equipment bonus indicator for Misc skills with bonuses
[Vue warn]: injection "profile" not found. 
  at <SkillSlider skillId=164 skillName="Concealment" skillData= {
  base: 0,
  trickle: 0,
  ipSpent: 0,
  pointsFromIp: 0,
  equipmentBonus: 75,
  perkBonus: 0,
  buffBonus: 0,
  total: 75
}  ... > 
  at <VTUROOT>

stderr | src/components/profiles/skills/__tests__/MiscSkillsIntegration.test.ts > Misc Skills Integration Tests > Zero-Value Toggle Functionality > should show/hide zero-value Misc skills based on toggle
[Vue warn]: Invalid vnode type when creating vnode: undefined. 
  at <SkillsManager profile= {
  id: 'test-profile-1760307484100-40gfjtdat',
  version: '4.0.0',
  created: '2025-10-12T22:18:04.100Z',
  updated: '2025-10-12T22:18:04.100Z',
  Character: {
    Name: 'Test Character',
    Level: 100,
    Profession: 6,
    Breed: 1,
    Faction: 'Neutral',
    Expansion: 'All',
    AccountType: 'Paid',
    MaxHealth: 1000,
    MaxNano: 1000,
    AlienLevel: 0,
    Specialization: 0
  },
  skills: {
    '16': {
      base: 100,
      trickle: 0,
      ipSpent: 0,
      pointsFromIp: 0,
      equipmentBonus: 0,
      perkBonus: 0,
      buffBonus: 0,
      total: 100
    },
    '17': {
      base: 100,
      trickle: 0,
      ipSpent: 0,
      pointsFromIp: 0,
      equipmentBonus: 0,
      perkBonus: 0,
      buffBonus: 0,
      total: 100
    },
    '18': {
      base: 100,
      trickle: 0,
      ipSpent: 0,
      pointsFromIp: 0,
      equipmentBonus: 0,
      perkBonus: 0,
      buffBonus: 0,
      total: 100
    },
    '19': {
      base: 100,
      trickle: 0,
      ipSpent: 0,
      pointsFromIp: 0,
      equipmentBonus: 0,
      perkBonus: 0,
      buffBonus: 0,
      total: 100
    },
    '20': {
      base: 100,
      trickle: 0,
      ipSpent: 0,
      pointsFromIp: 0,
      equipmentBonus: 0,
      perkBonus: 0,
      buffBonus: 0,
      total: 100
    },
    '21': {
      base: 100,
      trickle: 0,
      ipSpent: 0,
      pointsFromIp: 0,
      equipmentBonus: 0,
      perkBonus: 0,
      buffBonus: 0,
      total: 100
    },
    '138': {
      base: 0,
      trickle: 0,
      ipSpent: 0,
      pointsFromIp: 0,
      equipmentBonus: 0,
      perkBonus: 0,
      buffBonus: 0,
      total: 0
    },
    '142': {
      base: 0,
      trickle: 0,
      ipSpent: 0,
      pointsFromIp: 0,
      equipmentBonus: 0,
      perkBonus: 0,
      buffBonus: 0,
      total: 0
    },
    '153': {
      base: 0,
      trickle: 0,
      ipSpent: 0,
      pointsFromIp: 0,
      equipmentBonus: 0,
      perkBonus: 15,
      buffBonus: 5,
      total: 20
    },
    '162': {
      base: 0,
      trickle: 0,
      ipSpent: 0,
      pointsFromIp: 0,
      equipmentBonus: 30,
      perkBonus: 0,
      buffBonus: 0,
      total: 30
    },
    '164': {
      base: 0,
      trickle: 0,
      ipSpent: 0,
      pointsFromIp: 0,
      equipmentBonus: 50,
      perkBonus: 25,
      buffBonus: 10,
      total: 85
    }
  },
  Weapons: {},
  Clothing: {},
  Implants: {},
  PerksAndResearch: {
    perks: [],
    standardPerkPoints: { total: 0, spent: 0, available: 0 },
    aiPerkPoints: { total: 0, spent: 0, available: 0 },
    research: [],
    lastCalculated: '2025-10-12T22:18:04.101Z'
  },
  buffs: []
} ref="VTU_COMPONENT" > 
  at <VTUROOT>

stderr | src/components/profiles/skills/__tests__/MiscSkillsIntegration.test.ts > Misc Skills Integration Tests > Zero-Value Toggle Functionality > should toggle zero-value skills when button is clicked
[Vue warn]: Invalid vnode type when creating vnode: undefined. 
  at <SkillsManager profile= {
  id: 'test-profile-1760307484107-nhfvql5ov',
  version: '4.0.0',
  created: '2025-10-12T22:18:04.107Z',
  updated: '2025-10-12T22:18:04.107Z',
  Character: {
    Name: 'Test Character',
    Level: 100,
    Profession: 6,
    Breed: 1,
    Faction: 'Neutral',
    Expansion: 'All',
    AccountType: 'Paid',
    MaxHealth: 1000,
    MaxNano: 1000,
    AlienLevel: 0,
    Specialization: 0
  },
  skills: {
    '16': {
      base: 100,
      trickle: 0,
      ipSpent: 0,
      pointsFromIp: 0,
      equipmentBonus: 0,
      perkBonus: 0,
      buffBonus: 0,
      total: 100
    },
    '17': {
      base: 100,
      trickle: 0,
      ipSpent: 0,
      pointsFromIp: 0,
      equipmentBonus: 0,
      perkBonus: 0,
      buffBonus: 0,
      total: 100
    },
    '18': {
      base: 100,
      trickle: 0,
      ipSpent: 0,
      pointsFromIp: 0,
      equipmentBonus: 0,
      perkBonus: 0,
      buffBonus: 0,
      total: 100
    },
    '19': {
      base: 100,
      trickle: 0,
      ipSpent: 0,
      pointsFromIp: 0,
      equipmentBonus: 0,
      perkBonus: 0,
      buffBonus: 0,
      total: 100
    },
    '20': {
      base: 100,
      trickle: 0,
      ipSpent: 0,
      pointsFromIp: 0,
      equipmentBonus: 0,
      perkBonus: 0,
      buffBonus: 0,
      total: 100
    },
    '21': {
      base: 100,
      trickle: 0,
      ipSpent: 0,
      pointsFromIp: 0,
      equipmentBonus: 0,
      perkBonus: 0,
      buffBonus: 0,
      total: 100
    },
    '138': {
      base: 0,
      trickle: 0,
      ipSpent: 0,
      pointsFromIp: 0,
      equipmentBonus: 0,
      perkBonus: 0,
      buffBonus: 0,
      total: 0
    },
    '142': {
      base: 0,
      trickle: 0,
      ipSpent: 0,
      pointsFromIp: 0,
      equipmentBonus: 0,
      perkBonus: 0,
      buffBonus: 0,
      total: 0
    },
    '153': {
      base: 0,
      trickle: 0,
      ipSpent: 0,
      pointsFromIp: 0,
      equipmentBonus: 0,
      perkBonus: 15,
      buffBonus: 5,
      total: 20
    },
    '162': {
      base: 0,
      trickle: 0,
      ipSpent: 0,
      pointsFromIp: 0,
      equipmentBonus: 30,
      perkBonus: 0,
      buffBonus: 0,
      total: 30
    },
    '164': {
      base: 0,
      trickle: 0,
      ipSpent: 0,
      pointsFromIp: 0,
      equipmentBonus: 50,
      perkBonus: 25,
      buffBonus: 10,
      total: 85
    }
  },
  Weapons: {},
  Clothing: {},
  Implants: {},
  PerksAndResearch: {
    perks: [],
    standardPerkPoints: { total: 0, spent: 0, available: 0 },
    aiPerkPoints: { total: 0, spent: 0, available: 0 },
    research: [],
    lastCalculated: '2025-10-12T22:18:04.107Z'
  },
  buffs: []
} ref="VTU_COMPONENT" > 
  at <VTUROOT>

stderr | src/components/profiles/skills/__tests__/MiscSkillsIntegration.test.ts > Misc Skills Integration Tests > Zero-Value Toggle Functionality > should save toggle preference to localStorage
[Vue warn]: Invalid vnode type when creating vnode: undefined. 
  at <SkillsManager profile= {
  id: 'test-profile-1760307484110-5tj2l95zm',
  version: '4.0.0',
  created: '2025-10-12T22:18:04.110Z',
  updated: '2025-10-12T22:18:04.110Z',
  Character: {
    Name: 'Test Character',
    Level: 100,
    Profession: 6,
    Breed: 1,
    Faction: 'Neutral',
    Expansion: 'All',
    AccountType: 'Paid',
    MaxHealth: 1000,
    MaxNano: 1000,
    AlienLevel: 0,
    Specialization: 0
  },
  skills: {
    '16': {
      base: 100,
      trickle: 0,
      ipSpent: 0,
      pointsFromIp: 0,
      equipmentBonus: 0,
      perkBonus: 0,
      buffBonus: 0,
      total: 100
    },
    '17': {
      base: 100,
      trickle: 0,
      ipSpent: 0,
      pointsFromIp: 0,
      equipmentBonus: 0,
      perkBonus: 0,
      buffBonus: 0,
      total: 100
    },
    '18': {
      base: 100,
      trickle: 0,
      ipSpent: 0,
      pointsFromIp: 0,
      equipmentBonus: 0,
      perkBonus: 0,
      buffBonus: 0,
      total: 100
    },
    '19': {
      base: 100,
      trickle: 0,
      ipSpent: 0,
      pointsFromIp: 0,
      equipmentBonus: 0,
      perkBonus: 0,
      buffBonus: 0,
      total: 100
    },
    '20': {
      base: 100,
      trickle: 0,
      ipSpent: 0,
      pointsFromIp: 0,
      equipmentBonus: 0,
      perkBonus: 0,
      buffBonus: 0,
      total: 100
    },
    '21': {
      base: 100,
      trickle: 0,
      ipSpent: 0,
      pointsFromIp: 0,
      equipmentBonus: 0,
      perkBonus: 0,
      buffBonus: 0,
      total: 100
    },
    '138': {
      base: 0,
      trickle: 0,
      ipSpent: 0,
      pointsFromIp: 0,
      equipmentBonus: 0,
      perkBonus: 0,
      buffBonus: 0,
      total: 0
    },
    '142': {
      base: 0,
      trickle: 0,
      ipSpent: 0,
      pointsFromIp: 0,
      equipmentBonus: 0,
      perkBonus: 0,
      buffBonus: 0,
      total: 0
    },
    '153': {
      base: 0,
      trickle: 0,
      ipSpent: 0,
      pointsFromIp: 0,
      equipmentBonus: 0,
      perkBonus: 15,
      buffBonus: 5,
      total: 20
    },
    '162': {
      base: 0,
      trickle: 0,
      ipSpent: 0,
      pointsFromIp: 0,
      equipmentBonus: 30,
      perkBonus: 0,
      buffBonus: 0,
      total: 30
    },
    '164': {
      base: 0,
      trickle: 0,
      ipSpent: 0,
      pointsFromIp: 0,
      equipmentBonus: 50,
      perkBonus: 25,
      buffBonus: 10,
      total: 85
    }
  },
  Weapons: {},
  Clothing: {},
  Implants: {},
  PerksAndResearch: {
    perks: [],
    standardPerkPoints: { total: 0, spent: 0, available: 0 },
    aiPerkPoints: { total: 0, spent: 0, available: 0 },
    research: [],
    lastCalculated: '2025-10-12T22:18:04.110Z'
  },
  buffs: []
} ref="VTU_COMPONENT" > 
  at <VTUROOT>

stderr | src/components/profiles/skills/__tests__/MiscSkillsIntegration.test.ts > Misc Skills Integration Tests > Zero-Value Toggle Functionality > should load toggle preference from localStorage on mount
[Vue warn]: Invalid vnode type when creating vnode: undefined. 
  at <SkillsManager profile= {
  id: 'test-profile-1760307484113-0f1cov4y5',
  version: '4.0.0',
  created: '2025-10-12T22:18:04.113Z',
  updated: '2025-10-12T22:18:04.113Z',
  Character: {
    Name: 'Test Character',
    Level: 100,
    Profession: 6,
    Breed: 1,
    Faction: 'Neutral',
    Expansion: 'All',
    AccountType: 'Paid',
    MaxHealth: 1000,
    MaxNano: 1000,
    AlienLevel: 0,
    Specialization: 0
  },
  skills: {
    '16': {
      base: 100,
      trickle: 0,
      ipSpent: 0,
      pointsFromIp: 0,
      equipmentBonus: 0,
      perkBonus: 0,
      buffBonus: 0,
      total: 100
    },
    '17': {
      base: 100,
      trickle: 0,
      ipSpent: 0,
      pointsFromIp: 0,
      equipmentBonus: 0,
      perkBonus: 0,
      buffBonus: 0,
      total: 100
    },
    '18': {
      base: 100,
      trickle: 0,
      ipSpent: 0,
      pointsFromIp: 0,
      equipmentBonus: 0,
      perkBonus: 0,
      buffBonus: 0,
      total: 100
    },
    '19': {
      base: 100,
      trickle: 0,
      ipSpent: 0,
      pointsFromIp: 0,
      equipmentBonus: 0,
      perkBonus: 0,
      buffBonus: 0,
      total: 100
    },
    '20': {
      base: 100,
      trickle: 0,
      ipSpent: 0,
      pointsFromIp: 0,
      equipmentBonus: 0,
      perkBonus: 0,
      buffBonus: 0,
      total: 100
    },
    '21': {
      base: 100,
      trickle: 0,
      ipSpent: 0,
      pointsFromIp: 0,
      equipmentBonus: 0,
      perkBonus: 0,
      buffBonus: 0,
      total: 100
    },
    '138': {
      base: 0,
      trickle: 0,
      ipSpent: 0,
      pointsFromIp: 0,
      equipmentBonus: 0,
      perkBonus: 0,
      buffBonus: 0,
      total: 0
    },
    '142': {
      base: 0,
      trickle: 0,
      ipSpent: 0,
      pointsFromIp: 0,
      equipmentBonus: 0,
      perkBonus: 0,
      buffBonus: 0,
      total: 0
    },
    '153': {
      base: 0,
      trickle: 0,
      ipSpent: 0,
      pointsFromIp: 0,
      equipmentBonus: 0,
      perkBonus: 15,
      buffBonus: 5,
      total: 20
    },
    '162': {
      base: 0,
      trickle: 0,
      ipSpent: 0,
      pointsFromIp: 0,
      equipmentBonus: 30,
      perkBonus: 0,
      buffBonus: 0,
      total: 30
    },
    '164': {
      base: 0,
      trickle: 0,
      ipSpent: 0,
      pointsFromIp: 0,
      equipmentBonus: 50,
      perkBonus: 25,
      buffBonus: 10,
      total: 85
    }
  },
  Weapons: {},
  Clothing: {},
  Implants: {},
  PerksAndResearch: {
    perks: [],
    standardPerkPoints: { total: 0, spent: 0, available: 0 },
    aiPerkPoints: { total: 0, spent: 0, available: 0 },
    research: [],
    lastCalculated: '2025-10-12T22:18:04.113Z'
  },
  buffs: []
} ref="VTU_COMPONENT" > 
  at <VTUROOT>

stderr | src/components/profiles/skills/__tests__/MiscSkillsIntegration.test.ts > Misc Skills Integration Tests > Reactive Updates > should update display when bonuses change
[Vue warn]: injection "profile" not found. 
  at <SkillSlider skillId=164 skillName="Concealment" skillData= {
  base: 0,
  trickle: 0,
  ipSpent: 0,
  pointsFromIp: 0,
  equipmentBonus: 50,
  perkBonus: 0,
  buffBonus: 0,
  total: 50
}  ... > 
  at <VTUROOT>

stderr | src/components/profiles/skills/__tests__/MiscSkillsIntegration.test.ts > Misc Skills Integration Tests > Reactive Updates > should update filtered display when toggle changes
[Vue warn]: Invalid vnode type when creating vnode: undefined. 
  at <SkillsManager profile= {
  id: 'test-profile-1760307484128-9vbkvatsq',
  version: '4.0.0',
  created: '2025-10-12T22:18:04.128Z',
  updated: '2025-10-12T22:18:04.128Z',
  Character: {
    Name: 'Test Character',
    Level: 100,
    Profession: 6,
    Breed: 1,
    Faction: 'Neutral',
    Expansion: 'All',
    AccountType: 'Paid',
    MaxHealth: 1000,
    MaxNano: 1000,
    AlienLevel: 0,
    Specialization: 0
  },
  skills: {
    '16': {
      base: 100,
      trickle: 0,
      ipSpent: 0,
      pointsFromIp: 0,
      equipmentBonus: 0,
      perkBonus: 0,
      buffBonus: 0,
      total: 100
    },
    '17': {
      base: 100,
      trickle: 0,
      ipSpent: 0,
      pointsFromIp: 0,
      equipmentBonus: 0,
      perkBonus: 0,
      buffBonus: 0,
      total: 100
    },
    '18': {
      base: 100,
      trickle: 0,
      ipSpent: 0,
      pointsFromIp: 0,
      equipmentBonus: 0,
      perkBonus: 0,
      buffBonus: 0,
      total: 100
    },
    '19': {
      base: 100,
      trickle: 0,
      ipSpent: 0,
      pointsFromIp: 0,
      equipmentBonus: 0,
      perkBonus: 0,
      buffBonus: 0,
      total: 100
    },
    '20': {
      base: 100,
      trickle: 0,
      ipSpent: 0,
      pointsFromIp: 0,
      equipmentBonus: 0,
      perkBonus: 0,
      buffBonus: 0,
      total: 100
    },
    '21': {
      base: 100,
      trickle: 0,
      ipSpent: 0,
      pointsFromIp: 0,
      equipmentBonus: 0,
      perkBonus: 0,
      buffBonus: 0,
      total: 100
    },
    '138': {
      base: 0,
      trickle: 0,
      ipSpent: 0,
      pointsFromIp: 0,
      equipmentBonus: 0,
      perkBonus: 0,
      buffBonus: 0,
      total: 0
    },
    '142': {
      base: 0,
      trickle: 0,
      ipSpent: 0,
      pointsFromIp: 0,
      equipmentBonus: 0,
      perkBonus: 0,
      buffBonus: 0,
      total: 0
    },
    '153': {
      base: 0,
      trickle: 0,
      ipSpent: 0,
      pointsFromIp: 0,
      equipmentBonus: 0,
      perkBonus: 15,
      buffBonus: 5,
      total: 20
    },
    '162': {
      base: 0,
      trickle: 0,
      ipSpent: 0,
      pointsFromIp: 0,
      equipmentBonus: 30,
      perkBonus: 0,
      buffBonus: 0,
      total: 30
    },
    '164': {
      base: 0,
      trickle: 0,
      ipSpent: 0,
      pointsFromIp: 0,
      equipmentBonus: 50,
      perkBonus: 25,
      buffBonus: 10,
      total: 85
    }
  },
  Weapons: {},
  Clothing: {},
  Implants: {},
  PerksAndResearch: {
    perks: [],
    standardPerkPoints: { total: 0, spent: 0, available: 0 },
    aiPerkPoints: { total: 0, spent: 0, available: 0 },
    research: [],
    lastCalculated: '2025-10-12T22:18:04.128Z'
  },
  buffs: []
} ref="VTU_COMPONENT" > 
  at <VTUROOT>

stderr | src/components/profiles/skills/__tests__/MiscSkillsIntegration.test.ts > Misc Skills Integration Tests > No Console Errors > should not generate type errors or warnings
[Vue warn]: injection "profile" not found. 
  at <SkillSlider skillId=164 skillName="Concealment" skillData= {
  base: 0,
  trickle: 0,
  ipSpent: 0,
  pointsFromIp: 0,
  equipmentBonus: 50,
  perkBonus: 25,
  buffBonus: 10,
  total: 85
}  ... > 
  at <VTUROOT>

stderr | src/components/profiles/skills/__tests__/MiscSkillsIntegration.test.ts > Misc Skills Integration Tests > No Console Errors > should mount and unmount components cleanly
[Vue warn]: injection "profile" not found. 
  at <SkillSlider skillId=162 skillName="Psychology" skillData= {
  base: 0,
  trickle: 0,
  ipSpent: 0,
  pointsFromIp: 0,
  equipmentBonus: 0,
  perkBonus: 0,
  buffBonus: 0,
  total: 50
}  ... > 
  at <VTUROOT>

stderr | src/components/profiles/skills/__tests__/MiscSkillsIntegration.test.ts > Misc Skills Integration Tests > No Console Errors > should handle missing or malformed skill data gracefully
[Vue warn]: injection "profile" not found. 
  at <SkillSlider skillId=181 skillName="Test Skill" skillData=undefined  ... > 
  at <VTUROOT>

stderr | src/components/profiles/skills/__tests__/MiscSkillsIntegration.test.ts > Misc Skills Integration Tests > Integration Scenarios > should work with complete profile integration
[Vue warn]: Invalid vnode type when creating vnode: undefined. 
  at <SkillsManager profile= {
  id: 'test-profile-1760307484141-sifzoyz0h',
  version: '4.0.0',
  created: '2025-10-12T22:18:04.141Z',
  updated: '2025-10-12T22:18:04.141Z',
  Character: {
    Name: 'Test Character',
    Level: 100,
    Profession: 6,
    Breed: 1,
    Faction: 'Neutral',
    Expansion: 'All',
    AccountType: 'Paid',
    MaxHealth: 1000,
    MaxNano: 1000,
    AlienLevel: 0,
    Specialization: 0
  },
  skills: {
    '16': {
      base: 100,
      trickle: 0,
      ipSpent: 0,
      pointsFromIp: 0,
      equipmentBonus: 0,
      perkBonus: 0,
      buffBonus: 0,
      total: 100
    },
    '17': {
      base: 100,
      trickle: 0,
      ipSpent: 0,
      pointsFromIp: 0,
      equipmentBonus: 0,
      perkBonus: 0,
      buffBonus: 0,
      total: 100
    },
    '18': {
      base: 100,
      trickle: 0,
      ipSpent: 0,
      pointsFromIp: 0,
      equipmentBonus: 0,
      perkBonus: 0,
      buffBonus: 0,
      total: 100
    },
    '19': {
      base: 100,
      trickle: 0,
      ipSpent: 0,
      pointsFromIp: 0,
      equipmentBonus: 0,
      perkBonus: 0,
      buffBonus: 0,
      total: 100
    },
    '20': {
      base: 100,
      trickle: 0,
      ipSpent: 0,
      pointsFromIp: 0,
      equipmentBonus: 0,
      perkBonus: 0,
      buffBonus: 0,
      total: 100
    },
    '21': {
      base: 100,
      trickle: 0,
      ipSpent: 0,
      pointsFromIp: 0,
      equipmentBonus: 0,
      perkBonus: 0,
      buffBonus: 0,
      total: 100
    },
    '138': {
      base: 0,
      trickle: 0,
      ipSpent: 0,
      pointsFromIp: 0,
      equipmentBonus: 0,
      perkBonus: 0,
      buffBonus: 0,
      total: 0
    },
    '142': {
      base: 0,
      trickle: 0,
      ipSpent: 0,
      pointsFromIp: 0,
      equipmentBonus: 0,
      perkBonus: 0,
      buffBonus: 0,
      total: 0
    },
    '153': {
      base: 0,
      trickle: 0,
      ipSpent: 0,
      pointsFromIp: 0,
      equipmentBonus: 0,
      perkBonus: 15,
      buffBonus: 5,
      total: 20
    },
    '162': {
      base: 0,
      trickle: 0,
      ipSpent: 0,
      pointsFromIp: 0,
      equipmentBonus: 30,
      perkBonus: 0,
      buffBonus: 0,
      total: 30
    },
    '164': {
      base: 0,
      trickle: 0,
      ipSpent: 0,
      pointsFromIp: 0,
      equipmentBonus: 50,
      perkBonus: 25,
      buffBonus: 10,
      total: 85
    }
  },
  Weapons: {},
  Clothing: {},
  Implants: {},
  PerksAndResearch: {
    perks: [],
    standardPerkPoints: { total: 0, spent: 0, available: 0 },
    aiPerkPoints: { total: 0, spent: 0, available: 0 },
    research: [],
    lastCalculated: '2025-10-12T22:18:04.141Z'
  },
  buffs: []
} ref="VTU_COMPONENT" > 
  at <VTUROOT>

stderr | src/components/profiles/skills/__tests__/MiscSkillsIntegration.test.ts > Misc Skills Integration Tests > Integration Scenarios > should handle dynamic profile updates
[Vue warn]: Invalid vnode type when creating vnode: undefined. 
  at <SkillsManager profile= {
  id: 'test-profile-1760307484143-szufgxsfs',
  version: '4.0.0',
  created: '2025-10-12T22:18:04.143Z',
  updated: '2025-10-12T22:18:04.143Z',
  Character: {
    Name: 'Test Character',
    Level: 100,
    Profession: 6,
    Breed: 1,
    Faction: 'Neutral',
    Expansion: 'All',
    AccountType: 'Paid',
    MaxHealth: 1000,
    MaxNano: 1000,
    AlienLevel: 0,
    Specialization: 0
  },
  skills: {
    '16': {
      base: 100,
      trickle: 0,
      ipSpent: 0,
      pointsFromIp: 0,
      equipmentBonus: 0,
      perkBonus: 0,
      buffBonus: 0,
      total: 100
    },
    '17': {
      base: 100,
      trickle: 0,
      ipSpent: 0,
      pointsFromIp: 0,
      equipmentBonus: 0,
      perkBonus: 0,
      buffBonus: 0,
      total: 100
    },
    '18': {
      base: 100,
      trickle: 0,
      ipSpent: 0,
      pointsFromIp: 0,
      equipmentBonus: 0,
      perkBonus: 0,
      buffBonus: 0,
      total: 100
    },
    '19': {
      base: 100,
      trickle: 0,
      ipSpent: 0,
      pointsFromIp: 0,
      equipmentBonus: 0,
      perkBonus: 0,
      buffBonus: 0,
      total: 100
    },
    '20': {
      base: 100,
      trickle: 0,
      ipSpent: 0,
      pointsFromIp: 0,
      equipmentBonus: 0,
      perkBonus: 0,
      buffBonus: 0,
      total: 100
    },
    '21': {
      base: 100,
      trickle: 0,
      ipSpent: 0,
      pointsFromIp: 0,
      equipmentBonus: 0,
      perkBonus: 0,
      buffBonus: 0,
      total: 100
    },
    '138': {
      base: 0,
      trickle: 0,
      ipSpent: 0,
      pointsFromIp: 0,
      equipmentBonus: 0,
      perkBonus: 0,
      buffBonus: 0,
      total: 0
    },
    '142': {
      base: 0,
      trickle: 0,
      ipSpent: 0,
      pointsFromIp: 0,
      equipmentBonus: 0,
      perkBonus: 0,
      buffBonus: 0,
      total: 0
    },
    '153': {
      base: 0,
      trickle: 0,
      ipSpent: 0,
      pointsFromIp: 0,
      equipmentBonus: 0,
      perkBonus: 15,
      buffBonus: 5,
      total: 20
    },
    '162': {
      base: 0,
      trickle: 0,
      ipSpent: 0,
      pointsFromIp: 0,
      equipmentBonus: 30,
      perkBonus: 0,
      buffBonus: 0,
      total: 30
    },
    '164': {
      base: 0,
      trickle: 0,
      ipSpent: 0,
      pointsFromIp: 0,
      equipmentBonus: 50,
      perkBonus: 25,
      buffBonus: 10,
      total: 85
    }
  },
  Weapons: {},
  Clothing: {},
  Implants: {},
  PerksAndResearch: {
    perks: [],
    standardPerkPoints: { total: 0, spent: 0, available: 0 },
    aiPerkPoints: { total: 0, spent: 0, available: 0 },
    research: [],
    lastCalculated: '2025-10-12T22:18:04.143Z'
  },
  buffs: []
} ref="VTU_COMPONENT" > 
  at <VTUROOT>

 ❯ src/components/profiles/skills/__tests__/MiscSkillsIntegration.test.ts  (19 tests | 8 failed) 116ms
   × Misc Skills Integration Tests > SkillSlider Display with MiscSkill Objects > should extract value field properly from MiscSkill objects
     → expected false to be true // Object.is equality
   × Misc Skills Integration Tests > Zero-Value Toggle Functionality > should show/hide zero-value Misc skills based on toggle
     → [🍍]: "getActivePinia()" was called but there was no active Pinia. Are you trying to use a store before calling "app.use(pinia)"?
See https://pinia.vuejs.org/core-concepts/outside-component-usage.html for help.
This will fail in production.
   × Misc Skills Integration Tests > Zero-Value Toggle Functionality > should toggle zero-value skills when button is clicked
     → [🍍]: "getActivePinia()" was called but there was no active Pinia. Are you trying to use a store before calling "app.use(pinia)"?
See https://pinia.vuejs.org/core-concepts/outside-component-usage.html for help.
This will fail in production.
   × Misc Skills Integration Tests > Zero-Value Toggle Functionality > should save toggle preference to localStorage
     → [🍍]: "getActivePinia()" was called but there was no active Pinia. Are you trying to use a store before calling "app.use(pinia)"?
See https://pinia.vuejs.org/core-concepts/outside-component-usage.html for help.
This will fail in production.
   × Misc Skills Integration Tests > Zero-Value Toggle Functionality > should load toggle preference from localStorage on mount
     → [🍍]: "getActivePinia()" was called but there was no active Pinia. Are you trying to use a store before calling "app.use(pinia)"?
See https://pinia.vuejs.org/core-concepts/outside-component-usage.html for help.
This will fail in production.
   × Misc Skills Integration Tests > Reactive Updates > should update filtered display when toggle changes
     → [🍍]: "getActivePinia()" was called but there was no active Pinia. Are you trying to use a store before calling "app.use(pinia)"?
See https://pinia.vuejs.org/core-concepts/outside-component-usage.html for help.
This will fail in production.
   × Misc Skills Integration Tests > Integration Scenarios > should work with complete profile integration
     → [🍍]: "getActivePinia()" was called but there was no active Pinia. Are you trying to use a store before calling "app.use(pinia)"?
See https://pinia.vuejs.org/core-concepts/outside-component-usage.html for help.
This will fail in production.
   × Misc Skills Integration Tests > Integration Scenarios > should handle dynamic profile updates
     → [🍍]: "getActivePinia()" was called but there was no active Pinia. Are you trying to use a store before calling "app.use(pinia)"?
See https://pinia.vuejs.org/core-concepts/outside-component-usage.html for help.
This will fail in production.
stdout | tests/views/TinkerNukes.test.ts > TinkerNukes View > Component Structure > should render the view with header, form, filters, and table
[TinkerNukes] Loaded 3 offensive nanos

stdout | tests/views/TinkerNukes.test.ts > TinkerNukes View > Component Structure > should display NT Only badge in header
[TinkerNukes] Loaded 3 offensive nanos

stdout | tests/views/TinkerNukes.test.ts > TinkerNukes View > Component Structure > should show nano count badge when nanos are loaded
[TinkerNukes] Loaded 3 offensive nanos

stdout | tests/views/TinkerNukes.test.ts > TinkerNukes View > Component Structure > should have accessible heading structure
[TinkerNukes] Loaded 3 offensive nanos

stderr | tests/components/nukes/NukeInputForm.test.ts > NukeInputForm > Accessibility > should have semantic HTML structure with proper headings
[Vue warn]: Failed to resolve directive: tooltip 
  at <NukeInputForm inputState= {
  characterStats: {
    breed: 1,
    psychic: 6,
    nanoInit: 1,
    maxNano: 1,
    nanoDelta: 1,
    matterCreation: 1,
    matterMeta: 1,
    bioMeta: 1,
    psychModi: 1,
    sensoryImp: 1,
    timeSpace: 1
  },
  damageModifiers: {
    projectile: 0,
    melee: 0,
    energy: 0,
    chemical: 0,
    radiation: 0,
    cold: 0,
    nano: 0,
    fire: 0,
    poison: 0,
    directNanoDamageEfficiency: 0,
    targetAC: 0
  },
  buffPresets: {
    crunchcom: 0,
    humidity: 0,
    notumSiphon: 0,
    channeling: 0,
    enhanceNanoDamage: 0,
    ancientMatrix: 0
  }
} activeProfile=null ref="VTU_COMPONENT" > 
  at <VTUROOT>

stderr | tests/components/nukes/NukeInputForm.test.ts > NukeInputForm > Accessibility > should provide tooltip on Reset button for screen readers
[Vue warn]: Failed to resolve directive: tooltip 
  at <NukeInputForm inputState= {
  characterStats: {
    breed: 1,
    psychic: 6,
    nanoInit: 1,
    maxNano: 1,
    nanoDelta: 1,
    matterCreation: 1,
    matterMeta: 1,
    bioMeta: 1,
    psychModi: 1,
    sensoryImp: 1,
    timeSpace: 1
  },
  damageModifiers: {
    projectile: 0,
    melee: 0,
    energy: 0,
    chemical: 0,
    radiation: 0,
    cold: 0,
    nano: 0,
    fire: 0,
    poison: 0,
    directNanoDamageEfficiency: 0,
    targetAC: 0
  },
  buffPresets: {
    crunchcom: 0,
    humidity: 0,
    notumSiphon: 0,
    channeling: 0,
    enhanceNanoDamage: 0,
    ancientMatrix: 0
  }
} activeProfile= {
  Character: {
    Name: 'TestNano',
    Profession: 11,
    Breed: 3,
    Level: 220,
    Gender: 'Female',
    Faction: 'Clan',
    Organization: 'Test Org'
  },
  skills: {
    '21': { total: 800 },
    '126': { total: 2500 },
    '127': { total: 2500 },
    '128': { total: 2500 },
    '129': { total: 2500 },
    '130': { total: 2500 },
    '131': { total: 2500 },
    '149': { total: 1200 },
    '221': { total: 5000 },
    '278': { total: 100 },
    '280': { total: 150 },
    '315': { total: 200 },
    '364': { total: 500 },
    '536': { total: 50 }
  },
  abilities: {},
  items: {},
  symbiants: {},
  perks: [],
  buffs: [],
  version: '4.0.0'
} ref="VTU_COMPONENT" > 
  at <VTUROOT>

stderr | tests/components/nukes/NukeInputForm.test.ts > NukeInputForm > Accessibility > should maintain focus management across sections
[Vue warn]: Failed to resolve directive: tooltip 
  at <NukeInputForm inputState= {
  characterStats: {
    breed: 1,
    psychic: 6,
    nanoInit: 1,
    maxNano: 1,
    nanoDelta: 1,
    matterCreation: 1,
    matterMeta: 1,
    bioMeta: 1,
    psychModi: 1,
    sensoryImp: 1,
    timeSpace: 1
  },
  damageModifiers: {
    projectile: 0,
    melee: 0,
    energy: 0,
    chemical: 0,
    radiation: 0,
    cold: 0,
    nano: 0,
    fire: 0,
    poison: 0,
    directNanoDamageEfficiency: 0,
    targetAC: 0
  },
  buffPresets: {
    crunchcom: 0,
    humidity: 0,
    notumSiphon: 0,
    channeling: 0,
    enhanceNanoDamage: 0,
    ancientMatrix: 0
  }
} activeProfile= {
  Character: {
    Name: 'TestNano',
    Profession: 11,
    Breed: 3,
    Level: 220,
    Gender: 'Female',
    Faction: 'Clan',
    Organization: 'Test Org'
  },
  skills: {
    '21': { total: 800 },
    '126': { total: 2500 },
    '127': { total: 2500 },
    '128': { total: 2500 },
    '129': { total: 2500 },
    '130': { total: 2500 },
    '131': { total: 2500 },
    '149': { total: 1200 },
    '221': { total: 5000 },
    '278': { total: 100 },
    '280': { total: 150 },
    '315': { total: 200 },
    '364': { total: 500 },
    '536': { total: 50 }
  },
  abilities: {},
  items: {},
  symbiants: {},
  perks: [],
  buffs: [],
  version: '4.0.0'
} ref="VTU_COMPONENT" > 
  at <VTUROOT>

stderr | tests/components/nukes/NukeInputForm.test.ts > NukeInputForm > Accessibility > should announce state changes for screen readers
[Vue warn]: Failed to resolve directive: tooltip 
  at <NukeInputForm inputState= {
  characterStats: {
    breed: 1,
    psychic: 6,
    nanoInit: 1,
    maxNano: 1,
    nanoDelta: 1,
    matterCreation: 1,
    matterMeta: 1,
    bioMeta: 1,
    psychModi: 1,
    sensoryImp: 1,
    timeSpace: 1
  },
  damageModifiers: {
    projectile: 0,
    melee: 0,
    energy: 0,
    chemical: 0,
    radiation: 0,
    cold: 0,
    nano: 0,
    fire: 0,
    poison: 0,
    directNanoDamageEfficiency: 0,
    targetAC: 0
  },
  buffPresets: {
    crunchcom: 0,
    humidity: 0,
    notumSiphon: 0,
    channeling: 0,
    enhanceNanoDamage: 0,
    ancientMatrix: 0
  }
} activeProfile=null ref="VTU_COMPONENT" > 
  at <VTUROOT>
[Vue warn]: Failed to resolve directive: tooltip 
  at <NukeInputForm inputState= {
  characterStats: {
    breed: 1,
    psychic: 6,
    nanoInit: 1,
    maxNano: 1,
    nanoDelta: 1,
    matterCreation: 1,
    matterMeta: 1,
    bioMeta: 1,
    psychModi: 1,
    sensoryImp: 1,
    timeSpace: 1
  },
  damageModifiers: {
    projectile: 0,
    melee: 0,
    energy: 0,
    chemical: 0,
    radiation: 0,
    cold: 0,
    nano: 0,
    fire: 0,
    poison: 0,
    directNanoDamageEfficiency: 0,
    targetAC: 0
  },
  buffPresets: {
    crunchcom: 0,
    humidity: 0,
    notumSiphon: 0,
    channeling: 0,
    enhanceNanoDamage: 0,
    ancientMatrix: 0
  }
} activeProfile= {
  Character: {
    Name: 'TestNano',
    Profession: 11,
    Breed: 3,
    Level: 220,
    Gender: 'Female',
    Faction: 'Clan',
    Organization: 'Test Org'
  },
  skills: {
    '21': { total: 800 },
    '126': { total: 2500 },
    '127': { total: 2500 },
    '128': { total: 2500 },
    '129': { total: 2500 },
    '130': { total: 2500 },
    '131': { total: 2500 },
    '149': { total: 1200 },
    '221': { total: 5000 },
    '278': { total: 100 },
    '280': { total: 150 },
    '315': { total: 200 },
    '364': { total: 500 },
    '536': { total: 50 }
  },
  abilities: {},
  items: {},
  symbiants: {},
  perks: [],
  buffs: [],
  version: '4.0.0'
} ref="VTU_COMPONENT" > 
  at <VTUROOT>

stderr | tests/components/nukes/NukeInputForm.test.ts > NukeInputForm > Edge Cases > should handle profile with missing skill data gracefully
[Vue warn]: Failed to resolve directive: tooltip 
  at <NukeInputForm inputState= {
  characterStats: {
    breed: 1,
    psychic: 6,
    nanoInit: 1,
    maxNano: 1,
    nanoDelta: 1,
    matterCreation: 1,
    matterMeta: 1,
    bioMeta: 1,
    psychModi: 1,
    sensoryImp: 1,
    timeSpace: 1
  },
  damageModifiers: {
    projectile: 0,
    melee: 0,
    energy: 0,
    chemical: 0,
    radiation: 0,
    cold: 0,
    nano: 0,
    fire: 0,
    poison: 0,
    directNanoDamageEfficiency: 0,
    targetAC: 0
  },
  buffPresets: {
    crunchcom: 0,
    humidity: 0,
    notumSiphon: 0,
    channeling: 0,
    enhanceNanoDamage: 0,
    ancientMatrix: 0
  }
} activeProfile= {
  Character: {
    Name: 'TestNano',
    Profession: 11,
    Breed: 3,
    Level: 220,
    Gender: 'Female',
    Faction: 'Clan',
    Organization: 'Test Org'
  },
  skills: { '21': { total: 100 } },
  abilities: {},
  items: {},
  symbiants: {},
  perks: [],
  buffs: [],
  version: '4.0.0'
} ref="VTU_COMPONENT" > 
  at <VTUROOT>

stderr | tests/components/nukes/NukeInputForm.test.ts > NukeInputForm > Edge Cases > should handle profile with no skills object
[Vue warn]: Failed to resolve directive: tooltip 
  at <NukeInputForm inputState= {
  characterStats: {
    breed: 1,
    psychic: 6,
    nanoInit: 1,
    maxNano: 1,
    nanoDelta: 1,
    matterCreation: 1,
    matterMeta: 1,
    bioMeta: 1,
    psychModi: 1,
    sensoryImp: 1,
    timeSpace: 1
  },
  damageModifiers: {
    projectile: 0,
    melee: 0,
    energy: 0,
    chemical: 0,
    radiation: 0,
    cold: 0,
    nano: 0,
    fire: 0,
    poison: 0,
    directNanoDamageEfficiency: 0,
    targetAC: 0
  },
  buffPresets: {
    crunchcom: 0,
    humidity: 0,
    notumSiphon: 0,
    channeling: 0,
    enhanceNanoDamage: 0,
    ancientMatrix: 0
  }
} activeProfile= {
  Character: {
    Name: 'TestNano',
    Profession: 11,
    Breed: 3,
    Level: 220,
    Gender: 'Female',
    Faction: 'Clan',
    Organization: 'Test Org'
  },
  skills: undefined,
  abilities: {},
  items: {},
  symbiants: {},
  perks: [],
  buffs: [],
  version: '4.0.0'
} ref="VTU_COMPONENT" > 
  at <VTUROOT>

stderr | tests/components/nukes/NukeInputForm.test.ts > NukeInputForm > Edge Cases > should handle rapid profile switches without errors
[Vue warn]: Failed to resolve directive: tooltip 
  at <NukeInputForm inputState= {
  characterStats: {
    breed: 1,
    psychic: 6,
    nanoInit: 1,
    maxNano: 1,
    nanoDelta: 1,
    matterCreation: 1,
    matterMeta: 1,
    bioMeta: 1,
    psychModi: 1,
    sensoryImp: 1,
    timeSpace: 1
  },
  damageModifiers: {
    projectile: 0,
    melee: 0,
    energy: 0,
    chemical: 0,
    radiation: 0,
    cold: 0,
    nano: 0,
    fire: 0,
    poison: 0,
    directNanoDamageEfficiency: 0,
    targetAC: 0
  },
  buffPresets: {
    crunchcom: 0,
    humidity: 0,
    notumSiphon: 0,
    channeling: 0,
    enhanceNanoDamage: 0,
    ancientMatrix: 0
  }
} activeProfile= {
  Character: {
    Name: 'TestNano',
    Profession: 11,
    Breed: 3,
    Level: 220,
    Gender: 'Female',
    Faction: 'Clan',
    Organization: 'Test Org'
  },
  skills: {
    '21': { total: 800 },
    '126': { total: 2500 },
    '127': { total: 2500 },
    '128': { total: 2500 },
    '129': { total: 2500 },
    '130': { total: 2500 },
    '131': { total: 2500 },
    '149': { total: 1200 },
    '221': { total: 5000 },
    '278': { total: 100 },
    '280': { total: 150 },
    '315': { total: 200 },
    '364': { total: 500 },
    '536': { total: 50 }
  },
  abilities: {},
  items: {},
  symbiants: {},
  perks: [],
  buffs: [],
  version: '4.0.0'
} ref="VTU_COMPONENT" > 
  at <VTUROOT>
[Vue warn]: Failed to resolve directive: tooltip 
  at <NukeInputForm inputState= {
  characterStats: {
    breed: 1,
    psychic: 6,
    nanoInit: 1,
    maxNano: 1,
    nanoDelta: 1,
    matterCreation: 1,
    matterMeta: 1,
    bioMeta: 1,
    psychModi: 1,
    sensoryImp: 1,
    timeSpace: 1
  },
  damageModifiers: {
    projectile: 0,
    melee: 0,
    energy: 0,
    chemical: 0,
    radiation: 0,
    cold: 0,
    nano: 0,
    fire: 0,
    poison: 0,
    directNanoDamageEfficiency: 0,
    targetAC: 0
  },
  buffPresets: {
    crunchcom: 0,
    humidity: 0,
    notumSiphon: 0,
    channeling: 0,
    enhanceNanoDamage: 0,
    ancientMatrix: 0
  }
} activeProfile= {
  Character: {
    Name: 'TestDoc',
    Profession: 6,
    Breed: 1,
    Level: 220,
    Gender: 'Male',
    Faction: 'Omni',
    Organization: 'Test Org'
  },
  skills: { '21': { total: 500 } },
  abilities: {},
  items: {},
  symbiants: {},
  perks: [],
  buffs: [],
  version: '4.0.0'
} ref="VTU_COMPONENT" > 
  at <VTUROOT>
[Vue warn]: Failed to resolve directive: tooltip 
  at <NukeInputForm inputState= {
  characterStats: {
    breed: 1,
    psychic: 6,
    nanoInit: 1,
    maxNano: 1,
    nanoDelta: 1,
    matterCreation: 1,
    matterMeta: 1,
    bioMeta: 1,
    psychModi: 1,
    sensoryImp: 1,
    timeSpace: 1
  },
  damageModifiers: {
    projectile: 0,
    melee: 0,
    energy: 0,
    chemical: 0,
    radiation: 0,
    cold: 0,
    nano: 0,
    fire: 0,
    poison: 0,
    directNanoDamageEfficiency: 0,
    targetAC: 0
  },
  buffPresets: {
    crunchcom: 0,
    humidity: 0,
    notumSiphon: 0,
    channeling: 0,
    enhanceNanoDamage: 0,
    ancientMatrix: 0
  }
} activeProfile=null ref="VTU_COMPONENT" > 
  at <VTUROOT>
[Vue warn]: Failed to resolve directive: tooltip 
  at <NukeInputForm inputState= {
  characterStats: {
    breed: 1,
    psychic: 6,
    nanoInit: 1,
    maxNano: 1,
    nanoDelta: 1,
    matterCreation: 1,
    matterMeta: 1,
    bioMeta: 1,
    psychModi: 1,
    sensoryImp: 1,
    timeSpace: 1
  },
  damageModifiers: {
    projectile: 0,
    melee: 0,
    energy: 0,
    chemical: 0,
    radiation: 0,
    cold: 0,
    nano: 0,
    fire: 0,
    poison: 0,
    directNanoDamageEfficiency: 0,
    targetAC: 0
  },
  buffPresets: {
    crunchcom: 0,
    humidity: 0,
    notumSiphon: 0,
    channeling: 0,
    enhanceNanoDamage: 0,
    ancientMatrix: 0
  }
} activeProfile= {
  Character: {
    Name: 'TestNano',
    Profession: 11,
    Breed: 3,
    Level: 220,
    Gender: 'Female',
    Faction: 'Clan',
    Organization: 'Test Org'
  },
  skills: {
    '21': { total: 800 },
    '126': { total: 2500 },
    '127': { total: 2500 },
    '128': { total: 2500 },
    '129': { total: 2500 },
    '130': { total: 2500 },
    '131': { total: 2500 },
    '149': { total: 1200 },
    '221': { total: 5000 },
    '278': { total: 100 },
    '280': { total: 150 },
    '315': { total: 200 },
    '364': { total: 500 },
    '536': { total: 50 }
  },
  abilities: {},
  items: {},
  symbiants: {},
  perks: [],
  buffs: [],
  version: '4.0.0'
} ref="VTU_COMPONENT" > 
  at <VTUROOT>

 ❯ tests/components/nukes/NukeInputForm.test.ts  (26 tests | 14 failed) 659ms
   × NukeInputForm > Auto-Population from Profile > should auto-populate character stats when Nanotechnician profile is active
     → expected undefined to be truthy
   × NukeInputForm > Auto-Population from Profile > should auto-populate damage modifiers from profile skills
     → Cannot read properties of undefined (reading 'length')
   × NukeInputForm > Auto-Population from Profile > should calculate initial stat 536 from profile base value
     → Cannot read properties of undefined (reading 'length')
   × NukeInputForm > Auto-Population from Profile > should reset to defaults when non-Nanotechnician profile is active
     → Cannot read properties of undefined (reading 'length')
   × NukeInputForm > Profile Switching > should update fields when switching from one profile to another
     → Cannot read properties of undefined (reading 'length')
   × NukeInputForm > Profile Switching > should clear fields when switching to non-Nanotechnician
     → Cannot read properties of undefined (reading 'length')
   × NukeInputForm > Reset to Profile Button > should re-populate from profile when clicked
     → expected undefined to be truthy
   × NukeInputForm > Reset to Profile Button > should have keyboard navigation support
     → expected undefined to be truthy
   × NukeInputForm > Buff Dropdown Updates to Stat 536 > should update stat 536 when enhanceNanoDamage buff changes
     → Cannot read properties of undefined (reading 'length')
   × NukeInputForm > Buff Dropdown Updates to Stat 536 > should update stat 536 when ancientMatrix buff changes
     → Cannot read properties of undefined (reading 'length')
   × NukeInputForm > Buff Dropdown Updates to Stat 536 > should combine both buff bonuses when both are active
     → Cannot read properties of undefined (reading 'length')
   × NukeInputForm > Accessibility > should announce state changes for screen readers
     → expected undefined to be truthy
   × NukeInputForm > Edge Cases > should handle profile with missing skill data gracefully
     → Cannot read properties of undefined (reading 'length')
   × NukeInputForm > Edge Cases > should handle rapid profile switches without errors
     → expected undefined to be truthy
stdout | tests/views/TinkerNukes.test.ts > TinkerNukes View > Data Loading > should fetch offensive nanos on mount
[TinkerNukes] Loaded 3 offensive nanos

stdout | src/__tests__/e2e/nano-search-workflow.test.ts > Nano Search Workflow > performs basic text search
loadNanos called with profession: null
Active profile cleared
No active profile found

stderr | src/__tests__/e2e/nano-search-workflow.test.ts > Nano Search Workflow > performs basic text search
[Vue warn]: injection "Symbol(router)" not found. 
  at <ProfessionNanoDisplay selected-profession=null loading=false > 
  at <TinkerNanos ref="VTU_COMPONENT" > 
  at <VTUROOT>

stdout | src/__tests__/e2e/nano-search-workflow.test.ts > Nano Search Workflow > searches by school using chips
loadNanos called with profession: null
Active profile cleared
No active profile found

stderr | src/__tests__/e2e/nano-search-workflow.test.ts > Nano Search Workflow > searches by school using chips
[Vue warn]: injection "Symbol(router)" not found. 
  at <ProfessionNanoDisplay selected-profession=null loading=false > 
  at <TinkerNanos ref="VTU_COMPONENT" > 
  at <VTUROOT>

stdout | src/__tests__/e2e/nano-search-workflow.test.ts > Nano Search Workflow > combines text search with school filter
loadNanos called with profession: null
Active profile cleared
No active profile found

stderr | src/__tests__/e2e/nano-search-workflow.test.ts > Nano Search Workflow > combines text search with school filter
[Vue warn]: injection "Symbol(router)" not found. 
  at <ProfessionNanoDisplay selected-profession=null loading=false > 
  at <TinkerNanos ref="VTU_COMPONENT" > 
  at <VTUROOT>

stdout | src/__tests__/e2e/nano-search-workflow.test.ts > Nano Search Workflow > sorts search results
loadNanos called with profession: null
Active profile cleared
No active profile found

stderr | src/__tests__/e2e/nano-search-workflow.test.ts > Nano Search Workflow > sorts search results
[Vue warn]: injection "Symbol(router)" not found. 
  at <ProfessionNanoDisplay selected-profession=null loading=false > 
  at <TinkerNanos ref="VTU_COMPONENT" > 
  at <VTUROOT>

stdout | src/__tests__/e2e/nano-search-workflow.test.ts > Nano Search Workflow > displays search results in list view
loadNanos called with profession: null
Active profile cleared
No active profile found

stderr | src/__tests__/e2e/nano-search-workflow.test.ts > Nano Search Workflow > displays search results in list view
[Vue warn]: injection "Symbol(router)" not found. 
  at <ProfessionNanoDisplay selected-profession=null loading=false > 
  at <TinkerNanos ref="VTU_COMPONENT" > 
  at <VTUROOT>

stdout | src/__tests__/e2e/nano-search-workflow.test.ts > Nano Search Workflow > displays search results in school view
loadNanos called with profession: null
Active profile cleared
No active profile found

stderr | src/__tests__/e2e/nano-search-workflow.test.ts > Nano Search Workflow > displays search results in school view
[Vue warn]: injection "Symbol(router)" not found. 
  at <ProfessionNanoDisplay selected-profession=null loading=false > 
  at <TinkerNanos ref="VTU_COMPONENT" > 
  at <VTUROOT>

stdout | src/__tests__/e2e/nano-search-workflow.test.ts > Nano Search Workflow > opens nano detail from search results
loadNanos called with profession: null
Active profile cleared
No active profile found

stderr | src/__tests__/e2e/nano-search-workflow.test.ts > Nano Search Workflow > opens nano detail from search results
[Vue warn]: injection "Symbol(router)" not found. 
  at <ProfessionNanoDisplay selected-profession=null loading=false > 
  at <TinkerNanos ref="VTU_COMPONENT" > 
  at <VTUROOT>

stdout | src/__tests__/e2e/nano-search-workflow.test.ts > Nano Search Workflow > shows empty state when no results found
loadNanos called with profession: null
Active profile cleared
No active profile found

stderr | src/__tests__/e2e/nano-search-workflow.test.ts > Nano Search Workflow > shows empty state when no results found
[Vue warn]: injection "Symbol(router)" not found. 
  at <ProfessionNanoDisplay selected-profession=null loading=false > 
  at <TinkerNanos ref="VTU_COMPONENT" > 
  at <VTUROOT>

stdout | src/__tests__/e2e/nano-search-workflow.test.ts > Nano Search Workflow > searches with compatibility filtering when profile is active
loadNanos called with profession: null
Active profile cleared
No active profile found

stderr | src/__tests__/e2e/nano-search-workflow.test.ts > Nano Search Workflow > searches with compatibility filtering when profile is active
[Vue warn]: injection "Symbol(router)" not found. 
  at <ProfessionNanoDisplay selected-profession=null loading=false > 
  at <TinkerNanos ref="VTU_COMPONENT" > 
  at <VTUROOT>

stdout | src/__tests__/e2e/nano-search-workflow.test.ts > Nano Search Workflow > updates search results when switching view modes
loadNanos called with profession: null
Active profile cleared
No active profile found

stderr | src/__tests__/e2e/nano-search-workflow.test.ts > Nano Search Workflow > updates search results when switching view modes
[Vue warn]: injection "Symbol(router)" not found. 
  at <ProfessionNanoDisplay selected-profession=null loading=false > 
  at <TinkerNanos ref="VTU_COMPONENT" > 
  at <VTUROOT>

stdout | src/__tests__/e2e/nano-search-workflow.test.ts > Nano Search Workflow > persists search query in store
loadNanos called with profession: null
Active profile cleared
No active profile found

stderr | src/__tests__/e2e/nano-search-workflow.test.ts > Nano Search Workflow > persists search query in store
[Vue warn]: injection "Symbol(router)" not found. 
  at <ProfessionNanoDisplay selected-profession=null loading=false > 
  at <TinkerNanos ref="VTU_COMPONENT" > 
  at <VTUROOT>

stdout | src/__tests__/e2e/nano-search-workflow.test.ts > Nano Search Workflow > handles loading state during search
loadNanos called with profession: null
Active profile cleared
No active profile found

stderr | src/__tests__/e2e/nano-search-workflow.test.ts > Nano Search Workflow > handles loading state during search
[Vue warn]: injection "Symbol(router)" not found. 
  at <ProfessionNanoDisplay selected-profession=null loading=false > 
  at <TinkerNanos ref="VTU_COMPONENT" > 
  at <VTUROOT>

stdout | src/__tests__/e2e/nano-search-workflow.test.ts > Nano Search Workflow > clears search and filters
loadNanos called with profession: null
Active profile cleared
No active profile found

stderr | src/__tests__/e2e/nano-search-workflow.test.ts > Nano Search Workflow > clears search and filters
[Vue warn]: injection "Symbol(router)" not found. 
  at <ProfessionNanoDisplay selected-profession=null loading=false > 
  at <TinkerNanos ref="VTU_COMPONENT" > 
  at <VTUROOT>

stdout | src/__tests__/e2e/nano-search-workflow.test.ts > Nano Search Workflow > shows total count badge with search results
loadNanos called with profession: null
Active profile cleared
No active profile found

stderr | src/__tests__/e2e/nano-search-workflow.test.ts > Nano Search Workflow > shows total count badge with search results
[Vue warn]: injection "Symbol(router)" not found. 
  at <ProfessionNanoDisplay selected-profession=null loading=false > 
  at <TinkerNanos ref="VTU_COMPONENT" > 
  at <VTUROOT>

 ❯ src/__tests__/e2e/nano-search-workflow.test.ts  (14 tests | 14 failed) 271ms
   × Nano Search Workflow > performs basic text search
     → expected false to be true // Object.is equality
   × Nano Search Workflow > searches by school using chips
     → Cannot call find on an empty VueWrapper.
   × Nano Search Workflow > combines text search with school filter
     → Cannot call find on an empty VueWrapper.
   × Nano Search Workflow > sorts search results
     → Cannot call find on an empty VueWrapper.
   × Nano Search Workflow > displays search results in list view
     → Cannot call trigger on an empty DOMWrapper.
   × Nano Search Workflow > displays search results in school view
     → expected false to be true // Object.is equality
   × Nano Search Workflow > opens nano detail from search results
     → Cannot call vm on an empty VueWrapper.
   × Nano Search Workflow > shows empty state when no results found
     → Cannot call find on an empty VueWrapper.
   × Nano Search Workflow > searches with compatibility filtering when profile is active
     → 'set' on proxy: trap returned falsish for property 'profiles'
   × Nano Search Workflow > updates search results when switching view modes
     → expected false to be true // Object.is equality
   × Nano Search Workflow > persists search query in store
     → Cannot call find on an empty VueWrapper.
   × Nano Search Workflow > handles loading state during search
     → Cannot call find on an empty VueWrapper.
   × Nano Search Workflow > clears search and filters
     → wrapper.vm.clearAllFilters is not a function
   × Nano Search Workflow > shows total count badge with search results
     → expected false to be true // Object.is equality
stdout | tests/views/TinkerNukes.test.ts > TinkerNukes View > Data Loading > should display loading state while fetching nanos
[TinkerNukes] Loaded 3 offensive nanos

stdout | tests/views/TinkerNukes.test.ts > TinkerNukes View > Data Loading > should store fetched nanos in component state
[TinkerNukes] Loaded 3 offensive nanos

stdout | tests/views/TinkerNukes.test.ts > TinkerNukes View > Profile Integration > should access active profile from TinkerProfiles store
[TinkerNukes] Loaded 3 offensive nanos

stdout | tests/views/TinkerNukes.test.ts > TinkerNukes View > Profile Integration > should display active profile info in header
[TinkerNukes] Loaded 3 offensive nanos

stdout | tests/views/TinkerNukes.test.ts > TinkerNukes View > Profile Integration > should not crash when no active profile
[TinkerNukes] Loaded 3 offensive nanos

stdout | tests/views/TinkerNukes.test.ts > TinkerNukes View > Profile Switching > should clear table filters when profile switches
[TinkerNukes] Loaded 3 offensive nanos

stdout | tests/views/TinkerNukes.test.ts > TinkerNukes View > Profile Switching > should update input form when profile switches
[TinkerNukes] Loaded 3 offensive nanos

stdout | src/__tests__/tinkerprofiles/misc-skills-fix.test.ts > Misc Skills Fix - Accumulation Bug Prevention > Accumulation Bug Prevention > should NOT accumulate bonuses when updateProfileWithIPTracking is called multiple times
Equipment bonuses calculated: { '181': 50 }
Misc skill after update: {
  baseValue: 0,
  equipmentBonus: 0,
  perkBonus: 0,
  buffBonus: 0,
  value: 0
}

 ❯ src/__tests__/tinkerprofiles/misc-skills-fix.test.ts  (18 tests | 9 failed) 27ms
   × Misc Skills Fix - Accumulation Bug Prevention > Accumulation Bug Prevention > should NOT accumulate bonuses when updateProfileWithIPTracking is called multiple times
     → expected +0 to be 50 // Object.is equality
   × Misc Skills Fix - Accumulation Bug Prevention > Accumulation Bug Prevention > should maintain consistent values across multiple rapid recalculations
     → expected +0 to be 25 // Object.is equality
   × Misc Skills Fix - Accumulation Bug Prevention > Correct Bonus Separation > should store equipment, perk, and buff bonuses separately
     → expected +0 to be 20 // Object.is equality
   × Misc Skills Fix - Accumulation Bug Prevention > Multiple Recalculation Scenarios > should handle profile load → equipment change → recalculate correctly
     → expected +0 to be 30 // Object.is equality
   × Misc Skills Fix - Accumulation Bug Prevention > Equipment/Perk/Buff Changes > should correctly increase equipmentBonus when adding equipment
     → expected +0 to be 40 // Object.is equality
   × Misc Skills Fix - Accumulation Bug Prevention > Equipment/Perk/Buff Changes > should correctly decrease equipmentBonus when removing equipment
     → expected +0 to be 40 // Object.is equality
   × Misc Skills Fix - Accumulation Bug Prevention > Equipment/Perk/Buff Changes > should handle multiple equipment pieces with same bonus type
     → expected +0 to be 55 // Object.is equality
   × Misc Skills Fix - Accumulation Bug Prevention > All 67 Misc Skills Validation > should properly initialize all Misc skills with correct MiscSkill structure
     → expected 26 to be 33 // Object.is equality
   × Misc Skills Fix - Accumulation Bug Prevention > All 67 Misc Skills Validation > should maintain structure consistency across all Misc skills after updates
     → expected +0 to be 30 // Object.is equality
 ❯ tests/views/TinkerNukes.test.ts  (49 tests | 24 failed) 761ms
   × TinkerNukes View > Profile Integration > should access active profile from TinkerProfiles store
     → profileStore.initialize is not a function
   × TinkerNukes View > Profile Integration > should display active profile info in header
     → profileStore.initialize is not a function
   × TinkerNukes View > Profile Integration > should not crash when no active profile
     → profileStore.initialize is not a function
   × TinkerNukes View > Profile Switching > should clear table filters when profile switches
     → profileStore.initialize is not a function
   × TinkerNukes View > Profile Switching > should update input form when profile switches
     → profileStore.initialize is not a function
   × TinkerNukes View > Profile Switching > should log profile switch in console
     → profileStore.initialize is not a function
   × TinkerNukes View > Non-Nanotechnician Profile > should warn when active profile is not Nanotechnician
     → profileStore.initialize is not a function
   × TinkerNukes View > Non-Nanotechnician Profile > should still display nanos but form shows defaults
     → profileStore.initialize is not a function
   × TinkerNukes View > Non-Nanotechnician Profile > should show profession name in header even for non-NT
     → profileStore.initialize is not a function
   × TinkerNukes View > Manual Skills Mode > should work without active profile
     → profileStore.initialize is not a function
   × TinkerNukes View > Manual Skills Mode > should allow manual input state updates without profile
     → profileStore.initialize is not a function
   × TinkerNukes View > Manual Skills Mode > should filter nanos based on manual skill values
     → profileStore.initialize is not a function
   × TinkerNukes View > Manual Skills Mode > should calculate table metrics using manual values
     → profileStore.initialize is not a function
   × TinkerNukes View > Search and Filtering > should filter by nano school dropdown
     → Cannot read properties of undefined (reading 'actions')
   × TinkerNukes View > Search and Filtering > should clear school filter when clear button clicked
     → Cannot read properties of undefined (reading 'actions')
   × TinkerNukes View > Skill-Based Filtering > should filter nanos by character skill requirements
     → profileStore.initialize is not a function
   × TinkerNukes View > Skill-Based Filtering > should use manual skills when no profile
     → profileStore.initialize is not a function
   × TinkerNukes View > Skill-Based Filtering > should update filtered nanos when skills change
     → profileStore.initialize is not a function
   × TinkerNukes View > School Filter Options > should provide all 6 nano schools in dropdown
     → expected 130 to be 126 // Object.is equality
   × TinkerNukes View > School Filter Options > should map school IDs correctly
     → expected [ 130, 127, 128, 129, 122, 131 ] to deeply equal [ 126, 127, 128, 129, 130, 131 ]
   × TinkerNukes View > Edge Cases > should handle rapid filter changes
     → Cannot read properties of undefined (reading 'actions')
   × TinkerNukes View > Edge Cases > should handle profile with missing Character object
     → profileStore.initialize is not a function
   × TinkerNukes View > Edge Cases > should handle undefined breed gracefully
     → profileStore.initialize is not a function
   × TinkerNukes View > Console Logging > should log when no active profile
     → profileStore.initialize is not a function
 ✓ src/services/__tests__/action-criteria-requirements-check.test.ts  (17 tests) 8ms
 ❯ src/__tests__/integration/action-criteria-cross-tool.test.ts  (12 tests | 2 failed) 27ms
   × Cross-Tool: Shared Profile State > should correctly map profile to stats for both symbiant and nano filtering
     → expected undefined to be 11 // Object.is equality
   × Cross-Tool: Shared Profile State > should provide consistent stats mapping for cross-tool requirement checks
     → expected undefined to be 1 // Object.is equality
stderr | src/services/__tests__/interpolation-service.test.ts > InterpolationService > getInterpolationInfo > should handle interpolation info API error
Failed to get interpolation info: Error: API error
    at /home/quigley/projects/Tinkertools/frontend/src/services/__tests__/interpolation-service.test.ts:318:60
    at file:///home/quigley/projects/Tinkertools/node_modules/@vitest/runner/dist/index.js:146:14
    at file:///home/quigley/projects/Tinkertools/node_modules/@vitest/runner/dist/index.js:61:7
    at runTest (file:///home/quigley/projects/Tinkertools/node_modules/@vitest/runner/dist/index.js:960:17)
    at runSuite (file:///home/quigley/projects/Tinkertools/node_modules/@vitest/runner/dist/index.js:1116:15)
    at runSuite (file:///home/quigley/projects/Tinkertools/node_modules/@vitest/runner/dist/index.js:1116:15)
    at runSuite (file:///home/quigley/projects/Tinkertools/node_modules/@vitest/runner/dist/index.js:1116:15)
    at runFiles (file:///home/quigley/projects/Tinkertools/node_modules/@vitest/runner/dist/index.js:1173:5)
    at startTests (file:///home/quigley/projects/Tinkertools/node_modules/@vitest/runner/dist/index.js:1182:3)
    at file:///home/quigley/projects/Tinkertools/node_modules/vitest/dist/chunks/runBaseTests.CyvqmuC9.js:130:11

 ✓ src/services/__tests__/interpolation-service.test.ts  (32 tests) 120ms
 ✓ src/services/__tests__/action-criteria-or.test.ts  (16 tests) 6ms
 ❯ src/__tests__/stores/profile.test.ts  (0 test)
 ✓ src/__tests__/lib/tinkerprofiles/ip-integrator.test.ts  (18 tests) 34ms
stdout | src/__tests__/integration/profile-equipment.integration.test.ts > Profile Equipment Integration > Full Import Workflow > should import AOSetups profile with equipment and display correctly
[ProfileTransformer] Created default profile with 141 skills
[ProfileTransformer] Fetching 5 items from backend...
[ProfileTransformer] Fetching interpolated item AOID 789123 at QL 150
[ProfileTransformer] Fetching interpolated item AOID 123456 at QL 200
[ProfileTransformer] Fetching interpolated item AOID 246660 at QL 300
[ProfileTransformer] Fetching interpolated item AOID 246661 at QL 280
[ProfileTransformer] Fetching interpolated item AOID 246662 at QL 290
[ProfileTransformer] Completed item fetching: 5 items processed

stderr | src/__tests__/integration/profile-equipment.integration.test.ts > Profile Equipment Integration > Full Import Workflow > should import AOSetups profile with equipment and display correctly
[ProfileTransformer] Failed to fetch item AOID 789123: Error: Interpolation failed: Unknown error
    at /home/quigley/projects/Tinkertools/frontend/src/lib/tinkerprofiles/transformer.ts:822:19
    at processTicksAndRejections (node:internal/process/task_queues:105:5)
    at async Promise.all (index 0)
    at ProfileTransformer.fetchItems (/home/quigley/projects/Tinkertools/frontend/src/lib/tinkerprofiles/transformer.ts:844:5)
    at ProfileTransformer.mapAOSetupsEquipment (/home/quigley/projects/Tinkertools/frontend/src/lib/tinkerprofiles/transformer.ts:500:21)
    at ProfileTransformer.importFromAOSetups (/home/quigley/projects/Tinkertools/frontend/src/lib/tinkerprofiles/transformer.ts:262:5)
    at ProfileTransformer.importProfile (/home/quigley/projects/Tinkertools/frontend/src/lib/tinkerprofiles/transformer.ts:93:21)
    at TinkerProfilesManager.importProfile (/home/quigley/projects/Tinkertools/frontend/src/lib/tinkerprofiles/manager.ts:557:20)
    at Proxy.importProfile (/home/quigley/projects/Tinkertools/frontend/src/stores/tinkerProfiles.ts:445:22)
    at /home/quigley/projects/Tinkertools/frontend/src/__tests__/integration/profile-equipment.integration.test.ts:184:22
[ProfileTransformer] Failed to fetch item AOID 123456: Error: Interpolation failed: Unknown error
    at /home/quigley/projects/Tinkertools/frontend/src/lib/tinkerprofiles/transformer.ts:822:19
    at processTicksAndRejections (node:internal/process/task_queues:105:5)
    at async Promise.all (index 1)
    at ProfileTransformer.fetchItems (/home/quigley/projects/Tinkertools/frontend/src/lib/tinkerprofiles/transformer.ts:844:5)
    at ProfileTransformer.mapAOSetupsEquipment (/home/quigley/projects/Tinkertools/frontend/src/lib/tinkerprofiles/transformer.ts:500:21)
    at ProfileTransformer.importFromAOSetups (/home/quigley/projects/Tinkertools/frontend/src/lib/tinkerprofiles/transformer.ts:262:5)
    at ProfileTransformer.importProfile (/home/quigley/projects/Tinkertools/frontend/src/lib/tinkerprofiles/transformer.ts:93:21)
    at TinkerProfilesManager.importProfile (/home/quigley/projects/Tinkertools/frontend/src/lib/tinkerprofiles/manager.ts:557:20)
    at Proxy.importProfile (/home/quigley/projects/Tinkertools/frontend/src/stores/tinkerProfiles.ts:445:22)
    at /home/quigley/projects/Tinkertools/frontend/src/__tests__/integration/profile-equipment.integration.test.ts:184:22
[ProfileTransformer] Failed to fetch item AOID 246660: Error: Interpolation failed: Unknown error
    at /home/quigley/projects/Tinkertools/frontend/src/lib/tinkerprofiles/transformer.ts:822:19
    at processTicksAndRejections (node:internal/process/task_queues:105:5)
    at async Promise.all (index 2)
    at ProfileTransformer.fetchItems (/home/quigley/projects/Tinkertools/frontend/src/lib/tinkerprofiles/transformer.ts:844:5)
    at ProfileTransformer.mapAOSetupsEquipment (/home/quigley/projects/Tinkertools/frontend/src/lib/tinkerprofiles/transformer.ts:500:21)
    at ProfileTransformer.importFromAOSetups (/home/quigley/projects/Tinkertools/frontend/src/lib/tinkerprofiles/transformer.ts:262:5)
    at ProfileTransformer.importProfile (/home/quigley/projects/Tinkertools/frontend/src/lib/tinkerprofiles/transformer.ts:93:21)
    at TinkerProfilesManager.importProfile (/home/quigley/projects/Tinkertools/frontend/src/lib/tinkerprofiles/manager.ts:557:20)
    at Proxy.importProfile (/home/quigley/projects/Tinkertools/frontend/src/stores/tinkerProfiles.ts:445:22)
    at /home/quigley/projects/Tinkertools/frontend/src/__tests__/integration/profile-equipment.integration.test.ts:184:22
[ProfileTransformer] Failed to fetch item AOID 246661: Error: Interpolation failed: Unknown error
    at /home/quigley/projects/Tinkertools/frontend/src/lib/tinkerprofiles/transformer.ts:822:19
    at processTicksAndRejections (node:internal/process/task_queues:105:5)
    at async Promise.all (index 3)
    at ProfileTransformer.fetchItems (/home/quigley/projects/Tinkertools/frontend/src/lib/tinkerprofiles/transformer.ts:844:5)
    at ProfileTransformer.mapAOSetupsEquipment (/home/quigley/projects/Tinkertools/frontend/src/lib/tinkerprofiles/transformer.ts:500:21)
    at ProfileTransformer.importFromAOSetups (/home/quigley/projects/Tinkertools/frontend/src/lib/tinkerprofiles/transformer.ts:262:5)
    at ProfileTransformer.importProfile (/home/quigley/projects/Tinkertools/frontend/src/lib/tinkerprofiles/transformer.ts:93:21)
    at TinkerProfilesManager.importProfile (/home/quigley/projects/Tinkertools/frontend/src/lib/tinkerprofiles/manager.ts:557:20)
    at Proxy.importProfile (/home/quigley/projects/Tinkertools/frontend/src/stores/tinkerProfiles.ts:445:22)
    at /home/quigley/projects/Tinkertools/frontend/src/__tests__/integration/profile-equipment.integration.test.ts:184:22
[ProfileTransformer] Failed to fetch item AOID 246662: Error: Interpolation failed: Unknown error
    at /home/quigley/projects/Tinkertools/frontend/src/lib/tinkerprofiles/transformer.ts:822:19
    at processTicksAndRejections (node:internal/process/task_queues:105:5)
    at async Promise.all (index 4)
    at ProfileTransformer.fetchItems (/home/quigley/projects/Tinkertools/frontend/src/lib/tinkerprofiles/transformer.ts:844:5)
    at ProfileTransformer.mapAOSetupsEquipment (/home/quigley/projects/Tinkertools/frontend/src/lib/tinkerprofiles/transformer.ts:500:21)
    at ProfileTransformer.importFromAOSetups (/home/quigley/projects/Tinkertools/frontend/src/lib/tinkerprofiles/transformer.ts:262:5)
    at ProfileTransformer.importProfile (/home/quigley/projects/Tinkertools/frontend/src/lib/tinkerprofiles/transformer.ts:93:21)
    at TinkerProfilesManager.importProfile (/home/quigley/projects/Tinkertools/frontend/src/lib/tinkerprofiles/manager.ts:557:20)
    at Proxy.importProfile (/home/quigley/projects/Tinkertools/frontend/src/stores/tinkerProfiles.ts:445:22)
    at /home/quigley/projects/Tinkertools/frontend/src/__tests__/integration/profile-equipment.integration.test.ts:184:22

stderr | src/__tests__/integration/profile-equipment.integration.test.ts > Profile Equipment Integration > Full Import Workflow > should import AOSetups profile with equipment and display correctly
<empty line>
stdout | src/__tests__/integration/profile-equipment.integration.test.ts > Profile Equipment Integration > Full Import Workflow > should import AOSetups profile with equipment and display correctly
[ProfileStorage] Saved profile profile_1760307485781_fbq6vo31v to individual key (v4.0.0 format with computed totals)

stdout | src/__tests__/integration/profile-equipment.integration.test.ts > Profile Equipment Integration > Full Import Workflow > should persist equipment to localStorage and restore on load
[ProfileTransformer] Created default profile with 141 skills
[ProfileTransformer] Fetching 5 items from backend...
[ProfileTransformer] Fetching interpolated item AOID 789123 at QL 150
[ProfileTransformer] Fetching interpolated item AOID 123456 at QL 200
[ProfileTransformer] Fetching interpolated item AOID 246660 at QL 300
[ProfileTransformer] Fetching interpolated item AOID 246661 at QL 280
[ProfileTransformer] Fetching interpolated item AOID 246662 at QL 290
[ProfileTransformer] Completed item fetching: 5 items processed
[ProfileStorage] Saved profile profile_1760307485809_7lc559ygv to individual key (v4.0.0 format with computed totals)

stderr | src/__tests__/integration/profile-equipment.integration.test.ts > Profile Equipment Integration > Full Import Workflow > should persist equipment to localStorage and restore on load
[ProfileTransformer] Failed to fetch item AOID 789123: Error: Interpolation failed: Unknown error
    at /home/quigley/projects/Tinkertools/frontend/src/lib/tinkerprofiles/transformer.ts:822:19
    at processTicksAndRejections (node:internal/process/task_queues:105:5)
    at async Promise.all (index 0)
    at ProfileTransformer.fetchItems (/home/quigley/projects/Tinkertools/frontend/src/lib/tinkerprofiles/transformer.ts:844:5)
    at ProfileTransformer.mapAOSetupsEquipment (/home/quigley/projects/Tinkertools/frontend/src/lib/tinkerprofiles/transformer.ts:500:21)
    at ProfileTransformer.importFromAOSetups (/home/quigley/projects/Tinkertools/frontend/src/lib/tinkerprofiles/transformer.ts:262:5)
    at ProfileTransformer.importProfile (/home/quigley/projects/Tinkertools/frontend/src/lib/tinkerprofiles/transformer.ts:93:21)
    at TinkerProfilesManager.importProfile (/home/quigley/projects/Tinkertools/frontend/src/lib/tinkerprofiles/manager.ts:557:20)
    at Proxy.importProfile (/home/quigley/projects/Tinkertools/frontend/src/stores/tinkerProfiles.ts:445:22)
    at /home/quigley/projects/Tinkertools/frontend/src/__tests__/integration/profile-equipment.integration.test.ts:239:28
[ProfileTransformer] Failed to fetch item AOID 123456: Error: Interpolation failed: Unknown error
    at /home/quigley/projects/Tinkertools/frontend/src/lib/tinkerprofiles/transformer.ts:822:19
    at processTicksAndRejections (node:internal/process/task_queues:105:5)
    at async Promise.all (index 1)
    at ProfileTransformer.fetchItems (/home/quigley/projects/Tinkertools/frontend/src/lib/tinkerprofiles/transformer.ts:844:5)
    at ProfileTransformer.mapAOSetupsEquipment (/home/quigley/projects/Tinkertools/frontend/src/lib/tinkerprofiles/transformer.ts:500:21)
    at ProfileTransformer.importFromAOSetups (/home/quigley/projects/Tinkertools/frontend/src/lib/tinkerprofiles/transformer.ts:262:5)
    at ProfileTransformer.importProfile (/home/quigley/projects/Tinkertools/frontend/src/lib/tinkerprofiles/transformer.ts:93:21)
    at TinkerProfilesManager.importProfile (/home/quigley/projects/Tinkertools/frontend/src/lib/tinkerprofiles/manager.ts:557:20)
    at Proxy.importProfile (/home/quigley/projects/Tinkertools/frontend/src/stores/tinkerProfiles.ts:445:22)
    at /home/quigley/projects/Tinkertools/frontend/src/__tests__/integration/profile-equipment.integration.test.ts:239:28
[ProfileTransformer] Failed to fetch item AOID 246660: Error: Interpolation failed: Unknown error
    at /home/quigley/projects/Tinkertools/frontend/src/lib/tinkerprofiles/transformer.ts:822:19
    at processTicksAndRejections (node:internal/process/task_queues:105:5)
    at async Promise.all (index 2)
    at ProfileTransformer.fetchItems (/home/quigley/projects/Tinkertools/frontend/src/lib/tinkerprofiles/transformer.ts:844:5)
    at ProfileTransformer.mapAOSetupsEquipment (/home/quigley/projects/Tinkertools/frontend/src/lib/tinkerprofiles/transformer.ts:500:21)
    at ProfileTransformer.importFromAOSetups (/home/quigley/projects/Tinkertools/frontend/src/lib/tinkerprofiles/transformer.ts:262:5)
    at ProfileTransformer.importProfile (/home/quigley/projects/Tinkertools/frontend/src/lib/tinkerprofiles/transformer.ts:93:21)
    at TinkerProfilesManager.importProfile (/home/quigley/projects/Tinkertools/frontend/src/lib/tinkerprofiles/manager.ts:557:20)
    at Proxy.importProfile (/home/quigley/projects/Tinkertools/frontend/src/stores/tinkerProfiles.ts:445:22)
    at /home/quigley/projects/Tinkertools/frontend/src/__tests__/integration/profile-equipment.integration.test.ts:239:28
[ProfileTransformer] Failed to fetch item AOID 246661: Error: Interpolation failed: Unknown error
    at /home/quigley/projects/Tinkertools/frontend/src/lib/tinkerprofiles/transformer.ts:822:19
    at processTicksAndRejections (node:internal/process/task_queues:105:5)
    at async Promise.all (index 3)
    at ProfileTransformer.fetchItems (/home/quigley/projects/Tinkertools/frontend/src/lib/tinkerprofiles/transformer.ts:844:5)
    at ProfileTransformer.mapAOSetupsEquipment (/home/quigley/projects/Tinkertools/frontend/src/lib/tinkerprofiles/transformer.ts:500:21)
    at ProfileTransformer.importFromAOSetups (/home/quigley/projects/Tinkertools/frontend/src/lib/tinkerprofiles/transformer.ts:262:5)
    at ProfileTransformer.importProfile (/home/quigley/projects/Tinkertools/frontend/src/lib/tinkerprofiles/transformer.ts:93:21)
    at TinkerProfilesManager.importProfile (/home/quigley/projects/Tinkertools/frontend/src/lib/tinkerprofiles/manager.ts:557:20)
    at Proxy.importProfile (/home/quigley/projects/Tinkertools/frontend/src/stores/tinkerProfiles.ts:445:22)
    at /home/quigley/projects/Tinkertools/frontend/src/__tests__/integration/profile-equipment.integration.test.ts:239:28
[ProfileTransformer] Failed to fetch item AOID 246662: Error: Interpolation failed: Unknown error
    at /home/quigley/projects/Tinkertools/frontend/src/lib/tinkerprofiles/transformer.ts:822:19
    at processTicksAndRejections (node:internal/process/task_queues:105:5)
    at async Promise.all (index 4)
    at ProfileTransformer.fetchItems (/home/quigley/projects/Tinkertools/frontend/src/lib/tinkerprofiles/transformer.ts:844:5)
    at ProfileTransformer.mapAOSetupsEquipment (/home/quigley/projects/Tinkertools/frontend/src/lib/tinkerprofiles/transformer.ts:500:21)
    at ProfileTransformer.importFromAOSetups (/home/quigley/projects/Tinkertools/frontend/src/lib/tinkerprofiles/transformer.ts:262:5)
    at ProfileTransformer.importProfile (/home/quigley/projects/Tinkertools/frontend/src/lib/tinkerprofiles/transformer.ts:93:21)
    at TinkerProfilesManager.importProfile (/home/quigley/projects/Tinkertools/frontend/src/lib/tinkerprofiles/manager.ts:557:20)
    at Proxy.importProfile (/home/quigley/projects/Tinkertools/frontend/src/stores/tinkerProfiles.ts:445:22)
    at /home/quigley/projects/Tinkertools/frontend/src/__tests__/integration/profile-equipment.integration.test.ts:239:28

stdout | src/__tests__/integration/profile-equipment.integration.test.ts > Profile Equipment Integration > Equipment Display Integration > should display equipment correctly in profile detail view
[ProfileTransformer] Created default profile with 141 skills
[ProfileTransformer] Fetching 5 items from backend...
[ProfileTransformer] Fetching interpolated item AOID 789123 at QL 150
[ProfileTransformer] Fetching interpolated item AOID 123456 at QL 200
[ProfileTransformer] Fetching interpolated item AOID 246660 at QL 300
[ProfileTransformer] Fetching interpolated item AOID 246661 at QL 280
[ProfileTransformer] Fetching interpolated item AOID 246662 at QL 290
[ProfileTransformer] Completed item fetching: 5 items processed
[ProfileStorage] Saved profile profile_1760307485815_4nm8w2gg8 to individual key (v4.0.0 format with computed totals)

stderr | src/__tests__/integration/profile-equipment.integration.test.ts > Profile Equipment Integration > Equipment Display Integration > should display equipment correctly in profile detail view
[ProfileTransformer] Failed to fetch item AOID 789123: Error: Interpolation failed: Unknown error
    at /home/quigley/projects/Tinkertools/frontend/src/lib/tinkerprofiles/transformer.ts:822:19
    at processTicksAndRejections (node:internal/process/task_queues:105:5)
    at async Promise.all (index 0)
    at ProfileTransformer.fetchItems (/home/quigley/projects/Tinkertools/frontend/src/lib/tinkerprofiles/transformer.ts:844:5)
    at ProfileTransformer.mapAOSetupsEquipment (/home/quigley/projects/Tinkertools/frontend/src/lib/tinkerprofiles/transformer.ts:500:21)
    at ProfileTransformer.importFromAOSetups (/home/quigley/projects/Tinkertools/frontend/src/lib/tinkerprofiles/transformer.ts:262:5)
    at ProfileTransformer.importProfile (/home/quigley/projects/Tinkertools/frontend/src/lib/tinkerprofiles/transformer.ts:93:21)
    at TinkerProfilesManager.importProfile (/home/quigley/projects/Tinkertools/frontend/src/lib/tinkerprofiles/manager.ts:557:20)
    at Proxy.importProfile (/home/quigley/projects/Tinkertools/frontend/src/stores/tinkerProfiles.ts:445:22)
    at /home/quigley/projects/Tinkertools/frontend/src/__tests__/integration/profile-equipment.integration.test.ts:268:28
[ProfileTransformer] Failed to fetch item AOID 123456: Error: Interpolation failed: Unknown error
    at /home/quigley/projects/Tinkertools/frontend/src/lib/tinkerprofiles/transformer.ts:822:19
    at processTicksAndRejections (node:internal/process/task_queues:105:5)
    at async Promise.all (index 1)
    at ProfileTransformer.fetchItems (/home/quigley/projects/Tinkertools/frontend/src/lib/tinkerprofiles/transformer.ts:844:5)
    at ProfileTransformer.mapAOSetupsEquipment (/home/quigley/projects/Tinkertools/frontend/src/lib/tinkerprofiles/transformer.ts:500:21)
    at ProfileTransformer.importFromAOSetups (/home/quigley/projects/Tinkertools/frontend/src/lib/tinkerprofiles/transformer.ts:262:5)
    at ProfileTransformer.importProfile (/home/quigley/projects/Tinkertools/frontend/src/lib/tinkerprofiles/transformer.ts:93:21)
    at TinkerProfilesManager.importProfile (/home/quigley/projects/Tinkertools/frontend/src/lib/tinkerprofiles/manager.ts:557:20)
    at Proxy.importProfile (/home/quigley/projects/Tinkertools/frontend/src/stores/tinkerProfiles.ts:445:22)
    at /home/quigley/projects/Tinkertools/frontend/src/__tests__/integration/profile-equipment.integration.test.ts:268:28
[ProfileTransformer] Failed to fetch item AOID 246660: Error: Interpolation failed: Unknown error
    at /home/quigley/projects/Tinkertools/frontend/src/lib/tinkerprofiles/transformer.ts:822:19
    at processTicksAndRejections (node:internal/process/task_queues:105:5)
    at async Promise.all (index 2)
    at ProfileTransformer.fetchItems (/home/quigley/projects/Tinkertools/frontend/src/lib/tinkerprofiles/transformer.ts:844:5)
    at ProfileTransformer.mapAOSetupsEquipment (/home/quigley/projects/Tinkertools/frontend/src/lib/tinkerprofiles/transformer.ts:500:21)
    at ProfileTransformer.importFromAOSetups (/home/quigley/projects/Tinkertools/frontend/src/lib/tinkerprofiles/transformer.ts:262:5)
    at ProfileTransformer.importProfile (/home/quigley/projects/Tinkertools/frontend/src/lib/tinkerprofiles/transformer.ts:93:21)
    at TinkerProfilesManager.importProfile (/home/quigley/projects/Tinkertools/frontend/src/lib/tinkerprofiles/manager.ts:557:20)
    at Proxy.importProfile (/home/quigley/projects/Tinkertools/frontend/src/stores/tinkerProfiles.ts:445:22)
    at /home/quigley/projects/Tinkertools/frontend/src/__tests__/integration/profile-equipment.integration.test.ts:268:28
[ProfileTransformer] Failed to fetch item AOID 246661: Error: Interpolation failed: Unknown error
    at /home/quigley/projects/Tinkertools/frontend/src/lib/tinkerprofiles/transformer.ts:822:19
    at processTicksAndRejections (node:internal/process/task_queues:105:5)
    at async Promise.all (index 3)
    at ProfileTransformer.fetchItems (/home/quigley/projects/Tinkertools/frontend/src/lib/tinkerprofiles/transformer.ts:844:5)
    at ProfileTransformer.mapAOSetupsEquipment (/home/quigley/projects/Tinkertools/frontend/src/lib/tinkerprofiles/transformer.ts:500:21)
    at ProfileTransformer.importFromAOSetups (/home/quigley/projects/Tinkertools/frontend/src/lib/tinkerprofiles/transformer.ts:262:5)
    at ProfileTransformer.importProfile (/home/quigley/projects/Tinkertools/frontend/src/lib/tinkerprofiles/transformer.ts:93:21)
    at TinkerProfilesManager.importProfile (/home/quigley/projects/Tinkertools/frontend/src/lib/tinkerprofiles/manager.ts:557:20)
    at Proxy.importProfile (/home/quigley/projects/Tinkertools/frontend/src/stores/tinkerProfiles.ts:445:22)
    at /home/quigley/projects/Tinkertools/frontend/src/__tests__/integration/profile-equipment.integration.test.ts:268:28
[ProfileTransformer] Failed to fetch item AOID 246662: Error: Interpolation failed: Unknown error
    at /home/quigley/projects/Tinkertools/frontend/src/lib/tinkerprofiles/transformer.ts:822:19
    at processTicksAndRejections (node:internal/process/task_queues:105:5)
    at async Promise.all (index 4)
    at ProfileTransformer.fetchItems (/home/quigley/projects/Tinkertools/frontend/src/lib/tinkerprofiles/transformer.ts:844:5)
    at ProfileTransformer.mapAOSetupsEquipment (/home/quigley/projects/Tinkertools/frontend/src/lib/tinkerprofiles/transformer.ts:500:21)
    at ProfileTransformer.importFromAOSetups (/home/quigley/projects/Tinkertools/frontend/src/lib/tinkerprofiles/transformer.ts:262:5)
    at ProfileTransformer.importProfile (/home/quigley/projects/Tinkertools/frontend/src/lib/tinkerprofiles/transformer.ts:93:21)
    at TinkerProfilesManager.importProfile (/home/quigley/projects/Tinkertools/frontend/src/lib/tinkerprofiles/manager.ts:557:20)
    at Proxy.importProfile (/home/quigley/projects/Tinkertools/frontend/src/stores/tinkerProfiles.ts:445:22)
    at /home/quigley/projects/Tinkertools/frontend/src/__tests__/integration/profile-equipment.integration.test.ts:268:28
[Vue warn]: Invalid prop: type check failed for prop "profileId". Expected String with value "undefined", got Undefined  
  at <TinkerProfileDetail profileId=undefined ref="VTU_COMPONENT" > 
  at <VTUROOT>
[Vue warn]: Failed to resolve component: router-link
If this is a native custom element, make sure to exclude it from component resolution via compilerOptions.isCustomElement. 
  at <TinkerProfileDetail profileId=undefined ref="VTU_COMPONENT" > 
  at <VTUROOT>

stdout | src/__tests__/stores/profilesStore.test.ts > profilesStore > computes hasProfiles correctly
[ProfileStorage] Saved profile profile_1760307485866_p0ukcaw4n to individual key (v4.0.0 format with computed totals)

stdout | src/__tests__/stores/profilesStore.test.ts > profilesStore > computes activeProfileId correctly
[ProfileStorage] Saved profile profile_1760307485879_p2kt1ifxa to individual key (v4.0.0 format with computed totals)

stderr | src/__tests__/stores/profilesStore.test.ts > profilesStore > computes activeProfileId correctly
TinkerProfiles storage error: Error: Profile not found
    at TinkerProfilesManager.setActiveProfile (/home/quigley/projects/Tinkertools/frontend/src/lib/tinkerprofiles/manager.ts:396:18)
    at processTicksAndRejections (node:internal/process/task_queues:105:5)
    at Proxy.setActiveProfile (/home/quigley/projects/Tinkertools/frontend/src/stores/tinkerProfiles.ts:310:7)
    at /home/quigley/projects/Tinkertools/frontend/src/__tests__/stores/profilesStore.test.ts:47:5
    at runTest (file:///home/quigley/projects/Tinkertools/node_modules/@vitest/runner/dist/index.js:960:11)
    at runSuite (file:///home/quigley/projects/Tinkertools/node_modules/@vitest/runner/dist/index.js:1116:15)
    at runSuite (file:///home/quigley/projects/Tinkertools/node_modules/@vitest/runner/dist/index.js:1116:15)
    at runFiles (file:///home/quigley/projects/Tinkertools/node_modules/@vitest/runner/dist/index.js:1173:5)
    at startTests (file:///home/quigley/projects/Tinkertools/node_modules/@vitest/runner/dist/index.js:1182:3)
    at file:///home/quigley/projects/Tinkertools/node_modules/vitest/dist/chunks/runBaseTests.CyvqmuC9.js:130:11

stdout | src/__tests__/stores/profilesStore.test.ts > profilesStore > computes profileOptions correctly
[ProfileStorage] Saved profile profile_1760307485888_n891qmw65 to individual key (v4.0.0 format with computed totals)

stdout | src/__tests__/stores/profilesStore.test.ts > profilesStore > creates profile with correct defaults
[ProfileStorage] Saved profile profile_1760307485893_h6wvkgkmj to individual key (v4.0.0 format with computed totals)

stdout | src/__tests__/stores/profilesStore.test.ts > profilesStore > updates profile correctly
[ProfileStorage] Saved profile profile_1760307485898_x3f7kropj to individual key (v4.0.0 format with computed totals)

stderr | src/__tests__/stores/profilesStore.test.ts > profilesStore > updates profile correctly
TinkerProfiles storage error: Error: Profile not found
    at TinkerProfilesManager.updateProfile (/home/quigley/projects/Tinkertools/frontend/src/lib/tinkerprofiles/manager.ts:315:18)
    at processTicksAndRejections (node:internal/process/task_queues:105:5)
    at Proxy.updateProfile (/home/quigley/projects/Tinkertools/frontend/src/stores/tinkerProfiles.ts:233:7)
    at /home/quigley/projects/Tinkertools/frontend/src/__tests__/stores/profilesStore.test.ts:157:5
    at runTest (file:///home/quigley/projects/Tinkertools/node_modules/@vitest/runner/dist/index.js:960:11)
    at runSuite (file:///home/quigley/projects/Tinkertools/node_modules/@vitest/runner/dist/index.js:1116:15)
    at runSuite (file:///home/quigley/projects/Tinkertools/node_modules/@vitest/runner/dist/index.js:1116:15)
    at runFiles (file:///home/quigley/projects/Tinkertools/node_modules/@vitest/runner/dist/index.js:1173:5)
    at startTests (file:///home/quigley/projects/Tinkertools/node_modules/@vitest/runner/dist/index.js:1182:3)
    at file:///home/quigley/projects/Tinkertools/node_modules/vitest/dist/chunks/runBaseTests.CyvqmuC9.js:130:11

stdout | src/__tests__/stores/profilesStore.test.ts > profilesStore > updates active profile when it is being updated
[ProfileStorage] Saved profile profile_1760307485901_m25y9j5n3 to individual key (v4.0.0 format with computed totals)

stderr | src/__tests__/stores/profilesStore.test.ts > profilesStore > updates active profile when it is being updated
TinkerProfiles storage error: Error: Profile not found
    at TinkerProfilesManager.setActiveProfile (/home/quigley/projects/Tinkertools/frontend/src/lib/tinkerprofiles/manager.ts:396:18)
    at processTicksAndRejections (node:internal/process/task_queues:105:5)
    at Proxy.setActiveProfile (/home/quigley/projects/Tinkertools/frontend/src/stores/tinkerProfiles.ts:310:7)
    at /home/quigley/projects/Tinkertools/frontend/src/__tests__/stores/profilesStore.test.ts:179:5
    at runTest (file:///home/quigley/projects/Tinkertools/node_modules/@vitest/runner/dist/index.js:960:11)
    at runSuite (file:///home/quigley/projects/Tinkertools/node_modules/@vitest/runner/dist/index.js:1116:15)
    at runSuite (file:///home/quigley/projects/Tinkertools/node_modules/@vitest/runner/dist/index.js:1116:15)
    at runFiles (file:///home/quigley/projects/Tinkertools/node_modules/@vitest/runner/dist/index.js:1173:5)
    at startTests (file:///home/quigley/projects/Tinkertools/node_modules/@vitest/runner/dist/index.js:1182:3)
    at file:///home/quigley/projects/Tinkertools/node_modules/vitest/dist/chunks/runBaseTests.CyvqmuC9.js:130:11

stderr | src/__tests__/stores/profilesStore.test.ts > profilesStore > throws error when updating non-existent profile
TinkerProfiles storage error: Error: Profile not found
    at TinkerProfilesManager.updateProfile (/home/quigley/projects/Tinkertools/frontend/src/lib/tinkerprofiles/manager.ts:315:18)
    at processTicksAndRejections (node:internal/process/task_queues:105:5)
    at Proxy.updateProfile (/home/quigley/projects/Tinkertools/frontend/src/stores/tinkerProfiles.ts:233:7)
    at /home/quigley/projects/Tinkertools/frontend/src/__tests__/stores/profilesStore.test.ts:199:5
    at runTest (file:///home/quigley/projects/Tinkertools/node_modules/@vitest/runner/dist/index.js:960:11)
    at runSuite (file:///home/quigley/projects/Tinkertools/node_modules/@vitest/runner/dist/index.js:1116:15)
    at runSuite (file:///home/quigley/projects/Tinkertools/node_modules/@vitest/runner/dist/index.js:1116:15)
    at runFiles (file:///home/quigley/projects/Tinkertools/node_modules/@vitest/runner/dist/index.js:1173:5)
    at startTests (file:///home/quigley/projects/Tinkertools/node_modules/@vitest/runner/dist/index.js:1182:3)
    at file:///home/quigley/projects/Tinkertools/node_modules/vitest/dist/chunks/runBaseTests.CyvqmuC9.js:130:11

stdout | src/__tests__/stores/profilesStore.test.ts > profilesStore > deletes profile correctly
[ProfileStorage] Saved profile profile_1760307485906_mdnsn0k01 to individual key (v4.0.0 format with computed totals)
[ProfileStorage] Deleted profile profile_1760307485906_mdnsn0k01

stdout | src/__tests__/stores/profilesStore.test.ts > profilesStore > clears active profile when it is deleted
[ProfileStorage] Saved profile profile_1760307485908_ehrik1azt to individual key (v4.0.0 format with computed totals)

stderr | src/__tests__/stores/profilesStore.test.ts > profilesStore > clears active profile when it is deleted
TinkerProfiles storage error: Error: Profile not found
    at TinkerProfilesManager.setActiveProfile (/home/quigley/projects/Tinkertools/frontend/src/lib/tinkerprofiles/manager.ts:396:18)
    at processTicksAndRejections (node:internal/process/task_queues:105:5)
    at Proxy.setActiveProfile (/home/quigley/projects/Tinkertools/frontend/src/stores/tinkerProfiles.ts:310:7)
    at /home/quigley/projects/Tinkertools/frontend/src/__tests__/stores/profilesStore.test.ts:219:5
    at runTest (file:///home/quigley/projects/Tinkertools/node_modules/@vitest/runner/dist/index.js:960:11)
    at runSuite (file:///home/quigley/projects/Tinkertools/node_modules/@vitest/runner/dist/index.js:1116:15)
    at runSuite (file:///home/quigley/projects/Tinkertools/node_modules/@vitest/runner/dist/index.js:1116:15)
    at runFiles (file:///home/quigley/projects/Tinkertools/node_modules/@vitest/runner/dist/index.js:1173:5)
    at startTests (file:///home/quigley/projects/Tinkertools/node_modules/@vitest/runner/dist/index.js:1182:3)
    at file:///home/quigley/projects/Tinkertools/node_modules/vitest/dist/chunks/runBaseTests.CyvqmuC9.js:130:11

stdout | src/__tests__/stores/profilesStore.test.ts > profilesStore > throws error when deleting non-existent profile
[ProfileStorage] Deleted profile non-existent

stdout | src/__tests__/stores/profilesStore.test.ts > profilesStore > sets active profile correctly
[ProfileStorage] Saved profile profile_1760307485911_89n6fd51q to individual key (v4.0.0 format with computed totals)

stderr | src/__tests__/stores/profilesStore.test.ts > profilesStore > sets active profile correctly
TinkerProfiles storage error: Error: Profile not found
    at TinkerProfilesManager.setActiveProfile (/home/quigley/projects/Tinkertools/frontend/src/lib/tinkerprofiles/manager.ts:396:18)
    at processTicksAndRejections (node:internal/process/task_queues:105:5)
    at Proxy.setActiveProfile (/home/quigley/projects/Tinkertools/frontend/src/stores/tinkerProfiles.ts:310:7)
    at /home/quigley/projects/Tinkertools/frontend/src/__tests__/stores/profilesStore.test.ts:234:5
    at runTest (file:///home/quigley/projects/Tinkertools/node_modules/@vitest/runner/dist/index.js:960:11)
    at runSuite (file:///home/quigley/projects/Tinkertools/node_modules/@vitest/runner/dist/index.js:1116:15)
    at runSuite (file:///home/quigley/projects/Tinkertools/node_modules/@vitest/runner/dist/index.js:1116:15)
    at runFiles (file:///home/quigley/projects/Tinkertools/node_modules/@vitest/runner/dist/index.js:1173:5)
    at startTests (file:///home/quigley/projects/Tinkertools/node_modules/@vitest/runner/dist/index.js:1182:3)
    at file:///home/quigley/projects/Tinkertools/node_modules/vitest/dist/chunks/runBaseTests.CyvqmuC9.js:130:11

stdout | src/__tests__/stores/profilesStore.test.ts > profilesStore > clears active profile
[ProfileStorage] Saved profile profile_1760307485914_uw7dn9zy8 to individual key (v4.0.0 format with computed totals)

stderr | src/__tests__/stores/profilesStore.test.ts > profilesStore > clears active profile
TinkerProfiles storage error: Error: Profile not found
    at TinkerProfilesManager.setActiveProfile (/home/quigley/projects/Tinkertools/frontend/src/lib/tinkerprofiles/manager.ts:396:18)
    at processTicksAndRejections (node:internal/process/task_queues:105:5)
    at Proxy.setActiveProfile (/home/quigley/projects/Tinkertools/frontend/src/stores/tinkerProfiles.ts:310:7)
    at /home/quigley/projects/Tinkertools/frontend/src/__tests__/stores/profilesStore.test.ts:243:5
    at runTest (file:///home/quigley/projects/Tinkertools/node_modules/@vitest/runner/dist/index.js:960:11)
    at runSuite (file:///home/quigley/projects/Tinkertools/node_modules/@vitest/runner/dist/index.js:1116:15)
    at runSuite (file:///home/quigley/projects/Tinkertools/node_modules/@vitest/runner/dist/index.js:1116:15)
    at runFiles (file:///home/quigley/projects/Tinkertools/node_modules/@vitest/runner/dist/index.js:1173:5)
    at startTests (file:///home/quigley/projects/Tinkertools/node_modules/@vitest/runner/dist/index.js:1182:3)
    at file:///home/quigley/projects/Tinkertools/node_modules/vitest/dist/chunks/runBaseTests.CyvqmuC9.js:130:11

stdout | src/__tests__/stores/profilesStore.test.ts > profilesStore > duplicates profile correctly
[ProfileStorage] Saved profile profile_1760307485918_dh9zhqhup to individual key (v4.0.0 format with computed totals)

stdout | src/__tests__/stores/profilesStore.test.ts > profilesStore > duplicates profile with default copy name
[ProfileStorage] Saved profile profile_1760307485920_gonodz056 to individual key (v4.0.0 format with computed totals)

stdout | src/__tests__/stores/profilesStore.test.ts > profilesStore > updates skill correctly
[ProfileStorage] Saved profile profile_1760307485923_ww6dp1ybk to individual key (v4.0.0 format with computed totals)

stdout | src/__tests__/stores/profilesStore.test.ts > profilesStore > clamps skill values to valid range
[ProfileStorage] Saved profile profile_1760307485925_sexawl7cx to individual key (v4.0.0 format with computed totals)

stdout | src/__tests__/stores/profilesStore.test.ts > profilesStore > updates active profile when skill is updated
[ProfileStorage] Saved profile profile_1760307485927_o5k9rrry7 to individual key (v4.0.0 format with computed totals)

stderr | src/__tests__/stores/profilesStore.test.ts > profilesStore > updates active profile when skill is updated
TinkerProfiles storage error: Error: Profile not found
    at TinkerProfilesManager.setActiveProfile (/home/quigley/projects/Tinkertools/frontend/src/lib/tinkerprofiles/manager.ts:396:18)
    at processTicksAndRejections (node:internal/process/task_queues:105:5)
    at Proxy.setActiveProfile (/home/quigley/projects/Tinkertools/frontend/src/stores/tinkerProfiles.ts:310:7)
    at /home/quigley/projects/Tinkertools/frontend/src/__tests__/stores/profilesStore.test.ts:312:5
    at runTest (file:///home/quigley/projects/Tinkertools/node_modules/@vitest/runner/dist/index.js:960:11)
    at runSuite (file:///home/quigley/projects/Tinkertools/node_modules/@vitest/runner/dist/index.js:1116:15)
    at runSuite (file:///home/quigley/projects/Tinkertools/node_modules/@vitest/runner/dist/index.js:1116:15)
    at runFiles (file:///home/quigley/projects/Tinkertools/node_modules/@vitest/runner/dist/index.js:1173:5)
    at startTests (file:///home/quigley/projects/Tinkertools/node_modules/@vitest/runner/dist/index.js:1182:3)
    at file:///home/quigley/projects/Tinkertools/node_modules/vitest/dist/chunks/runBaseTests.CyvqmuC9.js:130:11

stdout | src/__tests__/stores/profilesStore.test.ts > profilesStore > updates ability correctly
[ProfileStorage] Saved profile profile_1760307485929_ym3kks5gz to individual key (v4.0.0 format with computed totals)

stdout | src/__tests__/stores/profilesStore.test.ts > profilesStore > clamps ability values to valid range
[ProfileStorage] Saved profile profile_1760307485932_6v7tg6rhc to individual key (v4.0.0 format with computed totals)

stdout | src/__tests__/stores/profilesStore.test.ts > profilesStore > imports profile from JSON string
[ProfileStorage] Saved profile profile_1760307485934_lj7l0swez to individual key (v4.0.0 format with computed totals)

stdout | src/__tests__/stores/profilesStore.test.ts > profilesStore > imports profile from object
[ProfileStorage] Saved profile profile_1760307485936_pztsc79lq to individual key (v4.0.0 format with computed totals)

stdout | src/__tests__/stores/profilesStore.test.ts > profilesStore > exports profile correctly
[ProfileStorage] Saved profile profile_1760307485938_t4ztbyg5s to individual key (v4.0.0 format with computed totals)

stdout | src/__tests__/stores/profilesStore.test.ts > profilesStore > loads active profile from storage
[ProfileStorage] Saved profile profile_1760307485941_x5vvuwue4 to individual key (v4.0.0 format with computed totals)

stderr | src/__tests__/stores/profilesStore.test.ts > profilesStore > handles storage errors gracefully
TinkerProfiles storage error: Error: Failed to save profile: Storage error
    at TinkerProfilesManager.createProfile (/home/quigley/projects/Tinkertools/frontend/src/lib/tinkerprofiles/manager.ts:213:18)
    at processTicksAndRejections (node:internal/process/task_queues:105:5)
    at Proxy.createProfile (/home/quigley/projects/Tinkertools/frontend/src/stores/tinkerProfiles.ts:209:25)
    at /home/quigley/projects/Tinkertools/frontend/src/__tests__/stores/profilesStore.test.ts:474:5
    at runTest (file:///home/quigley/projects/Tinkertools/node_modules/@vitest/runner/dist/index.js:960:11)
    at runSuite (file:///home/quigley/projects/Tinkertools/node_modules/@vitest/runner/dist/index.js:1116:15)
    at runSuite (file:///home/quigley/projects/Tinkertools/node_modules/@vitest/runner/dist/index.js:1116:15)
    at runFiles (file:///home/quigley/projects/Tinkertools/node_modules/@vitest/runner/dist/index.js:1173:5)
    at startTests (file:///home/quigley/projects/Tinkertools/node_modules/@vitest/runner/dist/index.js:1182:3)
    at file:///home/quigley/projects/Tinkertools/node_modules/vitest/dist/chunks/runBaseTests.CyvqmuC9.js:130:11

stderr | src/__tests__/stores/profilesStore.test.ts > profilesStore > filters profiles correctly when loading from storage
Failed to load profile: SyntaxError: Unexpected token 'i', "invalid json" is not valid JSON
    at JSON.parse (<anonymous>)
    at ProfileStorage.loadProfile (/home/quigley/projects/Tinkertools/frontend/src/lib/tinkerprofiles/storage.ts:101:24)
    at ProfileStorage.getProfileMetadata (/home/quigley/projects/Tinkertools/frontend/src/lib/tinkerprofiles/storage.ts:195:36)
    at processTicksAndRejections (node:internal/process/task_queues:105:5)
    at TinkerProfilesManager.getProfileMetadata (/home/quigley/projects/Tinkertools/frontend/src/lib/tinkerprofiles/manager.ts:357:24)
    at refreshMetadata (/home/quigley/projects/Tinkertools/frontend/src/stores/tinkerProfiles.ts:616:24)
    at Proxy.loadProfiles (/home/quigley/projects/Tinkertools/frontend/src/stores/tinkerProfiles.ts:175:7)
    at /home/quigley/projects/Tinkertools/frontend/src/__tests__/stores/profilesStore.test.ts:516:5
    at runTest (file:///home/quigley/projects/Tinkertools/node_modules/@vitest/runner/dist/index.js:960:11)
    at runSuite (file:///home/quigley/projects/Tinkertools/node_modules/@vitest/runner/dist/index.js:1116:15)
Failed to load profile: SyntaxError: Unexpected token 'i', "invalid json" is not valid JSON
    at JSON.parse (<anonymous>)
    at ProfileStorage.loadProfile (/home/quigley/projects/Tinkertools/frontend/src/lib/tinkerprofiles/storage.ts:101:24)
    at ProfileStorage.getProfileMetadata (/home/quigley/projects/Tinkertools/frontend/src/lib/tinkerprofiles/storage.ts:195:36)
    at processTicksAndRejections (node:internal/process/task_queues:105:5)
    at TinkerProfilesManager.getProfileMetadata (/home/quigley/projects/Tinkertools/frontend/src/lib/tinkerprofiles/manager.ts:357:24)
    at Proxy.refreshMetadata (/home/quigley/projects/Tinkertools/frontend/src/stores/tinkerProfiles.ts:616:24)
    at /home/quigley/projects/Tinkertools/frontend/src/__tests__/stores/profilesStore.test.ts:519:5
    at runTest (file:///home/quigley/projects/Tinkertools/node_modules/@vitest/runner/dist/index.js:960:11)
    at runSuite (file:///home/quigley/projects/Tinkertools/node_modules/@vitest/runner/dist/index.js:1116:15)
    at runSuite (file:///home/quigley/projects/Tinkertools/node_modules/@vitest/runner/dist/index.js:1116:15)

stderr | src/__tests__/stores/profilesStore.test.ts > profilesStore > generates unique profile IDs
TinkerProfiles storage error: Error: Failed to save profile: Storage error
    at TinkerProfilesManager.createProfile (/home/quigley/projects/Tinkertools/frontend/src/lib/tinkerprofiles/manager.ts:213:18)
    at processTicksAndRejections (node:internal/process/task_queues:105:5)
    at Proxy.createProfile (/home/quigley/projects/Tinkertools/frontend/src/stores/tinkerProfiles.ts:209:25)
    at /home/quigley/projects/Tinkertools/frontend/src/__tests__/stores/profilesStore.test.ts:526:24
    at runTest (file:///home/quigley/projects/Tinkertools/node_modules/@vitest/runner/dist/index.js:960:11)
    at runSuite (file:///home/quigley/projects/Tinkertools/node_modules/@vitest/runner/dist/index.js:1116:15)
    at runSuite (file:///home/quigley/projects/Tinkertools/node_modules/@vitest/runner/dist/index.js:1116:15)
    at runFiles (file:///home/quigley/projects/Tinkertools/node_modules/@vitest/runner/dist/index.js:1173:5)
    at startTests (file:///home/quigley/projects/Tinkertools/node_modules/@vitest/runner/dist/index.js:1182:3)
    at file:///home/quigley/projects/Tinkertools/node_modules/vitest/dist/chunks/runBaseTests.CyvqmuC9.js:130:11

stdout | src/__tests__/integration/profile-equipment.integration.test.ts > Profile Equipment Integration > Cluster-Based Implant Integration > should correctly map AOSetups ClusterIDs to STAT numbers for implant lookup
[ProfileTransformer] Created default profile with 141 skills
[ProfileStorage] Saved profile profile_1760307485949_5c8izg3xi to individual key (v4.0.0 format with computed totals)

stdout | src/__tests__/integration/profile-equipment.integration.test.ts > Profile Equipment Integration > Cluster-Based Implant Integration > should handle implant lookup failures gracefully
[ProfileTransformer] Created default profile with 141 skills
[ProfileStorage] Saved profile profile_1760307485951_x6mndyxqt to individual key (v4.0.0 format with computed totals)

stdout | src/__tests__/integration/profile-equipment.integration.test.ts > Profile Equipment Integration > Cluster-Based Implant Integration > should validate cluster positions match expected patterns
[ProfileTransformer] Created default profile with 141 skills
[ProfileStorage] Saved profile profile_1760307485954_xhr9bbsfr to individual key (v4.0.0 format with computed totals)

stdout | src/__tests__/integration/profile-equipment.integration.test.ts > Profile Equipment Integration > Error Handling and Resilience > should handle API failures gracefully during import
[ProfileTransformer] Created default profile with 141 skills
[ProfileTransformer] Fetching 5 items from backend...
[ProfileTransformer] Fetching interpolated item AOID 789123 at QL 150
[ProfileTransformer] Fetching interpolated item AOID 123456 at QL 200
[ProfileTransformer] Fetching interpolated item AOID 246660 at QL 300
[ProfileTransformer] Fetching interpolated item AOID 246661 at QL 280
[ProfileTransformer] Fetching interpolated item AOID 246662 at QL 290
[ProfileTransformer] Completed item fetching: 5 items processed
[ProfileStorage] Saved profile profile_1760307485955_immfyxxk4 to individual key (v4.0.0 format with computed totals)

stderr | src/__tests__/integration/profile-equipment.integration.test.ts > Profile Equipment Integration > Error Handling and Resilience > should handle API failures gracefully during import
[ProfileTransformer] Failed to fetch item AOID 789123: Error: Network timeout
    at /home/quigley/projects/Tinkertools/frontend/src/__tests__/integration/profile-equipment.integration.test.ts:547:32
    at file:///home/quigley/projects/Tinkertools/node_modules/@vitest/runner/dist/index.js:146:14
    at file:///home/quigley/projects/Tinkertools/node_modules/@vitest/runner/dist/index.js:61:7
    at runTest (file:///home/quigley/projects/Tinkertools/node_modules/@vitest/runner/dist/index.js:960:17)
    at runSuite (file:///home/quigley/projects/Tinkertools/node_modules/@vitest/runner/dist/index.js:1116:15)
    at runSuite (file:///home/quigley/projects/Tinkertools/node_modules/@vitest/runner/dist/index.js:1116:15)
    at runSuite (file:///home/quigley/projects/Tinkertools/node_modules/@vitest/runner/dist/index.js:1116:15)
    at runFiles (file:///home/quigley/projects/Tinkertools/node_modules/@vitest/runner/dist/index.js:1173:5)
    at startTests (file:///home/quigley/projects/Tinkertools/node_modules/@vitest/runner/dist/index.js:1182:3)
    at file:///home/quigley/projects/Tinkertools/node_modules/vitest/dist/chunks/runBaseTests.CyvqmuC9.js:130:11
[ProfileTransformer] Failed to fetch item AOID 123456: Error: Interpolation failed: Unknown error
    at /home/quigley/projects/Tinkertools/frontend/src/lib/tinkerprofiles/transformer.ts:822:19
    at async Promise.all (index 1)
    at ProfileTransformer.fetchItems (/home/quigley/projects/Tinkertools/frontend/src/lib/tinkerprofiles/transformer.ts:844:5)
    at ProfileTransformer.mapAOSetupsEquipment (/home/quigley/projects/Tinkertools/frontend/src/lib/tinkerprofiles/transformer.ts:500:21)
    at ProfileTransformer.importFromAOSetups (/home/quigley/projects/Tinkertools/frontend/src/lib/tinkerprofiles/transformer.ts:262:5)
    at ProfileTransformer.importProfile (/home/quigley/projects/Tinkertools/frontend/src/lib/tinkerprofiles/transformer.ts:93:21)
    at TinkerProfilesManager.importProfile (/home/quigley/projects/Tinkertools/frontend/src/lib/tinkerprofiles/manager.ts:557:20)
    at Proxy.importProfile (/home/quigley/projects/Tinkertools/frontend/src/stores/tinkerProfiles.ts:445:22)
    at /home/quigley/projects/Tinkertools/frontend/src/__tests__/integration/profile-equipment.integration.test.ts:551:22
    at runTest (file:///home/quigley/projects/Tinkertools/node_modules/@vitest/runner/dist/index.js:960:11)
[ProfileTransformer] Failed to fetch item AOID 246660: TypeError: Cannot read properties of undefined (reading 'success')
    at /home/quigley/projects/Tinkertools/frontend/src/lib/tinkerprofiles/transformer.ts:801:37
    at async Promise.all (index 2)
    at ProfileTransformer.fetchItems (/home/quigley/projects/Tinkertools/frontend/src/lib/tinkerprofiles/transformer.ts:844:5)
    at ProfileTransformer.mapAOSetupsEquipment (/home/quigley/projects/Tinkertools/frontend/src/lib/tinkerprofiles/transformer.ts:500:21)
    at ProfileTransformer.importFromAOSetups (/home/quigley/projects/Tinkertools/frontend/src/lib/tinkerprofiles/transformer.ts:262:5)
    at ProfileTransformer.importProfile (/home/quigley/projects/Tinkertools/frontend/src/lib/tinkerprofiles/transformer.ts:93:21)
    at TinkerProfilesManager.importProfile (/home/quigley/projects/Tinkertools/frontend/src/lib/tinkerprofiles/manager.ts:557:20)
    at Proxy.importProfile (/home/quigley/projects/Tinkertools/frontend/src/stores/tinkerProfiles.ts:445:22)
    at /home/quigley/projects/Tinkertools/frontend/src/__tests__/integration/profile-equipment.integration.test.ts:551:22
    at runTest (file:///home/quigley/projects/Tinkertools/node_modules/@vitest/runner/dist/index.js:960:11)
[ProfileTransformer] Failed to fetch item AOID 246661: TypeError: Cannot read properties of undefined (reading 'success')
    at /home/quigley/projects/Tinkertools/frontend/src/lib/tinkerprofiles/transformer.ts:801:37
    at async Promise.all (index 3)
    at ProfileTransformer.fetchItems (/home/quigley/projects/Tinkertools/frontend/src/lib/tinkerprofiles/transformer.ts:844:5)
    at ProfileTransformer.mapAOSetupsEquipment (/home/quigley/projects/Tinkertools/frontend/src/lib/tinkerprofiles/transformer.ts:500:21)
    at ProfileTransformer.importFromAOSetups (/home/quigley/projects/Tinkertools/frontend/src/lib/tinkerprofiles/transformer.ts:262:5)
    at ProfileTransformer.importProfile (/home/quigley/projects/Tinkertools/frontend/src/lib/tinkerprofiles/transformer.ts:93:21)
    at TinkerProfilesManager.importProfile (/home/quigley/projects/Tinkertools/frontend/src/lib/tinkerprofiles/manager.ts:557:20)
    at Proxy.importProfile (/home/quigley/projects/Tinkertools/frontend/src/stores/tinkerProfiles.ts:445:22)
    at /home/quigley/projects/Tinkertools/frontend/src/__tests__/integration/profile-equipment.integration.test.ts:551:22
    at runTest (file:///home/quigley/projects/Tinkertools/node_modules/@vitest/runner/dist/index.js:960:11)
[ProfileTransformer] Failed to fetch item AOID 246662: TypeError: Cannot read properties of undefined (reading 'success')
    at /home/quigley/projects/Tinkertools/frontend/src/lib/tinkerprofiles/transformer.ts:801:37
    at async Promise.all (index 4)
    at ProfileTransformer.fetchItems (/home/quigley/projects/Tinkertools/frontend/src/lib/tinkerprofiles/transformer.ts:844:5)
    at ProfileTransformer.mapAOSetupsEquipment (/home/quigley/projects/Tinkertools/frontend/src/lib/tinkerprofiles/transformer.ts:500:21)
    at ProfileTransformer.importFromAOSetups (/home/quigley/projects/Tinkertools/frontend/src/lib/tinkerprofiles/transformer.ts:262:5)
    at ProfileTransformer.importProfile (/home/quigley/projects/Tinkertools/frontend/src/lib/tinkerprofiles/transformer.ts:93:21)
    at TinkerProfilesManager.importProfile (/home/quigley/projects/Tinkertools/frontend/src/lib/tinkerprofiles/manager.ts:557:20)
    at Proxy.importProfile (/home/quigley/projects/Tinkertools/frontend/src/stores/tinkerProfiles.ts:445:22)
    at /home/quigley/projects/Tinkertools/frontend/src/__tests__/integration/profile-equipment.integration.test.ts:551:22
    at runTest (file:///home/quigley/projects/Tinkertools/node_modules/@vitest/runner/dist/index.js:960:11)

stdout | src/__tests__/integration/profile-equipment.integration.test.ts > Profile Equipment Integration > Error Handling and Resilience > should handle missing icons gracefully in display
[ProfileTransformer] Created default profile with 141 skills
[ProfileTransformer] Fetching 5 items from backend...
[ProfileTransformer] Fetching interpolated item AOID 789123 at QL 150
[ProfileTransformer] Fetching interpolated item AOID 123456 at QL 200
[ProfileTransformer] Fetching interpolated item AOID 246660 at QL 300
[ProfileTransformer] Fetching interpolated item AOID 246661 at QL 280
[ProfileTransformer] Fetching interpolated item AOID 246662 at QL 290
[ProfileTransformer] Completed item fetching: 5 items processed
[ProfileStorage] Saved profile profile_1760307485959_jxi3rx5cd to individual key (v4.0.0 format with computed totals)

stderr | src/__tests__/integration/profile-equipment.integration.test.ts > Profile Equipment Integration > Error Handling and Resilience > should handle missing icons gracefully in display
[ProfileTransformer] Failed to fetch item AOID 789123: Error: Interpolation failed: Unknown error
    at /home/quigley/projects/Tinkertools/frontend/src/lib/tinkerprofiles/transformer.ts:822:19
    at async Promise.all (index 0)
    at ProfileTransformer.fetchItems (/home/quigley/projects/Tinkertools/frontend/src/lib/tinkerprofiles/transformer.ts:844:5)
    at ProfileTransformer.mapAOSetupsEquipment (/home/quigley/projects/Tinkertools/frontend/src/lib/tinkerprofiles/transformer.ts:500:21)
    at ProfileTransformer.importFromAOSetups (/home/quigley/projects/Tinkertools/frontend/src/lib/tinkerprofiles/transformer.ts:262:5)
    at ProfileTransformer.importProfile (/home/quigley/projects/Tinkertools/frontend/src/lib/tinkerprofiles/transformer.ts:93:21)
    at TinkerProfilesManager.importProfile (/home/quigley/projects/Tinkertools/frontend/src/lib/tinkerprofiles/manager.ts:557:20)
    at Proxy.importProfile (/home/quigley/projects/Tinkertools/frontend/src/stores/tinkerProfiles.ts:445:22)
    at /home/quigley/projects/Tinkertools/frontend/src/__tests__/integration/profile-equipment.integration.test.ts:572:22
    at runTest (file:///home/quigley/projects/Tinkertools/node_modules/@vitest/runner/dist/index.js:960:11)
[ProfileTransformer] Failed to fetch item AOID 123456: Error: Interpolation failed: Unknown error
    at /home/quigley/projects/Tinkertools/frontend/src/lib/tinkerprofiles/transformer.ts:822:19
    at async Promise.all (index 1)
    at ProfileTransformer.fetchItems (/home/quigley/projects/Tinkertools/frontend/src/lib/tinkerprofiles/transformer.ts:844:5)
    at ProfileTransformer.mapAOSetupsEquipment (/home/quigley/projects/Tinkertools/frontend/src/lib/tinkerprofiles/transformer.ts:500:21)
    at ProfileTransformer.importFromAOSetups (/home/quigley/projects/Tinkertools/frontend/src/lib/tinkerprofiles/transformer.ts:262:5)
    at ProfileTransformer.importProfile (/home/quigley/projects/Tinkertools/frontend/src/lib/tinkerprofiles/transformer.ts:93:21)
    at TinkerProfilesManager.importProfile (/home/quigley/projects/Tinkertools/frontend/src/lib/tinkerprofiles/manager.ts:557:20)
    at Proxy.importProfile (/home/quigley/projects/Tinkertools/frontend/src/stores/tinkerProfiles.ts:445:22)
    at /home/quigley/projects/Tinkertools/frontend/src/__tests__/integration/profile-equipment.integration.test.ts:572:22
    at runTest (file:///home/quigley/projects/Tinkertools/node_modules/@vitest/runner/dist/index.js:960:11)
[ProfileTransformer] Failed to fetch item AOID 246660: Error: Interpolation failed: Unknown error
    at /home/quigley/projects/Tinkertools/frontend/src/lib/tinkerprofiles/transformer.ts:822:19
    at async Promise.all (index 2)
    at ProfileTransformer.fetchItems (/home/quigley/projects/Tinkertools/frontend/src/lib/tinkerprofiles/transformer.ts:844:5)
    at ProfileTransformer.mapAOSetupsEquipment (/home/quigley/projects/Tinkertools/frontend/src/lib/tinkerprofiles/transformer.ts:500:21)
    at ProfileTransformer.importFromAOSetups (/home/quigley/projects/Tinkertools/frontend/src/lib/tinkerprofiles/transformer.ts:262:5)
    at ProfileTransformer.importProfile (/home/quigley/projects/Tinkertools/frontend/src/lib/tinkerprofiles/transformer.ts:93:21)
    at TinkerProfilesManager.importProfile (/home/quigley/projects/Tinkertools/frontend/src/lib/tinkerprofiles/manager.ts:557:20)
    at Proxy.importProfile (/home/quigley/projects/Tinkertools/frontend/src/stores/tinkerProfiles.ts:445:22)
    at /home/quigley/projects/Tinkertools/frontend/src/__tests__/integration/profile-equipment.integration.test.ts:572:22
    at runTest (file:///home/quigley/projects/Tinkertools/node_modules/@vitest/runner/dist/index.js:960:11)
[ProfileTransformer] Failed to fetch item AOID 246661: Error: Interpolation failed: Unknown error
    at /home/quigley/projects/Tinkertools/frontend/src/lib/tinkerprofiles/transformer.ts:822:19
    at async Promise.all (index 3)
    at ProfileTransformer.fetchItems (/home/quigley/projects/Tinkertools/frontend/src/lib/tinkerprofiles/transformer.ts:844:5)
    at ProfileTransformer.mapAOSetupsEquipment (/home/quigley/projects/Tinkertools/frontend/src/lib/tinkerprofiles/transformer.ts:500:21)
    at ProfileTransformer.importFromAOSetups (/home/quigley/projects/Tinkertools/frontend/src/lib/tinkerprofiles/transformer.ts:262:5)
    at ProfileTransformer.importProfile (/home/quigley/projects/Tinkertools/frontend/src/lib/tinkerprofiles/transformer.ts:93:21)
    at TinkerProfilesManager.importProfile (/home/quigley/projects/Tinkertools/frontend/src/lib/tinkerprofiles/manager.ts:557:20)
    at Proxy.importProfile (/home/quigley/projects/Tinkertools/frontend/src/stores/tinkerProfiles.ts:445:22)
    at /home/quigley/projects/Tinkertools/frontend/src/__tests__/integration/profile-equipment.integration.test.ts:572:22
    at runTest (file:///home/quigley/projects/Tinkertools/node_modules/@vitest/runner/dist/index.js:960:11)
[ProfileTransformer] Failed to fetch item AOID 246662: Error: Interpolation failed: Unknown error
    at /home/quigley/projects/Tinkertools/frontend/src/lib/tinkerprofiles/transformer.ts:822:19
    at async Promise.all (index 4)
    at ProfileTransformer.fetchItems (/home/quigley/projects/Tinkertools/frontend/src/lib/tinkerprofiles/transformer.ts:844:5)
    at ProfileTransformer.mapAOSetupsEquipment (/home/quigley/projects/Tinkertools/frontend/src/lib/tinkerprofiles/transformer.ts:500:21)
    at ProfileTransformer.importFromAOSetups (/home/quigley/projects/Tinkertools/frontend/src/lib/tinkerprofiles/transformer.ts:262:5)
    at ProfileTransformer.importProfile (/home/quigley/projects/Tinkertools/frontend/src/lib/tinkerprofiles/transformer.ts:93:21)
    at TinkerProfilesManager.importProfile (/home/quigley/projects/Tinkertools/frontend/src/lib/tinkerprofiles/manager.ts:557:20)
    at Proxy.importProfile (/home/quigley/projects/Tinkertools/frontend/src/stores/tinkerProfiles.ts:445:22)
    at /home/quigley/projects/Tinkertools/frontend/src/__tests__/integration/profile-equipment.integration.test.ts:572:22
    at runTest (file:///home/quigley/projects/Tinkertools/node_modules/@vitest/runner/dist/index.js:960:11)

stdout | src/__tests__/integration/profile-equipment.integration.test.ts > Profile Equipment Integration > Error Handling and Resilience > should maintain data integrity after multiple operations
[ProfileTransformer] Created default profile with 141 skills
[ProfileTransformer] Fetching 5 items from backend...
[ProfileTransformer] Fetching interpolated item AOID 789123 at QL 150
[ProfileTransformer] Fetching interpolated item AOID 123456 at QL 200
[ProfileTransformer] Fetching interpolated item AOID 246660 at QL 300
[ProfileTransformer] Fetching interpolated item AOID 246661 at QL 280
[ProfileTransformer] Fetching interpolated item AOID 246662 at QL 290
[ProfileTransformer] Completed item fetching: 5 items processed
[ProfileStorage] Saved profile profile_1760307485962_vb86o2fpn to individual key (v4.0.0 format with computed totals)

stderr | src/__tests__/integration/profile-equipment.integration.test.ts > Profile Equipment Integration > Error Handling and Resilience > should maintain data integrity after multiple operations
[ProfileTransformer] Failed to fetch item AOID 789123: Error: Interpolation failed: Unknown error
    at /home/quigley/projects/Tinkertools/frontend/src/lib/tinkerprofiles/transformer.ts:822:19
    at async Promise.all (index 0)
    at ProfileTransformer.fetchItems (/home/quigley/projects/Tinkertools/frontend/src/lib/tinkerprofiles/transformer.ts:844:5)
    at ProfileTransformer.mapAOSetupsEquipment (/home/quigley/projects/Tinkertools/frontend/src/lib/tinkerprofiles/transformer.ts:500:21)
    at ProfileTransformer.importFromAOSetups (/home/quigley/projects/Tinkertools/frontend/src/lib/tinkerprofiles/transformer.ts:262:5)
    at ProfileTransformer.importProfile (/home/quigley/projects/Tinkertools/frontend/src/lib/tinkerprofiles/transformer.ts:93:21)
    at TinkerProfilesManager.importProfile (/home/quigley/projects/Tinkertools/frontend/src/lib/tinkerprofiles/manager.ts:557:20)
    at Proxy.importProfile (/home/quigley/projects/Tinkertools/frontend/src/stores/tinkerProfiles.ts:445:22)
    at /home/quigley/projects/Tinkertools/frontend/src/__tests__/integration/profile-equipment.integration.test.ts:591:28
    at runTest (file:///home/quigley/projects/Tinkertools/node_modules/@vitest/runner/dist/index.js:960:11)
[ProfileTransformer] Failed to fetch item AOID 123456: Error: Interpolation failed: Unknown error
    at /home/quigley/projects/Tinkertools/frontend/src/lib/tinkerprofiles/transformer.ts:822:19
    at async Promise.all (index 1)
    at ProfileTransformer.fetchItems (/home/quigley/projects/Tinkertools/frontend/src/lib/tinkerprofiles/transformer.ts:844:5)
    at ProfileTransformer.mapAOSetupsEquipment (/home/quigley/projects/Tinkertools/frontend/src/lib/tinkerprofiles/transformer.ts:500:21)
    at ProfileTransformer.importFromAOSetups (/home/quigley/projects/Tinkertools/frontend/src/lib/tinkerprofiles/transformer.ts:262:5)
    at ProfileTransformer.importProfile (/home/quigley/projects/Tinkertools/frontend/src/lib/tinkerprofiles/transformer.ts:93:21)
    at TinkerProfilesManager.importProfile (/home/quigley/projects/Tinkertools/frontend/src/lib/tinkerprofiles/manager.ts:557:20)
    at Proxy.importProfile (/home/quigley/projects/Tinkertools/frontend/src/stores/tinkerProfiles.ts:445:22)
    at /home/quigley/projects/Tinkertools/frontend/src/__tests__/integration/profile-equipment.integration.test.ts:591:28
    at runTest (file:///home/quigley/projects/Tinkertools/node_modules/@vitest/runner/dist/index.js:960:11)
[ProfileTransformer] Failed to fetch item AOID 246660: Error: Interpolation failed: Unknown error
    at /home/quigley/projects/Tinkertools/frontend/src/lib/tinkerprofiles/transformer.ts:822:19
    at async Promise.all (index 2)
    at ProfileTransformer.fetchItems (/home/quigley/projects/Tinkertools/frontend/src/lib/tinkerprofiles/transformer.ts:844:5)
    at ProfileTransformer.mapAOSetupsEquipment (/home/quigley/projects/Tinkertools/frontend/src/lib/tinkerprofiles/transformer.ts:500:21)
    at ProfileTransformer.importFromAOSetups (/home/quigley/projects/Tinkertools/frontend/src/lib/tinkerprofiles/transformer.ts:262:5)
    at ProfileTransformer.importProfile (/home/quigley/projects/Tinkertools/frontend/src/lib/tinkerprofiles/transformer.ts:93:21)
    at TinkerProfilesManager.importProfile (/home/quigley/projects/Tinkertools/frontend/src/lib/tinkerprofiles/manager.ts:557:20)
    at Proxy.importProfile (/home/quigley/projects/Tinkertools/frontend/src/stores/tinkerProfiles.ts:445:22)
    at /home/quigley/projects/Tinkertools/frontend/src/__tests__/integration/profile-equipment.integration.test.ts:591:28
    at runTest (file:///home/quigley/projects/Tinkertools/node_modules/@vitest/runner/dist/index.js:960:11)
[ProfileTransformer] Failed to fetch item AOID 246661: Error: Interpolation failed: Unknown error
    at /home/quigley/projects/Tinkertools/frontend/src/lib/tinkerprofiles/transformer.ts:822:19
    at async Promise.all (index 3)
    at ProfileTransformer.fetchItems (/home/quigley/projects/Tinkertools/frontend/src/lib/tinkerprofiles/transformer.ts:844:5)
    at ProfileTransformer.mapAOSetupsEquipment (/home/quigley/projects/Tinkertools/frontend/src/lib/tinkerprofiles/transformer.ts:500:21)
    at ProfileTransformer.importFromAOSetups (/home/quigley/projects/Tinkertools/frontend/src/lib/tinkerprofiles/transformer.ts:262:5)
    at ProfileTransformer.importProfile (/home/quigley/projects/Tinkertools/frontend/src/lib/tinkerprofiles/transformer.ts:93:21)
    at TinkerProfilesManager.importProfile (/home/quigley/projects/Tinkertools/frontend/src/lib/tinkerprofiles/manager.ts:557:20)
    at Proxy.importProfile (/home/quigley/projects/Tinkertools/frontend/src/stores/tinkerProfiles.ts:445:22)
    at /home/quigley/projects/Tinkertools/frontend/src/__tests__/integration/profile-equipment.integration.test.ts:591:28
    at runTest (file:///home/quigley/projects/Tinkertools/node_modules/@vitest/runner/dist/index.js:960:11)
[ProfileTransformer] Failed to fetch item AOID 246662: Error: Interpolation failed: Unknown error
    at /home/quigley/projects/Tinkertools/frontend/src/lib/tinkerprofiles/transformer.ts:822:19
    at async Promise.all (index 4)
    at ProfileTransformer.fetchItems (/home/quigley/projects/Tinkertools/frontend/src/lib/tinkerprofiles/transformer.ts:844:5)
    at ProfileTransformer.mapAOSetupsEquipment (/home/quigley/projects/Tinkertools/frontend/src/lib/tinkerprofiles/transformer.ts:500:21)
    at ProfileTransformer.importFromAOSetups (/home/quigley/projects/Tinkertools/frontend/src/lib/tinkerprofiles/transformer.ts:262:5)
    at ProfileTransformer.importProfile (/home/quigley/projects/Tinkertools/frontend/src/lib/tinkerprofiles/transformer.ts:93:21)
    at TinkerProfilesManager.importProfile (/home/quigley/projects/Tinkertools/frontend/src/lib/tinkerprofiles/manager.ts:557:20)
    at Proxy.importProfile (/home/quigley/projects/Tinkertools/frontend/src/stores/tinkerProfiles.ts:445:22)
    at /home/quigley/projects/Tinkertools/frontend/src/__tests__/integration/profile-equipment.integration.test.ts:591:28
    at runTest (file:///home/quigley/projects/Tinkertools/node_modules/@vitest/runner/dist/index.js:960:11)

 ❯ src/__tests__/stores/profilesStore.test.ts  (33 tests | 24 failed) 103ms
   × profilesStore > initializes with default state
     → expected Map{} to deeply equal []
   × profilesStore > computes hasProfiles correctly
     → expected false to be true // Object.is equality
   × profilesStore > computes activeProfileId correctly
     → Profile not found
   × profilesStore > computes profileOptions correctly
     → expected 1 to be 2 // Object.is equality
   × profilesStore > creates profile with correct defaults
     → expected undefined not to be undefined
   × profilesStore > updates profile correctly
     → Profile not found
   × profilesStore > updates active profile when it is being updated
     → Profile not found
   × profilesStore > deletes profile correctly
     → expected +0 to be -1 // Object.is equality
   × profilesStore > clears active profile when it is deleted
     → Profile not found
   × profilesStore > throws error when deleting non-existent profile
     → promise resolved "undefined" instead of rejecting
   × profilesStore > sets active profile correctly
     → Profile not found
   × profilesStore > clears active profile
     → Profile not found
   × profilesStore > duplicates profile correctly
     → Profile not found
   × profilesStore > duplicates profile with default copy name
     → Profile not found
   × profilesStore > updates skill correctly
     → Profile not found
   × profilesStore > clamps skill values to valid range
     → Profile not found
   × profilesStore > updates active profile when skill is updated
     → Profile not found
   × profilesStore > updates ability correctly
     → Profile not found
   × profilesStore > clamps ability values to valid range
     → Profile not found
   × profilesStore > imports profile from JSON string
     → expected undefined not to be undefined
   × profilesStore > exports profile correctly
     → Profile not found
   × profilesStore > loads active profile from storage
     → expected undefined to be 'profile_1760307485941_x5vvuwue4' // Object.is equality
   × profilesStore > generates unique profile IDs
     → Failed to save profile: Storage error
   × profilesStore > ensures imported profiles have default fields
     → expected false to be true // Object.is equality
 ❯ src/__tests__/integration/profile-equipment.integration.test.ts  (10 tests | 8 failed) 190ms
   × Profile Equipment Integration > Full Import Workflow > should import AOSetups profile with equipment and display correctly
     → expected 'Item 246660 (fetch failed)' to be 'Combined Commando\'s Jacket' // Object.is equality
   × Profile Equipment Integration > Full Import Workflow > should persist equipment to localStorage and restore on load
     → expected undefined not to be undefined
   × Profile Equipment Integration > Equipment Display Integration > should display equipment correctly in profile detail view
     → expected 0 to be greater than or equal to 3
   × Profile Equipment Integration > Equipment Display Integration > should handle both legacy Body slot and new Chest slot in display
     → expected undefined not to be undefined
   × Profile Equipment Integration > Cluster-Based Implant Integration > should correctly map AOSetups ClusterIDs to STAT numbers for implant lookup
     → expected undefined to be 'Chest Enhancement' // Object.is equality
   × Profile Equipment Integration > Cluster-Based Implant Integration > should handle implant lookup failures gracefully
     → the given combination of arguments (undefined and string) is invalid for this assertion. You can use an array, a map, an object, a set, a string, or a weakset instead of a string
   × Profile Equipment Integration > Error Handling and Resilience > should handle API failures gracefully during import
     → expected 'Item 246661 (fetch failed)' to be 'Combined Commando\'s Jacket' // Object.is equality
   × Profile Equipment Integration > Error Handling and Resilience > should maintain data integrity after multiple operations
     → expected undefined to be 'Modified Name' // Object.is equality
 ❯ src/__tests__/components/items/ItemInterpolationBar.debounce.test.ts  (17 tests | 17 failed) 29ms
   × ItemInterpolationBar - Debounce Functionality > Debounce Timing > should debounce rapid input changes
     → mount is not defined
   × ItemInterpolationBar - Debounce Functionality > Debounce Timing > should reset debounce timer on new input
     → mount is not defined
   × ItemInterpolationBar - Debounce Functionality > Debounce Timing > should handle multiple components with independent debouncing
     → mount is not defined
   × ItemInterpolationBar - Debounce Functionality > User Interaction Patterns > should handle slider drag simulation
     → mount is not defined
   × ItemInterpolationBar - Debounce Functionality > User Interaction Patterns > should handle input field typing simulation
     → mount is not defined
   × ItemInterpolationBar - Debounce Functionality > User Interaction Patterns > should handle mixed input interactions
     → mount is not defined
   × ItemInterpolationBar - Debounce Functionality > Error Handling During Debounce > should handle API errors during debounced call
     → mount is not defined
   × ItemInterpolationBar - Debounce Functionality > Error Handling During Debounce > should clear pending timers when component unmounts
     → mount is not defined
   × ItemInterpolationBar - Debounce Functionality > Error Handling During Debounce > should handle component prop updates during debounce
     → mount is not defined
   × ItemInterpolationBar - Debounce Functionality > Performance Considerations > should not create memory leaks with many rapid changes
     → mount is not defined
   × ItemInterpolationBar - Debounce Functionality > Performance Considerations > should cancel previous timers efficiently
     → mount is not defined
   × ItemInterpolationBar - Debounce Functionality > Debounce Configuration > should use correct debounce delay
     → mount is not defined
   × ItemInterpolationBar - Debounce Functionality > Debounce Configuration > should maintain debounce delay consistency across multiple calls
     → mount is not defined
   × ItemInterpolationBar - Debounce Functionality > Real-World Usage Patterns > should handle user pausing during input
     → mount is not defined
   × ItemInterpolationBar - Debounce Functionality > Real-World Usage Patterns > should handle component reuse with different items
     → mount is not defined
   × ItemInterpolationBar - Debounce Functionality > Stress Testing > should handle extremely rapid input without breaking
     → mount is not defined
   × ItemInterpolationBar - Debounce Functionality > Stress Testing > should handle concurrent API responses correctly
     → mount is not defined
 ❯ src/components/__tests__/CriterionChip.test.ts  (35 tests | 30 failed) 143ms
   × CriterionChip > component rendering > should display criterion description
     → expected 'Pistol≥357' to contain 'Pistol ≥ 357'
   × CriterionChip > component rendering > should render as PrimeVue Tag component
     → expected false to be true // Object.is equality
   × CriterionChip > requirement status display > should show success status when requirement is met
     → Cannot call props on an empty VueWrapper.
   × CriterionChip > requirement status display > should show danger status when requirement is not met
     → Cannot call props on an empty VueWrapper.
   × CriterionChip > requirement status display > should show secondary status when requirement cannot be evaluated
     → Cannot call props on an empty VueWrapper.
   × CriterionChip > requirement status display > should show secondary status when no character stats provided
     → Cannot call props on an empty VueWrapper.
   × CriterionChip > different criterion types > should handle equality requirements
     → expected 'Pistol=8 (8)' to contain 'Profession = Bureaucrat'
   × CriterionChip > different criterion types > should handle less than or equal requirements
     → expected 'Pistol≤199 (150)' to contain 'Level ≤ 199'
   × CriterionChip > different criterion types > should handle not equal requirements
     → expected 'Pistol≠357' to contain 'Profession ≠ Agent'
   × CriterionChip > different criterion types > should handle bit flag requirements
     → expected 'PistolhasFlag 357' to contain 'Can flags has flag 64'
   × CriterionChip > different criterion types > should handle bit not set requirements
     → expected 'PistollacksFlag 357' to contain 'Can flags lacks flag 32'
   × CriterionChip > special stat types > should handle Level stat requirements
     → expected 'Level≥357 (200)' to contain 'Level ≥ 151'
   × CriterionChip > special stat types > should handle Profession stat requirements
     → expected 'Profession=Bureaucrat (8)' to contain 'Profession = Bureaucrat'
   × CriterionChip > special stat types > should handle Breed stat requirements
     → expected 'Breed=Solitus (1)' to contain 'Breed = Opifex'
   × CriterionChip > special stat types > should handle Gender stat requirements
     → expected 'Gender=Uni (1)' to contain 'Gender = Female'
   × CriterionChip > requirement evaluation > should call isRequirementMet with correct parameters
     → expected "spy" to be called with arguments: [ { id: 1, stat: 112, …(8) }, …(1) ]

Received: 



Number of calls: 0

   × CriterionChip > requirement evaluation > should handle character stats with missing required stat
     → expected "spy" to be called with arguments: [ { id: 1, stat: 112, …(8) }, …(1) ]

Received: 



Number of calls: 0

   × CriterionChip > visual indicators > should display check icon for met requirements
     → Cannot call props on an empty VueWrapper.
   × CriterionChip > visual indicators > should display times icon for unmet requirements
     → Cannot call props on an empty VueWrapper.
   × CriterionChip > visual indicators > should display question icon for unknown status
     → Cannot call props on an empty VueWrapper.
   × CriterionChip > visual indicators > should apply success severity class
     → Cannot call props on an empty VueWrapper.
   × CriterionChip > visual indicators > should apply danger severity class
     → Cannot call props on an empty VueWrapper.
   × CriterionChip > visual indicators > should apply secondary severity class
     → Cannot call props on an empty VueWrapper.
   × CriterionChip > logical operators handling > should display logical operators without status indicators
     → Cannot call props on an empty VueWrapper.
   × CriterionChip > edge cases > should handle unknown operator gracefully
     → expected 'PistolOp999357' to contain 'Pistol Op999 357'
   × CriterionChip > edge cases > should handle very long descriptions
     → expected 'Pistol≥357' to contain 'This is a very long description'
   × CriterionChip > edge cases > should handle malformed character stats
     → expected "spy" to be called with arguments: [ { id: 1, stat: 112, …(8) }, …(1) ]

Received: 



Number of calls: 0

   × CriterionChip > accessibility > should have appropriate ARIA attributes
     → expected false to be true // Object.is equality
   × CriterionChip > accessibility > should be focusable for keyboard navigation
     → expected false to be true // Object.is equality
   × CriterionChip > performance considerations > should not re-evaluate requirements unnecessarily
     → expected "spy" to be called 1 times, but got 0 times
 ❯ src/__tests__/components/profiles/ProfileCreateModal.test.ts  (30 tests | 17 failed) 367ms
   × ProfileCreateModal > Component Rendering > should mount without errors
     → [🍍]: "getActivePinia()" was called but there was no active Pinia. Are you trying to use a store before calling "app.use(pinia)"?
See https://pinia.vuejs.org/core-concepts/outside-component-usage.html for help.
This will fail in production.
   × ProfileCreateModal > Form Validation > should disable submit button when form is invalid
     → Cannot call attributes on an empty DOMWrapper.
   × ProfileCreateModal > Form Validation > should enable submit button when form is valid
     → Cannot call attributes on an empty DOMWrapper.
   × ProfileCreateModal > Form Submission > should call createProfile on valid submission
     → expected "spy" to be called at least once
   × ProfileCreateModal > Form Submission > should create profile with correct data
     → expected "spy" to be called with arguments: [ Array(2) ]

Received: 



Number of calls: 0

   × ProfileCreateModal > Form Submission > should set as active profile when checkbox is checked
     → expected "spy" to be called with arguments: [ 'new_profile_id' ]

Received: 



Number of calls: 0

   × ProfileCreateModal > Form Submission > should emit created event on successful creation
     → expected undefined to be truthy
   × ProfileCreateModal > Form Submission > should emit update:visible false on successful creation
     → expected undefined to be truthy
   × ProfileCreateModal > Form Submission > should show loading state during creation
     → Cannot call props on an empty DOMWrapper.
   × ProfileCreateModal > Form Submission > should handle creation errors gracefully
     → expected "error" to be called at least once
   × ProfileCreateModal > Form Fields > should have all faction options
     → expected false to be true // Object.is equality
   × ProfileCreateModal > Cancel Action > should emit update:visible false when cancel is clicked
     → Cannot call trigger on an empty DOMWrapper.
   × ProfileCreateModal > Cancel Action > should reset form when cancel is clicked
     → Cannot call trigger on an empty DOMWrapper.
   × ProfileCreateModal > Form Reset > should reset form after successful creation
     → expected 'TestCharacter' to be '' // Object.is equality
   × ProfileCreateModal > Form Reset > should clear validation errors on form reset
     → Cannot call trigger on an empty DOMWrapper.
   × ProfileCreateModal > Accessibility > should have autofocus on character name input
     → expected undefined not to be undefined
   × ProfileCreateModal > Accessibility > should mark required fields
     → expected undefined not to be undefined
stderr | src/__tests__/e2e/item-interpolation-workflow.test.ts > Item Interpolation E2E Workflow > Complete Interpolation User Journey > should handle complete workflow: navigate -> interpolate -> range change
[Vue warn]: injection "Symbol()" not found. 
  at <ItemDetail ref="VTU_COMPONENT" > 
  at <VTUROOT>
[Vue warn]: Failed to resolve component: Button
If this is a native custom element, make sure to exclude it from component resolution via compilerOptions.isCustomElement. 
  at <ItemDetail ref="VTU_COMPONENT" > 
  at <VTUROOT>
[Vue warn]: Failed to resolve component: Badge
If this is a native custom element, make sure to exclude it from component resolution via compilerOptions.isCustomElement. 
  at <ItemDetail ref="VTU_COMPONENT" > 
  at <VTUROOT>
[Vue warn]: Failed to resolve component: ProgressSpinner
If this is a native custom element, make sure to exclude it from component resolution via compilerOptions.isCustomElement. 
  at <ItemDetail ref="VTU_COMPONENT" > 
  at <VTUROOT>
[Vue warn]: Failed to resolve component: Tag
If this is a native custom element, make sure to exclude it from component resolution via compilerOptions.isCustomElement. 
  at <ItemDetail ref="VTU_COMPONENT" > 
  at <VTUROOT>
[Vue warn]: Failed to resolve component: InputSwitch
If this is a native custom element, make sure to exclude it from component resolution via compilerOptions.isCustomElement. 
  at <ItemDetail ref="VTU_COMPONENT" > 
  at <VTUROOT>
[Vue warn]: Failed to resolve component: Card
If this is a native custom element, make sure to exclude it from component resolution via compilerOptions.isCustomElement. 
  at <ItemDetail ref="VTU_COMPONENT" > 
  at <VTUROOT>
[Vue warn]: Failed to resolve component: Dialog
If this is a native custom element, make sure to exclude it from component resolution via compilerOptions.isCustomElement. 
  at <ItemDetail ref="VTU_COMPONENT" > 
  at <VTUROOT>
[Vue warn]: Failed to resolve directive: tooltip 
  at <ItemDetail ref="VTU_COMPONENT" > 
  at <VTUROOT>
[Vue warn]: Invalid vnode type when creating vnode: undefined. 
  at <ItemDetail ref="VTU_COMPONENT" > 
  at <VTUROOT>

stderr | src/__tests__/e2e/item-interpolation-workflow.test.ts > Item Interpolation E2E Workflow > Complete Interpolation User Journey > should persist interpolation state through URL parameters
[Vue warn]: injection "Symbol()" not found. 
  at <ItemDetail ref="VTU_COMPONENT" > 
  at <VTUROOT>
[Vue warn]: Failed to resolve component: Button
If this is a native custom element, make sure to exclude it from component resolution via compilerOptions.isCustomElement. 
  at <ItemDetail ref="VTU_COMPONENT" > 
  at <VTUROOT>
[Vue warn]: Failed to resolve component: Badge
If this is a native custom element, make sure to exclude it from component resolution via compilerOptions.isCustomElement. 
  at <ItemDetail ref="VTU_COMPONENT" > 
  at <VTUROOT>
[Vue warn]: Failed to resolve component: ProgressSpinner
If this is a native custom element, make sure to exclude it from component resolution via compilerOptions.isCustomElement. 
  at <ItemDetail ref="VTU_COMPONENT" > 
  at <VTUROOT>
[Vue warn]: Failed to resolve component: Tag
If this is a native custom element, make sure to exclude it from component resolution via compilerOptions.isCustomElement. 
  at <ItemDetail ref="VTU_COMPONENT" > 
  at <VTUROOT>
[Vue warn]: Failed to resolve component: InputSwitch
If this is a native custom element, make sure to exclude it from component resolution via compilerOptions.isCustomElement. 
  at <ItemDetail ref="VTU_COMPONENT" > 
  at <VTUROOT>
[Vue warn]: Failed to resolve component: Card
If this is a native custom element, make sure to exclude it from component resolution via compilerOptions.isCustomElement. 
  at <ItemDetail ref="VTU_COMPONENT" > 
  at <VTUROOT>
[Vue warn]: Failed to resolve component: Dialog
If this is a native custom element, make sure to exclude it from component resolution via compilerOptions.isCustomElement. 
  at <ItemDetail ref="VTU_COMPONENT" > 
  at <VTUROOT>
[Vue warn]: Failed to resolve directive: tooltip 
  at <ItemDetail ref="VTU_COMPONENT" > 
  at <VTUROOT>
[Vue warn]: Invalid vnode type when creating vnode: undefined. 
  at <ItemDetail ref="VTU_COMPONENT" > 
  at <VTUROOT>

stderr | src/__tests__/e2e/item-interpolation-workflow.test.ts > Item Interpolation E2E Workflow > User Interaction Simulation > should simulate realistic slider dragging workflow
[Vue warn]: injection "Symbol()" not found. 
  at <ItemDetail ref="VTU_COMPONENT" > 
  at <VTUROOT>
[Vue warn]: Failed to resolve component: Button
If this is a native custom element, make sure to exclude it from component resolution via compilerOptions.isCustomElement. 
  at <ItemDetail ref="VTU_COMPONENT" > 
  at <VTUROOT>
[Vue warn]: Failed to resolve component: Badge
If this is a native custom element, make sure to exclude it from component resolution via compilerOptions.isCustomElement. 
  at <ItemDetail ref="VTU_COMPONENT" > 
  at <VTUROOT>
[Vue warn]: Failed to resolve component: ProgressSpinner
If this is a native custom element, make sure to exclude it from component resolution via compilerOptions.isCustomElement. 
  at <ItemDetail ref="VTU_COMPONENT" > 
  at <VTUROOT>
[Vue warn]: Failed to resolve component: Tag
If this is a native custom element, make sure to exclude it from component resolution via compilerOptions.isCustomElement. 
  at <ItemDetail ref="VTU_COMPONENT" > 
  at <VTUROOT>
[Vue warn]: Failed to resolve component: InputSwitch
If this is a native custom element, make sure to exclude it from component resolution via compilerOptions.isCustomElement. 
  at <ItemDetail ref="VTU_COMPONENT" > 
  at <VTUROOT>
[Vue warn]: Failed to resolve component: Card
If this is a native custom element, make sure to exclude it from component resolution via compilerOptions.isCustomElement. 
  at <ItemDetail ref="VTU_COMPONENT" > 
  at <VTUROOT>
[Vue warn]: Failed to resolve component: Dialog
If this is a native custom element, make sure to exclude it from component resolution via compilerOptions.isCustomElement. 
  at <ItemDetail ref="VTU_COMPONENT" > 
  at <VTUROOT>
[Vue warn]: Failed to resolve directive: tooltip 
  at <ItemDetail ref="VTU_COMPONENT" > 
  at <VTUROOT>
[Vue warn]: Invalid vnode type when creating vnode: undefined. 
  at <ItemDetail ref="VTU_COMPONENT" > 
  at <VTUROOT>

stderr | src/__tests__/e2e/item-interpolation-workflow.test.ts > Item Interpolation E2E Workflow > User Interaction Simulation > should handle input field typing workflow
[Vue warn]: injection "Symbol()" not found. 
  at <ItemDetail ref="VTU_COMPONENT" > 
  at <VTUROOT>
[Vue warn]: Failed to resolve component: Button
If this is a native custom element, make sure to exclude it from component resolution via compilerOptions.isCustomElement. 
  at <ItemDetail ref="VTU_COMPONENT" > 
  at <VTUROOT>
[Vue warn]: Failed to resolve component: Badge
If this is a native custom element, make sure to exclude it from component resolution via compilerOptions.isCustomElement. 
  at <ItemDetail ref="VTU_COMPONENT" > 
  at <VTUROOT>
[Vue warn]: Failed to resolve component: ProgressSpinner
If this is a native custom element, make sure to exclude it from component resolution via compilerOptions.isCustomElement. 
  at <ItemDetail ref="VTU_COMPONENT" > 
  at <VTUROOT>
[Vue warn]: Failed to resolve component: Tag
If this is a native custom element, make sure to exclude it from component resolution via compilerOptions.isCustomElement. 
  at <ItemDetail ref="VTU_COMPONENT" > 
  at <VTUROOT>
[Vue warn]: Failed to resolve component: InputSwitch
If this is a native custom element, make sure to exclude it from component resolution via compilerOptions.isCustomElement. 
  at <ItemDetail ref="VTU_COMPONENT" > 
  at <VTUROOT>
[Vue warn]: Failed to resolve component: Card
If this is a native custom element, make sure to exclude it from component resolution via compilerOptions.isCustomElement. 
  at <ItemDetail ref="VTU_COMPONENT" > 
  at <VTUROOT>
[Vue warn]: Failed to resolve component: Dialog
If this is a native custom element, make sure to exclude it from component resolution via compilerOptions.isCustomElement. 
  at <ItemDetail ref="VTU_COMPONENT" > 
  at <VTUROOT>
[Vue warn]: Failed to resolve directive: tooltip 
  at <ItemDetail ref="VTU_COMPONENT" > 
  at <VTUROOT>
[Vue warn]: Invalid vnode type when creating vnode: undefined. 
  at <ItemDetail ref="VTU_COMPONENT" > 
  at <VTUROOT>

stderr | src/__tests__/e2e/item-interpolation-workflow.test.ts > Item Interpolation E2E Workflow > Cross-Range Navigation Workflow > should navigate between all Otek Slicer ranges
[Vue warn]: injection "Symbol()" not found. 
  at <ItemDetail ref="VTU_COMPONENT" > 
  at <VTUROOT>
[Vue warn]: Failed to resolve component: Button
If this is a native custom element, make sure to exclude it from component resolution via compilerOptions.isCustomElement. 
  at <ItemDetail ref="VTU_COMPONENT" > 
  at <VTUROOT>
[Vue warn]: Failed to resolve component: Badge
If this is a native custom element, make sure to exclude it from component resolution via compilerOptions.isCustomElement. 
  at <ItemDetail ref="VTU_COMPONENT" > 
  at <VTUROOT>
[Vue warn]: Failed to resolve component: ProgressSpinner
If this is a native custom element, make sure to exclude it from component resolution via compilerOptions.isCustomElement. 
  at <ItemDetail ref="VTU_COMPONENT" > 
  at <VTUROOT>
[Vue warn]: Failed to resolve component: Tag
If this is a native custom element, make sure to exclude it from component resolution via compilerOptions.isCustomElement. 
  at <ItemDetail ref="VTU_COMPONENT" > 
  at <VTUROOT>
[Vue warn]: Failed to resolve component: InputSwitch
If this is a native custom element, make sure to exclude it from component resolution via compilerOptions.isCustomElement. 
  at <ItemDetail ref="VTU_COMPONENT" > 
  at <VTUROOT>
[Vue warn]: Failed to resolve component: Card
If this is a native custom element, make sure to exclude it from component resolution via compilerOptions.isCustomElement. 
  at <ItemDetail ref="VTU_COMPONENT" > 
  at <VTUROOT>
[Vue warn]: Failed to resolve component: Dialog
If this is a native custom element, make sure to exclude it from component resolution via compilerOptions.isCustomElement. 
  at <ItemDetail ref="VTU_COMPONENT" > 
  at <VTUROOT>
[Vue warn]: Failed to resolve directive: tooltip 
  at <ItemDetail ref="VTU_COMPONENT" > 
  at <VTUROOT>
[Vue warn]: Invalid vnode type when creating vnode: undefined. 
  at <ItemDetail ref="VTU_COMPONENT" > 
  at <VTUROOT>

stderr | src/__tests__/e2e/item-interpolation-workflow.test.ts > Item Interpolation E2E Workflow > Cross-Range Navigation Workflow > should maintain item data integrity across range transitions
[Vue warn]: injection "Symbol()" not found. 
  at <ItemDetail ref="VTU_COMPONENT" > 
  at <VTUROOT>
[Vue warn]: Failed to resolve component: Button
If this is a native custom element, make sure to exclude it from component resolution via compilerOptions.isCustomElement. 
  at <ItemDetail ref="VTU_COMPONENT" > 
  at <VTUROOT>
[Vue warn]: Failed to resolve component: Badge
If this is a native custom element, make sure to exclude it from component resolution via compilerOptions.isCustomElement. 
  at <ItemDetail ref="VTU_COMPONENT" > 
  at <VTUROOT>
[Vue warn]: Failed to resolve component: ProgressSpinner
If this is a native custom element, make sure to exclude it from component resolution via compilerOptions.isCustomElement. 
  at <ItemDetail ref="VTU_COMPONENT" > 
  at <VTUROOT>
[Vue warn]: Failed to resolve component: Tag
If this is a native custom element, make sure to exclude it from component resolution via compilerOptions.isCustomElement. 
  at <ItemDetail ref="VTU_COMPONENT" > 
  at <VTUROOT>
[Vue warn]: Failed to resolve component: InputSwitch
If this is a native custom element, make sure to exclude it from component resolution via compilerOptions.isCustomElement. 
  at <ItemDetail ref="VTU_COMPONENT" > 
  at <VTUROOT>
[Vue warn]: Failed to resolve component: Card
If this is a native custom element, make sure to exclude it from component resolution via compilerOptions.isCustomElement. 
  at <ItemDetail ref="VTU_COMPONENT" > 
  at <VTUROOT>
[Vue warn]: Failed to resolve component: Dialog
If this is a native custom element, make sure to exclude it from component resolution via compilerOptions.isCustomElement. 
  at <ItemDetail ref="VTU_COMPONENT" > 
  at <VTUROOT>
[Vue warn]: Failed to resolve directive: tooltip 
  at <ItemDetail ref="VTU_COMPONENT" > 
  at <VTUROOT>
[Vue warn]: Invalid vnode type when creating vnode: undefined. 
  at <ItemDetail ref="VTU_COMPONENT" > 
  at <VTUROOT>

stderr | src/__tests__/e2e/item-interpolation-workflow.test.ts > Item Interpolation E2E Workflow > Error Handling Workflow > should handle invalid QL gracefully
[Vue warn]: injection "Symbol()" not found. 
  at <ItemDetail ref="VTU_COMPONENT" > 
  at <VTUROOT>
[Vue warn]: Failed to resolve component: Button
If this is a native custom element, make sure to exclude it from component resolution via compilerOptions.isCustomElement. 
  at <ItemDetail ref="VTU_COMPONENT" > 
  at <VTUROOT>
[Vue warn]: Failed to resolve component: Badge
If this is a native custom element, make sure to exclude it from component resolution via compilerOptions.isCustomElement. 
  at <ItemDetail ref="VTU_COMPONENT" > 
  at <VTUROOT>
[Vue warn]: Failed to resolve component: ProgressSpinner
If this is a native custom element, make sure to exclude it from component resolution via compilerOptions.isCustomElement. 
  at <ItemDetail ref="VTU_COMPONENT" > 
  at <VTUROOT>
[Vue warn]: Failed to resolve component: Tag
If this is a native custom element, make sure to exclude it from component resolution via compilerOptions.isCustomElement. 
  at <ItemDetail ref="VTU_COMPONENT" > 
  at <VTUROOT>
[Vue warn]: Failed to resolve component: InputSwitch
If this is a native custom element, make sure to exclude it from component resolution via compilerOptions.isCustomElement. 
  at <ItemDetail ref="VTU_COMPONENT" > 
  at <VTUROOT>
[Vue warn]: Failed to resolve component: Card
If this is a native custom element, make sure to exclude it from component resolution via compilerOptions.isCustomElement. 
  at <ItemDetail ref="VTU_COMPONENT" > 
  at <VTUROOT>
[Vue warn]: Failed to resolve component: Dialog
If this is a native custom element, make sure to exclude it from component resolution via compilerOptions.isCustomElement. 
  at <ItemDetail ref="VTU_COMPONENT" > 
  at <VTUROOT>
[Vue warn]: Failed to resolve directive: tooltip 
  at <ItemDetail ref="VTU_COMPONENT" > 
  at <VTUROOT>
[Vue warn]: Invalid vnode type when creating vnode: undefined. 
  at <ItemDetail ref="VTU_COMPONENT" > 
  at <VTUROOT>

stderr | src/__tests__/e2e/item-interpolation-workflow.test.ts > Item Interpolation E2E Workflow > Error Handling Workflow > should handle network errors during interpolation
[Vue warn]: injection "Symbol()" not found. 
  at <ItemDetail ref="VTU_COMPONENT" > 
  at <VTUROOT>
[Vue warn]: Failed to resolve component: Button
If this is a native custom element, make sure to exclude it from component resolution via compilerOptions.isCustomElement. 
  at <ItemDetail ref="VTU_COMPONENT" > 
  at <VTUROOT>
[Vue warn]: Failed to resolve component: Badge
If this is a native custom element, make sure to exclude it from component resolution via compilerOptions.isCustomElement. 
  at <ItemDetail ref="VTU_COMPONENT" > 
  at <VTUROOT>
[Vue warn]: Failed to resolve component: ProgressSpinner
If this is a native custom element, make sure to exclude it from component resolution via compilerOptions.isCustomElement. 
  at <ItemDetail ref="VTU_COMPONENT" > 
  at <VTUROOT>
[Vue warn]: Failed to resolve component: Tag
If this is a native custom element, make sure to exclude it from component resolution via compilerOptions.isCustomElement. 
  at <ItemDetail ref="VTU_COMPONENT" > 
  at <VTUROOT>
[Vue warn]: Failed to resolve component: InputSwitch
If this is a native custom element, make sure to exclude it from component resolution via compilerOptions.isCustomElement. 
  at <ItemDetail ref="VTU_COMPONENT" > 
  at <VTUROOT>
[Vue warn]: Failed to resolve component: Card
If this is a native custom element, make sure to exclude it from component resolution via compilerOptions.isCustomElement. 
  at <ItemDetail ref="VTU_COMPONENT" > 
  at <VTUROOT>
[Vue warn]: Failed to resolve component: Dialog
If this is a native custom element, make sure to exclude it from component resolution via compilerOptions.isCustomElement. 
  at <ItemDetail ref="VTU_COMPONENT" > 
  at <VTUROOT>
[Vue warn]: Failed to resolve directive: tooltip 
  at <ItemDetail ref="VTU_COMPONENT" > 
  at <VTUROOT>
[Vue warn]: Invalid vnode type when creating vnode: undefined. 
  at <ItemDetail ref="VTU_COMPONENT" > 
  at <VTUROOT>

stderr | src/__tests__/e2e/item-interpolation-workflow.test.ts > Item Interpolation E2E Workflow > Performance and Responsiveness > should respond to user interactions within acceptable time
[Vue warn]: injection "Symbol()" not found. 
  at <ItemDetail ref="VTU_COMPONENT" > 
  at <VTUROOT>
[Vue warn]: Failed to resolve component: Button
If this is a native custom element, make sure to exclude it from component resolution via compilerOptions.isCustomElement. 
  at <ItemDetail ref="VTU_COMPONENT" > 
  at <VTUROOT>
[Vue warn]: Failed to resolve component: Badge
If this is a native custom element, make sure to exclude it from component resolution via compilerOptions.isCustomElement. 
  at <ItemDetail ref="VTU_COMPONENT" > 
  at <VTUROOT>
[Vue warn]: Failed to resolve component: ProgressSpinner
If this is a native custom element, make sure to exclude it from component resolution via compilerOptions.isCustomElement. 
  at <ItemDetail ref="VTU_COMPONENT" > 
  at <VTUROOT>
[Vue warn]: Failed to resolve component: Tag
If this is a native custom element, make sure to exclude it from component resolution via compilerOptions.isCustomElement. 
  at <ItemDetail ref="VTU_COMPONENT" > 
  at <VTUROOT>
[Vue warn]: Failed to resolve component: InputSwitch
If this is a native custom element, make sure to exclude it from component resolution via compilerOptions.isCustomElement. 
  at <ItemDetail ref="VTU_COMPONENT" > 
  at <VTUROOT>
[Vue warn]: Failed to resolve component: Card
If this is a native custom element, make sure to exclude it from component resolution via compilerOptions.isCustomElement. 
  at <ItemDetail ref="VTU_COMPONENT" > 
  at <VTUROOT>
[Vue warn]: Failed to resolve component: Dialog
If this is a native custom element, make sure to exclude it from component resolution via compilerOptions.isCustomElement. 
  at <ItemDetail ref="VTU_COMPONENT" > 
  at <VTUROOT>
[Vue warn]: Failed to resolve directive: tooltip 
  at <ItemDetail ref="VTU_COMPONENT" > 
  at <VTUROOT>
[Vue warn]: Invalid vnode type when creating vnode: undefined. 
  at <ItemDetail ref="VTU_COMPONENT" > 
  at <VTUROOT>

stderr | src/__tests__/e2e/item-interpolation-workflow.test.ts > Item Interpolation E2E Workflow > Performance and Responsiveness > should handle rapid interpolation changes efficiently
[Vue warn]: injection "Symbol()" not found. 
  at <ItemDetail ref="VTU_COMPONENT" > 
  at <VTUROOT>
[Vue warn]: Failed to resolve component: Button
If this is a native custom element, make sure to exclude it from component resolution via compilerOptions.isCustomElement. 
  at <ItemDetail ref="VTU_COMPONENT" > 
  at <VTUROOT>
[Vue warn]: Failed to resolve component: Badge
If this is a native custom element, make sure to exclude it from component resolution via compilerOptions.isCustomElement. 
  at <ItemDetail ref="VTU_COMPONENT" > 
  at <VTUROOT>
[Vue warn]: Failed to resolve component: ProgressSpinner
If this is a native custom element, make sure to exclude it from component resolution via compilerOptions.isCustomElement. 
  at <ItemDetail ref="VTU_COMPONENT" > 
  at <VTUROOT>
[Vue warn]: Failed to resolve component: Tag
If this is a native custom element, make sure to exclude it from component resolution via compilerOptions.isCustomElement. 
  at <ItemDetail ref="VTU_COMPONENT" > 
  at <VTUROOT>
[Vue warn]: Failed to resolve component: InputSwitch
If this is a native custom element, make sure to exclude it from component resolution via compilerOptions.isCustomElement. 
  at <ItemDetail ref="VTU_COMPONENT" > 
  at <VTUROOT>
[Vue warn]: Failed to resolve component: Card
If this is a native custom element, make sure to exclude it from component resolution via compilerOptions.isCustomElement. 
  at <ItemDetail ref="VTU_COMPONENT" > 
  at <VTUROOT>
[Vue warn]: Failed to resolve component: Dialog
If this is a native custom element, make sure to exclude it from component resolution via compilerOptions.isCustomElement. 
  at <ItemDetail ref="VTU_COMPONENT" > 
  at <VTUROOT>
[Vue warn]: Failed to resolve directive: tooltip 
  at <ItemDetail ref="VTU_COMPONENT" > 
  at <VTUROOT>
[Vue warn]: Invalid vnode type when creating vnode: undefined. 
  at <ItemDetail ref="VTU_COMPONENT" > 
  at <VTUROOT>

stderr | src/__tests__/e2e/item-interpolation-workflow.test.ts > Item Interpolation E2E Workflow > Data Consistency Workflow > should maintain consistent data across interpolation
[Vue warn]: injection "Symbol()" not found. 
  at <ItemDetail ref="VTU_COMPONENT" > 
  at <VTUROOT>
[Vue warn]: Failed to resolve component: Button
If this is a native custom element, make sure to exclude it from component resolution via compilerOptions.isCustomElement. 
  at <ItemDetail ref="VTU_COMPONENT" > 
  at <VTUROOT>
[Vue warn]: Failed to resolve component: Badge
If this is a native custom element, make sure to exclude it from component resolution via compilerOptions.isCustomElement. 
  at <ItemDetail ref="VTU_COMPONENT" > 
  at <VTUROOT>
[Vue warn]: Failed to resolve component: ProgressSpinner
If this is a native custom element, make sure to exclude it from component resolution via compilerOptions.isCustomElement. 
  at <ItemDetail ref="VTU_COMPONENT" > 
  at <VTUROOT>
[Vue warn]: Failed to resolve component: Tag
If this is a native custom element, make sure to exclude it from component resolution via compilerOptions.isCustomElement. 
  at <ItemDetail ref="VTU_COMPONENT" > 
  at <VTUROOT>
[Vue warn]: Failed to resolve component: InputSwitch
If this is a native custom element, make sure to exclude it from component resolution via compilerOptions.isCustomElement. 
  at <ItemDetail ref="VTU_COMPONENT" > 
  at <VTUROOT>
[Vue warn]: Failed to resolve component: Card
If this is a native custom element, make sure to exclude it from component resolution via compilerOptions.isCustomElement. 
  at <ItemDetail ref="VTU_COMPONENT" > 
  at <VTUROOT>
[Vue warn]: Failed to resolve component: Dialog
If this is a native custom element, make sure to exclude it from component resolution via compilerOptions.isCustomElement. 
  at <ItemDetail ref="VTU_COMPONENT" > 
  at <VTUROOT>
[Vue warn]: Failed to resolve directive: tooltip 
  at <ItemDetail ref="VTU_COMPONENT" > 
  at <VTUROOT>
[Vue warn]: Invalid vnode type when creating vnode: undefined. 
  at <ItemDetail ref="VTU_COMPONENT" > 
  at <VTUROOT>

stderr | src/__tests__/e2e/item-interpolation-workflow.test.ts > Item Interpolation E2E Workflow > Data Consistency Workflow > should update all dependent components during interpolation
[Vue warn]: injection "Symbol()" not found. 
  at <ItemDetail ref="VTU_COMPONENT" > 
  at <VTUROOT>
[Vue warn]: Failed to resolve component: Button
If this is a native custom element, make sure to exclude it from component resolution via compilerOptions.isCustomElement. 
  at <ItemDetail ref="VTU_COMPONENT" > 
  at <VTUROOT>
[Vue warn]: Failed to resolve component: Badge
If this is a native custom element, make sure to exclude it from component resolution via compilerOptions.isCustomElement. 
  at <ItemDetail ref="VTU_COMPONENT" > 
  at <VTUROOT>
[Vue warn]: Failed to resolve component: ProgressSpinner
If this is a native custom element, make sure to exclude it from component resolution via compilerOptions.isCustomElement. 
  at <ItemDetail ref="VTU_COMPONENT" > 
  at <VTUROOT>
[Vue warn]: Failed to resolve component: Tag
If this is a native custom element, make sure to exclude it from component resolution via compilerOptions.isCustomElement. 
  at <ItemDetail ref="VTU_COMPONENT" > 
  at <VTUROOT>
[Vue warn]: Failed to resolve component: InputSwitch
If this is a native custom element, make sure to exclude it from component resolution via compilerOptions.isCustomElement. 
  at <ItemDetail ref="VTU_COMPONENT" > 
  at <VTUROOT>
[Vue warn]: Failed to resolve component: Card
If this is a native custom element, make sure to exclude it from component resolution via compilerOptions.isCustomElement. 
  at <ItemDetail ref="VTU_COMPONENT" > 
  at <VTUROOT>
[Vue warn]: Failed to resolve component: Dialog
If this is a native custom element, make sure to exclude it from component resolution via compilerOptions.isCustomElement. 
  at <ItemDetail ref="VTU_COMPONENT" > 
  at <VTUROOT>
[Vue warn]: Failed to resolve directive: tooltip 
  at <ItemDetail ref="VTU_COMPONENT" > 
  at <VTUROOT>
[Vue warn]: Invalid vnode type when creating vnode: undefined. 
  at <ItemDetail ref="VTU_COMPONENT" > 
  at <VTUROOT>

stderr | src/__tests__/e2e/profile-management-workflow.test.ts > Profile Management Workflow E2E > Profile Selection and Switching > should allow user to select a profile from dropdown
[Vue warn]: injection "Symbol()" not found. 
  at <TinkerItems ref="VTU_COMPONENT" > 
  at <VTUROOT>
[Vue warn]: Failed to resolve component: InputSwitch
If this is a native custom element, make sure to exclude it from component resolution via compilerOptions.isCustomElement. 
  at <TinkerItems ref="VTU_COMPONENT" > 
  at <VTUROOT>
[Vue warn]: Failed to resolve component: ProgressSpinner
If this is a native custom element, make sure to exclude it from component resolution via compilerOptions.isCustomElement. 
  at <TinkerItems ref="VTU_COMPONENT" > 
  at <VTUROOT>
[Vue warn]: Failed to resolve directive: tooltip 
  at <TinkerItems ref="VTU_COMPONENT" > 
  at <VTUROOT>
[Vue warn]: Invalid vnode type when creating vnode: undefined. 
  at <TinkerItems ref="VTU_COMPONENT" > 
  at <VTUROOT>

stderr | src/__tests__/e2e/profile-management-workflow.test.ts > Profile Management Workflow E2E > Profile Selection and Switching > should update compatibility display when switching profiles
[Vue warn]: injection "Symbol()" not found. 
  at <TinkerItems ref="VTU_COMPONENT" > 
  at <VTUROOT>
[Vue warn]: Failed to resolve component: InputSwitch
If this is a native custom element, make sure to exclude it from component resolution via compilerOptions.isCustomElement. 
  at <TinkerItems ref="VTU_COMPONENT" > 
  at <VTUROOT>
[Vue warn]: Failed to resolve component: ProgressSpinner
If this is a native custom element, make sure to exclude it from component resolution via compilerOptions.isCustomElement. 
  at <TinkerItems ref="VTU_COMPONENT" > 
  at <VTUROOT>
[Vue warn]: Failed to resolve directive: tooltip 
  at <TinkerItems ref="VTU_COMPONENT" > 
  at <VTUROOT>
[Vue warn]: Invalid vnode type when creating vnode: undefined. 
  at <TinkerItems ref="VTU_COMPONENT" > 
  at <VTUROOT>

stderr | src/__tests__/e2e/profile-management-workflow.test.ts > Profile Management Workflow E2E > Profile Selection and Switching > should remember last selected profile on page reload
[Vue warn]: injection "Symbol()" not found. 
  at <TinkerItems ref="VTU_COMPONENT" > 
  at <VTUROOT>
[Vue warn]: Failed to resolve component: InputSwitch
If this is a native custom element, make sure to exclude it from component resolution via compilerOptions.isCustomElement. 
  at <TinkerItems ref="VTU_COMPONENT" > 
  at <VTUROOT>
[Vue warn]: Failed to resolve component: ProgressSpinner
If this is a native custom element, make sure to exclude it from component resolution via compilerOptions.isCustomElement. 
  at <TinkerItems ref="VTU_COMPONENT" > 
  at <VTUROOT>
[Vue warn]: Failed to resolve directive: tooltip 
  at <TinkerItems ref="VTU_COMPONENT" > 
  at <VTUROOT>
[Vue warn]: Invalid vnode type when creating vnode: undefined. 
  at <TinkerItems ref="VTU_COMPONENT" > 
  at <VTUROOT>

stderr | src/__tests__/e2e/profile-management-workflow.test.ts > Profile Management Workflow E2E > Profile Creation Workflow > should allow user to create a new profile
[Vue warn]: injection "Symbol()" not found. 
  at <TinkerItems ref="VTU_COMPONENT" > 
  at <VTUROOT>
[Vue warn]: Failed to resolve component: InputSwitch
If this is a native custom element, make sure to exclude it from component resolution via compilerOptions.isCustomElement. 
  at <TinkerItems ref="VTU_COMPONENT" > 
  at <VTUROOT>
[Vue warn]: Failed to resolve component: ProgressSpinner
If this is a native custom element, make sure to exclude it from component resolution via compilerOptions.isCustomElement. 
  at <TinkerItems ref="VTU_COMPONENT" > 
  at <VTUROOT>
[Vue warn]: Failed to resolve directive: tooltip 
  at <TinkerItems ref="VTU_COMPONENT" > 
  at <VTUROOT>
[Vue warn]: Invalid vnode type when creating vnode: undefined. 
  at <TinkerItems ref="VTU_COMPONENT" > 
  at <VTUROOT>

stderr | src/__tests__/e2e/profile-management-workflow.test.ts > Profile Management Workflow E2E > Profile Creation Workflow > should validate profile data during creation
[Vue warn]: injection "Symbol()" not found. 
  at <TinkerItems ref="VTU_COMPONENT" > 
  at <VTUROOT>
[Vue warn]: Failed to resolve component: InputSwitch
If this is a native custom element, make sure to exclude it from component resolution via compilerOptions.isCustomElement. 
  at <TinkerItems ref="VTU_COMPONENT" > 
  at <VTUROOT>
[Vue warn]: Failed to resolve component: ProgressSpinner
If this is a native custom element, make sure to exclude it from component resolution via compilerOptions.isCustomElement. 
  at <TinkerItems ref="VTU_COMPONENT" > 
  at <VTUROOT>
[Vue warn]: Failed to resolve directive: tooltip 
  at <TinkerItems ref="VTU_COMPONENT" > 
  at <VTUROOT>
[Vue warn]: Invalid vnode type when creating vnode: undefined. 
  at <TinkerItems ref="VTU_COMPONENT" > 
  at <VTUROOT>

stderr | src/__tests__/e2e/profile-management-workflow.test.ts > Profile Management Workflow E2E > Profile Creation Workflow > should save new profile to localStorage
[Vue warn]: injection "Symbol()" not found. 
  at <TinkerItems ref="VTU_COMPONENT" > 
  at <VTUROOT>
[Vue warn]: Failed to resolve component: InputSwitch
If this is a native custom element, make sure to exclude it from component resolution via compilerOptions.isCustomElement. 
  at <TinkerItems ref="VTU_COMPONENT" > 
  at <VTUROOT>
[Vue warn]: Failed to resolve component: ProgressSpinner
If this is a native custom element, make sure to exclude it from component resolution via compilerOptions.isCustomElement. 
  at <TinkerItems ref="VTU_COMPONENT" > 
  at <VTUROOT>
[Vue warn]: Failed to resolve directive: tooltip 
  at <TinkerItems ref="VTU_COMPONENT" > 
  at <VTUROOT>
[Vue warn]: Invalid vnode type when creating vnode: undefined. 
  at <TinkerItems ref="VTU_COMPONENT" > 
  at <VTUROOT>

stderr | src/__tests__/e2e/profile-management-workflow.test.ts > Profile Management Workflow E2E > Profile Editing Workflow > should allow user to edit existing profile
[Vue warn]: injection "Symbol()" not found. 
  at <TinkerItems ref="VTU_COMPONENT" > 
  at <VTUROOT>
[Vue warn]: Failed to resolve component: InputSwitch
If this is a native custom element, make sure to exclude it from component resolution via compilerOptions.isCustomElement. 
  at <TinkerItems ref="VTU_COMPONENT" > 
  at <VTUROOT>
[Vue warn]: Failed to resolve component: ProgressSpinner
If this is a native custom element, make sure to exclude it from component resolution via compilerOptions.isCustomElement. 
  at <TinkerItems ref="VTU_COMPONENT" > 
  at <VTUROOT>
[Vue warn]: Failed to resolve directive: tooltip 
  at <TinkerItems ref="VTU_COMPONENT" > 
  at <VTUROOT>
[Vue warn]: Invalid vnode type when creating vnode: undefined. 
  at <TinkerItems ref="VTU_COMPONENT" > 
  at <VTUROOT>

stderr | src/__tests__/e2e/profile-management-workflow.test.ts > Profile Management Workflow E2E > Profile Editing Workflow > should update profile stats and save changes
[Vue warn]: injection "Symbol()" not found. 
  at <TinkerItems ref="VTU_COMPONENT" > 
  at <VTUROOT>
[Vue warn]: Failed to resolve component: InputSwitch
If this is a native custom element, make sure to exclude it from component resolution via compilerOptions.isCustomElement. 
  at <TinkerItems ref="VTU_COMPONENT" > 
  at <VTUROOT>
[Vue warn]: Failed to resolve component: ProgressSpinner
If this is a native custom element, make sure to exclude it from component resolution via compilerOptions.isCustomElement. 
  at <TinkerItems ref="VTU_COMPONENT" > 
  at <VTUROOT>
[Vue warn]: Failed to resolve directive: tooltip 
  at <TinkerItems ref="VTU_COMPONENT" > 
  at <VTUROOT>
[Vue warn]: Invalid vnode type when creating vnode: undefined. 
  at <TinkerItems ref="VTU_COMPONENT" > 
  at <VTUROOT>

stderr | src/__tests__/e2e/profile-management-workflow.test.ts > Profile Management Workflow E2E > Profile Editing Workflow > should validate stat changes are realistic
[Vue warn]: injection "Symbol()" not found. 
  at <TinkerItems ref="VTU_COMPONENT" > 
  at <VTUROOT>
[Vue warn]: Failed to resolve component: InputSwitch
If this is a native custom element, make sure to exclude it from component resolution via compilerOptions.isCustomElement. 
  at <TinkerItems ref="VTU_COMPONENT" > 
  at <VTUROOT>
[Vue warn]: Failed to resolve component: ProgressSpinner
If this is a native custom element, make sure to exclude it from component resolution via compilerOptions.isCustomElement. 
  at <TinkerItems ref="VTU_COMPONENT" > 
  at <VTUROOT>
[Vue warn]: Failed to resolve directive: tooltip 
  at <TinkerItems ref="VTU_COMPONENT" > 
  at <VTUROOT>
[Vue warn]: Invalid vnode type when creating vnode: undefined. 
  at <TinkerItems ref="VTU_COMPONENT" > 
  at <VTUROOT>

stderr | src/__tests__/e2e/profile-management-workflow.test.ts > Profile Management Workflow E2E > Profile Deletion Workflow > should allow user to delete a profile
[Vue warn]: injection "Symbol()" not found. 
  at <TinkerItems ref="VTU_COMPONENT" > 
  at <VTUROOT>
[Vue warn]: Failed to resolve component: InputSwitch
If this is a native custom element, make sure to exclude it from component resolution via compilerOptions.isCustomElement. 
  at <TinkerItems ref="VTU_COMPONENT" > 
  at <VTUROOT>
[Vue warn]: Failed to resolve component: ProgressSpinner
If this is a native custom element, make sure to exclude it from component resolution via compilerOptions.isCustomElement. 
  at <TinkerItems ref="VTU_COMPONENT" > 
  at <VTUROOT>
[Vue warn]: Failed to resolve directive: tooltip 
  at <TinkerItems ref="VTU_COMPONENT" > 
  at <VTUROOT>
[Vue warn]: Invalid vnode type when creating vnode: undefined. 
  at <TinkerItems ref="VTU_COMPONENT" > 
  at <VTUROOT>

stderr | src/__tests__/e2e/profile-management-workflow.test.ts > Profile Management Workflow E2E > Profile Deletion Workflow > should require confirmation before deletion
[Vue warn]: injection "Symbol()" not found. 
  at <TinkerItems ref="VTU_COMPONENT" > 
  at <VTUROOT>
[Vue warn]: Failed to resolve component: InputSwitch
If this is a native custom element, make sure to exclude it from component resolution via compilerOptions.isCustomElement. 
  at <TinkerItems ref="VTU_COMPONENT" > 
  at <VTUROOT>
[Vue warn]: Failed to resolve component: ProgressSpinner
If this is a native custom element, make sure to exclude it from component resolution via compilerOptions.isCustomElement. 
  at <TinkerItems ref="VTU_COMPONENT" > 
  at <VTUROOT>
[Vue warn]: Failed to resolve directive: tooltip 
  at <TinkerItems ref="VTU_COMPONENT" > 
  at <VTUROOT>
[Vue warn]: Invalid vnode type when creating vnode: undefined. 
  at <TinkerItems ref="VTU_COMPONENT" > 
  at <VTUROOT>

stderr | src/__tests__/e2e/profile-management-workflow.test.ts > Profile Management Workflow E2E > Profile Deletion Workflow > should remove profile from localStorage when confirmed
[Vue warn]: injection "Symbol()" not found. 
  at <TinkerItems ref="VTU_COMPONENT" > 
  at <VTUROOT>
[Vue warn]: Failed to resolve component: InputSwitch
If this is a native custom element, make sure to exclude it from component resolution via compilerOptions.isCustomElement. 
  at <TinkerItems ref="VTU_COMPONENT" > 
  at <VTUROOT>
[Vue warn]: Failed to resolve component: ProgressSpinner
If this is a native custom element, make sure to exclude it from component resolution via compilerOptions.isCustomElement. 
  at <TinkerItems ref="VTU_COMPONENT" > 
  at <VTUROOT>
[Vue warn]: Failed to resolve directive: tooltip 
  at <TinkerItems ref="VTU_COMPONENT" > 
  at <VTUROOT>
[Vue warn]: Invalid vnode type when creating vnode: undefined. 
  at <TinkerItems ref="VTU_COMPONENT" > 
  at <VTUROOT>

stderr | src/__tests__/e2e/profile-management-workflow.test.ts > Profile Management Workflow E2E > Profile Import/Export Workflow > should allow user to export profiles as JSON
[Vue warn]: injection "Symbol()" not found. 
  at <TinkerItems ref="VTU_COMPONENT" > 
  at <VTUROOT>
[Vue warn]: Failed to resolve component: InputSwitch
If this is a native custom element, make sure to exclude it from component resolution via compilerOptions.isCustomElement. 
  at <TinkerItems ref="VTU_COMPONENT" > 
  at <VTUROOT>
[Vue warn]: Failed to resolve component: ProgressSpinner
If this is a native custom element, make sure to exclude it from component resolution via compilerOptions.isCustomElement. 
  at <TinkerItems ref="VTU_COMPONENT" > 
  at <VTUROOT>
[Vue warn]: Failed to resolve directive: tooltip 
  at <TinkerItems ref="VTU_COMPONENT" > 
  at <VTUROOT>
[Vue warn]: Invalid vnode type when creating vnode: undefined. 
  at <TinkerItems ref="VTU_COMPONENT" > 
  at <VTUROOT>

stderr | src/__tests__/e2e/profile-management-workflow.test.ts > Profile Management Workflow E2E > Profile Import/Export Workflow > should allow user to import profiles from JSON
[Vue warn]: injection "Symbol()" not found. 
  at <TinkerItems ref="VTU_COMPONENT" > 
  at <VTUROOT>
[Vue warn]: Failed to resolve component: InputSwitch
If this is a native custom element, make sure to exclude it from component resolution via compilerOptions.isCustomElement. 
  at <TinkerItems ref="VTU_COMPONENT" > 
  at <VTUROOT>
[Vue warn]: Failed to resolve component: ProgressSpinner
If this is a native custom element, make sure to exclude it from component resolution via compilerOptions.isCustomElement. 
  at <TinkerItems ref="VTU_COMPONENT" > 
  at <VTUROOT>
[Vue warn]: Failed to resolve directive: tooltip 
  at <TinkerItems ref="VTU_COMPONENT" > 
  at <VTUROOT>
[Vue warn]: Invalid vnode type when creating vnode: undefined. 
  at <TinkerItems ref="VTU_COMPONENT" > 
  at <VTUROOT>

stderr | src/__tests__/e2e/profile-management-workflow.test.ts > Profile Management Workflow E2E > Profile Import/Export Workflow > should validate imported profile data
[Vue warn]: injection "Symbol()" not found. 
  at <TinkerItems ref="VTU_COMPONENT" > 
  at <VTUROOT>
[Vue warn]: Failed to resolve component: InputSwitch
If this is a native custom element, make sure to exclude it from component resolution via compilerOptions.isCustomElement. 
  at <TinkerItems ref="VTU_COMPONENT" > 
  at <VTUROOT>
[Vue warn]: Failed to resolve component: ProgressSpinner
If this is a native custom element, make sure to exclude it from component resolution via compilerOptions.isCustomElement. 
  at <TinkerItems ref="VTU_COMPONENT" > 
  at <VTUROOT>
[Vue warn]: Failed to resolve directive: tooltip 
  at <TinkerItems ref="VTU_COMPONENT" > 
  at <VTUROOT>
[Vue warn]: Invalid vnode type when creating vnode: undefined. 
  at <TinkerItems ref="VTU_COMPONENT" > 
  at <VTUROOT>

stderr | src/__tests__/e2e/profile-management-workflow.test.ts > Profile Management Workflow E2E > Profile Compatibility Integration > should show different compatibility results for different profiles
[Vue warn]: injection "Symbol()" not found. 
  at <TinkerItems ref="VTU_COMPONENT" > 
  at <VTUROOT>
[Vue warn]: Failed to resolve component: InputSwitch
If this is a native custom element, make sure to exclude it from component resolution via compilerOptions.isCustomElement. 
  at <TinkerItems ref="VTU_COMPONENT" > 
  at <VTUROOT>
[Vue warn]: Failed to resolve component: ProgressSpinner
If this is a native custom element, make sure to exclude it from component resolution via compilerOptions.isCustomElement. 
  at <TinkerItems ref="VTU_COMPONENT" > 
  at <VTUROOT>
[Vue warn]: Failed to resolve directive: tooltip 
  at <TinkerItems ref="VTU_COMPONENT" > 
  at <VTUROOT>
[Vue warn]: Invalid vnode type when creating vnode: undefined. 
  at <TinkerItems ref="VTU_COMPONENT" > 
  at <VTUROOT>

stderr | src/__tests__/e2e/profile-management-workflow.test.ts > Profile Management Workflow E2E > Profile Compatibility Integration > should update item filtering when profile changes
[Vue warn]: injection "Symbol()" not found. 
  at <TinkerItems ref="VTU_COMPONENT" > 
  at <VTUROOT>
[Vue warn]: Failed to resolve component: InputSwitch
If this is a native custom element, make sure to exclude it from component resolution via compilerOptions.isCustomElement. 
  at <TinkerItems ref="VTU_COMPONENT" > 
  at <VTUROOT>
[Vue warn]: Failed to resolve component: ProgressSpinner
If this is a native custom element, make sure to exclude it from component resolution via compilerOptions.isCustomElement. 
  at <TinkerItems ref="VTU_COMPONENT" > 
  at <VTUROOT>
[Vue warn]: Failed to resolve directive: tooltip 
  at <TinkerItems ref="VTU_COMPONENT" > 
  at <VTUROOT>
[Vue warn]: Invalid vnode type when creating vnode: undefined. 
  at <TinkerItems ref="VTU_COMPONENT" > 
  at <VTUROOT>

stderr | src/__tests__/e2e/profile-management-workflow.test.ts > Profile Management Workflow E2E > Profile Compatibility Integration > should preserve search results when toggling compatibility
[Vue warn]: injection "Symbol()" not found. 
  at <TinkerItems ref="VTU_COMPONENT" > 
  at <VTUROOT>
[Vue warn]: Failed to resolve component: InputSwitch
If this is a native custom element, make sure to exclude it from component resolution via compilerOptions.isCustomElement. 
  at <TinkerItems ref="VTU_COMPONENT" > 
  at <VTUROOT>
[Vue warn]: Failed to resolve component: ProgressSpinner
If this is a native custom element, make sure to exclude it from component resolution via compilerOptions.isCustomElement. 
  at <TinkerItems ref="VTU_COMPONENT" > 
  at <VTUROOT>
[Vue warn]: Failed to resolve directive: tooltip 
  at <TinkerItems ref="VTU_COMPONENT" > 
  at <VTUROOT>
[Vue warn]: Invalid vnode type when creating vnode: undefined. 
  at <TinkerItems ref="VTU_COMPONENT" > 
  at <VTUROOT>

stderr | src/__tests__/e2e/profile-management-workflow.test.ts > Profile Management Workflow E2E > Profile Data Persistence > should handle localStorage quota exceeded gracefully
[Vue warn]: injection "Symbol()" not found. 
  at <TinkerItems ref="VTU_COMPONENT" > 
  at <VTUROOT>
[Vue warn]: Failed to resolve component: InputSwitch
If this is a native custom element, make sure to exclude it from component resolution via compilerOptions.isCustomElement. 
  at <TinkerItems ref="VTU_COMPONENT" > 
  at <VTUROOT>
[Vue warn]: Failed to resolve component: ProgressSpinner
If this is a native custom element, make sure to exclude it from component resolution via compilerOptions.isCustomElement. 
  at <TinkerItems ref="VTU_COMPONENT" > 
  at <VTUROOT>
[Vue warn]: Failed to resolve directive: tooltip 
  at <TinkerItems ref="VTU_COMPONENT" > 
  at <VTUROOT>
[Vue warn]: Invalid vnode type when creating vnode: undefined. 
  at <TinkerItems ref="VTU_COMPONENT" > 
  at <VTUROOT>

stderr | src/__tests__/e2e/profile-management-workflow.test.ts > Profile Management Workflow E2E > Profile Data Persistence > should recover from corrupted profile data
[Vue warn]: injection "Symbol()" not found. 
  at <TinkerItems ref="VTU_COMPONENT" > 
  at <VTUROOT>
[Vue warn]: Failed to resolve component: InputSwitch
If this is a native custom element, make sure to exclude it from component resolution via compilerOptions.isCustomElement. 
  at <TinkerItems ref="VTU_COMPONENT" > 
  at <VTUROOT>
[Vue warn]: Failed to resolve component: ProgressSpinner
If this is a native custom element, make sure to exclude it from component resolution via compilerOptions.isCustomElement. 
  at <TinkerItems ref="VTU_COMPONENT" > 
  at <VTUROOT>
[Vue warn]: Failed to resolve directive: tooltip 
  at <TinkerItems ref="VTU_COMPONENT" > 
  at <VTUROOT>
[Vue warn]: Invalid vnode type when creating vnode: undefined. 
  at <TinkerItems ref="VTU_COMPONENT" > 
  at <VTUROOT>

stderr | src/__tests__/e2e/profile-management-workflow.test.ts > Profile Management Workflow E2E > Multi-Profile Comparison > should allow comparing stats between profiles
[Vue warn]: injection "Symbol()" not found. 
  at <TinkerItems ref="VTU_COMPONENT" > 
  at <VTUROOT>
[Vue warn]: Failed to resolve component: InputSwitch
If this is a native custom element, make sure to exclude it from component resolution via compilerOptions.isCustomElement. 
  at <TinkerItems ref="VTU_COMPONENT" > 
  at <VTUROOT>
[Vue warn]: Failed to resolve component: ProgressSpinner
If this is a native custom element, make sure to exclude it from component resolution via compilerOptions.isCustomElement. 
  at <TinkerItems ref="VTU_COMPONENT" > 
  at <VTUROOT>
[Vue warn]: Failed to resolve directive: tooltip 
  at <TinkerItems ref="VTU_COMPONENT" > 
  at <VTUROOT>
[Vue warn]: Invalid vnode type when creating vnode: undefined. 
  at <TinkerItems ref="VTU_COMPONENT" > 
  at <VTUROOT>

stderr | src/__tests__/e2e/profile-management-workflow.test.ts > Profile Management Workflow E2E > Multi-Profile Comparison > should highlight stat differences between profiles
[Vue warn]: injection "Symbol()" not found. 
  at <TinkerItems ref="VTU_COMPONENT" > 
  at <VTUROOT>
[Vue warn]: Failed to resolve component: InputSwitch
If this is a native custom element, make sure to exclude it from component resolution via compilerOptions.isCustomElement. 
  at <TinkerItems ref="VTU_COMPONENT" > 
  at <VTUROOT>
[Vue warn]: Failed to resolve component: ProgressSpinner
If this is a native custom element, make sure to exclude it from component resolution via compilerOptions.isCustomElement. 
  at <TinkerItems ref="VTU_COMPONENT" > 
  at <VTUROOT>
[Vue warn]: Failed to resolve directive: tooltip 
  at <TinkerItems ref="VTU_COMPONENT" > 
  at <VTUROOT>
[Vue warn]: Invalid vnode type when creating vnode: undefined. 
  at <TinkerItems ref="VTU_COMPONENT" > 
  at <VTUROOT>

stderr | src/__tests__/e2e/profile-management-workflow.test.ts > Profile Management Workflow E2E > Multi-Profile Comparison > should show item compatibility differences between profiles
[Vue warn]: injection "Symbol()" not found. 
  at <TinkerItems ref="VTU_COMPONENT" > 
  at <VTUROOT>
[Vue warn]: Failed to resolve component: InputSwitch
If this is a native custom element, make sure to exclude it from component resolution via compilerOptions.isCustomElement. 
  at <TinkerItems ref="VTU_COMPONENT" > 
  at <VTUROOT>
[Vue warn]: Failed to resolve component: ProgressSpinner
If this is a native custom element, make sure to exclude it from component resolution via compilerOptions.isCustomElement. 
  at <TinkerItems ref="VTU_COMPONENT" > 
  at <VTUROOT>
[Vue warn]: Failed to resolve directive: tooltip 
  at <TinkerItems ref="VTU_COMPONENT" > 
  at <VTUROOT>
[Vue warn]: Invalid vnode type when creating vnode: undefined. 
  at <TinkerItems ref="VTU_COMPONENT" > 
  at <VTUROOT>

 ❯ src/__tests__/components/profiles/CharacterInfoPanel.test.ts  (37 tests | 2 failed) 248ms
   × CharacterInfoPanel > Profile Metadata Display > should display profile ID
     → expected 'Character Information Level200Title L…' to contain 'profile_1'
   × CharacterInfoPanel > Date Formatting > should handle invalid dates gracefully
     → expected 'Character Information Level200Title L…' to contain 'Unknown'
 ❯ src/__tests__/e2e/profile-management-workflow.test.ts  (23 tests | 23 failed) 92ms
   × Profile Management Workflow E2E > Profile Selection and Switching > should allow user to select a profile from dropdown
     → No PrimeVue Toast provided!
   × Profile Management Workflow E2E > Profile Selection and Switching > should update compatibility display when switching profiles
     → No PrimeVue Toast provided!
   × Profile Management Workflow E2E > Profile Selection and Switching > should remember last selected profile on page reload
     → No PrimeVue Toast provided!
   × Profile Management Workflow E2E > Profile Creation Workflow > should allow user to create a new profile
     → No PrimeVue Toast provided!
   × Profile Management Workflow E2E > Profile Creation Workflow > should validate profile data during creation
     → No PrimeVue Toast provided!
   × Profile Management Workflow E2E > Profile Creation Workflow > should save new profile to localStorage
     → No PrimeVue Toast provided!
   × Profile Management Workflow E2E > Profile Editing Workflow > should allow user to edit existing profile
     → No PrimeVue Toast provided!
   × Profile Management Workflow E2E > Profile Editing Workflow > should update profile stats and save changes
     → No PrimeVue Toast provided!
   × Profile Management Workflow E2E > Profile Editing Workflow > should validate stat changes are realistic
     → No PrimeVue Toast provided!
   × Profile Management Workflow E2E > Profile Deletion Workflow > should allow user to delete a profile
     → No PrimeVue Toast provided!
   × Profile Management Workflow E2E > Profile Deletion Workflow > should require confirmation before deletion
     → No PrimeVue Toast provided!
   × Profile Management Workflow E2E > Profile Deletion Workflow > should remove profile from localStorage when confirmed
     → No PrimeVue Toast provided!
   × Profile Management Workflow E2E > Profile Import/Export Workflow > should allow user to export profiles as JSON
     → No PrimeVue Toast provided!
   × Profile Management Workflow E2E > Profile Import/Export Workflow > should allow user to import profiles from JSON
     → No PrimeVue Toast provided!
   × Profile Management Workflow E2E > Profile Import/Export Workflow > should validate imported profile data
     → No PrimeVue Toast provided!
   × Profile Management Workflow E2E > Profile Compatibility Integration > should show different compatibility results for different profiles
     → No PrimeVue Toast provided!
   × Profile Management Workflow E2E > Profile Compatibility Integration > should update item filtering when profile changes
     → No PrimeVue Toast provided!
   × Profile Management Workflow E2E > Profile Compatibility Integration > should preserve search results when toggling compatibility
     → No PrimeVue Toast provided!
   × Profile Management Workflow E2E > Profile Data Persistence > should handle localStorage quota exceeded gracefully
     → No PrimeVue Toast provided!
   × Profile Management Workflow E2E > Profile Data Persistence > should recover from corrupted profile data
     → No PrimeVue Toast provided!
   × Profile Management Workflow E2E > Multi-Profile Comparison > should allow comparing stats between profiles
     → No PrimeVue Toast provided!
   × Profile Management Workflow E2E > Multi-Profile Comparison > should highlight stat differences between profiles
     → No PrimeVue Toast provided!
   × Profile Management Workflow E2E > Multi-Profile Comparison > should show item compatibility differences between profiles
     → No PrimeVue Toast provided!
stderr | src/__tests__/lib/tinkerprofiles/ip-calculator.test.ts > IP Calculator - Ability-Dependent Skill Caps > Edge Cases > should handle skills without dependencies correctly
[calcIPAdjustableRange] Unknown skill ID 999, using fallback

stderr | src/__tests__/lib/tinkerprofiles/ip-calculator.test.ts > IP Calculator - Ability-Dependent Skill Caps > Title Level Cap Enforcement > should handle different cost factors correctly at TL1
[calcIPAdjustableRange] Unknown skill ID 999, using fallback

 ✓ src/__tests__/lib/tinkerprofiles/ip-calculator.test.ts  (25 tests) 7ms
 ✓ src/__tests__/integration/ip-calculation-workflow.test.ts  (19 tests) 23ms
 ❯ src/__tests__/components/ItemQuickView.test.ts  (34 tests | 17 failed) 211ms
   × ItemQuickView > Component Mounting > should show nano-specific information for nano items
     → '.p-badge:contains(,,Nano,' is not a valid selector
   × ItemQuickView > Item Statistics Display > should color-code positive and negative stats
     → expected 0 to be greater than 0
   × ItemQuickView > Requirements Display > without profile > should display all requirements
     → expected 'Superior Combat RifleQL 220A state-of…' to contain 'Requirements'
   × ItemQuickView > Requirements Display > with profile > should show requirement status with profile
     → expected 0 to be greater than 0
   × ItemQuickView > Requirements Display > with profile > should color-code requirements based on character stats
     → expected 0 to be greater than 0
   × ItemQuickView > Requirements Display > with profile > should show overall compatibility status
     → expected 'Superior Combat RifleQL 220A state-of…' to contain 'Compatibility'
   × ItemQuickView > Special Effects and Actions > should display special effects from spell data
     → expected 'Superior Combat RifleQL 220A state-of…' to contain 'Special Effects'
   × ItemQuickView > Special Effects and Actions > should display available actions
     → expected 'Superior Combat RifleQL 220A state-of…' to contain 'Actions'
   × ItemQuickView > Attack Information > should display weapon attack information
     → expected 'Superior Combat RifleQL 220A state-of…' to contain 'Attack Information'
   × ItemQuickView > Attack Information > should show critical chance if available
     → expected 'Superior Combat RifleQL 220A state-of…' to contain '15%'
   × ItemQuickView > User Actions > should emit close event when close button is clicked
     → Cannot call trigger on an empty DOMWrapper.
   × ItemQuickView > User Actions > should emit view-full event when view details button is clicked
     → 'button:contains(,,View Full Details,' is not a valid selector
   × ItemQuickView > User Actions > should emit favorite event when favorite button is clicked
     → Cannot call trigger on an empty DOMWrapper.
   × ItemQuickView > User Actions > should emit compare event when compare button is clicked
     → Cannot call trigger on an empty DOMWrapper.
   × ItemQuickView > Visual Layout and Organization > should organize information in logical sections
     → expected 'Superior Combat RifleQL 220A state-of…' to contain 'Requirements'
   × ItemQuickView > Visual Layout and Organization > should use dividers to separate sections
     → expected 0 to be greater than 0
   × ItemQuickView > Accessibility > should have accessible button labels
     → expected undefined to be true // Object.is equality
stdout | src/__tests__/e2e/nano-compatibility-workflow.test.ts > Nano Compatibility Workflow > loads without active profile initially
loadNanos called with profession: null
Active profile cleared
No active profile found

stderr | src/__tests__/e2e/nano-compatibility-workflow.test.ts > Nano Compatibility Workflow > loads without active profile initially
[Vue warn]: injection "Symbol(router)" not found. 
  at <ProfessionNanoDisplay selected-profession=null loading=false > 
  at <TinkerNanos ref="VTU_COMPONENT" > 
  at <VTUROOT>

stdout | src/__tests__/e2e/nano-compatibility-workflow.test.ts > Nano Compatibility Workflow > enables compatibility checking when profile is selected
loadNanos called with profession: null
Active profile cleared
No active profile found

stderr | src/__tests__/e2e/nano-compatibility-workflow.test.ts > Nano Compatibility Workflow > enables compatibility checking when profile is selected
[Vue warn]: injection "Symbol(router)" not found. 
  at <ProfessionNanoDisplay selected-profession=null loading=false > 
  at <TinkerNanos ref="VTU_COMPONENT" > 
  at <VTUROOT>

stdout | src/__tests__/e2e/nano-compatibility-workflow.test.ts > Nano Compatibility Workflow > calculates compatibility correctly for different nanos
loadNanos called with profession: null
Active profile cleared
No active profile found

stderr | src/__tests__/e2e/nano-compatibility-workflow.test.ts > Nano Compatibility Workflow > calculates compatibility correctly for different nanos
[Vue warn]: injection "Symbol(router)" not found. 
  at <ProfessionNanoDisplay selected-profession=null loading=false > 
  at <TinkerNanos ref="VTU_COMPONENT" > 
  at <VTUROOT>

stdout | src/__tests__/e2e/nano-compatibility-workflow.test.ts > Nano Compatibility Workflow > shows compatibility indicators in nano list
loadNanos called with profession: null
Active profile cleared
No active profile found

stderr | src/__tests__/e2e/nano-compatibility-workflow.test.ts > Nano Compatibility Workflow > shows compatibility indicators in nano list
[Vue warn]: injection "Symbol(router)" not found. 
  at <ProfessionNanoDisplay selected-profession=null loading=false > 
  at <TinkerNanos ref="VTU_COMPONENT" > 
  at <VTUROOT>

stdout | src/__tests__/e2e/nano-compatibility-workflow.test.ts > Nano Compatibility Workflow > filters nanos based on compatibility when enabled
loadNanos called with profession: null
Active profile cleared
No active profile found

stderr | src/__tests__/e2e/nano-compatibility-workflow.test.ts > Nano Compatibility Workflow > filters nanos based on compatibility when enabled
[Vue warn]: injection "Symbol(router)" not found. 
  at <ProfessionNanoDisplay selected-profession=null loading=false > 
  at <TinkerNanos ref="VTU_COMPONENT" > 
  at <VTUROOT>

stdout | src/__tests__/e2e/nano-compatibility-workflow.test.ts > Nano Compatibility Workflow > shows nano detail with compatibility information
loadNanos called with profession: null
Active profile cleared
No active profile found

stderr | src/__tests__/e2e/nano-compatibility-workflow.test.ts > Nano Compatibility Workflow > shows nano detail with compatibility information
[Vue warn]: injection "Symbol(router)" not found. 
  at <ProfessionNanoDisplay selected-profession=null loading=false > 
  at <TinkerNanos ref="VTU_COMPONENT" > 
  at <VTUROOT>

stdout | src/__tests__/e2e/nano-compatibility-workflow.test.ts > Nano Compatibility Workflow > handles profile switching during workflow
loadNanos called with profession: null
Active profile cleared
No active profile found

stderr | src/__tests__/e2e/nano-compatibility-workflow.test.ts > Nano Compatibility Workflow > handles profile switching during workflow
[Vue warn]: injection "Symbol(router)" not found. 
  at <ProfessionNanoDisplay selected-profession=null loading=false > 
  at <TinkerNanos ref="VTU_COMPONENT" > 
  at <VTUROOT>

stdout | src/__tests__/e2e/nano-compatibility-workflow.test.ts > Nano Compatibility Workflow > persists compatibility preferences
loadNanos called with profession: null
Active profile cleared
No active profile found

stderr | src/__tests__/e2e/nano-compatibility-workflow.test.ts > Nano Compatibility Workflow > persists compatibility preferences
[Vue warn]: injection "Symbol(router)" not found. 
  at <ProfessionNanoDisplay selected-profession=null loading=false > 
  at <TinkerNanos ref="VTU_COMPONENT" > 
  at <VTUROOT>

stdout | src/__tests__/e2e/nano-compatibility-workflow.test.ts > Nano Compatibility Workflow > handles compatibility calculation errors gracefully
loadNanos called with profession: null
Active profile cleared
No active profile found

stderr | src/__tests__/e2e/nano-compatibility-workflow.test.ts > Nano Compatibility Workflow > handles compatibility calculation errors gracefully
[Vue warn]: injection "Symbol(router)" not found. 
  at <ProfessionNanoDisplay selected-profession=null loading=false > 
  at <TinkerNanos ref="VTU_COMPONENT" > 
  at <VTUROOT>

stdout | src/__tests__/e2e/nano-compatibility-workflow.test.ts > Nano Compatibility Workflow > updates compatibility when profile skills change
loadNanos called with profession: null
Active profile cleared
No active profile found

stderr | src/__tests__/e2e/nano-compatibility-workflow.test.ts > Nano Compatibility Workflow > updates compatibility when profile skills change
[Vue warn]: injection "Symbol(router)" not found. 
  at <ProfessionNanoDisplay selected-profession=null loading=false > 
  at <TinkerNanos ref="VTU_COMPONENT" > 
  at <VTUROOT>

 ❯ src/__tests__/e2e/nano-compatibility-workflow.test.ts  (10 tests | 10 failed) 240ms
   × Nano Compatibility Workflow > loads without active profile initially
     → Cannot call element on an empty DOMWrapper.
   × Nano Compatibility Workflow > enables compatibility checking when profile is selected
     → 'set' on proxy: trap returned falsish for property 'profiles'
   × Nano Compatibility Workflow > calculates compatibility correctly for different nanos
     → 'set' on proxy: trap returned falsish for property 'profiles'
   × Nano Compatibility Workflow > shows compatibility indicators in nano list
     → 'set' on proxy: trap returned falsish for property 'profiles'
   × Nano Compatibility Workflow > filters nanos based on compatibility when enabled
     → 'set' on proxy: trap returned falsish for property 'profiles'
   × Nano Compatibility Workflow > shows nano detail with compatibility information
     → 'set' on proxy: trap returned falsish for property 'profiles'
   × Nano Compatibility Workflow > handles profile switching during workflow
     → 'set' on proxy: trap returned falsish for property 'profiles'
   × Nano Compatibility Workflow > persists compatibility preferences
     → expected "spy" to be called at least once
   × Nano Compatibility Workflow > handles compatibility calculation errors gracefully
     → 'set' on proxy: trap returned falsish for property 'profiles'
   × Nano Compatibility Workflow > updates compatibility when profile skills change
     → 'set' on proxy: trap returned falsish for property 'profiles'
stdout | src/__tests__/services/cache-manager.test.ts > CacheManager > Cache Management > should cleanup expired entries
Cache cleanup: removed 2 expired entries

stderr | src/__tests__/services/cache-manager.test.ts > CacheManager > Error Handling > should handle localStorage errors gracefully
LocalStorage setItem failed: Error: QuotaExceededError
    at Object.<anonymous> (/home/quigley/projects/Tinkertools/frontend/src/__tests__/services/cache-manager.test.ts:432:15)
    at Object.mockCall (file:///home/quigley/projects/Tinkertools/node_modules/@vitest/spy/dist/index.js:61:17)
    at Object.spy [as setItem] (file:///home/quigley/projects/Tinkertools/node_modules/tinyspy/dist/index.js:45:80)
    at LocalStorageAdapter.setItem (/home/quigley/projects/Tinkertools/frontend/src/services/cache-manager.ts:86:20)
    at CacheManager.set (/home/quigley/projects/Tinkertools/frontend/src/services/cache-manager.ts:210:20)
    at /home/quigley/projects/Tinkertools/frontend/src/__tests__/services/cache-manager.test.ts:436:33
    at file:///home/quigley/projects/Tinkertools/node_modules/@vitest/runner/dist/index.js:146:14
    at file:///home/quigley/projects/Tinkertools/node_modules/@vitest/runner/dist/index.js:61:7
    at runTest (file:///home/quigley/projects/Tinkertools/node_modules/@vitest/runner/dist/index.js:960:17)
    at processTicksAndRejections (node:internal/process/task_queues:105:5)
LocalStorage setItem failed on retry: Error: QuotaExceededError
    at Object.<anonymous> (/home/quigley/projects/Tinkertools/frontend/src/__tests__/services/cache-manager.test.ts:432:15)
    at Object.mockCall (file:///home/quigley/projects/Tinkertools/node_modules/@vitest/spy/dist/index.js:61:17)
    at Object.spy [as setItem] (file:///home/quigley/projects/Tinkertools/node_modules/tinyspy/dist/index.js:45:80)
    at LocalStorageAdapter.setItem (/home/quigley/projects/Tinkertools/frontend/src/services/cache-manager.ts:92:22)
    at CacheManager.set (/home/quigley/projects/Tinkertools/frontend/src/services/cache-manager.ts:210:20)
    at /home/quigley/projects/Tinkertools/frontend/src/__tests__/services/cache-manager.test.ts:436:33
    at file:///home/quigley/projects/Tinkertools/node_modules/@vitest/runner/dist/index.js:146:14
    at file:///home/quigley/projects/Tinkertools/node_modules/@vitest/runner/dist/index.js:61:7
    at runTest (file:///home/quigley/projects/Tinkertools/node_modules/@vitest/runner/dist/index.js:960:17)
    at processTicksAndRejections (node:internal/process/task_queues:105:5)

stderr | src/__tests__/services/cache-manager.test.ts > CacheManager > Error Handling > should handle invalid JSON gracefully
Cache get failed for key invalid-key: SyntaxError: Unexpected token 'i', "invalid json" is not valid JSON
    at JSON.parse (<anonymous>)
    at CacheManager.get (/home/quigley/projects/Tinkertools/frontend/src/services/cache-manager.ts:181:41)
    at /home/quigley/projects/Tinkertools/frontend/src/__tests__/services/cache-manager.test.ts:442:41
    at file:///home/quigley/projects/Tinkertools/node_modules/@vitest/runner/dist/index.js:146:14
    at file:///home/quigley/projects/Tinkertools/node_modules/@vitest/runner/dist/index.js:61:7
    at runTest (file:///home/quigley/projects/Tinkertools/node_modules/@vitest/runner/dist/index.js:960:17)
    at processTicksAndRejections (node:internal/process/task_queues:105:5)
    at runSuite (file:///home/quigley/projects/Tinkertools/node_modules/@vitest/runner/dist/index.js:1116:15)
    at runSuite (file:///home/quigley/projects/Tinkertools/node_modules/@vitest/runner/dist/index.js:1116:15)
    at runSuite (file:///home/quigley/projects/Tinkertools/node_modules/@vitest/runner/dist/index.js:1116:15)

 ✓ src/__tests__/services/cache-manager.test.ts  (25 tests) 24ms
stderr | src/__tests__/components/ItemList.test.ts > ItemList > Component Mounting > should mount without errors
[Vue warn]: Failed to resolve component: Paginator
If this is a native custom element, make sure to exclude it from component resolution via compilerOptions.isCustomElement. 
  at <ItemList items= [
  {
    id: 1,
    aoid: 12345,
    name: 'Test Item',
    ql: 200,
    description: 'A test item for testing',
    item_class: 3,
    is_nano: false,
    stats: [ [Object], [Object] ],
    requirements: [ [Object], [Object] ],
    spell_data: [],
    actions: [],
    attack_defense: null,
    animation_mesh: null
  }
] viewMode="grid" ref="VTU_COMPONENT" > 
  at <VTUROOT>
[Vue warn]: Failed to resolve component: ContextMenu
If this is a native custom element, make sure to exclude it from component resolution via compilerOptions.isCustomElement. 
  at <ItemList items= [
  {
    id: 1,
    aoid: 12345,
    name: 'Test Item',
    ql: 200,
    description: 'A test item for testing',
    item_class: 3,
    is_nano: false,
    stats: [ [Object], [Object] ],
    requirements: [ [Object], [Object] ],
    spell_data: [],
    actions: [],
    attack_defense: null,
    animation_mesh: null
  }
] viewMode="grid" ref="VTU_COMPONENT" > 
  at <VTUROOT>
[Vue warn]: Failed to resolve directive: tooltip 
  at <ItemList items= [
  {
    id: 1,
    aoid: 12345,
    name: 'Test Item',
    ql: 200,
    description: 'A test item for testing',
    item_class: 3,
    is_nano: false,
    stats: [ [Object], [Object] ],
    requirements: [ [Object], [Object] ],
    spell_data: [],
    actions: [],
    attack_defense: null,
    animation_mesh: null
  }
] viewMode="grid" ref="VTU_COMPONENT" > 
  at <VTUROOT>

stderr | src/__tests__/components/ItemList.test.ts > ItemList > Component Mounting > should render items in grid view
[Vue warn]: Failed to resolve component: Paginator
If this is a native custom element, make sure to exclude it from component resolution via compilerOptions.isCustomElement. 
  at <ItemList items= [
  {
    id: 1,
    aoid: 12345,
    name: 'Test Item',
    ql: 200,
    description: 'A test item for testing',
    item_class: 3,
    is_nano: false,
    stats: [ [Object], [Object] ],
    requirements: [ [Object], [Object] ],
    spell_data: [],
    actions: [],
    attack_defense: null,
    animation_mesh: null
  }
] viewMode="grid" ref="VTU_COMPONENT" > 
  at <VTUROOT>
[Vue warn]: Failed to resolve component: ContextMenu
If this is a native custom element, make sure to exclude it from component resolution via compilerOptions.isCustomElement. 
  at <ItemList items= [
  {
    id: 1,
    aoid: 12345,
    name: 'Test Item',
    ql: 200,
    description: 'A test item for testing',
    item_class: 3,
    is_nano: false,
    stats: [ [Object], [Object] ],
    requirements: [ [Object], [Object] ],
    spell_data: [],
    actions: [],
    attack_defense: null,
    animation_mesh: null
  }
] viewMode="grid" ref="VTU_COMPONENT" > 
  at <VTUROOT>
[Vue warn]: Failed to resolve directive: tooltip 
  at <ItemList items= [
  {
    id: 1,
    aoid: 12345,
    name: 'Test Item',
    ql: 200,
    description: 'A test item for testing',
    item_class: 3,
    is_nano: false,
    stats: [ [Object], [Object] ],
    requirements: [ [Object], [Object] ],
    spell_data: [],
    actions: [],
    attack_defense: null,
    animation_mesh: null
  }
] viewMode="grid" ref="VTU_COMPONENT" > 
  at <VTUROOT>

stderr | src/__tests__/components/ItemList.test.ts > ItemList > Component Mounting > should render items in list view
[Vue warn]: Failed to resolve component: Paginator
If this is a native custom element, make sure to exclude it from component resolution via compilerOptions.isCustomElement. 
  at <ItemList items= [
  {
    id: 1,
    aoid: 12345,
    name: 'Test Item',
    ql: 200,
    description: 'A test item for testing',
    item_class: 3,
    is_nano: false,
    stats: [ [Object], [Object] ],
    requirements: [ [Object], [Object] ],
    spell_data: [],
    actions: [],
    attack_defense: null,
    animation_mesh: null
  }
] viewMode="list" ref="VTU_COMPONENT" > 
  at <VTUROOT>
[Vue warn]: Failed to resolve component: ContextMenu
If this is a native custom element, make sure to exclude it from component resolution via compilerOptions.isCustomElement. 
  at <ItemList items= [
  {
    id: 1,
    aoid: 12345,
    name: 'Test Item',
    ql: 200,
    description: 'A test item for testing',
    item_class: 3,
    is_nano: false,
    stats: [ [Object], [Object] ],
    requirements: [ [Object], [Object] ],
    spell_data: [],
    actions: [],
    attack_defense: null,
    animation_mesh: null
  }
] viewMode="list" ref="VTU_COMPONENT" > 
  at <VTUROOT>
[Vue warn]: Failed to resolve directive: tooltip 
  at <ItemList items= [
  {
    id: 1,
    aoid: 12345,
    name: 'Test Item',
    ql: 200,
    description: 'A test item for testing',
    item_class: 3,
    is_nano: false,
    stats: [ [Object], [Object] ],
    requirements: [ [Object], [Object] ],
    spell_data: [],
    actions: [],
    attack_defense: null,
    animation_mesh: null
  }
] viewMode="list" ref="VTU_COMPONENT" > 
  at <VTUROOT>

stderr | src/__tests__/components/ItemList.test.ts > ItemList > View Mode Switching > should show view mode controls on mobile
[Vue warn]: Failed to resolve component: Paginator
If this is a native custom element, make sure to exclude it from component resolution via compilerOptions.isCustomElement. 
  at <ItemList items= [
  {
    id: 1,
    aoid: 12345,
    name: 'Test Item',
    ql: 200,
    description: 'A test item for testing',
    item_class: 3,
    is_nano: false,
    stats: [ [Object], [Object] ],
    requirements: [ [Object], [Object] ],
    spell_data: [],
    actions: [],
    attack_defense: null,
    animation_mesh: null
  }
] viewMode="grid" ref="VTU_COMPONENT" > 
  at <VTUROOT>
[Vue warn]: Failed to resolve component: ContextMenu
If this is a native custom element, make sure to exclude it from component resolution via compilerOptions.isCustomElement. 
  at <ItemList items= [
  {
    id: 1,
    aoid: 12345,
    name: 'Test Item',
    ql: 200,
    description: 'A test item for testing',
    item_class: 3,
    is_nano: false,
    stats: [ [Object], [Object] ],
    requirements: [ [Object], [Object] ],
    spell_data: [],
    actions: [],
    attack_defense: null,
    animation_mesh: null
  }
] viewMode="grid" ref="VTU_COMPONENT" > 
  at <VTUROOT>
[Vue warn]: Failed to resolve directive: tooltip 
  at <ItemList items= [
  {
    id: 1,
    aoid: 12345,
    name: 'Test Item',
    ql: 200,
    description: 'A test item for testing',
    item_class: 3,
    is_nano: false,
    stats: [ [Object], [Object] ],
    requirements: [ [Object], [Object] ],
    spell_data: [],
    actions: [],
    attack_defense: null,
    animation_mesh: null
  }
] viewMode="grid" ref="VTU_COMPONENT" > 
  at <VTUROOT>

stderr | src/__tests__/components/ItemList.test.ts > ItemList > View Mode Switching > should emit view mode change when buttons are clicked
[Vue warn]: Failed to resolve component: Paginator
If this is a native custom element, make sure to exclude it from component resolution via compilerOptions.isCustomElement. 
  at <ItemList items= [
  {
    id: 1,
    aoid: 12345,
    name: 'Test Item',
    ql: 200,
    description: 'A test item for testing',
    item_class: 3,
    is_nano: false,
    stats: [ [Object], [Object] ],
    requirements: [ [Object], [Object] ],
    spell_data: [],
    actions: [],
    attack_defense: null,
    animation_mesh: null
  }
] viewMode="grid" ref="VTU_COMPONENT" > 
  at <VTUROOT>
[Vue warn]: Failed to resolve component: ContextMenu
If this is a native custom element, make sure to exclude it from component resolution via compilerOptions.isCustomElement. 
  at <ItemList items= [
  {
    id: 1,
    aoid: 12345,
    name: 'Test Item',
    ql: 200,
    description: 'A test item for testing',
    item_class: 3,
    is_nano: false,
    stats: [ [Object], [Object] ],
    requirements: [ [Object], [Object] ],
    spell_data: [],
    actions: [],
    attack_defense: null,
    animation_mesh: null
  }
] viewMode="grid" ref="VTU_COMPONENT" > 
  at <VTUROOT>
[Vue warn]: Failed to resolve directive: tooltip 
  at <ItemList items= [
  {
    id: 1,
    aoid: 12345,
    name: 'Test Item',
    ql: 200,
    description: 'A test item for testing',
    item_class: 3,
    is_nano: false,
    stats: [ [Object], [Object] ],
    requirements: [ [Object], [Object] ],
    spell_data: [],
    actions: [],
    attack_defense: null,
    animation_mesh: null
  }
] viewMode="grid" ref="VTU_COMPONENT" > 
  at <VTUROOT>

stderr | src/__tests__/components/ItemList.test.ts > ItemList > View Mode Switching > should highlight active view mode button
[Vue warn]: Failed to resolve component: Paginator
If this is a native custom element, make sure to exclude it from component resolution via compilerOptions.isCustomElement. 
  at <ItemList items= [
  {
    id: 1,
    aoid: 12345,
    name: 'Test Item',
    ql: 200,
    description: 'A test item for testing',
    item_class: 3,
    is_nano: false,
    stats: [ [Object], [Object] ],
    requirements: [ [Object], [Object] ],
    spell_data: [],
    actions: [],
    attack_defense: null,
    animation_mesh: null
  }
] viewMode="grid" ref="VTU_COMPONENT" > 
  at <VTUROOT>
[Vue warn]: Failed to resolve component: ContextMenu
If this is a native custom element, make sure to exclude it from component resolution via compilerOptions.isCustomElement. 
  at <ItemList items= [
  {
    id: 1,
    aoid: 12345,
    name: 'Test Item',
    ql: 200,
    description: 'A test item for testing',
    item_class: 3,
    is_nano: false,
    stats: [ [Object], [Object] ],
    requirements: [ [Object], [Object] ],
    spell_data: [],
    actions: [],
    attack_defense: null,
    animation_mesh: null
  }
] viewMode="grid" ref="VTU_COMPONENT" > 
  at <VTUROOT>
[Vue warn]: Failed to resolve directive: tooltip 
  at <ItemList items= [
  {
    id: 1,
    aoid: 12345,
    name: 'Test Item',
    ql: 200,
    description: 'A test item for testing',
    item_class: 3,
    is_nano: false,
    stats: [ [Object], [Object] ],
    requirements: [ [Object], [Object] ],
    spell_data: [],
    actions: [],
    attack_defense: null,
    animation_mesh: null
  }
] viewMode="grid" ref="VTU_COMPONENT" > 
  at <VTUROOT>

stderr | src/__tests__/components/ItemList.test.ts > ItemList > Item Display > should pass correct props to ItemCard components
[Vue warn]: Failed to resolve component: Paginator
If this is a native custom element, make sure to exclude it from component resolution via compilerOptions.isCustomElement. 
  at <ItemList items= [
  {
    id: 1,
    aoid: 12345,
    name: 'Test Item',
    ql: 200,
    description: 'A test item for testing',
    item_class: 3,
    is_nano: false,
    stats: [ [Object], [Object] ],
    requirements: [ [Object], [Object] ],
    spell_data: [],
    actions: [],
    attack_defense: null,
    animation_mesh: null
  }
] viewMode="grid" favoriteItems= [ 1 ]  ... > 
  at <VTUROOT>
[Vue warn]: Failed to resolve component: ContextMenu
If this is a native custom element, make sure to exclude it from component resolution via compilerOptions.isCustomElement. 
  at <ItemList items= [
  {
    id: 1,
    aoid: 12345,
    name: 'Test Item',
    ql: 200,
    description: 'A test item for testing',
    item_class: 3,
    is_nano: false,
    stats: [ [Object], [Object] ],
    requirements: [ [Object], [Object] ],
    spell_data: [],
    actions: [],
    attack_defense: null,
    animation_mesh: null
  }
] viewMode="grid" favoriteItems= [ 1 ]  ... > 
  at <VTUROOT>
[Vue warn]: Failed to resolve directive: tooltip 
  at <ItemList items= [
  {
    id: 1,
    aoid: 12345,
    name: 'Test Item',
    ql: 200,
    description: 'A test item for testing',
    item_class: 3,
    is_nano: false,
    stats: [ [Object], [Object] ],
    requirements: [ [Object], [Object] ],
    spell_data: [],
    actions: [],
    attack_defense: null,
    animation_mesh: null
  }
] viewMode="grid" favoriteItems= [ 1 ]  ... > 
  at <VTUROOT>

stderr | src/__tests__/components/ItemList.test.ts > ItemList > Item Display > should handle item click events
[Vue warn]: Failed to resolve component: Paginator
If this is a native custom element, make sure to exclude it from component resolution via compilerOptions.isCustomElement. 
  at <ItemList items= [
  {
    id: 1,
    aoid: 12345,
    name: 'Test Item',
    ql: 200,
    description: 'A test item for testing',
    item_class: 3,
    is_nano: false,
    stats: [ [Object], [Object] ],
    requirements: [ [Object], [Object] ],
    spell_data: [],
    actions: [],
    attack_defense: null,
    animation_mesh: null
  }
] viewMode="grid" favoriteItems= [ 1 ]  ... > 
  at <VTUROOT>
[Vue warn]: Failed to resolve component: ContextMenu
If this is a native custom element, make sure to exclude it from component resolution via compilerOptions.isCustomElement. 
  at <ItemList items= [
  {
    id: 1,
    aoid: 12345,
    name: 'Test Item',
    ql: 200,
    description: 'A test item for testing',
    item_class: 3,
    is_nano: false,
    stats: [ [Object], [Object] ],
    requirements: [ [Object], [Object] ],
    spell_data: [],
    actions: [],
    attack_defense: null,
    animation_mesh: null
  }
] viewMode="grid" favoriteItems= [ 1 ]  ... > 
  at <VTUROOT>
[Vue warn]: Failed to resolve directive: tooltip 
  at <ItemList items= [
  {
    id: 1,
    aoid: 12345,
    name: 'Test Item',
    ql: 200,
    description: 'A test item for testing',
    item_class: 3,
    is_nano: false,
    stats: [ [Object], [Object] ],
    requirements: [ [Object], [Object] ],
    spell_data: [],
    actions: [],
    attack_defense: null,
    animation_mesh: null
  }
] viewMode="grid" favoriteItems= [ 1 ]  ... > 
  at <VTUROOT>

stderr | src/__tests__/components/ItemList.test.ts > ItemList > Item Display > should handle favorite toggle events
[Vue warn]: Failed to resolve component: Paginator
If this is a native custom element, make sure to exclude it from component resolution via compilerOptions.isCustomElement. 
  at <ItemList items= [
  {
    id: 1,
    aoid: 12345,
    name: 'Test Item',
    ql: 200,
    description: 'A test item for testing',
    item_class: 3,
    is_nano: false,
    stats: [ [Object], [Object] ],
    requirements: [ [Object], [Object] ],
    spell_data: [],
    actions: [],
    attack_defense: null,
    animation_mesh: null
  }
] viewMode="grid" favoriteItems= [ 1 ]  ... > 
  at <VTUROOT>
[Vue warn]: Failed to resolve component: ContextMenu
If this is a native custom element, make sure to exclude it from component resolution via compilerOptions.isCustomElement. 
  at <ItemList items= [
  {
    id: 1,
    aoid: 12345,
    name: 'Test Item',
    ql: 200,
    description: 'A test item for testing',
    item_class: 3,
    is_nano: false,
    stats: [ [Object], [Object] ],
    requirements: [ [Object], [Object] ],
    spell_data: [],
    actions: [],
    attack_defense: null,
    animation_mesh: null
  }
] viewMode="grid" favoriteItems= [ 1 ]  ... > 
  at <VTUROOT>
[Vue warn]: Failed to resolve directive: tooltip 
  at <ItemList items= [
  {
    id: 1,
    aoid: 12345,
    name: 'Test Item',
    ql: 200,
    description: 'A test item for testing',
    item_class: 3,
    is_nano: false,
    stats: [ [Object], [Object] ],
    requirements: [ [Object], [Object] ],
    spell_data: [],
    actions: [],
    attack_defense: null,
    animation_mesh: null
  }
] viewMode="grid" favoriteItems= [ 1 ]  ... > 
  at <VTUROOT>

stderr | src/__tests__/components/ItemList.test.ts > ItemList > Item Display > should handle comparison events
[Vue warn]: Failed to resolve component: Paginator
If this is a native custom element, make sure to exclude it from component resolution via compilerOptions.isCustomElement. 
  at <ItemList items= [
  {
    id: 1,
    aoid: 12345,
    name: 'Test Item',
    ql: 200,
    description: 'A test item for testing',
    item_class: 3,
    is_nano: false,
    stats: [ [Object], [Object] ],
    requirements: [ [Object], [Object] ],
    spell_data: [],
    actions: [],
    attack_defense: null,
    animation_mesh: null
  }
] viewMode="grid" favoriteItems= [ 1 ]  ... > 
  at <VTUROOT>
[Vue warn]: Failed to resolve component: ContextMenu
If this is a native custom element, make sure to exclude it from component resolution via compilerOptions.isCustomElement. 
  at <ItemList items= [
  {
    id: 1,
    aoid: 12345,
    name: 'Test Item',
    ql: 200,
    description: 'A test item for testing',
    item_class: 3,
    is_nano: false,
    stats: [ [Object], [Object] ],
    requirements: [ [Object], [Object] ],
    spell_data: [],
    actions: [],
    attack_defense: null,
    animation_mesh: null
  }
] viewMode="grid" favoriteItems= [ 1 ]  ... > 
  at <VTUROOT>
[Vue warn]: Failed to resolve directive: tooltip 
  at <ItemList items= [
  {
    id: 1,
    aoid: 12345,
    name: 'Test Item',
    ql: 200,
    description: 'A test item for testing',
    item_class: 3,
    is_nano: false,
    stats: [ [Object], [Object] ],
    requirements: [ [Object], [Object] ],
    spell_data: [],
    actions: [],
    attack_defense: null,
    animation_mesh: null
  }
] viewMode="grid" favoriteItems= [ 1 ]  ... > 
  at <VTUROOT>

stderr | src/__tests__/components/ItemList.test.ts > ItemList > Compatibility Display > should show compatibility indicators in list view
[Vue warn]: Failed to resolve component: Paginator
If this is a native custom element, make sure to exclude it from component resolution via compilerOptions.isCustomElement. 
  at <ItemList items= [
  {
    id: 1,
    aoid: 12345,
    name: 'Test Item',
    ql: 200,
    description: 'A test item for testing',
    item_class: 3,
    is_nano: false,
    stats: [ [Object], [Object] ],
    requirements: [ [Object], [Object] ],
    spell_data: [],
    actions: [],
    attack_defense: null,
    animation_mesh: null
  }
] viewMode="list" compatibilityProfile= {
  id: 'test-profile-1760307487438-ysugfm4ab',
  version: '4.0.0',
  created: '2025-10-12T22:18:07.438Z',
  updated: '2025-10-12T22:18:07.438Z',
  Character: {
    Name: 'Test Character',
    Level: 200,
    Profession: 3,
    Breed: 1,
    Faction: 'Neutral',
    Expansion: 'All',
    AccountType: 'Paid',
    MaxHealth: 1000,
    MaxNano: 1000,
    AlienLevel: 0,
    Specialization: 0
  },
  skills: {
    '16': {
      base: 0,
      trickle: 0,
      ipSpent: 0,
      pointsFromIp: 350,
      equipmentBonus: 0,
      perkBonus: 0,
      buffBonus: 0,
      total: 350
    },
    '17': {
      base: 0,
      trickle: 0,
      ipSpent: 0,
      pointsFromIp: 150,
      equipmentBonus: 0,
      perkBonus: 0,
      buffBonus: 0,
      total: 150
    },
    '18': {
      base: 6,
      trickle: 0,
      ipSpent: 0,
      pointsFromIp: 0,
      equipmentBonus: 0,
      perkBonus: 0,
      buffBonus: 0,
      total: 6
    },
    '19': {
      base: 6,
      trickle: 0,
      ipSpent: 0,
      pointsFromIp: 0,
      equipmentBonus: 0,
      perkBonus: 0,
      buffBonus: 0,
      total: 6
    },
    '20': {
      base: 6,
      trickle: 0,
      ipSpent: 0,
      pointsFromIp: 0,
      equipmentBonus: 0,
      perkBonus: 0,
      buffBonus: 0,
      total: 6
    },
    '21': {
      base: 6,
      trickle: 0,
      ipSpent: 0,
      pointsFromIp: 0,
      equipmentBonus: 0,
      perkBonus: 0,
      buffBonus: 0,
      total: 6
    }
  },
  Weapons: {},
  Clothing: {},
  Implants: {},
  PerksAndResearch: {
    perks: [],
    standardPerkPoints: { total: 0, spent: 0, available: 0 },
    aiPerkPoints: { total: 0, spent: 0, available: 0 },
    research: [],
    lastCalculated: '2025-10-12T22:18:07.439Z'
  },
  buffs: []
}  ... > 
  at <VTUROOT>
[Vue warn]: Failed to resolve component: ContextMenu
If this is a native custom element, make sure to exclude it from component resolution via compilerOptions.isCustomElement. 
  at <ItemList items= [
  {
    id: 1,
    aoid: 12345,
    name: 'Test Item',
    ql: 200,
    description: 'A test item for testing',
    item_class: 3,
    is_nano: false,
    stats: [ [Object], [Object] ],
    requirements: [ [Object], [Object] ],
    spell_data: [],
    actions: [],
    attack_defense: null,
    animation_mesh: null
  }
] viewMode="list" compatibilityProfile= {
  id: 'test-profile-1760307487438-ysugfm4ab',
  version: '4.0.0',
  created: '2025-10-12T22:18:07.438Z',
  updated: '2025-10-12T22:18:07.438Z',
  Character: {
    Name: 'Test Character',
    Level: 200,
    Profession: 3,
    Breed: 1,
    Faction: 'Neutral',
    Expansion: 'All',
    AccountType: 'Paid',
    MaxHealth: 1000,
    MaxNano: 1000,
    AlienLevel: 0,
    Specialization: 0
  },
  skills: {
    '16': {
      base: 0,
      trickle: 0,
      ipSpent: 0,
      pointsFromIp: 350,
      equipmentBonus: 0,
      perkBonus: 0,
      buffBonus: 0,
      total: 350
    },
    '17': {
      base: 0,
      trickle: 0,
      ipSpent: 0,
      pointsFromIp: 150,
      equipmentBonus: 0,
      perkBonus: 0,
      buffBonus: 0,
      total: 150
    },
    '18': {
      base: 6,
      trickle: 0,
      ipSpent: 0,
      pointsFromIp: 0,
      equipmentBonus: 0,
      perkBonus: 0,
      buffBonus: 0,
      total: 6
    },
    '19': {
      base: 6,
      trickle: 0,
      ipSpent: 0,
      pointsFromIp: 0,
      equipmentBonus: 0,
      perkBonus: 0,
      buffBonus: 0,
      total: 6
    },
    '20': {
      base: 6,
      trickle: 0,
      ipSpent: 0,
      pointsFromIp: 0,
      equipmentBonus: 0,
      perkBonus: 0,
      buffBonus: 0,
      total: 6
    },
    '21': {
      base: 6,
      trickle: 0,
      ipSpent: 0,
      pointsFromIp: 0,
      equipmentBonus: 0,
      perkBonus: 0,
      buffBonus: 0,
      total: 6
    }
  },
  Weapons: {},
  Clothing: {},
  Implants: {},
  PerksAndResearch: {
    perks: [],
    standardPerkPoints: { total: 0, spent: 0, available: 0 },
    aiPerkPoints: { total: 0, spent: 0, available: 0 },
    research: [],
    lastCalculated: '2025-10-12T22:18:07.439Z'
  },
  buffs: []
}  ... > 
  at <VTUROOT>
[Vue warn]: Failed to resolve directive: tooltip 
  at <ItemList items= [
  {
    id: 1,
    aoid: 12345,
    name: 'Test Item',
    ql: 200,
    description: 'A test item for testing',
    item_class: 3,
    is_nano: false,
    stats: [ [Object], [Object] ],
    requirements: [ [Object], [Object] ],
    spell_data: [],
    actions: [],
    attack_defense: null,
    animation_mesh: null
  }
] viewMode="list" compatibilityProfile= {
  id: 'test-profile-1760307487438-ysugfm4ab',
  version: '4.0.0',
  created: '2025-10-12T22:18:07.438Z',
  updated: '2025-10-12T22:18:07.438Z',
  Character: {
    Name: 'Test Character',
    Level: 200,
    Profession: 3,
    Breed: 1,
    Faction: 'Neutral',
    Expansion: 'All',
    AccountType: 'Paid',
    MaxHealth: 1000,
    MaxNano: 1000,
    AlienLevel: 0,
    Specialization: 0
  },
  skills: {
    '16': {
      base: 0,
      trickle: 0,
      ipSpent: 0,
      pointsFromIp: 350,
      equipmentBonus: 0,
      perkBonus: 0,
      buffBonus: 0,
      total: 350
    },
    '17': {
      base: 0,
      trickle: 0,
      ipSpent: 0,
      pointsFromIp: 150,
      equipmentBonus: 0,
      perkBonus: 0,
      buffBonus: 0,
      total: 150
    },
    '18': {
      base: 6,
      trickle: 0,
      ipSpent: 0,
      pointsFromIp: 0,
      equipmentBonus: 0,
      perkBonus: 0,
      buffBonus: 0,
      total: 6
    },
    '19': {
      base: 6,
      trickle: 0,
      ipSpent: 0,
      pointsFromIp: 0,
      equipmentBonus: 0,
      perkBonus: 0,
      buffBonus: 0,
      total: 6
    },
    '20': {
      base: 6,
      trickle: 0,
      ipSpent: 0,
      pointsFromIp: 0,
      equipmentBonus: 0,
      perkBonus: 0,
      buffBonus: 0,
      total: 6
    },
    '21': {
      base: 6,
      trickle: 0,
      ipSpent: 0,
      pointsFromIp: 0,
      equipmentBonus: 0,
      perkBonus: 0,
      buffBonus: 0,
      total: 6
    }
  },
  Weapons: {},
  Clothing: {},
  Implants: {},
  PerksAndResearch: {
    perks: [],
    standardPerkPoints: { total: 0, spent: 0, available: 0 },
    aiPerkPoints: { total: 0, spent: 0, available: 0 },
    research: [],
    lastCalculated: '2025-10-12T22:18:07.439Z'
  },
  buffs: []
}  ... > 
  at <VTUROOT>
[Vue warn]: Property "getCompatibilityStatus" was accessed during render but is not defined on instance. 
  at <ItemList items= [
  {
    id: 1,
    aoid: 12345,
    name: 'Test Item',
    ql: 200,
    description: 'A test item for testing',
    item_class: 3,
    is_nano: false,
    stats: [ [Object], [Object] ],
    requirements: [ [Object], [Object] ],
    spell_data: [],
    actions: [],
    attack_defense: null,
    animation_mesh: null
  }
] viewMode="list" compatibilityProfile= {
  id: 'test-profile-1760307487438-ysugfm4ab',
  version: '4.0.0',
  created: '2025-10-12T22:18:07.438Z',
  updated: '2025-10-12T22:18:07.438Z',
  Character: {
    Name: 'Test Character',
    Level: 200,
    Profession: 3,
    Breed: 1,
    Faction: 'Neutral',
    Expansion: 'All',
    AccountType: 'Paid',
    MaxHealth: 1000,
    MaxNano: 1000,
    AlienLevel: 0,
    Specialization: 0
  },
  skills: {
    '16': {
      base: 0,
      trickle: 0,
      ipSpent: 0,
      pointsFromIp: 350,
      equipmentBonus: 0,
      perkBonus: 0,
      buffBonus: 0,
      total: 350
    },
    '17': {
      base: 0,
      trickle: 0,
      ipSpent: 0,
      pointsFromIp: 150,
      equipmentBonus: 0,
      perkBonus: 0,
      buffBonus: 0,
      total: 150
    },
    '18': {
      base: 6,
      trickle: 0,
      ipSpent: 0,
      pointsFromIp: 0,
      equipmentBonus: 0,
      perkBonus: 0,
      buffBonus: 0,
      total: 6
    },
    '19': {
      base: 6,
      trickle: 0,
      ipSpent: 0,
      pointsFromIp: 0,
      equipmentBonus: 0,
      perkBonus: 0,
      buffBonus: 0,
      total: 6
    },
    '20': {
      base: 6,
      trickle: 0,
      ipSpent: 0,
      pointsFromIp: 0,
      equipmentBonus: 0,
      perkBonus: 0,
      buffBonus: 0,
      total: 6
    },
    '21': {
      base: 6,
      trickle: 0,
      ipSpent: 0,
      pointsFromIp: 0,
      equipmentBonus: 0,
      perkBonus: 0,
      buffBonus: 0,
      total: 6
    }
  },
  Weapons: {},
  Clothing: {},
  Implants: {},
  PerksAndResearch: {
    perks: [],
    standardPerkPoints: { total: 0, spent: 0, available: 0 },
    aiPerkPoints: { total: 0, spent: 0, available: 0 },
    research: [],
    lastCalculated: '2025-10-12T22:18:07.439Z'
  },
  buffs: []
}  ... > 
  at <VTUROOT>

stderr | src/__tests__/components/ItemList.test.ts > ItemList > Compatibility Display > should display requirement tags with correct colors
[Vue warn]: Failed to resolve component: Paginator
If this is a native custom element, make sure to exclude it from component resolution via compilerOptions.isCustomElement. 
  at <ItemList items= [
  {
    id: 1,
    aoid: 12345,
    name: 'Test Item',
    ql: 200,
    description: 'A test item for testing',
    item_class: 3,
    is_nano: false,
    stats: [ [Object], [Object] ],
    requirements: [ [Object], [Object] ],
    spell_data: [],
    actions: [],
    attack_defense: null,
    animation_mesh: null
  }
] viewMode="list" compatibilityProfile= {
  id: 'test-profile-1760307487438-ysugfm4ab',
  version: '4.0.0',
  created: '2025-10-12T22:18:07.438Z',
  updated: '2025-10-12T22:18:07.438Z',
  Character: {
    Name: 'Test Character',
    Level: 200,
    Profession: 3,
    Breed: 1,
    Faction: 'Neutral',
    Expansion: 'All',
    AccountType: 'Paid',
    MaxHealth: 1000,
    MaxNano: 1000,
    AlienLevel: 0,
    Specialization: 0
  },
  skills: {
    '16': {
      base: 0,
      trickle: 0,
      ipSpent: 0,
      pointsFromIp: 350,
      equipmentBonus: 0,
      perkBonus: 0,
      buffBonus: 0,
      total: 350
    },
    '17': {
      base: 0,
      trickle: 0,
      ipSpent: 0,
      pointsFromIp: 150,
      equipmentBonus: 0,
      perkBonus: 0,
      buffBonus: 0,
      total: 150
    },
    '18': {
      base: 6,
      trickle: 0,
      ipSpent: 0,
      pointsFromIp: 0,
      equipmentBonus: 0,
      perkBonus: 0,
      buffBonus: 0,
      total: 6
    },
    '19': {
      base: 6,
      trickle: 0,
      ipSpent: 0,
      pointsFromIp: 0,
      equipmentBonus: 0,
      perkBonus: 0,
      buffBonus: 0,
      total: 6
    },
    '20': {
      base: 6,
      trickle: 0,
      ipSpent: 0,
      pointsFromIp: 0,
      equipmentBonus: 0,
      perkBonus: 0,
      buffBonus: 0,
      total: 6
    },
    '21': {
      base: 6,
      trickle: 0,
      ipSpent: 0,
      pointsFromIp: 0,
      equipmentBonus: 0,
      perkBonus: 0,
      buffBonus: 0,
      total: 6
    }
  },
  Weapons: {},
  Clothing: {},
  Implants: {},
  PerksAndResearch: {
    perks: [],
    standardPerkPoints: { total: 0, spent: 0, available: 0 },
    aiPerkPoints: { total: 0, spent: 0, available: 0 },
    research: [],
    lastCalculated: '2025-10-12T22:18:07.439Z'
  },
  buffs: []
}  ... > 
  at <VTUROOT>
[Vue warn]: Failed to resolve component: ContextMenu
If this is a native custom element, make sure to exclude it from component resolution via compilerOptions.isCustomElement. 
  at <ItemList items= [
  {
    id: 1,
    aoid: 12345,
    name: 'Test Item',
    ql: 200,
    description: 'A test item for testing',
    item_class: 3,
    is_nano: false,
    stats: [ [Object], [Object] ],
    requirements: [ [Object], [Object] ],
    spell_data: [],
    actions: [],
    attack_defense: null,
    animation_mesh: null
  }
] viewMode="list" compatibilityProfile= {
  id: 'test-profile-1760307487438-ysugfm4ab',
  version: '4.0.0',
  created: '2025-10-12T22:18:07.438Z',
  updated: '2025-10-12T22:18:07.438Z',
  Character: {
    Name: 'Test Character',
    Level: 200,
    Profession: 3,
    Breed: 1,
    Faction: 'Neutral',
    Expansion: 'All',
    AccountType: 'Paid',
    MaxHealth: 1000,
    MaxNano: 1000,
    AlienLevel: 0,
    Specialization: 0
  },
  skills: {
    '16': {
      base: 0,
      trickle: 0,
      ipSpent: 0,
      pointsFromIp: 350,
      equipmentBonus: 0,
      perkBonus: 0,
      buffBonus: 0,
      total: 350
    },
    '17': {
      base: 0,
      trickle: 0,
      ipSpent: 0,
      pointsFromIp: 150,
      equipmentBonus: 0,
      perkBonus: 0,
      buffBonus: 0,
      total: 150
    },
    '18': {
      base: 6,
      trickle: 0,
      ipSpent: 0,
      pointsFromIp: 0,
      equipmentBonus: 0,
      perkBonus: 0,
      buffBonus: 0,
      total: 6
    },
    '19': {
      base: 6,
      trickle: 0,
      ipSpent: 0,
      pointsFromIp: 0,
      equipmentBonus: 0,
      perkBonus: 0,
      buffBonus: 0,
      total: 6
    },
    '20': {
      base: 6,
      trickle: 0,
      ipSpent: 0,
      pointsFromIp: 0,
      equipmentBonus: 0,
      perkBonus: 0,
      buffBonus: 0,
      total: 6
    },
    '21': {
      base: 6,
      trickle: 0,
      ipSpent: 0,
      pointsFromIp: 0,
      equipmentBonus: 0,
      perkBonus: 0,
      buffBonus: 0,
      total: 6
    }
  },
  Weapons: {},
  Clothing: {},
  Implants: {},
  PerksAndResearch: {
    perks: [],
    standardPerkPoints: { total: 0, spent: 0, available: 0 },
    aiPerkPoints: { total: 0, spent: 0, available: 0 },
    research: [],
    lastCalculated: '2025-10-12T22:18:07.439Z'
  },
  buffs: []
}  ... > 
  at <VTUROOT>
[Vue warn]: Failed to resolve directive: tooltip 
  at <ItemList items= [
  {
    id: 1,
    aoid: 12345,
    name: 'Test Item',
    ql: 200,
    description: 'A test item for testing',
    item_class: 3,
    is_nano: false,
    stats: [ [Object], [Object] ],
    requirements: [ [Object], [Object] ],
    spell_data: [],
    actions: [],
    attack_defense: null,
    animation_mesh: null
  }
] viewMode="list" compatibilityProfile= {
  id: 'test-profile-1760307487438-ysugfm4ab',
  version: '4.0.0',
  created: '2025-10-12T22:18:07.438Z',
  updated: '2025-10-12T22:18:07.438Z',
  Character: {
    Name: 'Test Character',
    Level: 200,
    Profession: 3,
    Breed: 1,
    Faction: 'Neutral',
    Expansion: 'All',
    AccountType: 'Paid',
    MaxHealth: 1000,
    MaxNano: 1000,
    AlienLevel: 0,
    Specialization: 0
  },
  skills: {
    '16': {
      base: 0,
      trickle: 0,
      ipSpent: 0,
      pointsFromIp: 350,
      equipmentBonus: 0,
      perkBonus: 0,
      buffBonus: 0,
      total: 350
    },
    '17': {
      base: 0,
      trickle: 0,
      ipSpent: 0,
      pointsFromIp: 150,
      equipmentBonus: 0,
      perkBonus: 0,
      buffBonus: 0,
      total: 150
    },
    '18': {
      base: 6,
      trickle: 0,
      ipSpent: 0,
      pointsFromIp: 0,
      equipmentBonus: 0,
      perkBonus: 0,
      buffBonus: 0,
      total: 6
    },
    '19': {
      base: 6,
      trickle: 0,
      ipSpent: 0,
      pointsFromIp: 0,
      equipmentBonus: 0,
      perkBonus: 0,
      buffBonus: 0,
      total: 6
    },
    '20': {
      base: 6,
      trickle: 0,
      ipSpent: 0,
      pointsFromIp: 0,
      equipmentBonus: 0,
      perkBonus: 0,
      buffBonus: 0,
      total: 6
    },
    '21': {
      base: 6,
      trickle: 0,
      ipSpent: 0,
      pointsFromIp: 0,
      equipmentBonus: 0,
      perkBonus: 0,
      buffBonus: 0,
      total: 6
    }
  },
  Weapons: {},
  Clothing: {},
  Implants: {},
  PerksAndResearch: {
    perks: [],
    standardPerkPoints: { total: 0, spent: 0, available: 0 },
    aiPerkPoints: { total: 0, spent: 0, available: 0 },
    research: [],
    lastCalculated: '2025-10-12T22:18:07.439Z'
  },
  buffs: []
}  ... > 
  at <VTUROOT>
[Vue warn]: Property "getCompatibilityStatus" was accessed during render but is not defined on instance. 
  at <ItemList items= [
  {
    id: 1,
    aoid: 12345,
    name: 'Test Item',
    ql: 200,
    description: 'A test item for testing',
    item_class: 3,
    is_nano: false,
    stats: [ [Object], [Object] ],
    requirements: [ [Object], [Object] ],
    spell_data: [],
    actions: [],
    attack_defense: null,
    animation_mesh: null
  }
] viewMode="list" compatibilityProfile= {
  id: 'test-profile-1760307487438-ysugfm4ab',
  version: '4.0.0',
  created: '2025-10-12T22:18:07.438Z',
  updated: '2025-10-12T22:18:07.438Z',
  Character: {
    Name: 'Test Character',
    Level: 200,
    Profession: 3,
    Breed: 1,
    Faction: 'Neutral',
    Expansion: 'All',
    AccountType: 'Paid',
    MaxHealth: 1000,
    MaxNano: 1000,
    AlienLevel: 0,
    Specialization: 0
  },
  skills: {
    '16': {
      base: 0,
      trickle: 0,
      ipSpent: 0,
      pointsFromIp: 350,
      equipmentBonus: 0,
      perkBonus: 0,
      buffBonus: 0,
      total: 350
    },
    '17': {
      base: 0,
      trickle: 0,
      ipSpent: 0,
      pointsFromIp: 150,
      equipmentBonus: 0,
      perkBonus: 0,
      buffBonus: 0,
      total: 150
    },
    '18': {
      base: 6,
      trickle: 0,
      ipSpent: 0,
      pointsFromIp: 0,
      equipmentBonus: 0,
      perkBonus: 0,
      buffBonus: 0,
      total: 6
    },
    '19': {
      base: 6,
      trickle: 0,
      ipSpent: 0,
      pointsFromIp: 0,
      equipmentBonus: 0,
      perkBonus: 0,
      buffBonus: 0,
      total: 6
    },
    '20': {
      base: 6,
      trickle: 0,
      ipSpent: 0,
      pointsFromIp: 0,
      equipmentBonus: 0,
      perkBonus: 0,
      buffBonus: 0,
      total: 6
    },
    '21': {
      base: 6,
      trickle: 0,
      ipSpent: 0,
      pointsFromIp: 0,
      equipmentBonus: 0,
      perkBonus: 0,
      buffBonus: 0,
      total: 6
    }
  },
  Weapons: {},
  Clothing: {},
  Implants: {},
  PerksAndResearch: {
    perks: [],
    standardPerkPoints: { total: 0, spent: 0, available: 0 },
    aiPerkPoints: { total: 0, spent: 0, available: 0 },
    research: [],
    lastCalculated: '2025-10-12T22:18:07.439Z'
  },
  buffs: []
}  ... > 
  at <VTUROOT>

stderr | src/__tests__/components/ItemList.test.ts > ItemList > Compatibility Display > should not show compatibility when disabled
[Vue warn]: Failed to resolve component: Paginator
If this is a native custom element, make sure to exclude it from component resolution via compilerOptions.isCustomElement. 
  at <ItemList items= [
  {
    id: 1,
    aoid: 12345,
    name: 'Test Item',
    ql: 200,
    description: 'A test item for testing',
    item_class: 3,
    is_nano: false,
    stats: [ [Object], [Object] ],
    requirements: [ [Object], [Object] ],
    spell_data: [],
    actions: [],
    attack_defense: null,
    animation_mesh: null
  }
] viewMode="list" compatibilityProfile= {
  id: 'test-profile-1760307487438-ysugfm4ab',
  version: '4.0.0',
  created: '2025-10-12T22:18:07.438Z',
  updated: '2025-10-12T22:18:07.438Z',
  Character: {
    Name: 'Test Character',
    Level: 200,
    Profession: 3,
    Breed: 1,
    Faction: 'Neutral',
    Expansion: 'All',
    AccountType: 'Paid',
    MaxHealth: 1000,
    MaxNano: 1000,
    AlienLevel: 0,
    Specialization: 0
  },
  skills: {
    '16': {
      base: 0,
      trickle: 0,
      ipSpent: 0,
      pointsFromIp: 350,
      equipmentBonus: 0,
      perkBonus: 0,
      buffBonus: 0,
      total: 350
    },
    '17': {
      base: 0,
      trickle: 0,
      ipSpent: 0,
      pointsFromIp: 150,
      equipmentBonus: 0,
      perkBonus: 0,
      buffBonus: 0,
      total: 150
    },
    '18': {
      base: 6,
      trickle: 0,
      ipSpent: 0,
      pointsFromIp: 0,
      equipmentBonus: 0,
      perkBonus: 0,
      buffBonus: 0,
      total: 6
    },
    '19': {
      base: 6,
      trickle: 0,
      ipSpent: 0,
      pointsFromIp: 0,
      equipmentBonus: 0,
      perkBonus: 0,
      buffBonus: 0,
      total: 6
    },
    '20': {
      base: 6,
      trickle: 0,
      ipSpent: 0,
      pointsFromIp: 0,
      equipmentBonus: 0,
      perkBonus: 0,
      buffBonus: 0,
      total: 6
    },
    '21': {
      base: 6,
      trickle: 0,
      ipSpent: 0,
      pointsFromIp: 0,
      equipmentBonus: 0,
      perkBonus: 0,
      buffBonus: 0,
      total: 6
    }
  },
  Weapons: {},
  Clothing: {},
  Implants: {},
  PerksAndResearch: {
    perks: [],
    standardPerkPoints: { total: 0, spent: 0, available: 0 },
    aiPerkPoints: { total: 0, spent: 0, available: 0 },
    research: [],
    lastCalculated: '2025-10-12T22:18:07.439Z'
  },
  buffs: []
}  ... > 
  at <VTUROOT>
[Vue warn]: Failed to resolve component: ContextMenu
If this is a native custom element, make sure to exclude it from component resolution via compilerOptions.isCustomElement. 
  at <ItemList items= [
  {
    id: 1,
    aoid: 12345,
    name: 'Test Item',
    ql: 200,
    description: 'A test item for testing',
    item_class: 3,
    is_nano: false,
    stats: [ [Object], [Object] ],
    requirements: [ [Object], [Object] ],
    spell_data: [],
    actions: [],
    attack_defense: null,
    animation_mesh: null
  }
] viewMode="list" compatibilityProfile= {
  id: 'test-profile-1760307487438-ysugfm4ab',
  version: '4.0.0',
  created: '2025-10-12T22:18:07.438Z',
  updated: '2025-10-12T22:18:07.438Z',
  Character: {
    Name: 'Test Character',
    Level: 200,
    Profession: 3,
    Breed: 1,
    Faction: 'Neutral',
    Expansion: 'All',
    AccountType: 'Paid',
    MaxHealth: 1000,
    MaxNano: 1000,
    AlienLevel: 0,
    Specialization: 0
  },
  skills: {
    '16': {
      base: 0,
      trickle: 0,
      ipSpent: 0,
      pointsFromIp: 350,
      equipmentBonus: 0,
      perkBonus: 0,
      buffBonus: 0,
      total: 350
    },
    '17': {
      base: 0,
      trickle: 0,
      ipSpent: 0,
      pointsFromIp: 150,
      equipmentBonus: 0,
      perkBonus: 0,
      buffBonus: 0,
      total: 150
    },
    '18': {
      base: 6,
      trickle: 0,
      ipSpent: 0,
      pointsFromIp: 0,
      equipmentBonus: 0,
      perkBonus: 0,
      buffBonus: 0,
      total: 6
    },
    '19': {
      base: 6,
      trickle: 0,
      ipSpent: 0,
      pointsFromIp: 0,
      equipmentBonus: 0,
      perkBonus: 0,
      buffBonus: 0,
      total: 6
    },
    '20': {
      base: 6,
      trickle: 0,
      ipSpent: 0,
      pointsFromIp: 0,
      equipmentBonus: 0,
      perkBonus: 0,
      buffBonus: 0,
      total: 6
    },
    '21': {
      base: 6,
      trickle: 0,
      ipSpent: 0,
      pointsFromIp: 0,
      equipmentBonus: 0,
      perkBonus: 0,
      buffBonus: 0,
      total: 6
    }
  },
  Weapons: {},
  Clothing: {},
  Implants: {},
  PerksAndResearch: {
    perks: [],
    standardPerkPoints: { total: 0, spent: 0, available: 0 },
    aiPerkPoints: { total: 0, spent: 0, available: 0 },
    research: [],
    lastCalculated: '2025-10-12T22:18:07.439Z'
  },
  buffs: []
}  ... > 
  at <VTUROOT>
[Vue warn]: Failed to resolve directive: tooltip 
  at <ItemList items= [
  {
    id: 1,
    aoid: 12345,
    name: 'Test Item',
    ql: 200,
    description: 'A test item for testing',
    item_class: 3,
    is_nano: false,
    stats: [ [Object], [Object] ],
    requirements: [ [Object], [Object] ],
    spell_data: [],
    actions: [],
    attack_defense: null,
    animation_mesh: null
  }
] viewMode="list" compatibilityProfile= {
  id: 'test-profile-1760307487438-ysugfm4ab',
  version: '4.0.0',
  created: '2025-10-12T22:18:07.438Z',
  updated: '2025-10-12T22:18:07.438Z',
  Character: {
    Name: 'Test Character',
    Level: 200,
    Profession: 3,
    Breed: 1,
    Faction: 'Neutral',
    Expansion: 'All',
    AccountType: 'Paid',
    MaxHealth: 1000,
    MaxNano: 1000,
    AlienLevel: 0,
    Specialization: 0
  },
  skills: {
    '16': {
      base: 0,
      trickle: 0,
      ipSpent: 0,
      pointsFromIp: 350,
      equipmentBonus: 0,
      perkBonus: 0,
      buffBonus: 0,
      total: 350
    },
    '17': {
      base: 0,
      trickle: 0,
      ipSpent: 0,
      pointsFromIp: 150,
      equipmentBonus: 0,
      perkBonus: 0,
      buffBonus: 0,
      total: 150
    },
    '18': {
      base: 6,
      trickle: 0,
      ipSpent: 0,
      pointsFromIp: 0,
      equipmentBonus: 0,
      perkBonus: 0,
      buffBonus: 0,
      total: 6
    },
    '19': {
      base: 6,
      trickle: 0,
      ipSpent: 0,
      pointsFromIp: 0,
      equipmentBonus: 0,
      perkBonus: 0,
      buffBonus: 0,
      total: 6
    },
    '20': {
      base: 6,
      trickle: 0,
      ipSpent: 0,
      pointsFromIp: 0,
      equipmentBonus: 0,
      perkBonus: 0,
      buffBonus: 0,
      total: 6
    },
    '21': {
      base: 6,
      trickle: 0,
      ipSpent: 0,
      pointsFromIp: 0,
      equipmentBonus: 0,
      perkBonus: 0,
      buffBonus: 0,
      total: 6
    }
  },
  Weapons: {},
  Clothing: {},
  Implants: {},
  PerksAndResearch: {
    perks: [],
    standardPerkPoints: { total: 0, spent: 0, available: 0 },
    aiPerkPoints: { total: 0, spent: 0, available: 0 },
    research: [],
    lastCalculated: '2025-10-12T22:18:07.439Z'
  },
  buffs: []
}  ... > 
  at <VTUROOT>
[Vue warn]: Property "getCompatibilityStatus" was accessed during render but is not defined on instance. 
  at <ItemList items= [
  {
    id: 1,
    aoid: 12345,
    name: 'Test Item',
    ql: 200,
    description: 'A test item for testing',
    item_class: 3,
    is_nano: false,
    stats: [ [Object], [Object] ],
    requirements: [ [Object], [Object] ],
    spell_data: [],
    actions: [],
    attack_defense: null,
    animation_mesh: null
  }
] viewMode="list" compatibilityProfile= {
  id: 'test-profile-1760307487438-ysugfm4ab',
  version: '4.0.0',
  created: '2025-10-12T22:18:07.438Z',
  updated: '2025-10-12T22:18:07.438Z',
  Character: {
    Name: 'Test Character',
    Level: 200,
    Profession: 3,
    Breed: 1,
    Faction: 'Neutral',
    Expansion: 'All',
    AccountType: 'Paid',
    MaxHealth: 1000,
    MaxNano: 1000,
    AlienLevel: 0,
    Specialization: 0
  },
  skills: {
    '16': {
      base: 0,
      trickle: 0,
      ipSpent: 0,
      pointsFromIp: 350,
      equipmentBonus: 0,
      perkBonus: 0,
      buffBonus: 0,
      total: 350
    },
    '17': {
      base: 0,
      trickle: 0,
      ipSpent: 0,
      pointsFromIp: 150,
      equipmentBonus: 0,
      perkBonus: 0,
      buffBonus: 0,
      total: 150
    },
    '18': {
      base: 6,
      trickle: 0,
      ipSpent: 0,
      pointsFromIp: 0,
      equipmentBonus: 0,
      perkBonus: 0,
      buffBonus: 0,
      total: 6
    },
    '19': {
      base: 6,
      trickle: 0,
      ipSpent: 0,
      pointsFromIp: 0,
      equipmentBonus: 0,
      perkBonus: 0,
      buffBonus: 0,
      total: 6
    },
    '20': {
      base: 6,
      trickle: 0,
      ipSpent: 0,
      pointsFromIp: 0,
      equipmentBonus: 0,
      perkBonus: 0,
      buffBonus: 0,
      total: 6
    },
    '21': {
      base: 6,
      trickle: 0,
      ipSpent: 0,
      pointsFromIp: 0,
      equipmentBonus: 0,
      perkBonus: 0,
      buffBonus: 0,
      total: 6
    }
  },
  Weapons: {},
  Clothing: {},
  Implants: {},
  PerksAndResearch: {
    perks: [],
    standardPerkPoints: { total: 0, spent: 0, available: 0 },
    aiPerkPoints: { total: 0, spent: 0, available: 0 },
    research: [],
    lastCalculated: '2025-10-12T22:18:07.439Z'
  },
  buffs: []
}  ... > 
  at <VTUROOT>

stderr | src/__tests__/components/ItemList.test.ts > ItemList > Pagination > should display pagination information
[Vue warn]: Failed to resolve component: Paginator
If this is a native custom element, make sure to exclude it from component resolution via compilerOptions.isCustomElement. 
  at <ItemList items= [
  {
    id: 1,
    aoid: 12345,
    name: 'Test Item',
    ql: 200,
    description: 'A test item for testing',
    item_class: 3,
    is_nano: false,
    stats: [ [Object], [Object] ],
    requirements: [ [Object], [Object] ],
    spell_data: [],
    actions: [],
    attack_defense: null,
    animation_mesh: null
  }
] viewMode="grid" pagination= { page: 1, limit: 25, total: 100, offset: 0 }  ... > 
  at <VTUROOT>
[Vue warn]: Failed to resolve component: ContextMenu
If this is a native custom element, make sure to exclude it from component resolution via compilerOptions.isCustomElement. 
  at <ItemList items= [
  {
    id: 1,
    aoid: 12345,
    name: 'Test Item',
    ql: 200,
    description: 'A test item for testing',
    item_class: 3,
    is_nano: false,
    stats: [ [Object], [Object] ],
    requirements: [ [Object], [Object] ],
    spell_data: [],
    actions: [],
    attack_defense: null,
    animation_mesh: null
  }
] viewMode="grid" pagination= { page: 1, limit: 25, total: 100, offset: 0 }  ... > 
  at <VTUROOT>
[Vue warn]: Failed to resolve directive: tooltip 
  at <ItemList items= [
  {
    id: 1,
    aoid: 12345,
    name: 'Test Item',
    ql: 200,
    description: 'A test item for testing',
    item_class: 3,
    is_nano: false,
    stats: [ [Object], [Object] ],
    requirements: [ [Object], [Object] ],
    spell_data: [],
    actions: [],
    attack_defense: null,
    animation_mesh: null
  }
] viewMode="grid" pagination= { page: 1, limit: 25, total: 100, offset: 0 }  ... > 
  at <VTUROOT>

stderr | src/__tests__/components/ItemList.test.ts > ItemList > Pagination > should render paginator component
[Vue warn]: Failed to resolve component: Paginator
If this is a native custom element, make sure to exclude it from component resolution via compilerOptions.isCustomElement. 
  at <ItemList items= [
  {
    id: 1,
    aoid: 12345,
    name: 'Test Item',
    ql: 200,
    description: 'A test item for testing',
    item_class: 3,
    is_nano: false,
    stats: [ [Object], [Object] ],
    requirements: [ [Object], [Object] ],
    spell_data: [],
    actions: [],
    attack_defense: null,
    animation_mesh: null
  }
] viewMode="grid" pagination= { page: 1, limit: 25, total: 100, offset: 0 }  ... > 
  at <VTUROOT>
[Vue warn]: Failed to resolve component: ContextMenu
If this is a native custom element, make sure to exclude it from component resolution via compilerOptions.isCustomElement. 
  at <ItemList items= [
  {
    id: 1,
    aoid: 12345,
    name: 'Test Item',
    ql: 200,
    description: 'A test item for testing',
    item_class: 3,
    is_nano: false,
    stats: [ [Object], [Object] ],
    requirements: [ [Object], [Object] ],
    spell_data: [],
    actions: [],
    attack_defense: null,
    animation_mesh: null
  }
] viewMode="grid" pagination= { page: 1, limit: 25, total: 100, offset: 0 }  ... > 
  at <VTUROOT>
[Vue warn]: Failed to resolve directive: tooltip 
  at <ItemList items= [
  {
    id: 1,
    aoid: 12345,
    name: 'Test Item',
    ql: 200,
    description: 'A test item for testing',
    item_class: 3,
    is_nano: false,
    stats: [ [Object], [Object] ],
    requirements: [ [Object], [Object] ],
    spell_data: [],
    actions: [],
    attack_defense: null,
    animation_mesh: null
  }
] viewMode="grid" pagination= { page: 1, limit: 25, total: 100, offset: 0 }  ... > 
  at <VTUROOT>

stderr | src/__tests__/components/ItemList.test.ts > ItemList > Pagination > should emit page change events
[Vue warn]: Failed to resolve component: Paginator
If this is a native custom element, make sure to exclude it from component resolution via compilerOptions.isCustomElement. 
  at <ItemList items= [
  {
    id: 1,
    aoid: 12345,
    name: 'Test Item',
    ql: 200,
    description: 'A test item for testing',
    item_class: 3,
    is_nano: false,
    stats: [ [Object], [Object] ],
    requirements: [ [Object], [Object] ],
    spell_data: [],
    actions: [],
    attack_defense: null,
    animation_mesh: null
  }
] viewMode="grid" pagination= { page: 1, limit: 25, total: 100, offset: 0 }  ... > 
  at <VTUROOT>
[Vue warn]: Failed to resolve component: ContextMenu
If this is a native custom element, make sure to exclude it from component resolution via compilerOptions.isCustomElement. 
  at <ItemList items= [
  {
    id: 1,
    aoid: 12345,
    name: 'Test Item',
    ql: 200,
    description: 'A test item for testing',
    item_class: 3,
    is_nano: false,
    stats: [ [Object], [Object] ],
    requirements: [ [Object], [Object] ],
    spell_data: [],
    actions: [],
    attack_defense: null,
    animation_mesh: null
  }
] viewMode="grid" pagination= { page: 1, limit: 25, total: 100, offset: 0 }  ... > 
  at <VTUROOT>
[Vue warn]: Failed to resolve directive: tooltip 
  at <ItemList items= [
  {
    id: 1,
    aoid: 12345,
    name: 'Test Item',
    ql: 200,
    description: 'A test item for testing',
    item_class: 3,
    is_nano: false,
    stats: [ [Object], [Object] ],
    requirements: [ [Object], [Object] ],
    spell_data: [],
    actions: [],
    attack_defense: null,
    animation_mesh: null
  }
] viewMode="grid" pagination= { page: 1, limit: 25, total: 100, offset: 0 }  ... > 
  at <VTUROOT>

stderr | src/__tests__/components/ItemList.test.ts > ItemList > Quick View Dialog > should open quick view dialog when item card emits quick-view
[Vue warn]: Failed to resolve component: Paginator
If this is a native custom element, make sure to exclude it from component resolution via compilerOptions.isCustomElement. 
  at <ItemList items= [
  {
    id: 1,
    aoid: 12345,
    name: 'Test Item',
    ql: 200,
    description: 'A test item for testing',
    item_class: 3,
    is_nano: false,
    stats: [ [Object], [Object] ],
    requirements: [ [Object], [Object] ],
    spell_data: [],
    actions: [],
    attack_defense: null,
    animation_mesh: null
  }
] viewMode="grid" ref="VTU_COMPONENT" > 
  at <VTUROOT>
[Vue warn]: Failed to resolve component: ContextMenu
If this is a native custom element, make sure to exclude it from component resolution via compilerOptions.isCustomElement. 
  at <ItemList items= [
  {
    id: 1,
    aoid: 12345,
    name: 'Test Item',
    ql: 200,
    description: 'A test item for testing',
    item_class: 3,
    is_nano: false,
    stats: [ [Object], [Object] ],
    requirements: [ [Object], [Object] ],
    spell_data: [],
    actions: [],
    attack_defense: null,
    animation_mesh: null
  }
] viewMode="grid" ref="VTU_COMPONENT" > 
  at <VTUROOT>
[Vue warn]: Failed to resolve directive: tooltip 
  at <ItemList items= [
  {
    id: 1,
    aoid: 12345,
    name: 'Test Item',
    ql: 200,
    description: 'A test item for testing',
    item_class: 3,
    is_nano: false,
    stats: [ [Object], [Object] ],
    requirements: [ [Object], [Object] ],
    spell_data: [],
    actions: [],
    attack_defense: null,
    animation_mesh: null
  }
] viewMode="grid" ref="VTU_COMPONENT" > 
  at <VTUROOT>
[Vue warn]: Failed to resolve component: Paginator
If this is a native custom element, make sure to exclude it from component resolution via compilerOptions.isCustomElement. 
  at <ItemList items= [
  {
    id: 1,
    aoid: 12345,
    name: 'Test Item',
    ql: 200,
    description: 'A test item for testing',
    item_class: 3,
    is_nano: false,
    stats: [ [Object], [Object] ],
    requirements: [ [Object], [Object] ],
    spell_data: [],
    actions: [],
    attack_defense: null,
    animation_mesh: null
  }
] viewMode="grid" ref="VTU_COMPONENT" > 
  at <VTUROOT>
[Vue warn]: Failed to resolve component: ContextMenu
If this is a native custom element, make sure to exclude it from component resolution via compilerOptions.isCustomElement. 
  at <ItemList items= [
  {
    id: 1,
    aoid: 12345,
    name: 'Test Item',
    ql: 200,
    description: 'A test item for testing',
    item_class: 3,
    is_nano: false,
    stats: [ [Object], [Object] ],
    requirements: [ [Object], [Object] ],
    spell_data: [],
    actions: [],
    attack_defense: null,
    animation_mesh: null
  }
] viewMode="grid" ref="VTU_COMPONENT" > 
  at <VTUROOT>
[Vue warn]: Failed to resolve directive: tooltip 
  at <ItemList items= [
  {
    id: 1,
    aoid: 12345,
    name: 'Test Item',
    ql: 200,
    description: 'A test item for testing',
    item_class: 3,
    is_nano: false,
    stats: [ [Object], [Object] ],
    requirements: [ [Object], [Object] ],
    spell_data: [],
    actions: [],
    attack_defense: null,
    animation_mesh: null
  }
] viewMode="grid" ref="VTU_COMPONENT" > 
  at <VTUROOT>

stderr | src/__tests__/components/ItemList.test.ts > ItemList > Quick View Dialog > should render ItemQuickView in dialog
[Vue warn]: Failed to resolve component: Paginator
If this is a native custom element, make sure to exclude it from component resolution via compilerOptions.isCustomElement. 
  at <ItemList items= [
  {
    id: 1,
    aoid: 12345,
    name: 'Test Item',
    ql: 200,
    description: 'A test item for testing',
    item_class: 3,
    is_nano: false,
    stats: [ [Object], [Object] ],
    requirements: [ [Object], [Object] ],
    spell_data: [],
    actions: [],
    attack_defense: null,
    animation_mesh: null
  }
] viewMode="grid" ref="VTU_COMPONENT" > 
  at <VTUROOT>
[Vue warn]: Failed to resolve component: ContextMenu
If this is a native custom element, make sure to exclude it from component resolution via compilerOptions.isCustomElement. 
  at <ItemList items= [
  {
    id: 1,
    aoid: 12345,
    name: 'Test Item',
    ql: 200,
    description: 'A test item for testing',
    item_class: 3,
    is_nano: false,
    stats: [ [Object], [Object] ],
    requirements: [ [Object], [Object] ],
    spell_data: [],
    actions: [],
    attack_defense: null,
    animation_mesh: null
  }
] viewMode="grid" ref="VTU_COMPONENT" > 
  at <VTUROOT>
[Vue warn]: Failed to resolve directive: tooltip 
  at <ItemList items= [
  {
    id: 1,
    aoid: 12345,
    name: 'Test Item',
    ql: 200,
    description: 'A test item for testing',
    item_class: 3,
    is_nano: false,
    stats: [ [Object], [Object] ],
    requirements: [ [Object], [Object] ],
    spell_data: [],
    actions: [],
    attack_defense: null,
    animation_mesh: null
  }
] viewMode="grid" ref="VTU_COMPONENT" > 
  at <VTUROOT>
[Vue warn]: Failed to resolve component: Paginator
If this is a native custom element, make sure to exclude it from component resolution via compilerOptions.isCustomElement. 
  at <ItemList items= [
  {
    id: 1,
    aoid: 12345,
    name: 'Test Item',
    ql: 200,
    description: 'A test item for testing',
    item_class: 3,
    is_nano: false,
    stats: [ [Object], [Object] ],
    requirements: [ [Object], [Object] ],
    spell_data: [],
    actions: [],
    attack_defense: null,
    animation_mesh: null
  }
] viewMode="grid" ref="VTU_COMPONENT" > 
  at <VTUROOT>
[Vue warn]: Failed to resolve component: ContextMenu
If this is a native custom element, make sure to exclude it from component resolution via compilerOptions.isCustomElement. 
  at <ItemList items= [
  {
    id: 1,
    aoid: 12345,
    name: 'Test Item',
    ql: 200,
    description: 'A test item for testing',
    item_class: 3,
    is_nano: false,
    stats: [ [Object], [Object] ],
    requirements: [ [Object], [Object] ],
    spell_data: [],
    actions: [],
    attack_defense: null,
    animation_mesh: null
  }
] viewMode="grid" ref="VTU_COMPONENT" > 
  at <VTUROOT>
[Vue warn]: Failed to resolve directive: tooltip 
  at <ItemList items= [
  {
    id: 1,
    aoid: 12345,
    name: 'Test Item',
    ql: 200,
    description: 'A test item for testing',
    item_class: 3,
    is_nano: false,
    stats: [ [Object], [Object] ],
    requirements: [ [Object], [Object] ],
    spell_data: [],
    actions: [],
    attack_defense: null,
    animation_mesh: null
  }
] viewMode="grid" ref="VTU_COMPONENT" > 
  at <VTUROOT>

stderr | src/__tests__/components/ItemList.test.ts > ItemList > Quick View Dialog > should close dialog when quick view emits close
[Vue warn]: Failed to resolve component: Paginator
If this is a native custom element, make sure to exclude it from component resolution via compilerOptions.isCustomElement. 
  at <ItemList items= [
  {
    id: 1,
    aoid: 12345,
    name: 'Test Item',
    ql: 200,
    description: 'A test item for testing',
    item_class: 3,
    is_nano: false,
    stats: [ [Object], [Object] ],
    requirements: [ [Object], [Object] ],
    spell_data: [],
    actions: [],
    attack_defense: null,
    animation_mesh: null
  }
] viewMode="grid" ref="VTU_COMPONENT" > 
  at <VTUROOT>
[Vue warn]: Failed to resolve component: ContextMenu
If this is a native custom element, make sure to exclude it from component resolution via compilerOptions.isCustomElement. 
  at <ItemList items= [
  {
    id: 1,
    aoid: 12345,
    name: 'Test Item',
    ql: 200,
    description: 'A test item for testing',
    item_class: 3,
    is_nano: false,
    stats: [ [Object], [Object] ],
    requirements: [ [Object], [Object] ],
    spell_data: [],
    actions: [],
    attack_defense: null,
    animation_mesh: null
  }
] viewMode="grid" ref="VTU_COMPONENT" > 
  at <VTUROOT>
[Vue warn]: Failed to resolve directive: tooltip 
  at <ItemList items= [
  {
    id: 1,
    aoid: 12345,
    name: 'Test Item',
    ql: 200,
    description: 'A test item for testing',
    item_class: 3,
    is_nano: false,
    stats: [ [Object], [Object] ],
    requirements: [ [Object], [Object] ],
    spell_data: [],
    actions: [],
    attack_defense: null,
    animation_mesh: null
  }
] viewMode="grid" ref="VTU_COMPONENT" > 
  at <VTUROOT>
[Vue warn]: Failed to resolve component: Paginator
If this is a native custom element, make sure to exclude it from component resolution via compilerOptions.isCustomElement. 
  at <ItemList items= [
  {
    id: 1,
    aoid: 12345,
    name: 'Test Item',
    ql: 200,
    description: 'A test item for testing',
    item_class: 3,
    is_nano: false,
    stats: [ [Object], [Object] ],
    requirements: [ [Object], [Object] ],
    spell_data: [],
    actions: [],
    attack_defense: null,
    animation_mesh: null
  }
] viewMode="grid" ref="VTU_COMPONENT" > 
  at <VTUROOT>
[Vue warn]: Failed to resolve component: ContextMenu
If this is a native custom element, make sure to exclude it from component resolution via compilerOptions.isCustomElement. 
  at <ItemList items= [
  {
    id: 1,
    aoid: 12345,
    name: 'Test Item',
    ql: 200,
    description: 'A test item for testing',
    item_class: 3,
    is_nano: false,
    stats: [ [Object], [Object] ],
    requirements: [ [Object], [Object] ],
    spell_data: [],
    actions: [],
    attack_defense: null,
    animation_mesh: null
  }
] viewMode="grid" ref="VTU_COMPONENT" > 
  at <VTUROOT>
[Vue warn]: Failed to resolve directive: tooltip 
  at <ItemList items= [
  {
    id: 1,
    aoid: 12345,
    name: 'Test Item',
    ql: 200,
    description: 'A test item for testing',
    item_class: 3,
    is_nano: false,
    stats: [ [Object], [Object] ],
    requirements: [ [Object], [Object] ],
    spell_data: [],
    actions: [],
    attack_defense: null,
    animation_mesh: null
  }
] viewMode="grid" ref="VTU_COMPONENT" > 
  at <VTUROOT>
[Vue warn]: Failed to resolve component: Paginator
If this is a native custom element, make sure to exclude it from component resolution via compilerOptions.isCustomElement. 
  at <ItemList items= [
  {
    id: 1,
    aoid: 12345,
    name: 'Test Item',
    ql: 200,
    description: 'A test item for testing',
    item_class: 3,
    is_nano: false,
    stats: [ [Object], [Object] ],
    requirements: [ [Object], [Object] ],
    spell_data: [],
    actions: [],
    attack_defense: null,
    animation_mesh: null
  }
] viewMode="grid" ref="VTU_COMPONENT" > 
  at <VTUROOT>
[Vue warn]: Failed to resolve component: ContextMenu
If this is a native custom element, make sure to exclude it from component resolution via compilerOptions.isCustomElement. 
  at <ItemList items= [
  {
    id: 1,
    aoid: 12345,
    name: 'Test Item',
    ql: 200,
    description: 'A test item for testing',
    item_class: 3,
    is_nano: false,
    stats: [ [Object], [Object] ],
    requirements: [ [Object], [Object] ],
    spell_data: [],
    actions: [],
    attack_defense: null,
    animation_mesh: null
  }
] viewMode="grid" ref="VTU_COMPONENT" > 
  at <VTUROOT>
[Vue warn]: Failed to resolve directive: tooltip 
  at <ItemList items= [
  {
    id: 1,
    aoid: 12345,
    name: 'Test Item',
    ql: 200,
    description: 'A test item for testing',
    item_class: 3,
    is_nano: false,
    stats: [ [Object], [Object] ],
    requirements: [ [Object], [Object] ],
    spell_data: [],
    actions: [],
    attack_defense: null,
    animation_mesh: null
  }
] viewMode="grid" ref="VTU_COMPONENT" > 
  at <VTUROOT>

stderr | src/__tests__/components/ItemList.test.ts > ItemList > Quick View Dialog > should handle view-full event from quick view
[Vue warn]: Failed to resolve component: Paginator
If this is a native custom element, make sure to exclude it from component resolution via compilerOptions.isCustomElement. 
  at <ItemList items= [
  {
    id: 1,
    aoid: 12345,
    name: 'Test Item',
    ql: 200,
    description: 'A test item for testing',
    item_class: 3,
    is_nano: false,
    stats: [ [Object], [Object] ],
    requirements: [ [Object], [Object] ],
    spell_data: [],
    actions: [],
    attack_defense: null,
    animation_mesh: null
  }
] viewMode="grid" ref="VTU_COMPONENT" > 
  at <VTUROOT>
[Vue warn]: Failed to resolve component: ContextMenu
If this is a native custom element, make sure to exclude it from component resolution via compilerOptions.isCustomElement. 
  at <ItemList items= [
  {
    id: 1,
    aoid: 12345,
    name: 'Test Item',
    ql: 200,
    description: 'A test item for testing',
    item_class: 3,
    is_nano: false,
    stats: [ [Object], [Object] ],
    requirements: [ [Object], [Object] ],
    spell_data: [],
    actions: [],
    attack_defense: null,
    animation_mesh: null
  }
] viewMode="grid" ref="VTU_COMPONENT" > 
  at <VTUROOT>
[Vue warn]: Failed to resolve directive: tooltip 
  at <ItemList items= [
  {
    id: 1,
    aoid: 12345,
    name: 'Test Item',
    ql: 200,
    description: 'A test item for testing',
    item_class: 3,
    is_nano: false,
    stats: [ [Object], [Object] ],
    requirements: [ [Object], [Object] ],
    spell_data: [],
    actions: [],
    attack_defense: null,
    animation_mesh: null
  }
] viewMode="grid" ref="VTU_COMPONENT" > 
  at <VTUROOT>
[Vue warn]: Failed to resolve component: Paginator
If this is a native custom element, make sure to exclude it from component resolution via compilerOptions.isCustomElement. 
  at <ItemList items= [
  {
    id: 1,
    aoid: 12345,
    name: 'Test Item',
    ql: 200,
    description: 'A test item for testing',
    item_class: 3,
    is_nano: false,
    stats: [ [Object], [Object] ],
    requirements: [ [Object], [Object] ],
    spell_data: [],
    actions: [],
    attack_defense: null,
    animation_mesh: null
  }
] viewMode="grid" ref="VTU_COMPONENT" > 
  at <VTUROOT>
[Vue warn]: Failed to resolve component: ContextMenu
If this is a native custom element, make sure to exclude it from component resolution via compilerOptions.isCustomElement. 
  at <ItemList items= [
  {
    id: 1,
    aoid: 12345,
    name: 'Test Item',
    ql: 200,
    description: 'A test item for testing',
    item_class: 3,
    is_nano: false,
    stats: [ [Object], [Object] ],
    requirements: [ [Object], [Object] ],
    spell_data: [],
    actions: [],
    attack_defense: null,
    animation_mesh: null
  }
] viewMode="grid" ref="VTU_COMPONENT" > 
  at <VTUROOT>
[Vue warn]: Failed to resolve directive: tooltip 
  at <ItemList items= [
  {
    id: 1,
    aoid: 12345,
    name: 'Test Item',
    ql: 200,
    description: 'A test item for testing',
    item_class: 3,
    is_nano: false,
    stats: [ [Object], [Object] ],
    requirements: [ [Object], [Object] ],
    spell_data: [],
    actions: [],
    attack_defense: null,
    animation_mesh: null
  }
] viewMode="grid" ref="VTU_COMPONENT" > 
  at <VTUROOT>
[Vue warn]: Failed to resolve component: Paginator
If this is a native custom element, make sure to exclude it from component resolution via compilerOptions.isCustomElement. 
  at <ItemList items= [
  {
    id: 1,
    aoid: 12345,
    name: 'Test Item',
    ql: 200,
    description: 'A test item for testing',
    item_class: 3,
    is_nano: false,
    stats: [ [Object], [Object] ],
    requirements: [ [Object], [Object] ],
    spell_data: [],
    actions: [],
    attack_defense: null,
    animation_mesh: null
  }
] viewMode="grid" ref="VTU_COMPONENT" > 
  at <VTUROOT>
[Vue warn]: Failed to resolve component: ContextMenu
If this is a native custom element, make sure to exclude it from component resolution via compilerOptions.isCustomElement. 
  at <ItemList items= [
  {
    id: 1,
    aoid: 12345,
    name: 'Test Item',
    ql: 200,
    description: 'A test item for testing',
    item_class: 3,
    is_nano: false,
    stats: [ [Object], [Object] ],
    requirements: [ [Object], [Object] ],
    spell_data: [],
    actions: [],
    attack_defense: null,
    animation_mesh: null
  }
] viewMode="grid" ref="VTU_COMPONENT" > 
  at <VTUROOT>
[Vue warn]: Failed to resolve directive: tooltip 
  at <ItemList items= [
  {
    id: 1,
    aoid: 12345,
    name: 'Test Item',
    ql: 200,
    description: 'A test item for testing',
    item_class: 3,
    is_nano: false,
    stats: [ [Object], [Object] ],
    requirements: [ [Object], [Object] ],
    spell_data: [],
    actions: [],
    attack_defense: null,
    animation_mesh: null
  }
] viewMode="grid" ref="VTU_COMPONENT" > 
  at <VTUROOT>

stderr | src/__tests__/components/ItemList.test.ts > ItemList > Context Menu > should show context menu on item action button click
[Vue warn]: Failed to resolve component: Paginator
If this is a native custom element, make sure to exclude it from component resolution via compilerOptions.isCustomElement. 
  at <ItemList items= [
  {
    id: 1,
    aoid: 12345,
    name: 'Test Item',
    ql: 200,
    description: 'A test item for testing',
    item_class: 3,
    is_nano: false,
    stats: [ [Object], [Object] ],
    requirements: [ [Object], [Object] ],
    spell_data: [],
    actions: [],
    attack_defense: null,
    animation_mesh: null
  }
] viewMode="list" ref="VTU_COMPONENT" > 
  at <VTUROOT>
[Vue warn]: Failed to resolve component: ContextMenu
If this is a native custom element, make sure to exclude it from component resolution via compilerOptions.isCustomElement. 
  at <ItemList items= [
  {
    id: 1,
    aoid: 12345,
    name: 'Test Item',
    ql: 200,
    description: 'A test item for testing',
    item_class: 3,
    is_nano: false,
    stats: [ [Object], [Object] ],
    requirements: [ [Object], [Object] ],
    spell_data: [],
    actions: [],
    attack_defense: null,
    animation_mesh: null
  }
] viewMode="list" ref="VTU_COMPONENT" > 
  at <VTUROOT>
[Vue warn]: Failed to resolve directive: tooltip 
  at <ItemList items= [
  {
    id: 1,
    aoid: 12345,
    name: 'Test Item',
    ql: 200,
    description: 'A test item for testing',
    item_class: 3,
    is_nano: false,
    stats: [ [Object], [Object] ],
    requirements: [ [Object], [Object] ],
    spell_data: [],
    actions: [],
    attack_defense: null,
    animation_mesh: null
  }
] viewMode="list" ref="VTU_COMPONENT" > 
  at <VTUROOT>

stderr | src/__tests__/components/ItemList.test.ts > ItemList > Context Menu > should have context menu items
[Vue warn]: Failed to resolve component: Paginator
If this is a native custom element, make sure to exclude it from component resolution via compilerOptions.isCustomElement. 
  at <ItemList items= [
  {
    id: 1,
    aoid: 12345,
    name: 'Test Item',
    ql: 200,
    description: 'A test item for testing',
    item_class: 3,
    is_nano: false,
    stats: [ [Object], [Object] ],
    requirements: [ [Object], [Object] ],
    spell_data: [],
    actions: [],
    attack_defense: null,
    animation_mesh: null
  }
] viewMode="list" ref="VTU_COMPONENT" > 
  at <VTUROOT>
[Vue warn]: Failed to resolve component: ContextMenu
If this is a native custom element, make sure to exclude it from component resolution via compilerOptions.isCustomElement. 
  at <ItemList items= [
  {
    id: 1,
    aoid: 12345,
    name: 'Test Item',
    ql: 200,
    description: 'A test item for testing',
    item_class: 3,
    is_nano: false,
    stats: [ [Object], [Object] ],
    requirements: [ [Object], [Object] ],
    spell_data: [],
    actions: [],
    attack_defense: null,
    animation_mesh: null
  }
] viewMode="list" ref="VTU_COMPONENT" > 
  at <VTUROOT>
[Vue warn]: Failed to resolve directive: tooltip 
  at <ItemList items= [
  {
    id: 1,
    aoid: 12345,
    name: 'Test Item',
    ql: 200,
    description: 'A test item for testing',
    item_class: 3,
    is_nano: false,
    stats: [ [Object], [Object] ],
    requirements: [ [Object], [Object] ],
    spell_data: [],
    actions: [],
    attack_defense: null,
    animation_mesh: null
  }
] viewMode="list" ref="VTU_COMPONENT" > 
  at <VTUROOT>

stderr | src/__tests__/components/ItemList.test.ts > ItemList > Empty State > should show empty state when no items
[Vue warn]: Failed to resolve component: Paginator
If this is a native custom element, make sure to exclude it from component resolution via compilerOptions.isCustomElement. 
  at <ItemList items= [] viewMode="grid" ref="VTU_COMPONENT" > 
  at <VTUROOT>
[Vue warn]: Failed to resolve component: ContextMenu
If this is a native custom element, make sure to exclude it from component resolution via compilerOptions.isCustomElement. 
  at <ItemList items= [] viewMode="grid" ref="VTU_COMPONENT" > 
  at <VTUROOT>
[Vue warn]: Failed to resolve directive: tooltip 
  at <ItemList items= [] viewMode="grid" ref="VTU_COMPONENT" > 
  at <VTUROOT>

stderr | src/__tests__/components/ItemList.test.ts > ItemList > Empty State > should show helpful message in empty state
[Vue warn]: Failed to resolve component: Paginator
If this is a native custom element, make sure to exclude it from component resolution via compilerOptions.isCustomElement. 
  at <ItemList items= [] viewMode="grid" ref="VTU_COMPONENT" > 
  at <VTUROOT>
[Vue warn]: Failed to resolve component: ContextMenu
If this is a native custom element, make sure to exclude it from component resolution via compilerOptions.isCustomElement. 
  at <ItemList items= [] viewMode="grid" ref="VTU_COMPONENT" > 
  at <VTUROOT>
[Vue warn]: Failed to resolve directive: tooltip 
  at <ItemList items= [] viewMode="grid" ref="VTU_COMPONENT" > 
  at <VTUROOT>

stderr | src/__tests__/components/ItemList.test.ts > ItemList > Responsiveness > should use responsive grid classes
[Vue warn]: Failed to resolve component: Paginator
If this is a native custom element, make sure to exclude it from component resolution via compilerOptions.isCustomElement. 
  at <ItemList items= [
  {
    id: 1,
    aoid: 12345,
    name: 'Test Item',
    ql: 200,
    description: 'A test item for testing',
    item_class: 3,
    is_nano: false,
    stats: [ [Object], [Object] ],
    requirements: [ [Object], [Object] ],
    spell_data: [],
    actions: [],
    attack_defense: null,
    animation_mesh: null
  },
  {
    id: 2,
    aoid: 12345,
    name: 'Test Item',
    ql: 200,
    description: 'A test item for testing',
    item_class: 3,
    is_nano: false,
    stats: [ [Object], [Object] ],
    requirements: [ [Object], [Object] ],
    spell_data: [],
    actions: [],
    attack_defense: null,
    animation_mesh: null
  },
  {
    id: 3,
    aoid: 12345,
    name: 'Test Item',
    ql: 200,
    description: 'A test item for testing',
    item_class: 3,
    is_nano: false,
    stats: [ [Object], [Object] ],
    requirements: [ [Object], [Object] ],
    spell_data: [],
    actions: [],
    attack_defense: null,
    animation_mesh: null
  }
] viewMode="grid" ref="VTU_COMPONENT" > 
  at <VTUROOT>
[Vue warn]: Failed to resolve component: ContextMenu
If this is a native custom element, make sure to exclude it from component resolution via compilerOptions.isCustomElement. 
  at <ItemList items= [
  {
    id: 1,
    aoid: 12345,
    name: 'Test Item',
    ql: 200,
    description: 'A test item for testing',
    item_class: 3,
    is_nano: false,
    stats: [ [Object], [Object] ],
    requirements: [ [Object], [Object] ],
    spell_data: [],
    actions: [],
    attack_defense: null,
    animation_mesh: null
  },
  {
    id: 2,
    aoid: 12345,
    name: 'Test Item',
    ql: 200,
    description: 'A test item for testing',
    item_class: 3,
    is_nano: false,
    stats: [ [Object], [Object] ],
    requirements: [ [Object], [Object] ],
    spell_data: [],
    actions: [],
    attack_defense: null,
    animation_mesh: null
  },
  {
    id: 3,
    aoid: 12345,
    name: 'Test Item',
    ql: 200,
    description: 'A test item for testing',
    item_class: 3,
    is_nano: false,
    stats: [ [Object], [Object] ],
    requirements: [ [Object], [Object] ],
    spell_data: [],
    actions: [],
    attack_defense: null,
    animation_mesh: null
  }
] viewMode="grid" ref="VTU_COMPONENT" > 
  at <VTUROOT>
[Vue warn]: Failed to resolve directive: tooltip 
  at <ItemList items= [
  {
    id: 1,
    aoid: 12345,
    name: 'Test Item',
    ql: 200,
    description: 'A test item for testing',
    item_class: 3,
    is_nano: false,
    stats: [ [Object], [Object] ],
    requirements: [ [Object], [Object] ],
    spell_data: [],
    actions: [],
    attack_defense: null,
    animation_mesh: null
  },
  {
    id: 2,
    aoid: 12345,
    name: 'Test Item',
    ql: 200,
    description: 'A test item for testing',
    item_class: 3,
    is_nano: false,
    stats: [ [Object], [Object] ],
    requirements: [ [Object], [Object] ],
    spell_data: [],
    actions: [],
    attack_defense: null,
    animation_mesh: null
  },
  {
    id: 3,
    aoid: 12345,
    name: 'Test Item',
    ql: 200,
    description: 'A test item for testing',
    item_class: 3,
    is_nano: false,
    stats: [ [Object], [Object] ],
    requirements: [ [Object], [Object] ],
    spell_data: [],
    actions: [],
    attack_defense: null,
    animation_mesh: null
  }
] viewMode="grid" ref="VTU_COMPONENT" > 
  at <VTUROOT>

stderr | src/__tests__/components/ItemList.test.ts > ItemList > Responsiveness > should hide view mode controls on desktop
[Vue warn]: Failed to resolve component: Paginator
If this is a native custom element, make sure to exclude it from component resolution via compilerOptions.isCustomElement. 
  at <ItemList items= [
  {
    id: 1,
    aoid: 12345,
    name: 'Test Item',
    ql: 200,
    description: 'A test item for testing',
    item_class: 3,
    is_nano: false,
    stats: [ [Object], [Object] ],
    requirements: [ [Object], [Object] ],
    spell_data: [],
    actions: [],
    attack_defense: null,
    animation_mesh: null
  },
  {
    id: 2,
    aoid: 12345,
    name: 'Test Item',
    ql: 200,
    description: 'A test item for testing',
    item_class: 3,
    is_nano: false,
    stats: [ [Object], [Object] ],
    requirements: [ [Object], [Object] ],
    spell_data: [],
    actions: [],
    attack_defense: null,
    animation_mesh: null
  },
  {
    id: 3,
    aoid: 12345,
    name: 'Test Item',
    ql: 200,
    description: 'A test item for testing',
    item_class: 3,
    is_nano: false,
    stats: [ [Object], [Object] ],
    requirements: [ [Object], [Object] ],
    spell_data: [],
    actions: [],
    attack_defense: null,
    animation_mesh: null
  }
] viewMode="grid" ref="VTU_COMPONENT" > 
  at <VTUROOT>
[Vue warn]: Failed to resolve component: ContextMenu
If this is a native custom element, make sure to exclude it from component resolution via compilerOptions.isCustomElement. 
  at <ItemList items= [
  {
    id: 1,
    aoid: 12345,
    name: 'Test Item',
    ql: 200,
    description: 'A test item for testing',
    item_class: 3,
    is_nano: false,
    stats: [ [Object], [Object] ],
    requirements: [ [Object], [Object] ],
    spell_data: [],
    actions: [],
    attack_defense: null,
    animation_mesh: null
  },
  {
    id: 2,
    aoid: 12345,
    name: 'Test Item',
    ql: 200,
    description: 'A test item for testing',
    item_class: 3,
    is_nano: false,
    stats: [ [Object], [Object] ],
    requirements: [ [Object], [Object] ],
    spell_data: [],
    actions: [],
    attack_defense: null,
    animation_mesh: null
  },
  {
    id: 3,
    aoid: 12345,
    name: 'Test Item',
    ql: 200,
    description: 'A test item for testing',
    item_class: 3,
    is_nano: false,
    stats: [ [Object], [Object] ],
    requirements: [ [Object], [Object] ],
    spell_data: [],
    actions: [],
    attack_defense: null,
    animation_mesh: null
  }
] viewMode="grid" ref="VTU_COMPONENT" > 
  at <VTUROOT>
[Vue warn]: Failed to resolve directive: tooltip 
  at <ItemList items= [
  {
    id: 1,
    aoid: 12345,
    name: 'Test Item',
    ql: 200,
    description: 'A test item for testing',
    item_class: 3,
    is_nano: false,
    stats: [ [Object], [Object] ],
    requirements: [ [Object], [Object] ],
    spell_data: [],
    actions: [],
    attack_defense: null,
    animation_mesh: null
  },
  {
    id: 2,
    aoid: 12345,
    name: 'Test Item',
    ql: 200,
    description: 'A test item for testing',
    item_class: 3,
    is_nano: false,
    stats: [ [Object], [Object] ],
    requirements: [ [Object], [Object] ],
    spell_data: [],
    actions: [],
    attack_defense: null,
    animation_mesh: null
  },
  {
    id: 3,
    aoid: 12345,
    name: 'Test Item',
    ql: 200,
    description: 'A test item for testing',
    item_class: 3,
    is_nano: false,
    stats: [ [Object], [Object] ],
    requirements: [ [Object], [Object] ],
    spell_data: [],
    actions: [],
    attack_defense: null,
    animation_mesh: null
  }
] viewMode="grid" ref="VTU_COMPONENT" > 
  at <VTUROOT>

stderr | src/__tests__/components/ItemList.test.ts > ItemList > Performance > should handle large item lists efficiently
[Vue warn]: Failed to resolve component: Paginator
If this is a native custom element, make sure to exclude it from component resolution via compilerOptions.isCustomElement. 
  at <ItemList items= [
  {
    id: 1,
    aoid: 12345,
    name: 'Item 1',
    ql: 200,
    description: 'A test item for testing',
    item_class: 3,
    is_nano: false,
    stats: [ [Object], [Object] ],
    requirements: [ [Object], [Object] ],
    spell_data: [],
    actions: [],
    attack_defense: null,
    animation_mesh: null
  },
  {
    id: 2,
    aoid: 12345,
    name: 'Item 2',
    ql: 200,
    description: 'A test item for testing',
    item_class: 3,
    is_nano: false,
    stats: [ [Object], [Object] ],
    requirements: [ [Object], [Object] ],
    spell_data: [],
    actions: [],
    attack_defense: null,
    animation_mesh: null
  },
  {
    id: 3,
    aoid: 12345,
    name: 'Item 3',
    ql: 200,
    description: 'A test item for testing',
    item_class: 3,
    is_nano: false,
    stats: [ [Object], [Object] ],
    requirements: [ [Object], [Object] ],
    spell_data: [],
    actions: [],
    attack_defense: null,
    animation_mesh: null
  },
  {
    id: 4,
    aoid: 12345,
    name: 'Item 4',
    ql: 200,
    description: 'A test item for testing',
    item_class: 3,
    is_nano: false,
    stats: [ [Object], [Object] ],
    requirements: [ [Object], [Object] ],
    spell_data: [],
    actions: [],
    attack_defense: null,
    animation_mesh: null
  },
  {
    id: 5,
    aoid: 12345,
    name: 'Item 5',
    ql: 200,
    description: 'A test item for testing',
    item_class: 3,
    is_nano: false,
    stats: [ [Object], [Object] ],
    requirements: [ [Object], [Object] ],
    spell_data: [],
    actions: [],
    attack_defense: null,
    animation_mesh: null
  },
  {
    id: 6,
    aoid: 12345,
    name: 'Item 6',
    ql: 200,
    description: 'A test item for testing',
    item_class: 3,
    is_nano: false,
    stats: [ [Object], [Object] ],
    requirements: [ [Object], [Object] ],
    spell_data: [],
    actions: [],
    attack_defense: null,
    animation_mesh: null
  },
  {
    id: 7,
    aoid: 12345,
    name: 'Item 7',
    ql: 200,
    description: 'A test item for testing',
    item_class: 3,
    is_nano: false,
    stats: [ [Object], [Object] ],
    requirements: [ [Object], [Object] ],
    spell_data: [],
    actions: [],
    attack_defense: null,
    animation_mesh: null
  },
  {
    id: 8,
    aoid: 12345,
    name: 'Item 8',
    ql: 200,
    description: 'A test item for testing',
    item_class: 3,
    is_nano: false,
    stats: [ [Object], [Object] ],
    requirements: [ [Object], [Object] ],
    spell_data: [],
    actions: [],
    attack_defense: null,
    animation_mesh: null
  },
  {
    id: 9,
    aoid: 12345,
    name: 'Item 9',
    ql: 200,
    description: 'A test item for testing',
    item_class: 3,
    is_nano: false,
    stats: [ [Object], [Object] ],
    requirements: [ [Object], [Object] ],
    spell_data: [],
    actions: [],
    attack_defense: null,
    animation_mesh: null
  },
  {
    id: 10,
    aoid: 12345,
    name: 'Item 10',
    ql: 200,
    description: 'A test item for testing',
    item_class: 3,
    is_nano: false,
    stats: [ [Object], [Object] ],
    requirements: [ [Object], [Object] ],
    spell_data: [],
    actions: [],
    attack_defense: null,
    animation_mesh: null
  },
  {
    id: 11,
    aoid: 12345,
    name: 'Item 11',
    ql: 200,
    description: 'A test item for testing',
    item_class: 3,
    is_nano: false,
    stats: [ [Object], [Object] ],
    requirements: [ [Object], [Object] ],
    spell_data: [],
    actions: [],
    attack_defense: null,
    animation_mesh: null
  },
  {
    id: 12,
    aoid: 12345,
    name: 'Item 12',
    ql: 200,
    description: 'A test item for testing',
    item_class: 3,
    is_nano: false,
    stats: [ [Object], [Object] ],
    requirements: [ [Object], [Object] ],
    spell_data: [],
    actions: [],
    attack_defense: null,
    animation_mesh: null
  },
  {
    id: 13,
    aoid: 12345,
    name: 'Item 13',
    ql: 200,
    description: 'A test item for testing',
    item_class: 3,
    is_nano: false,
    stats: [ [Object], [Object] ],
    requirements: [ [Object], [Object] ],
    spell_data: [],
    actions: [],
    attack_defense: null,
    animation_mesh: null
  },
  {
    id: 14,
    aoid: 12345,
    name: 'Item 14',
    ql: 200,
    description: 'A test item for testing',
    item_class: 3,
    is_nano: false,
    stats: [ [Object], [Object] ],
    requirements: [ [Object], [Object] ],
    spell_data: [],
    actions: [],
    attack_defense: null,
    animation_mesh: null
  },
  {
    id: 15,
    aoid: 12345,
    name: 'Item 15',
    ql: 200,
    description: 'A test item for testing',
    item_class: 3,
    is_nano: false,
    stats: [ [Object], [Object] ],
    requirements: [ [Object], [Object] ],
    spell_data: [],
    actions: [],
    attack_defense: null,
    animation_mesh: null
  },
  {
    id: 16,
    aoid: 12345,
    name: 'Item 16',
    ql: 200,
    description: 'A test item for testing',
    item_class: 3,
    is_nano: false,
    stats: [ [Object], [Object] ],
    requirements: [ [Object], [Object] ],
    spell_data: [],
    actions: [],
    attack_defense: null,
    animation_mesh: null
  },
  {
    id: 17,
    aoid: 12345,
    name: 'Item 17',
    ql: 200,
    description: 'A test item for testing',
    item_class: 3,
    is_nano: false,
    stats: [ [Object], [Object] ],
    requirements: [ [Object], [Object] ],
    spell_data: [],
    actions: [],
    attack_defense: null,
    animation_mesh: null
  },
  {
    id: 18,
    aoid: 12345,
    name: 'Item 18',
    ql: 200,
    description: 'A test item for testing',
    item_class: 3,
    is_nano: false,
    stats: [ [Object], [Object] ],
    requirements: [ [Object], [Object] ],
    spell_data: [],
    actions: [],
    attack_defense: null,
    animation_mesh: null
  },
  {
    id: 19,
    aoid: 12345,
    name: 'Item 19',
    ql: 200,
    description: 'A test item for testing',
    item_class: 3,
    is_nano: false,
    stats: [ [Object], [Object] ],
    requirements: [ [Object], [Object] ],
    spell_data: [],
    actions: [],
    attack_defense: null,
    animation_mesh: null
  },
  {
    id: 20,
    aoid: 12345,
    name: 'Item 20',
    ql: 200,
    description: 'A test item for testing',
    item_class: 3,
    is_nano: false,
    stats: [ [Object], [Object] ],
    requirements: [ [Object], [Object] ],
    spell_data: [],
    actions: [],
    attack_defense: null,
    animation_mesh: null
  },
  {
    id: 21,
    aoid: 12345,
    name: 'Item 21',
    ql: 200,
    description: 'A test item for testing',
    item_class: 3,
    is_nano: false,
    stats: [ [Object], [Object] ],
    requirements: [ [Object], [Object] ],
    spell_data: [],
    actions: [],
    attack_defense: null,
    animation_mesh: null
  },
  {
    id: 22,
    aoid: 12345,
    name: 'Item 22',
    ql: 200,
    description: 'A test item for testing',
    item_class: 3,
    is_nano: false,
    stats: [ [Object], [Object] ],
    requirements: [ [Object], [Object] ],
    spell_data: [],
    actions: [],
    attack_defense: null,
    animation_mesh: null
  },
  {
    id: 23,
    aoid: 12345,
    name: 'Item 23',
    ql: 200,
    description: 'A test item for testing',
    item_class: 3,
    is_nano: false,
    stats: [ [Object], [Object] ],
    requirements: [ [Object], [Object] ],
    spell_data: [],
    actions: [],
    attack_defense: null,
    animation_mesh: null
  },
  {
    id: 24,
    aoid: 12345,
    name: 'Item 24',
    ql: 200,
    description: 'A test item for testing',
    item_class: 3,
    is_nano: false,
    stats: [ [Object], [Object] ],
    requirements: [ [Object], [Object] ],
    spell_data: [],
    actions: [],
    attack_defense: null,
    animation_mesh: null
  },
  {
    id: 25,
    aoid: 12345,
    name: 'Item 25',
    ql: 200,
    description: 'A test item for testing',
    item_class: 3,
    is_nano: false,
    stats: [ [Object], [Object] ],
    requirements: [ [Object], [Object] ],
    spell_data: [],
    actions: [],
    attack_defense: null,
    animation_mesh: null
  },
  {
    id: 26,
    aoid: 12345,
    name: 'Item 26',
    ql: 200,
    description: 'A test item for testing',
    item_class: 3,
    is_nano: false,
    stats: [ [Object], [Object] ],
    requirements: [ [Object], [Object] ],
    spell_data: [],
    actions: [],
    attack_defense: null,
    animation_mesh: null
  },
  {
    id: 27,
    aoid: 12345,
    name: 'Item 27',
    ql: 200,
    description: 'A test item for testing',
    item_class: 3,
    is_nano: false,
    stats: [ [Object], [Object] ],
    requirements: [ [Object], [Object] ],
    spell_data: [],
    actions: [],
    attack_defense: null,
    animation_mesh: null
  },
  {
    id: 28,
    aoid: 12345,
    name: 'Item 28',
    ql: 200,
    description: 'A test item for testing',
    item_class: 3,
    is_nano: false,
    stats: [ [Object], [Object] ],
    requirements: [ [Object], [Object] ],
    spell_data: [],
    actions: [],
    attack_defense: null,
    animation_mesh: null
  },
  {
    id: 29,
    aoid: 12345,
    name: 'Item 29',
    ql: 200,
    description: 'A test item for testing',
    item_class: 3,
    is_nano: false,
    stats: [ [Object], [Object] ],
    requirements: [ [Object], [Object] ],
    spell_data: [],
    actions: [],
    attack_defense: null,
    animation_mesh: null
  },
  {
    id: 30,
    aoid: 12345,
    name: 'Item 30',
    ql: 200,
    description: 'A test item for testing',
    item_class: 3,
    is_nano: false,
    stats: [ [Object], [Object] ],
    requirements: [ [Object], [Object] ],
    spell_data: [],
    actions: [],
    attack_defense: null,
    animation_mesh: null
  },
  {
    id: 31,
    aoid: 12345,
    name: 'Item 31',
    ql: 200,
    description: 'A test item for testing',
    item_class: 3,
    is_nano: false,
    stats: [ [Object], [Object] ],
    requirements: [ [Object], [Object] ],
    spell_data: [],
    actions: [],
    attack_defense: null,
    animation_mesh: null
  },
  {
    id: 32,
    aoid: 12345,
    name: 'Item 32',
    ql: 200,
    description: 'A test item for testing',
    item_class: 3,
    is_nano: false,
    stats: [ [Object], [Object] ],
    requirements: [ [Object], [Object] ],
    spell_data: [],
    actions: [],
    attack_defense: null,
    animation_mesh: null
  },
  {
    id: 33,
    aoid: 12345,
    name: 'Item 33',
    ql: 200,
    description: 'A test item for testing',
    item_class: 3,
    is_nano: false,
    stats: [ [Object], [Object] ],
    requirements: [ [Object], [Object] ],
    spell_data: [],
    actions: [],
    attack_defense: null,
    animation_mesh: null
  },
  {
    id: 34,
    aoid: 12345,
    name: 'Item 34',
    ql: 200,
    description: 'A test item for testing',
    item_class: 3,
    is_nano: false,
    stats: [ [Object], [Object] ],
    requirements: [ [Object], [Object] ],
    spell_data: [],
    actions: [],
    attack_defense: null,
    animation_mesh: null
  },
  {
    id: 35,
    aoid: 12345,
    name: 'Item 35',
    ql: 200,
    description: 'A test item for testing',
    item_class: 3,
    is_nano: false,
    stats: [ [Object], [Object] ],
    requirements: [ [Object], [Object] ],
    spell_data: [],
    actions: [],
    attack_defense: null,
    animation_mesh: null
  },
  {
    id: 36,
    aoid: 12345,
    name: 'Item 36',
    ql: 200,
    description: 'A test item for testing',
    item_class: 3,
    is_nano: false,
    stats: [ [Object], [Object] ],
    requirements: [ [Object], [Object] ],
    spell_data: [],
    actions: [],
    attack_defense: null,
    animation_mesh: null
  },
  {
    id: 37,
    aoid: 12345,
    name: 'Item 37',
    ql: 200,
    description: 'A test item for testing',
    item_class: 3,
    is_nano: false,
    stats: [ [Object], [Object] ],
    requirements: [ [Object], [Object] ],
    spell_data: [],
    actions: [],
    attack_defense: null,
    animation_mesh: null
  },
  {
    id: 38,
    aoid: 12345,
    name: 'Item 38',
    ql: 200,
    description: 'A test item for testing',
    item_class: 3,
    is_nano: false,
    stats: [ [Object], [Object] ],
    requirements: [ [Object], [Object] ],
    spell_data: [],
    actions: [],
    attack_defense: null,
    animation_mesh: null
  },
  {
    id: 39,
    aoid: 12345,
    name: 'Item 39',
    ql: 200,
    description: 'A test item for testing',
    item_class: 3,
    is_nano: false,
    stats: [ [Object], [Object] ],
    requirements: [ [Object], [Object] ],
    spell_data: [],
    actions: [],
    attack_defense: null,
    animation_mesh: null
  },
  {
    id: 40,
    aoid: 12345,
    name: 'Item 40',
    ql: 200,
    description: 'A test item for testing',
    item_class: 3,
    is_nano: false,
    stats: [ [Object], [Object] ],
    requirements: [ [Object], [Object] ],
    spell_data: [],
    actions: [],
    attack_defense: null,
    animation_mesh: null
  },
  {
    id: 41,
    aoid: 12345,
    name: 'Item 41',
    ql: 200,
    description: 'A test item for testing',
    item_class: 3,
    is_nano: false,
    stats: [ [Object], [Object] ],
    requirements: [ [Object], [Object] ],
    spell_data: [],
    actions: [],
    attack_defense: null,
    animation_mesh: null
  },
  {
    id: 42,
    aoid: 12345,
    name: 'Item 42',
    ql: 200,
    description: 'A test item for testing',
    item_class: 3,
    is_nano: false,
    stats: [ [Object], [Object] ],
    requirements: [ [Object], [Object] ],
    spell_data: [],
    actions: [],
    attack_defense: null,
    animation_mesh: null
  },
  {
    id: 43,
    aoid: 12345,
    name: 'Item 43',
    ql: 200,
    description: 'A test item for testing',
    item_class: 3,
    is_nano: false,
    stats: [ [Object], [Object] ],
    requirements: [ [Object], [Object] ],
    spell_data: [],
    actions: [],
    attack_defense: null,
    animation_mesh: null
  },
  {
    id: 44,
    aoid: 12345,
    name: 'Item 44',
    ql: 200,
    description: 'A test item for testing',
    item_class: 3,
    is_nano: false,
    stats: [ [Object], [Object] ],
    requirements: [ [Object], [Object] ],
    spell_data: [],
    actions: [],
    attack_defense: null,
    animation_mesh: null
  },
  {
    id: 45,
    aoid: 12345,
    name: 'Item 45',
    ql: 200,
    description: 'A test item for testing',
    item_class: 3,
    is_nano: false,
    stats: [ [Object], [Object] ],
    requirements: [ [Object], [Object] ],
    spell_data: [],
    actions: [],
    attack_defense: null,
    animation_mesh: null
  },
  {
    id: 46,
    aoid: 12345,
    name: 'Item 46',
    ql: 200,
    description: 'A test item for testing',
    item_class: 3,
    is_nano: false,
    stats: [ [Object], [Object] ],
    requirements: [ [Object], [Object] ],
    spell_data: [],
    actions: [],
    attack_defense: null,
    animation_mesh: null
  },
  {
    id: 47,
    aoid: 12345,
    name: 'Item 47',
    ql: 200,
    description: 'A test item for testing',
    item_class: 3,
    is_nano: false,
    stats: [ [Object], [Object] ],
    requirements: [ [Object], [Object] ],
    spell_data: [],
    actions: [],
    attack_defense: null,
    animation_mesh: null
  },
  {
    id: 48,
    aoid: 12345,
    name: 'Item 48',
    ql: 200,
    description: 'A test item for testing',
    item_class: 3,
    is_nano: false,
    stats: [ [Object], [Object] ],
    requirements: [ [Object], [Object] ],
    spell_data: [],
    actions: [],
    attack_defense: null,
    animation_mesh: null
  },
  {
    id: 49,
    aoid: 12345,
    name: 'Item 49',
    ql: 200,
    description: 'A test item for testing',
    item_class: 3,
    is_nano: false,
    stats: [ [Object], [Object] ],
    requirements: [ [Object], [Object] ],
    spell_data: [],
    actions: [],
    attack_defense: null,
    animation_mesh: null
  },
  {
    id: 50,
    aoid: 12345,
    name: 'Item 50',
    ql: 200,
    description: 'A test item for testing',
    item_class: 3,
    is_nano: false,
    stats: [ [Object], [Object] ],
    requirements: [ [Object], [Object] ],
    spell_data: [],
    actions: [],
    attack_defense: null,
    animation_mesh: null
  },
  {
    id: 51,
    aoid: 12345,
    name: 'Item 51',
    ql: 200,
    description: 'A test item for testing',
    item_class: 3,
    is_nano: false,
    stats: [ [Object], [Object] ],
    requirements: [ [Object], [Object] ],
    spell_data: [],
    actions: [],
    attack_defense: null,
    animation_mesh: null
  },
  {
    id: 52,
    aoid: 12345,
    name: 'Item 52',
    ql: 200,
    description: 'A test item for testing',
    item_class: 3,
    is_nano: false,
    stats: [ [Object], [Object] ],
    requirements: [ [Object], [Object] ],
    spell_data: [],
    actions: [],
    attack_defense: null,
    animation_mesh: null
  },
  {
    id: 53,
    aoid: 12345,
    name: 'Item 53',
    ql: 200,
    description: 'A test item for testing',
    item_class: 3,
    is_nano: false,
    stats: [ [Object], [Object] ],
    requirements: [ [Object], [Object] ],
    spell_data: [],
    actions: [],
    attack_defense: null,
    animation_mesh: null
  },
  {
    id: 54,
    aoid: 12345,
    name: 'Item 54',
    ql: 200,
    description: 'A test item for testing',
    item_class: 3,
    is_nano: false,
    stats: [ [Object], [Object] ],
    requirements: [ [Object], [Object] ],
    spell_data: [],
    actions: [],
    attack_defense: null,
    animation_mesh: null
  },
  {
    id: 55,
    aoid: 12345,
    name: 'Item 55',
    ql: 200,
    description: 'A test item for testing',
    item_class: 3,
    is_nano: false,
    stats: [ [Object], [Object] ],
    requirements: [ [Object], [Object] ],
    spell_data: [],
    actions: [],
    attack_defense: null,
    animation_mesh: null
  },
  {
    id: 56,
    aoid: 12345,
    name: 'Item 56',
    ql: 200,
    description: 'A test item for testing',
    item_class: 3,
    is_nano: false,
    stats: [ [Object], [Object] ],
    requirements: [ [Object], [Object] ],
    spell_data: [],
    actions: [],
    attack_defense: null,
    animation_mesh: null
  },
  {
    id: 57,
    aoid: 12345,
    name: 'Item 57',
    ql: 200,
    description: 'A test item for testing',
    item_class: 3,
    is_nano: false,
    stats: [ [Object], [Object] ],
    requirements: [ [Object], [Object] ],
    spell_data: [],
    actions: [],
    attack_defense: null,
    animation_mesh: null
  },
  {
    id: 58,
    aoid: 12345,
    name: 'Item 58',
    ql: 200,
    description: 'A test item for testing',
    item_class: 3,
    is_nano: false,
    stats: [ [Object], [Object] ],
    requirements: [ [Object], [Object] ],
    spell_data: [],
    actions: [],
    attack_defense: null,
    animation_mesh: null
  },
  {
    id: 59,
    aoid: 12345,
    name: 'Item 59',
    ql: 200,
    description: 'A test item for testing',
    item_class: 3,
    is_nano: false,
    stats: [ [Object], [Object] ],
    requirements: [ [Object], [Object] ],
    spell_data: [],
    actions: [],
    attack_defense: null,
    animation_mesh: null
  },
  {
    id: 60,
    aoid: 12345,
    name: 'Item 60',
    ql: 200,
    description: 'A test item for testing',
    item_class: 3,
    is_nano: false,
    stats: [ [Object], [Object] ],
    requirements: [ [Object], [Object] ],
    spell_data: [],
    actions: [],
    attack_defense: null,
    animation_mesh: null
  },
  {
    id: 61,
    aoid: 12345,
    name: 'Item 61',
    ql: 200,
    description: 'A test item for testing',
    item_class: 3,
    is_nano: false,
    stats: [ [Object], [Object] ],
    requirements: [ [Object], [Object] ],
    spell_data: [],
    actions: [],
    attack_defense: null,
    animation_mesh: null
  },
  {
    id: 62,
    aoid: 12345,
    name: 'Item 62',
    ql: 200,
    description: 'A test item for testing',
    item_class: 3,
    is_nano: false,
    stats: [ [Object], [Object] ],
    requirements: [ [Object], [Object] ],
    spell_data: [],
    actions: [],
    attack_defense: null,
    animation_mesh: null
  },
  {
    id: 63,
    aoid: 12345,
    name: 'Item 63',
    ql: 200,
    description: 'A test item for testing',
    item_class: 3,
    is_nano: false,
    stats: [ [Object], [Object] ],
    requirements: [ [Object], [Object] ],
    spell_data: [],
    actions: [],
    attack_defense: null,
    animation_mesh: null
  },
  {
    id: 64,
    aoid: 12345,
    name: 'Item 64',
    ql: 200,
    description: 'A test item for testing',
    item_class: 3,
    is_nano: false,
    stats: [ [Object], [Object] ],
    requirements: [ [Object], [Object] ],
    spell_data: [],
    actions: [],
    attack_defense: null,
    animation_mesh: null
  },
  {
    id: 65,
    aoid: 12345,
    name: 'Item 65',
    ql: 200,
    description: 'A test item for testing',
    item_class: 3,
    is_nano: false,
    stats: [ [Object], [Object] ],
    requirements: [ [Object], [Object] ],
    spell_data: [],
    actions: [],
    attack_defense: null,
    animation_mesh: null
  },
  {
    id: 66,
    aoid: 12345,
    name: 'Item 66',
    ql: 200,
    description: 'A test item for testing',
    item_class: 3,
    is_nano: false,
    stats: [ [Object], [Object] ],
    requirements: [ [Object], [Object] ],
    spell_data: [],
    actions: [],
    attack_defense: null,
    animation_mesh: null
  },
  {
    id: 67,
    aoid: 12345,
    name: 'Item 67',
    ql: 200,
    description: 'A test item for testing',
    item_class: 3,
    is_nano: false,
    stats: [ [Object], [Object] ],
    requirements: [ [Object], [Object] ],
    spell_data: [],
    actions: [],
    attack_defense: null,
    animation_mesh: null
  },
  {
    id: 68,
    aoid: 12345,
    name: 'Item 68',
    ql: 200,
    description: 'A test item for testing',
    item_class: 3,
    is_nano: false,
    stats: [ [Object], [Object] ],
    requirements: [ [Object], [Object] ],
    spell_data: [],
    actions: [],
    attack_defense: null,
    animation_mesh: null
  },
  {
    id: 69,
    aoid: 12345,
    name: 'Item 69',
    ql: 200,
    description: 'A test item for testing',
    item_class: 3,
    is_nano: false,
    stats: [ [Object], [Object] ],
    requirements: [ [Object], [Object] ],
    spell_data: [],
    actions: [],
    attack_defense: null,
    animation_mesh: null
  },
  {
    id: 70,
    aoid: 12345,
    name: 'Item 70',
    ql: 200,
    description: 'A test item for testing',
    item_class: 3,
    is_nano: false,
    stats: [ [Object], [Object] ],
    requirements: [ [Object], [Object] ],
    spell_data: [],
    actions: [],
    attack_defense: null,
    animation_mesh: null
  },
  {
    id: 71,
    aoid: 12345,
    name: 'Item 71',
    ql: 200,
    description: 'A test item for testing',
    item_class: 3,
    is_nano: false,
    stats: [ [Object], [Object] ],
    requirements: [ [Object], [Object] ],
    spell_data: [],
    actions: [],
    attack_defense: null,
    animation_mesh: null
  },
  {
    id: 72,
    aoid: 12345,
    name: 'Item 72',
    ql: 200,
    description: 'A test item for testing',
    item_class: 3,
    is_nano: false,
    stats: [ [Object], [Object] ],
    requirements: [ [Object], [Object] ],
    spell_data: [],
    actions: [],
    attack_defense: null,
    animation_mesh: null
  },
  {
    id: 73,
    aoid: 12345,
    name: 'Item 73',
    ql: 200,
    description: 'A test item for testing',
    item_class: 3,
    is_nano: false,
    stats: [ [Object], [Object] ],
    requirements: [ [Object], [Object] ],
    spell_data: [],
    actions: [],
    attack_defense: null,
    animation_mesh: null
  },
  {
    id: 74,
    aoid: 12345,
    name: 'Item 74',
    ql: 200,
    description: 'A test item for testing',
    item_class: 3,
    is_nano: false,
    stats: [ [Object], [Object] ],
    requirements: [ [Object], [Object] ],
    spell_data: [],
    actions: [],
    attack_defense: null,
    animation_mesh: null
  },
  {
    id: 75,
    aoid: 12345,
    name: 'Item 75',
    ql: 200,
    description: 'A test item for testing',
    item_class: 3,
    is_nano: false,
    stats: [ [Object], [Object] ],
    requirements: [ [Object], [Object] ],
    spell_data: [],
    actions: [],
    attack_defense: null,
    animation_mesh: null
  },
  {
    id: 76,
    aoid: 12345,
    name: 'Item 76',
    ql: 200,
    description: 'A test item for testing',
    item_class: 3,
    is_nano: false,
    stats: [ [Object], [Object] ],
    requirements: [ [Object], [Object] ],
    spell_data: [],
    actions: [],
    attack_defense: null,
    animation_mesh: null
  },
  {
    id: 77,
    aoid: 12345,
    name: 'Item 77',
    ql: 200,
    description: 'A test item for testing',
    item_class: 3,
    is_nano: false,
    stats: [ [Object], [Object] ],
    requirements: [ [Object], [Object] ],
    spell_data: [],
    actions: [],
    attack_defense: null,
    animation_mesh: null
  },
  {
    id: 78,
    aoid: 12345,
    name: 'Item 78',
    ql: 200,
    description: 'A test item for testing',
    item_class: 3,
    is_nano: false,
    stats: [ [Object], [Object] ],
    requirements: [ [Object], [Object] ],
    spell_data: [],
    actions: [],
    attack_defense: null,
    animation_mesh: null
  },
  {
    id: 79,
    aoid: 12345,
    name: 'Item 79',
    ql: 200,
    description: 'A test item for testing',
    item_class: 3,
    is_nano: false,
    stats: [ [Object], [Object] ],
    requirements: [ [Object], [Object] ],
    spell_data: [],
    actions: [],
    attack_defense: null,
    animation_mesh: null
  },
  {
    id: 80,
    aoid: 12345,
    name: 'Item 80',
    ql: 200,
    description: 'A test item for testing',
    item_class: 3,
    is_nano: false,
    stats: [ [Object], [Object] ],
    requirements: [ [Object], [Object] ],
    spell_data: [],
    actions: [],
    attack_defense: null,
    animation_mesh: null
  },
  {
    id: 81,
    aoid: 12345,
    name: 'Item 81',
    ql: 200,
    description: 'A test item for testing',
    item_class: 3,
    is_nano: false,
    stats: [ [Object], [Object] ],
    requirements: [ [Object], [Object] ],
    spell_data: [],
    actions: [],
    attack_defense: null,
    animation_mesh: null
  },
  {
    id: 82,
    aoid: 12345,
    name: 'Item 82',
    ql: 200,
    description: 'A test item for testing',
    item_class: 3,
    is_nano: false,
    stats: [ [Object], [Object] ],
    requirements: [ [Object], [Object] ],
    spell_data: [],
    actions: [],
    attack_defense: null,
    animation_mesh: null
  },
  {
    id: 83,
    aoid: 12345,
    name: 'Item 83',
    ql: 200,
    description: 'A test item for testing',
    item_class: 3,
    is_nano: false,
    stats: [ [Object], [Object] ],
    requirements: [ [Object], [Object] ],
    spell_data: [],
    actions: [],
    attack_defense: null,
    animation_mesh: null
  },
  {
    id: 84,
    aoid: 12345,
    name: 'Item 84',
    ql: 200,
    description: 'A test item for testing',
    item_class: 3,
    is_nano: false,
    stats: [ [Object], [Object] ],
    requirements: [ [Object], [Object] ],
    spell_data: [],
    actions: [],
    attack_defense: null,
    animation_mesh: null
  },
  {
    id: 85,
    aoid: 12345,
    name: 'Item 85',
    ql: 200,
    description: 'A test item for testing',
    item_class: 3,
    is_nano: false,
    stats: [ [Object], [Object] ],
    requirements: [ [Object], [Object] ],
    spell_data: [],
    actions: [],
    attack_defense: null,
    animation_mesh: null
  },
  {
    id: 86,
    aoid: 12345,
    name: 'Item 86',
    ql: 200,
    description: 'A test item for testing',
    item_class: 3,
    is_nano: false,
    stats: [ [Object], [Object] ],
    requirements: [ [Object], [Object] ],
    spell_data: [],
    actions: [],
    attack_defense: null,
    animation_mesh: null
  },
  {
    id: 87,
    aoid: 12345,
    name: 'Item 87',
    ql: 200,
    description: 'A test item for testing',
    item_class: 3,
    is_nano: false,
    stats: [ [Object], [Object] ],
    requirements: [ [Object], [Object] ],
    spell_data: [],
    actions: [],
    attack_defense: null,
    animation_mesh: null
  },
  {
    id: 88,
    aoid: 12345,
    name: 'Item 88',
    ql: 200,
    description: 'A test item for testing',
    item_class: 3,
    is_nano: false,
    stats: [ [Object], [Object] ],
    requirements: [ [Object], [Object] ],
    spell_data: [],
    actions: [],
    attack_defense: null,
    animation_mesh: null
  },
  {
    id: 89,
    aoid: 12345,
    name: 'Item 89',
    ql: 200,
    description: 'A test item for testing',
    item_class: 3,
    is_nano: false,
    stats: [ [Object], [Object] ],
    requirements: [ [Object], [Object] ],
    spell_data: [],
    actions: [],
    attack_defense: null,
    animation_mesh: null
  },
  {
    id: 90,
    aoid: 12345,
    name: 'Item 90',
    ql: 200,
    description: 'A test item for testing',
    item_class: 3,
    is_nano: false,
    stats: [ [Object], [Object] ],
    requirements: [ [Object], [Object] ],
    spell_data: [],
    actions: [],
    attack_defense: null,
    animation_mesh: null
  },
  {
    id: 91,
    aoid: 12345,
    name: 'Item 91',
    ql: 200,
    description: 'A test item for testing',
    item_class: 3,
    is_nano: false,
    stats: [ [Object], [Object] ],
    requirements: [ [Object], [Object] ],
    spell_data: [],
    actions: [],
    attack_defense: null,
    animation_mesh: null
  },
  {
    id: 92,
    aoid: 12345,
    name: 'Item 92',
    ql: 200,
    description: 'A test item for testing',
    item_class: 3,
    is_nano: false,
    stats: [ [Object], [Object] ],
    requirements: [ [Object], [Object] ],
    spell_data: [],
    actions: [],
    attack_defense: null,
    animation_mesh: null
  },
  {
    id: 93,
    aoid: 12345,
    name: 'Item 93',
    ql: 200,
    description: 'A test item for testing',
    item_class: 3,
    is_nano: false,
    stats: [ [Object], [Object] ],
    requirements: [ [Object], [Object] ],
    spell_data: [],
    actions: [],
    attack_defense: null,
    animation_mesh: null
  },
  {
    id: 94,
    aoid: 12345,
    name: 'Item 94',
    ql: 200,
    description: 'A test item for testing',
    item_class: 3,
    is_nano: false,
    stats: [ [Object], [Object] ],
    requirements: [ [Object], [Object] ],
    spell_data: [],
    actions: [],
    attack_defense: null,
    animation_mesh: null
  },
  {
    id: 95,
    aoid: 12345,
    name: 'Item 95',
    ql: 200,
    description: 'A test item for testing',
    item_class: 3,
    is_nano: false,
    stats: [ [Object], [Object] ],
    requirements: [ [Object], [Object] ],
    spell_data: [],
    actions: [],
    attack_defense: null,
    animation_mesh: null
  },
  {
    id: 96,
    aoid: 12345,
    name: 'Item 96',
    ql: 200,
    description: 'A test item for testing',
    item_class: 3,
    is_nano: false,
    stats: [ [Object], [Object] ],
    requirements: [ [Object], [Object] ],
    spell_data: [],
    actions: [],
    attack_defense: null,
    animation_mesh: null
  },
  {
    id: 97,
    aoid: 12345,
    name: 'Item 97',
    ql: 200,
    description: 'A test item for testing',
    item_class: 3,
    is_nano: false,
    stats: [ [Object], [Object] ],
    requirements: [ [Object], [Object] ],
    spell_data: [],
    actions: [],
    attack_defense: null,
    animation_mesh: null
  },
  {
    id: 98,
    aoid: 12345,
    name: 'Item 98',
    ql: 200,
    description: 'A test item for testing',
    item_class: 3,
    is_nano: false,
    stats: [ [Object], [Object] ],
    requirements: [ [Object], [Object] ],
    spell_data: [],
    actions: [],
    attack_defense: null,
    animation_mesh: null
  },
  {
    id: 99,
    aoid: 12345,
    name: 'Item 99',
    ql: 200,
    description: 'A test item for testing',
    item_class: 3,
    is_nano: false,
    stats: [ [Object], [Object] ],
    requirements: [ [Object], [Object] ],
    spell_data: [],
    actions: [],
    attack_defense: null,
    animation_mesh: null
  },
  {
    id: 100,
    aoid: 12345,
    name: 'Item 100',
    ql: 200,
    description: 'A test item for testing',
    item_class: 3,
    is_nano: false,
    stats: [ [Object], [Object] ],
    requirements: [ [Object], [Object] ],
    spell_data: [],
    actions: [],
    attack_defense: null,
    animation_mesh: null
  }
] viewMode="grid" ref="VTU_COMPONENT" > 
  at <VTUROOT>
[Vue warn]: Failed to resolve component: ContextMenu
If this is a native custom element, make sure to exclude it from component resolution via compilerOptions.isCustomElement. 
  at <ItemList items= [
  {
    id: 1,
    aoid: 12345,
    name: 'Item 1',
    ql: 200,
    description: 'A test item for testing',
    item_class: 3,
    is_nano: false,
    stats: [ [Object], [Object] ],
    requirements: [ [Object], [Object] ],
    spell_data: [],
    actions: [],
    attack_defense: null,
    animation_mesh: null
  },
  {
    id: 2,
    aoid: 12345,
    name: 'Item 2',
    ql: 200,
    description: 'A test item for testing',
    item_class: 3,
    is_nano: false,
    stats: [ [Object], [Object] ],
    requirements: [ [Object], [Object] ],
    spell_data: [],
    actions: [],
    attack_defense: null,
    animation_mesh: null
  },
  {
    id: 3,
    aoid: 12345,
    name: 'Item 3',
    ql: 200,
    description: 'A test item for testing',
    item_class: 3,
    is_nano: false,
    stats: [ [Object], [Object] ],
    requirements: [ [Object], [Object] ],
    spell_data: [],
    actions: [],
    attack_defense: null,
    animation_mesh: null
  },
  {
    id: 4,
    aoid: 12345,
    name: 'Item 4',
    ql: 200,
    description: 'A test item for testing',
    item_class: 3,
    is_nano: false,
    stats: [ [Object], [Object] ],
    requirements: [ [Object], [Object] ],
    spell_data: [],
    actions: [],
    attack_defense: null,
    animation_mesh: null
  },
  {
    id: 5,
    aoid: 12345,
    name: 'Item 5',
    ql: 200,
    description: 'A test item for testing',
    item_class: 3,
    is_nano: false,
    stats: [ [Object], [Object] ],
    requirements: [ [Object], [Object] ],
    spell_data: [],
    actions: [],
    attack_defense: null,
    animation_mesh: null
  },
  {
    id: 6,
    aoid: 12345,
    name: 'Item 6',
    ql: 200,
    description: 'A test item for testing',
    item_class: 3,
    is_nano: false,
    stats: [ [Object], [Object] ],
    requirements: [ [Object], [Object] ],
    spell_data: [],
    actions: [],
    attack_defense: null,
    animation_mesh: null
  },
  {
    id: 7,
    aoid: 12345,
    name: 'Item 7',
    ql: 200,
    description: 'A test item for testing',
    item_class: 3,
    is_nano: false,
    stats: [ [Object], [Object] ],
    requirements: [ [Object], [Object] ],
    spell_data: [],
    actions: [],
    attack_defense: null,
    animation_mesh: null
  },
  {
    id: 8,
    aoid: 12345,
    name: 'Item 8',
    ql: 200,
    description: 'A test item for testing',
    item_class: 3,
    is_nano: false,
    stats: [ [Object], [Object] ],
    requirements: [ [Object], [Object] ],
    spell_data: [],
    actions: [],
    attack_defense: null,
    animation_mesh: null
  },
  {
    id: 9,
    aoid: 12345,
    name: 'Item 9',
    ql: 200,
    description: 'A test item for testing',
    item_class: 3,
    is_nano: false,
    stats: [ [Object], [Object] ],
    requirements: [ [Object], [Object] ],
    spell_data: [],
    actions: [],
    attack_defense: null,
    animation_mesh: null
  },
  {
    id: 10,
    aoid: 12345,
    name: 'Item 10',
    ql: 200,
    description: 'A test item for testing',
    item_class: 3,
    is_nano: false,
    stats: [ [Object], [Object] ],
    requirements: [ [Object], [Object] ],
    spell_data: [],
    actions: [],
    attack_defense: null,
    animation_mesh: null
  },
  {
    id: 11,
    aoid: 12345,
    name: 'Item 11',
    ql: 200,
    description: 'A test item for testing',
    item_class: 3,
    is_nano: false,
    stats: [ [Object], [Object] ],
    requirements: [ [Object], [Object] ],
    spell_data: [],
    actions: [],
    attack_defense: null,
    animation_mesh: null
  },
  {
    id: 12,
    aoid: 12345,
    name: 'Item 12',
    ql: 200,
    description: 'A test item for testing',
    item_class: 3,
    is_nano: false,
    stats: [ [Object], [Object] ],
    requirements: [ [Object], [Object] ],
    spell_data: [],
    actions: [],
    attack_defense: null,
    animation_mesh: null
  },
  {
    id: 13,
    aoid: 12345,
    name: 'Item 13',
    ql: 200,
    description: 'A test item for testing',
    item_class: 3,
    is_nano: false,
    stats: [ [Object], [Object] ],
    requirements: [ [Object], [Object] ],
    spell_data: [],
    actions: [],
    attack_defense: null,
    animation_mesh: null
  },
  {
    id: 14,
    aoid: 12345,
    name: 'Item 14',
    ql: 200,
    description: 'A test item for testing',
    item_class: 3,
    is_nano: false,
    stats: [ [Object], [Object] ],
    requirements: [ [Object], [Object] ],
    spell_data: [],
    actions: [],
    attack_defense: null,
    animation_mesh: null
  },
  {
    id: 15,
    aoid: 12345,
    name: 'Item 15',
    ql: 200,
    description: 'A test item for testing',
    item_class: 3,
    is_nano: false,
    stats: [ [Object], [Object] ],
    requirements: [ [Object], [Object] ],
    spell_data: [],
    actions: [],
    attack_defense: null,
    animation_mesh: null
  },
  {
    id: 16,
    aoid: 12345,
    name: 'Item 16',
    ql: 200,
    description: 'A test item for testing',
    item_class: 3,
    is_nano: false,
    stats: [ [Object], [Object] ],
    requirements: [ [Object], [Object] ],
    spell_data: [],
    actions: [],
    attack_defense: null,
    animation_mesh: null
  },
  {
    id: 17,
    aoid: 12345,
    name: 'Item 17',
    ql: 200,
    description: 'A test item for testing',
    item_class: 3,
    is_nano: false,
    stats: [ [Object], [Object] ],
    requirements: [ [Object], [Object] ],
    spell_data: [],
    actions: [],
    attack_defense: null,
    animation_mesh: null
  },
  {
    id: 18,
    aoid: 12345,
    name: 'Item 18',
    ql: 200,
    description: 'A test item for testing',
    item_class: 3,
    is_nano: false,
    stats: [ [Object], [Object] ],
    requirements: [ [Object], [Object] ],
    spell_data: [],
    actions: [],
    attack_defense: null,
    animation_mesh: null
  },
  {
    id: 19,
    aoid: 12345,
    name: 'Item 19',
    ql: 200,
    description: 'A test item for testing',
    item_class: 3,
    is_nano: false,
    stats: [ [Object], [Object] ],
    requirements: [ [Object], [Object] ],
    spell_data: [],
    actions: [],
    attack_defense: null,
    animation_mesh: null
  },
  {
    id: 20,
    aoid: 12345,
    name: 'Item 20',
    ql: 200,
    description: 'A test item for testing',
    item_class: 3,
    is_nano: false,
    stats: [ [Object], [Object] ],
    requirements: [ [Object], [Object] ],
    spell_data: [],
    actions: [],
    attack_defense: null,
    animation_mesh: null
  },
  {
    id: 21,
    aoid: 12345,
    name: 'Item 21',
    ql: 200,
    description: 'A test item for testing',
    item_class: 3,
    is_nano: false,
    stats: [ [Object], [Object] ],
    requirements: [ [Object], [Object] ],
    spell_data: [],
    actions: [],
    attack_defense: null,
    animation_mesh: null
  },
  {
    id: 22,
    aoid: 12345,
    name: 'Item 22',
    ql: 200,
    description: 'A test item for testing',
    item_class: 3,
    is_nano: false,
    stats: [ [Object], [Object] ],
    requirements: [ [Object], [Object] ],
    spell_data: [],
    actions: [],
    attack_defense: null,
    animation_mesh: null
  },
  {
    id: 23,
    aoid: 12345,
    name: 'Item 23',
    ql: 200,
    description: 'A test item for testing',
    item_class: 3,
    is_nano: false,
    stats: [ [Object], [Object] ],
    requirements: [ [Object], [Object] ],
    spell_data: [],
    actions: [],
    attack_defense: null,
    animation_mesh: null
  },
  {
    id: 24,
    aoid: 12345,
    name: 'Item 24',
    ql: 200,
    description: 'A test item for testing',
    item_class: 3,
    is_nano: false,
    stats: [ [Object], [Object] ],
    requirements: [ [Object], [Object] ],
    spell_data: [],
    actions: [],
    attack_defense: null,
    animation_mesh: null
  },
  {
    id: 25,
    aoid: 12345,
    name: 'Item 25',
    ql: 200,
    description: 'A test item for testing',
    item_class: 3,
    is_nano: false,
    stats: [ [Object], [Object] ],
    requirements: [ [Object], [Object] ],
    spell_data: [],
    actions: [],
    attack_defense: null,
    animation_mesh: null
  },
  {
    id: 26,
    aoid: 12345,
    name: 'Item 26',
    ql: 200,
    description: 'A test item for testing',
    item_class: 3,
    is_nano: false,
    stats: [ [Object], [Object] ],
    requirements: [ [Object], [Object] ],
    spell_data: [],
    actions: [],
    attack_defense: null,
    animation_mesh: null
  },
  {
    id: 27,
    aoid: 12345,
    name: 'Item 27',
    ql: 200,
    description: 'A test item for testing',
    item_class: 3,
    is_nano: false,
    stats: [ [Object], [Object] ],
    requirements: [ [Object], [Object] ],
    spell_data: [],
    actions: [],
    attack_defense: null,
    animation_mesh: null
  },
  {
    id: 28,
    aoid: 12345,
    name: 'Item 28',
    ql: 200,
    description: 'A test item for testing',
    item_class: 3,
    is_nano: false,
    stats: [ [Object], [Object] ],
    requirements: [ [Object], [Object] ],
    spell_data: [],
    actions: [],
    attack_defense: null,
    animation_mesh: null
  },
  {
    id: 29,
    aoid: 12345,
    name: 'Item 29',
    ql: 200,
    description: 'A test item for testing',
    item_class: 3,
    is_nano: false,
    stats: [ [Object], [Object] ],
    requirements: [ [Object], [Object] ],
    spell_data: [],
    actions: [],
    attack_defense: null,
    animation_mesh: null
  },
  {
    id: 30,
    aoid: 12345,
    name: 'Item 30',
    ql: 200,
    description: 'A test item for testing',
    item_class: 3,
    is_nano: false,
    stats: [ [Object], [Object] ],
    requirements: [ [Object], [Object] ],
    spell_data: [],
    actions: [],
    attack_defense: null,
    animation_mesh: null
  },
  {
    id: 31,
    aoid: 12345,
    name: 'Item 31',
    ql: 200,
    description: 'A test item for testing',
    item_class: 3,
    is_nano: false,
    stats: [ [Object], [Object] ],
    requirements: [ [Object], [Object] ],
    spell_data: [],
    actions: [],
    attack_defense: null,
    animation_mesh: null
  },
  {
    id: 32,
    aoid: 12345,
    name: 'Item 32',
    ql: 200,
    description: 'A test item for testing',
    item_class: 3,
    is_nano: false,
    stats: [ [Object], [Object] ],
    requirements: [ [Object], [Object] ],
    spell_data: [],
    actions: [],
    attack_defense: null,
    animation_mesh: null
  },
  {
    id: 33,
    aoid: 12345,
    name: 'Item 33',
    ql: 200,
    description: 'A test item for testing',
    item_class: 3,
    is_nano: false,
    stats: [ [Object], [Object] ],
    requirements: [ [Object], [Object] ],
    spell_data: [],
    actions: [],
    attack_defense: null,
    animation_mesh: null
  },
  {
    id: 34,
    aoid: 12345,
    name: 'Item 34',
    ql: 200,
    description: 'A test item for testing',
    item_class: 3,
    is_nano: false,
    stats: [ [Object], [Object] ],
    requirements: [ [Object], [Object] ],
    spell_data: [],
    actions: [],
    attack_defense: null,
    animation_mesh: null
  },
  {
    id: 35,
    aoid: 12345,
    name: 'Item 35',
    ql: 200,
    description: 'A test item for testing',
    item_class: 3,
    is_nano: false,
    stats: [ [Object], [Object] ],
    requirements: [ [Object], [Object] ],
    spell_data: [],
    actions: [],
    attack_defense: null,
    animation_mesh: null
  },
  {
    id: 36,
    aoid: 12345,
    name: 'Item 36',
    ql: 200,
    description: 'A test item for testing',
    item_class: 3,
    is_nano: false,
    stats: [ [Object], [Object] ],
    requirements: [ [Object], [Object] ],
    spell_data: [],
    actions: [],
    attack_defense: null,
    animation_mesh: null
  },
  {
    id: 37,
    aoid: 12345,
    name: 'Item 37',
    ql: 200,
    description: 'A test item for testing',
    item_class: 3,
    is_nano: false,
    stats: [ [Object], [Object] ],
    requirements: [ [Object], [Object] ],
    spell_data: [],
    actions: [],
    attack_defense: null,
    animation_mesh: null
  },
  {
    id: 38,
    aoid: 12345,
    name: 'Item 38',
    ql: 200,
    description: 'A test item for testing',
    item_class: 3,
    is_nano: false,
    stats: [ [Object], [Object] ],
    requirements: [ [Object], [Object] ],
    spell_data: [],
    actions: [],
    attack_defense: null,
    animation_mesh: null
  },
  {
    id: 39,
    aoid: 12345,
    name: 'Item 39',
    ql: 200,
    description: 'A test item for testing',
    item_class: 3,
    is_nano: false,
    stats: [ [Object], [Object] ],
    requirements: [ [Object], [Object] ],
    spell_data: [],
    actions: [],
    attack_defense: null,
    animation_mesh: null
  },
  {
    id: 40,
    aoid: 12345,
    name: 'Item 40',
    ql: 200,
    description: 'A test item for testing',
    item_class: 3,
    is_nano: false,
    stats: [ [Object], [Object] ],
    requirements: [ [Object], [Object] ],
    spell_data: [],
    actions: [],
    attack_defense: null,
    animation_mesh: null
  },
  {
    id: 41,
    aoid: 12345,
    name: 'Item 41',
    ql: 200,
    description: 'A test item for testing',
    item_class: 3,
    is_nano: false,
    stats: [ [Object], [Object] ],
    requirements: [ [Object], [Object] ],
    spell_data: [],
    actions: [],
    attack_defense: null,
    animation_mesh: null
  },
  {
    id: 42,
    aoid: 12345,
    name: 'Item 42',
    ql: 200,
    description: 'A test item for testing',
    item_class: 3,
    is_nano: false,
    stats: [ [Object], [Object] ],
    requirements: [ [Object], [Object] ],
    spell_data: [],
    actions: [],
    attack_defense: null,
    animation_mesh: null
  },
  {
    id: 43,
    aoid: 12345,
    name: 'Item 43',
    ql: 200,
    description: 'A test item for testing',
    item_class: 3,
    is_nano: false,
    stats: [ [Object], [Object] ],
    requirements: [ [Object], [Object] ],
    spell_data: [],
    actions: [],
    attack_defense: null,
    animation_mesh: null
  },
  {
    id: 44,
    aoid: 12345,
    name: 'Item 44',
    ql: 200,
    description: 'A test item for testing',
    item_class: 3,
    is_nano: false,
    stats: [ [Object], [Object] ],
    requirements: [ [Object], [Object] ],
    spell_data: [],
    actions: [],
    attack_defense: null,
    animation_mesh: null
  },
  {
    id: 45,
    aoid: 12345,
    name: 'Item 45',
    ql: 200,
    description: 'A test item for testing',
    item_class: 3,
    is_nano: false,
    stats: [ [Object], [Object] ],
    requirements: [ [Object], [Object] ],
    spell_data: [],
    actions: [],
    attack_defense: null,
    animation_mesh: null
  },
  {
    id: 46,
    aoid: 12345,
    name: 'Item 46',
    ql: 200,
    description: 'A test item for testing',
    item_class: 3,
    is_nano: false,
    stats: [ [Object], [Object] ],
    requirements: [ [Object], [Object] ],
    spell_data: [],
    actions: [],
    attack_defense: null,
    animation_mesh: null
  },
  {
    id: 47,
    aoid: 12345,
    name: 'Item 47',
    ql: 200,
    description: 'A test item for testing',
    item_class: 3,
    is_nano: false,
    stats: [ [Object], [Object] ],
    requirements: [ [Object], [Object] ],
    spell_data: [],
    actions: [],
    attack_defense: null,
    animation_mesh: null
  },
  {
    id: 48,
    aoid: 12345,
    name: 'Item 48',
    ql: 200,
    description: 'A test item for testing',
    item_class: 3,
    is_nano: false,
    stats: [ [Object], [Object] ],
    requirements: [ [Object], [Object] ],
    spell_data: [],
    actions: [],
    attack_defense: null,
    animation_mesh: null
  },
  {
    id: 49,
    aoid: 12345,
    name: 'Item 49',
    ql: 200,
    description: 'A test item for testing',
    item_class: 3,
    is_nano: false,
    stats: [ [Object], [Object] ],
    requirements: [ [Object], [Object] ],
    spell_data: [],
    actions: [],
    attack_defense: null,
    animation_mesh: null
  },
  {
    id: 50,
    aoid: 12345,
    name: 'Item 50',
    ql: 200,
    description: 'A test item for testing',
    item_class: 3,
    is_nano: false,
    stats: [ [Object], [Object] ],
    requirements: [ [Object], [Object] ],
    spell_data: [],
    actions: [],
    attack_defense: null,
    animation_mesh: null
  },
  {
    id: 51,
    aoid: 12345,
    name: 'Item 51',
    ql: 200,
    description: 'A test item for testing',
    item_class: 3,
    is_nano: false,
    stats: [ [Object], [Object] ],
    requirements: [ [Object], [Object] ],
    spell_data: [],
    actions: [],
    attack_defense: null,
    animation_mesh: null
  },
  {
    id: 52,
    aoid: 12345,
    name: 'Item 52',
    ql: 200,
    description: 'A test item for testing',
    item_class: 3,
    is_nano: false,
    stats: [ [Object], [Object] ],
    requirements: [ [Object], [Object] ],
    spell_data: [],
    actions: [],
    attack_defense: null,
    animation_mesh: null
  },
  {
    id: 53,
    aoid: 12345,
    name: 'Item 53',
    ql: 200,
    description: 'A test item for testing',
    item_class: 3,
    is_nano: false,
    stats: [ [Object], [Object] ],
    requirements: [ [Object], [Object] ],
    spell_data: [],
    actions: [],
    attack_defense: null,
    animation_mesh: null
  },
  {
    id: 54,
    aoid: 12345,
    name: 'Item 54',
    ql: 200,
    description: 'A test item for testing',
    item_class: 3,
    is_nano: false,
    stats: [ [Object], [Object] ],
    requirements: [ [Object], [Object] ],
    spell_data: [],
    actions: [],
    attack_defense: null,
    animation_mesh: null
  },
  {
    id: 55,
    aoid: 12345,
    name: 'Item 55',
    ql: 200,
    description: 'A test item for testing',
    item_class: 3,
    is_nano: false,
    stats: [ [Object], [Object] ],
    requirements: [ [Object], [Object] ],
    spell_data: [],
    actions: [],
    attack_defense: null,
    animation_mesh: null
  },
  {
    id: 56,
    aoid: 12345,
    name: 'Item 56',
    ql: 200,
    description: 'A test item for testing',
    item_class: 3,
    is_nano: false,
    stats: [ [Object], [Object] ],
    requirements: [ [Object], [Object] ],
    spell_data: [],
    actions: [],
    attack_defense: null,
    animation_mesh: null
  },
  {
    id: 57,
    aoid: 12345,
    name: 'Item 57',
    ql: 200,
    description: 'A test item for testing',
    item_class: 3,
    is_nano: false,
    stats: [ [Object], [Object] ],
    requirements: [ [Object], [Object] ],
    spell_data: [],
    actions: [],
    attack_defense: null,
    animation_mesh: null
  },
  {
    id: 58,
    aoid: 12345,
    name: 'Item 58',
    ql: 200,
    description: 'A test item for testing',
    item_class: 3,
    is_nano: false,
    stats: [ [Object], [Object] ],
    requirements: [ [Object], [Object] ],
    spell_data: [],
    actions: [],
    attack_defense: null,
    animation_mesh: null
  },
  {
    id: 59,
    aoid: 12345,
    name: 'Item 59',
    ql: 200,
    description: 'A test item for testing',
    item_class: 3,
    is_nano: false,
    stats: [ [Object], [Object] ],
    requirements: [ [Object], [Object] ],
    spell_data: [],
    actions: [],
    attack_defense: null,
    animation_mesh: null
  },
  {
    id: 60,
    aoid: 12345,
    name: 'Item 60',
    ql: 200,
    description: 'A test item for testing',
    item_class: 3,
    is_nano: false,
    stats: [ [Object], [Object] ],
    requirements: [ [Object], [Object] ],
    spell_data: [],
    actions: [],
    attack_defense: null,
    animation_mesh: null
  },
  {
    id: 61,
    aoid: 12345,
    name: 'Item 61',
    ql: 200,
    description: 'A test item for testing',
    item_class: 3,
    is_nano: false,
    stats: [ [Object], [Object] ],
    requirements: [ [Object], [Object] ],
    spell_data: [],
    actions: [],
    attack_defense: null,
    animation_mesh: null
  },
  {
    id: 62,
    aoid: 12345,
    name: 'Item 62',
    ql: 200,
    description: 'A test item for testing',
    item_class: 3,
    is_nano: false,
    stats: [ [Object], [Object] ],
    requirements: [ [Object], [Object] ],
    spell_data: [],
    actions: [],
    attack_defense: null,
    animation_mesh: null
  },
  {
    id: 63,
    aoid: 12345,
    name: 'Item 63',
    ql: 200,
    description: 'A test item for testing',
    item_class: 3,
    is_nano: false,
    stats: [ [Object], [Object] ],
    requirements: [ [Object], [Object] ],
    spell_data: [],
    actions: [],
    attack_defense: null,
    animation_mesh: null
  },
  {
    id: 64,
    aoid: 12345,
    name: 'Item 64',
    ql: 200,
    description: 'A test item for testing',
    item_class: 3,
    is_nano: false,
    stats: [ [Object], [Object] ],
    requirements: [ [Object], [Object] ],
    spell_data: [],
    actions: [],
    attack_defense: null,
    animation_mesh: null
  },
  {
    id: 65,
    aoid: 12345,
    name: 'Item 65',
    ql: 200,
    description: 'A test item for testing',
    item_class: 3,
    is_nano: false,
    stats: [ [Object], [Object] ],
    requirements: [ [Object], [Object] ],
    spell_data: [],
    actions: [],
    attack_defense: null,
    animation_mesh: null
  },
  {
    id: 66,
    aoid: 12345,
    name: 'Item 66',
    ql: 200,
    description: 'A test item for testing',
    item_class: 3,
    is_nano: false,
    stats: [ [Object], [Object] ],
    requirements: [ [Object], [Object] ],
    spell_data: [],
    actions: [],
    attack_defense: null,
    animation_mesh: null
  },
  {
    id: 67,
    aoid: 12345,
    name: 'Item 67',
    ql: 200,
    description: 'A test item for testing',
    item_class: 3,
    is_nano: false,
    stats: [ [Object], [Object] ],
    requirements: [ [Object], [Object] ],
    spell_data: [],
    actions: [],
    attack_defense: null,
    animation_mesh: null
  },
  {
    id: 68,
    aoid: 12345,
    name: 'Item 68',
    ql: 200,
    description: 'A test item for testing',
    item_class: 3,
    is_nano: false,
    stats: [ [Object], [Object] ],
    requirements: [ [Object], [Object] ],
    spell_data: [],
    actions: [],
    attack_defense: null,
    animation_mesh: null
  },
  {
    id: 69,
    aoid: 12345,
    name: 'Item 69',
    ql: 200,
    description: 'A test item for testing',
    item_class: 3,
    is_nano: false,
    stats: [ [Object], [Object] ],
    requirements: [ [Object], [Object] ],
    spell_data: [],
    actions: [],
    attack_defense: null,
    animation_mesh: null
  },
  {
    id: 70,
    aoid: 12345,
    name: 'Item 70',
    ql: 200,
    description: 'A test item for testing',
    item_class: 3,
    is_nano: false,
    stats: [ [Object], [Object] ],
    requirements: [ [Object], [Object] ],
    spell_data: [],
    actions: [],
    attack_defense: null,
    animation_mesh: null
  },
  {
    id: 71,
    aoid: 12345,
    name: 'Item 71',
    ql: 200,
    description: 'A test item for testing',
    item_class: 3,
    is_nano: false,
    stats: [ [Object], [Object] ],
    requirements: [ [Object], [Object] ],
    spell_data: [],
    actions: [],
    attack_defense: null,
    animation_mesh: null
  },
  {
    id: 72,
    aoid: 12345,
    name: 'Item 72',
    ql: 200,
    description: 'A test item for testing',
    item_class: 3,
    is_nano: false,
    stats: [ [Object], [Object] ],
    requirements: [ [Object], [Object] ],
    spell_data: [],
    actions: [],
    attack_defense: null,
    animation_mesh: null
  },
  {
    id: 73,
    aoid: 12345,
    name: 'Item 73',
    ql: 200,
    description: 'A test item for testing',
    item_class: 3,
    is_nano: false,
    stats: [ [Object], [Object] ],
    requirements: [ [Object], [Object] ],
    spell_data: [],
    actions: [],
    attack_defense: null,
    animation_mesh: null
  },
  {
    id: 74,
    aoid: 12345,
    name: 'Item 74',
    ql: 200,
    description: 'A test item for testing',
    item_class: 3,
    is_nano: false,
    stats: [ [Object], [Object] ],
    requirements: [ [Object], [Object] ],
    spell_data: [],
    actions: [],
    attack_defense: null,
    animation_mesh: null
  },
  {
    id: 75,
    aoid: 12345,
    name: 'Item 75',
    ql: 200,
    description: 'A test item for testing',
    item_class: 3,
    is_nano: false,
    stats: [ [Object], [Object] ],
    requirements: [ [Object], [Object] ],
    spell_data: [],
    actions: [],
    attack_defense: null,
    animation_mesh: null
  },
  {
    id: 76,
    aoid: 12345,
    name: 'Item 76',
    ql: 200,
    description: 'A test item for testing',
    item_class: 3,
    is_nano: false,
    stats: [ [Object], [Object] ],
    requirements: [ [Object], [Object] ],
    spell_data: [],
    actions: [],
    attack_defense: null,
    animation_mesh: null
  },
  {
    id: 77,
    aoid: 12345,
    name: 'Item 77',
    ql: 200,
    description: 'A test item for testing',
    item_class: 3,
    is_nano: false,
    stats: [ [Object], [Object] ],
    requirements: [ [Object], [Object] ],
    spell_data: [],
    actions: [],
    attack_defense: null,
    animation_mesh: null
  },
  {
    id: 78,
    aoid: 12345,
    name: 'Item 78',
    ql: 200,
    description: 'A test item for testing',
    item_class: 3,
    is_nano: false,
    stats: [ [Object], [Object] ],
    requirements: [ [Object], [Object] ],
    spell_data: [],
    actions: [],
    attack_defense: null,
    animation_mesh: null
  },
  {
    id: 79,
    aoid: 12345,
    name: 'Item 79',
    ql: 200,
    description: 'A test item for testing',
    item_class: 3,
    is_nano: false,
    stats: [ [Object], [Object] ],
    requirements: [ [Object], [Object] ],
    spell_data: [],
    actions: [],
    attack_defense: null,
    animation_mesh: null
  },
  {
    id: 80,
    aoid: 12345,
    name: 'Item 80',
    ql: 200,
    description: 'A test item for testing',
    item_class: 3,
    is_nano: false,
    stats: [ [Object], [Object] ],
    requirements: [ [Object], [Object] ],
    spell_data: [],
    actions: [],
    attack_defense: null,
    animation_mesh: null
  },
  {
    id: 81,
    aoid: 12345,
    name: 'Item 81',
    ql: 200,
    description: 'A test item for testing',
    item_class: 3,
    is_nano: false,
    stats: [ [Object], [Object] ],
    requirements: [ [Object], [Object] ],
    spell_data: [],
    actions: [],
    attack_defense: null,
    animation_mesh: null
  },
  {
    id: 82,
    aoid: 12345,
    name: 'Item 82',
    ql: 200,
    description: 'A test item for testing',
    item_class: 3,
    is_nano: false,
    stats: [ [Object], [Object] ],
    requirements: [ [Object], [Object] ],
    spell_data: [],
    actions: [],
    attack_defense: null,
    animation_mesh: null
  },
  {
    id: 83,
    aoid: 12345,
    name: 'Item 83',
    ql: 200,
    description: 'A test item for testing',
    item_class: 3,
    is_nano: false,
    stats: [ [Object], [Object] ],
    requirements: [ [Object], [Object] ],
    spell_data: [],
    actions: [],
    attack_defense: null,
    animation_mesh: null
  },
  {
    id: 84,
    aoid: 12345,
    name: 'Item 84',
    ql: 200,
    description: 'A test item for testing',
    item_class: 3,
    is_nano: false,
    stats: [ [Object], [Object] ],
    requirements: [ [Object], [Object] ],
    spell_data: [],
    actions: [],
    attack_defense: null,
    animation_mesh: null
  },
  {
    id: 85,
    aoid: 12345,
    name: 'Item 85',
    ql: 200,
    description: 'A test item for testing',
    item_class: 3,
    is_nano: false,
    stats: [ [Object], [Object] ],
    requirements: [ [Object], [Object] ],
    spell_data: [],
    actions: [],
    attack_defense: null,
    animation_mesh: null
  },
  {
    id: 86,
    aoid: 12345,
    name: 'Item 86',
    ql: 200,
    description: 'A test item for testing',
    item_class: 3,
    is_nano: false,
    stats: [ [Object], [Object] ],
    requirements: [ [Object], [Object] ],
    spell_data: [],
    actions: [],
    attack_defense: null,
    animation_mesh: null
  },
  {
    id: 87,
    aoid: 12345,
    name: 'Item 87',
    ql: 200,
    description: 'A test item for testing',
    item_class: 3,
    is_nano: false,
    stats: [ [Object], [Object] ],
    requirements: [ [Object], [Object] ],
    spell_data: [],
    actions: [],
    attack_defense: null,
    animation_mesh: null
  },
  {
    id: 88,
    aoid: 12345,
    name: 'Item 88',
    ql: 200,
    description: 'A test item for testing',
    item_class: 3,
    is_nano: false,
    stats: [ [Object], [Object] ],
    requirements: [ [Object], [Object] ],
    spell_data: [],
    actions: [],
    attack_defense: null,
    animation_mesh: null
  },
  {
    id: 89,
    aoid: 12345,
    name: 'Item 89',
    ql: 200,
    description: 'A test item for testing',
    item_class: 3,
    is_nano: false,
    stats: [ [Object], [Object] ],
    requirements: [ [Object], [Object] ],
    spell_data: [],
    actions: [],
    attack_defense: null,
    animation_mesh: null
  },
  {
    id: 90,
    aoid: 12345,
    name: 'Item 90',
    ql: 200,
    description: 'A test item for testing',
    item_class: 3,
    is_nano: false,
    stats: [ [Object], [Object] ],
    requirements: [ [Object], [Object] ],
    spell_data: [],
    actions: [],
    attack_defense: null,
    animation_mesh: null
  },
  {
    id: 91,
    aoid: 12345,
    name: 'Item 91',
    ql: 200,
    description: 'A test item for testing',
    item_class: 3,
    is_nano: false,
    stats: [ [Object], [Object] ],
    requirements: [ [Object], [Object] ],
    spell_data: [],
    actions: [],
    attack_defense: null,
    animation_mesh: null
  },
  {
    id: 92,
    aoid: 12345,
    name: 'Item 92',
    ql: 200,
    description: 'A test item for testing',
    item_class: 3,
    is_nano: false,
    stats: [ [Object], [Object] ],
    requirements: [ [Object], [Object] ],
    spell_data: [],
    actions: [],
    attack_defense: null,
    animation_mesh: null
  },
  {
    id: 93,
    aoid: 12345,
    name: 'Item 93',
    ql: 200,
    description: 'A test item for testing',
    item_class: 3,
    is_nano: false,
    stats: [ [Object], [Object] ],
    requirements: [ [Object], [Object] ],
    spell_data: [],
    actions: [],
    attack_defense: null,
    animation_mesh: null
  },
  {
    id: 94,
    aoid: 12345,
    name: 'Item 94',
    ql: 200,
    description: 'A test item for testing',
    item_class: 3,
    is_nano: false,
    stats: [ [Object], [Object] ],
    requirements: [ [Object], [Object] ],
    spell_data: [],
    actions: [],
    attack_defense: null,
    animation_mesh: null
  },
  {
    id: 95,
    aoid: 12345,
    name: 'Item 95',
    ql: 200,
    description: 'A test item for testing',
    item_class: 3,
    is_nano: false,
    stats: [ [Object], [Object] ],
    requirements: [ [Object], [Object] ],
    spell_data: [],
    actions: [],
    attack_defense: null,
    animation_mesh: null
  },
  {
    id: 96,
    aoid: 12345,
    name: 'Item 96',
    ql: 200,
    description: 'A test item for testing',
    item_class: 3,
    is_nano: false,
    stats: [ [Object], [Object] ],
    requirements: [ [Object], [Object] ],
    spell_data: [],
    actions: [],
    attack_defense: null,
    animation_mesh: null
  },
  {
    id: 97,
    aoid: 12345,
    name: 'Item 97',
    ql: 200,
    description: 'A test item for testing',
    item_class: 3,
    is_nano: false,
    stats: [ [Object], [Object] ],
    requirements: [ [Object], [Object] ],
    spell_data: [],
    actions: [],
    attack_defense: null,
    animation_mesh: null
  },
  {
    id: 98,
    aoid: 12345,
    name: 'Item 98',
    ql: 200,
    description: 'A test item for testing',
    item_class: 3,
    is_nano: false,
    stats: [ [Object], [Object] ],
    requirements: [ [Object], [Object] ],
    spell_data: [],
    actions: [],
    attack_defense: null,
    animation_mesh: null
  },
  {
    id: 99,
    aoid: 12345,
    name: 'Item 99',
    ql: 200,
    description: 'A test item for testing',
    item_class: 3,
    is_nano: false,
    stats: [ [Object], [Object] ],
    requirements: [ [Object], [Object] ],
    spell_data: [],
    actions: [],
    attack_defense: null,
    animation_mesh: null
  },
  {
    id: 100,
    aoid: 12345,
    name: 'Item 100',
    ql: 200,
    description: 'A test item for testing',
    item_class: 3,
    is_nano: false,
    stats: [ [Object], [Object] ],
    requirements: [ [Object], [Object] ],
    spell_data: [],
    actions: [],
    attack_defense: null,
    animation_mesh: null
  }
] viewMode="grid" ref="VTU_COMPONENT" > 
  at <VTUROOT>
[Vue warn]: Failed to resolve directive: tooltip 
  at <ItemList items= [
  {
    id: 1,
    aoid: 12345,
    name: 'Item 1',
    ql: 200,
    description: 'A test item for testing',
    item_class: 3,
    is_nano: false,
    stats: [ [Object], [Object] ],
    requirements: [ [Object], [Object] ],
    spell_data: [],
    actions: [],
    attack_defense: null,
    animation_mesh: null
  },
  {
    id: 2,
    aoid: 12345,
    name: 'Item 2',
    ql: 200,
    description: 'A test item for testing',
    item_class: 3,
    is_nano: false,
    stats: [ [Object], [Object] ],
    requirements: [ [Object], [Object] ],
    spell_data: [],
    actions: [],
    attack_defense: null,
    animation_mesh: null
  },
  {
    id: 3,
    aoid: 12345,
    name: 'Item 3',
    ql: 200,
    description: 'A test item for testing',
    item_class: 3,
    is_nano: false,
    stats: [ [Object], [Object] ],
    requirements: [ [Object], [Object] ],
    spell_data: [],
    actions: [],
    attack_defense: null,
    animation_mesh: null
  },
  {
    id: 4,
    aoid: 12345,
    name: 'Item 4',
    ql: 200,
    description: 'A test item for testing',
    item_class: 3,
    is_nano: false,
    stats: [ [Object], [Object] ],
    requirements: [ [Object], [Object] ],
    spell_data: [],
    actions: [],
    attack_defense: null,
    animation_mesh: null
  },
  {
    id: 5,
    aoid: 12345,
    name: 'Item 5',
    ql: 200,
    description: 'A test item for testing',
    item_class: 3,
    is_nano: false,
    stats: [ [Object], [Object] ],
    requirements: [ [Object], [Object] ],
    spell_data: [],
    actions: [],
    attack_defense: null,
    animation_mesh: null
  },
  {
    id: 6,
    aoid: 12345,
    name: 'Item 6',
    ql: 200,
    description: 'A test item for testing',
    item_class: 3,
    is_nano: false,
    stats: [ [Object], [Object] ],
    requirements: [ [Object], [Object] ],
    spell_data: [],
    actions: [],
    attack_defense: null,
    animation_mesh: null
  },
  {
    id: 7,
    aoid: 12345,
    name: 'Item 7',
    ql: 200,
    description: 'A test item for testing',
    item_class: 3,
    is_nano: false,
    stats: [ [Object], [Object] ],
    requirements: [ [Object], [Object] ],
    spell_data: [],
    actions: [],
    attack_defense: null,
    animation_mesh: null
  },
  {
    id: 8,
    aoid: 12345,
    name: 'Item 8',
    ql: 200,
    description: 'A test item for testing',
    item_class: 3,
    is_nano: false,
    stats: [ [Object], [Object] ],
    requirements: [ [Object], [Object] ],
    spell_data: [],
    actions: [],
    attack_defense: null,
    animation_mesh: null
  },
  {
    id: 9,
    aoid: 12345,
    name: 'Item 9',
    ql: 200,
    description: 'A test item for testing',
    item_class: 3,
    is_nano: false,
    stats: [ [Object], [Object] ],
    requirements: [ [Object], [Object] ],
    spell_data: [],
    actions: [],
    attack_defense: null,
    animation_mesh: null
  },
  {
    id: 10,
    aoid: 12345,
    name: 'Item 10',
    ql: 200,
    description: 'A test item for testing',
    item_class: 3,
    is_nano: false,
    stats: [ [Object], [Object] ],
    requirements: [ [Object], [Object] ],
    spell_data: [],
    actions: [],
    attack_defense: null,
    animation_mesh: null
  },
  {
    id: 11,
    aoid: 12345,
    name: 'Item 11',
    ql: 200,
    description: 'A test item for testing',
    item_class: 3,
    is_nano: false,
    stats: [ [Object], [Object] ],
    requirements: [ [Object], [Object] ],
    spell_data: [],
    actions: [],
    attack_defense: null,
    animation_mesh: null
  },
  {
    id: 12,
    aoid: 12345,
    name: 'Item 12',
    ql: 200,
    description: 'A test item for testing',
    item_class: 3,
    is_nano: false,
    stats: [ [Object], [Object] ],
    requirements: [ [Object], [Object] ],
    spell_data: [],
    actions: [],
    attack_defense: null,
    animation_mesh: null
  },
  {
    id: 13,
    aoid: 12345,
    name: 'Item 13',
    ql: 200,
    description: 'A test item for testing',
    item_class: 3,
    is_nano: false,
    stats: [ [Object], [Object] ],
    requirements: [ [Object], [Object] ],
    spell_data: [],
    actions: [],
    attack_defense: null,
    animation_mesh: null
  },
  {
    id: 14,
    aoid: 12345,
    name: 'Item 14',
    ql: 200,
    description: 'A test item for testing',
    item_class: 3,
    is_nano: false,
    stats: [ [Object], [Object] ],
    requirements: [ [Object], [Object] ],
    spell_data: [],
    actions: [],
    attack_defense: null,
    animation_mesh: null
  },
  {
    id: 15,
    aoid: 12345,
    name: 'Item 15',
    ql: 200,
    description: 'A test item for testing',
    item_class: 3,
    is_nano: false,
    stats: [ [Object], [Object] ],
    requirements: [ [Object], [Object] ],
    spell_data: [],
    actions: [],
    attack_defense: null,
    animation_mesh: null
  },
  {
    id: 16,
    aoid: 12345,
    name: 'Item 16',
    ql: 200,
    description: 'A test item for testing',
    item_class: 3,
    is_nano: false,
    stats: [ [Object], [Object] ],
    requirements: [ [Object], [Object] ],
    spell_data: [],
    actions: [],
    attack_defense: null,
    animation_mesh: null
  },
  {
    id: 17,
    aoid: 12345,
    name: 'Item 17',
    ql: 200,
    description: 'A test item for testing',
    item_class: 3,
    is_nano: false,
    stats: [ [Object], [Object] ],
    requirements: [ [Object], [Object] ],
    spell_data: [],
    actions: [],
    attack_defense: null,
    animation_mesh: null
  },
  {
    id: 18,
    aoid: 12345,
    name: 'Item 18',
    ql: 200,
    description: 'A test item for testing',
    item_class: 3,
    is_nano: false,
    stats: [ [Object], [Object] ],
    requirements: [ [Object], [Object] ],
    spell_data: [],
    actions: [],
    attack_defense: null,
    animation_mesh: null
  },
  {
    id: 19,
    aoid: 12345,
    name: 'Item 19',
    ql: 200,
    description: 'A test item for testing',
    item_class: 3,
    is_nano: false,
    stats: [ [Object], [Object] ],
    requirements: [ [Object], [Object] ],
    spell_data: [],
    actions: [],
    attack_defense: null,
    animation_mesh: null
  },
  {
    id: 20,
    aoid: 12345,
    name: 'Item 20',
    ql: 200,
    description: 'A test item for testing',
    item_class: 3,
    is_nano: false,
    stats: [ [Object], [Object] ],
    requirements: [ [Object], [Object] ],
    spell_data: [],
    actions: [],
    attack_defense: null,
    animation_mesh: null
  },
  {
    id: 21,
    aoid: 12345,
    name: 'Item 21',
    ql: 200,
    description: 'A test item for testing',
    item_class: 3,
    is_nano: false,
    stats: [ [Object], [Object] ],
    requirements: [ [Object], [Object] ],
    spell_data: [],
    actions: [],
    attack_defense: null,
    animation_mesh: null
  },
  {
    id: 22,
    aoid: 12345,
    name: 'Item 22',
    ql: 200,
    description: 'A test item for testing',
    item_class: 3,
    is_nano: false,
    stats: [ [Object], [Object] ],
    requirements: [ [Object], [Object] ],
    spell_data: [],
    actions: [],
    attack_defense: null,
    animation_mesh: null
  },
  {
    id: 23,
    aoid: 12345,
    name: 'Item 23',
    ql: 200,
    description: 'A test item for testing',
    item_class: 3,
    is_nano: false,
    stats: [ [Object], [Object] ],
    requirements: [ [Object], [Object] ],
    spell_data: [],
    actions: [],
    attack_defense: null,
    animation_mesh: null
  },
  {
    id: 24,
    aoid: 12345,
    name: 'Item 24',
    ql: 200,
    description: 'A test item for testing',
    item_class: 3,
    is_nano: false,
    stats: [ [Object], [Object] ],
    requirements: [ [Object], [Object] ],
    spell_data: [],
    actions: [],
    attack_defense: null,
    animation_mesh: null
  },
  {
    id: 25,
    aoid: 12345,
    name: 'Item 25',
    ql: 200,
    description: 'A test item for testing',
    item_class: 3,
    is_nano: false,
    stats: [ [Object], [Object] ],
    requirements: [ [Object], [Object] ],
    spell_data: [],
    actions: [],
    attack_defense: null,
    animation_mesh: null
  },
  {
    id: 26,
    aoid: 12345,
    name: 'Item 26',
    ql: 200,
    description: 'A test item for testing',
    item_class: 3,
    is_nano: false,
    stats: [ [Object], [Object] ],
    requirements: [ [Object], [Object] ],
    spell_data: [],
    actions: [],
    attack_defense: null,
    animation_mesh: null
  },
  {
    id: 27,
    aoid: 12345,
    name: 'Item 27',
    ql: 200,
    description: 'A test item for testing',
    item_class: 3,
    is_nano: false,
    stats: [ [Object], [Object] ],
    requirements: [ [Object], [Object] ],
    spell_data: [],
    actions: [],
    attack_defense: null,
    animation_mesh: null
  },
  {
    id: 28,
    aoid: 12345,
    name: 'Item 28',
    ql: 200,
    description: 'A test item for testing',
    item_class: 3,
    is_nano: false,
    stats: [ [Object], [Object] ],
    requirements: [ [Object], [Object] ],
    spell_data: [],
    actions: [],
    attack_defense: null,
    animation_mesh: null
  },
  {
    id: 29,
    aoid: 12345,
    name: 'Item 29',
    ql: 200,
    description: 'A test item for testing',
    item_class: 3,
    is_nano: false,
    stats: [ [Object], [Object] ],
    requirements: [ [Object], [Object] ],
    spell_data: [],
    actions: [],
    attack_defense: null,
    animation_mesh: null
  },
  {
    id: 30,
    aoid: 12345,
    name: 'Item 30',
    ql: 200,
    description: 'A test item for testing',
    item_class: 3,
    is_nano: false,
    stats: [ [Object], [Object] ],
    requirements: [ [Object], [Object] ],
    spell_data: [],
    actions: [],
    attack_defense: null,
    animation_mesh: null
  },
  {
    id: 31,
    aoid: 12345,
    name: 'Item 31',
    ql: 200,
    description: 'A test item for testing',
    item_class: 3,
    is_nano: false,
    stats: [ [Object], [Object] ],
    requirements: [ [Object], [Object] ],
    spell_data: [],
    actions: [],
    attack_defense: null,
    animation_mesh: null
  },
  {
    id: 32,
    aoid: 12345,
    name: 'Item 32',
    ql: 200,
    description: 'A test item for testing',
    item_class: 3,
    is_nano: false,
    stats: [ [Object], [Object] ],
    requirements: [ [Object], [Object] ],
    spell_data: [],
    actions: [],
    attack_defense: null,
    animation_mesh: null
  },
  {
    id: 33,
    aoid: 12345,
    name: 'Item 33',
    ql: 200,
    description: 'A test item for testing',
    item_class: 3,
    is_nano: false,
    stats: [ [Object], [Object] ],
    requirements: [ [Object], [Object] ],
    spell_data: [],
    actions: [],
    attack_defense: null,
    animation_mesh: null
  },
  {
    id: 34,
    aoid: 12345,
    name: 'Item 34',
    ql: 200,
    description: 'A test item for testing',
    item_class: 3,
    is_nano: false,
    stats: [ [Object], [Object] ],
    requirements: [ [Object], [Object] ],
    spell_data: [],
    actions: [],
    attack_defense: null,
    animation_mesh: null
  },
  {
    id: 35,
    aoid: 12345,
    name: 'Item 35',
    ql: 200,
    description: 'A test item for testing',
    item_class: 3,
    is_nano: false,
    stats: [ [Object], [Object] ],
    requirements: [ [Object], [Object] ],
    spell_data: [],
    actions: [],
    attack_defense: null,
    animation_mesh: null
  },
  {
    id: 36,
    aoid: 12345,
    name: 'Item 36',
    ql: 200,
    description: 'A test item for testing',
    item_class: 3,
    is_nano: false,
    stats: [ [Object], [Object] ],
    requirements: [ [Object], [Object] ],
    spell_data: [],
    actions: [],
    attack_defense: null,
    animation_mesh: null
  },
  {
    id: 37,
    aoid: 12345,
    name: 'Item 37',
    ql: 200,
    description: 'A test item for testing',
    item_class: 3,
    is_nano: false,
    stats: [ [Object], [Object] ],
    requirements: [ [Object], [Object] ],
    spell_data: [],
    actions: [],
    attack_defense: null,
    animation_mesh: null
  },
  {
    id: 38,
    aoid: 12345,
    name: 'Item 38',
    ql: 200,
    description: 'A test item for testing',
    item_class: 3,
    is_nano: false,
    stats: [ [Object], [Object] ],
    requirements: [ [Object], [Object] ],
    spell_data: [],
    actions: [],
    attack_defense: null,
    animation_mesh: null
  },
  {
    id: 39,
    aoid: 12345,
    name: 'Item 39',
    ql: 200,
    description: 'A test item for testing',
    item_class: 3,
    is_nano: false,
    stats: [ [Object], [Object] ],
    requirements: [ [Object], [Object] ],
    spell_data: [],
    actions: [],
    attack_defense: null,
    animation_mesh: null
  },
  {
    id: 40,
    aoid: 12345,
    name: 'Item 40',
    ql: 200,
    description: 'A test item for testing',
    item_class: 3,
    is_nano: false,
    stats: [ [Object], [Object] ],
    requirements: [ [Object], [Object] ],
    spell_data: [],
    actions: [],
    attack_defense: null,
    animation_mesh: null
  },
  {
    id: 41,
    aoid: 12345,
    name: 'Item 41',
    ql: 200,
    description: 'A test item for testing',
    item_class: 3,
    is_nano: false,
    stats: [ [Object], [Object] ],
    requirements: [ [Object], [Object] ],
    spell_data: [],
    actions: [],
    attack_defense: null,
    animation_mesh: null
  },
  {
    id: 42,
    aoid: 12345,
    name: 'Item 42',
    ql: 200,
    description: 'A test item for testing',
    item_class: 3,
    is_nano: false,
    stats: [ [Object], [Object] ],
    requirements: [ [Object], [Object] ],
    spell_data: [],
    actions: [],
    attack_defense: null,
    animation_mesh: null
  },
  {
    id: 43,
    aoid: 12345,
    name: 'Item 43',
    ql: 200,
    description: 'A test item for testing',
    item_class: 3,
    is_nano: false,
    stats: [ [Object], [Object] ],
    requirements: [ [Object], [Object] ],
    spell_data: [],
    actions: [],
    attack_defense: null,
    animation_mesh: null
  },
  {
    id: 44,
    aoid: 12345,
    name: 'Item 44',
    ql: 200,
    description: 'A test item for testing',
    item_class: 3,
    is_nano: false,
    stats: [ [Object], [Object] ],
    requirements: [ [Object], [Object] ],
    spell_data: [],
    actions: [],
    attack_defense: null,
    animation_mesh: null
  },
  {
    id: 45,
    aoid: 12345,
    name: 'Item 45',
    ql: 200,
    description: 'A test item for testing',
    item_class: 3,
    is_nano: false,
    stats: [ [Object], [Object] ],
    requirements: [ [Object], [Object] ],
    spell_data: [],
    actions: [],
    attack_defense: null,
    animation_mesh: null
  },
  {
    id: 46,
    aoid: 12345,
    name: 'Item 46',
    ql: 200,
    description: 'A test item for testing',
    item_class: 3,
    is_nano: false,
    stats: [ [Object], [Object] ],
    requirements: [ [Object], [Object] ],
    spell_data: [],
    actions: [],
    attack_defense: null,
    animation_mesh: null
  },
  {
    id: 47,
    aoid: 12345,
    name: 'Item 47',
    ql: 200,
    description: 'A test item for testing',
    item_class: 3,
    is_nano: false,
    stats: [ [Object], [Object] ],
    requirements: [ [Object], [Object] ],
    spell_data: [],
    actions: [],
    attack_defense: null,
    animation_mesh: null
  },
  {
    id: 48,
    aoid: 12345,
    name: 'Item 48',
    ql: 200,
    description: 'A test item for testing',
    item_class: 3,
    is_nano: false,
    stats: [ [Object], [Object] ],
    requirements: [ [Object], [Object] ],
    spell_data: [],
    actions: [],
    attack_defense: null,
    animation_mesh: null
  },
  {
    id: 49,
    aoid: 12345,
    name: 'Item 49',
    ql: 200,
    description: 'A test item for testing',
    item_class: 3,
    is_nano: false,
    stats: [ [Object], [Object] ],
    requirements: [ [Object], [Object] ],
    spell_data: [],
    actions: [],
    attack_defense: null,
    animation_mesh: null
  },
  {
    id: 50,
    aoid: 12345,
    name: 'Item 50',
    ql: 200,
    description: 'A test item for testing',
    item_class: 3,
    is_nano: false,
    stats: [ [Object], [Object] ],
    requirements: [ [Object], [Object] ],
    spell_data: [],
    actions: [],
    attack_defense: null,
    animation_mesh: null
  },
  {
    id: 51,
    aoid: 12345,
    name: 'Item 51',
    ql: 200,
    description: 'A test item for testing',
    item_class: 3,
    is_nano: false,
    stats: [ [Object], [Object] ],
    requirements: [ [Object], [Object] ],
    spell_data: [],
    actions: [],
    attack_defense: null,
    animation_mesh: null
  },
  {
    id: 52,
    aoid: 12345,
    name: 'Item 52',
    ql: 200,
    description: 'A test item for testing',
    item_class: 3,
    is_nano: false,
    stats: [ [Object], [Object] ],
    requirements: [ [Object], [Object] ],
    spell_data: [],
    actions: [],
    attack_defense: null,
    animation_mesh: null
  },
  {
    id: 53,
    aoid: 12345,
    name: 'Item 53',
    ql: 200,
    description: 'A test item for testing',
    item_class: 3,
    is_nano: false,
    stats: [ [Object], [Object] ],
    requirements: [ [Object], [Object] ],
    spell_data: [],
    actions: [],
    attack_defense: null,
    animation_mesh: null
  },
  {
    id: 54,
    aoid: 12345,
    name: 'Item 54',
    ql: 200,
    description: 'A test item for testing',
    item_class: 3,
    is_nano: false,
    stats: [ [Object], [Object] ],
    requirements: [ [Object], [Object] ],
    spell_data: [],
    actions: [],
    attack_defense: null,
    animation_mesh: null
  },
  {
    id: 55,
    aoid: 12345,
    name: 'Item 55',
    ql: 200,
    description: 'A test item for testing',
    item_class: 3,
    is_nano: false,
    stats: [ [Object], [Object] ],
    requirements: [ [Object], [Object] ],
    spell_data: [],
    actions: [],
    attack_defense: null,
    animation_mesh: null
  },
  {
    id: 56,
    aoid: 12345,
    name: 'Item 56',
    ql: 200,
    description: 'A test item for testing',
    item_class: 3,
    is_nano: false,
    stats: [ [Object], [Object] ],
    requirements: [ [Object], [Object] ],
    spell_data: [],
    actions: [],
    attack_defense: null,
    animation_mesh: null
  },
  {
    id: 57,
    aoid: 12345,
    name: 'Item 57',
    ql: 200,
    description: 'A test item for testing',
    item_class: 3,
    is_nano: false,
    stats: [ [Object], [Object] ],
    requirements: [ [Object], [Object] ],
    spell_data: [],
    actions: [],
    attack_defense: null,
    animation_mesh: null
  },
  {
    id: 58,
    aoid: 12345,
    name: 'Item 58',
    ql: 200,
    description: 'A test item for testing',
    item_class: 3,
    is_nano: false,
    stats: [ [Object], [Object] ],
    requirements: [ [Object], [Object] ],
    spell_data: [],
    actions: [],
    attack_defense: null,
    animation_mesh: null
  },
  {
    id: 59,
    aoid: 12345,
    name: 'Item 59',
    ql: 200,
    description: 'A test item for testing',
    item_class: 3,
    is_nano: false,
    stats: [ [Object], [Object] ],
    requirements: [ [Object], [Object] ],
    spell_data: [],
    actions: [],
    attack_defense: null,
    animation_mesh: null
  },
  {
    id: 60,
    aoid: 12345,
    name: 'Item 60',
    ql: 200,
    description: 'A test item for testing',
    item_class: 3,
    is_nano: false,
    stats: [ [Object], [Object] ],
    requirements: [ [Object], [Object] ],
    spell_data: [],
    actions: [],
    attack_defense: null,
    animation_mesh: null
  },
  {
    id: 61,
    aoid: 12345,
    name: 'Item 61',
    ql: 200,
    description: 'A test item for testing',
    item_class: 3,
    is_nano: false,
    stats: [ [Object], [Object] ],
    requirements: [ [Object], [Object] ],
    spell_data: [],
    actions: [],
    attack_defense: null,
    animation_mesh: null
  },
  {
    id: 62,
    aoid: 12345,
    name: 'Item 62',
    ql: 200,
    description: 'A test item for testing',
    item_class: 3,
    is_nano: false,
    stats: [ [Object], [Object] ],
    requirements: [ [Object], [Object] ],
    spell_data: [],
    actions: [],
    attack_defense: null,
    animation_mesh: null
  },
  {
    id: 63,
    aoid: 12345,
    name: 'Item 63',
    ql: 200,
    description: 'A test item for testing',
    item_class: 3,
    is_nano: false,
    stats: [ [Object], [Object] ],
    requirements: [ [Object], [Object] ],
    spell_data: [],
    actions: [],
    attack_defense: null,
    animation_mesh: null
  },
  {
    id: 64,
    aoid: 12345,
    name: 'Item 64',
    ql: 200,
    description: 'A test item for testing',
    item_class: 3,
    is_nano: false,
    stats: [ [Object], [Object] ],
    requirements: [ [Object], [Object] ],
    spell_data: [],
    actions: [],
    attack_defense: null,
    animation_mesh: null
  },
  {
    id: 65,
    aoid: 12345,
    name: 'Item 65',
    ql: 200,
    description: 'A test item for testing',
    item_class: 3,
    is_nano: false,
    stats: [ [Object], [Object] ],
    requirements: [ [Object], [Object] ],
    spell_data: [],
    actions: [],
    attack_defense: null,
    animation_mesh: null
  },
  {
    id: 66,
    aoid: 12345,
    name: 'Item 66',
    ql: 200,
    description: 'A test item for testing',
    item_class: 3,
    is_nano: false,
    stats: [ [Object], [Object] ],
    requirements: [ [Object], [Object] ],
    spell_data: [],
    actions: [],
    attack_defense: null,
    animation_mesh: null
  },
  {
    id: 67,
    aoid: 12345,
    name: 'Item 67',
    ql: 200,
    description: 'A test item for testing',
    item_class: 3,
    is_nano: false,
    stats: [ [Object], [Object] ],
    requirements: [ [Object], [Object] ],
    spell_data: [],
    actions: [],
    attack_defense: null,
    animation_mesh: null
  },
  {
    id: 68,
    aoid: 12345,
    name: 'Item 68',
    ql: 200,
    description: 'A test item for testing',
    item_class: 3,
    is_nano: false,
    stats: [ [Object], [Object] ],
    requirements: [ [Object], [Object] ],
    spell_data: [],
    actions: [],
    attack_defense: null,
    animation_mesh: null
  },
  {
    id: 69,
    aoid: 12345,
    name: 'Item 69',
    ql: 200,
    description: 'A test item for testing',
    item_class: 3,
    is_nano: false,
    stats: [ [Object], [Object] ],
    requirements: [ [Object], [Object] ],
    spell_data: [],
    actions: [],
    attack_defense: null,
    animation_mesh: null
  },
  {
    id: 70,
    aoid: 12345,
    name: 'Item 70',
    ql: 200,
    description: 'A test item for testing',
    item_class: 3,
    is_nano: false,
    stats: [ [Object], [Object] ],
    requirements: [ [Object], [Object] ],
    spell_data: [],
    actions: [],
    attack_defense: null,
    animation_mesh: null
  },
  {
    id: 71,
    aoid: 12345,
    name: 'Item 71',
    ql: 200,
    description: 'A test item for testing',
    item_class: 3,
    is_nano: false,
    stats: [ [Object], [Object] ],
    requirements: [ [Object], [Object] ],
    spell_data: [],
    actions: [],
    attack_defense: null,
    animation_mesh: null
  },
  {
    id: 72,
    aoid: 12345,
    name: 'Item 72',
    ql: 200,
    description: 'A test item for testing',
    item_class: 3,
    is_nano: false,
    stats: [ [Object], [Object] ],
    requirements: [ [Object], [Object] ],
    spell_data: [],
    actions: [],
    attack_defense: null,
    animation_mesh: null
  },
  {
    id: 73,
    aoid: 12345,
    name: 'Item 73',
    ql: 200,
    description: 'A test item for testing',
    item_class: 3,
    is_nano: false,
    stats: [ [Object], [Object] ],
    requirements: [ [Object], [Object] ],
    spell_data: [],
    actions: [],
    attack_defense: null,
    animation_mesh: null
  },
  {
    id: 74,
    aoid: 12345,
    name: 'Item 74',
    ql: 200,
    description: 'A test item for testing',
    item_class: 3,
    is_nano: false,
    stats: [ [Object], [Object] ],
    requirements: [ [Object], [Object] ],
    spell_data: [],
    actions: [],
    attack_defense: null,
    animation_mesh: null
  },
  {
    id: 75,
    aoid: 12345,
    name: 'Item 75',
    ql: 200,
    description: 'A test item for testing',
    item_class: 3,
    is_nano: false,
    stats: [ [Object], [Object] ],
    requirements: [ [Object], [Object] ],
    spell_data: [],
    actions: [],
    attack_defense: null,
    animation_mesh: null
  },
  {
    id: 76,
    aoid: 12345,
    name: 'Item 76',
    ql: 200,
    description: 'A test item for testing',
    item_class: 3,
    is_nano: false,
    stats: [ [Object], [Object] ],
    requirements: [ [Object], [Object] ],
    spell_data: [],
    actions: [],
    attack_defense: null,
    animation_mesh: null
  },
  {
    id: 77,
    aoid: 12345,
    name: 'Item 77',
    ql: 200,
    description: 'A test item for testing',
    item_class: 3,
    is_nano: false,
    stats: [ [Object], [Object] ],
    requirements: [ [Object], [Object] ],
    spell_data: [],
    actions: [],
    attack_defense: null,
    animation_mesh: null
  },
  {
    id: 78,
    aoid: 12345,
    name: 'Item 78',
    ql: 200,
    description: 'A test item for testing',
    item_class: 3,
    is_nano: false,
    stats: [ [Object], [Object] ],
    requirements: [ [Object], [Object] ],
    spell_data: [],
    actions: [],
    attack_defense: null,
    animation_mesh: null
  },
  {
    id: 79,
    aoid: 12345,
    name: 'Item 79',
    ql: 200,
    description: 'A test item for testing',
    item_class: 3,
    is_nano: false,
    stats: [ [Object], [Object] ],
    requirements: [ [Object], [Object] ],
    spell_data: [],
    actions: [],
    attack_defense: null,
    animation_mesh: null
  },
  {
    id: 80,
    aoid: 12345,
    name: 'Item 80',
    ql: 200,
    description: 'A test item for testing',
    item_class: 3,
    is_nano: false,
    stats: [ [Object], [Object] ],
    requirements: [ [Object], [Object] ],
    spell_data: [],
    actions: [],
    attack_defense: null,
    animation_mesh: null
  },
  {
    id: 81,
    aoid: 12345,
    name: 'Item 81',
    ql: 200,
    description: 'A test item for testing',
    item_class: 3,
    is_nano: false,
    stats: [ [Object], [Object] ],
    requirements: [ [Object], [Object] ],
    spell_data: [],
    actions: [],
    attack_defense: null,
    animation_mesh: null
  },
  {
    id: 82,
    aoid: 12345,
    name: 'Item 82',
    ql: 200,
    description: 'A test item for testing',
    item_class: 3,
    is_nano: false,
    stats: [ [Object], [Object] ],
    requirements: [ [Object], [Object] ],
    spell_data: [],
    actions: [],
    attack_defense: null,
    animation_mesh: null
  },
  {
    id: 83,
    aoid: 12345,
    name: 'Item 83',
    ql: 200,
    description: 'A test item for testing',
    item_class: 3,
    is_nano: false,
    stats: [ [Object], [Object] ],
    requirements: [ [Object], [Object] ],
    spell_data: [],
    actions: [],
    attack_defense: null,
    animation_mesh: null
  },
  {
    id: 84,
    aoid: 12345,
    name: 'Item 84',
    ql: 200,
    description: 'A test item for testing',
    item_class: 3,
    is_nano: false,
    stats: [ [Object], [Object] ],
    requirements: [ [Object], [Object] ],
    spell_data: [],
    actions: [],
    attack_defense: null,
    animation_mesh: null
  },
  {
    id: 85,
    aoid: 12345,
    name: 'Item 85',
    ql: 200,
    description: 'A test item for testing',
    item_class: 3,
    is_nano: false,
    stats: [ [Object], [Object] ],
    requirements: [ [Object], [Object] ],
    spell_data: [],
    actions: [],
    attack_defense: null,
    animation_mesh: null
  },
  {
    id: 86,
    aoid: 12345,
    name: 'Item 86',
    ql: 200,
    description: 'A test item for testing',
    item_class: 3,
    is_nano: false,
    stats: [ [Object], [Object] ],
    requirements: [ [Object], [Object] ],
    spell_data: [],
    actions: [],
    attack_defense: null,
    animation_mesh: null
  },
  {
    id: 87,
    aoid: 12345,
    name: 'Item 87',
    ql: 200,
    description: 'A test item for testing',
    item_class: 3,
    is_nano: false,
    stats: [ [Object], [Object] ],
    requirements: [ [Object], [Object] ],
    spell_data: [],
    actions: [],
    attack_defense: null,
    animation_mesh: null
  },
  {
    id: 88,
    aoid: 12345,
    name: 'Item 88',
    ql: 200,
    description: 'A test item for testing',
    item_class: 3,
    is_nano: false,
    stats: [ [Object], [Object] ],
    requirements: [ [Object], [Object] ],
    spell_data: [],
    actions: [],
    attack_defense: null,
    animation_mesh: null
  },
  {
    id: 89,
    aoid: 12345,
    name: 'Item 89',
    ql: 200,
    description: 'A test item for testing',
    item_class: 3,
    is_nano: false,
    stats: [ [Object], [Object] ],
    requirements: [ [Object], [Object] ],
    spell_data: [],
    actions: [],
    attack_defense: null,
    animation_mesh: null
  },
  {
    id: 90,
    aoid: 12345,
    name: 'Item 90',
    ql: 200,
    description: 'A test item for testing',
    item_class: 3,
    is_nano: false,
    stats: [ [Object], [Object] ],
    requirements: [ [Object], [Object] ],
    spell_data: [],
    actions: [],
    attack_defense: null,
    animation_mesh: null
  },
  {
    id: 91,
    aoid: 12345,
    name: 'Item 91',
    ql: 200,
    description: 'A test item for testing',
    item_class: 3,
    is_nano: false,
    stats: [ [Object], [Object] ],
    requirements: [ [Object], [Object] ],
    spell_data: [],
    actions: [],
    attack_defense: null,
    animation_mesh: null
  },
  {
    id: 92,
    aoid: 12345,
    name: 'Item 92',
    ql: 200,
    description: 'A test item for testing',
    item_class: 3,
    is_nano: false,
    stats: [ [Object], [Object] ],
    requirements: [ [Object], [Object] ],
    spell_data: [],
    actions: [],
    attack_defense: null,
    animation_mesh: null
  },
  {
    id: 93,
    aoid: 12345,
    name: 'Item 93',
    ql: 200,
    description: 'A test item for testing',
    item_class: 3,
    is_nano: false,
    stats: [ [Object], [Object] ],
    requirements: [ [Object], [Object] ],
    spell_data: [],
    actions: [],
    attack_defense: null,
    animation_mesh: null
  },
  {
    id: 94,
    aoid: 12345,
    name: 'Item 94',
    ql: 200,
    description: 'A test item for testing',
    item_class: 3,
    is_nano: false,
    stats: [ [Object], [Object] ],
    requirements: [ [Object], [Object] ],
    spell_data: [],
    actions: [],
    attack_defense: null,
    animation_mesh: null
  },
  {
    id: 95,
    aoid: 12345,
    name: 'Item 95',
    ql: 200,
    description: 'A test item for testing',
    item_class: 3,
    is_nano: false,
    stats: [ [Object], [Object] ],
    requirements: [ [Object], [Object] ],
    spell_data: [],
    actions: [],
    attack_defense: null,
    animation_mesh: null
  },
  {
    id: 96,
    aoid: 12345,
    name: 'Item 96',
    ql: 200,
    description: 'A test item for testing',
    item_class: 3,
    is_nano: false,
    stats: [ [Object], [Object] ],
    requirements: [ [Object], [Object] ],
    spell_data: [],
    actions: [],
    attack_defense: null,
    animation_mesh: null
  },
  {
    id: 97,
    aoid: 12345,
    name: 'Item 97',
    ql: 200,
    description: 'A test item for testing',
    item_class: 3,
    is_nano: false,
    stats: [ [Object], [Object] ],
    requirements: [ [Object], [Object] ],
    spell_data: [],
    actions: [],
    attack_defense: null,
    animation_mesh: null
  },
  {
    id: 98,
    aoid: 12345,
    name: 'Item 98',
    ql: 200,
    description: 'A test item for testing',
    item_class: 3,
    is_nano: false,
    stats: [ [Object], [Object] ],
    requirements: [ [Object], [Object] ],
    spell_data: [],
    actions: [],
    attack_defense: null,
    animation_mesh: null
  },
  {
    id: 99,
    aoid: 12345,
    name: 'Item 99',
    ql: 200,
    description: 'A test item for testing',
    item_class: 3,
    is_nano: false,
    stats: [ [Object], [Object] ],
    requirements: [ [Object], [Object] ],
    spell_data: [],
    actions: [],
    attack_defense: null,
    animation_mesh: null
  },
  {
    id: 100,
    aoid: 12345,
    name: 'Item 100',
    ql: 200,
    description: 'A test item for testing',
    item_class: 3,
    is_nano: false,
    stats: [ [Object], [Object] ],
    requirements: [ [Object], [Object] ],
    spell_data: [],
    actions: [],
    attack_defense: null,
    animation_mesh: null
  }
] viewMode="grid" ref="VTU_COMPONENT" > 
  at <VTUROOT>

stderr | src/__tests__/components/ItemList.test.ts > ItemList > Performance > should not re-render unnecessarily on prop changes
[Vue warn]: Failed to resolve component: Paginator
If this is a native custom element, make sure to exclude it from component resolution via compilerOptions.isCustomElement. 
  at <ItemList items= [
  {
    id: 1,
    aoid: 12345,
    name: 'Test Item',
    ql: 200,
    description: 'A test item for testing',
    item_class: 3,
    is_nano: false,
    stats: [ [Object], [Object] ],
    requirements: [ [Object], [Object] ],
    spell_data: [],
    actions: [],
    attack_defense: null,
    animation_mesh: null
  }
] viewMode="grid" ref="VTU_COMPONENT" > 
  at <VTUROOT>
[Vue warn]: Failed to resolve component: ContextMenu
If this is a native custom element, make sure to exclude it from component resolution via compilerOptions.isCustomElement. 
  at <ItemList items= [
  {
    id: 1,
    aoid: 12345,
    name: 'Test Item',
    ql: 200,
    description: 'A test item for testing',
    item_class: 3,
    is_nano: false,
    stats: [ [Object], [Object] ],
    requirements: [ [Object], [Object] ],
    spell_data: [],
    actions: [],
    attack_defense: null,
    animation_mesh: null
  }
] viewMode="grid" ref="VTU_COMPONENT" > 
  at <VTUROOT>
[Vue warn]: Failed to resolve directive: tooltip 
  at <ItemList items= [
  {
    id: 1,
    aoid: 12345,
    name: 'Test Item',
    ql: 200,
    description: 'A test item for testing',
    item_class: 3,
    is_nano: false,
    stats: [ [Object], [Object] ],
    requirements: [ [Object], [Object] ],
    spell_data: [],
    actions: [],
    attack_defense: null,
    animation_mesh: null
  }
] viewMode="grid" ref="VTU_COMPONENT" > 
  at <VTUROOT>
[Vue warn]: Failed to resolve component: Paginator
If this is a native custom element, make sure to exclude it from component resolution via compilerOptions.isCustomElement. 
  at <ItemList items= [
  {
    id: 1,
    aoid: 12345,
    name: 'Test Item',
    ql: 200,
    description: 'A test item for testing',
    item_class: 3,
    is_nano: false,
    stats: [ [Object], [Object] ],
    requirements: [ [Object], [Object] ],
    spell_data: [],
    actions: [],
    attack_defense: null,
    animation_mesh: null
  }
] viewMode="grid" ref="VTU_COMPONENT"  ... > 
  at <VTUROOT>
[Vue warn]: Failed to resolve component: ContextMenu
If this is a native custom element, make sure to exclude it from component resolution via compilerOptions.isCustomElement. 
  at <ItemList items= [
  {
    id: 1,
    aoid: 12345,
    name: 'Test Item',
    ql: 200,
    description: 'A test item for testing',
    item_class: 3,
    is_nano: false,
    stats: [ [Object], [Object] ],
    requirements: [ [Object], [Object] ],
    spell_data: [],
    actions: [],
    attack_defense: null,
    animation_mesh: null
  }
] viewMode="grid" ref="VTU_COMPONENT"  ... > 
  at <VTUROOT>
[Vue warn]: Failed to resolve directive: tooltip 
  at <ItemList items= [
  {
    id: 1,
    aoid: 12345,
    name: 'Test Item',
    ql: 200,
    description: 'A test item for testing',
    item_class: 3,
    is_nano: false,
    stats: [ [Object], [Object] ],
    requirements: [ [Object], [Object] ],
    spell_data: [],
    actions: [],
    attack_defense: null,
    animation_mesh: null
  }
] viewMode="grid" ref="VTU_COMPONENT"  ... > 
  at <VTUROOT>
[Vue warn]: Failed to resolve component: Paginator
If this is a native custom element, make sure to exclude it from component resolution via compilerOptions.isCustomElement. 
  at <ItemList items= [
  {
    id: 1,
    aoid: 12345,
    name: 'Test Item',
    ql: 200,
    description: 'A test item for testing',
    item_class: 3,
    is_nano: false,
    stats: [ [Object], [Object] ],
    requirements: [ [Object], [Object] ],
    spell_data: [],
    actions: [],
    attack_defense: null,
    animation_mesh: null
  }
] viewMode="grid" ref="VTU_COMPONENT"  ... > 
  at <VTUROOT>
[Vue warn]: Failed to resolve component: ContextMenu
If this is a native custom element, make sure to exclude it from component resolution via compilerOptions.isCustomElement. 
  at <ItemList items= [
  {
    id: 1,
    aoid: 12345,
    name: 'Test Item',
    ql: 200,
    description: 'A test item for testing',
    item_class: 3,
    is_nano: false,
    stats: [ [Object], [Object] ],
    requirements: [ [Object], [Object] ],
    spell_data: [],
    actions: [],
    attack_defense: null,
    animation_mesh: null
  }
] viewMode="grid" ref="VTU_COMPONENT"  ... > 
  at <VTUROOT>
[Vue warn]: Failed to resolve directive: tooltip 
  at <ItemList items= [
  {
    id: 1,
    aoid: 12345,
    name: 'Test Item',
    ql: 200,
    description: 'A test item for testing',
    item_class: 3,
    is_nano: false,
    stats: [ [Object], [Object] ],
    requirements: [ [Object], [Object] ],
    spell_data: [],
    actions: [],
    attack_defense: null,
    animation_mesh: null
  }
] viewMode="grid" ref="VTU_COMPONENT"  ... > 
  at <VTUROOT>

 ❯ src/__tests__/components/ItemList.test.ts  (28 tests | 9 failed) 269ms
   × ItemList > View Mode Switching > should highlight active view mode button
     → Cannot read properties of undefined (reading 'attributes')
   × ItemList > Item Display > should pass correct props to ItemCard components
     → expected undefined to be true // Object.is equality
   × ItemList > Item Display > should handle favorite toggle events
     → expected undefined to be truthy
   × ItemList > Compatibility Display > should show compatibility indicators in list view
     → _ctx.getCompatibilityStatus is not a function
   × ItemList > Compatibility Display > should display requirement tags with correct colors
     → _ctx.getCompatibilityStatus is not a function
   × ItemList > Compatibility Display > should not show compatibility when disabled
     → _ctx.getCompatibilityStatus is not a function
   × ItemList > Pagination > should display pagination information
     → expected '1 items' to contain 'Showing 1-1 of 100 items'
   × ItemList > Pagination > should render paginator component
     → expected false to be true // Object.is equality
   × ItemList > Pagination > should emit page change events
     → Cannot call vm on an empty VueWrapper.
stderr | src/__tests__/components/ItemCard.test.ts > ItemCard > Component Mounting > should mount without errors
[Vue warn]: Failed to resolve directive: tooltip 
  at <ItemCard item= {
  id: 1,
  aoid: 12345,
  name: 'Superior Plasma Rifle',
  ql: 250,
  description: 'A high-quality energy weapon designed for maximum efficiency',
  item_class: 5,
  is_nano: false,
  stats: [
    { stat: 16, value: 50 },
    { stat: 17, value: 25 },
    { stat: 133, value: 100 }
  ],
  requirements: [
    { stat: 16, value: 300 },
    { stat: 17, value: 250 },
    { stat: 133, value: 400 }
  ],
  spell_data: [ { name: 'Plasma Burst', description: 'Deals energy damage' } ],
  actions: [],
  attack_defense: { attack_min: 100, attack_max: 200, attack_speed: 1.5 },
  animation_mesh: null
} ref="VTU_COMPONENT" > 
  at <VTUROOT>

stderr | src/__tests__/components/ItemCard.test.ts > ItemCard > Component Mounting > should display item basic information
[Vue warn]: Failed to resolve directive: tooltip 
  at <ItemCard item= {
  id: 1,
  aoid: 12345,
  name: 'Superior Plasma Rifle',
  ql: 250,
  description: 'A high-quality energy weapon designed for maximum efficiency',
  item_class: 5,
  is_nano: false,
  stats: [
    { stat: 16, value: 50 },
    { stat: 17, value: 25 },
    { stat: 133, value: 100 }
  ],
  requirements: [
    { stat: 16, value: 300 },
    { stat: 17, value: 250 },
    { stat: 133, value: 400 }
  ],
  spell_data: [ { name: 'Plasma Burst', description: 'Deals energy damage' } ],
  actions: [],
  attack_defense: { attack_min: 100, attack_max: 200, attack_speed: 1.5 },
  animation_mesh: null
} ref="VTU_COMPONENT" > 
  at <VTUROOT>

stderr | src/__tests__/components/ItemCard.test.ts > ItemCard > Component Mounting > should show nano badge for nano items
[Vue warn]: Failed to resolve directive: tooltip 
  at <ItemCard item= {
  id: 2,
  aoid: 12345,
  name: 'Superior Heal',
  ql: 250,
  description: 'A high-quality energy weapon designed for maximum efficiency',
  item_class: 20,
  is_nano: true,
  stats: [
    { stat: 16, value: 50 },
    { stat: 17, value: 25 },
    { stat: 133, value: 100 }
  ],
  requirements: [
    { stat: 16, value: 300 },
    { stat: 17, value: 250 },
    { stat: 133, value: 400 }
  ],
  spell_data: [ { name: 'Plasma Burst', description: 'Deals energy damage' } ],
  actions: [],
  attack_defense: null,
  animation_mesh: null
} ref="VTU_COMPONENT" > 
  at <VTUROOT>

stderr | src/__tests__/components/ItemCard.test.ts > ItemCard > Item Stats Display > should display key stats
[Vue warn]: Failed to resolve directive: tooltip 
  at <ItemCard item= {
  id: 1,
  aoid: 12345,
  name: 'Superior Plasma Rifle',
  ql: 250,
  description: 'A high-quality energy weapon designed for maximum efficiency',
  item_class: 5,
  is_nano: false,
  stats: [
    { stat: 16, value: 50 },
    { stat: 17, value: 25 },
    { stat: 133, value: 100 }
  ],
  requirements: [
    { stat: 16, value: 300 },
    { stat: 17, value: 250 },
    { stat: 133, value: 400 }
  ],
  spell_data: [ { name: 'Plasma Burst', description: 'Deals energy damage' } ],
  actions: [],
  attack_defense: { attack_min: 100, attack_max: 200, attack_speed: 1.5 },
  animation_mesh: null
} ref="VTU_COMPONENT" > 
  at <VTUROOT>

stderr | src/__tests__/components/ItemCard.test.ts > ItemCard > Item Stats Display > should limit displayed stats to 4
[Vue warn]: Failed to resolve directive: tooltip 
  at <ItemCard item= {
  id: 1,
  aoid: 12345,
  name: 'Superior Plasma Rifle',
  ql: 250,
  description: 'A high-quality energy weapon designed for maximum efficiency',
  item_class: 5,
  is_nano: false,
  stats: [
    { stat: 16, value: 50 },
    { stat: 17, value: 25 },
    { stat: 133, value: 100 }
  ],
  requirements: [
    { stat: 16, value: 300 },
    { stat: 17, value: 250 },
    { stat: 133, value: 400 }
  ],
  spell_data: [ { name: 'Plasma Burst', description: 'Deals energy damage' } ],
  actions: [],
  attack_defense: { attack_min: 100, attack_max: 200, attack_speed: 1.5 },
  animation_mesh: null
} ref="VTU_COMPONENT" > 
  at <VTUROOT>

stderr | src/__tests__/components/ItemCard.test.ts > ItemCard > Item Stats Display > should not display stats with zero values
[Vue warn]: Failed to resolve directive: tooltip 
  at <ItemCard item= {
  id: 1,
  aoid: 12345,
  name: 'Superior Plasma Rifle',
  ql: 250,
  description: 'A high-quality energy weapon designed for maximum efficiency',
  item_class: 5,
  is_nano: false,
  stats: [
    { stat: 16, value: 50 },
    { stat: 17, value: 25 },
    { stat: 133, value: 100 }
  ],
  requirements: [
    { stat: 16, value: 300 },
    { stat: 17, value: 250 },
    { stat: 133, value: 400 }
  ],
  spell_data: [ { name: 'Plasma Burst', description: 'Deals energy damage' } ],
  actions: [],
  attack_defense: { attack_min: 100, attack_max: 200, attack_speed: 1.5 },
  animation_mesh: null
} ref="VTU_COMPONENT" > 
  at <VTUROOT>
[Vue warn]: Failed to resolve directive: tooltip 
  at <ItemCard item= {
  id: 1,
  aoid: 12345,
  name: 'Superior Plasma Rifle',
  ql: 250,
  description: 'A high-quality energy weapon designed for maximum efficiency',
  item_class: 5,
  is_nano: false,
  stats: [
    { stat: 16, value: 50 },
    { stat: 17, value: 0 },
    { stat: 19, value: 25 }
  ],
  requirements: [
    { stat: 16, value: 300 },
    { stat: 17, value: 250 },
    { stat: 133, value: 400 }
  ],
  spell_data: [ { name: 'Plasma Burst', description: 'Deals energy damage' } ],
  actions: [],
  attack_defense: { attack_min: 100, attack_max: 200, attack_speed: 1.5 },
  animation_mesh: null
} ref="VTU_COMPONENT" > 
  at <VTUROOT>

stderr | src/__tests__/components/ItemCard.test.ts > ItemCard > Compatibility Features > without profile > should show unknown compatibility status
[Vue warn]: Failed to resolve directive: tooltip 
  at <ItemCard item= {
  id: 1,
  aoid: 12345,
  name: 'Superior Plasma Rifle',
  ql: 250,
  description: 'A high-quality energy weapon designed for maximum efficiency',
  item_class: 5,
  is_nano: false,
  stats: [
    { stat: 16, value: 50 },
    { stat: 17, value: 25 },
    { stat: 133, value: 100 }
  ],
  requirements: [
    { stat: 16, value: 300 },
    { stat: 17, value: 250 },
    { stat: 133, value: 400 }
  ],
  spell_data: [ { name: 'Plasma Burst', description: 'Deals energy damage' } ],
  actions: [],
  attack_defense: { attack_min: 100, attack_max: 200, attack_speed: 1.5 },
  animation_mesh: null
} showCompatibility=true ref="VTU_COMPONENT" > 
  at <VTUROOT>

stderr | src/__tests__/components/ItemCard.test.ts > ItemCard > Compatibility Features > without profile > should not display requirements section
[Vue warn]: Failed to resolve directive: tooltip 
  at <ItemCard item= {
  id: 1,
  aoid: 12345,
  name: 'Superior Plasma Rifle',
  ql: 250,
  description: 'A high-quality energy weapon designed for maximum efficiency',
  item_class: 5,
  is_nano: false,
  stats: [
    { stat: 16, value: 50 },
    { stat: 17, value: 25 },
    { stat: 133, value: 100 }
  ],
  requirements: [
    { stat: 16, value: 300 },
    { stat: 17, value: 250 },
    { stat: 133, value: 400 }
  ],
  spell_data: [ { name: 'Plasma Burst', description: 'Deals energy damage' } ],
  actions: [],
  attack_defense: { attack_min: 100, attack_max: 200, attack_speed: 1.5 },
  animation_mesh: null
} showCompatibility=true ref="VTU_COMPONENT" > 
  at <VTUROOT>

stderr | src/__tests__/components/ItemCard.test.ts > ItemCard > Compatibility Features > with profile > should show compatibility status based on requirements
[Vue warn]: Failed to resolve directive: tooltip 
  at <ItemCard item= {
  id: 1,
  aoid: 12345,
  name: 'Superior Plasma Rifle',
  ql: 250,
  description: 'A high-quality energy weapon designed for maximum efficiency',
  item_class: 5,
  is_nano: false,
  stats: [
    { stat: 16, value: 50 },
    { stat: 17, value: 25 },
    { stat: 133, value: 100 }
  ],
  requirements: [
    { stat: 16, value: 300 },
    { stat: 17, value: 250 },
    { stat: 133, value: 400 }
  ],
  spell_data: [ { name: 'Plasma Burst', description: 'Deals energy damage' } ],
  actions: [],
  attack_defense: { attack_min: 100, attack_max: 200, attack_speed: 1.5 },
  animation_mesh: null
} profile= {
  id: 'test-profile-1760307487642-g4tzcr31h',
  version: '4.0.0',
  created: '2025-10-12T22:18:07.642Z',
  updated: '2025-10-12T22:18:07.642Z',
  Character: {
    Name: 'Test Character',
    Level: 200,
    Profession: 1,
    Breed: 1,
    Faction: 'Neutral',
    Expansion: 'All',
    AccountType: 'Paid',
    MaxHealth: 1000,
    MaxNano: 1000,
    AlienLevel: 0,
    Specialization: 0
  },
  skills: {
    '16': {
      base: 0,
      trickle: 0,
      ipSpent: 0,
      pointsFromIp: 350,
      equipmentBonus: 0,
      perkBonus: 0,
      buffBonus: 0,
      total: 350
    },
    '17': {
      base: 0,
      trickle: 0,
      ipSpent: 0,
      pointsFromIp: 200,
      equipmentBonus: 0,
      perkBonus: 0,
      buffBonus: 0,
      total: 200
    },
    '18': {
      base: 6,
      trickle: 0,
      ipSpent: 0,
      pointsFromIp: 0,
      equipmentBonus: 0,
      perkBonus: 0,
      buffBonus: 0,
      total: 6
    },
    '19': {
      base: 6,
      trickle: 0,
      ipSpent: 0,
      pointsFromIp: 0,
      equipmentBonus: 0,
      perkBonus: 0,
      buffBonus: 0,
      total: 6
    },
    '20': {
      base: 6,
      trickle: 0,
      ipSpent: 0,
      pointsFromIp: 0,
      equipmentBonus: 0,
      perkBonus: 0,
      buffBonus: 0,
      total: 6
    },
    '21': {
      base: 6,
      trickle: 0,
      ipSpent: 0,
      pointsFromIp: 0,
      equipmentBonus: 0,
      perkBonus: 0,
      buffBonus: 0,
      total: 6
    },
    '133': {
      base: 0,
      trickle: 0,
      ipSpent: 0,
      pointsFromIp: 450,
      equipmentBonus: 0,
      perkBonus: 0,
      buffBonus: 0,
      total: 450
    }
  },
  Weapons: {},
  Clothing: {},
  Implants: {},
  PerksAndResearch: {
    perks: [],
    standardPerkPoints: { total: 0, spent: 0, available: 0 },
    aiPerkPoints: { total: 0, spent: 0, available: 0 },
    research: [],
    lastCalculated: '2025-10-12T22:18:07.642Z'
  },
  buffs: []
} showCompatibility=true  ... > 
  at <VTUROOT>

stderr | src/__tests__/components/ItemCard.test.ts > ItemCard > Compatibility Features > with profile > should display requirements with color coding
[Vue warn]: Failed to resolve directive: tooltip 
  at <ItemCard item= {
  id: 1,
  aoid: 12345,
  name: 'Superior Plasma Rifle',
  ql: 250,
  description: 'A high-quality energy weapon designed for maximum efficiency',
  item_class: 5,
  is_nano: false,
  stats: [
    { stat: 16, value: 50 },
    { stat: 17, value: 25 },
    { stat: 133, value: 100 }
  ],
  requirements: [
    { stat: 16, value: 300 },
    { stat: 17, value: 250 },
    { stat: 133, value: 400 }
  ],
  spell_data: [ { name: 'Plasma Burst', description: 'Deals energy damage' } ],
  actions: [],
  attack_defense: { attack_min: 100, attack_max: 200, attack_speed: 1.5 },
  animation_mesh: null
} profile= {
  id: 'test-profile-1760307487642-g4tzcr31h',
  version: '4.0.0',
  created: '2025-10-12T22:18:07.642Z',
  updated: '2025-10-12T22:18:07.642Z',
  Character: {
    Name: 'Test Character',
    Level: 200,
    Profession: 1,
    Breed: 1,
    Faction: 'Neutral',
    Expansion: 'All',
    AccountType: 'Paid',
    MaxHealth: 1000,
    MaxNano: 1000,
    AlienLevel: 0,
    Specialization: 0
  },
  skills: {
    '16': {
      base: 0,
      trickle: 0,
      ipSpent: 0,
      pointsFromIp: 350,
      equipmentBonus: 0,
      perkBonus: 0,
      buffBonus: 0,
      total: 350
    },
    '17': {
      base: 0,
      trickle: 0,
      ipSpent: 0,
      pointsFromIp: 200,
      equipmentBonus: 0,
      perkBonus: 0,
      buffBonus: 0,
      total: 200
    },
    '18': {
      base: 6,
      trickle: 0,
      ipSpent: 0,
      pointsFromIp: 0,
      equipmentBonus: 0,
      perkBonus: 0,
      buffBonus: 0,
      total: 6
    },
    '19': {
      base: 6,
      trickle: 0,
      ipSpent: 0,
      pointsFromIp: 0,
      equipmentBonus: 0,
      perkBonus: 0,
      buffBonus: 0,
      total: 6
    },
    '20': {
      base: 6,
      trickle: 0,
      ipSpent: 0,
      pointsFromIp: 0,
      equipmentBonus: 0,
      perkBonus: 0,
      buffBonus: 0,
      total: 6
    },
    '21': {
      base: 6,
      trickle: 0,
      ipSpent: 0,
      pointsFromIp: 0,
      equipmentBonus: 0,
      perkBonus: 0,
      buffBonus: 0,
      total: 6
    },
    '133': {
      base: 0,
      trickle: 0,
      ipSpent: 0,
      pointsFromIp: 450,
      equipmentBonus: 0,
      perkBonus: 0,
      buffBonus: 0,
      total: 450
    }
  },
  Weapons: {},
  Clothing: {},
  Implants: {},
  PerksAndResearch: {
    perks: [],
    standardPerkPoints: { total: 0, spent: 0, available: 0 },
    aiPerkPoints: { total: 0, spent: 0, available: 0 },
    research: [],
    lastCalculated: '2025-10-12T22:18:07.642Z'
  },
  buffs: []
} showCompatibility=true  ... > 
  at <VTUROOT>

stderr | src/__tests__/components/ItemCard.test.ts > ItemCard > Compatibility Features > with profile > should show requirement status icons
[Vue warn]: Failed to resolve directive: tooltip 
  at <ItemCard item= {
  id: 1,
  aoid: 12345,
  name: 'Superior Plasma Rifle',
  ql: 250,
  description: 'A high-quality energy weapon designed for maximum efficiency',
  item_class: 5,
  is_nano: false,
  stats: [
    { stat: 16, value: 50 },
    { stat: 17, value: 25 },
    { stat: 133, value: 100 }
  ],
  requirements: [
    { stat: 16, value: 300 },
    { stat: 17, value: 250 },
    { stat: 133, value: 400 }
  ],
  spell_data: [ { name: 'Plasma Burst', description: 'Deals energy damage' } ],
  actions: [],
  attack_defense: { attack_min: 100, attack_max: 200, attack_speed: 1.5 },
  animation_mesh: null
} profile= {
  id: 'test-profile-1760307487642-g4tzcr31h',
  version: '4.0.0',
  created: '2025-10-12T22:18:07.642Z',
  updated: '2025-10-12T22:18:07.642Z',
  Character: {
    Name: 'Test Character',
    Level: 200,
    Profession: 1,
    Breed: 1,
    Faction: 'Neutral',
    Expansion: 'All',
    AccountType: 'Paid',
    MaxHealth: 1000,
    MaxNano: 1000,
    AlienLevel: 0,
    Specialization: 0
  },
  skills: {
    '16': {
      base: 0,
      trickle: 0,
      ipSpent: 0,
      pointsFromIp: 350,
      equipmentBonus: 0,
      perkBonus: 0,
      buffBonus: 0,
      total: 350
    },
    '17': {
      base: 0,
      trickle: 0,
      ipSpent: 0,
      pointsFromIp: 200,
      equipmentBonus: 0,
      perkBonus: 0,
      buffBonus: 0,
      total: 200
    },
    '18': {
      base: 6,
      trickle: 0,
      ipSpent: 0,
      pointsFromIp: 0,
      equipmentBonus: 0,
      perkBonus: 0,
      buffBonus: 0,
      total: 6
    },
    '19': {
      base: 6,
      trickle: 0,
      ipSpent: 0,
      pointsFromIp: 0,
      equipmentBonus: 0,
      perkBonus: 0,
      buffBonus: 0,
      total: 6
    },
    '20': {
      base: 6,
      trickle: 0,
      ipSpent: 0,
      pointsFromIp: 0,
      equipmentBonus: 0,
      perkBonus: 0,
      buffBonus: 0,
      total: 6
    },
    '21': {
      base: 6,
      trickle: 0,
      ipSpent: 0,
      pointsFromIp: 0,
      equipmentBonus: 0,
      perkBonus: 0,
      buffBonus: 0,
      total: 6
    },
    '133': {
      base: 0,
      trickle: 0,
      ipSpent: 0,
      pointsFromIp: 450,
      equipmentBonus: 0,
      perkBonus: 0,
      buffBonus: 0,
      total: 450
    }
  },
  Weapons: {},
  Clothing: {},
  Implants: {},
  PerksAndResearch: {
    perks: [],
    standardPerkPoints: { total: 0, spent: 0, available: 0 },
    aiPerkPoints: { total: 0, spent: 0, available: 0 },
    research: [],
    lastCalculated: '2025-10-12T22:18:07.642Z'
  },
  buffs: []
} showCompatibility=true  ... > 
  at <VTUROOT>

stderr | src/__tests__/components/ItemCard.test.ts > ItemCard > Compatibility Features > with profile > should limit displayed requirements to 3
[Vue warn]: Failed to resolve directive: tooltip 
  at <ItemCard item= {
  id: 1,
  aoid: 12345,
  name: 'Superior Plasma Rifle',
  ql: 250,
  description: 'A high-quality energy weapon designed for maximum efficiency',
  item_class: 5,
  is_nano: false,
  stats: [
    { stat: 16, value: 50 },
    { stat: 17, value: 25 },
    { stat: 133, value: 100 }
  ],
  requirements: [
    { stat: 16, value: 300 },
    { stat: 17, value: 250 },
    { stat: 133, value: 400 }
  ],
  spell_data: [ { name: 'Plasma Burst', description: 'Deals energy damage' } ],
  actions: [],
  attack_defense: { attack_min: 100, attack_max: 200, attack_speed: 1.5 },
  animation_mesh: null
} profile= {
  id: 'test-profile-1760307487642-g4tzcr31h',
  version: '4.0.0',
  created: '2025-10-12T22:18:07.642Z',
  updated: '2025-10-12T22:18:07.642Z',
  Character: {
    Name: 'Test Character',
    Level: 200,
    Profession: 1,
    Breed: 1,
    Faction: 'Neutral',
    Expansion: 'All',
    AccountType: 'Paid',
    MaxHealth: 1000,
    MaxNano: 1000,
    AlienLevel: 0,
    Specialization: 0
  },
  skills: {
    '16': {
      base: 0,
      trickle: 0,
      ipSpent: 0,
      pointsFromIp: 350,
      equipmentBonus: 0,
      perkBonus: 0,
      buffBonus: 0,
      total: 350
    },
    '17': {
      base: 0,
      trickle: 0,
      ipSpent: 0,
      pointsFromIp: 200,
      equipmentBonus: 0,
      perkBonus: 0,
      buffBonus: 0,
      total: 200
    },
    '18': {
      base: 6,
      trickle: 0,
      ipSpent: 0,
      pointsFromIp: 0,
      equipmentBonus: 0,
      perkBonus: 0,
      buffBonus: 0,
      total: 6
    },
    '19': {
      base: 6,
      trickle: 0,
      ipSpent: 0,
      pointsFromIp: 0,
      equipmentBonus: 0,
      perkBonus: 0,
      buffBonus: 0,
      total: 6
    },
    '20': {
      base: 6,
      trickle: 0,
      ipSpent: 0,
      pointsFromIp: 0,
      equipmentBonus: 0,
      perkBonus: 0,
      buffBonus: 0,
      total: 6
    },
    '21': {
      base: 6,
      trickle: 0,
      ipSpent: 0,
      pointsFromIp: 0,
      equipmentBonus: 0,
      perkBonus: 0,
      buffBonus: 0,
      total: 6
    },
    '133': {
      base: 0,
      trickle: 0,
      ipSpent: 0,
      pointsFromIp: 450,
      equipmentBonus: 0,
      perkBonus: 0,
      buffBonus: 0,
      total: 450
    }
  },
  Weapons: {},
  Clothing: {},
  Implants: {},
  PerksAndResearch: {
    perks: [],
    standardPerkPoints: { total: 0, spent: 0, available: 0 },
    aiPerkPoints: { total: 0, spent: 0, available: 0 },
    research: [],
    lastCalculated: '2025-10-12T22:18:07.642Z'
  },
  buffs: []
} showCompatibility=true  ... > 
  at <VTUROOT>

stderr | src/__tests__/components/ItemCard.test.ts > ItemCard > Compatibility Features > with profile > should show additional requirements count
[Vue warn]: Failed to resolve directive: tooltip 
  at <ItemCard item= {
  id: 1,
  aoid: 12345,
  name: 'Superior Plasma Rifle',
  ql: 250,
  description: 'A high-quality energy weapon designed for maximum efficiency',
  item_class: 5,
  is_nano: false,
  stats: [
    { stat: 16, value: 50 },
    { stat: 17, value: 25 },
    { stat: 133, value: 100 }
  ],
  requirements: [
    { stat: 16, value: 300 },
    { stat: 17, value: 250 },
    { stat: 133, value: 400 }
  ],
  spell_data: [ { name: 'Plasma Burst', description: 'Deals energy damage' } ],
  actions: [],
  attack_defense: { attack_min: 100, attack_max: 200, attack_speed: 1.5 },
  animation_mesh: null
} profile= {
  id: 'test-profile-1760307487642-g4tzcr31h',
  version: '4.0.0',
  created: '2025-10-12T22:18:07.642Z',
  updated: '2025-10-12T22:18:07.642Z',
  Character: {
    Name: 'Test Character',
    Level: 200,
    Profession: 1,
    Breed: 1,
    Faction: 'Neutral',
    Expansion: 'All',
    AccountType: 'Paid',
    MaxHealth: 1000,
    MaxNano: 1000,
    AlienLevel: 0,
    Specialization: 0
  },
  skills: {
    '16': {
      base: 0,
      trickle: 0,
      ipSpent: 0,
      pointsFromIp: 350,
      equipmentBonus: 0,
      perkBonus: 0,
      buffBonus: 0,
      total: 350
    },
    '17': {
      base: 0,
      trickle: 0,
      ipSpent: 0,
      pointsFromIp: 200,
      equipmentBonus: 0,
      perkBonus: 0,
      buffBonus: 0,
      total: 200
    },
    '18': {
      base: 6,
      trickle: 0,
      ipSpent: 0,
      pointsFromIp: 0,
      equipmentBonus: 0,
      perkBonus: 0,
      buffBonus: 0,
      total: 6
    },
    '19': {
      base: 6,
      trickle: 0,
      ipSpent: 0,
      pointsFromIp: 0,
      equipmentBonus: 0,
      perkBonus: 0,
      buffBonus: 0,
      total: 6
    },
    '20': {
      base: 6,
      trickle: 0,
      ipSpent: 0,
      pointsFromIp: 0,
      equipmentBonus: 0,
      perkBonus: 0,
      buffBonus: 0,
      total: 6
    },
    '21': {
      base: 6,
      trickle: 0,
      ipSpent: 0,
      pointsFromIp: 0,
      equipmentBonus: 0,
      perkBonus: 0,
      buffBonus: 0,
      total: 6
    },
    '133': {
      base: 0,
      trickle: 0,
      ipSpent: 0,
      pointsFromIp: 450,
      equipmentBonus: 0,
      perkBonus: 0,
      buffBonus: 0,
      total: 450
    }
  },
  Weapons: {},
  Clothing: {},
  Implants: {},
  PerksAndResearch: {
    perks: [],
    standardPerkPoints: { total: 0, spent: 0, available: 0 },
    aiPerkPoints: { total: 0, spent: 0, available: 0 },
    research: [],
    lastCalculated: '2025-10-12T22:18:07.642Z'
  },
  buffs: []
} showCompatibility=true  ... > 
  at <VTUROOT>
[Vue warn]: Failed to resolve directive: tooltip 
  at <ItemCard item= {
  id: 1,
  aoid: 12345,
  name: 'Superior Plasma Rifle',
  ql: 250,
  description: 'A high-quality energy weapon designed for maximum efficiency',
  item_class: 5,
  is_nano: false,
  stats: [
    { stat: 16, value: 50 },
    { stat: 17, value: 25 },
    { stat: 133, value: 100 }
  ],
  requirements: [
    { stat: 16, value: 300 },
    { stat: 17, value: 250 },
    { stat: 19, value: 200 },
    { stat: 20, value: 150 },
    { stat: 21, value: 100 }
  ],
  spell_data: [ { name: 'Plasma Burst', description: 'Deals energy damage' } ],
  actions: [],
  attack_defense: { attack_min: 100, attack_max: 200, attack_speed: 1.5 },
  animation_mesh: null
} profile= {
  id: 'test-profile-1760307487642-g4tzcr31h',
  version: '4.0.0',
  created: '2025-10-12T22:18:07.642Z',
  updated: '2025-10-12T22:18:07.642Z',
  Character: {
    Name: 'Test Character',
    Level: 200,
    Profession: 1,
    Breed: 1,
    Faction: 'Neutral',
    Expansion: 'All',
    AccountType: 'Paid',
    MaxHealth: 1000,
    MaxNano: 1000,
    AlienLevel: 0,
    Specialization: 0
  },
  skills: {
    '16': {
      base: 0,
      trickle: 0,
      ipSpent: 0,
      pointsFromIp: 350,
      equipmentBonus: 0,
      perkBonus: 0,
      buffBonus: 0,
      total: 350
    },
    '17': {
      base: 0,
      trickle: 0,
      ipSpent: 0,
      pointsFromIp: 200,
      equipmentBonus: 0,
      perkBonus: 0,
      buffBonus: 0,
      total: 200
    },
    '18': {
      base: 6,
      trickle: 0,
      ipSpent: 0,
      pointsFromIp: 0,
      equipmentBonus: 0,
      perkBonus: 0,
      buffBonus: 0,
      total: 6
    },
    '19': {
      base: 6,
      trickle: 0,
      ipSpent: 0,
      pointsFromIp: 0,
      equipmentBonus: 0,
      perkBonus: 0,
      buffBonus: 0,
      total: 6
    },
    '20': {
      base: 6,
      trickle: 0,
      ipSpent: 0,
      pointsFromIp: 0,
      equipmentBonus: 0,
      perkBonus: 0,
      buffBonus: 0,
      total: 6
    },
    '21': {
      base: 6,
      trickle: 0,
      ipSpent: 0,
      pointsFromIp: 0,
      equipmentBonus: 0,
      perkBonus: 0,
      buffBonus: 0,
      total: 6
    },
    '133': {
      base: 0,
      trickle: 0,
      ipSpent: 0,
      pointsFromIp: 450,
      equipmentBonus: 0,
      perkBonus: 0,
      buffBonus: 0,
      total: 450
    }
  },
  Weapons: {},
  Clothing: {},
  Implants: {},
  PerksAndResearch: {
    perks: [],
    standardPerkPoints: { total: 0, spent: 0, available: 0 },
    aiPerkPoints: { total: 0, spent: 0, available: 0 },
    research: [],
    lastCalculated: '2025-10-12T22:18:07.642Z'
  },
  buffs: []
} showCompatibility=true  ... > 
  at <VTUROOT>

stderr | src/__tests__/components/ItemCard.test.ts > ItemCard > Compatibility Features > compatible item > should show compatible status for items user can use
[Vue warn]: Failed to resolve directive: tooltip 
  at <ItemCard item= {
  id: 1,
  aoid: 12345,
  name: 'Superior Plasma Rifle',
  ql: 250,
  description: 'A high-quality energy weapon designed for maximum efficiency',
  item_class: 5,
  is_nano: false,
  stats: [
    { stat: 16, value: 50 },
    { stat: 17, value: 25 },
    { stat: 133, value: 100 }
  ],
  requirements: [ { stat: 16, value: 200 }, { stat: 133, value: 300 } ],
  spell_data: [ { name: 'Plasma Burst', description: 'Deals energy damage' } ],
  actions: [],
  attack_defense: { attack_min: 100, attack_max: 200, attack_speed: 1.5 },
  animation_mesh: null
} profile= {
  id: 'test-profile-1760307487642-g4tzcr31h',
  version: '4.0.0',
  created: '2025-10-12T22:18:07.642Z',
  updated: '2025-10-12T22:18:07.642Z',
  Character: {
    Name: 'Test Character',
    Level: 200,
    Profession: 1,
    Breed: 1,
    Faction: 'Neutral',
    Expansion: 'All',
    AccountType: 'Paid',
    MaxHealth: 1000,
    MaxNano: 1000,
    AlienLevel: 0,
    Specialization: 0
  },
  skills: {
    '16': {
      base: 0,
      trickle: 0,
      ipSpent: 0,
      pointsFromIp: 350,
      equipmentBonus: 0,
      perkBonus: 0,
      buffBonus: 0,
      total: 350
    },
    '17': {
      base: 0,
      trickle: 0,
      ipSpent: 0,
      pointsFromIp: 200,
      equipmentBonus: 0,
      perkBonus: 0,
      buffBonus: 0,
      total: 200
    },
    '18': {
      base: 6,
      trickle: 0,
      ipSpent: 0,
      pointsFromIp: 0,
      equipmentBonus: 0,
      perkBonus: 0,
      buffBonus: 0,
      total: 6
    },
    '19': {
      base: 6,
      trickle: 0,
      ipSpent: 0,
      pointsFromIp: 0,
      equipmentBonus: 0,
      perkBonus: 0,
      buffBonus: 0,
      total: 6
    },
    '20': {
      base: 6,
      trickle: 0,
      ipSpent: 0,
      pointsFromIp: 0,
      equipmentBonus: 0,
      perkBonus: 0,
      buffBonus: 0,
      total: 6
    },
    '21': {
      base: 6,
      trickle: 0,
      ipSpent: 0,
      pointsFromIp: 0,
      equipmentBonus: 0,
      perkBonus: 0,
      buffBonus: 0,
      total: 6
    },
    '133': {
      base: 0,
      trickle: 0,
      ipSpent: 0,
      pointsFromIp: 450,
      equipmentBonus: 0,
      perkBonus: 0,
      buffBonus: 0,
      total: 450
    }
  },
  Weapons: {},
  Clothing: {},
  Implants: {},
  PerksAndResearch: {
    perks: [],
    standardPerkPoints: { total: 0, spent: 0, available: 0 },
    aiPerkPoints: { total: 0, spent: 0, available: 0 },
    research: [],
    lastCalculated: '2025-10-12T22:18:07.642Z'
  },
  buffs: []
} showCompatibility=true  ... > 
  at <VTUROOT>

stderr | src/__tests__/components/ItemCard.test.ts > ItemCard > Item Properties and Tags > should show weapon property for items with attack data
[Vue warn]: Failed to resolve directive: tooltip 
  at <ItemCard item= {
  id: 1,
  aoid: 12345,
  name: 'Superior Plasma Rifle',
  ql: 250,
  description: 'A high-quality energy weapon designed for maximum efficiency',
  item_class: 5,
  is_nano: false,
  stats: [
    { stat: 16, value: 50 },
    { stat: 17, value: 25 },
    { stat: 133, value: 100 }
  ],
  requirements: [
    { stat: 16, value: 300 },
    { stat: 17, value: 250 },
    { stat: 133, value: 400 }
  ],
  spell_data: [ { name: 'Plasma Burst', description: 'Deals energy damage' } ],
  actions: [],
  attack_defense: { attack_min: 100, attack_max: 200, attack_speed: 1.5 },
  animation_mesh: null
} ref="VTU_COMPONENT" > 
  at <VTUROOT>

stderr | src/__tests__/components/ItemCard.test.ts > ItemCard > Item Properties and Tags > should show special effects property for items with spell data
[Vue warn]: Failed to resolve directive: tooltip 
  at <ItemCard item= {
  id: 1,
  aoid: 12345,
  name: 'Superior Plasma Rifle',
  ql: 250,
  description: 'A high-quality energy weapon designed for maximum efficiency',
  item_class: 5,
  is_nano: false,
  stats: [
    { stat: 16, value: 50 },
    { stat: 17, value: 25 },
    { stat: 133, value: 100 }
  ],
  requirements: [
    { stat: 16, value: 300 },
    { stat: 17, value: 250 },
    { stat: 133, value: 400 }
  ],
  spell_data: [ { name: 'Plasma Burst', description: 'Deals energy damage' } ],
  actions: [],
  attack_defense: { attack_min: 100, attack_max: 200, attack_speed: 1.5 },
  animation_mesh: null
} ref="VTU_COMPONENT" > 
  at <VTUROOT>

stderr | src/__tests__/components/ItemCard.test.ts > ItemCard > Item Properties and Tags > should mark high QL items as rare
[Vue warn]: Failed to resolve directive: tooltip 
  at <ItemCard item= {
  id: 1,
  aoid: 12345,
  name: 'Superior Plasma Rifle',
  ql: 250,
  description: 'A high-quality energy weapon designed for maximum efficiency',
  item_class: 5,
  is_nano: false,
  stats: [
    { stat: 16, value: 50 },
    { stat: 17, value: 25 },
    { stat: 133, value: 100 }
  ],
  requirements: [
    { stat: 16, value: 300 },
    { stat: 17, value: 250 },
    { stat: 133, value: 400 }
  ],
  spell_data: [ { name: 'Plasma Burst', description: 'Deals energy damage' } ],
  actions: [],
  attack_defense: { attack_min: 100, attack_max: 200, attack_speed: 1.5 },
  animation_mesh: null
} ref="VTU_COMPONENT" > 
  at <VTUROOT>

stderr | src/__tests__/components/ItemCard.test.ts > ItemCard > User Interactions > should emit click event when card is clicked
[Vue warn]: Failed to resolve directive: tooltip 
  at <ItemCard item= {
  id: 1,
  aoid: 12345,
  name: 'Superior Plasma Rifle',
  ql: 250,
  description: 'A high-quality energy weapon designed for maximum efficiency',
  item_class: 5,
  is_nano: false,
  stats: [
    { stat: 16, value: 50 },
    { stat: 17, value: 25 },
    { stat: 133, value: 100 }
  ],
  requirements: [
    { stat: 16, value: 300 },
    { stat: 17, value: 250 },
    { stat: 133, value: 400 }
  ],
  spell_data: [ { name: 'Plasma Burst', description: 'Deals energy damage' } ],
  actions: [],
  attack_defense: { attack_min: 100, attack_max: 200, attack_speed: 1.5 },
  animation_mesh: null
} isFavorite=false isComparing=false  ... > 
  at <VTUROOT>

stderr | src/__tests__/components/ItemCard.test.ts > ItemCard > User Interactions > should emit favorite event when favorite button is clicked
[Vue warn]: Failed to resolve directive: tooltip 
  at <ItemCard item= {
  id: 1,
  aoid: 12345,
  name: 'Superior Plasma Rifle',
  ql: 250,
  description: 'A high-quality energy weapon designed for maximum efficiency',
  item_class: 5,
  is_nano: false,
  stats: [
    { stat: 16, value: 50 },
    { stat: 17, value: 25 },
    { stat: 133, value: 100 }
  ],
  requirements: [
    { stat: 16, value: 300 },
    { stat: 17, value: 250 },
    { stat: 133, value: 400 }
  ],
  spell_data: [ { name: 'Plasma Burst', description: 'Deals energy damage' } ],
  actions: [],
  attack_defense: { attack_min: 100, attack_max: 200, attack_speed: 1.5 },
  animation_mesh: null
} isFavorite=false isComparing=false  ... > 
  at <VTUROOT>

stderr | src/__tests__/components/ItemCard.test.ts > ItemCard > User Interactions > should emit compare event when compare button is clicked
[Vue warn]: Failed to resolve directive: tooltip 
  at <ItemCard item= {
  id: 1,
  aoid: 12345,
  name: 'Superior Plasma Rifle',
  ql: 250,
  description: 'A high-quality energy weapon designed for maximum efficiency',
  item_class: 5,
  is_nano: false,
  stats: [
    { stat: 16, value: 50 },
    { stat: 17, value: 25 },
    { stat: 133, value: 100 }
  ],
  requirements: [
    { stat: 16, value: 300 },
    { stat: 17, value: 250 },
    { stat: 133, value: 400 }
  ],
  spell_data: [ { name: 'Plasma Burst', description: 'Deals energy damage' } ],
  actions: [],
  attack_defense: { attack_min: 100, attack_max: 200, attack_speed: 1.5 },
  animation_mesh: null
} isFavorite=false isComparing=false  ... > 
  at <VTUROOT>

stderr | src/__tests__/components/ItemCard.test.ts > ItemCard > User Interactions > should emit quick-view event when quick view button is clicked
[Vue warn]: Failed to resolve directive: tooltip 
  at <ItemCard item= {
  id: 1,
  aoid: 12345,
  name: 'Superior Plasma Rifle',
  ql: 250,
  description: 'A high-quality energy weapon designed for maximum efficiency',
  item_class: 5,
  is_nano: false,
  stats: [
    { stat: 16, value: 50 },
    { stat: 17, value: 25 },
    { stat: 133, value: 100 }
  ],
  requirements: [
    { stat: 16, value: 300 },
    { stat: 17, value: 250 },
    { stat: 133, value: 400 }
  ],
  spell_data: [ { name: 'Plasma Burst', description: 'Deals energy damage' } ],
  actions: [],
  attack_defense: { attack_min: 100, attack_max: 200, attack_speed: 1.5 },
  animation_mesh: null
} isFavorite=false isComparing=false  ... > 
  at <VTUROOT>

stderr | src/__tests__/components/ItemCard.test.ts > ItemCard > User Interactions > should prevent event propagation for button clicks
[Vue warn]: Failed to resolve directive: tooltip 
  at <ItemCard item= {
  id: 1,
  aoid: 12345,
  name: 'Superior Plasma Rifle',
  ql: 250,
  description: 'A high-quality energy weapon designed for maximum efficiency',
  item_class: 5,
  is_nano: false,
  stats: [
    { stat: 16, value: 50 },
    { stat: 17, value: 25 },
    { stat: 133, value: 100 }
  ],
  requirements: [
    { stat: 16, value: 300 },
    { stat: 17, value: 250 },
    { stat: 133, value: 400 }
  ],
  spell_data: [ { name: 'Plasma Burst', description: 'Deals energy damage' } ],
  actions: [],
  attack_defense: { attack_min: 100, attack_max: 200, attack_speed: 1.5 },
  animation_mesh: null
} isFavorite=false isComparing=false  ... > 
  at <VTUROOT>

stderr | src/__tests__/components/ItemCard.test.ts > ItemCard > Visual States > should show different favorite button states
[Vue warn]: Failed to resolve directive: tooltip 
  at <ItemCard item= {
  id: 1,
  aoid: 12345,
  name: 'Superior Plasma Rifle',
  ql: 250,
  description: 'A high-quality energy weapon designed for maximum efficiency',
  item_class: 5,
  is_nano: false,
  stats: [
    { stat: 16, value: 50 },
    { stat: 17, value: 25 },
    { stat: 133, value: 100 }
  ],
  requirements: [
    { stat: 16, value: 300 },
    { stat: 17, value: 250 },
    { stat: 133, value: 400 }
  ],
  spell_data: [ { name: 'Plasma Burst', description: 'Deals energy damage' } ],
  actions: [],
  attack_defense: { attack_min: 100, attack_max: 200, attack_speed: 1.5 },
  animation_mesh: null
} isFavorite=true ref="VTU_COMPONENT" > 
  at <VTUROOT>

stderr | src/__tests__/components/ItemCard.test.ts > ItemCard > Visual States > should show different comparison button states
[Vue warn]: Failed to resolve directive: tooltip 
  at <ItemCard item= {
  id: 1,
  aoid: 12345,
  name: 'Superior Plasma Rifle',
  ql: 250,
  description: 'A high-quality energy weapon designed for maximum efficiency',
  item_class: 5,
  is_nano: false,
  stats: [
    { stat: 16, value: 50 },
    { stat: 17, value: 25 },
    { stat: 133, value: 100 }
  ],
  requirements: [
    { stat: 16, value: 300 },
    { stat: 17, value: 250 },
    { stat: 133, value: 400 }
  ],
  spell_data: [ { name: 'Plasma Burst', description: 'Deals energy damage' } ],
  actions: [],
  attack_defense: { attack_min: 100, attack_max: 200, attack_speed: 1.5 },
  animation_mesh: null
} isComparing=true ref="VTU_COMPONENT" > 
  at <VTUROOT>

stderr | src/__tests__/components/ItemCard.test.ts > ItemCard > Visual States > should apply comparison visual styling
[Vue warn]: Failed to resolve directive: tooltip 
  at <ItemCard item= {
  id: 1,
  aoid: 12345,
  name: 'Superior Plasma Rifle',
  ql: 250,
  description: 'A high-quality energy weapon designed for maximum efficiency',
  item_class: 5,
  is_nano: false,
  stats: [
    { stat: 16, value: 50 },
    { stat: 17, value: 25 },
    { stat: 133, value: 100 }
  ],
  requirements: [
    { stat: 16, value: 300 },
    { stat: 17, value: 250 },
    { stat: 133, value: 400 }
  ],
  spell_data: [ { name: 'Plasma Burst', description: 'Deals energy damage' } ],
  actions: [],
  attack_defense: { attack_min: 100, attack_max: 200, attack_speed: 1.5 },
  animation_mesh: null
} isComparing=true ref="VTU_COMPONENT" > 
  at <VTUROOT>

stderr | src/__tests__/components/ItemCard.test.ts > ItemCard > Visual States > should apply compatibility visual styling
[Vue warn]: Failed to resolve directive: tooltip 
  at <ItemCard item= {
  id: 1,
  aoid: 12345,
  name: 'Superior Plasma Rifle',
  ql: 250,
  description: 'A high-quality energy weapon designed for maximum efficiency',
  item_class: 5,
  is_nano: false,
  stats: [
    { stat: 16, value: 50 },
    { stat: 17, value: 25 },
    { stat: 133, value: 100 }
  ],
  requirements: [ { stat: 16, value: 999999 } ],
  spell_data: [ { name: 'Plasma Burst', description: 'Deals energy damage' } ],
  actions: [],
  attack_defense: { attack_min: 100, attack_max: 200, attack_speed: 1.5 },
  animation_mesh: null
} profile= {
  id: 'test-profile-1760307487642-g4tzcr31h',
  version: '4.0.0',
  created: '2025-10-12T22:18:07.642Z',
  updated: '2025-10-12T22:18:07.642Z',
  Character: {
    Name: 'Test Character',
    Level: 200,
    Profession: 1,
    Breed: 1,
    Faction: 'Neutral',
    Expansion: 'All',
    AccountType: 'Paid',
    MaxHealth: 1000,
    MaxNano: 1000,
    AlienLevel: 0,
    Specialization: 0
  },
  skills: {
    '16': {
      base: 0,
      trickle: 0,
      ipSpent: 0,
      pointsFromIp: 350,
      equipmentBonus: 0,
      perkBonus: 0,
      buffBonus: 0,
      total: 350
    },
    '17': {
      base: 0,
      trickle: 0,
      ipSpent: 0,
      pointsFromIp: 200,
      equipmentBonus: 0,
      perkBonus: 0,
      buffBonus: 0,
      total: 200
    },
    '18': {
      base: 6,
      trickle: 0,
      ipSpent: 0,
      pointsFromIp: 0,
      equipmentBonus: 0,
      perkBonus: 0,
      buffBonus: 0,
      total: 6
    },
    '19': {
      base: 6,
      trickle: 0,
      ipSpent: 0,
      pointsFromIp: 0,
      equipmentBonus: 0,
      perkBonus: 0,
      buffBonus: 0,
      total: 6
    },
    '20': {
      base: 6,
      trickle: 0,
      ipSpent: 0,
      pointsFromIp: 0,
      equipmentBonus: 0,
      perkBonus: 0,
      buffBonus: 0,
      total: 6
    },
    '21': {
      base: 6,
      trickle: 0,
      ipSpent: 0,
      pointsFromIp: 0,
      equipmentBonus: 0,
      perkBonus: 0,
      buffBonus: 0,
      total: 6
    },
    '133': {
      base: 0,
      trickle: 0,
      ipSpent: 0,
      pointsFromIp: 450,
      equipmentBonus: 0,
      perkBonus: 0,
      buffBonus: 0,
      total: 450
    }
  },
  Weapons: {},
  Clothing: {},
  Implants: {},
  PerksAndResearch: {
    perks: [],
    standardPerkPoints: { total: 0, spent: 0, available: 0 },
    aiPerkPoints: { total: 0, spent: 0, available: 0 },
    research: [],
    lastCalculated: '2025-10-12T22:18:07.642Z'
  },
  buffs: []
} showCompatibility=true  ... > 
  at <VTUROOT>

stderr | src/__tests__/components/ItemCard.test.ts > ItemCard > Item Type and Category > should display correct item type label
[Vue warn]: Failed to resolve directive: tooltip 
  at <ItemCard item= {
  id: 1,
  aoid: 12345,
  name: 'Superior Plasma Rifle',
  ql: 250,
  description: 'A high-quality energy weapon designed for maximum efficiency',
  item_class: 5,
  is_nano: false,
  stats: [
    { stat: 16, value: 50 },
    { stat: 17, value: 25 },
    { stat: 133, value: 100 }
  ],
  requirements: [
    { stat: 16, value: 300 },
    { stat: 17, value: 250 },
    { stat: 133, value: 400 }
  ],
  spell_data: [ { name: 'Plasma Burst', description: 'Deals energy damage' } ],
  actions: [],
  attack_defense: { attack_min: 100, attack_max: 200, attack_speed: 1.5 },
  animation_mesh: null
} ref="VTU_COMPONENT" > 
  at <VTUROOT>

stderr | src/__tests__/components/ItemCard.test.ts > ItemCard > Item Type and Category > should handle unknown item classes gracefully
[Vue warn]: Failed to resolve directive: tooltip 
  at <ItemCard item= {
  id: 1,
  aoid: 12345,
  name: 'Superior Plasma Rifle',
  ql: 250,
  description: 'A high-quality energy weapon designed for maximum efficiency',
  item_class: 9999,
  is_nano: false,
  stats: [
    { stat: 16, value: 50 },
    { stat: 17, value: 25 },
    { stat: 133, value: 100 }
  ],
  requirements: [
    { stat: 16, value: 300 },
    { stat: 17, value: 250 },
    { stat: 133, value: 400 }
  ],
  spell_data: [ { name: 'Plasma Burst', description: 'Deals energy damage' } ],
  actions: [],
  attack_defense: { attack_min: 100, attack_max: 200, attack_speed: 1.5 },
  animation_mesh: null
} ref="VTU_COMPONENT" > 
  at <VTUROOT>

stderr | src/__tests__/components/ItemCard.test.ts > ItemCard > Responsive Design > should have responsive card layout
[Vue warn]: Failed to resolve directive: tooltip 
  at <ItemCard item= {
  id: 1,
  aoid: 12345,
  name: 'Superior Plasma Rifle',
  ql: 250,
  description: 'A high-quality energy weapon designed for maximum efficiency',
  item_class: 5,
  is_nano: false,
  stats: [
    { stat: 16, value: 50 },
    { stat: 17, value: 25 },
    { stat: 133, value: 100 }
  ],
  requirements: [
    { stat: 16, value: 300 },
    { stat: 17, value: 250 },
    { stat: 133, value: 400 }
  ],
  spell_data: [ { name: 'Plasma Burst', description: 'Deals energy damage' } ],
  actions: [],
  attack_defense: { attack_min: 100, attack_max: 200, attack_speed: 1.5 },
  animation_mesh: null
} ref="VTU_COMPONENT" > 
  at <VTUROOT>

stderr | src/__tests__/components/ItemCard.test.ts > ItemCard > Responsive Design > should show/hide quick actions on hover
[Vue warn]: Failed to resolve directive: tooltip 
  at <ItemCard item= {
  id: 1,
  aoid: 12345,
  name: 'Superior Plasma Rifle',
  ql: 250,
  description: 'A high-quality energy weapon designed for maximum efficiency',
  item_class: 5,
  is_nano: false,
  stats: [
    { stat: 16, value: 50 },
    { stat: 17, value: 25 },
    { stat: 133, value: 100 }
  ],
  requirements: [
    { stat: 16, value: 300 },
    { stat: 17, value: 250 },
    { stat: 133, value: 400 }
  ],
  spell_data: [ { name: 'Plasma Burst', description: 'Deals energy damage' } ],
  actions: [],
  attack_defense: { attack_min: 100, attack_max: 200, attack_speed: 1.5 },
  animation_mesh: null
} ref="VTU_COMPONENT" > 
  at <VTUROOT>

stderr | src/__tests__/components/ItemCard.test.ts > ItemCard > Accessibility > should have proper button labels via tooltips
[Vue warn]: Failed to resolve directive: tooltip 
  at <ItemCard item= {
  id: 1,
  aoid: 12345,
  name: 'Superior Plasma Rifle',
  ql: 250,
  description: 'A high-quality energy weapon designed for maximum efficiency',
  item_class: 5,
  is_nano: false,
  stats: [
    { stat: 16, value: 50 },
    { stat: 17, value: 25 },
    { stat: 133, value: 100 }
  ],
  requirements: [
    { stat: 16, value: 300 },
    { stat: 17, value: 250 },
    { stat: 133, value: 400 }
  ],
  spell_data: [ { name: 'Plasma Burst', description: 'Deals energy damage' } ],
  actions: [],
  attack_defense: { attack_min: 100, attack_max: 200, attack_speed: 1.5 },
  animation_mesh: null
} ref="VTU_COMPONENT" > 
  at <VTUROOT>

stderr | src/__tests__/components/ItemCard.test.ts > ItemCard > Accessibility > should be keyboard navigable
[Vue warn]: Failed to resolve directive: tooltip 
  at <ItemCard item= {
  id: 1,
  aoid: 12345,
  name: 'Superior Plasma Rifle',
  ql: 250,
  description: 'A high-quality energy weapon designed for maximum efficiency',
  item_class: 5,
  is_nano: false,
  stats: [
    { stat: 16, value: 50 },
    { stat: 17, value: 25 },
    { stat: 133, value: 100 }
  ],
  requirements: [
    { stat: 16, value: 300 },
    { stat: 17, value: 250 },
    { stat: 133, value: 400 }
  ],
  spell_data: [ { name: 'Plasma Burst', description: 'Deals energy damage' } ],
  actions: [],
  attack_defense: { attack_min: 100, attack_max: 200, attack_speed: 1.5 },
  animation_mesh: null
} ref="VTU_COMPONENT" > 
  at <VTUROOT>

stderr | src/__tests__/components/ItemCard.test.ts > ItemCard > Accessibility > should have semantic HTML structure
[Vue warn]: Failed to resolve directive: tooltip 
  at <ItemCard item= {
  id: 1,
  aoid: 12345,
  name: 'Superior Plasma Rifle',
  ql: 250,
  description: 'A high-quality energy weapon designed for maximum efficiency',
  item_class: 5,
  is_nano: false,
  stats: [
    { stat: 16, value: 50 },
    { stat: 17, value: 25 },
    { stat: 133, value: 100 }
  ],
  requirements: [
    { stat: 16, value: 300 },
    { stat: 17, value: 250 },
    { stat: 133, value: 400 }
  ],
  spell_data: [ { name: 'Plasma Burst', description: 'Deals energy damage' } ],
  actions: [],
  attack_defense: { attack_min: 100, attack_max: 200, attack_speed: 1.5 },
  animation_mesh: null
} ref="VTU_COMPONENT" > 
  at <VTUROOT>

stderr | src/__tests__/components/ItemCard.test.ts > ItemCard > Performance > should handle items without optional data gracefully
[Vue warn]: Failed to resolve directive: tooltip 
  at <ItemCard item= {
  id: 999,
  aoid: 999,
  name: 'Minimal Item',
  ql: 1,
  description: '',
  item_class: 1,
  is_nano: false,
  stats: [],
  spell_data: [],
  actions: [],
  attack_defense: null,
  animation_mesh: null
} ref="VTU_COMPONENT" > 
  at <VTUROOT>

stderr | src/__tests__/components/ItemCard.test.ts > ItemCard > Performance > should not display empty sections
[Vue warn]: Failed to resolve directive: tooltip 
  at <ItemCard item= {
  id: 1,
  aoid: 12345,
  name: 'Superior Plasma Rifle',
  ql: 250,
  description: 'A high-quality energy weapon designed for maximum efficiency',
  item_class: 5,
  is_nano: false,
  stats: [],
  requirements: [
    { stat: 16, value: 300 },
    { stat: 17, value: 250 },
    { stat: 133, value: 400 }
  ],
  spell_data: [ { name: 'Plasma Burst', description: 'Deals energy damage' } ],
  actions: [],
  attack_defense: { attack_min: 100, attack_max: 200, attack_speed: 1.5 },
  animation_mesh: null
} ref="VTU_COMPONENT" > 
  at <VTUROOT>

 ❯ src/__tests__/components/ItemCard.test.ts  (35 tests | 12 failed) 301ms
   × ItemCard > Component Mounting > should show nano badge for nano items
     → '.p-badge:contains(,,Nano,' is not a valid selector
   × ItemCard > Compatibility Features > without profile > should show unknown compatibility status
     → expected false to be true // Object.is equality
   × ItemCard > Compatibility Features > without profile > should not display requirements section
     → expected 'QL 250RareSuperior Plasma RifleA high…' not to contain 'Requirements:'
   × ItemCard > Item Properties and Tags > should show weapon property for items with attack data
     → expected 'Special Effects' to contain 'Weapon'
   × ItemCard > Item Properties and Tags > should mark high QL items as rare
     → '.p-badge:contains(,,Rare,' is not a valid selector
   × ItemCard > User Interactions > should emit favorite event when favorite button is clicked
     → Cannot call trigger on an empty DOMWrapper.
   × ItemCard > User Interactions > should emit compare event when compare button is clicked
     → Cannot call trigger on an empty DOMWrapper.
   × ItemCard > User Interactions > should emit quick-view event when quick view button is clicked
     → Cannot call trigger on an empty DOMWrapper.
   × ItemCard > User Interactions > should prevent event propagation for button clicks
     → Cannot call trigger on an empty DOMWrapper.
   × ItemCard > Visual States > should show different favorite button states
     → expected false to be true // Object.is equality
   × ItemCard > Visual States > should show different comparison button states
     → Cannot call attributes on an empty DOMWrapper.
   × ItemCard > Accessibility > should have proper button labels via tooltips
     → expected 0 to be greater than 0
 ❯ src/components/__tests__/CriteriaDisplay.test.ts  (25 tests | 16 failed) 129ms
   × CriteriaDisplay > component rendering > should render compact mode
     → expected +0 to be 2 // Object.is equality
   × CriteriaDisplay > component rendering > should render expanded mode
     → expected 'All Required (0/2 met) Pistol≥357Leve…' to contain '(Pistol ≥ 357 AND Level ≥ 151)'
   × CriteriaDisplay > component rendering > should render full mode with all details
     → expected +0 to be 2 // Object.is equality
   × CriteriaDisplay > character stats integration > should show requirement met indicator
     → expected 'All Required (1/2 met) Pistol≥357Leve…' to contain '✓'
   × CriteriaDisplay > character stats integration > should show requirement not met indicator
     → expected 'All Required (1/2 met) Pistol≥357Leve…' to contain '✗'
   × CriteriaDisplay > character stats integration > should show unknown status when no character stats
     → expected 'All Required (0/2 met) Pistol≥357Leve…' to contain '?'
   × CriteriaDisplay > character stats integration > should calculate overall requirement status
     → expected 'All Required (1/2 met) Pistol≥357Leve…' to contain '✗'
   × CriteriaDisplay > empty states > should handle empty criteria array
     → expected '' to contain 'No requirements'
   × CriteriaDisplay > empty states > should handle criteria with only logical operators
     → expected '' to contain 'No requirements'
   × CriteriaDisplay > mode-specific behavior > should show individual chips in compact mode
     → expected [] to have a length of 2 but got +0
   × CriteriaDisplay > mode-specific behavior > should show formatted expression in expanded mode
     → expected 'All Required (0/2 met) Pistol≥357Leve…' to contain '(Pistol ≥ 357 AND Level ≥ 151)'
   × CriteriaDisplay > complex criteria > should handle multiple requirements for same stat
     → expected 0 to be greater than 2
   × CriteriaDisplay > complex criteria > should handle nested logical expressions
     → expected 'All Required (0/3 met) Pistol≥301Pist…' to contain '((Pistol ≥ 301 AND Pistol ≤ 499) AND …'
   × CriteriaDisplay > requirement status calculation > should handle mixed requirement results
     → expected 'All Required (1/2 met) Pistol≥357Leve…' to contain '✗'
   × CriteriaDisplay > requirement status calculation > should handle null requirement results
     → expected 'All Required (1/2 met) Pistol≥357Leve…' to contain '?'
   × CriteriaDisplay > requirement status calculation > should handle requirements when all are met
     → expected 'All Required (2/2 met) Pistol≥357Leve…' to contain '✓'
stderr | src/__tests__/views/TinkerProfileDetail.equipment.test.ts > TinkerProfileDetail Equipment Section > Equipment Section Rendering > should render all three equipment grids
[Vue warn]: Failed to resolve component: router-link
If this is a native custom element, make sure to exclude it from component resolution via compilerOptions.isCustomElement. 
  at <TinkerProfileDetail profileId="test-profile-id" ref="VTU_COMPONENT" > 
  at <VTUROOT>
[Vue warn]: Failed to resolve component: router-link
If this is a native custom element, make sure to exclude it from component resolution via compilerOptions.isCustomElement. 
  at <TinkerProfileDetail profileId="test-profile-id" ref="VTU_COMPONENT" > 
  at <VTUROOT>
[Vue warn]: Failed to resolve directive: tooltip 
  at <BuffTable buffs= [] currentNCU=0 maxNCU=0  ... > 
  at <TabPanel> 
  at <TabView activeIndex=0 onUpdate:activeIndex=fn class="h-full profile-tabs" > 
  at <TinkerProfileDetail profileId="test-profile-id" ref="VTU_COMPONENT" > 
  at <VTUROOT>
[Vue warn]: Failed to resolve directive: tooltip 
  at <PerkTable perks= [] perk-type="SL" editable=false  ... > 
  at <TabPanel> 
  at <TabView class="h-full perk-tabs-container" > 
  at <PerkTabs profile= {
  id: 'test-profile-id',
  version: '2.0.0',
  created: '2025-10-12T22:18:07.942Z',
  updated: '2025-10-12T22:18:07.942Z',
  Character: {
    Name: 'Test Character',
    Level: 60,
    Profession: 6,
    Breed: 1,
    Faction: 'Neutral',
    Expansion: 'Lost Eden',
    AccountType: 'Paid',
    MaxHealth: 1500,
    MaxNano: 800
  },
  Skills: {
    Attributes: {
      Intelligence: [Object],
      Psychic: [Object],
      Sense: [Object],
      Stamina: [Object],
      Strength: [Object],
      Agility: [Object]
    },
    'Body & Defense': {},
    ACs: {},
    'Ranged Weapons': {},
    'Ranged Specials': {},
    'Melee Weapons': {},
    'Melee Specials': {},
    'Nanos & Casting': {},
    Exploring: {},
    'Trade & Repair': {},
    'Combat & Healing': {},
    Misc: {}
  },
  Clothing: {
    Chest: {
      id: 1,
      aoid: 246660,
      name: "Combined Commando's Jacket",
      ql: 300,
      description: 'A tactical jacket',
      item_class: 2,
      is_nano: false,
      stats: [Array],
      spell_data: [],
      actions: [],
      attack_stats: [],
      defense_stats: []
    },
    Head: {
      id: 1,
      aoid: 246660,
      name: 'Head Gear',
      ql: 300,
      description: 'A tactical jacket',
      item_class: 2,
      is_nano: false,
      stats: [Array],
      spell_data: [],
      actions: [],
      attack_stats: [],
      defense_stats: []
    }
  },
  Weapons: {},
  Implants: {},
  PerksAndResearch: []
} > 
  at <TabPanel> 
  at <TabView activeIndex=0 onUpdate:activeIndex=fn class="h-full profile-tabs" > 
  at <TinkerProfileDetail profileId="test-profile-id" ref="VTU_COMPONENT" > 
  at <VTUROOT>
[Vue warn]: Failed to resolve directive: tooltip 
  at <PerkTable perks= [] perk-type="AI" editable=false  ... > 
  at <TabPanel> 
  at <TabView class="h-full perk-tabs-container" > 
  at <PerkTabs profile= {
  id: 'test-profile-id',
  version: '2.0.0',
  created: '2025-10-12T22:18:07.942Z',
  updated: '2025-10-12T22:18:07.942Z',
  Character: {
    Name: 'Test Character',
    Level: 60,
    Profession: 6,
    Breed: 1,
    Faction: 'Neutral',
    Expansion: 'Lost Eden',
    AccountType: 'Paid',
    MaxHealth: 1500,
    MaxNano: 800
  },
  Skills: {
    Attributes: {
      Intelligence: [Object],
      Psychic: [Object],
      Sense: [Object],
      Stamina: [Object],
      Strength: [Object],
      Agility: [Object]
    },
    'Body & Defense': {},
    ACs: {},
    'Ranged Weapons': {},
    'Ranged Specials': {},
    'Melee Weapons': {},
    'Melee Specials': {},
    'Nanos & Casting': {},
    Exploring: {},
    'Trade & Repair': {},
    'Combat & Healing': {},
    Misc: {}
  },
  Clothing: {
    Chest: {
      id: 1,
      aoid: 246660,
      name: "Combined Commando's Jacket",
      ql: 300,
      description: 'A tactical jacket',
      item_class: 2,
      is_nano: false,
      stats: [Array],
      spell_data: [],
      actions: [],
      attack_stats: [],
      defense_stats: []
    },
    Head: {
      id: 1,
      aoid: 246660,
      name: 'Head Gear',
      ql: 300,
      description: 'A tactical jacket',
      item_class: 2,
      is_nano: false,
      stats: [Array],
      spell_data: [],
      actions: [],
      attack_stats: [],
      defense_stats: []
    }
  },
  Weapons: {},
  Implants: {},
  PerksAndResearch: []
} > 
  at <TabPanel> 
  at <TabView activeIndex=0 onUpdate:activeIndex=fn class="h-full profile-tabs" > 
  at <TinkerProfileDetail profileId="test-profile-id" ref="VTU_COMPONENT" > 
  at <VTUROOT>
[Vue warn]: Failed to resolve directive: tooltip 
  at <PerkTable perks= [] perk-type="LE" editable=false  ... > 
  at <TabPanel> 
  at <TabView class="h-full perk-tabs-container" > 
  at <PerkTabs profile= {
  id: 'test-profile-id',
  version: '2.0.0',
  created: '2025-10-12T22:18:07.942Z',
  updated: '2025-10-12T22:18:07.942Z',
  Character: {
    Name: 'Test Character',
    Level: 60,
    Profession: 6,
    Breed: 1,
    Faction: 'Neutral',
    Expansion: 'Lost Eden',
    AccountType: 'Paid',
    MaxHealth: 1500,
    MaxNano: 800
  },
  Skills: {
    Attributes: {
      Intelligence: [Object],
      Psychic: [Object],
      Sense: [Object],
      Stamina: [Object],
      Strength: [Object],
      Agility: [Object]
    },
    'Body & Defense': {},
    ACs: {},
    'Ranged Weapons': {},
    'Ranged Specials': {},
    'Melee Weapons': {},
    'Melee Specials': {},
    'Nanos & Casting': {},
    Exploring: {},
    'Trade & Repair': {},
    'Combat & Healing': {},
    Misc: {}
  },
  Clothing: {
    Chest: {
      id: 1,
      aoid: 246660,
      name: "Combined Commando's Jacket",
      ql: 300,
      description: 'A tactical jacket',
      item_class: 2,
      is_nano: false,
      stats: [Array],
      spell_data: [],
      actions: [],
      attack_stats: [],
      defense_stats: []
    },
    Head: {
      id: 1,
      aoid: 246660,
      name: 'Head Gear',
      ql: 300,
      description: 'A tactical jacket',
      item_class: 2,
      is_nano: false,
      stats: [Array],
      spell_data: [],
      actions: [],
      attack_stats: [],
      defense_stats: []
    }
  },
  Weapons: {},
  Implants: {},
  PerksAndResearch: []
} > 
  at <TabPanel> 
  at <TabView activeIndex=0 onUpdate:activeIndex=fn class="h-full profile-tabs" > 
  at <TinkerProfileDetail profileId="test-profile-id" ref="VTU_COMPONENT" > 
  at <VTUROOT>
[Vue warn]: Failed to resolve directive: tooltip 
  at <BuffTable buffs= [] currentNCU=0 maxNCU=0  ... > 
  at <TabPanel> 
  at <TabView activeIndex=0 onUpdate:activeIndex=fn class="h-full profile-tabs" > 
  at <TinkerProfileDetail profileId="test-profile-id" ref="VTU_COMPONENT" > 
  at <VTUROOT>

stderr | src/__tests__/components/profiles/SkillSlider.test.ts > SkillSlider Component > Display Behavior > should display current value and total cap correctly
[Vue warn]: Missing required prop: "skillId" 
  at <SkillSlider skillName="Body Dev." skillData= { value: 6, pointFromIp: 0, trickleDown: 1, ipSpent: 0, cap: 13 } isAbility=false  ... > 
  at <VTUROOT>
[Vue warn]: injection "profile" not found. 
  at <SkillSlider skillName="Body Dev." skillData= { value: 6, pointFromIp: 0, trickleDown: 1, ipSpent: 0, cap: 13 } isAbility=false  ... > 
  at <VTUROOT>
[Vue warn]: Failed to resolve directive: tooltip 
  at <SkillSlider skillName="Body Dev." skillData= { value: 6, pointFromIp: 0, trickleDown: 1, ipSpent: 0, cap: 13 } isAbility=false  ... > 
  at <VTUROOT>

stderr | src/__tests__/components/profiles/SkillSlider.test.ts > SkillSlider Component > Display Behavior > should show input field with total skill value
[Vue warn]: Missing required prop: "skillId" 
  at <SkillSlider skillName="Body Dev." skillData= { value: 6, pointFromIp: 0, trickleDown: 1, ipSpent: 0, cap: 13 } isAbility=false  ... > 
  at <VTUROOT>
[Vue warn]: injection "profile" not found. 
  at <SkillSlider skillName="Body Dev." skillData= { value: 6, pointFromIp: 0, trickleDown: 1, ipSpent: 0, cap: 13 } isAbility=false  ... > 
  at <VTUROOT>
[Vue warn]: Failed to resolve directive: tooltip 
  at <SkillSlider skillName="Body Dev." skillData= { value: 6, pointFromIp: 0, trickleDown: 1, ipSpent: 0, cap: 13 } isAbility=false  ... > 
  at <VTUROOT>

stderr | src/__tests__/components/profiles/SkillSlider.test.ts > SkillSlider Component > Display Behavior > should display trickle-down bonus when present
[Vue warn]: Missing required prop: "skillId" 
  at <SkillSlider skillName="Body Dev." skillData= { value: 6, pointFromIp: 0, trickleDown: 1, ipSpent: 0, cap: 13 } isAbility=false  ... > 
  at <VTUROOT>
[Vue warn]: injection "profile" not found. 
  at <SkillSlider skillName="Body Dev." skillData= { value: 6, pointFromIp: 0, trickleDown: 1, ipSpent: 0, cap: 13 } isAbility=false  ... > 
  at <VTUROOT>
[Vue warn]: Failed to resolve directive: tooltip 
  at <SkillSlider skillName="Body Dev." skillData= { value: 6, pointFromIp: 0, trickleDown: 1, ipSpent: 0, cap: 13 } isAbility=false  ... > 
  at <VTUROOT>

stderr | src/__tests__/components/profiles/SkillSlider.test.ts > SkillSlider Component > Display Behavior > should show IP cost for non-ability skills
[Vue warn]: Missing required prop: "skillId" 
  at <SkillSlider skillName="Body Dev." skillData= { value: 6, pointFromIp: 5, trickleDown: 1, ipSpent: 120, cap: 13 } isAbility=false  ... > 
  at <VTUROOT>
[Vue warn]: injection "profile" not found. 
  at <SkillSlider skillName="Body Dev." skillData= { value: 6, pointFromIp: 5, trickleDown: 1, ipSpent: 120, cap: 13 } isAbility=false  ... > 
  at <VTUROOT>
[Vue warn]: Failed to resolve directive: tooltip 
  at <SkillSlider skillName="Body Dev." skillData= { value: 6, pointFromIp: 5, trickleDown: 1, ipSpent: 120, cap: 13 } isAbility=false  ... > 
  at <VTUROOT>

stderr | src/__tests__/components/profiles/SkillSlider.test.ts > SkillSlider Component > Display Behavior > should display value breakdown in tooltip
[Vue warn]: Missing required prop: "skillId" 
  at <SkillSlider skillName="Body Dev." skillData= { value: 6, pointFromIp: 0, trickleDown: 1, ipSpent: 0, cap: 13 } isAbility=false  ... > 
  at <VTUROOT>
[Vue warn]: injection "profile" not found. 
  at <SkillSlider skillName="Body Dev." skillData= { value: 6, pointFromIp: 0, trickleDown: 1, ipSpent: 0, cap: 13 } isAbility=false  ... > 
  at <VTUROOT>
[Vue warn]: Failed to resolve directive: tooltip 
  at <SkillSlider skillName="Body Dev." skillData= { value: 6, pointFromIp: 0, trickleDown: 1, ipSpent: 0, cap: 13 } isAbility=false  ... > 
  at <VTUROOT>

stderr | src/__tests__/components/profiles/SkillSlider.test.ts > SkillSlider Component > Slider Interaction > should update input field when slider changes
[Vue warn]: Missing required prop: "skillId" 
  at <SkillSlider skillName="Body Dev." skillData= { value: 6, pointFromIp: 0, trickleDown: 1, ipSpent: 0, cap: 13 } isAbility=false  ... > 
  at <VTUROOT>
[Vue warn]: injection "profile" not found. 
  at <SkillSlider skillName="Body Dev." skillData= { value: 6, pointFromIp: 0, trickleDown: 1, ipSpent: 0, cap: 13 } isAbility=false  ... > 
  at <VTUROOT>
[Vue warn]: Failed to resolve directive: tooltip 
  at <SkillSlider skillName="Body Dev." skillData= { value: 6, pointFromIp: 0, trickleDown: 1, ipSpent: 0, cap: 13 } isAbility=false  ... > 
  at <VTUROOT>
[Vue warn]: Failed to resolve directive: tooltip 
  at <SkillSlider skillName="Body Dev." skillData= { value: 6, pointFromIp: 0, trickleDown: 1, ipSpent: 0, cap: 13 } isAbility=false  ... > 
  at <VTUROOT>

stderr | src/__tests__/components/profiles/SkillSlider.test.ts > SkillSlider Component > Slider Interaction > should emit skill-changed event with total value
[Vue warn]: Missing required prop: "skillId" 
  at <SkillSlider skillName="Body Dev." skillData= { value: 6, pointFromIp: 0, trickleDown: 1, ipSpent: 0, cap: 13 } isAbility=false  ... > 
  at <VTUROOT>
[Vue warn]: injection "profile" not found. 
  at <SkillSlider skillName="Body Dev." skillData= { value: 6, pointFromIp: 0, trickleDown: 1, ipSpent: 0, cap: 13 } isAbility=false  ... > 
  at <VTUROOT>
[Vue warn]: Failed to resolve directive: tooltip 
  at <SkillSlider skillName="Body Dev." skillData= { value: 6, pointFromIp: 0, trickleDown: 1, ipSpent: 0, cap: 13 } isAbility=false  ... > 
  at <VTUROOT>
[Vue warn]: Failed to resolve directive: tooltip 
  at <SkillSlider skillName="Body Dev." skillData= { value: 6, pointFromIp: 0, trickleDown: 1, ipSpent: 0, cap: 13 } isAbility=false  ... > 
  at <VTUROOT>

stderr | src/__tests__/components/profiles/SkillSlider.test.ts > SkillSlider Component > Slider Interaction > should respect slider minimum and maximum values
[Vue warn]: Missing required prop: "skillId" 
  at <SkillSlider skillName="Body Dev." skillData= { value: 6, pointFromIp: 0, trickleDown: 1, ipSpent: 0, cap: 13 } isAbility=false  ... > 
  at <VTUROOT>
[Vue warn]: injection "profile" not found. 
  at <SkillSlider skillName="Body Dev." skillData= { value: 6, pointFromIp: 0, trickleDown: 1, ipSpent: 0, cap: 13 } isAbility=false  ... > 
  at <VTUROOT>
[Vue warn]: Failed to resolve directive: tooltip 
  at <SkillSlider skillName="Body Dev." skillData= { value: 6, pointFromIp: 0, trickleDown: 1, ipSpent: 0, cap: 13 } isAbility=false  ... > 
  at <VTUROOT>

stderr | src/__tests__/components/profiles/SkillSlider.test.ts > SkillSlider Component > Input Field Interaction > should update slider when input field changes
[Vue warn]: Missing required prop: "skillId" 
  at <SkillSlider skillName="Body Dev." skillData= { value: 6, pointFromIp: 0, trickleDown: 1, ipSpent: 0, cap: 13 } isAbility=false  ... > 
  at <VTUROOT>
[Vue warn]: injection "profile" not found. 
  at <SkillSlider skillName="Body Dev." skillData= { value: 6, pointFromIp: 0, trickleDown: 1, ipSpent: 0, cap: 13 } isAbility=false  ... > 
  at <VTUROOT>
[Vue warn]: Failed to resolve directive: tooltip 
  at <SkillSlider skillName="Body Dev." skillData= { value: 6, pointFromIp: 0, trickleDown: 1, ipSpent: 0, cap: 13 } isAbility=false  ... > 
  at <VTUROOT>
[Vue warn]: Failed to resolve directive: tooltip 
  at <SkillSlider skillName="Body Dev." skillData= { value: 6, pointFromIp: 0, trickleDown: 1, ipSpent: 0, cap: 13 } isAbility=false  ... > 
  at <VTUROOT>

stderr | src/__tests__/components/profiles/SkillSlider.test.ts > SkillSlider Component > Input Field Interaction > should emit skill-changed event when input changes
[Vue warn]: Missing required prop: "skillId" 
  at <SkillSlider skillName="Body Dev." skillData= { value: 6, pointFromIp: 0, trickleDown: 1, ipSpent: 0, cap: 13 } isAbility=false  ... > 
  at <VTUROOT>
[Vue warn]: injection "profile" not found. 
  at <SkillSlider skillName="Body Dev." skillData= { value: 6, pointFromIp: 0, trickleDown: 1, ipSpent: 0, cap: 13 } isAbility=false  ... > 
  at <VTUROOT>
[Vue warn]: Failed to resolve directive: tooltip 
  at <SkillSlider skillName="Body Dev." skillData= { value: 6, pointFromIp: 0, trickleDown: 1, ipSpent: 0, cap: 13 } isAbility=false  ... > 
  at <VTUROOT>
[Vue warn]: Failed to resolve directive: tooltip 
  at <SkillSlider skillName="Body Dev." skillData= { value: 6, pointFromIp: 0, trickleDown: 1, ipSpent: 0, cap: 13 } isAbility=false  ... > 
  at <VTUROOT>

stderr | src/__tests__/components/profiles/SkillSlider.test.ts > SkillSlider Component > Input Field Interaction > should respect input field minimum and maximum values
[Vue warn]: Missing required prop: "skillId" 
  at <SkillSlider skillName="Body Dev." skillData= { value: 6, pointFromIp: 0, trickleDown: 1, ipSpent: 0, cap: 13 } isAbility=false  ... > 
  at <VTUROOT>
[Vue warn]: injection "profile" not found. 
  at <SkillSlider skillName="Body Dev." skillData= { value: 6, pointFromIp: 0, trickleDown: 1, ipSpent: 0, cap: 13 } isAbility=false  ... > 
  at <VTUROOT>
[Vue warn]: Failed to resolve directive: tooltip 
  at <SkillSlider skillName="Body Dev." skillData= { value: 6, pointFromIp: 0, trickleDown: 1, ipSpent: 0, cap: 13 } isAbility=false  ... > 
  at <VTUROOT>

stderr | src/__tests__/components/profiles/SkillSlider.test.ts > SkillSlider Component > Input Field Interaction > should clamp values to valid range
[Vue warn]: Missing required prop: "skillId" 
  at <SkillSlider skillName="Body Dev." skillData= { value: 6, pointFromIp: 0, trickleDown: 1, ipSpent: 0, cap: 13 } isAbility=false  ... > 
  at <VTUROOT>
[Vue warn]: injection "profile" not found. 
  at <SkillSlider skillName="Body Dev." skillData= { value: 6, pointFromIp: 0, trickleDown: 1, ipSpent: 0, cap: 13 } isAbility=false  ... > 
  at <VTUROOT>
[Vue warn]: Failed to resolve directive: tooltip 
  at <SkillSlider skillName="Body Dev." skillData= { value: 6, pointFromIp: 0, trickleDown: 1, ipSpent: 0, cap: 13 } isAbility=false  ... > 
  at <VTUROOT>
[Vue warn]: Failed to resolve directive: tooltip 
  at <SkillSlider skillName="Body Dev." skillData= { value: 6, pointFromIp: 0, trickleDown: 1, ipSpent: 0, cap: 13 } isAbility=false  ... > 
  at <VTUROOT>

stderr | src/__tests__/components/profiles/SkillSlider.test.ts > SkillSlider Component > Max Button Behavior > should set skill to maximum cap when clicked
[Vue warn]: Missing required prop: "skillId" 
  at <SkillSlider skillName="Body Dev." skillData= { value: 6, pointFromIp: 0, trickleDown: 1, ipSpent: 0, cap: 13 } isAbility=false  ... > 
  at <VTUROOT>
[Vue warn]: injection "profile" not found. 
  at <SkillSlider skillName="Body Dev." skillData= { value: 6, pointFromIp: 0, trickleDown: 1, ipSpent: 0, cap: 13 } isAbility=false  ... > 
  at <VTUROOT>
[Vue warn]: Failed to resolve directive: tooltip 
  at <SkillSlider skillName="Body Dev." skillData= { value: 6, pointFromIp: 0, trickleDown: 1, ipSpent: 0, cap: 13 } isAbility=false  ... > 
  at <VTUROOT>

stderr | src/__tests__/components/profiles/SkillSlider.test.ts > SkillSlider Component > Max Button Behavior > should be disabled when already at maximum
[Vue warn]: Missing required prop: "skillId" 
  at <SkillSlider skillName="Body Dev." skillData= { value: 13, pointFromIp: 7, trickleDown: 1, ipSpent: 0, cap: 13 } isAbility=false  ... > 
  at <VTUROOT>
[Vue warn]: injection "profile" not found. 
  at <SkillSlider skillName="Body Dev." skillData= { value: 13, pointFromIp: 7, trickleDown: 1, ipSpent: 0, cap: 13 } isAbility=false  ... > 
  at <VTUROOT>
[Vue warn]: Failed to resolve directive: tooltip 
  at <SkillSlider skillName="Body Dev." skillData= { value: 13, pointFromIp: 7, trickleDown: 1, ipSpent: 0, cap: 13 } isAbility=false  ... > 
  at <VTUROOT>

stderr | src/__tests__/components/profiles/SkillSlider.test.ts > SkillSlider Component > Max Button Behavior > should emit event when max button is used
[Vue warn]: Missing required prop: "skillId" 
  at <SkillSlider skillName="Body Dev." skillData= { value: 6, pointFromIp: 0, trickleDown: 1, ipSpent: 0, cap: 13 } isAbility=false  ... > 
  at <VTUROOT>
[Vue warn]: injection "profile" not found. 
  at <SkillSlider skillName="Body Dev." skillData= { value: 6, pointFromIp: 0, trickleDown: 1, ipSpent: 0, cap: 13 } isAbility=false  ... > 
  at <VTUROOT>
[Vue warn]: Failed to resolve directive: tooltip 
  at <SkillSlider skillName="Body Dev." skillData= { value: 6, pointFromIp: 0, trickleDown: 1, ipSpent: 0, cap: 13 } isAbility=false  ... > 
  at <VTUROOT>

stderr | src/__tests__/components/profiles/SkillSlider.test.ts > SkillSlider Component > Ability Skills > should handle ability skills differently
[Vue warn]: Missing required prop: "skillId" 
  at <SkillSlider skillName="Strength" skillData= { value: 10, pointFromIp: 4, cap: 50 } isAbility=true  ... > 
  at <VTUROOT>
[Vue warn]: injection "profile" not found. 
  at <SkillSlider skillName="Strength" skillData= { value: 10, pointFromIp: 4, cap: 50 } isAbility=true  ... > 
  at <VTUROOT>
[Vue warn]: Failed to resolve directive: tooltip 
  at <SkillSlider skillName="Strength" skillData= { value: 10, pointFromIp: 4, cap: 50 } isAbility=true  ... > 
  at <VTUROOT>
[Vue warn]: Invalid vnode type when creating vnode: undefined. 
  at <SkillSlider skillName="Strength" skillData= { value: 10, pointFromIp: 4, cap: 50 } isAbility=true  ... > 
  at <VTUROOT>

stderr | src/__tests__/components/profiles/SkillSlider.test.ts > SkillSlider Component > Ability Skills > should emit ability-changed for ability skills
[Vue warn]: Missing required prop: "skillId" 
  at <SkillSlider skillName="Strength" skillData= { value: 10, pointFromIp: 4, cap: 50 } isAbility=true  ... > 
  at <VTUROOT>
[Vue warn]: injection "profile" not found. 
  at <SkillSlider skillName="Strength" skillData= { value: 10, pointFromIp: 4, cap: 50 } isAbility=true  ... > 
  at <VTUROOT>
[Vue warn]: Failed to resolve directive: tooltip 
  at <SkillSlider skillName="Strength" skillData= { value: 10, pointFromIp: 4, cap: 50 } isAbility=true  ... > 
  at <VTUROOT>
[Vue warn]: Invalid vnode type when creating vnode: undefined. 
  at <SkillSlider skillName="Strength" skillData= { value: 10, pointFromIp: 4, cap: 50 } isAbility=true  ... > 
  at <VTUROOT>

stderr | src/__tests__/components/profiles/SkillSlider.test.ts > SkillSlider Component > Read-Only Skills > should not show interactive controls for read-only skills
[Vue warn]: Missing required prop: "skillId" 
  at <SkillSlider skillName="Body Dev." skillData= { value: 6, pointFromIp: 0, trickleDown: 1, ipSpent: 0, cap: 13 } isAbility=false  ... > 
  at <VTUROOT>
[Vue warn]: injection "profile" not found. 
  at <SkillSlider skillName="Body Dev." skillData= { value: 6, pointFromIp: 0, trickleDown: 1, ipSpent: 0, cap: 13 } isAbility=false  ... > 
  at <VTUROOT>
[Vue warn]: Failed to resolve directive: tooltip 
  at <SkillSlider skillName="Body Dev." skillData= { value: 6, pointFromIp: 0, trickleDown: 1, ipSpent: 0, cap: 13 } isAbility=false  ... > 
  at <VTUROOT>

stderr | src/__tests__/components/profiles/SkillSlider.test.ts > SkillSlider Component > Read-Only Skills > should show read-only display
[Vue warn]: Missing required prop: "skillId" 
  at <SkillSlider skillName="Body Dev." skillData= { value: 6, pointFromIp: 0, trickleDown: 1, ipSpent: 0, cap: 13 } isAbility=false  ... > 
  at <VTUROOT>
[Vue warn]: injection "profile" not found. 
  at <SkillSlider skillName="Body Dev." skillData= { value: 6, pointFromIp: 0, trickleDown: 1, ipSpent: 0, cap: 13 } isAbility=false  ... > 
  at <VTUROOT>
[Vue warn]: Failed to resolve directive: tooltip 
  at <SkillSlider skillName="Body Dev." skillData= { value: 6, pointFromIp: 0, trickleDown: 1, ipSpent: 0, cap: 13 } isAbility=false  ... > 
  at <VTUROOT>

stderr | src/__tests__/components/profiles/SkillSlider.test.ts > SkillSlider Component > Progress Bar > should show correct progress percentage
[Vue warn]: Missing required prop: "skillId" 
  at <SkillSlider skillName="Body Dev." skillData= { value: 6, pointFromIp: 0, trickleDown: 1, ipSpent: 0, cap: 13 } isAbility=false  ... > 
  at <VTUROOT>
[Vue warn]: injection "profile" not found. 
  at <SkillSlider skillName="Body Dev." skillData= { value: 6, pointFromIp: 0, trickleDown: 1, ipSpent: 0, cap: 13 } isAbility=false  ... > 
  at <VTUROOT>
[Vue warn]: Failed to resolve directive: tooltip 
  at <SkillSlider skillName="Body Dev." skillData= { value: 6, pointFromIp: 0, trickleDown: 1, ipSpent: 0, cap: 13 } isAbility=false  ... > 
  at <VTUROOT>

stderr | src/__tests__/components/profiles/SkillSlider.test.ts > SkillSlider Component > Progress Bar > should use appropriate color based on percentage
[Vue warn]: Missing required prop: "skillId" 
  at <SkillSlider skillName="Body Dev." skillData= { value: 12, pointFromIp: 0, trickleDown: 1, ipSpent: 0, cap: 13 } isAbility=false  ... > 
  at <VTUROOT>
[Vue warn]: injection "profile" not found. 
  at <SkillSlider skillName="Body Dev." skillData= { value: 12, pointFromIp: 0, trickleDown: 1, ipSpent: 0, cap: 13 } isAbility=false  ... > 
  at <VTUROOT>
[Vue warn]: Failed to resolve directive: tooltip 
  at <SkillSlider skillName="Body Dev." skillData= { value: 12, pointFromIp: 0, trickleDown: 1, ipSpent: 0, cap: 13 } isAbility=false  ... > 
  at <VTUROOT>

stderr | src/__tests__/components/profiles/SkillSlider.test.ts > SkillSlider Component > Cap Information > should show remaining points to cap
[Vue warn]: Missing required prop: "skillId" 
  at <SkillSlider skillName="Body Dev." skillData= { value: 6, pointFromIp: 0, trickleDown: 1, ipSpent: 0, cap: 13 } isAbility=false  ... > 
  at <VTUROOT>
[Vue warn]: injection "profile" not found. 
  at <SkillSlider skillName="Body Dev." skillData= { value: 6, pointFromIp: 0, trickleDown: 1, ipSpent: 0, cap: 13 } isAbility=false  ... > 
  at <VTUROOT>
[Vue warn]: Failed to resolve directive: tooltip 
  at <SkillSlider skillName="Body Dev." skillData= { value: 6, pointFromIp: 0, trickleDown: 1, ipSpent: 0, cap: 13 } isAbility=false  ... > 
  at <VTUROOT>

stderr | src/__tests__/components/profiles/SkillSlider.test.ts > SkillSlider Component > Cap Information > should show "At skill cap" when maxed
[Vue warn]: Missing required prop: "skillId" 
  at <SkillSlider skillName="Body Dev." skillData= { value: 13, pointFromIp: 7, trickleDown: 1, ipSpent: 0, cap: 13 } isAbility=false  ... > 
  at <VTUROOT>
[Vue warn]: injection "profile" not found. 
  at <SkillSlider skillName="Body Dev." skillData= { value: 13, pointFromIp: 7, trickleDown: 1, ipSpent: 0, cap: 13 } isAbility=false  ... > 
  at <VTUROOT>
[Vue warn]: Failed to resolve directive: tooltip 
  at <SkillSlider skillName="Body Dev." skillData= { value: 13, pointFromIp: 7, trickleDown: 1, ipSpent: 0, cap: 13 } isAbility=false  ... > 
  at <VTUROOT>

stderr | src/__tests__/components/profiles/SkillSlider.test.ts > SkillSlider Component > User Interaction Flag > should not flicker during slider interaction
[Vue warn]: Missing required prop: "skillId" 
  at <SkillSlider skillName="Body Dev." skillData= { value: 6, pointFromIp: 0, trickleDown: 1, ipSpent: 0, cap: 13 } isAbility=false  ... > 
  at <VTUROOT>
[Vue warn]: injection "profile" not found. 
  at <SkillSlider skillName="Body Dev." skillData= { value: 6, pointFromIp: 0, trickleDown: 1, ipSpent: 0, cap: 13 } isAbility=false  ... > 
  at <VTUROOT>
[Vue warn]: Failed to resolve directive: tooltip 
  at <SkillSlider skillName="Body Dev." skillData= { value: 6, pointFromIp: 0, trickleDown: 1, ipSpent: 0, cap: 13 } isAbility=false  ... > 
  at <VTUROOT>

stderr | src/__tests__/components/profiles/SkillSlider.test.ts > SkillSlider Component > User Interaction Flag > should maintain consistency during rapid changes
[Vue warn]: Missing required prop: "skillId" 
  at <SkillSlider skillName="Body Dev." skillData= { value: 6, pointFromIp: 0, trickleDown: 1, ipSpent: 0, cap: 13 } isAbility=false  ... > 
  at <VTUROOT>
[Vue warn]: injection "profile" not found. 
  at <SkillSlider skillName="Body Dev." skillData= { value: 6, pointFromIp: 0, trickleDown: 1, ipSpent: 0, cap: 13 } isAbility=false  ... > 
  at <VTUROOT>
[Vue warn]: Failed to resolve directive: tooltip 
  at <SkillSlider skillName="Body Dev." skillData= { value: 6, pointFromIp: 0, trickleDown: 1, ipSpent: 0, cap: 13 } isAbility=false  ... > 
  at <VTUROOT>

stderr | src/__tests__/components/profiles/SkillSlider.test.ts > SkillSlider Component > Props Reactivity > should update when skillData changes
[Vue warn]: Missing required prop: "skillId" 
  at <SkillSlider skillName="Body Dev." skillData= { value: 6, pointFromIp: 0, trickleDown: 1, ipSpent: 0, cap: 13 } isAbility=false  ... > 
  at <VTUROOT>
[Vue warn]: injection "profile" not found. 
  at <SkillSlider skillName="Body Dev." skillData= { value: 6, pointFromIp: 0, trickleDown: 1, ipSpent: 0, cap: 13 } isAbility=false  ... > 
  at <VTUROOT>
[Vue warn]: Failed to resolve directive: tooltip 
  at <SkillSlider skillName="Body Dev." skillData= { value: 6, pointFromIp: 0, trickleDown: 1, ipSpent: 0, cap: 13 } isAbility=false  ... > 
  at <VTUROOT>

stderr | src/__tests__/components/profiles/SkillSlider.test.ts > SkillSlider Component > Props Reactivity > should update when cap changes
[Vue warn]: Missing required prop: "skillId" 
  at <SkillSlider skillName="Body Dev." skillData= { value: 6, pointFromIp: 0, trickleDown: 1, ipSpent: 0, cap: 13 } isAbility=false  ... > 
  at <VTUROOT>
[Vue warn]: injection "profile" not found. 
  at <SkillSlider skillName="Body Dev." skillData= { value: 6, pointFromIp: 0, trickleDown: 1, ipSpent: 0, cap: 13 } isAbility=false  ... > 
  at <VTUROOT>
[Vue warn]: Failed to resolve directive: tooltip 
  at <SkillSlider skillName="Body Dev." skillData= { value: 6, pointFromIp: 0, trickleDown: 1, ipSpent: 0, cap: 13 } isAbility=false  ... > 
  at <VTUROOT>

 ❯ src/__tests__/components/profiles/SkillSlider.test.ts  (27 tests | 23 failed) 215ms
   × SkillSlider Component > Display Behavior > should display current value and total cap correctly
     → expected 'Unknown Skill (undefined)5 / 130Max8 …' to contain '6 / 13'
   × SkillSlider Component > Display Behavior > should show input field with total skill value
     → expected '5' to be '6' // Object.is equality
   × SkillSlider Component > Display Behavior > should display trickle-down bonus when present
     → expected 'Unknown Skill (undefined)5 / 130Max8 …' to contain '(+1)'
   × SkillSlider Component > Display Behavior > should display value breakdown in tooltip
     → expected false to be true // Object.is equality
   × SkillSlider Component > Slider Interaction > should emit skill-changed event with total value
     → expected undefined to be truthy
   × SkillSlider Component > Slider Interaction > should respect slider minimum and maximum values
     → expected '5' to be '0' // Object.is equality
   × SkillSlider Component > Input Field Interaction > should update slider when input field changes
     → expected '5' to be '4' // Object.is equality
   × SkillSlider Component > Input Field Interaction > should emit skill-changed event when input changes
     → expected undefined to be truthy
   × SkillSlider Component > Input Field Interaction > should respect input field minimum and maximum values
     → expected '5' to be '6' // Object.is equality
   × SkillSlider Component > Input Field Interaction > should clamp values to valid range
     → expected '20' to be '13' // Object.is equality
   × SkillSlider Component > Max Button Behavior > should set skill to maximum cap when clicked
     → expected '5' to be '13' // Object.is equality
   × SkillSlider Component > Max Button Behavior > should be disabled when already at maximum
     → expected undefined not to be undefined
   × SkillSlider Component > Max Button Behavior > should emit event when max button is used
     → expected undefined to be truthy
   × SkillSlider Component > Ability Skills > should handle ability skills differently
     → Maximum call stack size exceeded
   × SkillSlider Component > Ability Skills > should emit ability-changed for ability skills
     → Maximum call stack size exceeded
   × SkillSlider Component > Read-Only Skills > should show read-only display
     → expected 'Unknown Skill (undefined)00Armor Clas…' to contain '6'
   × SkillSlider Component > Progress Bar > should show correct progress percentage
     → Cannot call attributes on an empty DOMWrapper.
   × SkillSlider Component > Progress Bar > should use appropriate color based on percentage
     → expected false to be true // Object.is equality
   × SkillSlider Component > Cap Information > should show remaining points to cap
     → expected 'Unknown Skill (undefined)5 / 130Max8 …' to contain '7 points to cap'
   × SkillSlider Component > User Interaction Flag > should not flicker during slider interaction
     → expected '5' to be '9' // Object.is equality
   × SkillSlider Component > User Interaction Flag > should maintain consistency during rapid changes
     → expected '5' to be '9' // Object.is equality
   × SkillSlider Component > Props Reactivity > should update when skillData changes
     → expected 'Unknown Skill (undefined)5 / 130Max8 …' to contain '10 / 13'
   × SkillSlider Component > Props Reactivity > should update when cap changes
     → expected 'Unknown Skill (undefined)5 / 130Max8 …' to contain '6 / 20'
stdout | src/__tests__/lib/tinkerprofiles.test.ts > TinkerProfiles Library > Profile Creation > should create profile through manager
[ProfileStorage] Saved profile profile_1760307488193_thx6hnnkh to individual key (v4.0.0 format with computed totals)

stderr | src/__tests__/views/TinkerNukes.integration.test.ts > TinkerNukes Integration Tests > Component Initialization > mounts successfully
[Vue Router warn]: No match found for location with path "/"
[Vue warn]: Failed to resolve directive: tooltip 
  at <NukeInputForm input-state= {
  characterStats: {
    breed: 1,
    level: 1,
    psychic: 6,
    nanoInit: 1,
    maxNano: 1,
    nanoDelta: 1,
    matterCreation: 1,
    matterMeta: 1,
    bioMeta: 1,
    psychModi: 1,
    sensoryImp: 1,
    timeSpace: 1,
    spec: 0
  },
  damageModifiers: {
    projectile: 0,
    melee: 0,
    energy: 0,
    chemical: 0,
    radiation: 0,
    cold: 0,
    nano: 0,
    fire: 0,
    poison: 0,
    directNanoDamageEfficiency: 0,
    targetAC: 0
  },
  buffPresets: {
    crunchcom: 0,
    humidity: 0,
    notumSiphon: 0,
    channeling: 0,
    enhanceNanoDamage: 0,
    ancientMatrix: 0
  }
} active-profile=null onUpdate:inputState=fn<onInputStateUpdate> > 
  at <TinkerNukes ref="VTU_COMPONENT" > 
  at <VTUROOT>
[Vue warn]: Failed to resolve directive: tooltip 
  at <DamageModifiersSection damage-modifiers= {
  projectile: 0,
  melee: 0,
  energy: 0,
  chemical: 0,
  radiation: 0,
  cold: 0,
  nano: 0,
  fire: 0,
  poison: 0,
  directNanoDamageEfficiency: 0,
  targetAC: 0
} enhance-nano-damage=0 ancient-matrix=0  ... > 
  at <AccordionTab header="Damage Modifiers" > 
  at <Transition name="p-toggleable-content" data-pc-section="accordiontab.transition" > 
  at <Accordion multiple=true active-index= [] > 
  at <NukeInputForm input-state= {
  characterStats: {
    breed: 1,
    level: 1,
    psychic: 6,
    nanoInit: 1,
    maxNano: 1,
    nanoDelta: 1,
    matterCreation: 1,
    matterMeta: 1,
    bioMeta: 1,
    psychModi: 1,
    sensoryImp: 1,
    timeSpace: 1,
    spec: 0
  },
  damageModifiers: {
    projectile: 0,
    melee: 0,
    energy: 0,
    chemical: 0,
    radiation: 0,
    cold: 0,
    nano: 0,
    fire: 0,
    poison: 0,
    directNanoDamageEfficiency: 0,
    targetAC: 0
  },
  buffPresets: {
    crunchcom: 0,
    humidity: 0,
    notumSiphon: 0,
    channeling: 0,
    enhanceNanoDamage: 0,
    ancientMatrix: 0
  }
} active-profile=null onUpdate:inputState=fn<onInputStateUpdate> > 
  at <TinkerNukes ref="VTU_COMPONENT" > 
  at <VTUROOT>

stderr | src/__tests__/views/TinkerNukes.integration.test.ts > TinkerNukes Integration Tests > Component Initialization > displays the correct title and branding
[Vue Router warn]: No match found for location with path "/"
[Vue warn]: Failed to resolve directive: tooltip 
  at <NukeInputForm input-state= {
  characterStats: {
    breed: 1,
    level: 1,
    psychic: 6,
    nanoInit: 1,
    maxNano: 1,
    nanoDelta: 1,
    matterCreation: 1,
    matterMeta: 1,
    bioMeta: 1,
    psychModi: 1,
    sensoryImp: 1,
    timeSpace: 1,
    spec: 0
  },
  damageModifiers: {
    projectile: 0,
    melee: 0,
    energy: 0,
    chemical: 0,
    radiation: 0,
    cold: 0,
    nano: 0,
    fire: 0,
    poison: 0,
    directNanoDamageEfficiency: 0,
    targetAC: 0
  },
  buffPresets: {
    crunchcom: 0,
    humidity: 0,
    notumSiphon: 0,
    channeling: 0,
    enhanceNanoDamage: 0,
    ancientMatrix: 0
  }
} active-profile=null onUpdate:inputState=fn<onInputStateUpdate> > 
  at <TinkerNukes ref="VTU_COMPONENT" > 
  at <VTUROOT>
[Vue warn]: Failed to resolve directive: tooltip 
  at <DamageModifiersSection damage-modifiers= {
  projectile: 0,
  melee: 0,
  energy: 0,
  chemical: 0,
  radiation: 0,
  cold: 0,
  nano: 0,
  fire: 0,
  poison: 0,
  directNanoDamageEfficiency: 0,
  targetAC: 0
} enhance-nano-damage=0 ancient-matrix=0  ... > 
  at <AccordionTab header="Damage Modifiers" > 
  at <Transition name="p-toggleable-content" data-pc-section="accordiontab.transition" > 
  at <Accordion multiple=true active-index= [] > 
  at <NukeInputForm input-state= {
  characterStats: {
    breed: 1,
    level: 1,
    psychic: 6,
    nanoInit: 1,
    maxNano: 1,
    nanoDelta: 1,
    matterCreation: 1,
    matterMeta: 1,
    bioMeta: 1,
    psychModi: 1,
    sensoryImp: 1,
    timeSpace: 1,
    spec: 0
  },
  damageModifiers: {
    projectile: 0,
    melee: 0,
    energy: 0,
    chemical: 0,
    radiation: 0,
    cold: 0,
    nano: 0,
    fire: 0,
    poison: 0,
    directNanoDamageEfficiency: 0,
    targetAC: 0
  },
  buffPresets: {
    crunchcom: 0,
    humidity: 0,
    notumSiphon: 0,
    channeling: 0,
    enhanceNanoDamage: 0,
    ancientMatrix: 0
  }
} active-profile=null onUpdate:inputState=fn<onInputStateUpdate> > 
  at <TinkerNukes ref="VTU_COMPONENT" > 
  at <VTUROOT>

stderr | src/__tests__/views/TinkerNukes.integration.test.ts > TinkerNukes Integration Tests > Component Initialization > shows nanotechnician skills section
[Vue Router warn]: No match found for location with path "/"
[Vue warn]: Failed to resolve directive: tooltip 
  at <NukeInputForm input-state= {
  characterStats: {
    breed: 1,
    level: 1,
    psychic: 6,
    nanoInit: 1,
    maxNano: 1,
    nanoDelta: 1,
    matterCreation: 1,
    matterMeta: 1,
    bioMeta: 1,
    psychModi: 1,
    sensoryImp: 1,
    timeSpace: 1,
    spec: 0
  },
  damageModifiers: {
    projectile: 0,
    melee: 0,
    energy: 0,
    chemical: 0,
    radiation: 0,
    cold: 0,
    nano: 0,
    fire: 0,
    poison: 0,
    directNanoDamageEfficiency: 0,
    targetAC: 0
  },
  buffPresets: {
    crunchcom: 0,
    humidity: 0,
    notumSiphon: 0,
    channeling: 0,
    enhanceNanoDamage: 0,
    ancientMatrix: 0
  }
} active-profile=null onUpdate:inputState=fn<onInputStateUpdate> > 
  at <TinkerNukes ref="VTU_COMPONENT" > 
  at <VTUROOT>
[Vue warn]: Failed to resolve directive: tooltip 
  at <DamageModifiersSection damage-modifiers= {
  projectile: 0,
  melee: 0,
  energy: 0,
  chemical: 0,
  radiation: 0,
  cold: 0,
  nano: 0,
  fire: 0,
  poison: 0,
  directNanoDamageEfficiency: 0,
  targetAC: 0
} enhance-nano-damage=0 ancient-matrix=0  ... > 
  at <AccordionTab header="Damage Modifiers" > 
  at <Transition name="p-toggleable-content" data-pc-section="accordiontab.transition" > 
  at <Accordion multiple=true active-index= [] > 
  at <NukeInputForm input-state= {
  characterStats: {
    breed: 1,
    level: 1,
    psychic: 6,
    nanoInit: 1,
    maxNano: 1,
    nanoDelta: 1,
    matterCreation: 1,
    matterMeta: 1,
    bioMeta: 1,
    psychModi: 1,
    sensoryImp: 1,
    timeSpace: 1,
    spec: 0
  },
  damageModifiers: {
    projectile: 0,
    melee: 0,
    energy: 0,
    chemical: 0,
    radiation: 0,
    cold: 0,
    nano: 0,
    fire: 0,
    poison: 0,
    directNanoDamageEfficiency: 0,
    targetAC: 0
  },
  buffPresets: {
    crunchcom: 0,
    humidity: 0,
    notumSiphon: 0,
    channeling: 0,
    enhanceNanoDamage: 0,
    ancientMatrix: 0
  }
} active-profile=null onUpdate:inputState=fn<onInputStateUpdate> > 
  at <TinkerNukes ref="VTU_COMPONENT" > 
  at <VTUROOT>

stderr | src/__tests__/views/TinkerNukes.integration.test.ts > TinkerNukes Integration Tests > Component Initialization > has all required skill inputs
[Vue Router warn]: No match found for location with path "/"
[Vue warn]: Failed to resolve directive: tooltip 
  at <NukeInputForm input-state= {
  characterStats: {
    breed: 1,
    level: 1,
    psychic: 6,
    nanoInit: 1,
    maxNano: 1,
    nanoDelta: 1,
    matterCreation: 1,
    matterMeta: 1,
    bioMeta: 1,
    psychModi: 1,
    sensoryImp: 1,
    timeSpace: 1,
    spec: 0
  },
  damageModifiers: {
    projectile: 0,
    melee: 0,
    energy: 0,
    chemical: 0,
    radiation: 0,
    cold: 0,
    nano: 0,
    fire: 0,
    poison: 0,
    directNanoDamageEfficiency: 0,
    targetAC: 0
  },
  buffPresets: {
    crunchcom: 0,
    humidity: 0,
    notumSiphon: 0,
    channeling: 0,
    enhanceNanoDamage: 0,
    ancientMatrix: 0
  }
} active-profile=null onUpdate:inputState=fn<onInputStateUpdate> > 
  at <TinkerNukes ref="VTU_COMPONENT" > 
  at <VTUROOT>
[Vue warn]: Failed to resolve directive: tooltip 
  at <DamageModifiersSection damage-modifiers= {
  projectile: 0,
  melee: 0,
  energy: 0,
  chemical: 0,
  radiation: 0,
  cold: 0,
  nano: 0,
  fire: 0,
  poison: 0,
  directNanoDamageEfficiency: 0,
  targetAC: 0
} enhance-nano-damage=0 ancient-matrix=0  ... > 
  at <AccordionTab header="Damage Modifiers" > 
  at <Transition name="p-toggleable-content" data-pc-section="accordiontab.transition" > 
  at <Accordion multiple=true active-index= [] > 
  at <NukeInputForm input-state= {
  characterStats: {
    breed: 1,
    level: 1,
    psychic: 6,
    nanoInit: 1,
    maxNano: 1,
    nanoDelta: 1,
    matterCreation: 1,
    matterMeta: 1,
    bioMeta: 1,
    psychModi: 1,
    sensoryImp: 1,
    timeSpace: 1,
    spec: 0
  },
  damageModifiers: {
    projectile: 0,
    melee: 0,
    energy: 0,
    chemical: 0,
    radiation: 0,
    cold: 0,
    nano: 0,
    fire: 0,
    poison: 0,
    directNanoDamageEfficiency: 0,
    targetAC: 0
  },
  buffPresets: {
    crunchcom: 0,
    humidity: 0,
    notumSiphon: 0,
    channeling: 0,
    enhanceNanoDamage: 0,
    ancientMatrix: 0
  }
} active-profile=null onUpdate:inputState=fn<onInputStateUpdate> > 
  at <TinkerNukes ref="VTU_COMPONENT" > 
  at <VTUROOT>

stderr | src/__tests__/views/TinkerNukes.integration.test.ts > TinkerNukes Integration Tests > Real Backend Integration > loads nanos from backend on mount
[Vue Router warn]: No match found for location with path "/"
[Vue warn]: Failed to resolve directive: tooltip 
  at <NukeInputForm input-state= {
  characterStats: {
    breed: 1,
    level: 1,
    psychic: 6,
    nanoInit: 1,
    maxNano: 1,
    nanoDelta: 1,
    matterCreation: 1,
    matterMeta: 1,
    bioMeta: 1,
    psychModi: 1,
    sensoryImp: 1,
    timeSpace: 1,
    spec: 0
  },
  damageModifiers: {
    projectile: 0,
    melee: 0,
    energy: 0,
    chemical: 0,
    radiation: 0,
    cold: 0,
    nano: 0,
    fire: 0,
    poison: 0,
    directNanoDamageEfficiency: 0,
    targetAC: 0
  },
  buffPresets: {
    crunchcom: 0,
    humidity: 0,
    notumSiphon: 0,
    channeling: 0,
    enhanceNanoDamage: 0,
    ancientMatrix: 0
  }
} active-profile=null onUpdate:inputState=fn<onInputStateUpdate> > 
  at <TinkerNukes ref="VTU_COMPONENT" > 
  at <VTUROOT>
[Vue warn]: Failed to resolve directive: tooltip 
  at <DamageModifiersSection damage-modifiers= {
  projectile: 0,
  melee: 0,
  energy: 0,
  chemical: 0,
  radiation: 0,
  cold: 0,
  nano: 0,
  fire: 0,
  poison: 0,
  directNanoDamageEfficiency: 0,
  targetAC: 0
} enhance-nano-damage=0 ancient-matrix=0  ... > 
  at <AccordionTab header="Damage Modifiers" > 
  at <Transition name="p-toggleable-content" data-pc-section="accordiontab.transition" > 
  at <Accordion multiple=true active-index= [] > 
  at <NukeInputForm input-state= {
  characterStats: {
    breed: 1,
    level: 1,
    psychic: 6,
    nanoInit: 1,
    maxNano: 1,
    nanoDelta: 1,
    matterCreation: 1,
    matterMeta: 1,
    bioMeta: 1,
    psychModi: 1,
    sensoryImp: 1,
    timeSpace: 1,
    spec: 0
  },
  damageModifiers: {
    projectile: 0,
    melee: 0,
    energy: 0,
    chemical: 0,
    radiation: 0,
    cold: 0,
    nano: 0,
    fire: 0,
    poison: 0,
    directNanoDamageEfficiency: 0,
    targetAC: 0
  },
  buffPresets: {
    crunchcom: 0,
    humidity: 0,
    notumSiphon: 0,
    channeling: 0,
    enhanceNanoDamage: 0,
    ancientMatrix: 0
  }
} active-profile=null onUpdate:inputState=fn<onInputStateUpdate> > 
  at <TinkerNukes ref="VTU_COMPONENT" > 
  at <VTUROOT>

stderr | src/__tests__/views/TinkerNukes.integration.test.ts > TinkerNukes Integration Tests > Real Backend Integration > loads nanos from backend on mount
[Vue warn]: Failed to resolve directive: tooltip 
  at <NukeInputForm input-state= {
  characterStats: {
    breed: 1,
    level: 1,
    psychic: 6,
    nanoInit: 1,
    maxNano: 1,
    nanoDelta: 1,
    matterCreation: 1,
    matterMeta: 1,
    bioMeta: 1,
    psychModi: 1,
    sensoryImp: 1,
    timeSpace: 1,
    spec: 0
  },
  damageModifiers: {
    projectile: 0,
    melee: 0,
    energy: 0,
    chemical: 0,
    radiation: 0,
    cold: 0,
    nano: 0,
    fire: 0,
    poison: 0,
    directNanoDamageEfficiency: 0,
    targetAC: 0
  },
  buffPresets: {
    crunchcom: 0,
    humidity: 0,
    notumSiphon: 0,
    channeling: 0,
    enhanceNanoDamage: 0,
    ancientMatrix: 0
  }
} active-profile=null onUpdate:inputState=fn<onInputStateUpdate> > 
  at <TinkerNukes ref="VTU_COMPONENT" > 
  at <VTUROOT>

stderr | src/__tests__/pagination-fix.test.ts > Pagination Fix > ItemList Pagination State Management > should initialize currentOffset from pagination prop
[Vue warn]: Failed to resolve component: Button
If this is a native custom element, make sure to exclude it from component resolution via compilerOptions.isCustomElement. 
  at <ItemList items= [
  {
    id: 1,
    aoid: 12345,
    name: 'Test Item',
    ql: 200,
    description: 'Test item',
    item_class: 3,
    is_nano: false,
    stats: [],
    spell_data: [],
    actions: [],
    attack_defense: null,
    animation_mesh: null
  }
] viewMode="grid" pagination= {
  page: 2,
  limit: 24,
  offset: 24,
  total: 100,
  hasNext: true,
  hasPrev: true
}  ... > 
  at <VTUROOT>
[Vue warn]: Failed to resolve component: Badge
If this is a native custom element, make sure to exclude it from component resolution via compilerOptions.isCustomElement. 
  at <ItemList items= [
  {
    id: 1,
    aoid: 12345,
    name: 'Test Item',
    ql: 200,
    description: 'Test item',
    item_class: 3,
    is_nano: false,
    stats: [],
    spell_data: [],
    actions: [],
    attack_defense: null,
    animation_mesh: null
  }
] viewMode="grid" pagination= {
  page: 2,
  limit: 24,
  offset: 24,
  total: 100,
  hasNext: true,
  hasPrev: true
}  ... > 
  at <VTUROOT>
[Vue warn]: Failed to resolve component: Paginator
If this is a native custom element, make sure to exclude it from component resolution via compilerOptions.isCustomElement. 
  at <ItemList items= [
  {
    id: 1,
    aoid: 12345,
    name: 'Test Item',
    ql: 200,
    description: 'Test item',
    item_class: 3,
    is_nano: false,
    stats: [],
    spell_data: [],
    actions: [],
    attack_defense: null,
    animation_mesh: null
  }
] viewMode="grid" pagination= {
  page: 2,
  limit: 24,
  offset: 24,
  total: 100,
  hasNext: true,
  hasPrev: true
}  ... > 
  at <VTUROOT>
[Vue warn]: Failed to resolve component: ContextMenu
If this is a native custom element, make sure to exclude it from component resolution via compilerOptions.isCustomElement. 
  at <ItemList items= [
  {
    id: 1,
    aoid: 12345,
    name: 'Test Item',
    ql: 200,
    description: 'Test item',
    item_class: 3,
    is_nano: false,
    stats: [],
    spell_data: [],
    actions: [],
    attack_defense: null,
    animation_mesh: null
  }
] viewMode="grid" pagination= {
  page: 2,
  limit: 24,
  offset: 24,
  total: 100,
  hasNext: true,
  hasPrev: true
}  ... > 
  at <VTUROOT>
[Vue warn]: Failed to resolve component: Dialog
If this is a native custom element, make sure to exclude it from component resolution via compilerOptions.isCustomElement. 
  at <ItemList items= [
  {
    id: 1,
    aoid: 12345,
    name: 'Test Item',
    ql: 200,
    description: 'Test item',
    item_class: 3,
    is_nano: false,
    stats: [],
    spell_data: [],
    actions: [],
    attack_defense: null,
    animation_mesh: null
  }
] viewMode="grid" pagination= {
  page: 2,
  limit: 24,
  offset: 24,
  total: 100,
  hasNext: true,
  hasPrev: true
}  ... > 
  at <VTUROOT>
[Vue warn]: Failed to resolve directive: tooltip 
  at <ItemList items= [
  {
    id: 1,
    aoid: 12345,
    name: 'Test Item',
    ql: 200,
    description: 'Test item',
    item_class: 3,
    is_nano: false,
    stats: [],
    spell_data: [],
    actions: [],
    attack_defense: null,
    animation_mesh: null
  }
] viewMode="grid" pagination= {
  page: 2,
  limit: 24,
  offset: 24,
  total: 100,
  hasNext: true,
  hasPrev: true
}  ... > 
  at <VTUROOT>

stderr | src/__tests__/pagination-fix.test.ts > Pagination Fix > ItemList Pagination State Management > should update currentOffset when pagination prop changes
[Vue warn]: Failed to resolve component: Button
If this is a native custom element, make sure to exclude it from component resolution via compilerOptions.isCustomElement. 
  at <ItemList items= [
  {
    id: 1,
    aoid: 12345,
    name: 'Test Item',
    ql: 200,
    description: 'Test item',
    item_class: 3,
    is_nano: false,
    stats: [],
    spell_data: [],
    actions: [],
    attack_defense: null,
    animation_mesh: null
  }
] viewMode="grid" pagination= {
  page: 1,
  limit: 24,
  offset: 0,
  total: 100,
  hasNext: true,
  hasPrev: false
}  ... > 
  at <VTUROOT>
[Vue warn]: Failed to resolve component: Badge
If this is a native custom element, make sure to exclude it from component resolution via compilerOptions.isCustomElement. 
  at <ItemList items= [
  {
    id: 1,
    aoid: 12345,
    name: 'Test Item',
    ql: 200,
    description: 'Test item',
    item_class: 3,
    is_nano: false,
    stats: [],
    spell_data: [],
    actions: [],
    attack_defense: null,
    animation_mesh: null
  }
] viewMode="grid" pagination= {
  page: 1,
  limit: 24,
  offset: 0,
  total: 100,
  hasNext: true,
  hasPrev: false
}  ... > 
  at <VTUROOT>
[Vue warn]: Failed to resolve component: Paginator
If this is a native custom element, make sure to exclude it from component resolution via compilerOptions.isCustomElement. 
  at <ItemList items= [
  {
    id: 1,
    aoid: 12345,
    name: 'Test Item',
    ql: 200,
    description: 'Test item',
    item_class: 3,
    is_nano: false,
    stats: [],
    spell_data: [],
    actions: [],
    attack_defense: null,
    animation_mesh: null
  }
] viewMode="grid" pagination= {
  page: 1,
  limit: 24,
  offset: 0,
  total: 100,
  hasNext: true,
  hasPrev: false
}  ... > 
  at <VTUROOT>
[Vue warn]: Failed to resolve component: ContextMenu
If this is a native custom element, make sure to exclude it from component resolution via compilerOptions.isCustomElement. 
  at <ItemList items= [
  {
    id: 1,
    aoid: 12345,
    name: 'Test Item',
    ql: 200,
    description: 'Test item',
    item_class: 3,
    is_nano: false,
    stats: [],
    spell_data: [],
    actions: [],
    attack_defense: null,
    animation_mesh: null
  }
] viewMode="grid" pagination= {
  page: 1,
  limit: 24,
  offset: 0,
  total: 100,
  hasNext: true,
  hasPrev: false
}  ... > 
  at <VTUROOT>
[Vue warn]: Failed to resolve component: Dialog
If this is a native custom element, make sure to exclude it from component resolution via compilerOptions.isCustomElement. 
  at <ItemList items= [
  {
    id: 1,
    aoid: 12345,
    name: 'Test Item',
    ql: 200,
    description: 'Test item',
    item_class: 3,
    is_nano: false,
    stats: [],
    spell_data: [],
    actions: [],
    attack_defense: null,
    animation_mesh: null
  }
] viewMode="grid" pagination= {
  page: 1,
  limit: 24,
  offset: 0,
  total: 100,
  hasNext: true,
  hasPrev: false
}  ... > 
  at <VTUROOT>
[Vue warn]: Failed to resolve directive: tooltip 
  at <ItemList items= [
  {
    id: 1,
    aoid: 12345,
    name: 'Test Item',
    ql: 200,
    description: 'Test item',
    item_class: 3,
    is_nano: false,
    stats: [],
    spell_data: [],
    actions: [],
    attack_defense: null,
    animation_mesh: null
  }
] viewMode="grid" pagination= {
  page: 1,
  limit: 24,
  offset: 0,
  total: 100,
  hasNext: true,
  hasPrev: false
}  ... > 
  at <VTUROOT>
[Vue warn]: Failed to resolve component: Button
If this is a native custom element, make sure to exclude it from component resolution via compilerOptions.isCustomElement. 
  at <ItemList items= [
  {
    id: 1,
    aoid: 12345,
    name: 'Test Item',
    ql: 200,
    description: 'Test item',
    item_class: 3,
    is_nano: false,
    stats: [],
    spell_data: [],
    actions: [],
    attack_defense: null,
    animation_mesh: null
  }
] viewMode="grid" pagination= {
  page: 2,
  limit: 24,
  offset: 24,
  total: 100,
  hasNext: true,
  hasPrev: true
}  ... > 
  at <VTUROOT>
[Vue warn]: Failed to resolve component: Badge
If this is a native custom element, make sure to exclude it from component resolution via compilerOptions.isCustomElement. 
  at <ItemList items= [
  {
    id: 1,
    aoid: 12345,
    name: 'Test Item',
    ql: 200,
    description: 'Test item',
    item_class: 3,
    is_nano: false,
    stats: [],
    spell_data: [],
    actions: [],
    attack_defense: null,
    animation_mesh: null
  }
] viewMode="grid" pagination= {
  page: 2,
  limit: 24,
  offset: 24,
  total: 100,
  hasNext: true,
  hasPrev: true
}  ... > 
  at <VTUROOT>
[Vue warn]: Failed to resolve component: Paginator
If this is a native custom element, make sure to exclude it from component resolution via compilerOptions.isCustomElement. 
  at <ItemList items= [
  {
    id: 1,
    aoid: 12345,
    name: 'Test Item',
    ql: 200,
    description: 'Test item',
    item_class: 3,
    is_nano: false,
    stats: [],
    spell_data: [],
    actions: [],
    attack_defense: null,
    animation_mesh: null
  }
] viewMode="grid" pagination= {
  page: 2,
  limit: 24,
  offset: 24,
  total: 100,
  hasNext: true,
  hasPrev: true
}  ... > 
  at <VTUROOT>
[Vue warn]: Failed to resolve component: ContextMenu
If this is a native custom element, make sure to exclude it from component resolution via compilerOptions.isCustomElement. 
  at <ItemList items= [
  {
    id: 1,
    aoid: 12345,
    name: 'Test Item',
    ql: 200,
    description: 'Test item',
    item_class: 3,
    is_nano: false,
    stats: [],
    spell_data: [],
    actions: [],
    attack_defense: null,
    animation_mesh: null
  }
] viewMode="grid" pagination= {
  page: 2,
  limit: 24,
  offset: 24,
  total: 100,
  hasNext: true,
  hasPrev: true
}  ... > 
  at <VTUROOT>
[Vue warn]: Failed to resolve component: Dialog
If this is a native custom element, make sure to exclude it from component resolution via compilerOptions.isCustomElement. 
  at <ItemList items= [
  {
    id: 1,
    aoid: 12345,
    name: 'Test Item',
    ql: 200,
    description: 'Test item',
    item_class: 3,
    is_nano: false,
    stats: [],
    spell_data: [],
    actions: [],
    attack_defense: null,
    animation_mesh: null
  }
] viewMode="grid" pagination= {
  page: 2,
  limit: 24,
  offset: 24,
  total: 100,
  hasNext: true,
  hasPrev: true
}  ... > 
  at <VTUROOT>
[Vue warn]: Failed to resolve directive: tooltip 
  at <ItemList items= [
  {
    id: 1,
    aoid: 12345,
    name: 'Test Item',
    ql: 200,
    description: 'Test item',
    item_class: 3,
    is_nano: false,
    stats: [],
    spell_data: [],
    actions: [],
    attack_defense: null,
    animation_mesh: null
  }
] viewMode="grid" pagination= {
  page: 2,
  limit: 24,
  offset: 24,
  total: 100,
  hasNext: true,
  hasPrev: true
}  ... > 
  at <VTUROOT>

stderr | src/__tests__/pagination-fix.test.ts > Pagination Fix > ItemList Pagination State Management > should emit correct page number when paginator events trigger
[Vue warn]: Failed to resolve component: Button
If this is a native custom element, make sure to exclude it from component resolution via compilerOptions.isCustomElement. 
  at <ItemList items= [
  {
    id: 1,
    aoid: 12345,
    name: 'Test Item',
    ql: 200,
    description: 'Test item',
    item_class: 3,
    is_nano: false,
    stats: [],
    spell_data: [],
    actions: [],
    attack_defense: null,
    animation_mesh: null
  }
] viewMode="grid" pagination= {
  page: 1,
  limit: 24,
  offset: 0,
  total: 100,
  hasNext: true,
  hasPrev: false
}  ... > 
  at <VTUROOT>
[Vue warn]: Failed to resolve component: Badge
If this is a native custom element, make sure to exclude it from component resolution via compilerOptions.isCustomElement. 
  at <ItemList items= [
  {
    id: 1,
    aoid: 12345,
    name: 'Test Item',
    ql: 200,
    description: 'Test item',
    item_class: 3,
    is_nano: false,
    stats: [],
    spell_data: [],
    actions: [],
    attack_defense: null,
    animation_mesh: null
  }
] viewMode="grid" pagination= {
  page: 1,
  limit: 24,
  offset: 0,
  total: 100,
  hasNext: true,
  hasPrev: false
}  ... > 
  at <VTUROOT>
[Vue warn]: Failed to resolve component: Paginator
If this is a native custom element, make sure to exclude it from component resolution via compilerOptions.isCustomElement. 
  at <ItemList items= [
  {
    id: 1,
    aoid: 12345,
    name: 'Test Item',
    ql: 200,
    description: 'Test item',
    item_class: 3,
    is_nano: false,
    stats: [],
    spell_data: [],
    actions: [],
    attack_defense: null,
    animation_mesh: null
  }
] viewMode="grid" pagination= {
  page: 1,
  limit: 24,
  offset: 0,
  total: 100,
  hasNext: true,
  hasPrev: false
}  ... > 
  at <VTUROOT>
[Vue warn]: Failed to resolve component: ContextMenu
If this is a native custom element, make sure to exclude it from component resolution via compilerOptions.isCustomElement. 
  at <ItemList items= [
  {
    id: 1,
    aoid: 12345,
    name: 'Test Item',
    ql: 200,
    description: 'Test item',
    item_class: 3,
    is_nano: false,
    stats: [],
    spell_data: [],
    actions: [],
    attack_defense: null,
    animation_mesh: null
  }
] viewMode="grid" pagination= {
  page: 1,
  limit: 24,
  offset: 0,
  total: 100,
  hasNext: true,
  hasPrev: false
}  ... > 
  at <VTUROOT>
[Vue warn]: Failed to resolve component: Dialog
If this is a native custom element, make sure to exclude it from component resolution via compilerOptions.isCustomElement. 
  at <ItemList items= [
  {
    id: 1,
    aoid: 12345,
    name: 'Test Item',
    ql: 200,
    description: 'Test item',
    item_class: 3,
    is_nano: false,
    stats: [],
    spell_data: [],
    actions: [],
    attack_defense: null,
    animation_mesh: null
  }
] viewMode="grid" pagination= {
  page: 1,
  limit: 24,
  offset: 0,
  total: 100,
  hasNext: true,
  hasPrev: false
}  ... > 
  at <VTUROOT>
[Vue warn]: Failed to resolve directive: tooltip 
  at <ItemList items= [
  {
    id: 1,
    aoid: 12345,
    name: 'Test Item',
    ql: 200,
    description: 'Test item',
    item_class: 3,
    is_nano: false,
    stats: [],
    spell_data: [],
    actions: [],
    attack_defense: null,
    animation_mesh: null
  }
] viewMode="grid" pagination= {
  page: 1,
  limit: 24,
  offset: 0,
  total: 100,
  hasNext: true,
  hasPrev: false
}  ... > 
  at <VTUROOT>

stderr | src/__tests__/pagination-fix.test.ts > Pagination Fix > ItemList Pagination State Management > should handle page calculations correctly for different page sizes
[Vue warn]: Failed to resolve component: Button
If this is a native custom element, make sure to exclude it from component resolution via compilerOptions.isCustomElement. 
  at <ItemList items= [
  {
    id: 1,
    aoid: 12345,
    name: 'Test Item',
    ql: 200,
    description: 'Test item',
    item_class: 3,
    is_nano: false,
    stats: [],
    spell_data: [],
    actions: [],
    attack_defense: null,
    animation_mesh: null
  }
] viewMode="grid" pagination= {
  page: 1,
  limit: 12,
  offset: 0,
  total: 60,
  hasNext: true,
  hasPrev: false
}  ... > 
  at <VTUROOT>
[Vue warn]: Failed to resolve component: Badge
If this is a native custom element, make sure to exclude it from component resolution via compilerOptions.isCustomElement. 
  at <ItemList items= [
  {
    id: 1,
    aoid: 12345,
    name: 'Test Item',
    ql: 200,
    description: 'Test item',
    item_class: 3,
    is_nano: false,
    stats: [],
    spell_data: [],
    actions: [],
    attack_defense: null,
    animation_mesh: null
  }
] viewMode="grid" pagination= {
  page: 1,
  limit: 12,
  offset: 0,
  total: 60,
  hasNext: true,
  hasPrev: false
}  ... > 
  at <VTUROOT>
[Vue warn]: Failed to resolve component: Paginator
If this is a native custom element, make sure to exclude it from component resolution via compilerOptions.isCustomElement. 
  at <ItemList items= [
  {
    id: 1,
    aoid: 12345,
    name: 'Test Item',
    ql: 200,
    description: 'Test item',
    item_class: 3,
    is_nano: false,
    stats: [],
    spell_data: [],
    actions: [],
    attack_defense: null,
    animation_mesh: null
  }
] viewMode="grid" pagination= {
  page: 1,
  limit: 12,
  offset: 0,
  total: 60,
  hasNext: true,
  hasPrev: false
}  ... > 
  at <VTUROOT>
[Vue warn]: Failed to resolve component: ContextMenu
If this is a native custom element, make sure to exclude it from component resolution via compilerOptions.isCustomElement. 
  at <ItemList items= [
  {
    id: 1,
    aoid: 12345,
    name: 'Test Item',
    ql: 200,
    description: 'Test item',
    item_class: 3,
    is_nano: false,
    stats: [],
    spell_data: [],
    actions: [],
    attack_defense: null,
    animation_mesh: null
  }
] viewMode="grid" pagination= {
  page: 1,
  limit: 12,
  offset: 0,
  total: 60,
  hasNext: true,
  hasPrev: false
}  ... > 
  at <VTUROOT>
[Vue warn]: Failed to resolve component: Dialog
If this is a native custom element, make sure to exclude it from component resolution via compilerOptions.isCustomElement. 
  at <ItemList items= [
  {
    id: 1,
    aoid: 12345,
    name: 'Test Item',
    ql: 200,
    description: 'Test item',
    item_class: 3,
    is_nano: false,
    stats: [],
    spell_data: [],
    actions: [],
    attack_defense: null,
    animation_mesh: null
  }
] viewMode="grid" pagination= {
  page: 1,
  limit: 12,
  offset: 0,
  total: 60,
  hasNext: true,
  hasPrev: false
}  ... > 
  at <VTUROOT>
[Vue warn]: Failed to resolve directive: tooltip 
  at <ItemList items= [
  {
    id: 1,
    aoid: 12345,
    name: 'Test Item',
    ql: 200,
    description: 'Test item',
    item_class: 3,
    is_nano: false,
    stats: [],
    spell_data: [],
    actions: [],
    attack_defense: null,
    animation_mesh: null
  }
] viewMode="grid" pagination= {
  page: 1,
  limit: 12,
  offset: 0,
  total: 60,
  hasNext: true,
  hasPrev: false
}  ... > 
  at <VTUROOT>

stderr | src/__tests__/pagination-fix.test.ts > Pagination Fix > ItemList Pagination State Management > should update currentOffset reactive to pagination changes
[Vue warn]: Failed to resolve component: Button
If this is a native custom element, make sure to exclude it from component resolution via compilerOptions.isCustomElement. 
  at <ItemList items= [
  {
    id: 1,
    aoid: 12345,
    name: 'Test Item',
    ql: 200,
    description: 'Test item',
    item_class: 3,
    is_nano: false,
    stats: [],
    spell_data: [],
    actions: [],
    attack_defense: null,
    animation_mesh: null
  }
] viewMode="grid" pagination= {
  page: 1,
  limit: 24,
  offset: 0,
  total: 100,
  hasNext: true,
  hasPrev: false
}  ... > 
  at <VTUROOT>
[Vue warn]: Failed to resolve component: Badge
If this is a native custom element, make sure to exclude it from component resolution via compilerOptions.isCustomElement. 
  at <ItemList items= [
  {
    id: 1,
    aoid: 12345,
    name: 'Test Item',
    ql: 200,
    description: 'Test item',
    item_class: 3,
    is_nano: false,
    stats: [],
    spell_data: [],
    actions: [],
    attack_defense: null,
    animation_mesh: null
  }
] viewMode="grid" pagination= {
  page: 1,
  limit: 24,
  offset: 0,
  total: 100,
  hasNext: true,
  hasPrev: false
}  ... > 
  at <VTUROOT>
[Vue warn]: Failed to resolve component: Paginator
If this is a native custom element, make sure to exclude it from component resolution via compilerOptions.isCustomElement. 
  at <ItemList items= [
  {
    id: 1,
    aoid: 12345,
    name: 'Test Item',
    ql: 200,
    description: 'Test item',
    item_class: 3,
    is_nano: false,
    stats: [],
    spell_data: [],
    actions: [],
    attack_defense: null,
    animation_mesh: null
  }
] viewMode="grid" pagination= {
  page: 1,
  limit: 24,
  offset: 0,
  total: 100,
  hasNext: true,
  hasPrev: false
}  ... > 
  at <VTUROOT>
[Vue warn]: Failed to resolve component: ContextMenu
If this is a native custom element, make sure to exclude it from component resolution via compilerOptions.isCustomElement. 
  at <ItemList items= [
  {
    id: 1,
    aoid: 12345,
    name: 'Test Item',
    ql: 200,
    description: 'Test item',
    item_class: 3,
    is_nano: false,
    stats: [],
    spell_data: [],
    actions: [],
    attack_defense: null,
    animation_mesh: null
  }
] viewMode="grid" pagination= {
  page: 1,
  limit: 24,
  offset: 0,
  total: 100,
  hasNext: true,
  hasPrev: false
}  ... > 
  at <VTUROOT>
[Vue warn]: Failed to resolve component: Dialog
If this is a native custom element, make sure to exclude it from component resolution via compilerOptions.isCustomElement. 
  at <ItemList items= [
  {
    id: 1,
    aoid: 12345,
    name: 'Test Item',
    ql: 200,
    description: 'Test item',
    item_class: 3,
    is_nano: false,
    stats: [],
    spell_data: [],
    actions: [],
    attack_defense: null,
    animation_mesh: null
  }
] viewMode="grid" pagination= {
  page: 1,
  limit: 24,
  offset: 0,
  total: 100,
  hasNext: true,
  hasPrev: false
}  ... > 
  at <VTUROOT>
[Vue warn]: Failed to resolve directive: tooltip 
  at <ItemList items= [
  {
    id: 1,
    aoid: 12345,
    name: 'Test Item',
    ql: 200,
    description: 'Test item',
    item_class: 3,
    is_nano: false,
    stats: [],
    spell_data: [],
    actions: [],
    attack_defense: null,
    animation_mesh: null
  }
] viewMode="grid" pagination= {
  page: 1,
  limit: 24,
  offset: 0,
  total: 100,
  hasNext: true,
  hasPrev: false
}  ... > 
  at <VTUROOT>
[Vue warn]: Failed to resolve component: Button
If this is a native custom element, make sure to exclude it from component resolution via compilerOptions.isCustomElement. 
  at <ItemList items= [
  {
    id: 1,
    aoid: 12345,
    name: 'Test Item',
    ql: 200,
    description: 'Test item',
    item_class: 3,
    is_nano: false,
    stats: [],
    spell_data: [],
    actions: [],
    attack_defense: null,
    animation_mesh: null
  }
] viewMode="grid" pagination= {
  page: 2,
  limit: 24,
  offset: 24,
  total: 100,
  hasNext: true,
  hasPrev: true
}  ... > 
  at <VTUROOT>
[Vue warn]: Failed to resolve component: Badge
If this is a native custom element, make sure to exclude it from component resolution via compilerOptions.isCustomElement. 
  at <ItemList items= [
  {
    id: 1,
    aoid: 12345,
    name: 'Test Item',
    ql: 200,
    description: 'Test item',
    item_class: 3,
    is_nano: false,
    stats: [],
    spell_data: [],
    actions: [],
    attack_defense: null,
    animation_mesh: null
  }
] viewMode="grid" pagination= {
  page: 2,
  limit: 24,
  offset: 24,
  total: 100,
  hasNext: true,
  hasPrev: true
}  ... > 
  at <VTUROOT>
[Vue warn]: Failed to resolve component: Paginator
If this is a native custom element, make sure to exclude it from component resolution via compilerOptions.isCustomElement. 
  at <ItemList items= [
  {
    id: 1,
    aoid: 12345,
    name: 'Test Item',
    ql: 200,
    description: 'Test item',
    item_class: 3,
    is_nano: false,
    stats: [],
    spell_data: [],
    actions: [],
    attack_defense: null,
    animation_mesh: null
  }
] viewMode="grid" pagination= {
  page: 2,
  limit: 24,
  offset: 24,
  total: 100,
  hasNext: true,
  hasPrev: true
}  ... > 
  at <VTUROOT>
[Vue warn]: Failed to resolve component: ContextMenu
If this is a native custom element, make sure to exclude it from component resolution via compilerOptions.isCustomElement. 
  at <ItemList items= [
  {
    id: 1,
    aoid: 12345,
    name: 'Test Item',
    ql: 200,
    description: 'Test item',
    item_class: 3,
    is_nano: false,
    stats: [],
    spell_data: [],
    actions: [],
    attack_defense: null,
    animation_mesh: null
  }
] viewMode="grid" pagination= {
  page: 2,
  limit: 24,
  offset: 24,
  total: 100,
  hasNext: true,
  hasPrev: true
}  ... > 
  at <VTUROOT>
[Vue warn]: Failed to resolve component: Dialog
If this is a native custom element, make sure to exclude it from component resolution via compilerOptions.isCustomElement. 
  at <ItemList items= [
  {
    id: 1,
    aoid: 12345,
    name: 'Test Item',
    ql: 200,
    description: 'Test item',
    item_class: 3,
    is_nano: false,
    stats: [],
    spell_data: [],
    actions: [],
    attack_defense: null,
    animation_mesh: null
  }
] viewMode="grid" pagination= {
  page: 2,
  limit: 24,
  offset: 24,
  total: 100,
  hasNext: true,
  hasPrev: true
}  ... > 
  at <VTUROOT>
[Vue warn]: Failed to resolve directive: tooltip 
  at <ItemList items= [
  {
    id: 1,
    aoid: 12345,
    name: 'Test Item',
    ql: 200,
    description: 'Test item',
    item_class: 3,
    is_nano: false,
    stats: [],
    spell_data: [],
    actions: [],
    attack_defense: null,
    animation_mesh: null
  }
] viewMode="grid" pagination= {
  page: 2,
  limit: 24,
  offset: 24,
  total: 100,
  hasNext: true,
  hasPrev: true
}  ... > 
  at <VTUROOT>
[Vue warn]: Failed to resolve component: Button
If this is a native custom element, make sure to exclude it from component resolution via compilerOptions.isCustomElement. 
  at <ItemList items= [
  {
    id: 1,
    aoid: 12345,
    name: 'Test Item',
    ql: 200,
    description: 'Test item',
    item_class: 3,
    is_nano: false,
    stats: [],
    spell_data: [],
    actions: [],
    attack_defense: null,
    animation_mesh: null
  }
] viewMode="grid" pagination= {
  page: 3,
  limit: 24,
  offset: 48,
  total: 100,
  hasNext: true,
  hasPrev: true
}  ... > 
  at <VTUROOT>
[Vue warn]: Failed to resolve component: Badge
If this is a native custom element, make sure to exclude it from component resolution via compilerOptions.isCustomElement. 
  at <ItemList items= [
  {
    id: 1,
    aoid: 12345,
    name: 'Test Item',
    ql: 200,
    description: 'Test item',
    item_class: 3,
    is_nano: false,
    stats: [],
    spell_data: [],
    actions: [],
    attack_defense: null,
    animation_mesh: null
  }
] viewMode="grid" pagination= {
  page: 3,
  limit: 24,
  offset: 48,
  total: 100,
  hasNext: true,
  hasPrev: true
}  ... > 
  at <VTUROOT>
[Vue warn]: Failed to resolve component: Paginator
If this is a native custom element, make sure to exclude it from component resolution via compilerOptions.isCustomElement. 
  at <ItemList items= [
  {
    id: 1,
    aoid: 12345,
    name: 'Test Item',
    ql: 200,
    description: 'Test item',
    item_class: 3,
    is_nano: false,
    stats: [],
    spell_data: [],
    actions: [],
    attack_defense: null,
    animation_mesh: null
  }
] viewMode="grid" pagination= {
  page: 3,
  limit: 24,
  offset: 48,
  total: 100,
  hasNext: true,
  hasPrev: true
}  ... > 
  at <VTUROOT>
[Vue warn]: Failed to resolve component: ContextMenu
If this is a native custom element, make sure to exclude it from component resolution via compilerOptions.isCustomElement. 
  at <ItemList items= [
  {
    id: 1,
    aoid: 12345,
    name: 'Test Item',
    ql: 200,
    description: 'Test item',
    item_class: 3,
    is_nano: false,
    stats: [],
    spell_data: [],
    actions: [],
    attack_defense: null,
    animation_mesh: null
  }
] viewMode="grid" pagination= {
  page: 3,
  limit: 24,
  offset: 48,
  total: 100,
  hasNext: true,
  hasPrev: true
}  ... > 
  at <VTUROOT>
[Vue warn]: Failed to resolve component: Dialog
If this is a native custom element, make sure to exclude it from component resolution via compilerOptions.isCustomElement. 
  at <ItemList items= [
  {
    id: 1,
    aoid: 12345,
    name: 'Test Item',
    ql: 200,
    description: 'Test item',
    item_class: 3,
    is_nano: false,
    stats: [],
    spell_data: [],
    actions: [],
    attack_defense: null,
    animation_mesh: null
  }
] viewMode="grid" pagination= {
  page: 3,
  limit: 24,
  offset: 48,
  total: 100,
  hasNext: true,
  hasPrev: true
}  ... > 
  at <VTUROOT>
[Vue warn]: Failed to resolve directive: tooltip 
  at <ItemList items= [
  {
    id: 1,
    aoid: 12345,
    name: 'Test Item',
    ql: 200,
    description: 'Test item',
    item_class: 3,
    is_nano: false,
    stats: [],
    spell_data: [],
    actions: [],
    attack_defense: null,
    animation_mesh: null
  }
] viewMode="grid" pagination= {
  page: 3,
  limit: 24,
  offset: 48,
  total: 100,
  hasNext: true,
  hasPrev: true
}  ... > 
  at <VTUROOT>
[Vue warn]: Failed to resolve component: Button
If this is a native custom element, make sure to exclude it from component resolution via compilerOptions.isCustomElement. 
  at <ItemList items= [
  {
    id: 1,
    aoid: 12345,
    name: 'Test Item',
    ql: 200,
    description: 'Test item',
    item_class: 3,
    is_nano: false,
    stats: [],
    spell_data: [],
    actions: [],
    attack_defense: null,
    animation_mesh: null
  }
] viewMode="grid" pagination= {
  page: 1,
  limit: 24,
  offset: 0,
  total: 100,
  hasNext: true,
  hasPrev: false
}  ... > 
  at <VTUROOT>
[Vue warn]: Failed to resolve component: Badge
If this is a native custom element, make sure to exclude it from component resolution via compilerOptions.isCustomElement. 
  at <ItemList items= [
  {
    id: 1,
    aoid: 12345,
    name: 'Test Item',
    ql: 200,
    description: 'Test item',
    item_class: 3,
    is_nano: false,
    stats: [],
    spell_data: [],
    actions: [],
    attack_defense: null,
    animation_mesh: null
  }
] viewMode="grid" pagination= {
  page: 1,
  limit: 24,
  offset: 0,
  total: 100,
  hasNext: true,
  hasPrev: false
}  ... > 
  at <VTUROOT>
[Vue warn]: Failed to resolve component: Paginator
If this is a native custom element, make sure to exclude it from component resolution via compilerOptions.isCustomElement. 
  at <ItemList items= [
  {
    id: 1,
    aoid: 12345,
    name: 'Test Item',
    ql: 200,
    description: 'Test item',
    item_class: 3,
    is_nano: false,
    stats: [],
    spell_data: [],
    actions: [],
    attack_defense: null,
    animation_mesh: null
  }
] viewMode="grid" pagination= {
  page: 1,
  limit: 24,
  offset: 0,
  total: 100,
  hasNext: true,
  hasPrev: false
}  ... > 
  at <VTUROOT>
[Vue warn]: Failed to resolve component: ContextMenu
If this is a native custom element, make sure to exclude it from component resolution via compilerOptions.isCustomElement. 
  at <ItemList items= [
  {
    id: 1,
    aoid: 12345,
    name: 'Test Item',
    ql: 200,
    description: 'Test item',
    item_class: 3,
    is_nano: false,
    stats: [],
    spell_data: [],
    actions: [],
    attack_defense: null,
    animation_mesh: null
  }
] viewMode="grid" pagination= {
  page: 1,
  limit: 24,
  offset: 0,
  total: 100,
  hasNext: true,
  hasPrev: false
}  ... > 
  at <VTUROOT>
[Vue warn]: Failed to resolve component: Dialog
If this is a native custom element, make sure to exclude it from component resolution via compilerOptions.isCustomElement. 
  at <ItemList items= [
  {
    id: 1,
    aoid: 12345,
    name: 'Test Item',
    ql: 200,
    description: 'Test item',
    item_class: 3,
    is_nano: false,
    stats: [],
    spell_data: [],
    actions: [],
    attack_defense: null,
    animation_mesh: null
  }
] viewMode="grid" pagination= {
  page: 1,
  limit: 24,
  offset: 0,
  total: 100,
  hasNext: true,
  hasPrev: false
}  ... > 
  at <VTUROOT>
[Vue warn]: Failed to resolve directive: tooltip 
  at <ItemList items= [
  {
    id: 1,
    aoid: 12345,
    name: 'Test Item',
    ql: 200,
    description: 'Test item',
    item_class: 3,
    is_nano: false,
    stats: [],
    spell_data: [],
    actions: [],
    attack_defense: null,
    animation_mesh: null
  }
] viewMode="grid" pagination= {
  page: 1,
  limit: 24,
  offset: 0,
  total: 100,
  hasNext: true,
  hasPrev: false
}  ... > 
  at <VTUROOT>
[Vue warn]: Failed to resolve component: Button
If this is a native custom element, make sure to exclude it from component resolution via compilerOptions.isCustomElement. 
  at <ItemList items= [
  {
    id: 1,
    aoid: 12345,
    name: 'Test Item',
    ql: 200,
    description: 'Test item',
    item_class: 3,
    is_nano: false,
    stats: [],
    spell_data: [],
    actions: [],
    attack_defense: null,
    animation_mesh: null
  }
] viewMode="grid" pagination= {
  page: 4,
  limit: 24,
  offset: 72,
  total: 100,
  hasNext: true,
  hasPrev: true
}  ... > 
  at <VTUROOT>
[Vue warn]: Failed to resolve component: Badge
If this is a native custom element, make sure to exclude it from component resolution via compilerOptions.isCustomElement. 
  at <ItemList items= [
  {
    id: 1,
    aoid: 12345,
    name: 'Test Item',
    ql: 200,
    description: 'Test item',
    item_class: 3,
    is_nano: false,
    stats: [],
    spell_data: [],
    actions: [],
    attack_defense: null,
    animation_mesh: null
  }
] viewMode="grid" pagination= {
  page: 4,
  limit: 24,
  offset: 72,
  total: 100,
  hasNext: true,
  hasPrev: true
}  ... > 
  at <VTUROOT>
[Vue warn]: Failed to resolve component: Paginator
If this is a native custom element, make sure to exclude it from component resolution via compilerOptions.isCustomElement. 
  at <ItemList items= [
  {
    id: 1,
    aoid: 12345,
    name: 'Test Item',
    ql: 200,
    description: 'Test item',
    item_class: 3,
    is_nano: false,
    stats: [],
    spell_data: [],
    actions: [],
    attack_defense: null,
    animation_mesh: null
  }
] viewMode="grid" pagination= {
  page: 4,
  limit: 24,
  offset: 72,
  total: 100,
  hasNext: true,
  hasPrev: true
}  ... > 
  at <VTUROOT>
[Vue warn]: Failed to resolve component: ContextMenu
If this is a native custom element, make sure to exclude it from component resolution via compilerOptions.isCustomElement. 
  at <ItemList items= [
  {
    id: 1,
    aoid: 12345,
    name: 'Test Item',
    ql: 200,
    description: 'Test item',
    item_class: 3,
    is_nano: false,
    stats: [],
    spell_data: [],
    actions: [],
    attack_defense: null,
    animation_mesh: null
  }
] viewMode="grid" pagination= {
  page: 4,
  limit: 24,
  offset: 72,
  total: 100,
  hasNext: true,
  hasPrev: true
}  ... > 
  at <VTUROOT>
[Vue warn]: Failed to resolve component: Dialog
If this is a native custom element, make sure to exclude it from component resolution via compilerOptions.isCustomElement. 
  at <ItemList items= [
  {
    id: 1,
    aoid: 12345,
    name: 'Test Item',
    ql: 200,
    description: 'Test item',
    item_class: 3,
    is_nano: false,
    stats: [],
    spell_data: [],
    actions: [],
    attack_defense: null,
    animation_mesh: null
  }
] viewMode="grid" pagination= {
  page: 4,
  limit: 24,
  offset: 72,
  total: 100,
  hasNext: true,
  hasPrev: true
}  ... > 
  at <VTUROOT>
[Vue warn]: Failed to resolve directive: tooltip 
  at <ItemList items= [
  {
    id: 1,
    aoid: 12345,
    name: 'Test Item',
    ql: 200,
    description: 'Test item',
    item_class: 3,
    is_nano: false,
    stats: [],
    spell_data: [],
    actions: [],
    attack_defense: null,
    animation_mesh: null
  }
] viewMode="grid" pagination= {
  page: 4,
  limit: 24,
  offset: 72,
  total: 100,
  hasNext: true,
  hasPrev: true
}  ... > 
  at <VTUROOT>

stderr | src/__tests__/pagination-fix.test.ts > Pagination Fix > ItemList Pagination State Management > should display correct pagination info text
[Vue warn]: Failed to resolve component: Button
If this is a native custom element, make sure to exclude it from component resolution via compilerOptions.isCustomElement. 
  at <ItemList items= [
  {
    id: 25,
    aoid: 12345,
    name: 'Test Item',
    ql: 200,
    description: 'Test item',
    item_class: 3,
    is_nano: false,
    stats: [],
    spell_data: [],
    actions: [],
    attack_defense: null,
    animation_mesh: null
  },
  {
    id: 26,
    aoid: 12345,
    name: 'Test Item',
    ql: 200,
    description: 'Test item',
    item_class: 3,
    is_nano: false,
    stats: [],
    spell_data: [],
    actions: [],
    attack_defense: null,
    animation_mesh: null
  },
  {
    id: 27,
    aoid: 12345,
    name: 'Test Item',
    ql: 200,
    description: 'Test item',
    item_class: 3,
    is_nano: false,
    stats: [],
    spell_data: [],
    actions: [],
    attack_defense: null,
    animation_mesh: null
  },
  {
    id: 28,
    aoid: 12345,
    name: 'Test Item',
    ql: 200,
    description: 'Test item',
    item_class: 3,
    is_nano: false,
    stats: [],
    spell_data: [],
    actions: [],
    attack_defense: null,
    animation_mesh: null
  },
  {
    id: 29,
    aoid: 12345,
    name: 'Test Item',
    ql: 200,
    description: 'Test item',
    item_class: 3,
    is_nano: false,
    stats: [],
    spell_data: [],
    actions: [],
    attack_defense: null,
    animation_mesh: null
  },
  {
    id: 30,
    aoid: 12345,
    name: 'Test Item',
    ql: 200,
    description: 'Test item',
    item_class: 3,
    is_nano: false,
    stats: [],
    spell_data: [],
    actions: [],
    attack_defense: null,
    animation_mesh: null
  },
  {
    id: 31,
    aoid: 12345,
    name: 'Test Item',
    ql: 200,
    description: 'Test item',
    item_class: 3,
    is_nano: false,
    stats: [],
    spell_data: [],
    actions: [],
    attack_defense: null,
    animation_mesh: null
  },
  {
    id: 32,
    aoid: 12345,
    name: 'Test Item',
    ql: 200,
    description: 'Test item',
    item_class: 3,
    is_nano: false,
    stats: [],
    spell_data: [],
    actions: [],
    attack_defense: null,
    animation_mesh: null
  },
  {
    id: 33,
    aoid: 12345,
    name: 'Test Item',
    ql: 200,
    description: 'Test item',
    item_class: 3,
    is_nano: false,
    stats: [],
    spell_data: [],
    actions: [],
    attack_defense: null,
    animation_mesh: null
  },
  {
    id: 34,
    aoid: 12345,
    name: 'Test Item',
    ql: 200,
    description: 'Test item',
    item_class: 3,
    is_nano: false,
    stats: [],
    spell_data: [],
    actions: [],
    attack_defense: null,
    animation_mesh: null
  },
  {
    id: 35,
    aoid: 12345,
    name: 'Test Item',
    ql: 200,
    description: 'Test item',
    item_class: 3,
    is_nano: false,
    stats: [],
    spell_data: [],
    actions: [],
    attack_defense: null,
    animation_mesh: null
  },
  {
    id: 36,
    aoid: 12345,
    name: 'Test Item',
    ql: 200,
    description: 'Test item',
    item_class: 3,
    is_nano: false,
    stats: [],
    spell_data: [],
    actions: [],
    attack_defense: null,
    animation_mesh: null
  },
  {
    id: 37,
    aoid: 12345,
    name: 'Test Item',
    ql: 200,
    description: 'Test item',
    item_class: 3,
    is_nano: false,
    stats: [],
    spell_data: [],
    actions: [],
    attack_defense: null,
    animation_mesh: null
  },
  {
    id: 38,
    aoid: 12345,
    name: 'Test Item',
    ql: 200,
    description: 'Test item',
    item_class: 3,
    is_nano: false,
    stats: [],
    spell_data: [],
    actions: [],
    attack_defense: null,
    animation_mesh: null
  },
  {
    id: 39,
    aoid: 12345,
    name: 'Test Item',
    ql: 200,
    description: 'Test item',
    item_class: 3,
    is_nano: false,
    stats: [],
    spell_data: [],
    actions: [],
    attack_defense: null,
    animation_mesh: null
  },
  {
    id: 40,
    aoid: 12345,
    name: 'Test Item',
    ql: 200,
    description: 'Test item',
    item_class: 3,
    is_nano: false,
    stats: [],
    spell_data: [],
    actions: [],
    attack_defense: null,
    animation_mesh: null
  },
  {
    id: 41,
    aoid: 12345,
    name: 'Test Item',
    ql: 200,
    description: 'Test item',
    item_class: 3,
    is_nano: false,
    stats: [],
    spell_data: [],
    actions: [],
    attack_defense: null,
    animation_mesh: null
  },
  {
    id: 42,
    aoid: 12345,
    name: 'Test Item',
    ql: 200,
    description: 'Test item',
    item_class: 3,
    is_nano: false,
    stats: [],
    spell_data: [],
    actions: [],
    attack_defense: null,
    animation_mesh: null
  },
  {
    id: 43,
    aoid: 12345,
    name: 'Test Item',
    ql: 200,
    description: 'Test item',
    item_class: 3,
    is_nano: false,
    stats: [],
    spell_data: [],
    actions: [],
    attack_defense: null,
    animation_mesh: null
  },
  {
    id: 44,
    aoid: 12345,
    name: 'Test Item',
    ql: 200,
    description: 'Test item',
    item_class: 3,
    is_nano: false,
    stats: [],
    spell_data: [],
    actions: [],
    attack_defense: null,
    animation_mesh: null
  },
  {
    id: 45,
    aoid: 12345,
    name: 'Test Item',
    ql: 200,
    description: 'Test item',
    item_class: 3,
    is_nano: false,
    stats: [],
    spell_data: [],
    actions: [],
    attack_defense: null,
    animation_mesh: null
  },
  {
    id: 46,
    aoid: 12345,
    name: 'Test Item',
    ql: 200,
    description: 'Test item',
    item_class: 3,
    is_nano: false,
    stats: [],
    spell_data: [],
    actions: [],
    attack_defense: null,
    animation_mesh: null
  },
  {
    id: 47,
    aoid: 12345,
    name: 'Test Item',
    ql: 200,
    description: 'Test item',
    item_class: 3,
    is_nano: false,
    stats: [],
    spell_data: [],
    actions: [],
    attack_defense: null,
    animation_mesh: null
  },
  {
    id: 48,
    aoid: 12345,
    name: 'Test Item',
    ql: 200,
    description: 'Test item',
    item_class: 3,
    is_nano: false,
    stats: [],
    spell_data: [],
    actions: [],
    attack_defense: null,
    animation_mesh: null
  }
] viewMode="grid" pagination= {
  page: 2,
  limit: 24,
  offset: 24,
  total: 100,
  hasNext: true,
  hasPrev: true
}  ... > 
  at <VTUROOT>
[Vue warn]: Failed to resolve component: Badge
If this is a native custom element, make sure to exclude it from component resolution via compilerOptions.isCustomElement. 
  at <ItemList items= [
  {
    id: 25,
    aoid: 12345,
    name: 'Test Item',
    ql: 200,
    description: 'Test item',
    item_class: 3,
    is_nano: false,
    stats: [],
    spell_data: [],
    actions: [],
    attack_defense: null,
    animation_mesh: null
  },
  {
    id: 26,
    aoid: 12345,
    name: 'Test Item',
    ql: 200,
    description: 'Test item',
    item_class: 3,
    is_nano: false,
    stats: [],
    spell_data: [],
    actions: [],
    attack_defense: null,
    animation_mesh: null
  },
  {
    id: 27,
    aoid: 12345,
    name: 'Test Item',
    ql: 200,
    description: 'Test item',
    item_class: 3,
    is_nano: false,
    stats: [],
    spell_data: [],
    actions: [],
    attack_defense: null,
    animation_mesh: null
  },
  {
    id: 28,
    aoid: 12345,
    name: 'Test Item',
    ql: 200,
    description: 'Test item',
    item_class: 3,
    is_nano: false,
    stats: [],
    spell_data: [],
    actions: [],
    attack_defense: null,
    animation_mesh: null
  },
  {
    id: 29,
    aoid: 12345,
    name: 'Test Item',
    ql: 200,
    description: 'Test item',
    item_class: 3,
    is_nano: false,
    stats: [],
    spell_data: [],
    actions: [],
    attack_defense: null,
    animation_mesh: null
  },
  {
    id: 30,
    aoid: 12345,
    name: 'Test Item',
    ql: 200,
    description: 'Test item',
    item_class: 3,
    is_nano: false,
    stats: [],
    spell_data: [],
    actions: [],
    attack_defense: null,
    animation_mesh: null
  },
  {
    id: 31,
    aoid: 12345,
    name: 'Test Item',
    ql: 200,
    description: 'Test item',
    item_class: 3,
    is_nano: false,
    stats: [],
    spell_data: [],
    actions: [],
    attack_defense: null,
    animation_mesh: null
  },
  {
    id: 32,
    aoid: 12345,
    name: 'Test Item',
    ql: 200,
    description: 'Test item',
    item_class: 3,
    is_nano: false,
    stats: [],
    spell_data: [],
    actions: [],
    attack_defense: null,
    animation_mesh: null
  },
  {
    id: 33,
    aoid: 12345,
    name: 'Test Item',
    ql: 200,
    description: 'Test item',
    item_class: 3,
    is_nano: false,
    stats: [],
    spell_data: [],
    actions: [],
    attack_defense: null,
    animation_mesh: null
  },
  {
    id: 34,
    aoid: 12345,
    name: 'Test Item',
    ql: 200,
    description: 'Test item',
    item_class: 3,
    is_nano: false,
    stats: [],
    spell_data: [],
    actions: [],
    attack_defense: null,
    animation_mesh: null
  },
  {
    id: 35,
    aoid: 12345,
    name: 'Test Item',
    ql: 200,
    description: 'Test item',
    item_class: 3,
    is_nano: false,
    stats: [],
    spell_data: [],
    actions: [],
    attack_defense: null,
    animation_mesh: null
  },
  {
    id: 36,
    aoid: 12345,
    name: 'Test Item',
    ql: 200,
    description: 'Test item',
    item_class: 3,
    is_nano: false,
    stats: [],
    spell_data: [],
    actions: [],
    attack_defense: null,
    animation_mesh: null
  },
  {
    id: 37,
    aoid: 12345,
    name: 'Test Item',
    ql: 200,
    description: 'Test item',
    item_class: 3,
    is_nano: false,
    stats: [],
    spell_data: [],
    actions: [],
    attack_defense: null,
    animation_mesh: null
  },
  {
    id: 38,
    aoid: 12345,
    name: 'Test Item',
    ql: 200,
    description: 'Test item',
    item_class: 3,
    is_nano: false,
    stats: [],
    spell_data: [],
    actions: [],
    attack_defense: null,
    animation_mesh: null
  },
  {
    id: 39,
    aoid: 12345,
    name: 'Test Item',
    ql: 200,
    description: 'Test item',
    item_class: 3,
    is_nano: false,
    stats: [],
    spell_data: [],
    actions: [],
    attack_defense: null,
    animation_mesh: null
  },
  {
    id: 40,
    aoid: 12345,
    name: 'Test Item',
    ql: 200,
    description: 'Test item',
    item_class: 3,
    is_nano: false,
    stats: [],
    spell_data: [],
    actions: [],
    attack_defense: null,
    animation_mesh: null
  },
  {
    id: 41,
    aoid: 12345,
    name: 'Test Item',
    ql: 200,
    description: 'Test item',
    item_class: 3,
    is_nano: false,
    stats: [],
    spell_data: [],
    actions: [],
    attack_defense: null,
    animation_mesh: null
  },
  {
    id: 42,
    aoid: 12345,
    name: 'Test Item',
    ql: 200,
    description: 'Test item',
    item_class: 3,
    is_nano: false,
    stats: [],
    spell_data: [],
    actions: [],
    attack_defense: null,
    animation_mesh: null
  },
  {
    id: 43,
    aoid: 12345,
    name: 'Test Item',
    ql: 200,
    description: 'Test item',
    item_class: 3,
    is_nano: false,
    stats: [],
    spell_data: [],
    actions: [],
    attack_defense: null,
    animation_mesh: null
  },
  {
    id: 44,
    aoid: 12345,
    name: 'Test Item',
    ql: 200,
    description: 'Test item',
    item_class: 3,
    is_nano: false,
    stats: [],
    spell_data: [],
    actions: [],
    attack_defense: null,
    animation_mesh: null
  },
  {
    id: 45,
    aoid: 12345,
    name: 'Test Item',
    ql: 200,
    description: 'Test item',
    item_class: 3,
    is_nano: false,
    stats: [],
    spell_data: [],
    actions: [],
    attack_defense: null,
    animation_mesh: null
  },
  {
    id: 46,
    aoid: 12345,
    name: 'Test Item',
    ql: 200,
    description: 'Test item',
    item_class: 3,
    is_nano: false,
    stats: [],
    spell_data: [],
    actions: [],
    attack_defense: null,
    animation_mesh: null
  },
  {
    id: 47,
    aoid: 12345,
    name: 'Test Item',
    ql: 200,
    description: 'Test item',
    item_class: 3,
    is_nano: false,
    stats: [],
    spell_data: [],
    actions: [],
    attack_defense: null,
    animation_mesh: null
  },
  {
    id: 48,
    aoid: 12345,
    name: 'Test Item',
    ql: 200,
    description: 'Test item',
    item_class: 3,
    is_nano: false,
    stats: [],
    spell_data: [],
    actions: [],
    attack_defense: null,
    animation_mesh: null
  }
] viewMode="grid" pagination= {
  page: 2,
  limit: 24,
  offset: 24,
  total: 100,
  hasNext: true,
  hasPrev: true
}  ... > 
  at <VTUROOT>
[Vue warn]: Failed to resolve component: Paginator
If this is a native custom element, make sure to exclude it from component resolution via compilerOptions.isCustomElement. 
  at <ItemList items= [
  {
    id: 25,
    aoid: 12345,
    name: 'Test Item',
    ql: 200,
    description: 'Test item',
    item_class: 3,
    is_nano: false,
    stats: [],
    spell_data: [],
    actions: [],
    attack_defense: null,
    animation_mesh: null
  },
  {
    id: 26,
    aoid: 12345,
    name: 'Test Item',
    ql: 200,
    description: 'Test item',
    item_class: 3,
    is_nano: false,
    stats: [],
    spell_data: [],
    actions: [],
    attack_defense: null,
    animation_mesh: null
  },
  {
    id: 27,
    aoid: 12345,
    name: 'Test Item',
    ql: 200,
    description: 'Test item',
    item_class: 3,
    is_nano: false,
    stats: [],
    spell_data: [],
    actions: [],
    attack_defense: null,
    animation_mesh: null
  },
  {
    id: 28,
    aoid: 12345,
    name: 'Test Item',
    ql: 200,
    description: 'Test item',
    item_class: 3,
    is_nano: false,
    stats: [],
    spell_data: [],
    actions: [],
    attack_defense: null,
    animation_mesh: null
  },
  {
    id: 29,
    aoid: 12345,
    name: 'Test Item',
    ql: 200,
    description: 'Test item',
    item_class: 3,
    is_nano: false,
    stats: [],
    spell_data: [],
    actions: [],
    attack_defense: null,
    animation_mesh: null
  },
  {
    id: 30,
    aoid: 12345,
    name: 'Test Item',
    ql: 200,
    description: 'Test item',
    item_class: 3,
    is_nano: false,
    stats: [],
    spell_data: [],
    actions: [],
    attack_defense: null,
    animation_mesh: null
  },
  {
    id: 31,
    aoid: 12345,
    name: 'Test Item',
    ql: 200,
    description: 'Test item',
    item_class: 3,
    is_nano: false,
    stats: [],
    spell_data: [],
    actions: [],
    attack_defense: null,
    animation_mesh: null
  },
  {
    id: 32,
    aoid: 12345,
    name: 'Test Item',
    ql: 200,
    description: 'Test item',
    item_class: 3,
    is_nano: false,
    stats: [],
    spell_data: [],
    actions: [],
    attack_defense: null,
    animation_mesh: null
  },
  {
    id: 33,
    aoid: 12345,
    name: 'Test Item',
    ql: 200,
    description: 'Test item',
    item_class: 3,
    is_nano: false,
    stats: [],
    spell_data: [],
    actions: [],
    attack_defense: null,
    animation_mesh: null
  },
  {
    id: 34,
    aoid: 12345,
    name: 'Test Item',
    ql: 200,
    description: 'Test item',
    item_class: 3,
    is_nano: false,
    stats: [],
    spell_data: [],
    actions: [],
    attack_defense: null,
    animation_mesh: null
  },
  {
    id: 35,
    aoid: 12345,
    name: 'Test Item',
    ql: 200,
    description: 'Test item',
    item_class: 3,
    is_nano: false,
    stats: [],
    spell_data: [],
    actions: [],
    attack_defense: null,
    animation_mesh: null
  },
  {
    id: 36,
    aoid: 12345,
    name: 'Test Item',
    ql: 200,
    description: 'Test item',
    item_class: 3,
    is_nano: false,
    stats: [],
    spell_data: [],
    actions: [],
    attack_defense: null,
    animation_mesh: null
  },
  {
    id: 37,
    aoid: 12345,
    name: 'Test Item',
    ql: 200,
    description: 'Test item',
    item_class: 3,
    is_nano: false,
    stats: [],
    spell_data: [],
    actions: [],
    attack_defense: null,
    animation_mesh: null
  },
  {
    id: 38,
    aoid: 12345,
    name: 'Test Item',
    ql: 200,
    description: 'Test item',
    item_class: 3,
    is_nano: false,
    stats: [],
    spell_data: [],
    actions: [],
    attack_defense: null,
    animation_mesh: null
  },
  {
    id: 39,
    aoid: 12345,
    name: 'Test Item',
    ql: 200,
    description: 'Test item',
    item_class: 3,
    is_nano: false,
    stats: [],
    spell_data: [],
    actions: [],
    attack_defense: null,
    animation_mesh: null
  },
  {
    id: 40,
    aoid: 12345,
    name: 'Test Item',
    ql: 200,
    description: 'Test item',
    item_class: 3,
    is_nano: false,
    stats: [],
    spell_data: [],
    actions: [],
    attack_defense: null,
    animation_mesh: null
  },
  {
    id: 41,
    aoid: 12345,
    name: 'Test Item',
    ql: 200,
    description: 'Test item',
    item_class: 3,
    is_nano: false,
    stats: [],
    spell_data: [],
    actions: [],
    attack_defense: null,
    animation_mesh: null
  },
  {
    id: 42,
    aoid: 12345,
    name: 'Test Item',
    ql: 200,
    description: 'Test item',
    item_class: 3,
    is_nano: false,
    stats: [],
    spell_data: [],
    actions: [],
    attack_defense: null,
    animation_mesh: null
  },
  {
    id: 43,
    aoid: 12345,
    name: 'Test Item',
    ql: 200,
    description: 'Test item',
    item_class: 3,
    is_nano: false,
    stats: [],
    spell_data: [],
    actions: [],
    attack_defense: null,
    animation_mesh: null
  },
  {
    id: 44,
    aoid: 12345,
    name: 'Test Item',
    ql: 200,
    description: 'Test item',
    item_class: 3,
    is_nano: false,
    stats: [],
    spell_data: [],
    actions: [],
    attack_defense: null,
    animation_mesh: null
  },
  {
    id: 45,
    aoid: 12345,
    name: 'Test Item',
    ql: 200,
    description: 'Test item',
    item_class: 3,
    is_nano: false,
    stats: [],
    spell_data: [],
    actions: [],
    attack_defense: null,
    animation_mesh: null
  },
  {
    id: 46,
    aoid: 12345,
    name: 'Test Item',
    ql: 200,
    description: 'Test item',
    item_class: 3,
    is_nano: false,
    stats: [],
    spell_data: [],
    actions: [],
    attack_defense: null,
    animation_mesh: null
  },
  {
    id: 47,
    aoid: 12345,
    name: 'Test Item',
    ql: 200,
    description: 'Test item',
    item_class: 3,
    is_nano: false,
    stats: [],
    spell_data: [],
    actions: [],
    attack_defense: null,
    animation_mesh: null
  },
  {
    id: 48,
    aoid: 12345,
    name: 'Test Item',
    ql: 200,
    description: 'Test item',
    item_class: 3,
    is_nano: false,
    stats: [],
    spell_data: [],
    actions: [],
    attack_defense: null,
    animation_mesh: null
  }
] viewMode="grid" pagination= {
  page: 2,
  limit: 24,
  offset: 24,
  total: 100,
  hasNext: true,
  hasPrev: true
}  ... > 
  at <VTUROOT>
[Vue warn]: Failed to resolve component: ContextMenu
If this is a native custom element, make sure to exclude it from component resolution via compilerOptions.isCustomElement. 
  at <ItemList items= [
  {
    id: 25,
    aoid: 12345,
    name: 'Test Item',
    ql: 200,
    description: 'Test item',
    item_class: 3,
    is_nano: false,
    stats: [],
    spell_data: [],
    actions: [],
    attack_defense: null,
    animation_mesh: null
  },
  {
    id: 26,
    aoid: 12345,
    name: 'Test Item',
    ql: 200,
    description: 'Test item',
    item_class: 3,
    is_nano: false,
    stats: [],
    spell_data: [],
    actions: [],
    attack_defense: null,
    animation_mesh: null
  },
  {
    id: 27,
    aoid: 12345,
    name: 'Test Item',
    ql: 200,
    description: 'Test item',
    item_class: 3,
    is_nano: false,
    stats: [],
    spell_data: [],
    actions: [],
    attack_defense: null,
    animation_mesh: null
  },
  {
    id: 28,
    aoid: 12345,
    name: 'Test Item',
    ql: 200,
    description: 'Test item',
    item_class: 3,
    is_nano: false,
    stats: [],
    spell_data: [],
    actions: [],
    attack_defense: null,
    animation_mesh: null
  },
  {
    id: 29,
    aoid: 12345,
    name: 'Test Item',
    ql: 200,
    description: 'Test item',
    item_class: 3,
    is_nano: false,
    stats: [],
    spell_data: [],
    actions: [],
    attack_defense: null,
    animation_mesh: null
  },
  {
    id: 30,
    aoid: 12345,
    name: 'Test Item',
    ql: 200,
    description: 'Test item',
    item_class: 3,
    is_nano: false,
    stats: [],
    spell_data: [],
    actions: [],
    attack_defense: null,
    animation_mesh: null
  },
  {
    id: 31,
    aoid: 12345,
    name: 'Test Item',
    ql: 200,
    description: 'Test item',
    item_class: 3,
    is_nano: false,
    stats: [],
    spell_data: [],
    actions: [],
    attack_defense: null,
    animation_mesh: null
  },
  {
    id: 32,
    aoid: 12345,
    name: 'Test Item',
    ql: 200,
    description: 'Test item',
    item_class: 3,
    is_nano: false,
    stats: [],
    spell_data: [],
    actions: [],
    attack_defense: null,
    animation_mesh: null
  },
  {
    id: 33,
    aoid: 12345,
    name: 'Test Item',
    ql: 200,
    description: 'Test item',
    item_class: 3,
    is_nano: false,
    stats: [],
    spell_data: [],
    actions: [],
    attack_defense: null,
    animation_mesh: null
  },
  {
    id: 34,
    aoid: 12345,
    name: 'Test Item',
    ql: 200,
    description: 'Test item',
    item_class: 3,
    is_nano: false,
    stats: [],
    spell_data: [],
    actions: [],
    attack_defense: null,
    animation_mesh: null
  },
  {
    id: 35,
    aoid: 12345,
    name: 'Test Item',
    ql: 200,
    description: 'Test item',
    item_class: 3,
    is_nano: false,
    stats: [],
    spell_data: [],
    actions: [],
    attack_defense: null,
    animation_mesh: null
  },
  {
    id: 36,
    aoid: 12345,
    name: 'Test Item',
    ql: 200,
    description: 'Test item',
    item_class: 3,
    is_nano: false,
    stats: [],
    spell_data: [],
    actions: [],
    attack_defense: null,
    animation_mesh: null
  },
  {
    id: 37,
    aoid: 12345,
    name: 'Test Item',
    ql: 200,
    description: 'Test item',
    item_class: 3,
    is_nano: false,
    stats: [],
    spell_data: [],
    actions: [],
    attack_defense: null,
    animation_mesh: null
  },
  {
    id: 38,
    aoid: 12345,
    name: 'Test Item',
    ql: 200,
    description: 'Test item',
    item_class: 3,
    is_nano: false,
    stats: [],
    spell_data: [],
    actions: [],
    attack_defense: null,
    animation_mesh: null
  },
  {
    id: 39,
    aoid: 12345,
    name: 'Test Item',
    ql: 200,
    description: 'Test item',
    item_class: 3,
    is_nano: false,
    stats: [],
    spell_data: [],
    actions: [],
    attack_defense: null,
    animation_mesh: null
  },
  {
    id: 40,
    aoid: 12345,
    name: 'Test Item',
    ql: 200,
    description: 'Test item',
    item_class: 3,
    is_nano: false,
    stats: [],
    spell_data: [],
    actions: [],
    attack_defense: null,
    animation_mesh: null
  },
  {
    id: 41,
    aoid: 12345,
    name: 'Test Item',
    ql: 200,
    description: 'Test item',
    item_class: 3,
    is_nano: false,
    stats: [],
    spell_data: [],
    actions: [],
    attack_defense: null,
    animation_mesh: null
  },
  {
    id: 42,
    aoid: 12345,
    name: 'Test Item',
    ql: 200,
    description: 'Test item',
    item_class: 3,
    is_nano: false,
    stats: [],
    spell_data: [],
    actions: [],
    attack_defense: null,
    animation_mesh: null
  },
  {
    id: 43,
    aoid: 12345,
    name: 'Test Item',
    ql: 200,
    description: 'Test item',
    item_class: 3,
    is_nano: false,
    stats: [],
    spell_data: [],
    actions: [],
    attack_defense: null,
    animation_mesh: null
  },
  {
    id: 44,
    aoid: 12345,
    name: 'Test Item',
    ql: 200,
    description: 'Test item',
    item_class: 3,
    is_nano: false,
    stats: [],
    spell_data: [],
    actions: [],
    attack_defense: null,
    animation_mesh: null
  },
  {
    id: 45,
    aoid: 12345,
    name: 'Test Item',
    ql: 200,
    description: 'Test item',
    item_class: 3,
    is_nano: false,
    stats: [],
    spell_data: [],
    actions: [],
    attack_defense: null,
    animation_mesh: null
  },
  {
    id: 46,
    aoid: 12345,
    name: 'Test Item',
    ql: 200,
    description: 'Test item',
    item_class: 3,
    is_nano: false,
    stats: [],
    spell_data: [],
    actions: [],
    attack_defense: null,
    animation_mesh: null
  },
  {
    id: 47,
    aoid: 12345,
    name: 'Test Item',
    ql: 200,
    description: 'Test item',
    item_class: 3,
    is_nano: false,
    stats: [],
    spell_data: [],
    actions: [],
    attack_defense: null,
    animation_mesh: null
  },
  {
    id: 48,
    aoid: 12345,
    name: 'Test Item',
    ql: 200,
    description: 'Test item',
    item_class: 3,
    is_nano: false,
    stats: [],
    spell_data: [],
    actions: [],
    attack_defense: null,
    animation_mesh: null
  }
] viewMode="grid" pagination= {
  page: 2,
  limit: 24,
  offset: 24,
  total: 100,
  hasNext: true,
  hasPrev: true
}  ... > 
  at <VTUROOT>
[Vue warn]: Failed to resolve component: Dialog
If this is a native custom element, make sure to exclude it from component resolution via compilerOptions.isCustomElement. 
  at <ItemList items= [
  {
    id: 25,
    aoid: 12345,
    name: 'Test Item',
    ql: 200,
    description: 'Test item',
    item_class: 3,
    is_nano: false,
    stats: [],
    spell_data: [],
    actions: [],
    attack_defense: null,
    animation_mesh: null
  },
  {
    id: 26,
    aoid: 12345,
    name: 'Test Item',
    ql: 200,
    description: 'Test item',
    item_class: 3,
    is_nano: false,
    stats: [],
    spell_data: [],
    actions: [],
    attack_defense: null,
    animation_mesh: null
  },
  {
    id: 27,
    aoid: 12345,
    name: 'Test Item',
    ql: 200,
    description: 'Test item',
    item_class: 3,
    is_nano: false,
    stats: [],
    spell_data: [],
    actions: [],
    attack_defense: null,
    animation_mesh: null
  },
  {
    id: 28,
    aoid: 12345,
    name: 'Test Item',
    ql: 200,
    description: 'Test item',
    item_class: 3,
    is_nano: false,
    stats: [],
    spell_data: [],
    actions: [],
    attack_defense: null,
    animation_mesh: null
  },
  {
    id: 29,
    aoid: 12345,
    name: 'Test Item',
    ql: 200,
    description: 'Test item',
    item_class: 3,
    is_nano: false,
    stats: [],
    spell_data: [],
    actions: [],
    attack_defense: null,
    animation_mesh: null
  },
  {
    id: 30,
    aoid: 12345,
    name: 'Test Item',
    ql: 200,
    description: 'Test item',
    item_class: 3,
    is_nano: false,
    stats: [],
    spell_data: [],
    actions: [],
    attack_defense: null,
    animation_mesh: null
  },
  {
    id: 31,
    aoid: 12345,
    name: 'Test Item',
    ql: 200,
    description: 'Test item',
    item_class: 3,
    is_nano: false,
    stats: [],
    spell_data: [],
    actions: [],
    attack_defense: null,
    animation_mesh: null
  },
  {
    id: 32,
    aoid: 12345,
    name: 'Test Item',
    ql: 200,
    description: 'Test item',
    item_class: 3,
    is_nano: false,
    stats: [],
    spell_data: [],
    actions: [],
    attack_defense: null,
    animation_mesh: null
  },
  {
    id: 33,
    aoid: 12345,
    name: 'Test Item',
    ql: 200,
    description: 'Test item',
    item_class: 3,
    is_nano: false,
    stats: [],
    spell_data: [],
    actions: [],
    attack_defense: null,
    animation_mesh: null
  },
  {
    id: 34,
    aoid: 12345,
    name: 'Test Item',
    ql: 200,
    description: 'Test item',
    item_class: 3,
    is_nano: false,
    stats: [],
    spell_data: [],
    actions: [],
    attack_defense: null,
    animation_mesh: null
  },
  {
    id: 35,
    aoid: 12345,
    name: 'Test Item',
    ql: 200,
    description: 'Test item',
    item_class: 3,
    is_nano: false,
    stats: [],
    spell_data: [],
    actions: [],
    attack_defense: null,
    animation_mesh: null
  },
  {
    id: 36,
    aoid: 12345,
    name: 'Test Item',
    ql: 200,
    description: 'Test item',
    item_class: 3,
    is_nano: false,
    stats: [],
    spell_data: [],
    actions: [],
    attack_defense: null,
    animation_mesh: null
  },
  {
    id: 37,
    aoid: 12345,
    name: 'Test Item',
    ql: 200,
    description: 'Test item',
    item_class: 3,
    is_nano: false,
    stats: [],
    spell_data: [],
    actions: [],
    attack_defense: null,
    animation_mesh: null
  },
  {
    id: 38,
    aoid: 12345,
    name: 'Test Item',
    ql: 200,
    description: 'Test item',
    item_class: 3,
    is_nano: false,
    stats: [],
    spell_data: [],
    actions: [],
    attack_defense: null,
    animation_mesh: null
  },
  {
    id: 39,
    aoid: 12345,
    name: 'Test Item',
    ql: 200,
    description: 'Test item',
    item_class: 3,
    is_nano: false,
    stats: [],
    spell_data: [],
    actions: [],
    attack_defense: null,
    animation_mesh: null
  },
  {
    id: 40,
    aoid: 12345,
    name: 'Test Item',
    ql: 200,
    description: 'Test item',
    item_class: 3,
    is_nano: false,
    stats: [],
    spell_data: [],
    actions: [],
    attack_defense: null,
    animation_mesh: null
  },
  {
    id: 41,
    aoid: 12345,
    name: 'Test Item',
    ql: 200,
    description: 'Test item',
    item_class: 3,
    is_nano: false,
    stats: [],
    spell_data: [],
    actions: [],
    attack_defense: null,
    animation_mesh: null
  },
  {
    id: 42,
    aoid: 12345,
    name: 'Test Item',
    ql: 200,
    description: 'Test item',
    item_class: 3,
    is_nano: false,
    stats: [],
    spell_data: [],
    actions: [],
    attack_defense: null,
    animation_mesh: null
  },
  {
    id: 43,
    aoid: 12345,
    name: 'Test Item',
    ql: 200,
    description: 'Test item',
    item_class: 3,
    is_nano: false,
    stats: [],
    spell_data: [],
    actions: [],
    attack_defense: null,
    animation_mesh: null
  },
  {
    id: 44,
    aoid: 12345,
    name: 'Test Item',
    ql: 200,
    description: 'Test item',
    item_class: 3,
    is_nano: false,
    stats: [],
    spell_data: [],
    actions: [],
    attack_defense: null,
    animation_mesh: null
  },
  {
    id: 45,
    aoid: 12345,
    name: 'Test Item',
    ql: 200,
    description: 'Test item',
    item_class: 3,
    is_nano: false,
    stats: [],
    spell_data: [],
    actions: [],
    attack_defense: null,
    animation_mesh: null
  },
  {
    id: 46,
    aoid: 12345,
    name: 'Test Item',
    ql: 200,
    description: 'Test item',
    item_class: 3,
    is_nano: false,
    stats: [],
    spell_data: [],
    actions: [],
    attack_defense: null,
    animation_mesh: null
  },
  {
    id: 47,
    aoid: 12345,
    name: 'Test Item',
    ql: 200,
    description: 'Test item',
    item_class: 3,
    is_nano: false,
    stats: [],
    spell_data: [],
    actions: [],
    attack_defense: null,
    animation_mesh: null
  },
  {
    id: 48,
    aoid: 12345,
    name: 'Test Item',
    ql: 200,
    description: 'Test item',
    item_class: 3,
    is_nano: false,
    stats: [],
    spell_data: [],
    actions: [],
    attack_defense: null,
    animation_mesh: null
  }
] viewMode="grid" pagination= {
  page: 2,
  limit: 24,
  offset: 24,
  total: 100,
  hasNext: true,
  hasPrev: true
}  ... > 
  at <VTUROOT>
[Vue warn]: Failed to resolve directive: tooltip 
  at <ItemList items= [
  {
    id: 25,
    aoid: 12345,
    name: 'Test Item',
    ql: 200,
    description: 'Test item',
    item_class: 3,
    is_nano: false,
    stats: [],
    spell_data: [],
    actions: [],
    attack_defense: null,
    animation_mesh: null
  },
  {
    id: 26,
    aoid: 12345,
    name: 'Test Item',
    ql: 200,
    description: 'Test item',
    item_class: 3,
    is_nano: false,
    stats: [],
    spell_data: [],
    actions: [],
    attack_defense: null,
    animation_mesh: null
  },
  {
    id: 27,
    aoid: 12345,
    name: 'Test Item',
    ql: 200,
    description: 'Test item',
    item_class: 3,
    is_nano: false,
    stats: [],
    spell_data: [],
    actions: [],
    attack_defense: null,
    animation_mesh: null
  },
  {
    id: 28,
    aoid: 12345,
    name: 'Test Item',
    ql: 200,
    description: 'Test item',
    item_class: 3,
    is_nano: false,
    stats: [],
    spell_data: [],
    actions: [],
    attack_defense: null,
    animation_mesh: null
  },
  {
    id: 29,
    aoid: 12345,
    name: 'Test Item',
    ql: 200,
    description: 'Test item',
    item_class: 3,
    is_nano: false,
    stats: [],
    spell_data: [],
    actions: [],
    attack_defense: null,
    animation_mesh: null
  },
  {
    id: 30,
    aoid: 12345,
    name: 'Test Item',
    ql: 200,
    description: 'Test item',
    item_class: 3,
    is_nano: false,
    stats: [],
    spell_data: [],
    actions: [],
    attack_defense: null,
    animation_mesh: null
  },
  {
    id: 31,
    aoid: 12345,
    name: 'Test Item',
    ql: 200,
    description: 'Test item',
    item_class: 3,
    is_nano: false,
    stats: [],
    spell_data: [],
    actions: [],
    attack_defense: null,
    animation_mesh: null
  },
  {
    id: 32,
    aoid: 12345,
    name: 'Test Item',
    ql: 200,
    description: 'Test item',
    item_class: 3,
    is_nano: false,
    stats: [],
    spell_data: [],
    actions: [],
    attack_defense: null,
    animation_mesh: null
  },
  {
    id: 33,
    aoid: 12345,
    name: 'Test Item',
    ql: 200,
    description: 'Test item',
    item_class: 3,
    is_nano: false,
    stats: [],
    spell_data: [],
    actions: [],
    attack_defense: null,
    animation_mesh: null
  },
  {
    id: 34,
    aoid: 12345,
    name: 'Test Item',
    ql: 200,
    description: 'Test item',
    item_class: 3,
    is_nano: false,
    stats: [],
    spell_data: [],
    actions: [],
    attack_defense: null,
    animation_mesh: null
  },
  {
    id: 35,
    aoid: 12345,
    name: 'Test Item',
    ql: 200,
    description: 'Test item',
    item_class: 3,
    is_nano: false,
    stats: [],
    spell_data: [],
    actions: [],
    attack_defense: null,
    animation_mesh: null
  },
  {
    id: 36,
    aoid: 12345,
    name: 'Test Item',
    ql: 200,
    description: 'Test item',
    item_class: 3,
    is_nano: false,
    stats: [],
    spell_data: [],
    actions: [],
    attack_defense: null,
    animation_mesh: null
  },
  {
    id: 37,
    aoid: 12345,
    name: 'Test Item',
    ql: 200,
    description: 'Test item',
    item_class: 3,
    is_nano: false,
    stats: [],
    spell_data: [],
    actions: [],
    attack_defense: null,
    animation_mesh: null
  },
  {
    id: 38,
    aoid: 12345,
    name: 'Test Item',
    ql: 200,
    description: 'Test item',
    item_class: 3,
    is_nano: false,
    stats: [],
    spell_data: [],
    actions: [],
    attack_defense: null,
    animation_mesh: null
  },
  {
    id: 39,
    aoid: 12345,
    name: 'Test Item',
    ql: 200,
    description: 'Test item',
    item_class: 3,
    is_nano: false,
    stats: [],
    spell_data: [],
    actions: [],
    attack_defense: null,
    animation_mesh: null
  },
  {
    id: 40,
    aoid: 12345,
    name: 'Test Item',
    ql: 200,
    description: 'Test item',
    item_class: 3,
    is_nano: false,
    stats: [],
    spell_data: [],
    actions: [],
    attack_defense: null,
    animation_mesh: null
  },
  {
    id: 41,
    aoid: 12345,
    name: 'Test Item',
    ql: 200,
    description: 'Test item',
    item_class: 3,
    is_nano: false,
    stats: [],
    spell_data: [],
    actions: [],
    attack_defense: null,
    animation_mesh: null
  },
  {
    id: 42,
    aoid: 12345,
    name: 'Test Item',
    ql: 200,
    description: 'Test item',
    item_class: 3,
    is_nano: false,
    stats: [],
    spell_data: [],
    actions: [],
    attack_defense: null,
    animation_mesh: null
  },
  {
    id: 43,
    aoid: 12345,
    name: 'Test Item',
    ql: 200,
    description: 'Test item',
    item_class: 3,
    is_nano: false,
    stats: [],
    spell_data: [],
    actions: [],
    attack_defense: null,
    animation_mesh: null
  },
  {
    id: 44,
    aoid: 12345,
    name: 'Test Item',
    ql: 200,
    description: 'Test item',
    item_class: 3,
    is_nano: false,
    stats: [],
    spell_data: [],
    actions: [],
    attack_defense: null,
    animation_mesh: null
  },
  {
    id: 45,
    aoid: 12345,
    name: 'Test Item',
    ql: 200,
    description: 'Test item',
    item_class: 3,
    is_nano: false,
    stats: [],
    spell_data: [],
    actions: [],
    attack_defense: null,
    animation_mesh: null
  },
  {
    id: 46,
    aoid: 12345,
    name: 'Test Item',
    ql: 200,
    description: 'Test item',
    item_class: 3,
    is_nano: false,
    stats: [],
    spell_data: [],
    actions: [],
    attack_defense: null,
    animation_mesh: null
  },
  {
    id: 47,
    aoid: 12345,
    name: 'Test Item',
    ql: 200,
    description: 'Test item',
    item_class: 3,
    is_nano: false,
    stats: [],
    spell_data: [],
    actions: [],
    attack_defense: null,
    animation_mesh: null
  },
  {
    id: 48,
    aoid: 12345,
    name: 'Test Item',
    ql: 200,
    description: 'Test item',
    item_class: 3,
    is_nano: false,
    stats: [],
    spell_data: [],
    actions: [],
    attack_defense: null,
    animation_mesh: null
  }
] viewMode="grid" pagination= {
  page: 2,
  limit: 24,
  offset: 24,
  total: 100,
  hasNext: true,
  hasPrev: true
}  ... > 
  at <VTUROOT>

 ❯ src/__tests__/pagination-fix.test.ts  (12 tests | 9 failed) 100ms
   × Pagination Fix > API Client Offset Calculation > should calculate correct offset for page 1
     → Cannot read properties of undefined (reading 'data')
   × Pagination Fix > API Client Offset Calculation > should calculate correct offset for page 2
     → Cannot read properties of undefined (reading 'data')
   × Pagination Fix > API Client Offset Calculation > should calculate correct offset for page 3
     → Cannot read properties of undefined (reading 'data')
   × Pagination Fix > API Client Offset Calculation > should handle different page sizes correctly
     → Cannot read properties of undefined (reading 'data')
   × Pagination Fix > API Client Offset Calculation > should work for filter endpoint as well
     → Cannot read properties of undefined (reading 'data')
   × Pagination Fix > ItemList Pagination State Management > should emit correct page number when paginator events trigger
     → Cannot call vm on an empty VueWrapper.
   × Pagination Fix > ItemList Pagination State Management > should handle page calculations correctly for different page sizes
     → Cannot call vm on an empty VueWrapper.
   × Pagination Fix > ItemList Pagination State Management > should display correct pagination info text
     → expected '24 items' to contain 'Showing 25-48 of 100 items'
   × Pagination Fix > Integration Tests > should handle complete pagination workflow
     → Cannot read properties of undefined (reading 'data')
stderr | src/__tests__/views/TinkerProfileDetail.equipment.test.ts > TinkerProfileDetail Equipment Section > Equipment Section Rendering > should pass correct equipment data to display components
[Vue warn]: Failed to resolve component: router-link
If this is a native custom element, make sure to exclude it from component resolution via compilerOptions.isCustomElement. 
  at <TinkerProfileDetail profileId="test-profile-id" ref="VTU_COMPONENT" > 
  at <VTUROOT>
[Vue warn]: Failed to resolve component: router-link
If this is a native custom element, make sure to exclude it from component resolution via compilerOptions.isCustomElement. 
  at <TinkerProfileDetail profileId="test-profile-id" ref="VTU_COMPONENT" > 
  at <VTUROOT>
[Vue warn]: Failed to resolve directive: tooltip 
  at <BuffTable buffs= [] currentNCU=0 maxNCU=0  ... > 
  at <TabPanel> 
  at <TabView activeIndex=0 onUpdate:activeIndex=fn class="h-full profile-tabs" > 
  at <TinkerProfileDetail profileId="test-profile-id" ref="VTU_COMPONENT" > 
  at <VTUROOT>
[Vue warn]: Failed to resolve directive: tooltip 
  at <PerkTable perks= [] perk-type="SL" editable=false  ... > 
  at <TabPanel> 
  at <TabView class="h-full perk-tabs-container" > 
  at <PerkTabs profile= {
  id: 'test-profile-id',
  version: '2.0.0',
  created: '2025-10-12T22:18:08.203Z',
  updated: '2025-10-12T22:18:08.203Z',
  Character: {
    Name: 'Test Character',
    Level: 60,
    Profession: 6,
    Breed: 1,
    Faction: 'Neutral',
    Expansion: 'Lost Eden',
    AccountType: 'Paid',
    MaxHealth: 1500,
    MaxNano: 800
  },
  Skills: {
    Attributes: {
      Intelligence: [Object],
      Psychic: [Object],
      Sense: [Object],
      Stamina: [Object],
      Strength: [Object],
      Agility: [Object]
    },
    'Body & Defense': {},
    ACs: {},
    'Ranged Weapons': {},
    'Ranged Specials': {},
    'Melee Weapons': {},
    'Melee Specials': {},
    'Nanos & Casting': {},
    Exploring: {},
    'Trade & Repair': {},
    'Combat & Healing': {},
    Misc: {}
  },
  Clothing: {
    Chest: {
      id: 1,
      aoid: 246660,
      name: "Combined Commando's Jacket",
      ql: 300,
      description: 'A tactical jacket',
      item_class: 2,
      is_nano: false,
      stats: [Array],
      spell_data: [],
      actions: [],
      attack_stats: [],
      defense_stats: []
    },
    Head: {
      id: 1,
      aoid: 246660,
      name: 'Head Gear',
      ql: 300,
      description: 'A tactical jacket',
      item_class: 2,
      is_nano: false,
      stats: [Array],
      spell_data: [],
      actions: [],
      attack_stats: [],
      defense_stats: []
    },
    Legs: {
      id: 1,
      aoid: 246660,
      name: 'Leg Armor',
      ql: 300,
      description: 'A tactical jacket',
      item_class: 2,
      is_nano: false,
      stats: [Array],
      spell_data: [],
      actions: [],
      attack_stats: [],
      defense_stats: []
    }
  },
  Weapons: {},
  Implants: {},
  PerksAndResearch: []
} > 
  at <TabPanel> 
  at <TabView activeIndex=0 onUpdate:activeIndex=fn class="h-full profile-tabs" > 
  at <TinkerProfileDetail profileId="test-profile-id" ref="VTU_COMPONENT" > 
  at <VTUROOT>
[Vue warn]: Failed to resolve directive: tooltip 
  at <PerkTable perks= [] perk-type="AI" editable=false  ... > 
  at <TabPanel> 
  at <TabView class="h-full perk-tabs-container" > 
  at <PerkTabs profile= {
  id: 'test-profile-id',
  version: '2.0.0',
  created: '2025-10-12T22:18:08.203Z',
  updated: '2025-10-12T22:18:08.203Z',
  Character: {
    Name: 'Test Character',
    Level: 60,
    Profession: 6,
    Breed: 1,
    Faction: 'Neutral',
    Expansion: 'Lost Eden',
    AccountType: 'Paid',
    MaxHealth: 1500,
    MaxNano: 800
  },
  Skills: {
    Attributes: {
      Intelligence: [Object],
      Psychic: [Object],
      Sense: [Object],
      Stamina: [Object],
      Strength: [Object],
      Agility: [Object]
    },
    'Body & Defense': {},
    ACs: {},
    'Ranged Weapons': {},
    'Ranged Specials': {},
    'Melee Weapons': {},
    'Melee Specials': {},
    'Nanos & Casting': {},
    Exploring: {},
    'Trade & Repair': {},
    'Combat & Healing': {},
    Misc: {}
  },
  Clothing: {
    Chest: {
      id: 1,
      aoid: 246660,
      name: "Combined Commando's Jacket",
      ql: 300,
      description: 'A tactical jacket',
      item_class: 2,
      is_nano: false,
      stats: [Array],
      spell_data: [],
      actions: [],
      attack_stats: [],
      defense_stats: []
    },
    Head: {
      id: 1,
      aoid: 246660,
      name: 'Head Gear',
      ql: 300,
      description: 'A tactical jacket',
      item_class: 2,
      is_nano: false,
      stats: [Array],
      spell_data: [],
      actions: [],
      attack_stats: [],
      defense_stats: []
    },
    Legs: {
      id: 1,
      aoid: 246660,
      name: 'Leg Armor',
      ql: 300,
      description: 'A tactical jacket',
      item_class: 2,
      is_nano: false,
      stats: [Array],
      spell_data: [],
      actions: [],
      attack_stats: [],
      defense_stats: []
    }
  },
  Weapons: {},
  Implants: {},
  PerksAndResearch: []
} > 
  at <TabPanel> 
  at <TabView activeIndex=0 onUpdate:activeIndex=fn class="h-full profile-tabs" > 
  at <TinkerProfileDetail profileId="test-profile-id" ref="VTU_COMPONENT" > 
  at <VTUROOT>
[Vue warn]: Failed to resolve directive: tooltip 
  at <PerkTable perks= [] perk-type="LE" editable=false  ... > 
  at <TabPanel> 
  at <TabView class="h-full perk-tabs-container" > 
  at <PerkTabs profile= {
  id: 'test-profile-id',
  version: '2.0.0',
  created: '2025-10-12T22:18:08.203Z',
  updated: '2025-10-12T22:18:08.203Z',
  Character: {
    Name: 'Test Character',
    Level: 60,
    Profession: 6,
    Breed: 1,
    Faction: 'Neutral',
    Expansion: 'Lost Eden',
    AccountType: 'Paid',
    MaxHealth: 1500,
    MaxNano: 800
  },
  Skills: {
    Attributes: {
      Intelligence: [Object],
      Psychic: [Object],
      Sense: [Object],
      Stamina: [Object],
      Strength: [Object],
      Agility: [Object]
    },
    'Body & Defense': {},
    ACs: {},
    'Ranged Weapons': {},
    'Ranged Specials': {},
    'Melee Weapons': {},
    'Melee Specials': {},
    'Nanos & Casting': {},
    Exploring: {},
    'Trade & Repair': {},
    'Combat & Healing': {},
    Misc: {}
  },
  Clothing: {
    Chest: {
      id: 1,
      aoid: 246660,
      name: "Combined Commando's Jacket",
      ql: 300,
      description: 'A tactical jacket',
      item_class: 2,
      is_nano: false,
      stats: [Array],
      spell_data: [],
      actions: [],
      attack_stats: [],
      defense_stats: []
    },
    Head: {
      id: 1,
      aoid: 246660,
      name: 'Head Gear',
      ql: 300,
      description: 'A tactical jacket',
      item_class: 2,
      is_nano: false,
      stats: [Array],
      spell_data: [],
      actions: [],
      attack_stats: [],
      defense_stats: []
    },
    Legs: {
      id: 1,
      aoid: 246660,
      name: 'Leg Armor',
      ql: 300,
      description: 'A tactical jacket',
      item_class: 2,
      is_nano: false,
      stats: [Array],
      spell_data: [],
      actions: [],
      attack_stats: [],
      defense_stats: []
    }
  },
  Weapons: {},
  Implants: {},
  PerksAndResearch: []
} > 
  at <TabPanel> 
  at <TabView activeIndex=0 onUpdate:activeIndex=fn class="h-full profile-tabs" > 
  at <TinkerProfileDetail profileId="test-profile-id" ref="VTU_COMPONENT" > 
  at <VTUROOT>
[Vue warn]: Failed to resolve directive: tooltip 
  at <BuffTable buffs= [] currentNCU=0 maxNCU=0  ... > 
  at <TabPanel> 
  at <TabView activeIndex=0 onUpdate:activeIndex=fn class="h-full profile-tabs" > 
  at <TinkerProfileDetail profileId="test-profile-id" ref="VTU_COMPONENT" > 
  at <VTUROOT>

stdout | src/__tests__/lib/tinkerprofiles.test.ts > TinkerProfiles Library > Profile Creation > should create profile through manager
[ProfileStorage] Saved profile profile_1760307488193_thx6hnnkh to individual key (v4.0.0 format with computed totals)
[ProfileStorage] Saved profile profile_1760307488193_thx6hnnkh to individual key (v4.0.0 format with computed totals)

stdout | src/__tests__/lib/tinkerprofiles.test.ts > TinkerProfiles Library > Profile Management > should load a profile by ID
[ProfileStorage] Saved profile profile_1760307488204_g4fpt8cgy to individual key (v4.0.0 format with computed totals)
[ProfileStorage] Saved profile profile_1760307488204_g4fpt8cgy to individual key (v4.0.0 format with computed totals)
[ProfileStorage] Saved profile profile_1760307488204_g4fpt8cgy to individual key (v4.0.0 format with computed totals)

stdout | src/__tests__/lib/tinkerprofiles.test.ts > TinkerProfiles Library > Profile Management > should update a profile
[ProfileStorage] Saved profile profile_1760307488208_jb634b3a9 to individual key (v4.0.0 format with computed totals)
[ProfileStorage] Saved profile profile_1760307488208_jb634b3a9 to individual key (v4.0.0 format with computed totals)
[ProfileStorage] Saved profile profile_1760307488208_jb634b3a9 to individual key (v4.0.0 format with computed totals)
[ProfileStorage] Saved profile profile_1760307488208_jb634b3a9 to individual key (v4.0.0 format with computed totals)
[ProfileStorage] Saved profile profile_1760307488208_jb634b3a9 to individual key (v4.0.0 format with computed totals)

stdout | src/__tests__/lib/tinkerprofiles.test.ts > TinkerProfiles Library > Profile Management > should delete a profile
[ProfileStorage] Saved profile profile_1760307488213_mmn2gdclg to individual key (v4.0.0 format with computed totals)
[ProfileStorage] Deleted profile profile_1760307488213_mmn2gdclg

stdout | src/__tests__/lib/tinkerprofiles.test.ts > TinkerProfiles Library > Profile Management > should get profile metadata
[ProfileStorage] Saved profile profile_1760307488215_r1w3cif34 to individual key (v4.0.0 format with computed totals)

stdout | src/__tests__/lib/tinkerprofiles.test.ts > TinkerProfiles Library > Active Profile Management > should set and get active profile
[ProfileStorage] Saved profile profile_1760307488218_xz7likdud to individual key (v4.0.0 format with computed totals)
[ProfileStorage] Saved profile profile_1760307488219_wijn6rdh6 to individual key (v4.0.0 format with computed totals)
[ProfileStorage] Saved profile profile_1760307488218_xz7likdud to individual key (v4.0.0 format with computed totals)
[ProfileStorage] Saved profile profile_1760307488218_xz7likdud to individual key (v4.0.0 format with computed totals)

stdout | src/__tests__/lib/tinkerprofiles.test.ts > TinkerProfiles Library > Active Profile Management > should switch active profile
[ProfileStorage] Saved profile profile_1760307488223_33mxl093z to individual key (v4.0.0 format with computed totals)
[ProfileStorage] Saved profile profile_1760307488225_6dd8g19t7 to individual key (v4.0.0 format with computed totals)
[ProfileStorage] Saved profile profile_1760307488223_33mxl093z to individual key (v4.0.0 format with computed totals)
[ProfileStorage] Saved profile profile_1760307488223_33mxl093z to individual key (v4.0.0 format with computed totals)
[ProfileStorage] Saved profile profile_1760307488225_6dd8g19t7 to individual key (v4.0.0 format with computed totals)
[ProfileStorage] Saved profile profile_1760307488225_6dd8g19t7 to individual key (v4.0.0 format with computed totals)

stdout | src/__tests__/lib/tinkerprofiles.test.ts > TinkerProfiles Library > Active Profile Management > should clear active profile
[ProfileStorage] Saved profile profile_1760307488231_vej9ihgct to individual key (v4.0.0 format with computed totals)
[ProfileStorage] Saved profile profile_1760307488235_dy65r1jh9 to individual key (v4.0.0 format with computed totals)
[ProfileStorage] Saved profile profile_1760307488231_vej9ihgct to individual key (v4.0.0 format with computed totals)
[ProfileStorage] Saved profile profile_1760307488231_vej9ihgct to individual key (v4.0.0 format with computed totals)

stdout | src/__tests__/lib/tinkerprofiles.test.ts > TinkerProfiles Library > Profile Validation > should validate a valid profile
[ProfileStorage] Saved profile profile_1760307488241_kswbx7w4o to individual key (v4.0.0 format with computed totals)
[ProfileStorage] Saved profile profile_1760307488241_kswbx7w4o to individual key (v4.0.0 format with computed totals)
[ProfileStorage] Saved profile profile_1760307488241_kswbx7w4o to individual key (v4.0.0 format with computed totals)

stdout | src/__tests__/lib/tinkerprofiles.test.ts > TinkerProfiles Library > Profile Validation > should detect validation errors
[ProfileStorage] Saved profile profile_1760307488246_m7p4fcjt5 to individual key (v4.0.0 format with computed totals)
[ProfileStorage] Saved profile profile_1760307488246_m7p4fcjt5 to individual key (v4.0.0 format with computed totals)
[ProfileStorage] Saved profile profile_1760307488246_m7p4fcjt5 to individual key (v4.0.0 format with computed totals)
[ProfileStorage] Saved profile profile_1760307488246_m7p4fcjt5 to individual key (v4.0.0 format with computed totals)
[ProfileStorage] Saved profile profile_1760307488246_m7p4fcjt5 to individual key (v4.0.0 format with computed totals)

stderr | src/__tests__/lib/tinkerprofiles.test.ts > TinkerProfiles Library > Profile Validation > should detect validation errors
[ProfileStorage] Loaded profile profile_1760307488246_m7p4fcjt5 has invalid IDs: [ 'Invalid profession ID: 999. Must be between 1-15.' ]

stdout | src/__tests__/lib/tinkerprofiles.test.ts > TinkerProfiles Library > Import/Export > should export profile to JSON
[ProfileStorage] Saved profile profile_1760307488251_3luo0ymqv to individual key (v4.0.0 format with computed totals)
[ProfileStorage] Saved profile profile_1760307488251_3luo0ymqv to individual key (v4.0.0 format with computed totals)
[ProfileStorage] Saved profile profile_1760307488251_3luo0ymqv to individual key (v4.0.0 format with computed totals)
[ProfileStorage] Saved profile profile_1760307488251_3luo0ymqv to individual key (v4.0.0 format with computed totals)

stdout | src/__tests__/lib/tinkerprofiles.test.ts > TinkerProfiles Library > Import/Export > should import profile from JSON
[ProfileStorage] Saved profile profile_1760307488257_rnalwftw2 to individual key (v4.0.0 format with computed totals)
[ProfileStorage] Saved profile profile_1760307488257_rnalwftw2 to individual key (v4.0.0 format with computed totals)
[ProfileStorage] Saved profile profile_1760307488257_rnalwftw2 to individual key (v4.0.0 format with computed totals)
[ProfileStorage] Saved profile profile_1760307488257_rnalwftw2 to individual key (v4.0.0 format with computed totals)
[ProfileStorage] Saved profile profile_1760307488260_d3zrfca9e to individual key (v4.0.0 format with computed totals)

stdout | src/__tests__/lib/tinkerprofiles.test.ts > TinkerProfiles Library > Import/Export > should handle invalid import data
[ProfileStorage] Saved profile profile_1760307488262_44klh4vna to individual key (v4.0.0 format with computed totals)
[ProfileStorage] Saved profile profile_1760307488262_44klh4vna to individual key (v4.0.0 format with computed totals)
[ProfileStorage] Saved profile profile_1760307488262_44klh4vna to individual key (v4.0.0 format with computed totals)

stdout | src/__tests__/lib/tinkerprofiles.test.ts > TinkerProfiles Library > Profile Search > should search profiles by name
[ProfileStorage] Saved profile profile_1760307488264_o5vzxb9hu to individual key (v4.0.0 format with computed totals)
[ProfileStorage] Saved profile profile_1760307488265_r60uhxt8y to individual key (v4.0.0 format with computed totals)

stdout | src/__tests__/lib/tinkerprofiles.test.ts > TinkerProfiles Library > Profile Search > should filter profiles by profession
[ProfileStorage] Saved profile profile_1760307488266_rqg7eeu36 to individual key (v4.0.0 format with computed totals)
[ProfileStorage] Saved profile profile_1760307488267_6nqsoar7b to individual key (v4.0.0 format with computed totals)

stdout | src/__tests__/lib/tinkerprofiles.test.ts > TinkerProfiles Library > Profile Search > should filter profiles by level range
[ProfileStorage] Saved profile profile_1760307488269_4849qw847 to individual key (v4.0.0 format with computed totals)
[ProfileStorage] Saved profile profile_1760307488270_xa5wypnjd to individual key (v4.0.0 format with computed totals)

stdout | src/__tests__/lib/tinkerprofiles.test.ts > TinkerProfiles Library > Profile Search > should sort profiles
[ProfileStorage] Saved profile profile_1760307488272_n5by67ayz to individual key (v4.0.0 format with computed totals)
[ProfileStorage] Saved profile profile_1760307488272_fqwhadh6o to individual key (v4.0.0 format with computed totals)

stdout | src/__tests__/lib/tinkerprofiles.test.ts > TinkerProfiles Library > Profile Transformations > should convert to nano-compatible profile
[ProfileStorage] Saved profile profile_1760307488275_zomat2e7u to individual key (v4.0.0 format with computed totals)
[ProfileStorage] Saved profile profile_1760307488275_zomat2e7u to individual key (v4.0.0 format with computed totals)
[ProfileStorage] Saved profile profile_1760307488275_zomat2e7u to individual key (v4.0.0 format with computed totals)

stdout | src/__tests__/lib/tinkerprofiles.test.ts > TinkerProfiles Library > Profile Transformations > should create profile from nano-compatible
[ProfileStorage] Saved profile profile_1760307488280_3p3huwiqm to individual key (v4.0.0 format with computed totals)

stdout | src/__tests__/lib/tinkerprofiles.test.ts > TinkerProfiles Library > Storage Statistics > should return storage statistics
[ProfileStorage] Saved profile profile_1760307488282_2vpgdqqc7 to individual key (v4.0.0 format with computed totals)
[ProfileStorage] Saved profile profile_1760307488284_2v3xprs7z to individual key (v4.0.0 format with computed totals)
[ProfileStorage] Saved profile profile_1760307488285_q7j1xg12j to individual key (v4.0.0 format with computed totals)

 ❯ src/__tests__/lib/tinkerprofiles.test.ts  (25 tests | 7 failed) 109ms
   × TinkerProfiles Library > Profile Creation > should create a default profile with correct structure
     → expected 5 to be 10 // Object.is equality
   × TinkerProfiles Library > Profile Creation > should create a nano-compatible profile
     → expected 5 to be 1 // Object.is equality
   × TinkerProfiles Library > Profile Validation > should validate a valid profile
     → expected false to be true // Object.is equality
   × TinkerProfiles Library > Profile Transformations > should convert to nano-compatible profile
     → this.transformer.toNanoCompatible is not a function
   × TinkerProfiles Library > Profile Transformations > should create profile from nano-compatible
     → this.transformer.fromNanoCompatible is not a function
   × TinkerProfiles Constants > should provide correct profession options
     → expected [ 'Adventurer', 'Agent', …(12) ] to include 6
   × TinkerProfiles Constants > should provide correct breed options
     → expected [ 'Solitus', 'Opifex', …(2) ] to include 1
stderr | src/__tests__/views/TinkerNukes.integration.test.ts > TinkerNukes Integration Tests > Real Backend Integration > loads profiles from backend
[Vue Router warn]: No match found for location with path "/"
[Vue warn]: Failed to resolve directive: tooltip 
  at <NukeInputForm input-state= {
  characterStats: {
    breed: 1,
    level: 1,
    psychic: 6,
    nanoInit: 1,
    maxNano: 1,
    nanoDelta: 1,
    matterCreation: 1,
    matterMeta: 1,
    bioMeta: 1,
    psychModi: 1,
    sensoryImp: 1,
    timeSpace: 1,
    spec: 0
  },
  damageModifiers: {
    projectile: 0,
    melee: 0,
    energy: 0,
    chemical: 0,
    radiation: 0,
    cold: 0,
    nano: 0,
    fire: 0,
    poison: 0,
    directNanoDamageEfficiency: 0,
    targetAC: 0
  },
  buffPresets: {
    crunchcom: 0,
    humidity: 0,
    notumSiphon: 0,
    channeling: 0,
    enhanceNanoDamage: 0,
    ancientMatrix: 0
  }
} active-profile=null onUpdate:inputState=fn<onInputStateUpdate> > 
  at <TinkerNukes ref="VTU_COMPONENT" > 
  at <VTUROOT>
[Vue warn]: Failed to resolve directive: tooltip 
  at <DamageModifiersSection damage-modifiers= {
  projectile: 0,
  melee: 0,
  energy: 0,
  chemical: 0,
  radiation: 0,
  cold: 0,
  nano: 0,
  fire: 0,
  poison: 0,
  directNanoDamageEfficiency: 0,
  targetAC: 0
} enhance-nano-damage=0 ancient-matrix=0  ... > 
  at <AccordionTab header="Damage Modifiers" > 
  at <Transition name="p-toggleable-content" data-pc-section="accordiontab.transition" > 
  at <Accordion multiple=true active-index= [] > 
  at <NukeInputForm input-state= {
  characterStats: {
    breed: 1,
    level: 1,
    psychic: 6,
    nanoInit: 1,
    maxNano: 1,
    nanoDelta: 1,
    matterCreation: 1,
    matterMeta: 1,
    bioMeta: 1,
    psychModi: 1,
    sensoryImp: 1,
    timeSpace: 1,
    spec: 0
  },
  damageModifiers: {
    projectile: 0,
    melee: 0,
    energy: 0,
    chemical: 0,
    radiation: 0,
    cold: 0,
    nano: 0,
    fire: 0,
    poison: 0,
    directNanoDamageEfficiency: 0,
    targetAC: 0
  },
  buffPresets: {
    crunchcom: 0,
    humidity: 0,
    notumSiphon: 0,
    channeling: 0,
    enhanceNanoDamage: 0,
    ancientMatrix: 0
  }
} active-profile=null onUpdate:inputState=fn<onInputStateUpdate> > 
  at <TinkerNukes ref="VTU_COMPONENT" > 
  at <VTUROOT>

stdout | src/__tests__/stores/plants-integration.test.ts > Plants Store Integration > Profiles Store Integration > manages active profile selection
[ProfileStorage] Saved profile profile_1760307488360_hmvs6lk4j to individual key (v4.0.0 format with computed totals)

stderr | src/__tests__/views/TinkerNukes.integration.test.ts > TinkerNukes Integration Tests > Real Backend Integration > loads profiles from backend
[Vue warn]: Failed to resolve directive: tooltip 
  at <NukeInputForm input-state= {
  characterStats: {
    breed: 1,
    level: 1,
    psychic: 6,
    nanoInit: 1,
    maxNano: 1,
    nanoDelta: 1,
    matterCreation: 1,
    matterMeta: 1,
    bioMeta: 1,
    psychModi: 1,
    sensoryImp: 1,
    timeSpace: 1,
    spec: 0
  },
  damageModifiers: {
    projectile: 0,
    melee: 0,
    energy: 0,
    chemical: 0,
    radiation: 0,
    cold: 0,
    nano: 0,
    fire: 0,
    poison: 0,
    directNanoDamageEfficiency: 0,
    targetAC: 0
  },
  buffPresets: {
    crunchcom: 0,
    humidity: 0,
    notumSiphon: 0,
    channeling: 0,
    enhanceNanoDamage: 0,
    ancientMatrix: 0
  }
} active-profile=null onUpdate:inputState=fn<onInputStateUpdate> > 
  at <TinkerNukes ref="VTU_COMPONENT" > 
  at <VTUROOT>

stderr | src/__tests__/views/TinkerProfileDetail.equipment.test.ts > TinkerProfileDetail Equipment Section > Equipment Helper Functions > should return complete equipment records, not just first item
[Vue warn]: Failed to resolve component: router-link
If this is a native custom element, make sure to exclude it from component resolution via compilerOptions.isCustomElement. 
  at <TinkerProfileDetail profileId="test-profile-id" ref="VTU_COMPONENT" > 
  at <VTUROOT>
[Vue warn]: Failed to resolve component: router-link
If this is a native custom element, make sure to exclude it from component resolution via compilerOptions.isCustomElement. 
  at <TinkerProfileDetail profileId="test-profile-id" ref="VTU_COMPONENT" > 
  at <VTUROOT>
[Vue warn]: Failed to resolve directive: tooltip 
  at <BuffTable buffs= [] currentNCU=0 maxNCU=0  ... > 
  at <TabPanel> 
  at <TabView activeIndex=0 onUpdate:activeIndex=fn class="h-full profile-tabs" > 
  at <TinkerProfileDetail profileId="test-profile-id" ref="VTU_COMPONENT" > 
  at <VTUROOT>
[Vue warn]: Failed to resolve directive: tooltip 
  at <PerkTable perks= [] perk-type="SL" editable=false  ... > 
  at <TabPanel> 
  at <TabView class="h-full perk-tabs-container" > 
  at <PerkTabs profile= {
  id: 'test-profile-id',
  version: '2.0.0',
  created: '2025-10-12T22:18:08.366Z',
  updated: '2025-10-12T22:18:08.366Z',
  Character: {
    Name: 'Test Character',
    Level: 60,
    Profession: 6,
    Breed: 1,
    Faction: 'Neutral',
    Expansion: 'Lost Eden',
    AccountType: 'Paid',
    MaxHealth: 1500,
    MaxNano: 800
  },
  Skills: {
    Attributes: {
      Intelligence: [Object],
      Psychic: [Object],
      Sense: [Object],
      Stamina: [Object],
      Strength: [Object],
      Agility: [Object]
    },
    'Body & Defense': {},
    ACs: {},
    'Ranged Weapons': {},
    'Ranged Specials': {},
    'Melee Weapons': {},
    'Melee Specials': {},
    'Nanos & Casting': {},
    Exploring: {},
    'Trade & Repair': {},
    'Combat & Healing': {},
    Misc: {}
  },
  Clothing: {
    Chest: {
      id: 1,
      aoid: 246660,
      name: "Combined Commando's Jacket",
      ql: 300,
      description: 'A tactical jacket',
      item_class: 2,
      is_nano: false,
      stats: [Array],
      spell_data: [],
      actions: [],
      attack_stats: [],
      defense_stats: []
    },
    Head: {
      id: 2,
      aoid: 246660,
      name: 'Head Gear',
      ql: 300,
      description: 'A tactical jacket',
      item_class: 2,
      is_nano: false,
      stats: [Array],
      spell_data: [],
      actions: [],
      attack_stats: [],
      defense_stats: []
    },
    Legs: {
      id: 3,
      aoid: 246660,
      name: 'Leg Armor',
      ql: 300,
      description: 'A tactical jacket',
      item_class: 2,
      is_nano: false,
      stats: [Array],
      spell_data: [],
      actions: [],
      attack_stats: [],
      defense_stats: []
    },
    Feet: {
      id: 4,
      aoid: 246660,
      name: 'Boots',
      ql: 300,
      description: 'A tactical jacket',
      item_class: 2,
      is_nano: false,
      stats: [Array],
      spell_data: [],
      actions: [],
      attack_stats: [],
      defense_stats: []
    }
  },
  Weapons: {},
  Implants: {},
  PerksAndResearch: []
} > 
  at <TabPanel> 
  at <TabView activeIndex=0 onUpdate:activeIndex=fn class="h-full profile-tabs" > 
  at <TinkerProfileDetail profileId="test-profile-id" ref="VTU_COMPONENT" > 
  at <VTUROOT>
[Vue warn]: Failed to resolve directive: tooltip 
  at <PerkTable perks= [] perk-type="AI" editable=false  ... > 
  at <TabPanel> 
  at <TabView class="h-full perk-tabs-container" > 
  at <PerkTabs profile= {
  id: 'test-profile-id',
  version: '2.0.0',
  created: '2025-10-12T22:18:08.366Z',
  updated: '2025-10-12T22:18:08.366Z',
  Character: {
    Name: 'Test Character',
    Level: 60,
    Profession: 6,
    Breed: 1,
    Faction: 'Neutral',
    Expansion: 'Lost Eden',
    AccountType: 'Paid',
    MaxHealth: 1500,
    MaxNano: 800
  },
  Skills: {
    Attributes: {
      Intelligence: [Object],
      Psychic: [Object],
      Sense: [Object],
      Stamina: [Object],
      Strength: [Object],
      Agility: [Object]
    },
    'Body & Defense': {},
    ACs: {},
    'Ranged Weapons': {},
    'Ranged Specials': {},
    'Melee Weapons': {},
    'Melee Specials': {},
    'Nanos & Casting': {},
    Exploring: {},
    'Trade & Repair': {},
    'Combat & Healing': {},
    Misc: {}
  },
  Clothing: {
    Chest: {
      id: 1,
      aoid: 246660,
      name: "Combined Commando's Jacket",
      ql: 300,
      description: 'A tactical jacket',
      item_class: 2,
      is_nano: false,
      stats: [Array],
      spell_data: [],
      actions: [],
      attack_stats: [],
      defense_stats: []
    },
    Head: {
      id: 2,
      aoid: 246660,
      name: 'Head Gear',
      ql: 300,
      description: 'A tactical jacket',
      item_class: 2,
      is_nano: false,
      stats: [Array],
      spell_data: [],
      actions: [],
      attack_stats: [],
      defense_stats: []
    },
    Legs: {
      id: 3,
      aoid: 246660,
      name: 'Leg Armor',
      ql: 300,
      description: 'A tactical jacket',
      item_class: 2,
      is_nano: false,
      stats: [Array],
      spell_data: [],
      actions: [],
      attack_stats: [],
      defense_stats: []
    },
    Feet: {
      id: 4,
      aoid: 246660,
      name: 'Boots',
      ql: 300,
      description: 'A tactical jacket',
      item_class: 2,
      is_nano: false,
      stats: [Array],
      spell_data: [],
      actions: [],
      attack_stats: [],
      defense_stats: []
    }
  },
  Weapons: {},
  Implants: {},
  PerksAndResearch: []
} > 
  at <TabPanel> 
  at <TabView activeIndex=0 onUpdate:activeIndex=fn class="h-full profile-tabs" > 
  at <TinkerProfileDetail profileId="test-profile-id" ref="VTU_COMPONENT" > 
  at <VTUROOT>
[Vue warn]: Failed to resolve directive: tooltip 
  at <PerkTable perks= [] perk-type="LE" editable=false  ... > 
  at <TabPanel> 
  at <TabView class="h-full perk-tabs-container" > 
  at <PerkTabs profile= {
  id: 'test-profile-id',
  version: '2.0.0',
  created: '2025-10-12T22:18:08.366Z',
  updated: '2025-10-12T22:18:08.366Z',
  Character: {
    Name: 'Test Character',
    Level: 60,
    Profession: 6,
    Breed: 1,
    Faction: 'Neutral',
    Expansion: 'Lost Eden',
    AccountType: 'Paid',
    MaxHealth: 1500,
    MaxNano: 800
  },
  Skills: {
    Attributes: {
      Intelligence: [Object],
      Psychic: [Object],
      Sense: [Object],
      Stamina: [Object],
      Strength: [Object],
      Agility: [Object]
    },
    'Body & Defense': {},
    ACs: {},
    'Ranged Weapons': {},
    'Ranged Specials': {},
    'Melee Weapons': {},
    'Melee Specials': {},
    'Nanos & Casting': {},
    Exploring: {},
    'Trade & Repair': {},
    'Combat & Healing': {},
    Misc: {}
  },
  Clothing: {
    Chest: {
      id: 1,
      aoid: 246660,
      name: "Combined Commando's Jacket",
      ql: 300,
      description: 'A tactical jacket',
      item_class: 2,
      is_nano: false,
      stats: [Array],
      spell_data: [],
      actions: [],
      attack_stats: [],
      defense_stats: []
    },
    Head: {
      id: 2,
      aoid: 246660,
      name: 'Head Gear',
      ql: 300,
      description: 'A tactical jacket',
      item_class: 2,
      is_nano: false,
      stats: [Array],
      spell_data: [],
      actions: [],
      attack_stats: [],
      defense_stats: []
    },
    Legs: {
      id: 3,
      aoid: 246660,
      name: 'Leg Armor',
      ql: 300,
      description: 'A tactical jacket',
      item_class: 2,
      is_nano: false,
      stats: [Array],
      spell_data: [],
      actions: [],
      attack_stats: [],
      defense_stats: []
    },
    Feet: {
      id: 4,
      aoid: 246660,
      name: 'Boots',
      ql: 300,
      description: 'A tactical jacket',
      item_class: 2,
      is_nano: false,
      stats: [Array],
      spell_data: [],
      actions: [],
      attack_stats: [],
      defense_stats: []
    }
  },
  Weapons: {},
  Implants: {},
  PerksAndResearch: []
} > 
  at <TabPanel> 
  at <TabView activeIndex=0 onUpdate:activeIndex=fn class="h-full profile-tabs" > 
  at <TinkerProfileDetail profileId="test-profile-id" ref="VTU_COMPONENT" > 
  at <VTUROOT>
[Vue warn]: Failed to resolve directive: tooltip 
  at <BuffTable buffs= [] currentNCU=0 maxNCU=0  ... > 
  at <TabPanel> 
  at <TabView activeIndex=0 onUpdate:activeIndex=fn class="h-full profile-tabs" > 
  at <TinkerProfileDetail profileId="test-profile-id" ref="VTU_COMPONENT" > 
  at <VTUROOT>

stdout | src/__tests__/stores/plants-integration.test.ts > Plants Store Integration > Profiles Store Integration > manages active profile selection
[ProfileStorage] Saved profile profile_1760307488360_hmvs6lk4j to individual key (v4.0.0 format with computed totals)
[ProfileStorage] Saved profile profile_1760307488360_hmvs6lk4j to individual key (v4.0.0 format with computed totals)
[ProfileStorage] Saved profile profile_1760307488360_hmvs6lk4j to individual key (v4.0.0 format with computed totals)
[ProfileStorage] Saved profile profile_1760307488360_hmvs6lk4j to individual key (v4.0.0 format with computed totals)
[ProfileStorage] Saved profile profile_1760307488360_hmvs6lk4j to individual key (v4.0.0 format with computed totals)

stdout | src/__tests__/stores/plants-integration.test.ts > Plants Store Integration > Profiles Store Integration > clears active profile
[ProfileStorage] Saved profile profile_1760307488378_9zpasmjq3 to individual key (v4.0.0 format with computed totals)
[ProfileStorage] Saved profile profile_1760307488378_9zpasmjq3 to individual key (v4.0.0 format with computed totals)
[ProfileStorage] Saved profile profile_1760307488378_9zpasmjq3 to individual key (v4.0.0 format with computed totals)
[ProfileStorage] Saved profile profile_1760307488378_9zpasmjq3 to individual key (v4.0.0 format with computed totals)
[ProfileStorage] Saved profile profile_1760307488378_9zpasmjq3 to individual key (v4.0.0 format with computed totals)
[ProfileStorage] Saved profile profile_1760307488378_9zpasmjq3 to individual key (v4.0.0 format with computed totals)

stdout | src/__tests__/stores/plants-integration.test.ts > Plants Store Integration > Profiles Store Integration > provides profile statistics for character building
[ProfileStorage] Saved profile profile_1760307488389_j89f9vq5n to individual key (v4.0.0 format with computed totals)
[ProfileStorage] Saved profile profile_1760307488389_j89f9vq5n to individual key (v4.0.0 format with computed totals)
[ProfileStorage] Saved profile profile_1760307488389_j89f9vq5n to individual key (v4.0.0 format with computed totals)
[ProfileStorage] Saved profile profile_1760307488389_j89f9vq5n to individual key (v4.0.0 format with computed totals)
[ProfileStorage] Saved profile profile_1760307488389_j89f9vq5n to individual key (v4.0.0 format with computed totals)

stdout | src/__tests__/stores/plants-integration.test.ts > Plants Store Integration > Character Stat Calculations > calculates base character stats from profile
[ProfileStorage] Saved profile profile_1760307488401_c0ixyg17t to individual key (v4.0.0 format with computed totals)
[ProfileStorage] Saved profile profile_1760307488401_c0ixyg17t to individual key (v4.0.0 format with computed totals)
[ProfileStorage] Saved profile profile_1760307488401_c0ixyg17t to individual key (v4.0.0 format with computed totals)
[ProfileStorage] Saved profile profile_1760307488401_c0ixyg17t to individual key (v4.0.0 format with computed totals)
[ProfileStorage] Saved profile profile_1760307488401_c0ixyg17t to individual key (v4.0.0 format with computed totals)

 ❯ src/__tests__/stores/plants-integration.test.ts  (20 tests | 5 failed) 83ms
   × Plants Store Integration > Symbiants Store Integration > loads symbiants for plants use
     → No symbiant data received
   × Plants Store Integration > Symbiants Store Integration > provides symbiant family organization
     → No symbiant data received
   × Plants Store Integration > Symbiants Store Integration > searches symbiants with filtering capabilities
     → symbiantsStore.searchSymbiants is not a function
   × Plants Store Integration > Symbiants Store Integration > caches symbiants for performance
     → No symbiant data received
   × Plants Store Integration > Performance and Caching > handles large symbiant datasets efficiently
     → No symbiant data received
stderr | src/__tests__/views/TinkerNukes.integration.test.ts > TinkerNukes Integration Tests > Real Backend Integration > filters nanos to only Nanotechnician offensive types
[Vue Router warn]: No match found for location with path "/"
[Vue warn]: Failed to resolve directive: tooltip 
  at <NukeInputForm input-state= {
  characterStats: {
    breed: 1,
    level: 1,
    psychic: 6,
    nanoInit: 1,
    maxNano: 1,
    nanoDelta: 1,
    matterCreation: 1,
    matterMeta: 1,
    bioMeta: 1,
    psychModi: 1,
    sensoryImp: 1,
    timeSpace: 1,
    spec: 0
  },
  damageModifiers: {
    projectile: 0,
    melee: 0,
    energy: 0,
    chemical: 0,
    radiation: 0,
    cold: 0,
    nano: 0,
    fire: 0,
    poison: 0,
    directNanoDamageEfficiency: 0,
    targetAC: 0
  },
  buffPresets: {
    crunchcom: 0,
    humidity: 0,
    notumSiphon: 0,
    channeling: 0,
    enhanceNanoDamage: 0,
    ancientMatrix: 0
  }
} active-profile=null onUpdate:inputState=fn<onInputStateUpdate> > 
  at <TinkerNukes ref="VTU_COMPONENT" > 
  at <VTUROOT>
[Vue warn]: Failed to resolve directive: tooltip 
  at <DamageModifiersSection damage-modifiers= {
  projectile: 0,
  melee: 0,
  energy: 0,
  chemical: 0,
  radiation: 0,
  cold: 0,
  nano: 0,
  fire: 0,
  poison: 0,
  directNanoDamageEfficiency: 0,
  targetAC: 0
} enhance-nano-damage=0 ancient-matrix=0  ... > 
  at <AccordionTab header="Damage Modifiers" > 
  at <Transition name="p-toggleable-content" data-pc-section="accordiontab.transition" > 
  at <Accordion multiple=true active-index= [] > 
  at <NukeInputForm input-state= {
  characterStats: {
    breed: 1,
    level: 1,
    psychic: 6,
    nanoInit: 1,
    maxNano: 1,
    nanoDelta: 1,
    matterCreation: 1,
    matterMeta: 1,
    bioMeta: 1,
    psychModi: 1,
    sensoryImp: 1,
    timeSpace: 1,
    spec: 0
  },
  damageModifiers: {
    projectile: 0,
    melee: 0,
    energy: 0,
    chemical: 0,
    radiation: 0,
    cold: 0,
    nano: 0,
    fire: 0,
    poison: 0,
    directNanoDamageEfficiency: 0,
    targetAC: 0
  },
  buffPresets: {
    crunchcom: 0,
    humidity: 0,
    notumSiphon: 0,
    channeling: 0,
    enhanceNanoDamage: 0,
    ancientMatrix: 0
  }
} active-profile=null onUpdate:inputState=fn<onInputStateUpdate> > 
  at <TinkerNukes ref="VTU_COMPONENT" > 
  at <VTUROOT>

stderr | src/__tests__/views/TinkerNukes.integration.test.ts > TinkerNukes Integration Tests > Real Backend Integration > filters nanos to only Nanotechnician offensive types
[Vue warn]: Failed to resolve directive: tooltip 
  at <NukeInputForm input-state= {
  characterStats: {
    breed: 1,
    level: 1,
    psychic: 6,
    nanoInit: 1,
    maxNano: 1,
    nanoDelta: 1,
    matterCreation: 1,
    matterMeta: 1,
    bioMeta: 1,
    psychModi: 1,
    sensoryImp: 1,
    timeSpace: 1,
    spec: 0
  },
  damageModifiers: {
    projectile: 0,
    melee: 0,
    energy: 0,
    chemical: 0,
    radiation: 0,
    cold: 0,
    nano: 0,
    fire: 0,
    poison: 0,
    directNanoDamageEfficiency: 0,
    targetAC: 0
  },
  buffPresets: {
    crunchcom: 0,
    humidity: 0,
    notumSiphon: 0,
    channeling: 0,
    enhanceNanoDamage: 0,
    ancientMatrix: 0
  }
} active-profile=null onUpdate:inputState=fn<onInputStateUpdate> > 
  at <TinkerNukes ref="VTU_COMPONENT" > 
  at <VTUROOT>

stderr | src/__tests__/views/TinkerProfileDetail.equipment.test.ts > TinkerProfileDetail Equipment Section > Equipment Helper Functions > should handle empty equipment gracefully
[Vue warn]: Failed to resolve component: router-link
If this is a native custom element, make sure to exclude it from component resolution via compilerOptions.isCustomElement. 
  at <TinkerProfileDetail profileId="test-profile-id" ref="VTU_COMPONENT" > 
  at <VTUROOT>
[Vue warn]: Failed to resolve component: router-link
If this is a native custom element, make sure to exclude it from component resolution via compilerOptions.isCustomElement. 
  at <TinkerProfileDetail profileId="test-profile-id" ref="VTU_COMPONENT" > 
  at <VTUROOT>
[Vue warn]: Failed to resolve directive: tooltip 
  at <BuffTable buffs= [] currentNCU=0 maxNCU=0  ... > 
  at <TabPanel> 
  at <TabView activeIndex=0 onUpdate:activeIndex=fn class="h-full profile-tabs" > 
  at <TinkerProfileDetail profileId="test-profile-id" ref="VTU_COMPONENT" > 
  at <VTUROOT>
[Vue warn]: Failed to resolve directive: tooltip 
  at <PerkTable perks= [] perk-type="SL" editable=false  ... > 
  at <TabPanel> 
  at <TabView class="h-full perk-tabs-container" > 
  at <PerkTabs profile= {
  id: 'test-profile-id',
  version: '2.0.0',
  created: '2025-10-12T22:18:08.507Z',
  updated: '2025-10-12T22:18:08.507Z',
  Character: {
    Name: 'Test Character',
    Level: 60,
    Profession: 6,
    Breed: 1,
    Faction: 'Neutral',
    Expansion: 'Lost Eden',
    AccountType: 'Paid',
    MaxHealth: 1500,
    MaxNano: 800
  },
  Skills: {
    Attributes: {
      Intelligence: [Object],
      Psychic: [Object],
      Sense: [Object],
      Stamina: [Object],
      Strength: [Object],
      Agility: [Object]
    },
    'Body & Defense': {},
    ACs: {},
    'Ranged Weapons': {},
    'Ranged Specials': {},
    'Melee Weapons': {},
    'Melee Specials': {},
    'Nanos & Casting': {},
    Exploring: {},
    'Trade & Repair': {},
    'Combat & Healing': {},
    Misc: {}
  },
  Clothing: {},
  Weapons: {},
  Implants: {},
  PerksAndResearch: []
} > 
  at <TabPanel> 
  at <TabView activeIndex=0 onUpdate:activeIndex=fn class="h-full profile-tabs" > 
  at <TinkerProfileDetail profileId="test-profile-id" ref="VTU_COMPONENT" > 
  at <VTUROOT>
[Vue warn]: Failed to resolve directive: tooltip 
  at <PerkTable perks= [] perk-type="AI" editable=false  ... > 
  at <TabPanel> 
  at <TabView class="h-full perk-tabs-container" > 
  at <PerkTabs profile= {
  id: 'test-profile-id',
  version: '2.0.0',
  created: '2025-10-12T22:18:08.507Z',
  updated: '2025-10-12T22:18:08.507Z',
  Character: {
    Name: 'Test Character',
    Level: 60,
    Profession: 6,
    Breed: 1,
    Faction: 'Neutral',
    Expansion: 'Lost Eden',
    AccountType: 'Paid',
    MaxHealth: 1500,
    MaxNano: 800
  },
  Skills: {
    Attributes: {
      Intelligence: [Object],
      Psychic: [Object],
      Sense: [Object],
      Stamina: [Object],
      Strength: [Object],
      Agility: [Object]
    },
    'Body & Defense': {},
    ACs: {},
    'Ranged Weapons': {},
    'Ranged Specials': {},
    'Melee Weapons': {},
    'Melee Specials': {},
    'Nanos & Casting': {},
    Exploring: {},
    'Trade & Repair': {},
    'Combat & Healing': {},
    Misc: {}
  },
  Clothing: {},
  Weapons: {},
  Implants: {},
  PerksAndResearch: []
} > 
  at <TabPanel> 
  at <TabView activeIndex=0 onUpdate:activeIndex=fn class="h-full profile-tabs" > 
  at <TinkerProfileDetail profileId="test-profile-id" ref="VTU_COMPONENT" > 
  at <VTUROOT>
[Vue warn]: Failed to resolve directive: tooltip 
  at <PerkTable perks= [] perk-type="LE" editable=false  ... > 
  at <TabPanel> 
  at <TabView class="h-full perk-tabs-container" > 
  at <PerkTabs profile= {
  id: 'test-profile-id',
  version: '2.0.0',
  created: '2025-10-12T22:18:08.507Z',
  updated: '2025-10-12T22:18:08.507Z',
  Character: {
    Name: 'Test Character',
    Level: 60,
    Profession: 6,
    Breed: 1,
    Faction: 'Neutral',
    Expansion: 'Lost Eden',
    AccountType: 'Paid',
    MaxHealth: 1500,
    MaxNano: 800
  },
  Skills: {
    Attributes: {
      Intelligence: [Object],
      Psychic: [Object],
      Sense: [Object],
      Stamina: [Object],
      Strength: [Object],
      Agility: [Object]
    },
    'Body & Defense': {},
    ACs: {},
    'Ranged Weapons': {},
    'Ranged Specials': {},
    'Melee Weapons': {},
    'Melee Specials': {},
    'Nanos & Casting': {},
    Exploring: {},
    'Trade & Repair': {},
    'Combat & Healing': {},
    Misc: {}
  },
  Clothing: {},
  Weapons: {},
  Implants: {},
  PerksAndResearch: []
} > 
  at <TabPanel> 
  at <TabView activeIndex=0 onUpdate:activeIndex=fn class="h-full profile-tabs" > 
  at <TinkerProfileDetail profileId="test-profile-id" ref="VTU_COMPONENT" > 
  at <VTUROOT>
[Vue warn]: Failed to resolve directive: tooltip 
  at <BuffTable buffs= [] currentNCU=0 maxNCU=0  ... > 
  at <TabPanel> 
  at <TabView activeIndex=0 onUpdate:activeIndex=fn class="h-full profile-tabs" > 
  at <TinkerProfileDetail profileId="test-profile-id" ref="VTU_COMPONENT" > 
  at <VTUROOT>

stderr | src/__tests__/views/TinkerProfileDetail.equipment.test.ts > TinkerProfileDetail Equipment Section > Legacy Compatibility > should display items in Body slot correctly (legacy profiles)
[Vue warn]: Failed to resolve component: router-link
If this is a native custom element, make sure to exclude it from component resolution via compilerOptions.isCustomElement. 
  at <TinkerProfileDetail profileId="test-profile-id" ref="VTU_COMPONENT" > 
  at <VTUROOT>
[Vue warn]: Failed to resolve component: router-link
If this is a native custom element, make sure to exclude it from component resolution via compilerOptions.isCustomElement. 
  at <TinkerProfileDetail profileId="test-profile-id" ref="VTU_COMPONENT" > 
  at <VTUROOT>
[Vue warn]: Failed to resolve directive: tooltip 
  at <BuffTable buffs= [] currentNCU=0 maxNCU=0  ... > 
  at <TabPanel> 
  at <TabView activeIndex=0 onUpdate:activeIndex=fn class="h-full profile-tabs" > 
  at <TinkerProfileDetail profileId="test-profile-id" ref="VTU_COMPONENT" > 
  at <VTUROOT>
[Vue warn]: Failed to resolve directive: tooltip 
  at <PerkTable perks= [] perk-type="SL" editable=false  ... > 
  at <TabPanel> 
  at <TabView class="h-full perk-tabs-container" > 
  at <PerkTabs profile= {
  id: 'test-profile-id',
  version: '2.0.0',
  created: '2025-10-12T22:18:08.643Z',
  updated: '2025-10-12T22:18:08.643Z',
  Character: {
    Name: 'Test Character',
    Level: 60,
    Profession: 6,
    Breed: 1,
    Faction: 'Neutral',
    Expansion: 'Lost Eden',
    AccountType: 'Paid',
    MaxHealth: 1500,
    MaxNano: 800
  },
  Skills: {
    Attributes: {
      Intelligence: [Object],
      Psychic: [Object],
      Sense: [Object],
      Stamina: [Object],
      Strength: [Object],
      Agility: [Object]
    },
    'Body & Defense': {},
    ACs: {},
    'Ranged Weapons': {},
    'Ranged Specials': {},
    'Melee Weapons': {},
    'Melee Specials': {},
    'Nanos & Casting': {},
    Exploring: {},
    'Trade & Repair': {},
    'Combat & Healing': {},
    Misc: {}
  },
  Clothing: {
    Body: {
      id: 1,
      aoid: 246660,
      name: "Combined Commando's Jacket",
      ql: 300,
      description: 'A tactical jacket',
      item_class: 2,
      is_nano: false,
      stats: [Array],
      spell_data: [],
      actions: [],
      attack_stats: [],
      defense_stats: []
    },
    Head: {
      id: 1,
      aoid: 246660,
      name: 'Head Gear',
      ql: 300,
      description: 'A tactical jacket',
      item_class: 2,
      is_nano: false,
      stats: [Array],
      spell_data: [],
      actions: [],
      attack_stats: [],
      defense_stats: []
    }
  },
  Weapons: {},
  Implants: {},
  PerksAndResearch: []
} > 
  at <TabPanel> 
  at <TabView activeIndex=0 onUpdate:activeIndex=fn class="h-full profile-tabs" > 
  at <TinkerProfileDetail profileId="test-profile-id" ref="VTU_COMPONENT" > 
  at <VTUROOT>
[Vue warn]: Failed to resolve directive: tooltip 
  at <PerkTable perks= [] perk-type="AI" editable=false  ... > 
  at <TabPanel> 
  at <TabView class="h-full perk-tabs-container" > 
  at <PerkTabs profile= {
  id: 'test-profile-id',
  version: '2.0.0',
  created: '2025-10-12T22:18:08.643Z',
  updated: '2025-10-12T22:18:08.643Z',
  Character: {
    Name: 'Test Character',
    Level: 60,
    Profession: 6,
    Breed: 1,
    Faction: 'Neutral',
    Expansion: 'Lost Eden',
    AccountType: 'Paid',
    MaxHealth: 1500,
    MaxNano: 800
  },
  Skills: {
    Attributes: {
      Intelligence: [Object],
      Psychic: [Object],
      Sense: [Object],
      Stamina: [Object],
      Strength: [Object],
      Agility: [Object]
    },
    'Body & Defense': {},
    ACs: {},
    'Ranged Weapons': {},
    'Ranged Specials': {},
    'Melee Weapons': {},
    'Melee Specials': {},
    'Nanos & Casting': {},
    Exploring: {},
    'Trade & Repair': {},
    'Combat & Healing': {},
    Misc: {}
  },
  Clothing: {
    Body: {
      id: 1,
      aoid: 246660,
      name: "Combined Commando's Jacket",
      ql: 300,
      description: 'A tactical jacket',
      item_class: 2,
      is_nano: false,
      stats: [Array],
      spell_data: [],
      actions: [],
      attack_stats: [],
      defense_stats: []
    },
    Head: {
      id: 1,
      aoid: 246660,
      name: 'Head Gear',
      ql: 300,
      description: 'A tactical jacket',
      item_class: 2,
      is_nano: false,
      stats: [Array],
      spell_data: [],
      actions: [],
      attack_stats: [],
      defense_stats: []
    }
  },
  Weapons: {},
  Implants: {},
  PerksAndResearch: []
} > 
  at <TabPanel> 
  at <TabView activeIndex=0 onUpdate:activeIndex=fn class="h-full profile-tabs" > 
  at <TinkerProfileDetail profileId="test-profile-id" ref="VTU_COMPONENT" > 
  at <VTUROOT>
[Vue warn]: Failed to resolve directive: tooltip 
  at <PerkTable perks= [] perk-type="LE" editable=false  ... > 
  at <TabPanel> 
  at <TabView class="h-full perk-tabs-container" > 
  at <PerkTabs profile= {
  id: 'test-profile-id',
  version: '2.0.0',
  created: '2025-10-12T22:18:08.643Z',
  updated: '2025-10-12T22:18:08.643Z',
  Character: {
    Name: 'Test Character',
    Level: 60,
    Profession: 6,
    Breed: 1,
    Faction: 'Neutral',
    Expansion: 'Lost Eden',
    AccountType: 'Paid',
    MaxHealth: 1500,
    MaxNano: 800
  },
  Skills: {
    Attributes: {
      Intelligence: [Object],
      Psychic: [Object],
      Sense: [Object],
      Stamina: [Object],
      Strength: [Object],
      Agility: [Object]
    },
    'Body & Defense': {},
    ACs: {},
    'Ranged Weapons': {},
    'Ranged Specials': {},
    'Melee Weapons': {},
    'Melee Specials': {},
    'Nanos & Casting': {},
    Exploring: {},
    'Trade & Repair': {},
    'Combat & Healing': {},
    Misc: {}
  },
  Clothing: {
    Body: {
      id: 1,
      aoid: 246660,
      name: "Combined Commando's Jacket",
      ql: 300,
      description: 'A tactical jacket',
      item_class: 2,
      is_nano: false,
      stats: [Array],
      spell_data: [],
      actions: [],
      attack_stats: [],
      defense_stats: []
    },
    Head: {
      id: 1,
      aoid: 246660,
      name: 'Head Gear',
      ql: 300,
      description: 'A tactical jacket',
      item_class: 2,
      is_nano: false,
      stats: [Array],
      spell_data: [],
      actions: [],
      attack_stats: [],
      defense_stats: []
    }
  },
  Weapons: {},
  Implants: {},
  PerksAndResearch: []
} > 
  at <TabPanel> 
  at <TabView activeIndex=0 onUpdate:activeIndex=fn class="h-full profile-tabs" > 
  at <TinkerProfileDetail profileId="test-profile-id" ref="VTU_COMPONENT" > 
  at <VTUROOT>
[Vue warn]: Failed to resolve directive: tooltip 
  at <BuffTable buffs= [] currentNCU=0 maxNCU=0  ... > 
  at <TabPanel> 
  at <TabView activeIndex=0 onUpdate:activeIndex=fn class="h-full profile-tabs" > 
  at <TinkerProfileDetail profileId="test-profile-id" ref="VTU_COMPONENT" > 
  at <VTUROOT>

stderr | src/__tests__/views/TinkerNukes.integration.test.ts > TinkerNukes Integration Tests > Skill Management > starts with manual skills disabled
[Vue Router warn]: No match found for location with path "/"
[Vue warn]: Failed to resolve directive: tooltip 
  at <NukeInputForm input-state= {
  characterStats: {
    breed: 1,
    level: 1,
    psychic: 6,
    nanoInit: 1,
    maxNano: 1,
    nanoDelta: 1,
    matterCreation: 1,
    matterMeta: 1,
    bioMeta: 1,
    psychModi: 1,
    sensoryImp: 1,
    timeSpace: 1,
    spec: 0
  },
  damageModifiers: {
    projectile: 0,
    melee: 0,
    energy: 0,
    chemical: 0,
    radiation: 0,
    cold: 0,
    nano: 0,
    fire: 0,
    poison: 0,
    directNanoDamageEfficiency: 0,
    targetAC: 0
  },
  buffPresets: {
    crunchcom: 0,
    humidity: 0,
    notumSiphon: 0,
    channeling: 0,
    enhanceNanoDamage: 0,
    ancientMatrix: 0
  }
} active-profile=null onUpdate:inputState=fn<onInputStateUpdate> > 
  at <TinkerNukes ref="VTU_COMPONENT" > 
  at <VTUROOT>
[Vue warn]: Failed to resolve directive: tooltip 
  at <DamageModifiersSection damage-modifiers= {
  projectile: 0,
  melee: 0,
  energy: 0,
  chemical: 0,
  radiation: 0,
  cold: 0,
  nano: 0,
  fire: 0,
  poison: 0,
  directNanoDamageEfficiency: 0,
  targetAC: 0
} enhance-nano-damage=0 ancient-matrix=0  ... > 
  at <AccordionTab header="Damage Modifiers" > 
  at <Transition name="p-toggleable-content" data-pc-section="accordiontab.transition" > 
  at <Accordion multiple=true active-index= [] > 
  at <NukeInputForm input-state= {
  characterStats: {
    breed: 1,
    level: 1,
    psychic: 6,
    nanoInit: 1,
    maxNano: 1,
    nanoDelta: 1,
    matterCreation: 1,
    matterMeta: 1,
    bioMeta: 1,
    psychModi: 1,
    sensoryImp: 1,
    timeSpace: 1,
    spec: 0
  },
  damageModifiers: {
    projectile: 0,
    melee: 0,
    energy: 0,
    chemical: 0,
    radiation: 0,
    cold: 0,
    nano: 0,
    fire: 0,
    poison: 0,
    directNanoDamageEfficiency: 0,
    targetAC: 0
  },
  buffPresets: {
    crunchcom: 0,
    humidity: 0,
    notumSiphon: 0,
    channeling: 0,
    enhanceNanoDamage: 0,
    ancientMatrix: 0
  }
} active-profile=null onUpdate:inputState=fn<onInputStateUpdate> > 
  at <TinkerNukes ref="VTU_COMPONENT" > 
  at <VTUROOT>

stderr | src/__tests__/views/TinkerNukes.integration.test.ts > TinkerNukes Integration Tests > Skill Management > toggles manual skills mode
[Vue Router warn]: No match found for location with path "/"
[Vue warn]: Failed to resolve directive: tooltip 
  at <NukeInputForm input-state= {
  characterStats: {
    breed: 1,
    level: 1,
    psychic: 6,
    nanoInit: 1,
    maxNano: 1,
    nanoDelta: 1,
    matterCreation: 1,
    matterMeta: 1,
    bioMeta: 1,
    psychModi: 1,
    sensoryImp: 1,
    timeSpace: 1,
    spec: 0
  },
  damageModifiers: {
    projectile: 0,
    melee: 0,
    energy: 0,
    chemical: 0,
    radiation: 0,
    cold: 0,
    nano: 0,
    fire: 0,
    poison: 0,
    directNanoDamageEfficiency: 0,
    targetAC: 0
  },
  buffPresets: {
    crunchcom: 0,
    humidity: 0,
    notumSiphon: 0,
    channeling: 0,
    enhanceNanoDamage: 0,
    ancientMatrix: 0
  }
} active-profile=null onUpdate:inputState=fn<onInputStateUpdate> > 
  at <TinkerNukes ref="VTU_COMPONENT" > 
  at <VTUROOT>
[Vue warn]: Failed to resolve directive: tooltip 
  at <DamageModifiersSection damage-modifiers= {
  projectile: 0,
  melee: 0,
  energy: 0,
  chemical: 0,
  radiation: 0,
  cold: 0,
  nano: 0,
  fire: 0,
  poison: 0,
  directNanoDamageEfficiency: 0,
  targetAC: 0
} enhance-nano-damage=0 ancient-matrix=0  ... > 
  at <AccordionTab header="Damage Modifiers" > 
  at <Transition name="p-toggleable-content" data-pc-section="accordiontab.transition" > 
  at <Accordion multiple=true active-index= [] > 
  at <NukeInputForm input-state= {
  characterStats: {
    breed: 1,
    level: 1,
    psychic: 6,
    nanoInit: 1,
    maxNano: 1,
    nanoDelta: 1,
    matterCreation: 1,
    matterMeta: 1,
    bioMeta: 1,
    psychModi: 1,
    sensoryImp: 1,
    timeSpace: 1,
    spec: 0
  },
  damageModifiers: {
    projectile: 0,
    melee: 0,
    energy: 0,
    chemical: 0,
    radiation: 0,
    cold: 0,
    nano: 0,
    fire: 0,
    poison: 0,
    directNanoDamageEfficiency: 0,
    targetAC: 0
  },
  buffPresets: {
    crunchcom: 0,
    humidity: 0,
    notumSiphon: 0,
    channeling: 0,
    enhanceNanoDamage: 0,
    ancientMatrix: 0
  }
} active-profile=null onUpdate:inputState=fn<onInputStateUpdate> > 
  at <TinkerNukes ref="VTU_COMPONENT" > 
  at <VTUROOT>

stderr | src/__tests__/views/TinkerNukes.integration.test.ts > TinkerNukes Integration Tests > Skill Management > initializes manual skills with proper defaults
[Vue Router warn]: No match found for location with path "/"
[Vue warn]: Failed to resolve directive: tooltip 
  at <NukeInputForm input-state= {
  characterStats: {
    breed: 1,
    level: 1,
    psychic: 6,
    nanoInit: 1,
    maxNano: 1,
    nanoDelta: 1,
    matterCreation: 1,
    matterMeta: 1,
    bioMeta: 1,
    psychModi: 1,
    sensoryImp: 1,
    timeSpace: 1,
    spec: 0
  },
  damageModifiers: {
    projectile: 0,
    melee: 0,
    energy: 0,
    chemical: 0,
    radiation: 0,
    cold: 0,
    nano: 0,
    fire: 0,
    poison: 0,
    directNanoDamageEfficiency: 0,
    targetAC: 0
  },
  buffPresets: {
    crunchcom: 0,
    humidity: 0,
    notumSiphon: 0,
    channeling: 0,
    enhanceNanoDamage: 0,
    ancientMatrix: 0
  }
} active-profile=null onUpdate:inputState=fn<onInputStateUpdate> > 
  at <TinkerNukes ref="VTU_COMPONENT" > 
  at <VTUROOT>
[Vue warn]: Failed to resolve directive: tooltip 
  at <DamageModifiersSection damage-modifiers= {
  projectile: 0,
  melee: 0,
  energy: 0,
  chemical: 0,
  radiation: 0,
  cold: 0,
  nano: 0,
  fire: 0,
  poison: 0,
  directNanoDamageEfficiency: 0,
  targetAC: 0
} enhance-nano-damage=0 ancient-matrix=0  ... > 
  at <AccordionTab header="Damage Modifiers" > 
  at <Transition name="p-toggleable-content" data-pc-section="accordiontab.transition" > 
  at <Accordion multiple=true active-index= [] > 
  at <NukeInputForm input-state= {
  characterStats: {
    breed: 1,
    level: 1,
    psychic: 6,
    nanoInit: 1,
    maxNano: 1,
    nanoDelta: 1,
    matterCreation: 1,
    matterMeta: 1,
    bioMeta: 1,
    psychModi: 1,
    sensoryImp: 1,
    timeSpace: 1,
    spec: 0
  },
  damageModifiers: {
    projectile: 0,
    melee: 0,
    energy: 0,
    chemical: 0,
    radiation: 0,
    cold: 0,
    nano: 0,
    fire: 0,
    poison: 0,
    directNanoDamageEfficiency: 0,
    targetAC: 0
  },
  buffPresets: {
    crunchcom: 0,
    humidity: 0,
    notumSiphon: 0,
    channeling: 0,
    enhanceNanoDamage: 0,
    ancientMatrix: 0
  }
} active-profile=null onUpdate:inputState=fn<onInputStateUpdate> > 
  at <TinkerNukes ref="VTU_COMPONENT" > 
  at <VTUROOT>

stderr | src/__tests__/views/TinkerNukes.integration.test.ts > TinkerNukes Integration Tests > Skill Management > calculates skill-based usability correctly
[Vue Router warn]: No match found for location with path "/"
[Vue warn]: Failed to resolve directive: tooltip 
  at <NukeInputForm input-state= {
  characterStats: {
    breed: 1,
    level: 1,
    psychic: 6,
    nanoInit: 1,
    maxNano: 1,
    nanoDelta: 1,
    matterCreation: 1,
    matterMeta: 1,
    bioMeta: 1,
    psychModi: 1,
    sensoryImp: 1,
    timeSpace: 1,
    spec: 0
  },
  damageModifiers: {
    projectile: 0,
    melee: 0,
    energy: 0,
    chemical: 0,
    radiation: 0,
    cold: 0,
    nano: 0,
    fire: 0,
    poison: 0,
    directNanoDamageEfficiency: 0,
    targetAC: 0
  },
  buffPresets: {
    crunchcom: 0,
    humidity: 0,
    notumSiphon: 0,
    channeling: 0,
    enhanceNanoDamage: 0,
    ancientMatrix: 0
  }
} active-profile=null onUpdate:inputState=fn<onInputStateUpdate> > 
  at <TinkerNukes ref="VTU_COMPONENT" > 
  at <VTUROOT>
[Vue warn]: Failed to resolve directive: tooltip 
  at <DamageModifiersSection damage-modifiers= {
  projectile: 0,
  melee: 0,
  energy: 0,
  chemical: 0,
  radiation: 0,
  cold: 0,
  nano: 0,
  fire: 0,
  poison: 0,
  directNanoDamageEfficiency: 0,
  targetAC: 0
} enhance-nano-damage=0 ancient-matrix=0  ... > 
  at <AccordionTab header="Damage Modifiers" > 
  at <Transition name="p-toggleable-content" data-pc-section="accordiontab.transition" > 
  at <Accordion multiple=true active-index= [] > 
  at <NukeInputForm input-state= {
  characterStats: {
    breed: 1,
    level: 1,
    psychic: 6,
    nanoInit: 1,
    maxNano: 1,
    nanoDelta: 1,
    matterCreation: 1,
    matterMeta: 1,
    bioMeta: 1,
    psychModi: 1,
    sensoryImp: 1,
    timeSpace: 1,
    spec: 0
  },
  damageModifiers: {
    projectile: 0,
    melee: 0,
    energy: 0,
    chemical: 0,
    radiation: 0,
    cold: 0,
    nano: 0,
    fire: 0,
    poison: 0,
    directNanoDamageEfficiency: 0,
    targetAC: 0
  },
  buffPresets: {
    crunchcom: 0,
    humidity: 0,
    notumSiphon: 0,
    channeling: 0,
    enhanceNanoDamage: 0,
    ancientMatrix: 0
  }
} active-profile=null onUpdate:inputState=fn<onInputStateUpdate> > 
  at <TinkerNukes ref="VTU_COMPONENT" > 
  at <VTUROOT>

stderr | src/__tests__/views/TinkerNukes.integration.test.ts > TinkerNukes Integration Tests > Skill Management > calculates skill-based usability correctly
[Vue warn]: Failed to resolve directive: tooltip 
  at <NukeInputForm input-state= {
  characterStats: {
    breed: 1,
    level: 1,
    psychic: 6,
    nanoInit: 1,
    maxNano: 1,
    nanoDelta: 1,
    matterCreation: 1,
    matterMeta: 1,
    bioMeta: 1,
    psychModi: 1,
    sensoryImp: 1,
    timeSpace: 1,
    spec: 0
  },
  damageModifiers: {
    projectile: 0,
    melee: 0,
    energy: 0,
    chemical: 0,
    radiation: 0,
    cold: 0,
    nano: 0,
    fire: 0,
    poison: 0,
    directNanoDamageEfficiency: 0,
    targetAC: 0
  },
  buffPresets: {
    crunchcom: 0,
    humidity: 0,
    notumSiphon: 0,
    channeling: 0,
    enhanceNanoDamage: 0,
    ancientMatrix: 0
  }
} active-profile=null onUpdate:inputState=fn<onInputStateUpdate> > 
  at <TinkerNukes ref="VTU_COMPONENT" > 
  at <VTUROOT>

stderr | src/__tests__/views/TinkerProfileDetail.equipment.test.ts > TinkerProfileDetail Equipment Section > Legacy Compatibility > should handle profiles with both Body and Chest slots
[Vue warn]: Failed to resolve component: router-link
If this is a native custom element, make sure to exclude it from component resolution via compilerOptions.isCustomElement. 
  at <TinkerProfileDetail profileId="test-profile-id" ref="VTU_COMPONENT" > 
  at <VTUROOT>
[Vue warn]: Failed to resolve component: router-link
If this is a native custom element, make sure to exclude it from component resolution via compilerOptions.isCustomElement. 
  at <TinkerProfileDetail profileId="test-profile-id" ref="VTU_COMPONENT" > 
  at <VTUROOT>
[Vue warn]: Failed to resolve directive: tooltip 
  at <BuffTable buffs= [] currentNCU=0 maxNCU=0  ... > 
  at <TabPanel> 
  at <TabView activeIndex=0 onUpdate:activeIndex=fn class="h-full profile-tabs" > 
  at <TinkerProfileDetail profileId="test-profile-id" ref="VTU_COMPONENT" > 
  at <VTUROOT>
[Vue warn]: Failed to resolve directive: tooltip 
  at <PerkTable perks= [] perk-type="SL" editable=false  ... > 
  at <TabPanel> 
  at <TabView class="h-full perk-tabs-container" > 
  at <PerkTabs profile= {
  id: 'test-profile-id',
  version: '2.0.0',
  created: '2025-10-12T22:18:08.779Z',
  updated: '2025-10-12T22:18:08.779Z',
  Character: {
    Name: 'Test Character',
    Level: 60,
    Profession: 6,
    Breed: 1,
    Faction: 'Neutral',
    Expansion: 'Lost Eden',
    AccountType: 'Paid',
    MaxHealth: 1500,
    MaxNano: 800
  },
  Skills: {
    Attributes: {
      Intelligence: [Object],
      Psychic: [Object],
      Sense: [Object],
      Stamina: [Object],
      Strength: [Object],
      Agility: [Object]
    },
    'Body & Defense': {},
    ACs: {},
    'Ranged Weapons': {},
    'Ranged Specials': {},
    'Melee Weapons': {},
    'Melee Specials': {},
    'Nanos & Casting': {},
    Exploring: {},
    'Trade & Repair': {},
    'Combat & Healing': {},
    Misc: {}
  },
  Clothing: {
    Body: {
      id: 1,
      aoid: 246660,
      name: "Combined Commando's Jacket",
      ql: 300,
      description: 'A tactical jacket',
      item_class: 2,
      is_nano: false,
      stats: [Array],
      spell_data: [],
      actions: [],
      attack_stats: [],
      defense_stats: []
    },
    Chest: {
      id: 1,
      aoid: 246660,
      name: 'New Chest Armor',
      ql: 300,
      description: 'A tactical jacket',
      item_class: 2,
      is_nano: false,
      stats: [Array],
      spell_data: [],
      actions: [],
      attack_stats: [],
      defense_stats: []
    },
    Head: {
      id: 1,
      aoid: 246660,
      name: 'Head Gear',
      ql: 300,
      description: 'A tactical jacket',
      item_class: 2,
      is_nano: false,
      stats: [Array],
      spell_data: [],
      actions: [],
      attack_stats: [],
      defense_stats: []
    }
  },
  Weapons: {},
  Implants: {},
  PerksAndResearch: []
} > 
  at <TabPanel> 
  at <TabView activeIndex=0 onUpdate:activeIndex=fn class="h-full profile-tabs" > 
  at <TinkerProfileDetail profileId="test-profile-id" ref="VTU_COMPONENT" > 
  at <VTUROOT>
[Vue warn]: Failed to resolve directive: tooltip 
  at <PerkTable perks= [] perk-type="AI" editable=false  ... > 
  at <TabPanel> 
  at <TabView class="h-full perk-tabs-container" > 
  at <PerkTabs profile= {
  id: 'test-profile-id',
  version: '2.0.0',
  created: '2025-10-12T22:18:08.779Z',
  updated: '2025-10-12T22:18:08.779Z',
  Character: {
    Name: 'Test Character',
    Level: 60,
    Profession: 6,
    Breed: 1,
    Faction: 'Neutral',
    Expansion: 'Lost Eden',
    AccountType: 'Paid',
    MaxHealth: 1500,
    MaxNano: 800
  },
  Skills: {
    Attributes: {
      Intelligence: [Object],
      Psychic: [Object],
      Sense: [Object],
      Stamina: [Object],
      Strength: [Object],
      Agility: [Object]
    },
    'Body & Defense': {},
    ACs: {},
    'Ranged Weapons': {},
    'Ranged Specials': {},
    'Melee Weapons': {},
    'Melee Specials': {},
    'Nanos & Casting': {},
    Exploring: {},
    'Trade & Repair': {},
    'Combat & Healing': {},
    Misc: {}
  },
  Clothing: {
    Body: {
      id: 1,
      aoid: 246660,
      name: "Combined Commando's Jacket",
      ql: 300,
      description: 'A tactical jacket',
      item_class: 2,
      is_nano: false,
      stats: [Array],
      spell_data: [],
      actions: [],
      attack_stats: [],
      defense_stats: []
    },
    Chest: {
      id: 1,
      aoid: 246660,
      name: 'New Chest Armor',
      ql: 300,
      description: 'A tactical jacket',
      item_class: 2,
      is_nano: false,
      stats: [Array],
      spell_data: [],
      actions: [],
      attack_stats: [],
      defense_stats: []
    },
    Head: {
      id: 1,
      aoid: 246660,
      name: 'Head Gear',
      ql: 300,
      description: 'A tactical jacket',
      item_class: 2,
      is_nano: false,
      stats: [Array],
      spell_data: [],
      actions: [],
      attack_stats: [],
      defense_stats: []
    }
  },
  Weapons: {},
  Implants: {},
  PerksAndResearch: []
} > 
  at <TabPanel> 
  at <TabView activeIndex=0 onUpdate:activeIndex=fn class="h-full profile-tabs" > 
  at <TinkerProfileDetail profileId="test-profile-id" ref="VTU_COMPONENT" > 
  at <VTUROOT>
[Vue warn]: Failed to resolve directive: tooltip 
  at <PerkTable perks= [] perk-type="LE" editable=false  ... > 
  at <TabPanel> 
  at <TabView class="h-full perk-tabs-container" > 
  at <PerkTabs profile= {
  id: 'test-profile-id',
  version: '2.0.0',
  created: '2025-10-12T22:18:08.779Z',
  updated: '2025-10-12T22:18:08.779Z',
  Character: {
    Name: 'Test Character',
    Level: 60,
    Profession: 6,
    Breed: 1,
    Faction: 'Neutral',
    Expansion: 'Lost Eden',
    AccountType: 'Paid',
    MaxHealth: 1500,
    MaxNano: 800
  },
  Skills: {
    Attributes: {
      Intelligence: [Object],
      Psychic: [Object],
      Sense: [Object],
      Stamina: [Object],
      Strength: [Object],
      Agility: [Object]
    },
    'Body & Defense': {},
    ACs: {},
    'Ranged Weapons': {},
    'Ranged Specials': {},
    'Melee Weapons': {},
    'Melee Specials': {},
    'Nanos & Casting': {},
    Exploring: {},
    'Trade & Repair': {},
    'Combat & Healing': {},
    Misc: {}
  },
  Clothing: {
    Body: {
      id: 1,
      aoid: 246660,
      name: "Combined Commando's Jacket",
      ql: 300,
      description: 'A tactical jacket',
      item_class: 2,
      is_nano: false,
      stats: [Array],
      spell_data: [],
      actions: [],
      attack_stats: [],
      defense_stats: []
    },
    Chest: {
      id: 1,
      aoid: 246660,
      name: 'New Chest Armor',
      ql: 300,
      description: 'A tactical jacket',
      item_class: 2,
      is_nano: false,
      stats: [Array],
      spell_data: [],
      actions: [],
      attack_stats: [],
      defense_stats: []
    },
    Head: {
      id: 1,
      aoid: 246660,
      name: 'Head Gear',
      ql: 300,
      description: 'A tactical jacket',
      item_class: 2,
      is_nano: false,
      stats: [Array],
      spell_data: [],
      actions: [],
      attack_stats: [],
      defense_stats: []
    }
  },
  Weapons: {},
  Implants: {},
  PerksAndResearch: []
} > 
  at <TabPanel> 
  at <TabView activeIndex=0 onUpdate:activeIndex=fn class="h-full profile-tabs" > 
  at <TinkerProfileDetail profileId="test-profile-id" ref="VTU_COMPONENT" > 
  at <VTUROOT>
[Vue warn]: Failed to resolve directive: tooltip 
  at <BuffTable buffs= [] currentNCU=0 maxNCU=0  ... > 
  at <TabPanel> 
  at <TabView activeIndex=0 onUpdate:activeIndex=fn class="h-full profile-tabs" > 
  at <TinkerProfileDetail profileId="test-profile-id" ref="VTU_COMPONENT" > 
  at <VTUROOT>

stderr | src/__tests__/e2e/item-search-workflow.test.ts > Item Search Workflow E2E > Basic Item Search > should allow user to search for items by text
[Vue warn]: injection "Symbol()" not found. 
  at <TinkerItems ref="VTU_COMPONENT" > 
  at <VTUROOT>
[Vue warn]: Failed to resolve component: InputSwitch
If this is a native custom element, make sure to exclude it from component resolution via compilerOptions.isCustomElement. 
  at <TinkerItems ref="VTU_COMPONENT" > 
  at <VTUROOT>
[Vue warn]: Failed to resolve component: ProgressSpinner
If this is a native custom element, make sure to exclude it from component resolution via compilerOptions.isCustomElement. 
  at <TinkerItems ref="VTU_COMPONENT" > 
  at <VTUROOT>
[Vue warn]: Failed to resolve directive: tooltip 
  at <TinkerItems ref="VTU_COMPONENT" > 
  at <VTUROOT>
[Vue warn]: Invalid vnode type when creating vnode: undefined. 
  at <TinkerItems ref="VTU_COMPONENT" > 
  at <VTUROOT>

stderr | src/__tests__/e2e/item-search-workflow.test.ts > Item Search Workflow E2E > Basic Item Search > should display search results in grid view by default
[Vue warn]: injection "Symbol()" not found. 
  at <TinkerItems ref="VTU_COMPONENT" > 
  at <VTUROOT>
[Vue warn]: Failed to resolve component: InputSwitch
If this is a native custom element, make sure to exclude it from component resolution via compilerOptions.isCustomElement. 
  at <TinkerItems ref="VTU_COMPONENT" > 
  at <VTUROOT>
[Vue warn]: Failed to resolve component: ProgressSpinner
If this is a native custom element, make sure to exclude it from component resolution via compilerOptions.isCustomElement. 
  at <TinkerItems ref="VTU_COMPONENT" > 
  at <VTUROOT>
[Vue warn]: Failed to resolve directive: tooltip 
  at <TinkerItems ref="VTU_COMPONENT" > 
  at <VTUROOT>
[Vue warn]: Invalid vnode type when creating vnode: undefined. 
  at <TinkerItems ref="VTU_COMPONENT" > 
  at <VTUROOT>

stderr | src/__tests__/e2e/item-search-workflow.test.ts > Item Search Workflow E2E > Basic Item Search > should allow switching between grid and list view
[Vue warn]: injection "Symbol()" not found. 
  at <TinkerItems ref="VTU_COMPONENT" > 
  at <VTUROOT>
[Vue warn]: Failed to resolve component: InputSwitch
If this is a native custom element, make sure to exclude it from component resolution via compilerOptions.isCustomElement. 
  at <TinkerItems ref="VTU_COMPONENT" > 
  at <VTUROOT>
[Vue warn]: Failed to resolve component: ProgressSpinner
If this is a native custom element, make sure to exclude it from component resolution via compilerOptions.isCustomElement. 
  at <TinkerItems ref="VTU_COMPONENT" > 
  at <VTUROOT>
[Vue warn]: Failed to resolve directive: tooltip 
  at <TinkerItems ref="VTU_COMPONENT" > 
  at <VTUROOT>
[Vue warn]: Invalid vnode type when creating vnode: undefined. 
  at <TinkerItems ref="VTU_COMPONENT" > 
  at <VTUROOT>

stderr | src/__tests__/e2e/item-search-workflow.test.ts > Item Search Workflow E2E > Profile Integration Workflow > should allow user to select a profile and show compatibility
[Vue warn]: injection "Symbol()" not found. 
  at <TinkerItems ref="VTU_COMPONENT" > 
  at <VTUROOT>
[Vue warn]: Failed to resolve component: InputSwitch
If this is a native custom element, make sure to exclude it from component resolution via compilerOptions.isCustomElement. 
  at <TinkerItems ref="VTU_COMPONENT" > 
  at <VTUROOT>
[Vue warn]: Failed to resolve component: ProgressSpinner
If this is a native custom element, make sure to exclude it from component resolution via compilerOptions.isCustomElement. 
  at <TinkerItems ref="VTU_COMPONENT" > 
  at <VTUROOT>
[Vue warn]: Failed to resolve directive: tooltip 
  at <TinkerItems ref="VTU_COMPONENT" > 
  at <VTUROOT>
[Vue warn]: Invalid vnode type when creating vnode: undefined. 
  at <TinkerItems ref="VTU_COMPONENT" > 
  at <VTUROOT>

stderr | src/__tests__/e2e/item-search-workflow.test.ts > Item Search Workflow E2E > Profile Integration Workflow > should filter items based on profile compatibility when enabled
[Vue warn]: injection "Symbol()" not found. 
  at <TinkerItems ref="VTU_COMPONENT" > 
  at <VTUROOT>
[Vue warn]: Failed to resolve component: InputSwitch
If this is a native custom element, make sure to exclude it from component resolution via compilerOptions.isCustomElement. 
  at <TinkerItems ref="VTU_COMPONENT" > 
  at <VTUROOT>
[Vue warn]: Failed to resolve component: ProgressSpinner
If this is a native custom element, make sure to exclude it from component resolution via compilerOptions.isCustomElement. 
  at <TinkerItems ref="VTU_COMPONENT" > 
  at <VTUROOT>
[Vue warn]: Failed to resolve directive: tooltip 
  at <TinkerItems ref="VTU_COMPONENT" > 
  at <VTUROOT>
[Vue warn]: Invalid vnode type when creating vnode: undefined. 
  at <TinkerItems ref="VTU_COMPONENT" > 
  at <VTUROOT>

stderr | src/__tests__/e2e/item-search-workflow.test.ts > Item Search Workflow E2E > Advanced Filtering Workflow > should allow user to apply item type filters
[Vue warn]: injection "Symbol()" not found. 
  at <TinkerItems ref="VTU_COMPONENT" > 
  at <VTUROOT>
[Vue warn]: Failed to resolve component: InputSwitch
If this is a native custom element, make sure to exclude it from component resolution via compilerOptions.isCustomElement. 
  at <TinkerItems ref="VTU_COMPONENT" > 
  at <VTUROOT>
[Vue warn]: Failed to resolve component: ProgressSpinner
If this is a native custom element, make sure to exclude it from component resolution via compilerOptions.isCustomElement. 
  at <TinkerItems ref="VTU_COMPONENT" > 
  at <VTUROOT>
[Vue warn]: Failed to resolve directive: tooltip 
  at <TinkerItems ref="VTU_COMPONENT" > 
  at <VTUROOT>
[Vue warn]: Invalid vnode type when creating vnode: undefined. 
  at <TinkerItems ref="VTU_COMPONENT" > 
  at <VTUROOT>

stderr | src/__tests__/e2e/item-search-workflow.test.ts > Item Search Workflow E2E > Advanced Filtering Workflow > should allow user to set quality level range
[Vue warn]: injection "Symbol()" not found. 
  at <TinkerItems ref="VTU_COMPONENT" > 
  at <VTUROOT>
[Vue warn]: Failed to resolve component: InputSwitch
If this is a native custom element, make sure to exclude it from component resolution via compilerOptions.isCustomElement. 
  at <TinkerItems ref="VTU_COMPONENT" > 
  at <VTUROOT>
[Vue warn]: Failed to resolve component: ProgressSpinner
If this is a native custom element, make sure to exclude it from component resolution via compilerOptions.isCustomElement. 
  at <TinkerItems ref="VTU_COMPONENT" > 
  at <VTUROOT>
[Vue warn]: Failed to resolve directive: tooltip 
  at <TinkerItems ref="VTU_COMPONENT" > 
  at <VTUROOT>
[Vue warn]: Invalid vnode type when creating vnode: undefined. 
  at <TinkerItems ref="VTU_COMPONENT" > 
  at <VTUROOT>

stderr | src/__tests__/e2e/item-search-workflow.test.ts > Item Search Workflow E2E > Advanced Filtering Workflow > should allow user to filter by nano items only
[Vue warn]: injection "Symbol()" not found. 
  at <TinkerItems ref="VTU_COMPONENT" > 
  at <VTUROOT>
[Vue warn]: Failed to resolve component: InputSwitch
If this is a native custom element, make sure to exclude it from component resolution via compilerOptions.isCustomElement. 
  at <TinkerItems ref="VTU_COMPONENT" > 
  at <VTUROOT>
[Vue warn]: Failed to resolve component: ProgressSpinner
If this is a native custom element, make sure to exclude it from component resolution via compilerOptions.isCustomElement. 
  at <TinkerItems ref="VTU_COMPONENT" > 
  at <VTUROOT>
[Vue warn]: Failed to resolve directive: tooltip 
  at <TinkerItems ref="VTU_COMPONENT" > 
  at <VTUROOT>
[Vue warn]: Invalid vnode type when creating vnode: undefined. 
  at <TinkerItems ref="VTU_COMPONENT" > 
  at <VTUROOT>

stderr | src/__tests__/e2e/item-search-workflow.test.ts > Item Search Workflow E2E > Item Interaction Workflow > should allow user to view item details
[Vue warn]: injection "Symbol()" not found. 
  at <TinkerItems ref="VTU_COMPONENT" > 
  at <VTUROOT>
[Vue warn]: Failed to resolve component: InputSwitch
If this is a native custom element, make sure to exclude it from component resolution via compilerOptions.isCustomElement. 
  at <TinkerItems ref="VTU_COMPONENT" > 
  at <VTUROOT>
[Vue warn]: Failed to resolve component: ProgressSpinner
If this is a native custom element, make sure to exclude it from component resolution via compilerOptions.isCustomElement. 
  at <TinkerItems ref="VTU_COMPONENT" > 
  at <VTUROOT>
[Vue warn]: Failed to resolve directive: tooltip 
  at <TinkerItems ref="VTU_COMPONENT" > 
  at <VTUROOT>
[Vue warn]: Invalid vnode type when creating vnode: undefined. 
  at <TinkerItems ref="VTU_COMPONENT" > 
  at <VTUROOT>

stderr | src/__tests__/e2e/item-search-workflow.test.ts > Item Search Workflow E2E > Item Interaction Workflow > should allow user to add items to favorites
[Vue warn]: injection "Symbol()" not found. 
  at <TinkerItems ref="VTU_COMPONENT" > 
  at <VTUROOT>
[Vue warn]: Failed to resolve component: InputSwitch
If this is a native custom element, make sure to exclude it from component resolution via compilerOptions.isCustomElement. 
  at <TinkerItems ref="VTU_COMPONENT" > 
  at <VTUROOT>
[Vue warn]: Failed to resolve component: ProgressSpinner
If this is a native custom element, make sure to exclude it from component resolution via compilerOptions.isCustomElement. 
  at <TinkerItems ref="VTU_COMPONENT" > 
  at <VTUROOT>
[Vue warn]: Failed to resolve directive: tooltip 
  at <TinkerItems ref="VTU_COMPONENT" > 
  at <VTUROOT>
[Vue warn]: Invalid vnode type when creating vnode: undefined. 
  at <TinkerItems ref="VTU_COMPONENT" > 
  at <VTUROOT>

stderr | src/__tests__/e2e/item-search-workflow.test.ts > Item Search Workflow E2E > Item Interaction Workflow > should allow user to compare items
[Vue warn]: injection "Symbol()" not found. 
  at <TinkerItems ref="VTU_COMPONENT" > 
  at <VTUROOT>
[Vue warn]: Failed to resolve component: InputSwitch
If this is a native custom element, make sure to exclude it from component resolution via compilerOptions.isCustomElement. 
  at <TinkerItems ref="VTU_COMPONENT" > 
  at <VTUROOT>
[Vue warn]: Failed to resolve component: ProgressSpinner
If this is a native custom element, make sure to exclude it from component resolution via compilerOptions.isCustomElement. 
  at <TinkerItems ref="VTU_COMPONENT" > 
  at <VTUROOT>
[Vue warn]: Failed to resolve directive: tooltip 
  at <TinkerItems ref="VTU_COMPONENT" > 
  at <VTUROOT>
[Vue warn]: Invalid vnode type when creating vnode: undefined. 
  at <TinkerItems ref="VTU_COMPONENT" > 
  at <VTUROOT>

stderr | src/__tests__/e2e/item-search-workflow.test.ts > Item Search Workflow E2E > Search History and Persistence > should save search queries to history
[Vue warn]: injection "Symbol()" not found. 
  at <TinkerItems ref="VTU_COMPONENT" > 
  at <VTUROOT>
[Vue warn]: Failed to resolve component: InputSwitch
If this is a native custom element, make sure to exclude it from component resolution via compilerOptions.isCustomElement. 
  at <TinkerItems ref="VTU_COMPONENT" > 
  at <VTUROOT>
[Vue warn]: Failed to resolve component: ProgressSpinner
If this is a native custom element, make sure to exclude it from component resolution via compilerOptions.isCustomElement. 
  at <TinkerItems ref="VTU_COMPONENT" > 
  at <VTUROOT>
[Vue warn]: Failed to resolve directive: tooltip 
  at <TinkerItems ref="VTU_COMPONENT" > 
  at <VTUROOT>
[Vue warn]: Invalid vnode type when creating vnode: undefined. 
  at <TinkerItems ref="VTU_COMPONENT" > 
  at <VTUROOT>

stderr | src/__tests__/e2e/item-search-workflow.test.ts > Item Search Workflow E2E > Search History and Persistence > should show recent searches when input is focused
[Vue warn]: injection "Symbol()" not found. 
  at <TinkerItems ref="VTU_COMPONENT" > 
  at <VTUROOT>
[Vue warn]: Failed to resolve component: InputSwitch
If this is a native custom element, make sure to exclude it from component resolution via compilerOptions.isCustomElement. 
  at <TinkerItems ref="VTU_COMPONENT" > 
  at <VTUROOT>
[Vue warn]: Failed to resolve component: ProgressSpinner
If this is a native custom element, make sure to exclude it from component resolution via compilerOptions.isCustomElement. 
  at <TinkerItems ref="VTU_COMPONENT" > 
  at <VTUROOT>
[Vue warn]: Failed to resolve directive: tooltip 
  at <TinkerItems ref="VTU_COMPONENT" > 
  at <VTUROOT>
[Vue warn]: Invalid vnode type when creating vnode: undefined. 
  at <TinkerItems ref="VTU_COMPONENT" > 
  at <VTUROOT>

stderr | src/__tests__/e2e/item-search-workflow.test.ts > Item Search Workflow E2E > Pagination Workflow > should allow user to navigate through pages
[Vue warn]: injection "Symbol()" not found. 
  at <TinkerItems ref="VTU_COMPONENT" > 
  at <VTUROOT>
[Vue warn]: Failed to resolve component: InputSwitch
If this is a native custom element, make sure to exclude it from component resolution via compilerOptions.isCustomElement. 
  at <TinkerItems ref="VTU_COMPONENT" > 
  at <VTUROOT>
[Vue warn]: Failed to resolve component: ProgressSpinner
If this is a native custom element, make sure to exclude it from component resolution via compilerOptions.isCustomElement. 
  at <TinkerItems ref="VTU_COMPONENT" > 
  at <VTUROOT>
[Vue warn]: Failed to resolve directive: tooltip 
  at <TinkerItems ref="VTU_COMPONENT" > 
  at <VTUROOT>
[Vue warn]: Invalid vnode type when creating vnode: undefined. 
  at <TinkerItems ref="VTU_COMPONENT" > 
  at <VTUROOT>

stderr | src/__tests__/e2e/item-search-workflow.test.ts > Item Search Workflow E2E > Pagination Workflow > should allow user to change items per page
[Vue warn]: injection "Symbol()" not found. 
  at <TinkerItems ref="VTU_COMPONENT" > 
  at <VTUROOT>
[Vue warn]: Failed to resolve component: InputSwitch
If this is a native custom element, make sure to exclude it from component resolution via compilerOptions.isCustomElement. 
  at <TinkerItems ref="VTU_COMPONENT" > 
  at <VTUROOT>
[Vue warn]: Failed to resolve component: ProgressSpinner
If this is a native custom element, make sure to exclude it from component resolution via compilerOptions.isCustomElement. 
  at <TinkerItems ref="VTU_COMPONENT" > 
  at <VTUROOT>
[Vue warn]: Failed to resolve directive: tooltip 
  at <TinkerItems ref="VTU_COMPONENT" > 
  at <VTUROOT>
[Vue warn]: Invalid vnode type when creating vnode: undefined. 
  at <TinkerItems ref="VTU_COMPONENT" > 
  at <VTUROOT>

stderr | src/__tests__/e2e/item-search-workflow.test.ts > Item Search Workflow E2E > Responsive Behavior > should adapt to mobile viewport
[Vue warn]: injection "Symbol()" not found. 
  at <TinkerItems ref="VTU_COMPONENT" > 
  at <VTUROOT>
[Vue warn]: Failed to resolve component: InputSwitch
If this is a native custom element, make sure to exclude it from component resolution via compilerOptions.isCustomElement. 
  at <TinkerItems ref="VTU_COMPONENT" > 
  at <VTUROOT>
[Vue warn]: Failed to resolve component: ProgressSpinner
If this is a native custom element, make sure to exclude it from component resolution via compilerOptions.isCustomElement. 
  at <TinkerItems ref="VTU_COMPONENT" > 
  at <VTUROOT>
[Vue warn]: Failed to resolve directive: tooltip 
  at <TinkerItems ref="VTU_COMPONENT" > 
  at <VTUROOT>
[Vue warn]: Invalid vnode type when creating vnode: undefined. 
  at <TinkerItems ref="VTU_COMPONENT" > 
  at <VTUROOT>

stderr | src/__tests__/e2e/item-search-workflow.test.ts > Item Search Workflow E2E > Responsive Behavior > should maintain functionality on tablet
[Vue warn]: injection "Symbol()" not found. 
  at <TinkerItems ref="VTU_COMPONENT" > 
  at <VTUROOT>
[Vue warn]: Failed to resolve component: InputSwitch
If this is a native custom element, make sure to exclude it from component resolution via compilerOptions.isCustomElement. 
  at <TinkerItems ref="VTU_COMPONENT" > 
  at <VTUROOT>
[Vue warn]: Failed to resolve component: ProgressSpinner
If this is a native custom element, make sure to exclude it from component resolution via compilerOptions.isCustomElement. 
  at <TinkerItems ref="VTU_COMPONENT" > 
  at <VTUROOT>
[Vue warn]: Failed to resolve directive: tooltip 
  at <TinkerItems ref="VTU_COMPONENT" > 
  at <VTUROOT>
[Vue warn]: Invalid vnode type when creating vnode: undefined. 
  at <TinkerItems ref="VTU_COMPONENT" > 
  at <VTUROOT>

stderr | src/__tests__/e2e/item-search-workflow.test.ts > Item Search Workflow E2E > Error Handling > should handle search errors gracefully
[Vue warn]: injection "Symbol()" not found. 
  at <TinkerItems ref="VTU_COMPONENT" > 
  at <VTUROOT>
[Vue warn]: Failed to resolve component: InputSwitch
If this is a native custom element, make sure to exclude it from component resolution via compilerOptions.isCustomElement. 
  at <TinkerItems ref="VTU_COMPONENT" > 
  at <VTUROOT>
[Vue warn]: Failed to resolve component: ProgressSpinner
If this is a native custom element, make sure to exclude it from component resolution via compilerOptions.isCustomElement. 
  at <TinkerItems ref="VTU_COMPONENT" > 
  at <VTUROOT>
[Vue warn]: Failed to resolve directive: tooltip 
  at <TinkerItems ref="VTU_COMPONENT" > 
  at <VTUROOT>
[Vue warn]: Invalid vnode type when creating vnode: undefined. 
  at <TinkerItems ref="VTU_COMPONENT" > 
  at <VTUROOT>

stderr | src/__tests__/e2e/item-search-workflow.test.ts > Item Search Workflow E2E > Error Handling > should handle empty search results
[Vue warn]: injection "Symbol()" not found. 
  at <TinkerItems ref="VTU_COMPONENT" > 
  at <VTUROOT>
[Vue warn]: Failed to resolve component: InputSwitch
If this is a native custom element, make sure to exclude it from component resolution via compilerOptions.isCustomElement. 
  at <TinkerItems ref="VTU_COMPONENT" > 
  at <VTUROOT>
[Vue warn]: Failed to resolve component: ProgressSpinner
If this is a native custom element, make sure to exclude it from component resolution via compilerOptions.isCustomElement. 
  at <TinkerItems ref="VTU_COMPONENT" > 
  at <VTUROOT>
[Vue warn]: Failed to resolve directive: tooltip 
  at <TinkerItems ref="VTU_COMPONENT" > 
  at <VTUROOT>
[Vue warn]: Invalid vnode type when creating vnode: undefined. 
  at <TinkerItems ref="VTU_COMPONENT" > 
  at <VTUROOT>

stderr | src/__tests__/e2e/item-search-workflow.test.ts > Item Search Workflow E2E > Performance Testing > should handle large result sets efficiently
[Vue warn]: injection "Symbol()" not found. 
  at <TinkerItems ref="VTU_COMPONENT" > 
  at <VTUROOT>
[Vue warn]: Failed to resolve component: InputSwitch
If this is a native custom element, make sure to exclude it from component resolution via compilerOptions.isCustomElement. 
  at <TinkerItems ref="VTU_COMPONENT" > 
  at <VTUROOT>
[Vue warn]: Failed to resolve component: ProgressSpinner
If this is a native custom element, make sure to exclude it from component resolution via compilerOptions.isCustomElement. 
  at <TinkerItems ref="VTU_COMPONENT" > 
  at <VTUROOT>
[Vue warn]: Failed to resolve directive: tooltip 
  at <TinkerItems ref="VTU_COMPONENT" > 
  at <VTUROOT>
[Vue warn]: Invalid vnode type when creating vnode: undefined. 
  at <TinkerItems ref="VTU_COMPONENT" > 
  at <VTUROOT>

stderr | src/__tests__/e2e/item-search-workflow.test.ts > Item Search Workflow E2E > Performance Testing > should debounce search input effectively
[Vue warn]: injection "Symbol()" not found. 
  at <TinkerItems ref="VTU_COMPONENT" > 
  at <VTUROOT>
[Vue warn]: Failed to resolve component: InputSwitch
If this is a native custom element, make sure to exclude it from component resolution via compilerOptions.isCustomElement. 
  at <TinkerItems ref="VTU_COMPONENT" > 
  at <VTUROOT>
[Vue warn]: Failed to resolve component: ProgressSpinner
If this is a native custom element, make sure to exclude it from component resolution via compilerOptions.isCustomElement. 
  at <TinkerItems ref="VTU_COMPONENT" > 
  at <VTUROOT>
[Vue warn]: Failed to resolve directive: tooltip 
  at <TinkerItems ref="VTU_COMPONENT" > 
  at <VTUROOT>
[Vue warn]: Invalid vnode type when creating vnode: undefined. 
  at <TinkerItems ref="VTU_COMPONENT" > 
  at <VTUROOT>

 ❯ src/__tests__/e2e/item-search-workflow.test.ts  (21 tests | 21 failed) 72ms
   × Item Search Workflow E2E > Basic Item Search > should allow user to search for items by text
     → No PrimeVue Toast provided!
   × Item Search Workflow E2E > Basic Item Search > should display search results in grid view by default
     → No PrimeVue Toast provided!
   × Item Search Workflow E2E > Basic Item Search > should allow switching between grid and list view
     → No PrimeVue Toast provided!
   × Item Search Workflow E2E > Profile Integration Workflow > should allow user to select a profile and show compatibility
     → No PrimeVue Toast provided!
   × Item Search Workflow E2E > Profile Integration Workflow > should filter items based on profile compatibility when enabled
     → No PrimeVue Toast provided!
   × Item Search Workflow E2E > Advanced Filtering Workflow > should allow user to apply item type filters
     → No PrimeVue Toast provided!
   × Item Search Workflow E2E > Advanced Filtering Workflow > should allow user to set quality level range
     → No PrimeVue Toast provided!
   × Item Search Workflow E2E > Advanced Filtering Workflow > should allow user to filter by nano items only
     → No PrimeVue Toast provided!
   × Item Search Workflow E2E > Item Interaction Workflow > should allow user to view item details
     → No PrimeVue Toast provided!
   × Item Search Workflow E2E > Item Interaction Workflow > should allow user to add items to favorites
     → No PrimeVue Toast provided!
   × Item Search Workflow E2E > Item Interaction Workflow > should allow user to compare items
     → No PrimeVue Toast provided!
   × Item Search Workflow E2E > Search History and Persistence > should save search queries to history
     → No PrimeVue Toast provided!
   × Item Search Workflow E2E > Search History and Persistence > should show recent searches when input is focused
     → No PrimeVue Toast provided!
   × Item Search Workflow E2E > Pagination Workflow > should allow user to navigate through pages
     → No PrimeVue Toast provided!
   × Item Search Workflow E2E > Pagination Workflow > should allow user to change items per page
     → No PrimeVue Toast provided!
   × Item Search Workflow E2E > Responsive Behavior > should adapt to mobile viewport
     → No PrimeVue Toast provided!
   × Item Search Workflow E2E > Responsive Behavior > should maintain functionality on tablet
     → No PrimeVue Toast provided!
   × Item Search Workflow E2E > Error Handling > should handle search errors gracefully
     → No PrimeVue Toast provided!
   × Item Search Workflow E2E > Error Handling > should handle empty search results
     → No PrimeVue Toast provided!
   × Item Search Workflow E2E > Performance Testing > should handle large result sets efficiently
     → No PrimeVue Toast provided!
   × Item Search Workflow E2E > Performance Testing > should debounce search input effectively
     → No PrimeVue Toast provided!
stderr | src/__tests__/views/TinkerProfileDetail.equipment.test.ts > TinkerProfileDetail Equipment Section > Equipment Change Handling > should re-render when equipment changes
[Vue warn]: Failed to resolve component: router-link
If this is a native custom element, make sure to exclude it from component resolution via compilerOptions.isCustomElement. 
  at <TinkerProfileDetail profileId="test-profile-id" ref="VTU_COMPONENT" > 
  at <VTUROOT>
[Vue warn]: Failed to resolve component: router-link
If this is a native custom element, make sure to exclude it from component resolution via compilerOptions.isCustomElement. 
  at <TinkerProfileDetail profileId="test-profile-id" ref="VTU_COMPONENT" > 
  at <VTUROOT>
[Vue warn]: Failed to resolve directive: tooltip 
  at <BuffTable buffs= [] currentNCU=0 maxNCU=0  ... > 
  at <TabPanel> 
  at <TabView activeIndex=0 onUpdate:activeIndex=fn class="h-full profile-tabs" > 
  at <TinkerProfileDetail profileId="test-profile-id" ref="VTU_COMPONENT" > 
  at <VTUROOT>
[Vue warn]: Failed to resolve directive: tooltip 
  at <PerkTable perks= [] perk-type="SL" editable=false  ... > 
  at <TabPanel> 
  at <TabView class="h-full perk-tabs-container" > 
  at <PerkTabs profile= {
  id: 'test-profile-id',
  version: '2.0.0',
  created: '2025-10-12T22:18:08.921Z',
  updated: '2025-10-12T22:18:08.921Z',
  Character: {
    Name: 'Test Character',
    Level: 60,
    Profession: 6,
    Breed: 1,
    Faction: 'Neutral',
    Expansion: 'Lost Eden',
    AccountType: 'Paid',
    MaxHealth: 1500,
    MaxNano: 800
  },
  Skills: {
    Attributes: {
      Intelligence: [Object],
      Psychic: [Object],
      Sense: [Object],
      Stamina: [Object],
      Strength: [Object],
      Agility: [Object]
    },
    'Body & Defense': {},
    ACs: {},
    'Ranged Weapons': {},
    'Ranged Specials': {},
    'Melee Weapons': {},
    'Melee Specials': {},
    'Nanos & Casting': {},
    Exploring: {},
    'Trade & Repair': {},
    'Combat & Healing': {},
    Misc: {}
  },
  Clothing: {
    Chest: {
      id: 1,
      aoid: 246660,
      name: "Combined Commando's Jacket",
      ql: 300,
      description: 'A tactical jacket',
      item_class: 2,
      is_nano: false,
      stats: [Array],
      spell_data: [],
      actions: [],
      attack_stats: [],
      defense_stats: []
    }
  },
  Weapons: {},
  Implants: {},
  PerksAndResearch: []
} > 
  at <TabPanel> 
  at <TabView activeIndex=0 onUpdate:activeIndex=fn class="h-full profile-tabs" > 
  at <TinkerProfileDetail profileId="test-profile-id" ref="VTU_COMPONENT" > 
  at <VTUROOT>
[Vue warn]: Failed to resolve directive: tooltip 
  at <PerkTable perks= [] perk-type="AI" editable=false  ... > 
  at <TabPanel> 
  at <TabView class="h-full perk-tabs-container" > 
  at <PerkTabs profile= {
  id: 'test-profile-id',
  version: '2.0.0',
  created: '2025-10-12T22:18:08.921Z',
  updated: '2025-10-12T22:18:08.921Z',
  Character: {
    Name: 'Test Character',
    Level: 60,
    Profession: 6,
    Breed: 1,
    Faction: 'Neutral',
    Expansion: 'Lost Eden',
    AccountType: 'Paid',
    MaxHealth: 1500,
    MaxNano: 800
  },
  Skills: {
    Attributes: {
      Intelligence: [Object],
      Psychic: [Object],
      Sense: [Object],
      Stamina: [Object],
      Strength: [Object],
      Agility: [Object]
    },
    'Body & Defense': {},
    ACs: {},
    'Ranged Weapons': {},
    'Ranged Specials': {},
    'Melee Weapons': {},
    'Melee Specials': {},
    'Nanos & Casting': {},
    Exploring: {},
    'Trade & Repair': {},
    'Combat & Healing': {},
    Misc: {}
  },
  Clothing: {
    Chest: {
      id: 1,
      aoid: 246660,
      name: "Combined Commando's Jacket",
      ql: 300,
      description: 'A tactical jacket',
      item_class: 2,
      is_nano: false,
      stats: [Array],
      spell_data: [],
      actions: [],
      attack_stats: [],
      defense_stats: []
    }
  },
  Weapons: {},
  Implants: {},
  PerksAndResearch: []
} > 
  at <TabPanel> 
  at <TabView activeIndex=0 onUpdate:activeIndex=fn class="h-full profile-tabs" > 
  at <TinkerProfileDetail profileId="test-profile-id" ref="VTU_COMPONENT" > 
  at <VTUROOT>
[Vue warn]: Failed to resolve directive: tooltip 
  at <PerkTable perks= [] perk-type="LE" editable=false  ... > 
  at <TabPanel> 
  at <TabView class="h-full perk-tabs-container" > 
  at <PerkTabs profile= {
  id: 'test-profile-id',
  version: '2.0.0',
  created: '2025-10-12T22:18:08.921Z',
  updated: '2025-10-12T22:18:08.921Z',
  Character: {
    Name: 'Test Character',
    Level: 60,
    Profession: 6,
    Breed: 1,
    Faction: 'Neutral',
    Expansion: 'Lost Eden',
    AccountType: 'Paid',
    MaxHealth: 1500,
    MaxNano: 800
  },
  Skills: {
    Attributes: {
      Intelligence: [Object],
      Psychic: [Object],
      Sense: [Object],
      Stamina: [Object],
      Strength: [Object],
      Agility: [Object]
    },
    'Body & Defense': {},
    ACs: {},
    'Ranged Weapons': {},
    'Ranged Specials': {},
    'Melee Weapons': {},
    'Melee Specials': {},
    'Nanos & Casting': {},
    Exploring: {},
    'Trade & Repair': {},
    'Combat & Healing': {},
    Misc: {}
  },
  Clothing: {
    Chest: {
      id: 1,
      aoid: 246660,
      name: "Combined Commando's Jacket",
      ql: 300,
      description: 'A tactical jacket',
      item_class: 2,
      is_nano: false,
      stats: [Array],
      spell_data: [],
      actions: [],
      attack_stats: [],
      defense_stats: []
    }
  },
  Weapons: {},
  Implants: {},
  PerksAndResearch: []
} > 
  at <TabPanel> 
  at <TabView activeIndex=0 onUpdate:activeIndex=fn class="h-full profile-tabs" > 
  at <TinkerProfileDetail profileId="test-profile-id" ref="VTU_COMPONENT" > 
  at <VTUROOT>
[Vue warn]: Failed to resolve directive: tooltip 
  at <BuffTable buffs= [] currentNCU=0 maxNCU=0  ... > 
  at <TabPanel> 
  at <TabView activeIndex=0 onUpdate:activeIndex=fn class="h-full profile-tabs" > 
  at <TinkerProfileDetail profileId="test-profile-id" ref="VTU_COMPONENT" > 
  at <VTUROOT>

stderr | src/__tests__/views/TinkerNukes.integration.test.ts > TinkerNukes Integration Tests > Profile Integration > filters profile dropdown to only show Nanotechnicians
[Vue Router warn]: No match found for location with path "/"
[Vue warn]: Failed to resolve directive: tooltip 
  at <NukeInputForm input-state= {
  characterStats: {
    breed: 1,
    level: 1,
    psychic: 6,
    nanoInit: 1,
    maxNano: 1,
    nanoDelta: 1,
    matterCreation: 1,
    matterMeta: 1,
    bioMeta: 1,
    psychModi: 1,
    sensoryImp: 1,
    timeSpace: 1,
    spec: 0
  },
  damageModifiers: {
    projectile: 0,
    melee: 0,
    energy: 0,
    chemical: 0,
    radiation: 0,
    cold: 0,
    nano: 0,
    fire: 0,
    poison: 0,
    directNanoDamageEfficiency: 0,
    targetAC: 0
  },
  buffPresets: {
    crunchcom: 0,
    humidity: 0,
    notumSiphon: 0,
    channeling: 0,
    enhanceNanoDamage: 0,
    ancientMatrix: 0
  }
} active-profile=null onUpdate:inputState=fn<onInputStateUpdate> > 
  at <TinkerNukes ref="VTU_COMPONENT" > 
  at <VTUROOT>
[Vue warn]: Failed to resolve directive: tooltip 
  at <DamageModifiersSection damage-modifiers= {
  projectile: 0,
  melee: 0,
  energy: 0,
  chemical: 0,
  radiation: 0,
  cold: 0,
  nano: 0,
  fire: 0,
  poison: 0,
  directNanoDamageEfficiency: 0,
  targetAC: 0
} enhance-nano-damage=0 ancient-matrix=0  ... > 
  at <AccordionTab header="Damage Modifiers" > 
  at <Transition name="p-toggleable-content" data-pc-section="accordiontab.transition" > 
  at <Accordion multiple=true active-index= [] > 
  at <NukeInputForm input-state= {
  characterStats: {
    breed: 1,
    level: 1,
    psychic: 6,
    nanoInit: 1,
    maxNano: 1,
    nanoDelta: 1,
    matterCreation: 1,
    matterMeta: 1,
    bioMeta: 1,
    psychModi: 1,
    sensoryImp: 1,
    timeSpace: 1,
    spec: 0
  },
  damageModifiers: {
    projectile: 0,
    melee: 0,
    energy: 0,
    chemical: 0,
    radiation: 0,
    cold: 0,
    nano: 0,
    fire: 0,
    poison: 0,
    directNanoDamageEfficiency: 0,
    targetAC: 0
  },
  buffPresets: {
    crunchcom: 0,
    humidity: 0,
    notumSiphon: 0,
    channeling: 0,
    enhanceNanoDamage: 0,
    ancientMatrix: 0
  }
} active-profile=null onUpdate:inputState=fn<onInputStateUpdate> > 
  at <TinkerNukes ref="VTU_COMPONENT" > 
  at <VTUROOT>

stderr | src/__tests__/views/TinkerNukes.integration.test.ts > TinkerNukes Integration Tests > Profile Integration > filters profile dropdown to only show Nanotechnicians
[Vue warn]: Failed to resolve directive: tooltip 
  at <NukeInputForm input-state= {
  characterStats: {
    breed: 1,
    level: 1,
    psychic: 6,
    nanoInit: 1,
    maxNano: 1,
    nanoDelta: 1,
    matterCreation: 1,
    matterMeta: 1,
    bioMeta: 1,
    psychModi: 1,
    sensoryImp: 1,
    timeSpace: 1,
    spec: 0
  },
  damageModifiers: {
    projectile: 0,
    melee: 0,
    energy: 0,
    chemical: 0,
    radiation: 0,
    cold: 0,
    nano: 0,
    fire: 0,
    poison: 0,
    directNanoDamageEfficiency: 0,
    targetAC: 0
  },
  buffPresets: {
    crunchcom: 0,
    humidity: 0,
    notumSiphon: 0,
    channeling: 0,
    enhanceNanoDamage: 0,
    ancientMatrix: 0
  }
} active-profile=null onUpdate:inputState=fn<onInputStateUpdate> > 
  at <TinkerNukes ref="VTU_COMPONENT" > 
  at <VTUROOT>

 ❯ src/__tests__/views/TinkerProfileDetail.equipment.test.ts  (7 tests | 2 failed) 1125ms
   × TinkerProfileDetail Equipment Section > Equipment Section Rendering > should render all three equipment grids
     → 'h2:contains(,,Equipment,' is not a valid selector
   × TinkerProfileDetail Equipment Section > Equipment Change Handling > should re-render when equipment changes
     → expected '0 items' to contain '1 items'
stderr | src/__tests__/components/profiles/ProfileCard.test.ts > ProfileCard > Component Rendering > should mount without errors
[Vue warn]: Failed to resolve directive: tooltip 
  at <ProfileCard profile= {
  id: 'profile_123',
  name: 'TestCharacter',
  level: 200,
  profession: 10,
  breed: 4,
  faction: 'Clan',
  created: '2024-01-01T00:00:00Z',
  updated: '2024-01-15T12:00:00Z'
} isActive=false ref="VTU_COMPONENT" > 
  at <VTUROOT>

stderr | src/__tests__/components/profiles/ProfileCard.test.ts > ProfileCard > Component Rendering > should display character name
[Vue warn]: Failed to resolve directive: tooltip 
  at <ProfileCard profile= {
  id: 'profile_123',
  name: 'TestCharacter',
  level: 200,
  profession: 10,
  breed: 4,
  faction: 'Clan',
  created: '2024-01-01T00:00:00Z',
  updated: '2024-01-15T12:00:00Z'
} isActive=false ref="VTU_COMPONENT" > 
  at <VTUROOT>

stderr | src/__tests__/components/profiles/ProfileCard.test.ts > ProfileCard > Component Rendering > should display level badge
[Vue warn]: Failed to resolve directive: tooltip 
  at <ProfileCard profile= {
  id: 'profile_123',
  name: 'TestCharacter',
  level: 200,
  profession: 10,
  breed: 4,
  faction: 'Clan',
  created: '2024-01-01T00:00:00Z',
  updated: '2024-01-15T12:00:00Z'
} isActive=false ref="VTU_COMPONENT" > 
  at <VTUROOT>

stderr | src/__tests__/components/profiles/ProfileCard.test.ts > ProfileCard > Component Rendering > should display profession
[Vue warn]: Failed to resolve directive: tooltip 
  at <ProfileCard profile= {
  id: 'profile_123',
  name: 'TestCharacter',
  level: 200,
  profession: 10,
  breed: 4,
  faction: 'Clan',
  created: '2024-01-01T00:00:00Z',
  updated: '2024-01-15T12:00:00Z'
} isActive=false ref="VTU_COMPONENT" > 
  at <VTUROOT>

stderr | src/__tests__/components/profiles/ProfileCard.test.ts > ProfileCard > Component Rendering > should display breed and faction
[Vue warn]: Failed to resolve directive: tooltip 
  at <ProfileCard profile= {
  id: 'profile_123',
  name: 'TestCharacter',
  level: 200,
  profession: 10,
  breed: 4,
  faction: 'Clan',
  created: '2024-01-01T00:00:00Z',
  updated: '2024-01-15T12:00:00Z'
} isActive=false ref="VTU_COMPONENT" > 
  at <VTUROOT>

stderr | src/__tests__/components/profiles/ProfileCard.test.ts > ProfileCard > Active Profile Indicator > should show active badge when profile is active
[Vue warn]: Failed to resolve directive: tooltip 
  at <ProfileCard profile= {
  id: 'profile_123',
  name: 'TestCharacter',
  level: 200,
  profession: 10,
  breed: 4,
  faction: 'Clan',
  created: '2024-01-01T00:00:00Z',
  updated: '2024-01-15T12:00:00Z'
} isActive=true ref="VTU_COMPONENT" > 
  at <VTUROOT>

stderr | src/__tests__/components/profiles/ProfileCard.test.ts > ProfileCard > Active Profile Indicator > should show active indicator bar when active
[Vue warn]: Failed to resolve directive: tooltip 
  at <ProfileCard profile= {
  id: 'profile_123',
  name: 'TestCharacter',
  level: 200,
  profession: 10,
  breed: 4,
  faction: 'Clan',
  created: '2024-01-01T00:00:00Z',
  updated: '2024-01-15T12:00:00Z'
} isActive=true ref="VTU_COMPONENT" > 
  at <VTUROOT>

stderr | src/__tests__/components/profiles/ProfileCard.test.ts > ProfileCard > Active Profile Indicator > should not show active badge when profile is not active
[Vue warn]: Failed to resolve directive: tooltip 
  at <ProfileCard profile= {
  id: 'profile_123',
  name: 'TestCharacter',
  level: 200,
  profession: 10,
  breed: 4,
  faction: 'Clan',
  created: '2024-01-01T00:00:00Z',
  updated: '2024-01-15T12:00:00Z'
} isActive=false ref="VTU_COMPONENT" > 
  at <VTUROOT>

stderr | src/__tests__/components/profiles/ProfileCard.test.ts > ProfileCard > Level Severity Display > should show danger severity for level 200+
[Vue warn]: Failed to resolve directive: tooltip 
  at <ProfileCard profile= {
  id: 'profile_123',
  name: 'TestCharacter',
  level: 200,
  profession: 10,
  breed: 4,
  faction: 'Clan',
  created: '2024-01-01T00:00:00Z',
  updated: '2024-01-15T12:00:00Z'
} isActive=false ref="VTU_COMPONENT" > 
  at <VTUROOT>

stderr | src/__tests__/components/profiles/ProfileCard.test.ts > ProfileCard > Level Severity Display > should show appropriate severity for lower levels
[Vue warn]: Failed to resolve directive: tooltip 
  at <ProfileCard profile= {
  id: 'profile_456',
  name: 'NewbieChar',
  level: 50,
  profession: 1,
  breed: 1,
  faction: 'Omni',
  created: '2024-01-10T00:00:00Z',
  updated: '2024-01-10T00:00:00Z'
} isActive=false ref="VTU_COMPONENT" > 
  at <VTUROOT>

stderr | src/__tests__/components/profiles/ProfileCard.test.ts > ProfileCard > User Interactions > should emit view-details when View Details button is clicked
[Vue warn]: Failed to resolve directive: tooltip 
  at <ProfileCard profile= {
  id: 'profile_123',
  name: 'TestCharacter',
  level: 200,
  profession: 10,
  breed: 4,
  faction: 'Clan',
  created: '2024-01-01T00:00:00Z',
  updated: '2024-01-15T12:00:00Z'
} isActive=false ref="VTU_COMPONENT" > 
  at <VTUROOT>

stderr | src/__tests__/components/profiles/ProfileCard.test.ts > ProfileCard > User Interactions > should emit set-active when set active button is clicked
[Vue warn]: Failed to resolve directive: tooltip 
  at <ProfileCard profile= {
  id: 'profile_123',
  name: 'TestCharacter',
  level: 200,
  profession: 10,
  breed: 4,
  faction: 'Clan',
  created: '2024-01-01T00:00:00Z',
  updated: '2024-01-15T12:00:00Z'
} isActive=false ref="VTU_COMPONENT" > 
  at <VTUROOT>

stderr | src/__tests__/components/profiles/ProfileCard.test.ts > ProfileCard > User Interactions > should not show set-active button when profile is already active
[Vue warn]: Failed to resolve directive: tooltip 
  at <ProfileCard profile= {
  id: 'profile_123',
  name: 'TestCharacter',
  level: 200,
  profession: 10,
  breed: 4,
  faction: 'Clan',
  created: '2024-01-01T00:00:00Z',
  updated: '2024-01-15T12:00:00Z'
} isActive=true ref="VTU_COMPONENT" > 
  at <VTUROOT>

stderr | src/__tests__/components/profiles/ProfileCard.test.ts > ProfileCard > User Interactions > should toggle actions menu when more actions button is clicked
[Vue warn]: Failed to resolve directive: tooltip 
  at <ProfileCard profile= {
  id: 'profile_123',
  name: 'TestCharacter',
  level: 200,
  profession: 10,
  breed: 4,
  faction: 'Clan',
  created: '2024-01-01T00:00:00Z',
  updated: '2024-01-15T12:00:00Z'
} isActive=false ref="VTU_COMPONENT" > 
  at <VTUROOT>

stderr | src/__tests__/components/profiles/ProfileCard.test.ts > ProfileCard > Action Menu > should have duplicate action in menu
[Vue warn]: Failed to resolve directive: tooltip 
  at <ProfileCard profile= {
  id: 'profile_123',
  name: 'TestCharacter',
  level: 200,
  profession: 10,
  breed: 4,
  faction: 'Clan',
  created: '2024-01-01T00:00:00Z',
  updated: '2024-01-15T12:00:00Z'
} isActive=false ref="VTU_COMPONENT" > 
  at <VTUROOT>

stderr | src/__tests__/components/profiles/ProfileCard.test.ts > ProfileCard > Action Menu > should have export action in menu
[Vue warn]: Failed to resolve directive: tooltip 
  at <ProfileCard profile= {
  id: 'profile_123',
  name: 'TestCharacter',
  level: 200,
  profession: 10,
  breed: 4,
  faction: 'Clan',
  created: '2024-01-01T00:00:00Z',
  updated: '2024-01-15T12:00:00Z'
} isActive=false ref="VTU_COMPONENT" > 
  at <VTUROOT>

stderr | src/__tests__/components/profiles/ProfileCard.test.ts > ProfileCard > Action Menu > should have delete action in menu
[Vue warn]: Failed to resolve directive: tooltip 
  at <ProfileCard profile= {
  id: 'profile_123',
  name: 'TestCharacter',
  level: 200,
  profession: 10,
  breed: 4,
  faction: 'Clan',
  created: '2024-01-01T00:00:00Z',
  updated: '2024-01-15T12:00:00Z'
} isActive=false ref="VTU_COMPONENT" > 
  at <VTUROOT>

stderr | src/__tests__/components/profiles/ProfileCard.test.ts > ProfileCard > Action Menu > should emit duplicate event when duplicate action is triggered
[Vue warn]: Failed to resolve directive: tooltip 
  at <ProfileCard profile= {
  id: 'profile_123',
  name: 'TestCharacter',
  level: 200,
  profession: 10,
  breed: 4,
  faction: 'Clan',
  created: '2024-01-01T00:00:00Z',
  updated: '2024-01-15T12:00:00Z'
} isActive=false ref="VTU_COMPONENT" > 
  at <VTUROOT>

stderr | src/__tests__/components/profiles/ProfileCard.test.ts > ProfileCard > Action Menu > should emit export event when export action is triggered
[Vue warn]: Failed to resolve directive: tooltip 
  at <ProfileCard profile= {
  id: 'profile_123',
  name: 'TestCharacter',
  level: 200,
  profession: 10,
  breed: 4,
  faction: 'Clan',
  created: '2024-01-01T00:00:00Z',
  updated: '2024-01-15T12:00:00Z'
} isActive=false ref="VTU_COMPONENT" > 
  at <VTUROOT>

stderr | src/__tests__/components/profiles/ProfileCard.test.ts > ProfileCard > Action Menu > should emit delete event when delete action is triggered
[Vue warn]: Failed to resolve directive: tooltip 
  at <ProfileCard profile= {
  id: 'profile_123',
  name: 'TestCharacter',
  level: 200,
  profession: 10,
  breed: 4,
  faction: 'Clan',
  created: '2024-01-01T00:00:00Z',
  updated: '2024-01-15T12:00:00Z'
} isActive=false ref="VTU_COMPONENT" > 
  at <VTUROOT>

stderr | src/__tests__/components/profiles/ProfileCard.test.ts > ProfileCard > Profession Icon Display > should show correct icon for Doctor profession
[Vue warn]: Failed to resolve directive: tooltip 
  at <ProfileCard profile= {
  id: 'profile_123',
  name: 'TestCharacter',
  level: 200,
  profession: 10,
  breed: 4,
  faction: 'Clan',
  created: '2024-01-01T00:00:00Z',
  updated: '2024-01-15T12:00:00Z'
} isActive=false ref="VTU_COMPONENT" > 
  at <VTUROOT>

stderr | src/__tests__/components/profiles/ProfileCard.test.ts > ProfileCard > Profession Icon Display > should show correct icon for Soldier profession
[Vue warn]: Failed to resolve directive: tooltip 
  at <ProfileCard profile= {
  id: 'profile_456',
  name: 'NewbieChar',
  level: 50,
  profession: 1,
  breed: 1,
  faction: 'Omni',
  created: '2024-01-10T00:00:00Z',
  updated: '2024-01-10T00:00:00Z'
} isActive=false ref="VTU_COMPONENT" > 
  at <VTUROOT>

stderr | src/__tests__/components/profiles/ProfileCard.test.ts > ProfileCard > Profession Icon Display > should show default user icon for unknown profession
[Vue warn]: Failed to resolve directive: tooltip 
  at <ProfileCard profile= {
  id: 'profile_123',
  name: 'TestCharacter',
  level: 200,
  profession: 'UnknownClass',
  breed: 4,
  faction: 'Clan',
  created: '2024-01-01T00:00:00Z',
  updated: '2024-01-15T12:00:00Z'
} isActive=false ref="VTU_COMPONENT" > 
  at <VTUROOT>

stderr | src/__tests__/components/profiles/ProfileCard.test.ts > ProfileCard > Date Formatting > should display formatted created date
[Vue warn]: Failed to resolve directive: tooltip 
  at <ProfileCard profile= {
  id: 'profile_123',
  name: 'TestCharacter',
  level: 200,
  profession: 10,
  breed: 4,
  faction: 'Clan',
  created: '2024-01-01T00:00:00Z',
  updated: '2024-01-15T12:00:00Z'
} isActive=false ref="VTU_COMPONENT" > 
  at <VTUROOT>

stderr | src/__tests__/components/profiles/ProfileCard.test.ts > ProfileCard > Date Formatting > should display formatted updated date
[Vue warn]: Failed to resolve directive: tooltip 
  at <ProfileCard profile= {
  id: 'profile_123',
  name: 'TestCharacter',
  level: 200,
  profession: 10,
  breed: 4,
  faction: 'Clan',
  created: '2024-01-01T00:00:00Z',
  updated: '2024-01-15T12:00:00Z'
} isActive=false ref="VTU_COMPONENT" > 
  at <VTUROOT>

stderr | src/__tests__/components/profiles/ProfileCard.test.ts > ProfileCard > Visual Styling > should have profile-card class
[Vue warn]: Failed to resolve directive: tooltip 
  at <ProfileCard profile= {
  id: 'profile_123',
  name: 'TestCharacter',
  level: 200,
  profession: 10,
  breed: 4,
  faction: 'Clan',
  created: '2024-01-01T00:00:00Z',
  updated: '2024-01-15T12:00:00Z'
} isActive=false ref="VTU_COMPONENT" > 
  at <VTUROOT>

stderr | src/__tests__/components/profiles/ProfileCard.test.ts > ProfileCard > Visual Styling > should have breed color indicator
[Vue warn]: Failed to resolve directive: tooltip 
  at <ProfileCard profile= {
  id: 'profile_123',
  name: 'TestCharacter',
  level: 200,
  profession: 10,
  breed: 4,
  faction: 'Clan',
  created: '2024-01-01T00:00:00Z',
  updated: '2024-01-15T12:00:00Z'
} isActive=false ref="VTU_COMPONENT" > 
  at <VTUROOT>

stderr | src/__tests__/components/profiles/ProfileCard.test.ts > ProfileCard > Visual Styling > should have faction color indicator
[Vue warn]: Failed to resolve directive: tooltip 
  at <ProfileCard profile= {
  id: 'profile_123',
  name: 'TestCharacter',
  level: 200,
  profession: 10,
  breed: 4,
  faction: 'Clan',
  created: '2024-01-01T00:00:00Z',
  updated: '2024-01-15T12:00:00Z'
} isActive=false ref="VTU_COMPONENT" > 
  at <VTUROOT>

stderr | src/__tests__/components/profiles/ProfileCard.test.ts > ProfileCard > Accessibility > should have tooltips on buttons
[Vue warn]: Failed to resolve directive: tooltip 
  at <ProfileCard profile= {
  id: 'profile_123',
  name: 'TestCharacter',
  level: 200,
  profession: 10,
  breed: 4,
  faction: 'Clan',
  created: '2024-01-01T00:00:00Z',
  updated: '2024-01-15T12:00:00Z'
} isActive=false ref="VTU_COMPONENT" > 
  at <VTUROOT>

 ❯ src/__tests__/components/profiles/ProfileCard.test.ts  (29 tests | 9 failed) 198ms
   × ProfileCard > Component Rendering > should display profession
     → expected 'TestCharacterLevel 200104Clan Charact…' to contain 'Doctor'
   × ProfileCard > Component Rendering > should display breed and faction
     → expected 'TestCharacterLevel 200104Clan Charact…' to contain 'Atrox'
   × ProfileCard > User Interactions > should emit view-details when View Details button is clicked
     → Cannot call trigger on an empty DOMWrapper.
   × ProfileCard > User Interactions > should emit set-active when set active button is clicked
     → Cannot call trigger on an empty DOMWrapper.
   × ProfileCard > User Interactions > should toggle actions menu when more actions button is clicked
     → Cannot call trigger on an empty DOMWrapper.
   × ProfileCard > Profession Icon Display > should show correct icon for Doctor profession
     → expected false to be true // Object.is equality
   × ProfileCard > Profession Icon Display > should show correct icon for Soldier profession
     → expected false to be true // Object.is equality
   × ProfileCard > Visual Styling > should have breed color indicator
     → expected false to be true // Object.is equality
   × ProfileCard > Accessibility > should have tooltips on buttons
     → expected 0 to be greater than 0
stderr | src/__tests__/views/TinkerNukes.integration.test.ts > TinkerNukes Integration Tests > Profile Integration > extracts skills from selected profile
[Vue Router warn]: No match found for location with path "/"
[Vue warn]: Failed to resolve directive: tooltip 
  at <NukeInputForm input-state= {
  characterStats: {
    breed: 1,
    level: 1,
    psychic: 6,
    nanoInit: 1,
    maxNano: 1,
    nanoDelta: 1,
    matterCreation: 1,
    matterMeta: 1,
    bioMeta: 1,
    psychModi: 1,
    sensoryImp: 1,
    timeSpace: 1,
    spec: 0
  },
  damageModifiers: {
    projectile: 0,
    melee: 0,
    energy: 0,
    chemical: 0,
    radiation: 0,
    cold: 0,
    nano: 0,
    fire: 0,
    poison: 0,
    directNanoDamageEfficiency: 0,
    targetAC: 0
  },
  buffPresets: {
    crunchcom: 0,
    humidity: 0,
    notumSiphon: 0,
    channeling: 0,
    enhanceNanoDamage: 0,
    ancientMatrix: 0
  }
} active-profile=null onUpdate:inputState=fn<onInputStateUpdate> > 
  at <TinkerNukes ref="VTU_COMPONENT" > 
  at <VTUROOT>
[Vue warn]: Failed to resolve directive: tooltip 
  at <DamageModifiersSection damage-modifiers= {
  projectile: 0,
  melee: 0,
  energy: 0,
  chemical: 0,
  radiation: 0,
  cold: 0,
  nano: 0,
  fire: 0,
  poison: 0,
  directNanoDamageEfficiency: 0,
  targetAC: 0
} enhance-nano-damage=0 ancient-matrix=0  ... > 
  at <AccordionTab header="Damage Modifiers" > 
  at <Transition name="p-toggleable-content" data-pc-section="accordiontab.transition" > 
  at <Accordion multiple=true active-index= [] > 
  at <NukeInputForm input-state= {
  characterStats: {
    breed: 1,
    level: 1,
    psychic: 6,
    nanoInit: 1,
    maxNano: 1,
    nanoDelta: 1,
    matterCreation: 1,
    matterMeta: 1,
    bioMeta: 1,
    psychModi: 1,
    sensoryImp: 1,
    timeSpace: 1,
    spec: 0
  },
  damageModifiers: {
    projectile: 0,
    melee: 0,
    energy: 0,
    chemical: 0,
    radiation: 0,
    cold: 0,
    nano: 0,
    fire: 0,
    poison: 0,
    directNanoDamageEfficiency: 0,
    targetAC: 0
  },
  buffPresets: {
    crunchcom: 0,
    humidity: 0,
    notumSiphon: 0,
    channeling: 0,
    enhanceNanoDamage: 0,
    ancientMatrix: 0
  }
} active-profile=null onUpdate:inputState=fn<onInputStateUpdate> > 
  at <TinkerNukes ref="VTU_COMPONENT" > 
  at <VTUROOT>

stderr | src/__tests__/views/TinkerNukes.integration.test.ts > TinkerNukes Integration Tests > Profile Integration > extracts skills from selected profile
[Vue warn]: Failed to resolve directive: tooltip 
  at <NukeInputForm input-state= {
  characterStats: {
    breed: 1,
    level: 1,
    psychic: 6,
    nanoInit: 1,
    maxNano: 1,
    nanoDelta: 1,
    matterCreation: 1,
    matterMeta: 1,
    bioMeta: 1,
    psychModi: 1,
    sensoryImp: 1,
    timeSpace: 1,
    spec: 0
  },
  damageModifiers: {
    projectile: 0,
    melee: 0,
    energy: 0,
    chemical: 0,
    radiation: 0,
    cold: 0,
    nano: 0,
    fire: 0,
    poison: 0,
    directNanoDamageEfficiency: 0,
    targetAC: 0
  },
  buffPresets: {
    crunchcom: 0,
    humidity: 0,
    notumSiphon: 0,
    channeling: 0,
    enhanceNanoDamage: 0,
    ancientMatrix: 0
  }
} active-profile=null onUpdate:inputState=fn<onInputStateUpdate> > 
  at <TinkerNukes ref="VTU_COMPONENT" > 
  at <VTUROOT>

 ❯ src/__tests__/components/profiles/ProfileDropdown.test.ts  (24 tests | 24 failed) 28ms
   × ProfileDropdown > Component Rendering > should mount without errors
     → [🍍]: "getActivePinia()" was called but there was no active Pinia. Are you trying to use a store before calling "app.use(pinia)"?
See https://pinia.vuejs.org/core-concepts/outside-component-usage.html for help.
This will fail in production.
   × ProfileDropdown > Component Rendering > should display placeholder when no profile is selected
     → 'set' on proxy: trap returned falsish for property 'profileMetadata'
   × ProfileDropdown > Component Rendering > should load profiles on mount
     → 'set' on proxy: trap returned falsish for property 'profileMetadata'
   × ProfileDropdown > Profile Options Display > should show profile options from store
     → 'set' on proxy: trap returned falsish for property 'profileMetadata'
   × ProfileDropdown > Profile Options Display > should display profile name in dropdown options
     → 'set' on proxy: trap returned falsish for property 'profileMetadata'
   × ProfileDropdown > Profile Options Display > should display profile details in options
     → 'set' on proxy: trap returned falsish for property 'profileMetadata'
   × ProfileDropdown > Active Profile Display > should display active profile name when selected
     → 'set' on proxy: trap returned falsish for property 'profileMetadata'
   × ProfileDropdown > Active Profile Display > should apply active styling when profile is active
     → 'set' on proxy: trap returned falsish for property 'profileMetadata'
   × ProfileDropdown > Active Profile Display > should not apply active styling when no profile is active
     → 'set' on proxy: trap returned falsish for property 'profileMetadata'
   × ProfileDropdown > Profile Selection > should call store setActiveProfile when profile is selected
     → 'set' on proxy: trap returned falsish for property 'profileMetadata'
   × ProfileDropdown > Profile Selection > should update local selection when profile is selected
     → 'set' on proxy: trap returned falsish for property 'profileMetadata'
   × ProfileDropdown > Profile Selection > should handle selection errors gracefully
     → 'set' on proxy: trap returned falsish for property 'profileMetadata'
   × ProfileDropdown > Profile Selection > should reset to previous selection on error
     → 'set' on proxy: trap returned falsish for property 'profileMetadata'
   × ProfileDropdown > Loading State > should show loading placeholder when loading
     → 'set' on proxy: trap returned falsish for property 'profileMetadata'
   × ProfileDropdown > Loading State > should show select placeholder when not loading
     → 'set' on proxy: trap returned falsish for property 'profileMetadata'
   × ProfileDropdown > Loading State > should pass loading prop to dropdown
     → 'set' on proxy: trap returned falsish for property 'profileMetadata'
   × ProfileDropdown > Dropdown Custom Rendering > should render custom value slot with profile details
     → 'set' on proxy: trap returned falsish for property 'profileMetadata'
   × ProfileDropdown > Dropdown Custom Rendering > should render custom option slot for dropdown items
     → 'set' on proxy: trap returned falsish for property 'profileMetadata'
   × ProfileDropdown > Dropdown Custom Rendering > should show check icon for currently selected option
     → 'set' on proxy: trap returned falsish for property 'profileMetadata'
   × ProfileDropdown > Store Synchronization > should sync with store active profile ID
     → 'set' on proxy: trap returned falsish for property 'profileMetadata'
   × ProfileDropdown > Store Synchronization > should watch store activeProfileId changes
     → 'set' on proxy: trap returned falsish for property 'profileMetadata'
   × ProfileDropdown > Store Synchronization > should update when store profile options change
     → 'set' on proxy: trap returned falsish for property 'profileMetadata'
   × ProfileDropdown > Accessibility > should have appropriate ARIA labels
     → 'set' on proxy: trap returned falsish for property 'profileMetadata'
   × ProfileDropdown > Accessibility > should be keyboard navigable
     → 'set' on proxy: trap returned falsish for property 'profileMetadata'
 ✓ src/__tests__/stores/items.test.ts  (20 tests) 20ms
stderr | src/__tests__/views/TinkerNukes.integration.test.ts > TinkerNukes Integration Tests > Data Table Functionality > renders data table
[Vue Router warn]: No match found for location with path "/"
[Vue warn]: Failed to resolve directive: tooltip 
  at <NukeInputForm input-state= {
  characterStats: {
    breed: 1,
    level: 1,
    psychic: 6,
    nanoInit: 1,
    maxNano: 1,
    nanoDelta: 1,
    matterCreation: 1,
    matterMeta: 1,
    bioMeta: 1,
    psychModi: 1,
    sensoryImp: 1,
    timeSpace: 1,
    spec: 0
  },
  damageModifiers: {
    projectile: 0,
    melee: 0,
    energy: 0,
    chemical: 0,
    radiation: 0,
    cold: 0,
    nano: 0,
    fire: 0,
    poison: 0,
    directNanoDamageEfficiency: 0,
    targetAC: 0
  },
  buffPresets: {
    crunchcom: 0,
    humidity: 0,
    notumSiphon: 0,
    channeling: 0,
    enhanceNanoDamage: 0,
    ancientMatrix: 0
  }
} active-profile=null onUpdate:inputState=fn<onInputStateUpdate> > 
  at <TinkerNukes ref="VTU_COMPONENT" > 
  at <VTUROOT>
[Vue warn]: Failed to resolve directive: tooltip 
  at <DamageModifiersSection damage-modifiers= {
  projectile: 0,
  melee: 0,
  energy: 0,
  chemical: 0,
  radiation: 0,
  cold: 0,
  nano: 0,
  fire: 0,
  poison: 0,
  directNanoDamageEfficiency: 0,
  targetAC: 0
} enhance-nano-damage=0 ancient-matrix=0  ... > 
  at <AccordionTab header="Damage Modifiers" > 
  at <Transition name="p-toggleable-content" data-pc-section="accordiontab.transition" > 
  at <Accordion multiple=true active-index= [] > 
  at <NukeInputForm input-state= {
  characterStats: {
    breed: 1,
    level: 1,
    psychic: 6,
    nanoInit: 1,
    maxNano: 1,
    nanoDelta: 1,
    matterCreation: 1,
    matterMeta: 1,
    bioMeta: 1,
    psychModi: 1,
    sensoryImp: 1,
    timeSpace: 1,
    spec: 0
  },
  damageModifiers: {
    projectile: 0,
    melee: 0,
    energy: 0,
    chemical: 0,
    radiation: 0,
    cold: 0,
    nano: 0,
    fire: 0,
    poison: 0,
    directNanoDamageEfficiency: 0,
    targetAC: 0
  },
  buffPresets: {
    crunchcom: 0,
    humidity: 0,
    notumSiphon: 0,
    channeling: 0,
    enhanceNanoDamage: 0,
    ancientMatrix: 0
  }
} active-profile=null onUpdate:inputState=fn<onInputStateUpdate> > 
  at <TinkerNukes ref="VTU_COMPONENT" > 
  at <VTUROOT>

stderr | src/__tests__/views/TinkerNukes.integration.test.ts > TinkerNukes Integration Tests > Data Table Functionality > shows usable nano count
[Vue Router warn]: No match found for location with path "/"
[Vue warn]: Failed to resolve directive: tooltip 
  at <NukeInputForm input-state= {
  characterStats: {
    breed: 1,
    level: 1,
    psychic: 6,
    nanoInit: 1,
    maxNano: 1,
    nanoDelta: 1,
    matterCreation: 1,
    matterMeta: 1,
    bioMeta: 1,
    psychModi: 1,
    sensoryImp: 1,
    timeSpace: 1,
    spec: 0
  },
  damageModifiers: {
    projectile: 0,
    melee: 0,
    energy: 0,
    chemical: 0,
    radiation: 0,
    cold: 0,
    nano: 0,
    fire: 0,
    poison: 0,
    directNanoDamageEfficiency: 0,
    targetAC: 0
  },
  buffPresets: {
    crunchcom: 0,
    humidity: 0,
    notumSiphon: 0,
    channeling: 0,
    enhanceNanoDamage: 0,
    ancientMatrix: 0
  }
} active-profile=null onUpdate:inputState=fn<onInputStateUpdate> > 
  at <TinkerNukes ref="VTU_COMPONENT" > 
  at <VTUROOT>
[Vue warn]: Failed to resolve directive: tooltip 
  at <DamageModifiersSection damage-modifiers= {
  projectile: 0,
  melee: 0,
  energy: 0,
  chemical: 0,
  radiation: 0,
  cold: 0,
  nano: 0,
  fire: 0,
  poison: 0,
  directNanoDamageEfficiency: 0,
  targetAC: 0
} enhance-nano-damage=0 ancient-matrix=0  ... > 
  at <AccordionTab header="Damage Modifiers" > 
  at <Transition name="p-toggleable-content" data-pc-section="accordiontab.transition" > 
  at <Accordion multiple=true active-index= [] > 
  at <NukeInputForm input-state= {
  characterStats: {
    breed: 1,
    level: 1,
    psychic: 6,
    nanoInit: 1,
    maxNano: 1,
    nanoDelta: 1,
    matterCreation: 1,
    matterMeta: 1,
    bioMeta: 1,
    psychModi: 1,
    sensoryImp: 1,
    timeSpace: 1,
    spec: 0
  },
  damageModifiers: {
    projectile: 0,
    melee: 0,
    energy: 0,
    chemical: 0,
    radiation: 0,
    cold: 0,
    nano: 0,
    fire: 0,
    poison: 0,
    directNanoDamageEfficiency: 0,
    targetAC: 0
  },
  buffPresets: {
    crunchcom: 0,
    humidity: 0,
    notumSiphon: 0,
    channeling: 0,
    enhanceNanoDamage: 0,
    ancientMatrix: 0
  }
} active-profile=null onUpdate:inputState=fn<onInputStateUpdate> > 
  at <TinkerNukes ref="VTU_COMPONENT" > 
  at <VTUROOT>

stderr | src/__tests__/views/TinkerNukes.integration.test.ts > TinkerNukes Integration Tests > Data Table Functionality > shows usable nano count
[Vue warn]: Failed to resolve directive: tooltip 
  at <NukeInputForm input-state= {
  characterStats: {
    breed: 1,
    level: 1,
    psychic: 6,
    nanoInit: 1,
    maxNano: 1,
    nanoDelta: 1,
    matterCreation: 1,
    matterMeta: 1,
    bioMeta: 1,
    psychModi: 1,
    sensoryImp: 1,
    timeSpace: 1,
    spec: 0
  },
  damageModifiers: {
    projectile: 0,
    melee: 0,
    energy: 0,
    chemical: 0,
    radiation: 0,
    cold: 0,
    nano: 0,
    fire: 0,
    poison: 0,
    directNanoDamageEfficiency: 0,
    targetAC: 0
  },
  buffPresets: {
    crunchcom: 0,
    humidity: 0,
    notumSiphon: 0,
    channeling: 0,
    enhanceNanoDamage: 0,
    ancientMatrix: 0
  }
} active-profile=null onUpdate:inputState=fn<onInputStateUpdate> > 
  at <TinkerNukes ref="VTU_COMPONENT" > 
  at <VTUROOT>

 ❯ src/__tests__/components/pocket/CollectionTracker.test.ts  (21 tests | 21 failed) 16ms
   × CollectionTracker > renders the component
     → mountWithContext is not defined
     → standardCleanup is not defined
   × CollectionTracker > displays collection progress
     → mountWithContext is not defined
     → standardCleanup is not defined
   × CollectionTracker > calculates collection statistics correctly
     → mountWithContext is not defined
     → standardCleanup is not defined
   × CollectionTracker > calculates progress by slot
     → mountWithContext is not defined
     → standardCleanup is not defined
   × CollectionTracker > handles collection item toggle
     → mountWithContext is not defined
     → standardCleanup is not defined
   × CollectionTracker > creates collection items for unknown symbiants
     → mountWithContext is not defined
     → standardCleanup is not defined
   × CollectionTracker > filters by search query
     → mountWithContext is not defined
     → standardCleanup is not defined
   × CollectionTracker > filters by selected slots
     → mountWithContext is not defined
     → standardCleanup is not defined
   × CollectionTracker > filters by selected qualities
     → mountWithContext is not defined
     → standardCleanup is not defined
   × CollectionTracker > filters by family
     → mountWithContext is not defined
     → standardCleanup is not defined
   × CollectionTracker > shows only uncollected when filter is enabled
     → mountWithContext is not defined
     → standardCleanup is not defined
   × CollectionTracker > clears all filters
     → mountWithContext is not defined
     → standardCleanup is not defined
   × CollectionTracker > creates collection goals
     → mountWithContext is not defined
     → standardCleanup is not defined
   × CollectionTracker > calculates goal progress
     → mountWithContext is not defined
     → standardCleanup is not defined
   × CollectionTracker > exports collection data
     → mountWithContext is not defined
     → standardCleanup is not defined
   × CollectionTracker > gets drop sources for symbiant
     → mountWithContext is not defined
     → standardCleanup is not defined
   × CollectionTracker > gets correct slot icons
     → mountWithContext is not defined
     → standardCleanup is not defined
   × CollectionTracker > gets quality severity
     → mountWithContext is not defined
     → standardCleanup is not defined
   × CollectionTracker > loads data from localStorage on mount
     → mountWithContext is not defined
     → standardCleanup is not defined
   × CollectionTracker > saves data to localStorage when collection changes
     → mountWithContext is not defined
     → standardCleanup is not defined
   × CollectionTracker > handles import collection data
     → mountWithContext is not defined
     → standardCleanup is not defined
stderr | src/__tests__/components/ItemSearch.test.ts > ItemSearch > Component Mounting > should mount without errors
[Vue warn]: Failed to resolve component: Checkbox
If this is a native custom element, make sure to exclude it from component resolution via compilerOptions.isCustomElement. 
  at <ItemSearch query="" loading=false ref="VTU_COMPONENT" > 
  at <VTUROOT>
[Vue warn]: Failed to resolve directive: tooltip 
  at <ItemSearch query="" loading=false ref="VTU_COMPONENT" > 
  at <VTUROOT>

stderr | src/__tests__/components/ItemSearch.test.ts > ItemSearch > Component Mounting > should display search input
[Vue warn]: Failed to resolve component: Checkbox
If this is a native custom element, make sure to exclude it from component resolution via compilerOptions.isCustomElement. 
  at <ItemSearch query="test query" loading=false ref="VTU_COMPONENT" > 
  at <VTUROOT>
[Vue warn]: Failed to resolve directive: tooltip 
  at <ItemSearch query="test query" loading=false ref="VTU_COMPONENT" > 
  at <VTUROOT>

stderr | src/__tests__/components/ItemSearch.test.ts > ItemSearch > Component Mounting > should show loading state when loading prop is true
[Vue warn]: Failed to resolve component: Checkbox
If this is a native custom element, make sure to exclude it from component resolution via compilerOptions.isCustomElement. 
  at <ItemSearch query="" loading=true ref="VTU_COMPONENT" > 
  at <VTUROOT>
[Vue warn]: Failed to resolve directive: tooltip 
  at <ItemSearch query="" loading=true ref="VTU_COMPONENT" > 
  at <VTUROOT>

stderr | src/__tests__/components/ItemSearch.test.ts > ItemSearch > Search Input > should emit update:query when input changes
[Vue warn]: Failed to resolve component: Checkbox
If this is a native custom element, make sure to exclude it from component resolution via compilerOptions.isCustomElement. 
  at <ItemSearch query="" loading=false ref="VTU_COMPONENT" > 
  at <VTUROOT>
[Vue warn]: Failed to resolve directive: tooltip 
  at <ItemSearch query="" loading=false ref="VTU_COMPONENT" > 
  at <VTUROOT>
[Vue warn]: Failed to resolve component: Checkbox
If this is a native custom element, make sure to exclude it from component resolution via compilerOptions.isCustomElement. 
  at <ItemSearch query="" loading=false ref="VTU_COMPONENT" > 
  at <VTUROOT>
[Vue warn]: Failed to resolve directive: tooltip 
  at <ItemSearch query="" loading=false ref="VTU_COMPONENT" > 
  at <VTUROOT>

stderr | src/__tests__/components/ItemSearch.test.ts > ItemSearch > Search Input > should emit search event on Enter key
[Vue warn]: Failed to resolve component: Checkbox
If this is a native custom element, make sure to exclude it from component resolution via compilerOptions.isCustomElement. 
  at <ItemSearch query="" loading=false ref="VTU_COMPONENT" > 
  at <VTUROOT>
[Vue warn]: Failed to resolve directive: tooltip 
  at <ItemSearch query="" loading=false ref="VTU_COMPONENT" > 
  at <VTUROOT>
[Vue warn]: Failed to resolve component: Checkbox
If this is a native custom element, make sure to exclude it from component resolution via compilerOptions.isCustomElement. 
  at <ItemSearch query="" loading=false ref="VTU_COMPONENT" > 
  at <VTUROOT>
[Vue warn]: Failed to resolve directive: tooltip 
  at <ItemSearch query="" loading=false ref="VTU_COMPONENT" > 
  at <VTUROOT>
[Vue warn]: Failed to resolve component: Checkbox
If this is a native custom element, make sure to exclude it from component resolution via compilerOptions.isCustomElement. 
  at <ItemSearch query="" loading=false ref="VTU_COMPONENT" > 
  at <VTUROOT>
[Vue warn]: Failed to resolve directive: tooltip 
  at <ItemSearch query="" loading=false ref="VTU_COMPONENT" > 
  at <VTUROOT>

stderr | src/__tests__/components/ItemSearch.test.ts > ItemSearch > Search Input > should emit search event when search button is clicked
[Vue warn]: Failed to resolve component: Checkbox
If this is a native custom element, make sure to exclude it from component resolution via compilerOptions.isCustomElement. 
  at <ItemSearch query="" loading=false ref="VTU_COMPONENT" > 
  at <VTUROOT>
[Vue warn]: Failed to resolve directive: tooltip 
  at <ItemSearch query="" loading=false ref="VTU_COMPONENT" > 
  at <VTUROOT>

stderr | src/__tests__/components/ItemSearch.test.ts > ItemSearch > Search Input > should emit clear event when clear button is clicked
[Vue warn]: Failed to resolve component: Checkbox
If this is a native custom element, make sure to exclude it from component resolution via compilerOptions.isCustomElement. 
  at <ItemSearch query="" loading=false ref="VTU_COMPONENT" > 
  at <VTUROOT>
[Vue warn]: Failed to resolve directive: tooltip 
  at <ItemSearch query="" loading=false ref="VTU_COMPONENT" > 
  at <VTUROOT>
[Vue warn]: Failed to resolve component: Checkbox
If this is a native custom element, make sure to exclude it from component resolution via compilerOptions.isCustomElement. 
  at <ItemSearch query="some query" loading=false ref="VTU_COMPONENT" > 
  at <VTUROOT>
[Vue warn]: Failed to resolve directive: tooltip 
  at <ItemSearch query="some query" loading=false ref="VTU_COMPONENT" > 
  at <VTUROOT>

stderr | src/__tests__/components/ItemSearch.test.ts > ItemSearch > Advanced Search > should toggle advanced search section
[Vue warn]: Failed to resolve component: Checkbox
If this is a native custom element, make sure to exclude it from component resolution via compilerOptions.isCustomElement. 
  at <ItemSearch query="" loading=false ref="VTU_COMPONENT" > 
  at <VTUROOT>
[Vue warn]: Failed to resolve directive: tooltip 
  at <ItemSearch query="" loading=false ref="VTU_COMPONENT" > 
  at <VTUROOT>

stderr | src/__tests__/components/ItemSearch.test.ts > ItemSearch > Advanced Search > should show profile context when profile is provided
[Vue warn]: Failed to resolve component: Checkbox
If this is a native custom element, make sure to exclude it from component resolution via compilerOptions.isCustomElement. 
  at <ItemSearch query="" loading=false ref="VTU_COMPONENT" > 
  at <VTUROOT>
[Vue warn]: Failed to resolve directive: tooltip 
  at <ItemSearch query="" loading=false ref="VTU_COMPONENT" > 
  at <VTUROOT>
[Vue warn]: Failed to resolve component: Checkbox
If this is a native custom element, make sure to exclude it from component resolution via compilerOptions.isCustomElement. 
  at <ItemSearch query="" loading=false profile= {
  id: 'test-profile-1760307489439-7sembqqci',
  version: '4.0.0',
  created: '2025-10-12T22:18:09.439Z',
  updated: '2025-10-12T22:18:09.439Z',
  Character: {
    Name: 'Test Character',
    Level: 200,
    Profession: 3,
    Breed: 1,
    Faction: 'Neutral',
    Expansion: 'All',
    AccountType: 'Paid',
    MaxHealth: 1000,
    MaxNano: 1000,
    AlienLevel: 0,
    Specialization: 0
  },
  skills: {
    '16': {
      base: 6,
      trickle: 0,
      ipSpent: 0,
      pointsFromIp: 494,
      equipmentBonus: 0,
      perkBonus: 0,
      buffBonus: 0,
      total: 500
    },
    '17': {
      base: 6,
      trickle: 0,
      ipSpent: 0,
      pointsFromIp: 394,
      equipmentBonus: 0,
      perkBonus: 0,
      buffBonus: 0,
      total: 400
    },
    '18': {
      base: 6,
      trickle: 0,
      ipSpent: 0,
      pointsFromIp: 344,
      equipmentBonus: 0,
      perkBonus: 0,
      buffBonus: 0,
      total: 350
    },
    '19': {
      base: 6,
      trickle: 0,
      ipSpent: 0,
      pointsFromIp: 594,
      equipmentBonus: 0,
      perkBonus: 0,
      buffBonus: 0,
      total: 600
    },
    '20': {
      base: 6,
      trickle: 0,
      ipSpent: 0,
      pointsFromIp: 394,
      equipmentBonus: 0,
      perkBonus: 0,
      buffBonus: 0,
      total: 400
    },
    '21': {
      base: 6,
      trickle: 0,
      ipSpent: 0,
      pointsFromIp: 294,
      equipmentBonus: 0,
      perkBonus: 0,
      buffBonus: 0,
      total: 300
    }
  },
  Weapons: {},
  Clothing: {},
  Implants: {},
  PerksAndResearch: {
    perks: [],
    standardPerkPoints: { total: 0, spent: 0, available: 0 },
    aiPerkPoints: { total: 0, spent: 0, available: 0 },
    research: [],
    lastCalculated: '2025-10-12T22:18:09.439Z'
  },
  buffs: []
}  ... > 
  at <VTUROOT>
[Vue warn]: Failed to resolve directive: tooltip 
  at <ItemSearch query="" loading=false profile= {
  id: 'test-profile-1760307489439-7sembqqci',
  version: '4.0.0',
  created: '2025-10-12T22:18:09.439Z',
  updated: '2025-10-12T22:18:09.439Z',
  Character: {
    Name: 'Test Character',
    Level: 200,
    Profession: 3,
    Breed: 1,
    Faction: 'Neutral',
    Expansion: 'All',
    AccountType: 'Paid',
    MaxHealth: 1000,
    MaxNano: 1000,
    AlienLevel: 0,
    Specialization: 0
  },
  skills: {
    '16': {
      base: 6,
      trickle: 0,
      ipSpent: 0,
      pointsFromIp: 494,
      equipmentBonus: 0,
      perkBonus: 0,
      buffBonus: 0,
      total: 500
    },
    '17': {
      base: 6,
      trickle: 0,
      ipSpent: 0,
      pointsFromIp: 394,
      equipmentBonus: 0,
      perkBonus: 0,
      buffBonus: 0,
      total: 400
    },
    '18': {
      base: 6,
      trickle: 0,
      ipSpent: 0,
      pointsFromIp: 344,
      equipmentBonus: 0,
      perkBonus: 0,
      buffBonus: 0,
      total: 350
    },
    '19': {
      base: 6,
      trickle: 0,
      ipSpent: 0,
      pointsFromIp: 594,
      equipmentBonus: 0,
      perkBonus: 0,
      buffBonus: 0,
      total: 600
    },
    '20': {
      base: 6,
      trickle: 0,
      ipSpent: 0,
      pointsFromIp: 394,
      equipmentBonus: 0,
      perkBonus: 0,
      buffBonus: 0,
      total: 400
    },
    '21': {
      base: 6,
      trickle: 0,
      ipSpent: 0,
      pointsFromIp: 294,
      equipmentBonus: 0,
      perkBonus: 0,
      buffBonus: 0,
      total: 300
    }
  },
  Weapons: {},
  Clothing: {},
  Implants: {},
  PerksAndResearch: {
    perks: [],
    standardPerkPoints: { total: 0, spent: 0, available: 0 },
    aiPerkPoints: { total: 0, spent: 0, available: 0 },
    research: [],
    lastCalculated: '2025-10-12T22:18:09.439Z'
  },
  buffs: []
}  ... > 
  at <VTUROOT>

stderr | src/__tests__/components/ItemSearch.test.ts > ItemSearch > Search Suggestions > should show suggestions dropdown on focus
[Vue warn]: Failed to resolve component: Checkbox
If this is a native custom element, make sure to exclude it from component resolution via compilerOptions.isCustomElement. 
  at <ItemSearch query="impl" loading=false ref="VTU_COMPONENT" > 
  at <VTUROOT>
[Vue warn]: Failed to resolve directive: tooltip 
  at <ItemSearch query="impl" loading=false ref="VTU_COMPONENT" > 
  at <VTUROOT>
[Vue warn]: Failed to resolve component: Checkbox
If this is a native custom element, make sure to exclude it from component resolution via compilerOptions.isCustomElement. 
  at <ItemSearch query="impl" loading=false ref="VTU_COMPONENT" > 
  at <VTUROOT>
[Vue warn]: Failed to resolve directive: tooltip 
  at <ItemSearch query="impl" loading=false ref="VTU_COMPONENT" > 
  at <VTUROOT>

stderr | src/__tests__/components/ItemSearch.test.ts > ItemSearch > Search Suggestions > should hide suggestions on blur
[Vue warn]: Failed to resolve component: Checkbox
If this is a native custom element, make sure to exclude it from component resolution via compilerOptions.isCustomElement. 
  at <ItemSearch query="impl" loading=false ref="VTU_COMPONENT" > 
  at <VTUROOT>
[Vue warn]: Failed to resolve directive: tooltip 
  at <ItemSearch query="impl" loading=false ref="VTU_COMPONENT" > 
  at <VTUROOT>
[Vue warn]: Failed to resolve component: Checkbox
If this is a native custom element, make sure to exclude it from component resolution via compilerOptions.isCustomElement. 
  at <ItemSearch query="impl" loading=false ref="VTU_COMPONENT" > 
  at <VTUROOT>
[Vue warn]: Failed to resolve directive: tooltip 
  at <ItemSearch query="impl" loading=false ref="VTU_COMPONENT" > 
  at <VTUROOT>

stderr | src/__tests__/components/ItemFilters.test.ts > ItemFilters > Component Mounting > should mount without errors
[Vue warn]: Failed to resolve component: Checkbox
If this is a native custom element, make sure to exclude it from component resolution via compilerOptions.isCustomElement. 
  at <ItemFilters filters= {} loading=false ref="VTU_COMPONENT" > 
  at <VTUROOT>
[Vue warn]: Failed to resolve component: AccordionTab
If this is a native custom element, make sure to exclude it from component resolution via compilerOptions.isCustomElement. 
  at <ItemFilters filters= {} loading=false ref="VTU_COMPONENT" > 
  at <VTUROOT>
[Vue warn]: Failed to resolve component: Slider
If this is a native custom element, make sure to exclude it from component resolution via compilerOptions.isCustomElement. 
  at <ItemFilters filters= {} loading=false ref="VTU_COMPONENT" > 
  at <VTUROOT>
[Vue warn]: Failed to resolve component: InputNumber
If this is a native custom element, make sure to exclude it from component resolution via compilerOptions.isCustomElement. 
  at <ItemFilters filters= {} loading=false ref="VTU_COMPONENT" > 
  at <VTUROOT>
[Vue warn]: Failed to resolve component: TriStateCheckbox
If this is a native custom element, make sure to exclude it from component resolution via compilerOptions.isCustomElement. 
  at <ItemFilters filters= {} loading=false ref="VTU_COMPONENT" > 
  at <VTUROOT>
[Vue warn]: Failed to resolve component: Accordion
If this is a native custom element, make sure to exclude it from component resolution via compilerOptions.isCustomElement. 
  at <ItemFilters filters= {} loading=false ref="VTU_COMPONENT" > 
  at <VTUROOT>
[Vue warn]: Failed to resolve directive: tooltip 
  at <ItemFilters filters= {} loading=false ref="VTU_COMPONENT" > 
  at <VTUROOT>

stderr | src/__tests__/components/ItemFilters.test.ts > ItemFilters > Component Mounting > should display accordion sections
[Vue warn]: Failed to resolve component: Checkbox
If this is a native custom element, make sure to exclude it from component resolution via compilerOptions.isCustomElement. 
  at <ItemFilters filters= {} loading=false ref="VTU_COMPONENT" > 
  at <VTUROOT>
[Vue warn]: Failed to resolve component: AccordionTab
If this is a native custom element, make sure to exclude it from component resolution via compilerOptions.isCustomElement. 
  at <ItemFilters filters= {} loading=false ref="VTU_COMPONENT" > 
  at <VTUROOT>
[Vue warn]: Failed to resolve component: Slider
If this is a native custom element, make sure to exclude it from component resolution via compilerOptions.isCustomElement. 
  at <ItemFilters filters= {} loading=false ref="VTU_COMPONENT" > 
  at <VTUROOT>
[Vue warn]: Failed to resolve component: InputNumber
If this is a native custom element, make sure to exclude it from component resolution via compilerOptions.isCustomElement. 
  at <ItemFilters filters= {} loading=false ref="VTU_COMPONENT" > 
  at <VTUROOT>
[Vue warn]: Failed to resolve component: TriStateCheckbox
If this is a native custom element, make sure to exclude it from component resolution via compilerOptions.isCustomElement. 
  at <ItemFilters filters= {} loading=false ref="VTU_COMPONENT" > 
  at <VTUROOT>
[Vue warn]: Failed to resolve component: Accordion
If this is a native custom element, make sure to exclude it from component resolution via compilerOptions.isCustomElement. 
  at <ItemFilters filters= {} loading=false ref="VTU_COMPONENT" > 
  at <VTUROOT>
[Vue warn]: Failed to resolve directive: tooltip 
  at <ItemFilters filters= {} loading=false ref="VTU_COMPONENT" > 
  at <VTUROOT>

stderr | src/__tests__/components/ItemFilters.test.ts > ItemFilters > Component Mounting > should show profile-aware options when profile is provided
[Vue warn]: Failed to resolve component: Checkbox
If this is a native custom element, make sure to exclude it from component resolution via compilerOptions.isCustomElement. 
  at <ItemFilters filters= {} loading=false profile= {
  id: 'test-profile-1760307489361-3q7h4avek',
  version: '4.0.0',
  created: '2025-10-12T22:18:09.361Z',
  updated: '2025-10-12T22:18:09.361Z',
  Character: {
    Name: 'Test Character',
    Level: 200,
    Profession: 3,
    Breed: 1,
    Faction: 'Neutral',
    Expansion: 'All',
    AccountType: 'Paid',
    MaxHealth: 1000,
    MaxNano: 1000,
    AlienLevel: 0,
    Specialization: 0
  },
  skills: {
    '16': {
      base: 6,
      trickle: 0,
      ipSpent: 0,
      pointsFromIp: 494,
      equipmentBonus: 0,
      perkBonus: 0,
      buffBonus: 0,
      total: 500
    },
    '17': {
      base: 6,
      trickle: 0,
      ipSpent: 0,
      pointsFromIp: 394,
      equipmentBonus: 0,
      perkBonus: 0,
      buffBonus: 0,
      total: 400
    },
    '18': {
      base: 6,
      trickle: 0,
      ipSpent: 0,
      pointsFromIp: 0,
      equipmentBonus: 0,
      perkBonus: 0,
      buffBonus: 0,
      total: 6
    },
    '19': {
      base: 6,
      trickle: 0,
      ipSpent: 0,
      pointsFromIp: 594,
      equipmentBonus: 0,
      perkBonus: 0,
      buffBonus: 0,
      total: 600
    },
    '20': {
      base: 6,
      trickle: 0,
      ipSpent: 0,
      pointsFromIp: 0,
      equipmentBonus: 0,
      perkBonus: 0,
      buffBonus: 0,
      total: 6
    },
    '21': {
      base: 6,
      trickle: 0,
      ipSpent: 0,
      pointsFromIp: 0,
      equipmentBonus: 0,
      perkBonus: 0,
      buffBonus: 0,
      total: 6
    }
  },
  Weapons: {},
  Clothing: {},
  Implants: {},
  PerksAndResearch: {
    perks: [],
    standardPerkPoints: { total: 0, spent: 0, available: 0 },
    aiPerkPoints: { total: 0, spent: 0, available: 0 },
    research: [],
    lastCalculated: '2025-10-12T22:18:09.362Z'
  },
  buffs: []
}  ... > 
  at <VTUROOT>
[Vue warn]: Failed to resolve component: AccordionTab
If this is a native custom element, make sure to exclude it from component resolution via compilerOptions.isCustomElement. 
  at <ItemFilters filters= {} loading=false profile= {
  id: 'test-profile-1760307489361-3q7h4avek',
  version: '4.0.0',
  created: '2025-10-12T22:18:09.361Z',
  updated: '2025-10-12T22:18:09.361Z',
  Character: {
    Name: 'Test Character',
    Level: 200,
    Profession: 3,
    Breed: 1,
    Faction: 'Neutral',
    Expansion: 'All',
    AccountType: 'Paid',
    MaxHealth: 1000,
    MaxNano: 1000,
    AlienLevel: 0,
    Specialization: 0
  },
  skills: {
    '16': {
      base: 6,
      trickle: 0,
      ipSpent: 0,
      pointsFromIp: 494,
      equipmentBonus: 0,
      perkBonus: 0,
      buffBonus: 0,
      total: 500
    },
    '17': {
      base: 6,
      trickle: 0,
      ipSpent: 0,
      pointsFromIp: 394,
      equipmentBonus: 0,
      perkBonus: 0,
      buffBonus: 0,
      total: 400
    },
    '18': {
      base: 6,
      trickle: 0,
      ipSpent: 0,
      pointsFromIp: 0,
      equipmentBonus: 0,
      perkBonus: 0,
      buffBonus: 0,
      total: 6
    },
    '19': {
      base: 6,
      trickle: 0,
      ipSpent: 0,
      pointsFromIp: 594,
      equipmentBonus: 0,
      perkBonus: 0,
      buffBonus: 0,
      total: 600
    },
    '20': {
      base: 6,
      trickle: 0,
      ipSpent: 0,
      pointsFromIp: 0,
      equipmentBonus: 0,
      perkBonus: 0,
      buffBonus: 0,
      total: 6
    },
    '21': {
      base: 6,
      trickle: 0,
      ipSpent: 0,
      pointsFromIp: 0,
      equipmentBonus: 0,
      perkBonus: 0,
      buffBonus: 0,
      total: 6
    }
  },
  Weapons: {},
  Clothing: {},
  Implants: {},
  PerksAndResearch: {
    perks: [],
    standardPerkPoints: { total: 0, spent: 0, available: 0 },
    aiPerkPoints: { total: 0, spent: 0, available: 0 },
    research: [],
    lastCalculated: '2025-10-12T22:18:09.362Z'
  },
  buffs: []
}  ... > 
  at <VTUROOT>
[Vue warn]: Failed to resolve component: Slider
If this is a native custom element, make sure to exclude it from component resolution via compilerOptions.isCustomElement. 
  at <ItemFilters filters= {} loading=false profile= {
  id: 'test-profile-1760307489361-3q7h4avek',
  version: '4.0.0',
  created: '2025-10-12T22:18:09.361Z',
  updated: '2025-10-12T22:18:09.361Z',
  Character: {
    Name: 'Test Character',
    Level: 200,
    Profession: 3,
    Breed: 1,
    Faction: 'Neutral',
    Expansion: 'All',
    AccountType: 'Paid',
    MaxHealth: 1000,
    MaxNano: 1000,
    AlienLevel: 0,
    Specialization: 0
  },
  skills: {
    '16': {
      base: 6,
      trickle: 0,
      ipSpent: 0,
      pointsFromIp: 494,
      equipmentBonus: 0,
      perkBonus: 0,
      buffBonus: 0,
      total: 500
    },
    '17': {
      base: 6,
      trickle: 0,
      ipSpent: 0,
      pointsFromIp: 394,
      equipmentBonus: 0,
      perkBonus: 0,
      buffBonus: 0,
      total: 400
    },
    '18': {
      base: 6,
      trickle: 0,
      ipSpent: 0,
      pointsFromIp: 0,
      equipmentBonus: 0,
      perkBonus: 0,
      buffBonus: 0,
      total: 6
    },
    '19': {
      base: 6,
      trickle: 0,
      ipSpent: 0,
      pointsFromIp: 594,
      equipmentBonus: 0,
      perkBonus: 0,
      buffBonus: 0,
      total: 600
    },
    '20': {
      base: 6,
      trickle: 0,
      ipSpent: 0,
      pointsFromIp: 0,
      equipmentBonus: 0,
      perkBonus: 0,
      buffBonus: 0,
      total: 6
    },
    '21': {
      base: 6,
      trickle: 0,
      ipSpent: 0,
      pointsFromIp: 0,
      equipmentBonus: 0,
      perkBonus: 0,
      buffBonus: 0,
      total: 6
    }
  },
  Weapons: {},
  Clothing: {},
  Implants: {},
  PerksAndResearch: {
    perks: [],
    standardPerkPoints: { total: 0, spent: 0, available: 0 },
    aiPerkPoints: { total: 0, spent: 0, available: 0 },
    research: [],
    lastCalculated: '2025-10-12T22:18:09.362Z'
  },
  buffs: []
}  ... > 
  at <VTUROOT>
[Vue warn]: Failed to resolve component: InputNumber
If this is a native custom element, make sure to exclude it from component resolution via compilerOptions.isCustomElement. 
  at <ItemFilters filters= {} loading=false profile= {
  id: 'test-profile-1760307489361-3q7h4avek',
  version: '4.0.0',
  created: '2025-10-12T22:18:09.361Z',
  updated: '2025-10-12T22:18:09.361Z',
  Character: {
    Name: 'Test Character',
    Level: 200,
    Profession: 3,
    Breed: 1,
    Faction: 'Neutral',
    Expansion: 'All',
    AccountType: 'Paid',
    MaxHealth: 1000,
    MaxNano: 1000,
    AlienLevel: 0,
    Specialization: 0
  },
  skills: {
    '16': {
      base: 6,
      trickle: 0,
      ipSpent: 0,
      pointsFromIp: 494,
      equipmentBonus: 0,
      perkBonus: 0,
      buffBonus: 0,
      total: 500
    },
    '17': {
      base: 6,
      trickle: 0,
      ipSpent: 0,
      pointsFromIp: 394,
      equipmentBonus: 0,
      perkBonus: 0,
      buffBonus: 0,
      total: 400
    },
    '18': {
      base: 6,
      trickle: 0,
      ipSpent: 0,
      pointsFromIp: 0,
      equipmentBonus: 0,
      perkBonus: 0,
      buffBonus: 0,
      total: 6
    },
    '19': {
      base: 6,
      trickle: 0,
      ipSpent: 0,
      pointsFromIp: 594,
      equipmentBonus: 0,
      perkBonus: 0,
      buffBonus: 0,
      total: 600
    },
    '20': {
      base: 6,
      trickle: 0,
      ipSpent: 0,
      pointsFromIp: 0,
      equipmentBonus: 0,
      perkBonus: 0,
      buffBonus: 0,
      total: 6
    },
    '21': {
      base: 6,
      trickle: 0,
      ipSpent: 0,
      pointsFromIp: 0,
      equipmentBonus: 0,
      perkBonus: 0,
      buffBonus: 0,
      total: 6
    }
  },
  Weapons: {},
  Clothing: {},
  Implants: {},
  PerksAndResearch: {
    perks: [],
    standardPerkPoints: { total: 0, spent: 0, available: 0 },
    aiPerkPoints: { total: 0, spent: 0, available: 0 },
    research: [],
    lastCalculated: '2025-10-12T22:18:09.362Z'
  },
  buffs: []
}  ... > 
  at <VTUROOT>
[Vue warn]: Failed to resolve component: TriStateCheckbox
If this is a native custom element, make sure to exclude it from component resolution via compilerOptions.isCustomElement. 
  at <ItemFilters filters= {} loading=false profile= {
  id: 'test-profile-1760307489361-3q7h4avek',
  version: '4.0.0',
  created: '2025-10-12T22:18:09.361Z',
  updated: '2025-10-12T22:18:09.361Z',
  Character: {
    Name: 'Test Character',
    Level: 200,
    Profession: 3,
    Breed: 1,
    Faction: 'Neutral',
    Expansion: 'All',
    AccountType: 'Paid',
    MaxHealth: 1000,
    MaxNano: 1000,
    AlienLevel: 0,
    Specialization: 0
  },
  skills: {
    '16': {
      base: 6,
      trickle: 0,
      ipSpent: 0,
      pointsFromIp: 494,
      equipmentBonus: 0,
      perkBonus: 0,
      buffBonus: 0,
      total: 500
    },
    '17': {
      base: 6,
      trickle: 0,
      ipSpent: 0,
      pointsFromIp: 394,
      equipmentBonus: 0,
      perkBonus: 0,
      buffBonus: 0,
      total: 400
    },
    '18': {
      base: 6,
      trickle: 0,
      ipSpent: 0,
      pointsFromIp: 0,
      equipmentBonus: 0,
      perkBonus: 0,
      buffBonus: 0,
      total: 6
    },
    '19': {
      base: 6,
      trickle: 0,
      ipSpent: 0,
      pointsFromIp: 594,
      equipmentBonus: 0,
      perkBonus: 0,
      buffBonus: 0,
      total: 600
    },
    '20': {
      base: 6,
      trickle: 0,
      ipSpent: 0,
      pointsFromIp: 0,
      equipmentBonus: 0,
      perkBonus: 0,
      buffBonus: 0,
      total: 6
    },
    '21': {
      base: 6,
      trickle: 0,
      ipSpent: 0,
      pointsFromIp: 0,
      equipmentBonus: 0,
      perkBonus: 0,
      buffBonus: 0,
      total: 6
    }
  },
  Weapons: {},
  Clothing: {},
  Implants: {},
  PerksAndResearch: {
    perks: [],
    standardPerkPoints: { total: 0, spent: 0, available: 0 },
    aiPerkPoints: { total: 0, spent: 0, available: 0 },
    research: [],
    lastCalculated: '2025-10-12T22:18:09.362Z'
  },
  buffs: []
}  ... > 
  at <VTUROOT>
[Vue warn]: Failed to resolve component: Accordion
If this is a native custom element, make sure to exclude it from component resolution via compilerOptions.isCustomElement. 
  at <ItemFilters filters= {} loading=false profile= {
  id: 'test-profile-1760307489361-3q7h4avek',
  version: '4.0.0',
  created: '2025-10-12T22:18:09.361Z',
  updated: '2025-10-12T22:18:09.361Z',
  Character: {
    Name: 'Test Character',
    Level: 200,
    Profession: 3,
    Breed: 1,
    Faction: 'Neutral',
    Expansion: 'All',
    AccountType: 'Paid',
    MaxHealth: 1000,
    MaxNano: 1000,
    AlienLevel: 0,
    Specialization: 0
  },
  skills: {
    '16': {
      base: 6,
      trickle: 0,
      ipSpent: 0,
      pointsFromIp: 494,
      equipmentBonus: 0,
      perkBonus: 0,
      buffBonus: 0,
      total: 500
    },
    '17': {
      base: 6,
      trickle: 0,
      ipSpent: 0,
      pointsFromIp: 394,
      equipmentBonus: 0,
      perkBonus: 0,
      buffBonus: 0,
      total: 400
    },
    '18': {
      base: 6,
      trickle: 0,
      ipSpent: 0,
      pointsFromIp: 0,
      equipmentBonus: 0,
      perkBonus: 0,
      buffBonus: 0,
      total: 6
    },
    '19': {
      base: 6,
      trickle: 0,
      ipSpent: 0,
      pointsFromIp: 594,
      equipmentBonus: 0,
      perkBonus: 0,
      buffBonus: 0,
      total: 600
    },
    '20': {
      base: 6,
      trickle: 0,
      ipSpent: 0,
      pointsFromIp: 0,
      equipmentBonus: 0,
      perkBonus: 0,
      buffBonus: 0,
      total: 6
    },
    '21': {
      base: 6,
      trickle: 0,
      ipSpent: 0,
      pointsFromIp: 0,
      equipmentBonus: 0,
      perkBonus: 0,
      buffBonus: 0,
      total: 6
    }
  },
  Weapons: {},
  Clothing: {},
  Implants: {},
  PerksAndResearch: {
    perks: [],
    standardPerkPoints: { total: 0, spent: 0, available: 0 },
    aiPerkPoints: { total: 0, spent: 0, available: 0 },
    research: [],
    lastCalculated: '2025-10-12T22:18:09.362Z'
  },
  buffs: []
}  ... > 
  at <VTUROOT>
[Vue warn]: Failed to resolve directive: tooltip 
  at <ItemFilters filters= {} loading=false profile= {
  id: 'test-profile-1760307489361-3q7h4avek',
  version: '4.0.0',
  created: '2025-10-12T22:18:09.361Z',
  updated: '2025-10-12T22:18:09.361Z',
  Character: {
    Name: 'Test Character',
    Level: 200,
    Profession: 3,
    Breed: 1,
    Faction: 'Neutral',
    Expansion: 'All',
    AccountType: 'Paid',
    MaxHealth: 1000,
    MaxNano: 1000,
    AlienLevel: 0,
    Specialization: 0
  },
  skills: {
    '16': {
      base: 6,
      trickle: 0,
      ipSpent: 0,
      pointsFromIp: 494,
      equipmentBonus: 0,
      perkBonus: 0,
      buffBonus: 0,
      total: 500
    },
    '17': {
      base: 6,
      trickle: 0,
      ipSpent: 0,
      pointsFromIp: 394,
      equipmentBonus: 0,
      perkBonus: 0,
      buffBonus: 0,
      total: 400
    },
    '18': {
      base: 6,
      trickle: 0,
      ipSpent: 0,
      pointsFromIp: 0,
      equipmentBonus: 0,
      perkBonus: 0,
      buffBonus: 0,
      total: 6
    },
    '19': {
      base: 6,
      trickle: 0,
      ipSpent: 0,
      pointsFromIp: 594,
      equipmentBonus: 0,
      perkBonus: 0,
      buffBonus: 0,
      total: 600
    },
    '20': {
      base: 6,
      trickle: 0,
      ipSpent: 0,
      pointsFromIp: 0,
      equipmentBonus: 0,
      perkBonus: 0,
      buffBonus: 0,
      total: 6
    },
    '21': {
      base: 6,
      trickle: 0,
      ipSpent: 0,
      pointsFromIp: 0,
      equipmentBonus: 0,
      perkBonus: 0,
      buffBonus: 0,
      total: 6
    }
  },
  Weapons: {},
  Clothing: {},
  Implants: {},
  PerksAndResearch: {
    perks: [],
    standardPerkPoints: { total: 0, spent: 0, available: 0 },
    aiPerkPoints: { total: 0, spent: 0, available: 0 },
    research: [],
    lastCalculated: '2025-10-12T22:18:09.362Z'
  },
  buffs: []
}  ... > 
  at <VTUROOT>

stderr | src/__tests__/components/ItemFilters.test.ts > ItemFilters > Item Type Filters > should emit filter change when item classes are selected
[Vue warn]: Failed to resolve component: Checkbox
If this is a native custom element, make sure to exclude it from component resolution via compilerOptions.isCustomElement. 
  at <ItemFilters filters= {} loading=false ref="VTU_COMPONENT" > 
  at <VTUROOT>
[Vue warn]: Failed to resolve component: AccordionTab
If this is a native custom element, make sure to exclude it from component resolution via compilerOptions.isCustomElement. 
  at <ItemFilters filters= {} loading=false ref="VTU_COMPONENT" > 
  at <VTUROOT>
[Vue warn]: Failed to resolve component: Slider
If this is a native custom element, make sure to exclude it from component resolution via compilerOptions.isCustomElement. 
  at <ItemFilters filters= {} loading=false ref="VTU_COMPONENT" > 
  at <VTUROOT>
[Vue warn]: Failed to resolve component: InputNumber
If this is a native custom element, make sure to exclude it from component resolution via compilerOptions.isCustomElement. 
  at <ItemFilters filters= {} loading=false ref="VTU_COMPONENT" > 
  at <VTUROOT>
[Vue warn]: Failed to resolve component: TriStateCheckbox
If this is a native custom element, make sure to exclude it from component resolution via compilerOptions.isCustomElement. 
  at <ItemFilters filters= {} loading=false ref="VTU_COMPONENT" > 
  at <VTUROOT>
[Vue warn]: Failed to resolve component: Accordion
If this is a native custom element, make sure to exclude it from component resolution via compilerOptions.isCustomElement. 
  at <ItemFilters filters= {} loading=false ref="VTU_COMPONENT" > 
  at <VTUROOT>
[Vue warn]: Failed to resolve directive: tooltip 
  at <ItemFilters filters= {} loading=false ref="VTU_COMPONENT" > 
  at <VTUROOT>

stderr | src/__tests__/components/ItemFilters.test.ts > ItemFilters > Item Type Filters > should display available item class options
[Vue warn]: Failed to resolve component: Checkbox
If this is a native custom element, make sure to exclude it from component resolution via compilerOptions.isCustomElement. 
  at <ItemFilters filters= {} loading=false ref="VTU_COMPONENT" > 
  at <VTUROOT>
[Vue warn]: Failed to resolve component: AccordionTab
If this is a native custom element, make sure to exclude it from component resolution via compilerOptions.isCustomElement. 
  at <ItemFilters filters= {} loading=false ref="VTU_COMPONENT" > 
  at <VTUROOT>
[Vue warn]: Failed to resolve component: Slider
If this is a native custom element, make sure to exclude it from component resolution via compilerOptions.isCustomElement. 
  at <ItemFilters filters= {} loading=false ref="VTU_COMPONENT" > 
  at <VTUROOT>
[Vue warn]: Failed to resolve component: InputNumber
If this is a native custom element, make sure to exclude it from component resolution via compilerOptions.isCustomElement. 
  at <ItemFilters filters= {} loading=false ref="VTU_COMPONENT" > 
  at <VTUROOT>
[Vue warn]: Failed to resolve component: TriStateCheckbox
If this is a native custom element, make sure to exclude it from component resolution via compilerOptions.isCustomElement. 
  at <ItemFilters filters= {} loading=false ref="VTU_COMPONENT" > 
  at <VTUROOT>
[Vue warn]: Failed to resolve component: Accordion
If this is a native custom element, make sure to exclude it from component resolution via compilerOptions.isCustomElement. 
  at <ItemFilters filters= {} loading=false ref="VTU_COMPONENT" > 
  at <VTUROOT>
[Vue warn]: Failed to resolve directive: tooltip 
  at <ItemFilters filters= {} loading=false ref="VTU_COMPONENT" > 
  at <VTUROOT>

stderr | src/__tests__/components/ItemFilters.test.ts > ItemFilters > Item Type Filters > should handle nano filter toggle
[Vue warn]: Failed to resolve component: Checkbox
If this is a native custom element, make sure to exclude it from component resolution via compilerOptions.isCustomElement. 
  at <ItemFilters filters= {} loading=false ref="VTU_COMPONENT" > 
  at <VTUROOT>
[Vue warn]: Failed to resolve component: AccordionTab
If this is a native custom element, make sure to exclude it from component resolution via compilerOptions.isCustomElement. 
  at <ItemFilters filters= {} loading=false ref="VTU_COMPONENT" > 
  at <VTUROOT>
[Vue warn]: Failed to resolve component: Slider
If this is a native custom element, make sure to exclude it from component resolution via compilerOptions.isCustomElement. 
  at <ItemFilters filters= {} loading=false ref="VTU_COMPONENT" > 
  at <VTUROOT>
[Vue warn]: Failed to resolve component: InputNumber
If this is a native custom element, make sure to exclude it from component resolution via compilerOptions.isCustomElement. 
  at <ItemFilters filters= {} loading=false ref="VTU_COMPONENT" > 
  at <VTUROOT>
[Vue warn]: Failed to resolve component: TriStateCheckbox
If this is a native custom element, make sure to exclude it from component resolution via compilerOptions.isCustomElement. 
  at <ItemFilters filters= {} loading=false ref="VTU_COMPONENT" > 
  at <VTUROOT>
[Vue warn]: Failed to resolve component: Accordion
If this is a native custom element, make sure to exclude it from component resolution via compilerOptions.isCustomElement. 
  at <ItemFilters filters= {} loading=false ref="VTU_COMPONENT" > 
  at <VTUROOT>
[Vue warn]: Failed to resolve directive: tooltip 
  at <ItemFilters filters= {} loading=false ref="VTU_COMPONENT" > 
  at <VTUROOT>

stderr | src/__tests__/components/ItemFilters.test.ts > ItemFilters > Quality Level Filters > should emit filter change when QL range is updated
[Vue warn]: Failed to resolve component: Checkbox
If this is a native custom element, make sure to exclude it from component resolution via compilerOptions.isCustomElement. 
  at <ItemFilters filters= {
  item_class: [ 1, 2 ],
  min_ql: 100,
  max_ql: 250,
  is_nano: false,
  stat_requirements: { '16': { min: 200, max: 400 } }
} loading=false ref="VTU_COMPONENT" > 
  at <VTUROOT>
[Vue warn]: Failed to resolve component: AccordionTab
If this is a native custom element, make sure to exclude it from component resolution via compilerOptions.isCustomElement. 
  at <ItemFilters filters= {
  item_class: [ 1, 2 ],
  min_ql: 100,
  max_ql: 250,
  is_nano: false,
  stat_requirements: { '16': { min: 200, max: 400 } }
} loading=false ref="VTU_COMPONENT" > 
  at <VTUROOT>
[Vue warn]: Failed to resolve component: Slider
If this is a native custom element, make sure to exclude it from component resolution via compilerOptions.isCustomElement. 
  at <ItemFilters filters= {
  item_class: [ 1, 2 ],
  min_ql: 100,
  max_ql: 250,
  is_nano: false,
  stat_requirements: { '16': { min: 200, max: 400 } }
} loading=false ref="VTU_COMPONENT" > 
  at <VTUROOT>
[Vue warn]: Failed to resolve component: InputNumber
If this is a native custom element, make sure to exclude it from component resolution via compilerOptions.isCustomElement. 
  at <ItemFilters filters= {
  item_class: [ 1, 2 ],
  min_ql: 100,
  max_ql: 250,
  is_nano: false,
  stat_requirements: { '16': { min: 200, max: 400 } }
} loading=false ref="VTU_COMPONENT" > 
  at <VTUROOT>
[Vue warn]: Failed to resolve component: TriStateCheckbox
If this is a native custom element, make sure to exclude it from component resolution via compilerOptions.isCustomElement. 
  at <ItemFilters filters= {
  item_class: [ 1, 2 ],
  min_ql: 100,
  max_ql: 250,
  is_nano: false,
  stat_requirements: { '16': { min: 200, max: 400 } }
} loading=false ref="VTU_COMPONENT" > 
  at <VTUROOT>
[Vue warn]: Failed to resolve component: Accordion
If this is a native custom element, make sure to exclude it from component resolution via compilerOptions.isCustomElement. 
  at <ItemFilters filters= {
  item_class: [ 1, 2 ],
  min_ql: 100,
  max_ql: 250,
  is_nano: false,
  stat_requirements: { '16': { min: 200, max: 400 } }
} loading=false ref="VTU_COMPONENT" > 
  at <VTUROOT>
[Vue warn]: Failed to resolve directive: tooltip 
  at <ItemFilters filters= {
  item_class: [ 1, 2 ],
  min_ql: 100,
  max_ql: 250,
  is_nano: false,
  stat_requirements: { '16': { min: 200, max: 400 } }
} loading=false ref="VTU_COMPONENT" > 
  at <VTUROOT>
[Vue warn]: Failed setting prop "size" on <input>: value small is invalid. DOMException {} 
  at <InputText modelValue="" onUpdate:modelValue=fn placeholder="Preset name..."  ... > 
  at <ItemFilters filters= {
  item_class: [ 1, 2 ],
  min_ql: 100,
  max_ql: 250,
  is_nano: false,
  stat_requirements: { '16': { min: 200, max: 400 } }
} loading=false ref="VTU_COMPONENT" > 
  at <VTUROOT>

stderr | src/__tests__/components/ItemFilters.test.ts > ItemFilters > Quality Level Filters > should show current QL range values
[Vue warn]: Failed to resolve component: Checkbox
If this is a native custom element, make sure to exclude it from component resolution via compilerOptions.isCustomElement. 
  at <ItemFilters filters= {
  item_class: [ 1, 2 ],
  min_ql: 100,
  max_ql: 250,
  is_nano: false,
  stat_requirements: { '16': { min: 200, max: 400 } }
} loading=false ref="VTU_COMPONENT" > 
  at <VTUROOT>
[Vue warn]: Failed to resolve component: AccordionTab
If this is a native custom element, make sure to exclude it from component resolution via compilerOptions.isCustomElement. 
  at <ItemFilters filters= {
  item_class: [ 1, 2 ],
  min_ql: 100,
  max_ql: 250,
  is_nano: false,
  stat_requirements: { '16': { min: 200, max: 400 } }
} loading=false ref="VTU_COMPONENT" > 
  at <VTUROOT>
[Vue warn]: Failed to resolve component: Slider
If this is a native custom element, make sure to exclude it from component resolution via compilerOptions.isCustomElement. 
  at <ItemFilters filters= {
  item_class: [ 1, 2 ],
  min_ql: 100,
  max_ql: 250,
  is_nano: false,
  stat_requirements: { '16': { min: 200, max: 400 } }
} loading=false ref="VTU_COMPONENT" > 
  at <VTUROOT>
[Vue warn]: Failed to resolve component: InputNumber
If this is a native custom element, make sure to exclude it from component resolution via compilerOptions.isCustomElement. 
  at <ItemFilters filters= {
  item_class: [ 1, 2 ],
  min_ql: 100,
  max_ql: 250,
  is_nano: false,
  stat_requirements: { '16': { min: 200, max: 400 } }
} loading=false ref="VTU_COMPONENT" > 
  at <VTUROOT>
[Vue warn]: Failed to resolve component: TriStateCheckbox
If this is a native custom element, make sure to exclude it from component resolution via compilerOptions.isCustomElement. 
  at <ItemFilters filters= {
  item_class: [ 1, 2 ],
  min_ql: 100,
  max_ql: 250,
  is_nano: false,
  stat_requirements: { '16': { min: 200, max: 400 } }
} loading=false ref="VTU_COMPONENT" > 
  at <VTUROOT>
[Vue warn]: Failed to resolve component: Accordion
If this is a native custom element, make sure to exclude it from component resolution via compilerOptions.isCustomElement. 
  at <ItemFilters filters= {
  item_class: [ 1, 2 ],
  min_ql: 100,
  max_ql: 250,
  is_nano: false,
  stat_requirements: { '16': { min: 200, max: 400 } }
} loading=false ref="VTU_COMPONENT" > 
  at <VTUROOT>
[Vue warn]: Failed to resolve directive: tooltip 
  at <ItemFilters filters= {
  item_class: [ 1, 2 ],
  min_ql: 100,
  max_ql: 250,
  is_nano: false,
  stat_requirements: { '16': { min: 200, max: 400 } }
} loading=false ref="VTU_COMPONENT" > 
  at <VTUROOT>
[Vue warn]: Failed setting prop "size" on <input>: value small is invalid. DOMException {} 
  at <InputText modelValue="" onUpdate:modelValue=fn placeholder="Preset name..."  ... > 
  at <ItemFilters filters= {
  item_class: [ 1, 2 ],
  min_ql: 100,
  max_ql: 250,
  is_nano: false,
  stat_requirements: { '16': { min: 200, max: 400 } }
} loading=false ref="VTU_COMPONENT" > 
  at <VTUROOT>

stderr | src/__tests__/components/ItemFilters.test.ts > ItemFilters > Quality Level Filters > should allow manual QL input
[Vue warn]: Failed to resolve component: Checkbox
If this is a native custom element, make sure to exclude it from component resolution via compilerOptions.isCustomElement. 
  at <ItemFilters filters= {
  item_class: [ 1, 2 ],
  min_ql: 100,
  max_ql: 250,
  is_nano: false,
  stat_requirements: { '16': { min: 200, max: 400 } }
} loading=false ref="VTU_COMPONENT" > 
  at <VTUROOT>
[Vue warn]: Failed to resolve component: AccordionTab
If this is a native custom element, make sure to exclude it from component resolution via compilerOptions.isCustomElement. 
  at <ItemFilters filters= {
  item_class: [ 1, 2 ],
  min_ql: 100,
  max_ql: 250,
  is_nano: false,
  stat_requirements: { '16': { min: 200, max: 400 } }
} loading=false ref="VTU_COMPONENT" > 
  at <VTUROOT>
[Vue warn]: Failed to resolve component: Slider
If this is a native custom element, make sure to exclude it from component resolution via compilerOptions.isCustomElement. 
  at <ItemFilters filters= {
  item_class: [ 1, 2 ],
  min_ql: 100,
  max_ql: 250,
  is_nano: false,
  stat_requirements: { '16': { min: 200, max: 400 } }
} loading=false ref="VTU_COMPONENT" > 
  at <VTUROOT>
[Vue warn]: Failed to resolve component: InputNumber
If this is a native custom element, make sure to exclude it from component resolution via compilerOptions.isCustomElement. 
  at <ItemFilters filters= {
  item_class: [ 1, 2 ],
  min_ql: 100,
  max_ql: 250,
  is_nano: false,
  stat_requirements: { '16': { min: 200, max: 400 } }
} loading=false ref="VTU_COMPONENT" > 
  at <VTUROOT>
[Vue warn]: Failed to resolve component: TriStateCheckbox
If this is a native custom element, make sure to exclude it from component resolution via compilerOptions.isCustomElement. 
  at <ItemFilters filters= {
  item_class: [ 1, 2 ],
  min_ql: 100,
  max_ql: 250,
  is_nano: false,
  stat_requirements: { '16': { min: 200, max: 400 } }
} loading=false ref="VTU_COMPONENT" > 
  at <VTUROOT>
[Vue warn]: Failed to resolve component: Accordion
If this is a native custom element, make sure to exclude it from component resolution via compilerOptions.isCustomElement. 
  at <ItemFilters filters= {
  item_class: [ 1, 2 ],
  min_ql: 100,
  max_ql: 250,
  is_nano: false,
  stat_requirements: { '16': { min: 200, max: 400 } }
} loading=false ref="VTU_COMPONENT" > 
  at <VTUROOT>
[Vue warn]: Failed to resolve directive: tooltip 
  at <ItemFilters filters= {
  item_class: [ 1, 2 ],
  min_ql: 100,
  max_ql: 250,
  is_nano: false,
  stat_requirements: { '16': { min: 200, max: 400 } }
} loading=false ref="VTU_COMPONENT" > 
  at <VTUROOT>
[Vue warn]: Failed setting prop "size" on <input>: value small is invalid. DOMException {} 
  at <InputText modelValue="" onUpdate:modelValue=fn placeholder="Preset name..."  ... > 
  at <ItemFilters filters= {
  item_class: [ 1, 2 ],
  min_ql: 100,
  max_ql: 250,
  is_nano: false,
  stat_requirements: { '16': { min: 200, max: 400 } }
} loading=false ref="VTU_COMPONENT" > 
  at <VTUROOT>

stderr | src/__tests__/components/ItemFilters.test.ts > ItemFilters > Stat Requirement Filters > should show stat filters when profile is provided
[Vue warn]: Failed to resolve component: Checkbox
If this is a native custom element, make sure to exclude it from component resolution via compilerOptions.isCustomElement. 
  at <ItemFilters filters= {} loading=false profile= {
  id: 'test-profile-1760307489361-3q7h4avek',
  version: '4.0.0',
  created: '2025-10-12T22:18:09.361Z',
  updated: '2025-10-12T22:18:09.361Z',
  Character: {
    Name: 'Test Character',
    Level: 200,
    Profession: 3,
    Breed: 1,
    Faction: 'Neutral',
    Expansion: 'All',
    AccountType: 'Paid',
    MaxHealth: 1000,
    MaxNano: 1000,
    AlienLevel: 0,
    Specialization: 0
  },
  skills: {
    '16': {
      base: 6,
      trickle: 0,
      ipSpent: 0,
      pointsFromIp: 494,
      equipmentBonus: 0,
      perkBonus: 0,
      buffBonus: 0,
      total: 500
    },
    '17': {
      base: 6,
      trickle: 0,
      ipSpent: 0,
      pointsFromIp: 394,
      equipmentBonus: 0,
      perkBonus: 0,
      buffBonus: 0,
      total: 400
    },
    '18': {
      base: 6,
      trickle: 0,
      ipSpent: 0,
      pointsFromIp: 0,
      equipmentBonus: 0,
      perkBonus: 0,
      buffBonus: 0,
      total: 6
    },
    '19': {
      base: 6,
      trickle: 0,
      ipSpent: 0,
      pointsFromIp: 594,
      equipmentBonus: 0,
      perkBonus: 0,
      buffBonus: 0,
      total: 600
    },
    '20': {
      base: 6,
      trickle: 0,
      ipSpent: 0,
      pointsFromIp: 0,
      equipmentBonus: 0,
      perkBonus: 0,
      buffBonus: 0,
      total: 6
    },
    '21': {
      base: 6,
      trickle: 0,
      ipSpent: 0,
      pointsFromIp: 0,
      equipmentBonus: 0,
      perkBonus: 0,
      buffBonus: 0,
      total: 6
    }
  },
  Weapons: {},
  Clothing: {},
  Implants: {},
  PerksAndResearch: {
    perks: [],
    standardPerkPoints: { total: 0, spent: 0, available: 0 },
    aiPerkPoints: { total: 0, spent: 0, available: 0 },
    research: [],
    lastCalculated: '2025-10-12T22:18:09.362Z'
  },
  buffs: []
}  ... > 
  at <VTUROOT>
[Vue warn]: Failed to resolve component: AccordionTab
If this is a native custom element, make sure to exclude it from component resolution via compilerOptions.isCustomElement. 
  at <ItemFilters filters= {} loading=false profile= {
  id: 'test-profile-1760307489361-3q7h4avek',
  version: '4.0.0',
  created: '2025-10-12T22:18:09.361Z',
  updated: '2025-10-12T22:18:09.361Z',
  Character: {
    Name: 'Test Character',
    Level: 200,
    Profession: 3,
    Breed: 1,
    Faction: 'Neutral',
    Expansion: 'All',
    AccountType: 'Paid',
    MaxHealth: 1000,
    MaxNano: 1000,
    AlienLevel: 0,
    Specialization: 0
  },
  skills: {
    '16': {
      base: 6,
      trickle: 0,
      ipSpent: 0,
      pointsFromIp: 494,
      equipmentBonus: 0,
      perkBonus: 0,
      buffBonus: 0,
      total: 500
    },
    '17': {
      base: 6,
      trickle: 0,
      ipSpent: 0,
      pointsFromIp: 394,
      equipmentBonus: 0,
      perkBonus: 0,
      buffBonus: 0,
      total: 400
    },
    '18': {
      base: 6,
      trickle: 0,
      ipSpent: 0,
      pointsFromIp: 0,
      equipmentBonus: 0,
      perkBonus: 0,
      buffBonus: 0,
      total: 6
    },
    '19': {
      base: 6,
      trickle: 0,
      ipSpent: 0,
      pointsFromIp: 594,
      equipmentBonus: 0,
      perkBonus: 0,
      buffBonus: 0,
      total: 600
    },
    '20': {
      base: 6,
      trickle: 0,
      ipSpent: 0,
      pointsFromIp: 0,
      equipmentBonus: 0,
      perkBonus: 0,
      buffBonus: 0,
      total: 6
    },
    '21': {
      base: 6,
      trickle: 0,
      ipSpent: 0,
      pointsFromIp: 0,
      equipmentBonus: 0,
      perkBonus: 0,
      buffBonus: 0,
      total: 6
    }
  },
  Weapons: {},
  Clothing: {},
  Implants: {},
  PerksAndResearch: {
    perks: [],
    standardPerkPoints: { total: 0, spent: 0, available: 0 },
    aiPerkPoints: { total: 0, spent: 0, available: 0 },
    research: [],
    lastCalculated: '2025-10-12T22:18:09.362Z'
  },
  buffs: []
}  ... > 
  at <VTUROOT>
[Vue warn]: Failed to resolve component: Slider
If this is a native custom element, make sure to exclude it from component resolution via compilerOptions.isCustomElement. 
  at <ItemFilters filters= {} loading=false profile= {
  id: 'test-profile-1760307489361-3q7h4avek',
  version: '4.0.0',
  created: '2025-10-12T22:18:09.361Z',
  updated: '2025-10-12T22:18:09.361Z',
  Character: {
    Name: 'Test Character',
    Level: 200,
    Profession: 3,
    Breed: 1,
    Faction: 'Neutral',
    Expansion: 'All',
    AccountType: 'Paid',
    MaxHealth: 1000,
    MaxNano: 1000,
    AlienLevel: 0,
    Specialization: 0
  },
  skills: {
    '16': {
      base: 6,
      trickle: 0,
      ipSpent: 0,
      pointsFromIp: 494,
      equipmentBonus: 0,
      perkBonus: 0,
      buffBonus: 0,
      total: 500
    },
    '17': {
      base: 6,
      trickle: 0,
      ipSpent: 0,
      pointsFromIp: 394,
      equipmentBonus: 0,
      perkBonus: 0,
      buffBonus: 0,
      total: 400
    },
    '18': {
      base: 6,
      trickle: 0,
      ipSpent: 0,
      pointsFromIp: 0,
      equipmentBonus: 0,
      perkBonus: 0,
      buffBonus: 0,
      total: 6
    },
    '19': {
      base: 6,
      trickle: 0,
      ipSpent: 0,
      pointsFromIp: 594,
      equipmentBonus: 0,
      perkBonus: 0,
      buffBonus: 0,
      total: 600
    },
    '20': {
      base: 6,
      trickle: 0,
      ipSpent: 0,
      pointsFromIp: 0,
      equipmentBonus: 0,
      perkBonus: 0,
      buffBonus: 0,
      total: 6
    },
    '21': {
      base: 6,
      trickle: 0,
      ipSpent: 0,
      pointsFromIp: 0,
      equipmentBonus: 0,
      perkBonus: 0,
      buffBonus: 0,
      total: 6
    }
  },
  Weapons: {},
  Clothing: {},
  Implants: {},
  PerksAndResearch: {
    perks: [],
    standardPerkPoints: { total: 0, spent: 0, available: 0 },
    aiPerkPoints: { total: 0, spent: 0, available: 0 },
    research: [],
    lastCalculated: '2025-10-12T22:18:09.362Z'
  },
  buffs: []
}  ... > 
  at <VTUROOT>
[Vue warn]: Failed to resolve component: InputNumber
If this is a native custom element, make sure to exclude it from component resolution via compilerOptions.isCustomElement. 
  at <ItemFilters filters= {} loading=false profile= {
  id: 'test-profile-1760307489361-3q7h4avek',
  version: '4.0.0',
  created: '2025-10-12T22:18:09.361Z',
  updated: '2025-10-12T22:18:09.361Z',
  Character: {
    Name: 'Test Character',
    Level: 200,
    Profession: 3,
    Breed: 1,
    Faction: 'Neutral',
    Expansion: 'All',
    AccountType: 'Paid',
    MaxHealth: 1000,
    MaxNano: 1000,
    AlienLevel: 0,
    Specialization: 0
  },
  skills: {
    '16': {
      base: 6,
      trickle: 0,
      ipSpent: 0,
      pointsFromIp: 494,
      equipmentBonus: 0,
      perkBonus: 0,
      buffBonus: 0,
      total: 500
    },
    '17': {
      base: 6,
      trickle: 0,
      ipSpent: 0,
      pointsFromIp: 394,
      equipmentBonus: 0,
      perkBonus: 0,
      buffBonus: 0,
      total: 400
    },
    '18': {
      base: 6,
      trickle: 0,
      ipSpent: 0,
      pointsFromIp: 0,
      equipmentBonus: 0,
      perkBonus: 0,
      buffBonus: 0,
      total: 6
    },
    '19': {
      base: 6,
      trickle: 0,
      ipSpent: 0,
      pointsFromIp: 594,
      equipmentBonus: 0,
      perkBonus: 0,
      buffBonus: 0,
      total: 600
    },
    '20': {
      base: 6,
      trickle: 0,
      ipSpent: 0,
      pointsFromIp: 0,
      equipmentBonus: 0,
      perkBonus: 0,
      buffBonus: 0,
      total: 6
    },
    '21': {
      base: 6,
      trickle: 0,
      ipSpent: 0,
      pointsFromIp: 0,
      equipmentBonus: 0,
      perkBonus: 0,
      buffBonus: 0,
      total: 6
    }
  },
  Weapons: {},
  Clothing: {},
  Implants: {},
  PerksAndResearch: {
    perks: [],
    standardPerkPoints: { total: 0, spent: 0, available: 0 },
    aiPerkPoints: { total: 0, spent: 0, available: 0 },
    research: [],
    lastCalculated: '2025-10-12T22:18:09.362Z'
  },
  buffs: []
}  ... > 
  at <VTUROOT>
[Vue warn]: Failed to resolve component: TriStateCheckbox
If this is a native custom element, make sure to exclude it from component resolution via compilerOptions.isCustomElement. 
  at <ItemFilters filters= {} loading=false profile= {
  id: 'test-profile-1760307489361-3q7h4avek',
  version: '4.0.0',
  created: '2025-10-12T22:18:09.361Z',
  updated: '2025-10-12T22:18:09.361Z',
  Character: {
    Name: 'Test Character',
    Level: 200,
    Profession: 3,
    Breed: 1,
    Faction: 'Neutral',
    Expansion: 'All',
    AccountType: 'Paid',
    MaxHealth: 1000,
    MaxNano: 1000,
    AlienLevel: 0,
    Specialization: 0
  },
  skills: {
    '16': {
      base: 6,
      trickle: 0,
      ipSpent: 0,
      pointsFromIp: 494,
      equipmentBonus: 0,
      perkBonus: 0,
      buffBonus: 0,
      total: 500
    },
    '17': {
      base: 6,
      trickle: 0,
      ipSpent: 0,
      pointsFromIp: 394,
      equipmentBonus: 0,
      perkBonus: 0,
      buffBonus: 0,
      total: 400
    },
    '18': {
      base: 6,
      trickle: 0,
      ipSpent: 0,
      pointsFromIp: 0,
      equipmentBonus: 0,
      perkBonus: 0,
      buffBonus: 0,
      total: 6
    },
    '19': {
      base: 6,
      trickle: 0,
      ipSpent: 0,
      pointsFromIp: 594,
      equipmentBonus: 0,
      perkBonus: 0,
      buffBonus: 0,
      total: 600
    },
    '20': {
      base: 6,
      trickle: 0,
      ipSpent: 0,
      pointsFromIp: 0,
      equipmentBonus: 0,
      perkBonus: 0,
      buffBonus: 0,
      total: 6
    },
    '21': {
      base: 6,
      trickle: 0,
      ipSpent: 0,
      pointsFromIp: 0,
      equipmentBonus: 0,
      perkBonus: 0,
      buffBonus: 0,
      total: 6
    }
  },
  Weapons: {},
  Clothing: {},
  Implants: {},
  PerksAndResearch: {
    perks: [],
    standardPerkPoints: { total: 0, spent: 0, available: 0 },
    aiPerkPoints: { total: 0, spent: 0, available: 0 },
    research: [],
    lastCalculated: '2025-10-12T22:18:09.362Z'
  },
  buffs: []
}  ... > 
  at <VTUROOT>
[Vue warn]: Failed to resolve component: Accordion
If this is a native custom element, make sure to exclude it from component resolution via compilerOptions.isCustomElement. 
  at <ItemFilters filters= {} loading=false profile= {
  id: 'test-profile-1760307489361-3q7h4avek',
  version: '4.0.0',
  created: '2025-10-12T22:18:09.361Z',
  updated: '2025-10-12T22:18:09.361Z',
  Character: {
    Name: 'Test Character',
    Level: 200,
    Profession: 3,
    Breed: 1,
    Faction: 'Neutral',
    Expansion: 'All',
    AccountType: 'Paid',
    MaxHealth: 1000,
    MaxNano: 1000,
    AlienLevel: 0,
    Specialization: 0
  },
  skills: {
    '16': {
      base: 6,
      trickle: 0,
      ipSpent: 0,
      pointsFromIp: 494,
      equipmentBonus: 0,
      perkBonus: 0,
      buffBonus: 0,
      total: 500
    },
    '17': {
      base: 6,
      trickle: 0,
      ipSpent: 0,
      pointsFromIp: 394,
      equipmentBonus: 0,
      perkBonus: 0,
      buffBonus: 0,
      total: 400
    },
    '18': {
      base: 6,
      trickle: 0,
      ipSpent: 0,
      pointsFromIp: 0,
      equipmentBonus: 0,
      perkBonus: 0,
      buffBonus: 0,
      total: 6
    },
    '19': {
      base: 6,
      trickle: 0,
      ipSpent: 0,
      pointsFromIp: 594,
      equipmentBonus: 0,
      perkBonus: 0,
      buffBonus: 0,
      total: 600
    },
    '20': {
      base: 6,
      trickle: 0,
      ipSpent: 0,
      pointsFromIp: 0,
      equipmentBonus: 0,
      perkBonus: 0,
      buffBonus: 0,
      total: 6
    },
    '21': {
      base: 6,
      trickle: 0,
      ipSpent: 0,
      pointsFromIp: 0,
      equipmentBonus: 0,
      perkBonus: 0,
      buffBonus: 0,
      total: 6
    }
  },
  Weapons: {},
  Clothing: {},
  Implants: {},
  PerksAndResearch: {
    perks: [],
    standardPerkPoints: { total: 0, spent: 0, available: 0 },
    aiPerkPoints: { total: 0, spent: 0, available: 0 },
    research: [],
    lastCalculated: '2025-10-12T22:18:09.362Z'
  },
  buffs: []
}  ... > 
  at <VTUROOT>
[Vue warn]: Failed to resolve directive: tooltip 
  at <ItemFilters filters= {} loading=false profile= {
  id: 'test-profile-1760307489361-3q7h4avek',
  version: '4.0.0',
  created: '2025-10-12T22:18:09.361Z',
  updated: '2025-10-12T22:18:09.361Z',
  Character: {
    Name: 'Test Character',
    Level: 200,
    Profession: 3,
    Breed: 1,
    Faction: 'Neutral',
    Expansion: 'All',
    AccountType: 'Paid',
    MaxHealth: 1000,
    MaxNano: 1000,
    AlienLevel: 0,
    Specialization: 0
  },
  skills: {
    '16': {
      base: 6,
      trickle: 0,
      ipSpent: 0,
      pointsFromIp: 494,
      equipmentBonus: 0,
      perkBonus: 0,
      buffBonus: 0,
      total: 500
    },
    '17': {
      base: 6,
      trickle: 0,
      ipSpent: 0,
      pointsFromIp: 394,
      equipmentBonus: 0,
      perkBonus: 0,
      buffBonus: 0,
      total: 400
    },
    '18': {
      base: 6,
      trickle: 0,
      ipSpent: 0,
      pointsFromIp: 0,
      equipmentBonus: 0,
      perkBonus: 0,
      buffBonus: 0,
      total: 6
    },
    '19': {
      base: 6,
      trickle: 0,
      ipSpent: 0,
      pointsFromIp: 594,
      equipmentBonus: 0,
      perkBonus: 0,
      buffBonus: 0,
      total: 600
    },
    '20': {
      base: 6,
      trickle: 0,
      ipSpent: 0,
      pointsFromIp: 0,
      equipmentBonus: 0,
      perkBonus: 0,
      buffBonus: 0,
      total: 6
    },
    '21': {
      base: 6,
      trickle: 0,
      ipSpent: 0,
      pointsFromIp: 0,
      equipmentBonus: 0,
      perkBonus: 0,
      buffBonus: 0,
      total: 6
    }
  },
  Weapons: {},
  Clothing: {},
  Implants: {},
  PerksAndResearch: {
    perks: [],
    standardPerkPoints: { total: 0, spent: 0, available: 0 },
    aiPerkPoints: { total: 0, spent: 0, available: 0 },
    research: [],
    lastCalculated: '2025-10-12T22:18:09.362Z'
  },
  buffs: []
}  ... > 
  at <VTUROOT>

stderr | src/__tests__/components/ItemFilters.test.ts > ItemFilters > Stat Requirement Filters > should emit filter change when stat requirements are set
[Vue warn]: Failed to resolve component: Checkbox
If this is a native custom element, make sure to exclude it from component resolution via compilerOptions.isCustomElement. 
  at <ItemFilters filters= {} loading=false profile= {
  id: 'test-profile-1760307489361-3q7h4avek',
  version: '4.0.0',
  created: '2025-10-12T22:18:09.361Z',
  updated: '2025-10-12T22:18:09.361Z',
  Character: {
    Name: 'Test Character',
    Level: 200,
    Profession: 3,
    Breed: 1,
    Faction: 'Neutral',
    Expansion: 'All',
    AccountType: 'Paid',
    MaxHealth: 1000,
    MaxNano: 1000,
    AlienLevel: 0,
    Specialization: 0
  },
  skills: {
    '16': {
      base: 6,
      trickle: 0,
      ipSpent: 0,
      pointsFromIp: 494,
      equipmentBonus: 0,
      perkBonus: 0,
      buffBonus: 0,
      total: 500
    },
    '17': {
      base: 6,
      trickle: 0,
      ipSpent: 0,
      pointsFromIp: 394,
      equipmentBonus: 0,
      perkBonus: 0,
      buffBonus: 0,
      total: 400
    },
    '18': {
      base: 6,
      trickle: 0,
      ipSpent: 0,
      pointsFromIp: 0,
      equipmentBonus: 0,
      perkBonus: 0,
      buffBonus: 0,
      total: 6
    },
    '19': {
      base: 6,
      trickle: 0,
      ipSpent: 0,
      pointsFromIp: 594,
      equipmentBonus: 0,
      perkBonus: 0,
      buffBonus: 0,
      total: 600
    },
    '20': {
      base: 6,
      trickle: 0,
      ipSpent: 0,
      pointsFromIp: 0,
      equipmentBonus: 0,
      perkBonus: 0,
      buffBonus: 0,
      total: 6
    },
    '21': {
      base: 6,
      trickle: 0,
      ipSpent: 0,
      pointsFromIp: 0,
      equipmentBonus: 0,
      perkBonus: 0,
      buffBonus: 0,
      total: 6
    }
  },
  Weapons: {},
  Clothing: {},
  Implants: {},
  PerksAndResearch: {
    perks: [],
    standardPerkPoints: { total: 0, spent: 0, available: 0 },
    aiPerkPoints: { total: 0, spent: 0, available: 0 },
    research: [],
    lastCalculated: '2025-10-12T22:18:09.362Z'
  },
  buffs: []
}  ... > 
  at <VTUROOT>
[Vue warn]: Failed to resolve component: AccordionTab
If this is a native custom element, make sure to exclude it from component resolution via compilerOptions.isCustomElement. 
  at <ItemFilters filters= {} loading=false profile= {
  id: 'test-profile-1760307489361-3q7h4avek',
  version: '4.0.0',
  created: '2025-10-12T22:18:09.361Z',
  updated: '2025-10-12T22:18:09.361Z',
  Character: {
    Name: 'Test Character',
    Level: 200,
    Profession: 3,
    Breed: 1,
    Faction: 'Neutral',
    Expansion: 'All',
    AccountType: 'Paid',
    MaxHealth: 1000,
    MaxNano: 1000,
    AlienLevel: 0,
    Specialization: 0
  },
  skills: {
    '16': {
      base: 6,
      trickle: 0,
      ipSpent: 0,
      pointsFromIp: 494,
      equipmentBonus: 0,
      perkBonus: 0,
      buffBonus: 0,
      total: 500
    },
    '17': {
      base: 6,
      trickle: 0,
      ipSpent: 0,
      pointsFromIp: 394,
      equipmentBonus: 0,
      perkBonus: 0,
      buffBonus: 0,
      total: 400
    },
    '18': {
      base: 6,
      trickle: 0,
      ipSpent: 0,
      pointsFromIp: 0,
      equipmentBonus: 0,
      perkBonus: 0,
      buffBonus: 0,
      total: 6
    },
    '19': {
      base: 6,
      trickle: 0,
      ipSpent: 0,
      pointsFromIp: 594,
      equipmentBonus: 0,
      perkBonus: 0,
      buffBonus: 0,
      total: 600
    },
    '20': {
      base: 6,
      trickle: 0,
      ipSpent: 0,
      pointsFromIp: 0,
      equipmentBonus: 0,
      perkBonus: 0,
      buffBonus: 0,
      total: 6
    },
    '21': {
      base: 6,
      trickle: 0,
      ipSpent: 0,
      pointsFromIp: 0,
      equipmentBonus: 0,
      perkBonus: 0,
      buffBonus: 0,
      total: 6
    }
  },
  Weapons: {},
  Clothing: {},
  Implants: {},
  PerksAndResearch: {
    perks: [],
    standardPerkPoints: { total: 0, spent: 0, available: 0 },
    aiPerkPoints: { total: 0, spent: 0, available: 0 },
    research: [],
    lastCalculated: '2025-10-12T22:18:09.362Z'
  },
  buffs: []
}  ... > 
  at <VTUROOT>
[Vue warn]: Failed to resolve component: Slider
If this is a native custom element, make sure to exclude it from component resolution via compilerOptions.isCustomElement. 
  at <ItemFilters filters= {} loading=false profile= {
  id: 'test-profile-1760307489361-3q7h4avek',
  version: '4.0.0',
  created: '2025-10-12T22:18:09.361Z',
  updated: '2025-10-12T22:18:09.361Z',
  Character: {
    Name: 'Test Character',
    Level: 200,
    Profession: 3,
    Breed: 1,
    Faction: 'Neutral',
    Expansion: 'All',
    AccountType: 'Paid',
    MaxHealth: 1000,
    MaxNano: 1000,
    AlienLevel: 0,
    Specialization: 0
  },
  skills: {
    '16': {
      base: 6,
      trickle: 0,
      ipSpent: 0,
      pointsFromIp: 494,
      equipmentBonus: 0,
      perkBonus: 0,
      buffBonus: 0,
      total: 500
    },
    '17': {
      base: 6,
      trickle: 0,
      ipSpent: 0,
      pointsFromIp: 394,
      equipmentBonus: 0,
      perkBonus: 0,
      buffBonus: 0,
      total: 400
    },
    '18': {
      base: 6,
      trickle: 0,
      ipSpent: 0,
      pointsFromIp: 0,
      equipmentBonus: 0,
      perkBonus: 0,
      buffBonus: 0,
      total: 6
    },
    '19': {
      base: 6,
      trickle: 0,
      ipSpent: 0,
      pointsFromIp: 594,
      equipmentBonus: 0,
      perkBonus: 0,
      buffBonus: 0,
      total: 600
    },
    '20': {
      base: 6,
      trickle: 0,
      ipSpent: 0,
      pointsFromIp: 0,
      equipmentBonus: 0,
      perkBonus: 0,
      buffBonus: 0,
      total: 6
    },
    '21': {
      base: 6,
      trickle: 0,
      ipSpent: 0,
      pointsFromIp: 0,
      equipmentBonus: 0,
      perkBonus: 0,
      buffBonus: 0,
      total: 6
    }
  },
  Weapons: {},
  Clothing: {},
  Implants: {},
  PerksAndResearch: {
    perks: [],
    standardPerkPoints: { total: 0, spent: 0, available: 0 },
    aiPerkPoints: { total: 0, spent: 0, available: 0 },
    research: [],
    lastCalculated: '2025-10-12T22:18:09.362Z'
  },
  buffs: []
}  ... > 
  at <VTUROOT>
[Vue warn]: Failed to resolve component: InputNumber
If this is a native custom element, make sure to exclude it from component resolution via compilerOptions.isCustomElement. 
  at <ItemFilters filters= {} loading=false profile= {
  id: 'test-profile-1760307489361-3q7h4avek',
  version: '4.0.0',
  created: '2025-10-12T22:18:09.361Z',
  updated: '2025-10-12T22:18:09.361Z',
  Character: {
    Name: 'Test Character',
    Level: 200,
    Profession: 3,
    Breed: 1,
    Faction: 'Neutral',
    Expansion: 'All',
    AccountType: 'Paid',
    MaxHealth: 1000,
    MaxNano: 1000,
    AlienLevel: 0,
    Specialization: 0
  },
  skills: {
    '16': {
      base: 6,
      trickle: 0,
      ipSpent: 0,
      pointsFromIp: 494,
      equipmentBonus: 0,
      perkBonus: 0,
      buffBonus: 0,
      total: 500
    },
    '17': {
      base: 6,
      trickle: 0,
      ipSpent: 0,
      pointsFromIp: 394,
      equipmentBonus: 0,
      perkBonus: 0,
      buffBonus: 0,
      total: 400
    },
    '18': {
      base: 6,
      trickle: 0,
      ipSpent: 0,
      pointsFromIp: 0,
      equipmentBonus: 0,
      perkBonus: 0,
      buffBonus: 0,
      total: 6
    },
    '19': {
      base: 6,
      trickle: 0,
      ipSpent: 0,
      pointsFromIp: 594,
      equipmentBonus: 0,
      perkBonus: 0,
      buffBonus: 0,
      total: 600
    },
    '20': {
      base: 6,
      trickle: 0,
      ipSpent: 0,
      pointsFromIp: 0,
      equipmentBonus: 0,
      perkBonus: 0,
      buffBonus: 0,
      total: 6
    },
    '21': {
      base: 6,
      trickle: 0,
      ipSpent: 0,
      pointsFromIp: 0,
      equipmentBonus: 0,
      perkBonus: 0,
      buffBonus: 0,
      total: 6
    }
  },
  Weapons: {},
  Clothing: {},
  Implants: {},
  PerksAndResearch: {
    perks: [],
    standardPerkPoints: { total: 0, spent: 0, available: 0 },
    aiPerkPoints: { total: 0, spent: 0, available: 0 },
    research: [],
    lastCalculated: '2025-10-12T22:18:09.362Z'
  },
  buffs: []
}  ... > 
  at <VTUROOT>
[Vue warn]: Failed to resolve component: TriStateCheckbox
If this is a native custom element, make sure to exclude it from component resolution via compilerOptions.isCustomElement. 
  at <ItemFilters filters= {} loading=false profile= {
  id: 'test-profile-1760307489361-3q7h4avek',
  version: '4.0.0',
  created: '2025-10-12T22:18:09.361Z',
  updated: '2025-10-12T22:18:09.361Z',
  Character: {
    Name: 'Test Character',
    Level: 200,
    Profession: 3,
    Breed: 1,
    Faction: 'Neutral',
    Expansion: 'All',
    AccountType: 'Paid',
    MaxHealth: 1000,
    MaxNano: 1000,
    AlienLevel: 0,
    Specialization: 0
  },
  skills: {
    '16': {
      base: 6,
      trickle: 0,
      ipSpent: 0,
      pointsFromIp: 494,
      equipmentBonus: 0,
      perkBonus: 0,
      buffBonus: 0,
      total: 500
    },
    '17': {
      base: 6,
      trickle: 0,
      ipSpent: 0,
      pointsFromIp: 394,
      equipmentBonus: 0,
      perkBonus: 0,
      buffBonus: 0,
      total: 400
    },
    '18': {
      base: 6,
      trickle: 0,
      ipSpent: 0,
      pointsFromIp: 0,
      equipmentBonus: 0,
      perkBonus: 0,
      buffBonus: 0,
      total: 6
    },
    '19': {
      base: 6,
      trickle: 0,
      ipSpent: 0,
      pointsFromIp: 594,
      equipmentBonus: 0,
      perkBonus: 0,
      buffBonus: 0,
      total: 600
    },
    '20': {
      base: 6,
      trickle: 0,
      ipSpent: 0,
      pointsFromIp: 0,
      equipmentBonus: 0,
      perkBonus: 0,
      buffBonus: 0,
      total: 6
    },
    '21': {
      base: 6,
      trickle: 0,
      ipSpent: 0,
      pointsFromIp: 0,
      equipmentBonus: 0,
      perkBonus: 0,
      buffBonus: 0,
      total: 6
    }
  },
  Weapons: {},
  Clothing: {},
  Implants: {},
  PerksAndResearch: {
    perks: [],
    standardPerkPoints: { total: 0, spent: 0, available: 0 },
    aiPerkPoints: { total: 0, spent: 0, available: 0 },
    research: [],
    lastCalculated: '2025-10-12T22:18:09.362Z'
  },
  buffs: []
}  ... > 
  at <VTUROOT>
[Vue warn]: Failed to resolve component: Accordion
If this is a native custom element, make sure to exclude it from component resolution via compilerOptions.isCustomElement. 
  at <ItemFilters filters= {} loading=false profile= {
  id: 'test-profile-1760307489361-3q7h4avek',
  version: '4.0.0',
  created: '2025-10-12T22:18:09.361Z',
  updated: '2025-10-12T22:18:09.361Z',
  Character: {
    Name: 'Test Character',
    Level: 200,
    Profession: 3,
    Breed: 1,
    Faction: 'Neutral',
    Expansion: 'All',
    AccountType: 'Paid',
    MaxHealth: 1000,
    MaxNano: 1000,
    AlienLevel: 0,
    Specialization: 0
  },
  skills: {
    '16': {
      base: 6,
      trickle: 0,
      ipSpent: 0,
      pointsFromIp: 494,
      equipmentBonus: 0,
      perkBonus: 0,
      buffBonus: 0,
      total: 500
    },
    '17': {
      base: 6,
      trickle: 0,
      ipSpent: 0,
      pointsFromIp: 394,
      equipmentBonus: 0,
      perkBonus: 0,
      buffBonus: 0,
      total: 400
    },
    '18': {
      base: 6,
      trickle: 0,
      ipSpent: 0,
      pointsFromIp: 0,
      equipmentBonus: 0,
      perkBonus: 0,
      buffBonus: 0,
      total: 6
    },
    '19': {
      base: 6,
      trickle: 0,
      ipSpent: 0,
      pointsFromIp: 594,
      equipmentBonus: 0,
      perkBonus: 0,
      buffBonus: 0,
      total: 600
    },
    '20': {
      base: 6,
      trickle: 0,
      ipSpent: 0,
      pointsFromIp: 0,
      equipmentBonus: 0,
      perkBonus: 0,
      buffBonus: 0,
      total: 6
    },
    '21': {
      base: 6,
      trickle: 0,
      ipSpent: 0,
      pointsFromIp: 0,
      equipmentBonus: 0,
      perkBonus: 0,
      buffBonus: 0,
      total: 6
    }
  },
  Weapons: {},
  Clothing: {},
  Implants: {},
  PerksAndResearch: {
    perks: [],
    standardPerkPoints: { total: 0, spent: 0, available: 0 },
    aiPerkPoints: { total: 0, spent: 0, available: 0 },
    research: [],
    lastCalculated: '2025-10-12T22:18:09.362Z'
  },
  buffs: []
}  ... > 
  at <VTUROOT>
[Vue warn]: Failed to resolve directive: tooltip 
  at <ItemFilters filters= {} loading=false profile= {
  id: 'test-profile-1760307489361-3q7h4avek',
  version: '4.0.0',
  created: '2025-10-12T22:18:09.361Z',
  updated: '2025-10-12T22:18:09.361Z',
  Character: {
    Name: 'Test Character',
    Level: 200,
    Profession: 3,
    Breed: 1,
    Faction: 'Neutral',
    Expansion: 'All',
    AccountType: 'Paid',
    MaxHealth: 1000,
    MaxNano: 1000,
    AlienLevel: 0,
    Specialization: 0
  },
  skills: {
    '16': {
      base: 6,
      trickle: 0,
      ipSpent: 0,
      pointsFromIp: 494,
      equipmentBonus: 0,
      perkBonus: 0,
      buffBonus: 0,
      total: 500
    },
    '17': {
      base: 6,
      trickle: 0,
      ipSpent: 0,
      pointsFromIp: 394,
      equipmentBonus: 0,
      perkBonus: 0,
      buffBonus: 0,
      total: 400
    },
    '18': {
      base: 6,
      trickle: 0,
      ipSpent: 0,
      pointsFromIp: 0,
      equipmentBonus: 0,
      perkBonus: 0,
      buffBonus: 0,
      total: 6
    },
    '19': {
      base: 6,
      trickle: 0,
      ipSpent: 0,
      pointsFromIp: 594,
      equipmentBonus: 0,
      perkBonus: 0,
      buffBonus: 0,
      total: 600
    },
    '20': {
      base: 6,
      trickle: 0,
      ipSpent: 0,
      pointsFromIp: 0,
      equipmentBonus: 0,
      perkBonus: 0,
      buffBonus: 0,
      total: 6
    },
    '21': {
      base: 6,
      trickle: 0,
      ipSpent: 0,
      pointsFromIp: 0,
      equipmentBonus: 0,
      perkBonus: 0,
      buffBonus: 0,
      total: 6
    }
  },
  Weapons: {},
  Clothing: {},
  Implants: {},
  PerksAndResearch: {
    perks: [],
    standardPerkPoints: { total: 0, spent: 0, available: 0 },
    aiPerkPoints: { total: 0, spent: 0, available: 0 },
    research: [],
    lastCalculated: '2025-10-12T22:18:09.362Z'
  },
  buffs: []
}  ... > 
  at <VTUROOT>

stderr | src/__tests__/components/ItemFilters.test.ts > ItemFilters > Stat Requirement Filters > should not show stat filters when no profile
[Vue warn]: Failed to resolve component: Checkbox
If this is a native custom element, make sure to exclude it from component resolution via compilerOptions.isCustomElement. 
  at <ItemFilters filters= {} loading=false profile= {
  id: 'test-profile-1760307489361-3q7h4avek',
  version: '4.0.0',
  created: '2025-10-12T22:18:09.361Z',
  updated: '2025-10-12T22:18:09.361Z',
  Character: {
    Name: 'Test Character',
    Level: 200,
    Profession: 3,
    Breed: 1,
    Faction: 'Neutral',
    Expansion: 'All',
    AccountType: 'Paid',
    MaxHealth: 1000,
    MaxNano: 1000,
    AlienLevel: 0,
    Specialization: 0
  },
  skills: {
    '16': {
      base: 6,
      trickle: 0,
      ipSpent: 0,
      pointsFromIp: 494,
      equipmentBonus: 0,
      perkBonus: 0,
      buffBonus: 0,
      total: 500
    },
    '17': {
      base: 6,
      trickle: 0,
      ipSpent: 0,
      pointsFromIp: 394,
      equipmentBonus: 0,
      perkBonus: 0,
      buffBonus: 0,
      total: 400
    },
    '18': {
      base: 6,
      trickle: 0,
      ipSpent: 0,
      pointsFromIp: 0,
      equipmentBonus: 0,
      perkBonus: 0,
      buffBonus: 0,
      total: 6
    },
    '19': {
      base: 6,
      trickle: 0,
      ipSpent: 0,
      pointsFromIp: 594,
      equipmentBonus: 0,
      perkBonus: 0,
      buffBonus: 0,
      total: 600
    },
    '20': {
      base: 6,
      trickle: 0,
      ipSpent: 0,
      pointsFromIp: 0,
      equipmentBonus: 0,
      perkBonus: 0,
      buffBonus: 0,
      total: 6
    },
    '21': {
      base: 6,
      trickle: 0,
      ipSpent: 0,
      pointsFromIp: 0,
      equipmentBonus: 0,
      perkBonus: 0,
      buffBonus: 0,
      total: 6
    }
  },
  Weapons: {},
  Clothing: {},
  Implants: {},
  PerksAndResearch: {
    perks: [],
    standardPerkPoints: { total: 0, spent: 0, available: 0 },
    aiPerkPoints: { total: 0, spent: 0, available: 0 },
    research: [],
    lastCalculated: '2025-10-12T22:18:09.362Z'
  },
  buffs: []
}  ... > 
  at <VTUROOT>
[Vue warn]: Failed to resolve component: AccordionTab
If this is a native custom element, make sure to exclude it from component resolution via compilerOptions.isCustomElement. 
  at <ItemFilters filters= {} loading=false profile= {
  id: 'test-profile-1760307489361-3q7h4avek',
  version: '4.0.0',
  created: '2025-10-12T22:18:09.361Z',
  updated: '2025-10-12T22:18:09.361Z',
  Character: {
    Name: 'Test Character',
    Level: 200,
    Profession: 3,
    Breed: 1,
    Faction: 'Neutral',
    Expansion: 'All',
    AccountType: 'Paid',
    MaxHealth: 1000,
    MaxNano: 1000,
    AlienLevel: 0,
    Specialization: 0
  },
  skills: {
    '16': {
      base: 6,
      trickle: 0,
      ipSpent: 0,
      pointsFromIp: 494,
      equipmentBonus: 0,
      perkBonus: 0,
      buffBonus: 0,
      total: 500
    },
    '17': {
      base: 6,
      trickle: 0,
      ipSpent: 0,
      pointsFromIp: 394,
      equipmentBonus: 0,
      perkBonus: 0,
      buffBonus: 0,
      total: 400
    },
    '18': {
      base: 6,
      trickle: 0,
      ipSpent: 0,
      pointsFromIp: 0,
      equipmentBonus: 0,
      perkBonus: 0,
      buffBonus: 0,
      total: 6
    },
    '19': {
      base: 6,
      trickle: 0,
      ipSpent: 0,
      pointsFromIp: 594,
      equipmentBonus: 0,
      perkBonus: 0,
      buffBonus: 0,
      total: 600
    },
    '20': {
      base: 6,
      trickle: 0,
      ipSpent: 0,
      pointsFromIp: 0,
      equipmentBonus: 0,
      perkBonus: 0,
      buffBonus: 0,
      total: 6
    },
    '21': {
      base: 6,
      trickle: 0,
      ipSpent: 0,
      pointsFromIp: 0,
      equipmentBonus: 0,
      perkBonus: 0,
      buffBonus: 0,
      total: 6
    }
  },
  Weapons: {},
  Clothing: {},
  Implants: {},
  PerksAndResearch: {
    perks: [],
    standardPerkPoints: { total: 0, spent: 0, available: 0 },
    aiPerkPoints: { total: 0, spent: 0, available: 0 },
    research: [],
    lastCalculated: '2025-10-12T22:18:09.362Z'
  },
  buffs: []
}  ... > 
  at <VTUROOT>
[Vue warn]: Failed to resolve component: Slider
If this is a native custom element, make sure to exclude it from component resolution via compilerOptions.isCustomElement. 
  at <ItemFilters filters= {} loading=false profile= {
  id: 'test-profile-1760307489361-3q7h4avek',
  version: '4.0.0',
  created: '2025-10-12T22:18:09.361Z',
  updated: '2025-10-12T22:18:09.361Z',
  Character: {
    Name: 'Test Character',
    Level: 200,
    Profession: 3,
    Breed: 1,
    Faction: 'Neutral',
    Expansion: 'All',
    AccountType: 'Paid',
    MaxHealth: 1000,
    MaxNano: 1000,
    AlienLevel: 0,
    Specialization: 0
  },
  skills: {
    '16': {
      base: 6,
      trickle: 0,
      ipSpent: 0,
      pointsFromIp: 494,
      equipmentBonus: 0,
      perkBonus: 0,
      buffBonus: 0,
      total: 500
    },
    '17': {
      base: 6,
      trickle: 0,
      ipSpent: 0,
      pointsFromIp: 394,
      equipmentBonus: 0,
      perkBonus: 0,
      buffBonus: 0,
      total: 400
    },
    '18': {
      base: 6,
      trickle: 0,
      ipSpent: 0,
      pointsFromIp: 0,
      equipmentBonus: 0,
      perkBonus: 0,
      buffBonus: 0,
      total: 6
    },
    '19': {
      base: 6,
      trickle: 0,
      ipSpent: 0,
      pointsFromIp: 594,
      equipmentBonus: 0,
      perkBonus: 0,
      buffBonus: 0,
      total: 600
    },
    '20': {
      base: 6,
      trickle: 0,
      ipSpent: 0,
      pointsFromIp: 0,
      equipmentBonus: 0,
      perkBonus: 0,
      buffBonus: 0,
      total: 6
    },
    '21': {
      base: 6,
      trickle: 0,
      ipSpent: 0,
      pointsFromIp: 0,
      equipmentBonus: 0,
      perkBonus: 0,
      buffBonus: 0,
      total: 6
    }
  },
  Weapons: {},
  Clothing: {},
  Implants: {},
  PerksAndResearch: {
    perks: [],
    standardPerkPoints: { total: 0, spent: 0, available: 0 },
    aiPerkPoints: { total: 0, spent: 0, available: 0 },
    research: [],
    lastCalculated: '2025-10-12T22:18:09.362Z'
  },
  buffs: []
}  ... > 
  at <VTUROOT>
[Vue warn]: Failed to resolve component: InputNumber
If this is a native custom element, make sure to exclude it from component resolution via compilerOptions.isCustomElement. 
  at <ItemFilters filters= {} loading=false profile= {
  id: 'test-profile-1760307489361-3q7h4avek',
  version: '4.0.0',
  created: '2025-10-12T22:18:09.361Z',
  updated: '2025-10-12T22:18:09.361Z',
  Character: {
    Name: 'Test Character',
    Level: 200,
    Profession: 3,
    Breed: 1,
    Faction: 'Neutral',
    Expansion: 'All',
    AccountType: 'Paid',
    MaxHealth: 1000,
    MaxNano: 1000,
    AlienLevel: 0,
    Specialization: 0
  },
  skills: {
    '16': {
      base: 6,
      trickle: 0,
      ipSpent: 0,
      pointsFromIp: 494,
      equipmentBonus: 0,
      perkBonus: 0,
      buffBonus: 0,
      total: 500
    },
    '17': {
      base: 6,
      trickle: 0,
      ipSpent: 0,
      pointsFromIp: 394,
      equipmentBonus: 0,
      perkBonus: 0,
      buffBonus: 0,
      total: 400
    },
    '18': {
      base: 6,
      trickle: 0,
      ipSpent: 0,
      pointsFromIp: 0,
      equipmentBonus: 0,
      perkBonus: 0,
      buffBonus: 0,
      total: 6
    },
    '19': {
      base: 6,
      trickle: 0,
      ipSpent: 0,
      pointsFromIp: 594,
      equipmentBonus: 0,
      perkBonus: 0,
      buffBonus: 0,
      total: 600
    },
    '20': {
      base: 6,
      trickle: 0,
      ipSpent: 0,
      pointsFromIp: 0,
      equipmentBonus: 0,
      perkBonus: 0,
      buffBonus: 0,
      total: 6
    },
    '21': {
      base: 6,
      trickle: 0,
      ipSpent: 0,
      pointsFromIp: 0,
      equipmentBonus: 0,
      perkBonus: 0,
      buffBonus: 0,
      total: 6
    }
  },
  Weapons: {},
  Clothing: {},
  Implants: {},
  PerksAndResearch: {
    perks: [],
    standardPerkPoints: { total: 0, spent: 0, available: 0 },
    aiPerkPoints: { total: 0, spent: 0, available: 0 },
    research: [],
    lastCalculated: '2025-10-12T22:18:09.362Z'
  },
  buffs: []
}  ... > 
  at <VTUROOT>
[Vue warn]: Failed to resolve component: TriStateCheckbox
If this is a native custom element, make sure to exclude it from component resolution via compilerOptions.isCustomElement. 
  at <ItemFilters filters= {} loading=false profile= {
  id: 'test-profile-1760307489361-3q7h4avek',
  version: '4.0.0',
  created: '2025-10-12T22:18:09.361Z',
  updated: '2025-10-12T22:18:09.361Z',
  Character: {
    Name: 'Test Character',
    Level: 200,
    Profession: 3,
    Breed: 1,
    Faction: 'Neutral',
    Expansion: 'All',
    AccountType: 'Paid',
    MaxHealth: 1000,
    MaxNano: 1000,
    AlienLevel: 0,
    Specialization: 0
  },
  skills: {
    '16': {
      base: 6,
      trickle: 0,
      ipSpent: 0,
      pointsFromIp: 494,
      equipmentBonus: 0,
      perkBonus: 0,
      buffBonus: 0,
      total: 500
    },
    '17': {
      base: 6,
      trickle: 0,
      ipSpent: 0,
      pointsFromIp: 394,
      equipmentBonus: 0,
      perkBonus: 0,
      buffBonus: 0,
      total: 400
    },
    '18': {
      base: 6,
      trickle: 0,
      ipSpent: 0,
      pointsFromIp: 0,
      equipmentBonus: 0,
      perkBonus: 0,
      buffBonus: 0,
      total: 6
    },
    '19': {
      base: 6,
      trickle: 0,
      ipSpent: 0,
      pointsFromIp: 594,
      equipmentBonus: 0,
      perkBonus: 0,
      buffBonus: 0,
      total: 600
    },
    '20': {
      base: 6,
      trickle: 0,
      ipSpent: 0,
      pointsFromIp: 0,
      equipmentBonus: 0,
      perkBonus: 0,
      buffBonus: 0,
      total: 6
    },
    '21': {
      base: 6,
      trickle: 0,
      ipSpent: 0,
      pointsFromIp: 0,
      equipmentBonus: 0,
      perkBonus: 0,
      buffBonus: 0,
      total: 6
    }
  },
  Weapons: {},
  Clothing: {},
  Implants: {},
  PerksAndResearch: {
    perks: [],
    standardPerkPoints: { total: 0, spent: 0, available: 0 },
    aiPerkPoints: { total: 0, spent: 0, available: 0 },
    research: [],
    lastCalculated: '2025-10-12T22:18:09.362Z'
  },
  buffs: []
}  ... > 
  at <VTUROOT>
[Vue warn]: Failed to resolve component: Accordion
If this is a native custom element, make sure to exclude it from component resolution via compilerOptions.isCustomElement. 
  at <ItemFilters filters= {} loading=false profile= {
  id: 'test-profile-1760307489361-3q7h4avek',
  version: '4.0.0',
  created: '2025-10-12T22:18:09.361Z',
  updated: '2025-10-12T22:18:09.361Z',
  Character: {
    Name: 'Test Character',
    Level: 200,
    Profession: 3,
    Breed: 1,
    Faction: 'Neutral',
    Expansion: 'All',
    AccountType: 'Paid',
    MaxHealth: 1000,
    MaxNano: 1000,
    AlienLevel: 0,
    Specialization: 0
  },
  skills: {
    '16': {
      base: 6,
      trickle: 0,
      ipSpent: 0,
      pointsFromIp: 494,
      equipmentBonus: 0,
      perkBonus: 0,
      buffBonus: 0,
      total: 500
    },
    '17': {
      base: 6,
      trickle: 0,
      ipSpent: 0,
      pointsFromIp: 394,
      equipmentBonus: 0,
      perkBonus: 0,
      buffBonus: 0,
      total: 400
    },
    '18': {
      base: 6,
      trickle: 0,
      ipSpent: 0,
      pointsFromIp: 0,
      equipmentBonus: 0,
      perkBonus: 0,
      buffBonus: 0,
      total: 6
    },
    '19': {
      base: 6,
      trickle: 0,
      ipSpent: 0,
      pointsFromIp: 594,
      equipmentBonus: 0,
      perkBonus: 0,
      buffBonus: 0,
      total: 600
    },
    '20': {
      base: 6,
      trickle: 0,
      ipSpent: 0,
      pointsFromIp: 0,
      equipmentBonus: 0,
      perkBonus: 0,
      buffBonus: 0,
      total: 6
    },
    '21': {
      base: 6,
      trickle: 0,
      ipSpent: 0,
      pointsFromIp: 0,
      equipmentBonus: 0,
      perkBonus: 0,
      buffBonus: 0,
      total: 6
    }
  },
  Weapons: {},
  Clothing: {},
  Implants: {},
  PerksAndResearch: {
    perks: [],
    standardPerkPoints: { total: 0, spent: 0, available: 0 },
    aiPerkPoints: { total: 0, spent: 0, available: 0 },
    research: [],
    lastCalculated: '2025-10-12T22:18:09.362Z'
  },
  buffs: []
}  ... > 
  at <VTUROOT>
[Vue warn]: Failed to resolve directive: tooltip 
  at <ItemFilters filters= {} loading=false profile= {
  id: 'test-profile-1760307489361-3q7h4avek',
  version: '4.0.0',
  created: '2025-10-12T22:18:09.361Z',
  updated: '2025-10-12T22:18:09.361Z',
  Character: {
    Name: 'Test Character',
    Level: 200,
    Profession: 3,
    Breed: 1,
    Faction: 'Neutral',
    Expansion: 'All',
    AccountType: 'Paid',
    MaxHealth: 1000,
    MaxNano: 1000,
    AlienLevel: 0,
    Specialization: 0
  },
  skills: {
    '16': {
      base: 6,
      trickle: 0,
      ipSpent: 0,
      pointsFromIp: 494,
      equipmentBonus: 0,
      perkBonus: 0,
      buffBonus: 0,
      total: 500
    },
    '17': {
      base: 6,
      trickle: 0,
      ipSpent: 0,
      pointsFromIp: 394,
      equipmentBonus: 0,
      perkBonus: 0,
      buffBonus: 0,
      total: 400
    },
    '18': {
      base: 6,
      trickle: 0,
      ipSpent: 0,
      pointsFromIp: 0,
      equipmentBonus: 0,
      perkBonus: 0,
      buffBonus: 0,
      total: 6
    },
    '19': {
      base: 6,
      trickle: 0,
      ipSpent: 0,
      pointsFromIp: 594,
      equipmentBonus: 0,
      perkBonus: 0,
      buffBonus: 0,
      total: 600
    },
    '20': {
      base: 6,
      trickle: 0,
      ipSpent: 0,
      pointsFromIp: 0,
      equipmentBonus: 0,
      perkBonus: 0,
      buffBonus: 0,
      total: 6
    },
    '21': {
      base: 6,
      trickle: 0,
      ipSpent: 0,
      pointsFromIp: 0,
      equipmentBonus: 0,
      perkBonus: 0,
      buffBonus: 0,
      total: 6
    }
  },
  Weapons: {},
  Clothing: {},
  Implants: {},
  PerksAndResearch: {
    perks: [],
    standardPerkPoints: { total: 0, spent: 0, available: 0 },
    aiPerkPoints: { total: 0, spent: 0, available: 0 },
    research: [],
    lastCalculated: '2025-10-12T22:18:09.362Z'
  },
  buffs: []
}  ... > 
  at <VTUROOT>
[Vue warn]: Failed to resolve component: Checkbox
If this is a native custom element, make sure to exclude it from component resolution via compilerOptions.isCustomElement. 
  at <ItemFilters filters= {} loading=false profile=null  ... > 
  at <VTUROOT>
[Vue warn]: Failed to resolve component: AccordionTab
If this is a native custom element, make sure to exclude it from component resolution via compilerOptions.isCustomElement. 
  at <ItemFilters filters= {} loading=false profile=null  ... > 
  at <VTUROOT>
[Vue warn]: Failed to resolve component: Slider
If this is a native custom element, make sure to exclude it from component resolution via compilerOptions.isCustomElement. 
  at <ItemFilters filters= {} loading=false profile=null  ... > 
  at <VTUROOT>
[Vue warn]: Failed to resolve component: InputNumber
If this is a native custom element, make sure to exclude it from component resolution via compilerOptions.isCustomElement. 
  at <ItemFilters filters= {} loading=false profile=null  ... > 
  at <VTUROOT>
[Vue warn]: Failed to resolve component: TriStateCheckbox
If this is a native custom element, make sure to exclude it from component resolution via compilerOptions.isCustomElement. 
  at <ItemFilters filters= {} loading=false profile=null  ... > 
  at <VTUROOT>
[Vue warn]: Failed to resolve component: Accordion
If this is a native custom element, make sure to exclude it from component resolution via compilerOptions.isCustomElement. 
  at <ItemFilters filters= {} loading=false profile=null  ... > 
  at <VTUROOT>
[Vue warn]: Failed to resolve directive: tooltip 
  at <ItemFilters filters= {} loading=false profile=null  ... > 
  at <VTUROOT>

stderr | src/__tests__/components/ItemFilters.test.ts > ItemFilters > Filter Presets > should show preset buttons
[Vue warn]: Failed to resolve component: Checkbox
If this is a native custom element, make sure to exclude it from component resolution via compilerOptions.isCustomElement. 
  at <ItemFilters filters= {} loading=false ref="VTU_COMPONENT" > 
  at <VTUROOT>
[Vue warn]: Failed to resolve component: AccordionTab
If this is a native custom element, make sure to exclude it from component resolution via compilerOptions.isCustomElement. 
  at <ItemFilters filters= {} loading=false ref="VTU_COMPONENT" > 
  at <VTUROOT>
[Vue warn]: Failed to resolve component: Slider
If this is a native custom element, make sure to exclude it from component resolution via compilerOptions.isCustomElement. 
  at <ItemFilters filters= {} loading=false ref="VTU_COMPONENT" > 
  at <VTUROOT>
[Vue warn]: Failed to resolve component: InputNumber
If this is a native custom element, make sure to exclude it from component resolution via compilerOptions.isCustomElement. 
  at <ItemFilters filters= {} loading=false ref="VTU_COMPONENT" > 
  at <VTUROOT>
[Vue warn]: Failed to resolve component: TriStateCheckbox
If this is a native custom element, make sure to exclude it from component resolution via compilerOptions.isCustomElement. 
  at <ItemFilters filters= {} loading=false ref="VTU_COMPONENT" > 
  at <VTUROOT>
[Vue warn]: Failed to resolve component: Accordion
If this is a native custom element, make sure to exclude it from component resolution via compilerOptions.isCustomElement. 
  at <ItemFilters filters= {} loading=false ref="VTU_COMPONENT" > 
  at <VTUROOT>
[Vue warn]: Failed to resolve directive: tooltip 
  at <ItemFilters filters= {} loading=false ref="VTU_COMPONENT" > 
  at <VTUROOT>

stderr | src/__tests__/components/ItemFilters.test.ts > ItemFilters > Filter Presets > should emit preset selection
[Vue warn]: Failed to resolve component: Checkbox
If this is a native custom element, make sure to exclude it from component resolution via compilerOptions.isCustomElement. 
  at <ItemFilters filters= {} loading=false ref="VTU_COMPONENT" > 
  at <VTUROOT>
[Vue warn]: Failed to resolve component: AccordionTab
If this is a native custom element, make sure to exclude it from component resolution via compilerOptions.isCustomElement. 
  at <ItemFilters filters= {} loading=false ref="VTU_COMPONENT" > 
  at <VTUROOT>
[Vue warn]: Failed to resolve component: Slider
If this is a native custom element, make sure to exclude it from component resolution via compilerOptions.isCustomElement. 
  at <ItemFilters filters= {} loading=false ref="VTU_COMPONENT" > 
  at <VTUROOT>
[Vue warn]: Failed to resolve component: InputNumber
If this is a native custom element, make sure to exclude it from component resolution via compilerOptions.isCustomElement. 
  at <ItemFilters filters= {} loading=false ref="VTU_COMPONENT" > 
  at <VTUROOT>
[Vue warn]: Failed to resolve component: TriStateCheckbox
If this is a native custom element, make sure to exclude it from component resolution via compilerOptions.isCustomElement. 
  at <ItemFilters filters= {} loading=false ref="VTU_COMPONENT" > 
  at <VTUROOT>
[Vue warn]: Failed to resolve component: Accordion
If this is a native custom element, make sure to exclude it from component resolution via compilerOptions.isCustomElement. 
  at <ItemFilters filters= {} loading=false ref="VTU_COMPONENT" > 
  at <VTUROOT>
[Vue warn]: Failed to resolve directive: tooltip 
  at <ItemFilters filters= {} loading=false ref="VTU_COMPONENT" > 
  at <VTUROOT>

stderr | src/__tests__/components/ItemFilters.test.ts > ItemFilters > Filter Presets > should allow saving custom presets
[Vue warn]: Failed to resolve component: Checkbox
If this is a native custom element, make sure to exclude it from component resolution via compilerOptions.isCustomElement. 
  at <ItemFilters filters= {} loading=false ref="VTU_COMPONENT" > 
  at <VTUROOT>
[Vue warn]: Failed to resolve component: AccordionTab
If this is a native custom element, make sure to exclude it from component resolution via compilerOptions.isCustomElement. 
  at <ItemFilters filters= {} loading=false ref="VTU_COMPONENT" > 
  at <VTUROOT>
[Vue warn]: Failed to resolve component: Slider
If this is a native custom element, make sure to exclude it from component resolution via compilerOptions.isCustomElement. 
  at <ItemFilters filters= {} loading=false ref="VTU_COMPONENT" > 
  at <VTUROOT>
[Vue warn]: Failed to resolve component: InputNumber
If this is a native custom element, make sure to exclude it from component resolution via compilerOptions.isCustomElement. 
  at <ItemFilters filters= {} loading=false ref="VTU_COMPONENT" > 
  at <VTUROOT>
[Vue warn]: Failed to resolve component: TriStateCheckbox
If this is a native custom element, make sure to exclude it from component resolution via compilerOptions.isCustomElement. 
  at <ItemFilters filters= {} loading=false ref="VTU_COMPONENT" > 
  at <VTUROOT>
[Vue warn]: Failed to resolve component: Accordion
If this is a native custom element, make sure to exclude it from component resolution via compilerOptions.isCustomElement. 
  at <ItemFilters filters= {} loading=false ref="VTU_COMPONENT" > 
  at <VTUROOT>
[Vue warn]: Failed to resolve directive: tooltip 
  at <ItemFilters filters= {} loading=false ref="VTU_COMPONENT" > 
  at <VTUROOT>
[Vue warn]: Failed to resolve component: Checkbox
If this is a native custom element, make sure to exclude it from component resolution via compilerOptions.isCustomElement. 
  at <ItemFilters filters= { item_class: [ 1, 2 ], min_ql: 200 } loading=false ref="VTU_COMPONENT" > 
  at <VTUROOT>
[Vue warn]: Failed to resolve component: AccordionTab
If this is a native custom element, make sure to exclude it from component resolution via compilerOptions.isCustomElement. 
  at <ItemFilters filters= { item_class: [ 1, 2 ], min_ql: 200 } loading=false ref="VTU_COMPONENT" > 
  at <VTUROOT>
[Vue warn]: Failed to resolve component: Slider
If this is a native custom element, make sure to exclude it from component resolution via compilerOptions.isCustomElement. 
  at <ItemFilters filters= { item_class: [ 1, 2 ], min_ql: 200 } loading=false ref="VTU_COMPONENT" > 
  at <VTUROOT>
[Vue warn]: Failed to resolve component: InputNumber
If this is a native custom element, make sure to exclude it from component resolution via compilerOptions.isCustomElement. 
  at <ItemFilters filters= { item_class: [ 1, 2 ], min_ql: 200 } loading=false ref="VTU_COMPONENT" > 
  at <VTUROOT>
[Vue warn]: Failed to resolve component: TriStateCheckbox
If this is a native custom element, make sure to exclude it from component resolution via compilerOptions.isCustomElement. 
  at <ItemFilters filters= { item_class: [ 1, 2 ], min_ql: 200 } loading=false ref="VTU_COMPONENT" > 
  at <VTUROOT>
[Vue warn]: Failed to resolve component: Accordion
If this is a native custom element, make sure to exclude it from component resolution via compilerOptions.isCustomElement. 
  at <ItemFilters filters= { item_class: [ 1, 2 ], min_ql: 200 } loading=false ref="VTU_COMPONENT" > 
  at <VTUROOT>
[Vue warn]: Failed to resolve directive: tooltip 
  at <ItemFilters filters= { item_class: [ 1, 2 ], min_ql: 200 } loading=false ref="VTU_COMPONENT" > 
  at <VTUROOT>
[Vue warn]: Failed setting prop "size" on <input>: value small is invalid. DOMException {} 
  at <InputText modelValue="" onUpdate:modelValue=fn placeholder="Preset name..."  ... > 
  at <ItemFilters filters= { item_class: [ 1, 2 ], min_ql: 200 } loading=false ref="VTU_COMPONENT" > 
  at <VTUROOT>

stderr | src/__tests__/components/ItemFilters.test.ts > ItemFilters > Clear and Reset > should emit clear filters event
[Vue warn]: Failed to resolve component: Checkbox
If this is a native custom element, make sure to exclude it from component resolution via compilerOptions.isCustomElement. 
  at <ItemFilters filters= {
  item_class: [ 1, 2 ],
  min_ql: 100,
  max_ql: 250,
  is_nano: false,
  stat_requirements: { '16': { min: 200, max: 400 } }
} loading=false ref="VTU_COMPONENT" > 
  at <VTUROOT>
[Vue warn]: Failed to resolve component: AccordionTab
If this is a native custom element, make sure to exclude it from component resolution via compilerOptions.isCustomElement. 
  at <ItemFilters filters= {
  item_class: [ 1, 2 ],
  min_ql: 100,
  max_ql: 250,
  is_nano: false,
  stat_requirements: { '16': { min: 200, max: 400 } }
} loading=false ref="VTU_COMPONENT" > 
  at <VTUROOT>
[Vue warn]: Failed to resolve component: Slider
If this is a native custom element, make sure to exclude it from component resolution via compilerOptions.isCustomElement. 
  at <ItemFilters filters= {
  item_class: [ 1, 2 ],
  min_ql: 100,
  max_ql: 250,
  is_nano: false,
  stat_requirements: { '16': { min: 200, max: 400 } }
} loading=false ref="VTU_COMPONENT" > 
  at <VTUROOT>
[Vue warn]: Failed to resolve component: InputNumber
If this is a native custom element, make sure to exclude it from component resolution via compilerOptions.isCustomElement. 
  at <ItemFilters filters= {
  item_class: [ 1, 2 ],
  min_ql: 100,
  max_ql: 250,
  is_nano: false,
  stat_requirements: { '16': { min: 200, max: 400 } }
} loading=false ref="VTU_COMPONENT" > 
  at <VTUROOT>
[Vue warn]: Failed to resolve component: TriStateCheckbox
If this is a native custom element, make sure to exclude it from component resolution via compilerOptions.isCustomElement. 
  at <ItemFilters filters= {
  item_class: [ 1, 2 ],
  min_ql: 100,
  max_ql: 250,
  is_nano: false,
  stat_requirements: { '16': { min: 200, max: 400 } }
} loading=false ref="VTU_COMPONENT" > 
  at <VTUROOT>
[Vue warn]: Failed to resolve component: Accordion
If this is a native custom element, make sure to exclude it from component resolution via compilerOptions.isCustomElement. 
  at <ItemFilters filters= {
  item_class: [ 1, 2 ],
  min_ql: 100,
  max_ql: 250,
  is_nano: false,
  stat_requirements: { '16': { min: 200, max: 400 } }
} loading=false ref="VTU_COMPONENT" > 
  at <VTUROOT>
[Vue warn]: Failed to resolve directive: tooltip 
  at <ItemFilters filters= {
  item_class: [ 1, 2 ],
  min_ql: 100,
  max_ql: 250,
  is_nano: false,
  stat_requirements: { '16': { min: 200, max: 400 } }
} loading=false ref="VTU_COMPONENT" > 
  at <VTUROOT>
[Vue warn]: Failed setting prop "size" on <input>: value small is invalid. DOMException {} 
  at <InputText modelValue="" onUpdate:modelValue=fn placeholder="Preset name..."  ... > 
  at <ItemFilters filters= {
  item_class: [ 1, 2 ],
  min_ql: 100,
  max_ql: 250,
  is_nano: false,
  stat_requirements: { '16': { min: 200, max: 400 } }
} loading=false ref="VTU_COMPONENT" > 
  at <VTUROOT>

stderr | src/__tests__/components/ItemFilters.test.ts > ItemFilters > Clear and Reset > should show active filter count
[Vue warn]: Failed to resolve component: Checkbox
If this is a native custom element, make sure to exclude it from component resolution via compilerOptions.isCustomElement. 
  at <ItemFilters filters= {
  item_class: [ 1, 2 ],
  min_ql: 100,
  max_ql: 250,
  is_nano: false,
  stat_requirements: { '16': { min: 200, max: 400 } }
} loading=false ref="VTU_COMPONENT" > 
  at <VTUROOT>
[Vue warn]: Failed to resolve component: AccordionTab
If this is a native custom element, make sure to exclude it from component resolution via compilerOptions.isCustomElement. 
  at <ItemFilters filters= {
  item_class: [ 1, 2 ],
  min_ql: 100,
  max_ql: 250,
  is_nano: false,
  stat_requirements: { '16': { min: 200, max: 400 } }
} loading=false ref="VTU_COMPONENT" > 
  at <VTUROOT>
[Vue warn]: Failed to resolve component: Slider
If this is a native custom element, make sure to exclude it from component resolution via compilerOptions.isCustomElement. 
  at <ItemFilters filters= {
  item_class: [ 1, 2 ],
  min_ql: 100,
  max_ql: 250,
  is_nano: false,
  stat_requirements: { '16': { min: 200, max: 400 } }
} loading=false ref="VTU_COMPONENT" > 
  at <VTUROOT>
[Vue warn]: Failed to resolve component: InputNumber
If this is a native custom element, make sure to exclude it from component resolution via compilerOptions.isCustomElement. 
  at <ItemFilters filters= {
  item_class: [ 1, 2 ],
  min_ql: 100,
  max_ql: 250,
  is_nano: false,
  stat_requirements: { '16': { min: 200, max: 400 } }
} loading=false ref="VTU_COMPONENT" > 
  at <VTUROOT>
[Vue warn]: Failed to resolve component: TriStateCheckbox
If this is a native custom element, make sure to exclude it from component resolution via compilerOptions.isCustomElement. 
  at <ItemFilters filters= {
  item_class: [ 1, 2 ],
  min_ql: 100,
  max_ql: 250,
  is_nano: false,
  stat_requirements: { '16': { min: 200, max: 400 } }
} loading=false ref="VTU_COMPONENT" > 
  at <VTUROOT>
[Vue warn]: Failed to resolve component: Accordion
If this is a native custom element, make sure to exclude it from component resolution via compilerOptions.isCustomElement. 
  at <ItemFilters filters= {
  item_class: [ 1, 2 ],
  min_ql: 100,
  max_ql: 250,
  is_nano: false,
  stat_requirements: { '16': { min: 200, max: 400 } }
} loading=false ref="VTU_COMPONENT" > 
  at <VTUROOT>
[Vue warn]: Failed to resolve directive: tooltip 
  at <ItemFilters filters= {
  item_class: [ 1, 2 ],
  min_ql: 100,
  max_ql: 250,
  is_nano: false,
  stat_requirements: { '16': { min: 200, max: 400 } }
} loading=false ref="VTU_COMPONENT" > 
  at <VTUROOT>
[Vue warn]: Failed setting prop "size" on <input>: value small is invalid. DOMException {} 
  at <InputText modelValue="" onUpdate:modelValue=fn placeholder="Preset name..."  ... > 
  at <ItemFilters filters= {
  item_class: [ 1, 2 ],
  min_ql: 100,
  max_ql: 250,
  is_nano: false,
  stat_requirements: { '16': { min: 200, max: 400 } }
} loading=false ref="VTU_COMPONENT" > 
  at <VTUROOT>

stderr | src/__tests__/components/ItemFilters.test.ts > ItemFilters > LocalStorage Integration > should save filter presets to localStorage
[Vue warn]: Failed to resolve component: Checkbox
If this is a native custom element, make sure to exclude it from component resolution via compilerOptions.isCustomElement. 
  at <ItemFilters filters= { item_class: [ 1 ], min_ql: 150 } loading=false ref="VTU_COMPONENT" > 
  at <VTUROOT>
[Vue warn]: Failed to resolve component: AccordionTab
If this is a native custom element, make sure to exclude it from component resolution via compilerOptions.isCustomElement. 
  at <ItemFilters filters= { item_class: [ 1 ], min_ql: 150 } loading=false ref="VTU_COMPONENT" > 
  at <VTUROOT>
[Vue warn]: Failed to resolve component: Slider
If this is a native custom element, make sure to exclude it from component resolution via compilerOptions.isCustomElement. 
  at <ItemFilters filters= { item_class: [ 1 ], min_ql: 150 } loading=false ref="VTU_COMPONENT" > 
  at <VTUROOT>
[Vue warn]: Failed to resolve component: InputNumber
If this is a native custom element, make sure to exclude it from component resolution via compilerOptions.isCustomElement. 
  at <ItemFilters filters= { item_class: [ 1 ], min_ql: 150 } loading=false ref="VTU_COMPONENT" > 
  at <VTUROOT>
[Vue warn]: Failed to resolve component: TriStateCheckbox
If this is a native custom element, make sure to exclude it from component resolution via compilerOptions.isCustomElement. 
  at <ItemFilters filters= { item_class: [ 1 ], min_ql: 150 } loading=false ref="VTU_COMPONENT" > 
  at <VTUROOT>
[Vue warn]: Failed to resolve component: Accordion
If this is a native custom element, make sure to exclude it from component resolution via compilerOptions.isCustomElement. 
  at <ItemFilters filters= { item_class: [ 1 ], min_ql: 150 } loading=false ref="VTU_COMPONENT" > 
  at <VTUROOT>
[Vue warn]: Failed to resolve directive: tooltip 
  at <ItemFilters filters= { item_class: [ 1 ], min_ql: 150 } loading=false ref="VTU_COMPONENT" > 
  at <VTUROOT>
[Vue warn]: Failed setting prop "size" on <input>: value small is invalid. DOMException {} 
  at <InputText modelValue="" onUpdate:modelValue=fn placeholder="Preset name..."  ... > 
  at <ItemFilters filters= { item_class: [ 1 ], min_ql: 150 } loading=false ref="VTU_COMPONENT" > 
  at <VTUROOT>

stderr | src/__tests__/components/ItemFilters.test.ts > ItemFilters > LocalStorage Integration > should load filter presets from localStorage
[Vue warn]: Failed to resolve component: Checkbox
If this is a native custom element, make sure to exclude it from component resolution via compilerOptions.isCustomElement. 
  at <ItemFilters filters= {} loading=false ref="VTU_COMPONENT" > 
  at <VTUROOT>
[Vue warn]: Failed to resolve component: AccordionTab
If this is a native custom element, make sure to exclude it from component resolution via compilerOptions.isCustomElement. 
  at <ItemFilters filters= {} loading=false ref="VTU_COMPONENT" > 
  at <VTUROOT>
[Vue warn]: Failed to resolve component: Slider
If this is a native custom element, make sure to exclude it from component resolution via compilerOptions.isCustomElement. 
  at <ItemFilters filters= {} loading=false ref="VTU_COMPONENT" > 
  at <VTUROOT>
[Vue warn]: Failed to resolve component: InputNumber
If this is a native custom element, make sure to exclude it from component resolution via compilerOptions.isCustomElement. 
  at <ItemFilters filters= {} loading=false ref="VTU_COMPONENT" > 
  at <VTUROOT>
[Vue warn]: Failed to resolve component: TriStateCheckbox
If this is a native custom element, make sure to exclude it from component resolution via compilerOptions.isCustomElement. 
  at <ItemFilters filters= {} loading=false ref="VTU_COMPONENT" > 
  at <VTUROOT>
[Vue warn]: Failed to resolve component: Accordion
If this is a native custom element, make sure to exclude it from component resolution via compilerOptions.isCustomElement. 
  at <ItemFilters filters= {} loading=false ref="VTU_COMPONENT" > 
  at <VTUROOT>
[Vue warn]: Failed to resolve directive: tooltip 
  at <ItemFilters filters= {} loading=false ref="VTU_COMPONENT" > 
  at <VTUROOT>

stderr | src/__tests__/components/ItemFilters.test.ts > ItemFilters > Performance and Responsiveness > should handle large filter datasets efficiently
[Vue warn]: Failed to resolve component: Checkbox
If this is a native custom element, make sure to exclude it from component resolution via compilerOptions.isCustomElement. 
  at <ItemFilters filters= {
  item_class: [
     1,  2,  3,  4,  5,  6,  7,
     8,  9, 10, 11, 12, 13, 14,
    15, 16, 17, 18, 19, 20
  ],
  stat_requirements: {
    '100': { min: 100, max: 500 },
    '101': { min: 100, max: 500 },
    '102': { min: 100, max: 500 },
    '103': { min: 100, max: 500 },
    '104': { min: 100, max: 500 },
    '105': { min: 100, max: 500 },
    '106': { min: 100, max: 500 },
    '107': { min: 100, max: 500 },
    '108': { min: 100, max: 500 },
    '109': { min: 100, max: 500 },
    '110': { min: 100, max: 500 },
    '111': { min: 100, max: 500 },
    '112': { min: 100, max: 500 },
    '113': { min: 100, max: 500 },
    '114': { min: 100, max: 500 },
    '115': { min: 100, max: 500 },
    '116': { min: 100, max: 500 },
    '117': { min: 100, max: 500 },
    '118': { min: 100, max: 500 },
    '119': { min: 100, max: 500 },
    '120': { min: 100, max: 500 },
    '121': { min: 100, max: 500 },
    '122': { min: 100, max: 500 },
    '123': { min: 100, max: 500 },
    '124': { min: 100, max: 500 },
    '125': { min: 100, max: 500 },
    '126': { min: 100, max: 500 },
    '127': { min: 100, max: 500 },
    '128': { min: 100, max: 500 },
    '129': { min: 100, max: 500 },
    '130': { min: 100, max: 500 },
    '131': { min: 100, max: 500 },
    '132': { min: 100, max: 500 },
    '133': { min: 100, max: 500 },
    '134': { min: 100, max: 500 },
    '135': { min: 100, max: 500 },
    '136': { min: 100, max: 500 },
    '137': { min: 100, max: 500 },
    '138': { min: 100, max: 500 },
    '139': { min: 100, max: 500 },
    '140': { min: 100, max: 500 },
    '141': { min: 100, max: 500 },
    '142': { min: 100, max: 500 },
    '143': { min: 100, max: 500 },
    '144': { min: 100, max: 500 },
    '145': { min: 100, max: 500 },
    '146': { min: 100, max: 500 },
    '147': { min: 100, max: 500 },
    '148': { min: 100, max: 500 },
    '149': { min: 100, max: 500 }
  }
} loading=false ref="VTU_COMPONENT" > 
  at <VTUROOT>
[Vue warn]: Failed to resolve component: AccordionTab
If this is a native custom element, make sure to exclude it from component resolution via compilerOptions.isCustomElement. 
  at <ItemFilters filters= {
  item_class: [
     1,  2,  3,  4,  5,  6,  7,
     8,  9, 10, 11, 12, 13, 14,
    15, 16, 17, 18, 19, 20
  ],
  stat_requirements: {
    '100': { min: 100, max: 500 },
    '101': { min: 100, max: 500 },
    '102': { min: 100, max: 500 },
    '103': { min: 100, max: 500 },
    '104': { min: 100, max: 500 },
    '105': { min: 100, max: 500 },
    '106': { min: 100, max: 500 },
    '107': { min: 100, max: 500 },
    '108': { min: 100, max: 500 },
    '109': { min: 100, max: 500 },
    '110': { min: 100, max: 500 },
    '111': { min: 100, max: 500 },
    '112': { min: 100, max: 500 },
    '113': { min: 100, max: 500 },
    '114': { min: 100, max: 500 },
    '115': { min: 100, max: 500 },
    '116': { min: 100, max: 500 },
    '117': { min: 100, max: 500 },
    '118': { min: 100, max: 500 },
    '119': { min: 100, max: 500 },
    '120': { min: 100, max: 500 },
    '121': { min: 100, max: 500 },
    '122': { min: 100, max: 500 },
    '123': { min: 100, max: 500 },
    '124': { min: 100, max: 500 },
    '125': { min: 100, max: 500 },
    '126': { min: 100, max: 500 },
    '127': { min: 100, max: 500 },
    '128': { min: 100, max: 500 },
    '129': { min: 100, max: 500 },
    '130': { min: 100, max: 500 },
    '131': { min: 100, max: 500 },
    '132': { min: 100, max: 500 },
    '133': { min: 100, max: 500 },
    '134': { min: 100, max: 500 },
    '135': { min: 100, max: 500 },
    '136': { min: 100, max: 500 },
    '137': { min: 100, max: 500 },
    '138': { min: 100, max: 500 },
    '139': { min: 100, max: 500 },
    '140': { min: 100, max: 500 },
    '141': { min: 100, max: 500 },
    '142': { min: 100, max: 500 },
    '143': { min: 100, max: 500 },
    '144': { min: 100, max: 500 },
    '145': { min: 100, max: 500 },
    '146': { min: 100, max: 500 },
    '147': { min: 100, max: 500 },
    '148': { min: 100, max: 500 },
    '149': { min: 100, max: 500 }
  }
} loading=false ref="VTU_COMPONENT" > 
  at <VTUROOT>
[Vue warn]: Failed to resolve component: Slider
If this is a native custom element, make sure to exclude it from component resolution via compilerOptions.isCustomElement. 
  at <ItemFilters filters= {
  item_class: [
     1,  2,  3,  4,  5,  6,  7,
     8,  9, 10, 11, 12, 13, 14,
    15, 16, 17, 18, 19, 20
  ],
  stat_requirements: {
    '100': { min: 100, max: 500 },
    '101': { min: 100, max: 500 },
    '102': { min: 100, max: 500 },
    '103': { min: 100, max: 500 },
    '104': { min: 100, max: 500 },
    '105': { min: 100, max: 500 },
    '106': { min: 100, max: 500 },
    '107': { min: 100, max: 500 },
    '108': { min: 100, max: 500 },
    '109': { min: 100, max: 500 },
    '110': { min: 100, max: 500 },
    '111': { min: 100, max: 500 },
    '112': { min: 100, max: 500 },
    '113': { min: 100, max: 500 },
    '114': { min: 100, max: 500 },
    '115': { min: 100, max: 500 },
    '116': { min: 100, max: 500 },
    '117': { min: 100, max: 500 },
    '118': { min: 100, max: 500 },
    '119': { min: 100, max: 500 },
    '120': { min: 100, max: 500 },
    '121': { min: 100, max: 500 },
    '122': { min: 100, max: 500 },
    '123': { min: 100, max: 500 },
    '124': { min: 100, max: 500 },
    '125': { min: 100, max: 500 },
    '126': { min: 100, max: 500 },
    '127': { min: 100, max: 500 },
    '128': { min: 100, max: 500 },
    '129': { min: 100, max: 500 },
    '130': { min: 100, max: 500 },
    '131': { min: 100, max: 500 },
    '132': { min: 100, max: 500 },
    '133': { min: 100, max: 500 },
    '134': { min: 100, max: 500 },
    '135': { min: 100, max: 500 },
    '136': { min: 100, max: 500 },
    '137': { min: 100, max: 500 },
    '138': { min: 100, max: 500 },
    '139': { min: 100, max: 500 },
    '140': { min: 100, max: 500 },
    '141': { min: 100, max: 500 },
    '142': { min: 100, max: 500 },
    '143': { min: 100, max: 500 },
    '144': { min: 100, max: 500 },
    '145': { min: 100, max: 500 },
    '146': { min: 100, max: 500 },
    '147': { min: 100, max: 500 },
    '148': { min: 100, max: 500 },
    '149': { min: 100, max: 500 }
  }
} loading=false ref="VTU_COMPONENT" > 
  at <VTUROOT>
[Vue warn]: Failed to resolve component: InputNumber
If this is a native custom element, make sure to exclude it from component resolution via compilerOptions.isCustomElement. 
  at <ItemFilters filters= {
  item_class: [
     1,  2,  3,  4,  5,  6,  7,
     8,  9, 10, 11, 12, 13, 14,
    15, 16, 17, 18, 19, 20
  ],
  stat_requirements: {
    '100': { min: 100, max: 500 },
    '101': { min: 100, max: 500 },
    '102': { min: 100, max: 500 },
    '103': { min: 100, max: 500 },
    '104': { min: 100, max: 500 },
    '105': { min: 100, max: 500 },
    '106': { min: 100, max: 500 },
    '107': { min: 100, max: 500 },
    '108': { min: 100, max: 500 },
    '109': { min: 100, max: 500 },
    '110': { min: 100, max: 500 },
    '111': { min: 100, max: 500 },
    '112': { min: 100, max: 500 },
    '113': { min: 100, max: 500 },
    '114': { min: 100, max: 500 },
    '115': { min: 100, max: 500 },
    '116': { min: 100, max: 500 },
    '117': { min: 100, max: 500 },
    '118': { min: 100, max: 500 },
    '119': { min: 100, max: 500 },
    '120': { min: 100, max: 500 },
    '121': { min: 100, max: 500 },
    '122': { min: 100, max: 500 },
    '123': { min: 100, max: 500 },
    '124': { min: 100, max: 500 },
    '125': { min: 100, max: 500 },
    '126': { min: 100, max: 500 },
    '127': { min: 100, max: 500 },
    '128': { min: 100, max: 500 },
    '129': { min: 100, max: 500 },
    '130': { min: 100, max: 500 },
    '131': { min: 100, max: 500 },
    '132': { min: 100, max: 500 },
    '133': { min: 100, max: 500 },
    '134': { min: 100, max: 500 },
    '135': { min: 100, max: 500 },
    '136': { min: 100, max: 500 },
    '137': { min: 100, max: 500 },
    '138': { min: 100, max: 500 },
    '139': { min: 100, max: 500 },
    '140': { min: 100, max: 500 },
    '141': { min: 100, max: 500 },
    '142': { min: 100, max: 500 },
    '143': { min: 100, max: 500 },
    '144': { min: 100, max: 500 },
    '145': { min: 100, max: 500 },
    '146': { min: 100, max: 500 },
    '147': { min: 100, max: 500 },
    '148': { min: 100, max: 500 },
    '149': { min: 100, max: 500 }
  }
} loading=false ref="VTU_COMPONENT" > 
  at <VTUROOT>
[Vue warn]: Failed to resolve component: TriStateCheckbox
If this is a native custom element, make sure to exclude it from component resolution via compilerOptions.isCustomElement. 
  at <ItemFilters filters= {
  item_class: [
     1,  2,  3,  4,  5,  6,  7,
     8,  9, 10, 11, 12, 13, 14,
    15, 16, 17, 18, 19, 20
  ],
  stat_requirements: {
    '100': { min: 100, max: 500 },
    '101': { min: 100, max: 500 },
    '102': { min: 100, max: 500 },
    '103': { min: 100, max: 500 },
    '104': { min: 100, max: 500 },
    '105': { min: 100, max: 500 },
    '106': { min: 100, max: 500 },
    '107': { min: 100, max: 500 },
    '108': { min: 100, max: 500 },
    '109': { min: 100, max: 500 },
    '110': { min: 100, max: 500 },
    '111': { min: 100, max: 500 },
    '112': { min: 100, max: 500 },
    '113': { min: 100, max: 500 },
    '114': { min: 100, max: 500 },
    '115': { min: 100, max: 500 },
    '116': { min: 100, max: 500 },
    '117': { min: 100, max: 500 },
    '118': { min: 100, max: 500 },
    '119': { min: 100, max: 500 },
    '120': { min: 100, max: 500 },
    '121': { min: 100, max: 500 },
    '122': { min: 100, max: 500 },
    '123': { min: 100, max: 500 },
    '124': { min: 100, max: 500 },
    '125': { min: 100, max: 500 },
    '126': { min: 100, max: 500 },
    '127': { min: 100, max: 500 },
    '128': { min: 100, max: 500 },
    '129': { min: 100, max: 500 },
    '130': { min: 100, max: 500 },
    '131': { min: 100, max: 500 },
    '132': { min: 100, max: 500 },
    '133': { min: 100, max: 500 },
    '134': { min: 100, max: 500 },
    '135': { min: 100, max: 500 },
    '136': { min: 100, max: 500 },
    '137': { min: 100, max: 500 },
    '138': { min: 100, max: 500 },
    '139': { min: 100, max: 500 },
    '140': { min: 100, max: 500 },
    '141': { min: 100, max: 500 },
    '142': { min: 100, max: 500 },
    '143': { min: 100, max: 500 },
    '144': { min: 100, max: 500 },
    '145': { min: 100, max: 500 },
    '146': { min: 100, max: 500 },
    '147': { min: 100, max: 500 },
    '148': { min: 100, max: 500 },
    '149': { min: 100, max: 500 }
  }
} loading=false ref="VTU_COMPONENT" > 
  at <VTUROOT>
[Vue warn]: Failed to resolve component: Accordion
If this is a native custom element, make sure to exclude it from component resolution via compilerOptions.isCustomElement. 
  at <ItemFilters filters= {
  item_class: [
     1,  2,  3,  4,  5,  6,  7,
     8,  9, 10, 11, 12, 13, 14,
    15, 16, 17, 18, 19, 20
  ],
  stat_requirements: {
    '100': { min: 100, max: 500 },
    '101': { min: 100, max: 500 },
    '102': { min: 100, max: 500 },
    '103': { min: 100, max: 500 },
    '104': { min: 100, max: 500 },
    '105': { min: 100, max: 500 },
    '106': { min: 100, max: 500 },
    '107': { min: 100, max: 500 },
    '108': { min: 100, max: 500 },
    '109': { min: 100, max: 500 },
    '110': { min: 100, max: 500 },
    '111': { min: 100, max: 500 },
    '112': { min: 100, max: 500 },
    '113': { min: 100, max: 500 },
    '114': { min: 100, max: 500 },
    '115': { min: 100, max: 500 },
    '116': { min: 100, max: 500 },
    '117': { min: 100, max: 500 },
    '118': { min: 100, max: 500 },
    '119': { min: 100, max: 500 },
    '120': { min: 100, max: 500 },
    '121': { min: 100, max: 500 },
    '122': { min: 100, max: 500 },
    '123': { min: 100, max: 500 },
    '124': { min: 100, max: 500 },
    '125': { min: 100, max: 500 },
    '126': { min: 100, max: 500 },
    '127': { min: 100, max: 500 },
    '128': { min: 100, max: 500 },
    '129': { min: 100, max: 500 },
    '130': { min: 100, max: 500 },
    '131': { min: 100, max: 500 },
    '132': { min: 100, max: 500 },
    '133': { min: 100, max: 500 },
    '134': { min: 100, max: 500 },
    '135': { min: 100, max: 500 },
    '136': { min: 100, max: 500 },
    '137': { min: 100, max: 500 },
    '138': { min: 100, max: 500 },
    '139': { min: 100, max: 500 },
    '140': { min: 100, max: 500 },
    '141': { min: 100, max: 500 },
    '142': { min: 100, max: 500 },
    '143': { min: 100, max: 500 },
    '144': { min: 100, max: 500 },
    '145': { min: 100, max: 500 },
    '146': { min: 100, max: 500 },
    '147': { min: 100, max: 500 },
    '148': { min: 100, max: 500 },
    '149': { min: 100, max: 500 }
  }
} loading=false ref="VTU_COMPONENT" > 
  at <VTUROOT>
[Vue warn]: Failed to resolve directive: tooltip 
  at <ItemFilters filters= {
  item_class: [
     1,  2,  3,  4,  5,  6,  7,
     8,  9, 10, 11, 12, 13, 14,
    15, 16, 17, 18, 19, 20
  ],
  stat_requirements: {
    '100': { min: 100, max: 500 },
    '101': { min: 100, max: 500 },
    '102': { min: 100, max: 500 },
    '103': { min: 100, max: 500 },
    '104': { min: 100, max: 500 },
    '105': { min: 100, max: 500 },
    '106': { min: 100, max: 500 },
    '107': { min: 100, max: 500 },
    '108': { min: 100, max: 500 },
    '109': { min: 100, max: 500 },
    '110': { min: 100, max: 500 },
    '111': { min: 100, max: 500 },
    '112': { min: 100, max: 500 },
    '113': { min: 100, max: 500 },
    '114': { min: 100, max: 500 },
    '115': { min: 100, max: 500 },
    '116': { min: 100, max: 500 },
    '117': { min: 100, max: 500 },
    '118': { min: 100, max: 500 },
    '119': { min: 100, max: 500 },
    '120': { min: 100, max: 500 },
    '121': { min: 100, max: 500 },
    '122': { min: 100, max: 500 },
    '123': { min: 100, max: 500 },
    '124': { min: 100, max: 500 },
    '125': { min: 100, max: 500 },
    '126': { min: 100, max: 500 },
    '127': { min: 100, max: 500 },
    '128': { min: 100, max: 500 },
    '129': { min: 100, max: 500 },
    '130': { min: 100, max: 500 },
    '131': { min: 100, max: 500 },
    '132': { min: 100, max: 500 },
    '133': { min: 100, max: 500 },
    '134': { min: 100, max: 500 },
    '135': { min: 100, max: 500 },
    '136': { min: 100, max: 500 },
    '137': { min: 100, max: 500 },
    '138': { min: 100, max: 500 },
    '139': { min: 100, max: 500 },
    '140': { min: 100, max: 500 },
    '141': { min: 100, max: 500 },
    '142': { min: 100, max: 500 },
    '143': { min: 100, max: 500 },
    '144': { min: 100, max: 500 },
    '145': { min: 100, max: 500 },
    '146': { min: 100, max: 500 },
    '147': { min: 100, max: 500 },
    '148': { min: 100, max: 500 },
    '149': { min: 100, max: 500 }
  }
} loading=false ref="VTU_COMPONENT" > 
  at <VTUROOT>
[Vue warn]: Failed setting prop "size" on <input>: value small is invalid. DOMException {} 
  at <InputText modelValue="" onUpdate:modelValue=fn placeholder="Preset name..."  ... > 
  at <ItemFilters filters= {
  item_class: [
     1,  2,  3,  4,  5,  6,  7,
     8,  9, 10, 11, 12, 13, 14,
    15, 16, 17, 18, 19, 20
  ],
  stat_requirements: {
    '100': { min: 100, max: 500 },
    '101': { min: 100, max: 500 },
    '102': { min: 100, max: 500 },
    '103': { min: 100, max: 500 },
    '104': { min: 100, max: 500 },
    '105': { min: 100, max: 500 },
    '106': { min: 100, max: 500 },
    '107': { min: 100, max: 500 },
    '108': { min: 100, max: 500 },
    '109': { min: 100, max: 500 },
    '110': { min: 100, max: 500 },
    '111': { min: 100, max: 500 },
    '112': { min: 100, max: 500 },
    '113': { min: 100, max: 500 },
    '114': { min: 100, max: 500 },
    '115': { min: 100, max: 500 },
    '116': { min: 100, max: 500 },
    '117': { min: 100, max: 500 },
    '118': { min: 100, max: 500 },
    '119': { min: 100, max: 500 },
    '120': { min: 100, max: 500 },
    '121': { min: 100, max: 500 },
    '122': { min: 100, max: 500 },
    '123': { min: 100, max: 500 },
    '124': { min: 100, max: 500 },
    '125': { min: 100, max: 500 },
    '126': { min: 100, max: 500 },
    '127': { min: 100, max: 500 },
    '128': { min: 100, max: 500 },
    '129': { min: 100, max: 500 },
    '130': { min: 100, max: 500 },
    '131': { min: 100, max: 500 },
    '132': { min: 100, max: 500 },
    '133': { min: 100, max: 500 },
    '134': { min: 100, max: 500 },
    '135': { min: 100, max: 500 },
    '136': { min: 100, max: 500 },
    '137': { min: 100, max: 500 },
    '138': { min: 100, max: 500 },
    '139': { min: 100, max: 500 },
    '140': { min: 100, max: 500 },
    '141': { min: 100, max: 500 },
    '142': { min: 100, max: 500 },
    '143': { min: 100, max: 500 },
    '144': { min: 100, max: 500 },
    '145': { min: 100, max: 500 },
    '146': { min: 100, max: 500 },
    '147': { min: 100, max: 500 },
    '148': { min: 100, max: 500 },
    '149': { min: 100, max: 500 }
  }
} loading=false ref="VTU_COMPONENT" > 
  at <VTUROOT>

stderr | src/__tests__/components/ItemFilters.test.ts > ItemFilters > Performance and Responsiveness > should show loading state
[Vue warn]: Failed to resolve component: Checkbox
If this is a native custom element, make sure to exclude it from component resolution via compilerOptions.isCustomElement. 
  at <ItemFilters filters= {} loading=true ref="VTU_COMPONENT" > 
  at <VTUROOT>
[Vue warn]: Failed to resolve component: AccordionTab
If this is a native custom element, make sure to exclude it from component resolution via compilerOptions.isCustomElement. 
  at <ItemFilters filters= {} loading=true ref="VTU_COMPONENT" > 
  at <VTUROOT>
[Vue warn]: Failed to resolve component: Slider
If this is a native custom element, make sure to exclude it from component resolution via compilerOptions.isCustomElement. 
  at <ItemFilters filters= {} loading=true ref="VTU_COMPONENT" > 
  at <VTUROOT>
[Vue warn]: Failed to resolve component: InputNumber
If this is a native custom element, make sure to exclude it from component resolution via compilerOptions.isCustomElement. 
  at <ItemFilters filters= {} loading=true ref="VTU_COMPONENT" > 
  at <VTUROOT>
[Vue warn]: Failed to resolve component: TriStateCheckbox
If this is a native custom element, make sure to exclude it from component resolution via compilerOptions.isCustomElement. 
  at <ItemFilters filters= {} loading=true ref="VTU_COMPONENT" > 
  at <VTUROOT>
[Vue warn]: Failed to resolve component: Accordion
If this is a native custom element, make sure to exclude it from component resolution via compilerOptions.isCustomElement. 
  at <ItemFilters filters= {} loading=true ref="VTU_COMPONENT" > 
  at <VTUROOT>
[Vue warn]: Failed to resolve directive: tooltip 
  at <ItemFilters filters= {} loading=true ref="VTU_COMPONENT" > 
  at <VTUROOT>

stderr | src/__tests__/components/ItemFilters.test.ts > ItemFilters > Accessibility > should have proper labels for form elements
[Vue warn]: Failed to resolve component: Checkbox
If this is a native custom element, make sure to exclude it from component resolution via compilerOptions.isCustomElement. 
  at <ItemFilters filters= {} loading=false ref="VTU_COMPONENT" > 
  at <VTUROOT>
[Vue warn]: Failed to resolve component: AccordionTab
If this is a native custom element, make sure to exclude it from component resolution via compilerOptions.isCustomElement. 
  at <ItemFilters filters= {} loading=false ref="VTU_COMPONENT" > 
  at <VTUROOT>
[Vue warn]: Failed to resolve component: Slider
If this is a native custom element, make sure to exclude it from component resolution via compilerOptions.isCustomElement. 
  at <ItemFilters filters= {} loading=false ref="VTU_COMPONENT" > 
  at <VTUROOT>
[Vue warn]: Failed to resolve component: InputNumber
If this is a native custom element, make sure to exclude it from component resolution via compilerOptions.isCustomElement. 
  at <ItemFilters filters= {} loading=false ref="VTU_COMPONENT" > 
  at <VTUROOT>
[Vue warn]: Failed to resolve component: TriStateCheckbox
If this is a native custom element, make sure to exclude it from component resolution via compilerOptions.isCustomElement. 
  at <ItemFilters filters= {} loading=false ref="VTU_COMPONENT" > 
  at <VTUROOT>
[Vue warn]: Failed to resolve component: Accordion
If this is a native custom element, make sure to exclude it from component resolution via compilerOptions.isCustomElement. 
  at <ItemFilters filters= {} loading=false ref="VTU_COMPONENT" > 
  at <VTUROOT>
[Vue warn]: Failed to resolve directive: tooltip 
  at <ItemFilters filters= {} loading=false ref="VTU_COMPONENT" > 
  at <VTUROOT>

stderr | src/__tests__/components/ItemFilters.test.ts > ItemFilters > Accessibility > should have ARIA attributes on filter sections
[Vue warn]: Failed to resolve component: Checkbox
If this is a native custom element, make sure to exclude it from component resolution via compilerOptions.isCustomElement. 
  at <ItemFilters filters= {} loading=false ref="VTU_COMPONENT" > 
  at <VTUROOT>
[Vue warn]: Failed to resolve component: AccordionTab
If this is a native custom element, make sure to exclude it from component resolution via compilerOptions.isCustomElement. 
  at <ItemFilters filters= {} loading=false ref="VTU_COMPONENT" > 
  at <VTUROOT>
[Vue warn]: Failed to resolve component: Slider
If this is a native custom element, make sure to exclude it from component resolution via compilerOptions.isCustomElement. 
  at <ItemFilters filters= {} loading=false ref="VTU_COMPONENT" > 
  at <VTUROOT>
[Vue warn]: Failed to resolve component: InputNumber
If this is a native custom element, make sure to exclude it from component resolution via compilerOptions.isCustomElement. 
  at <ItemFilters filters= {} loading=false ref="VTU_COMPONENT" > 
  at <VTUROOT>
[Vue warn]: Failed to resolve component: TriStateCheckbox
If this is a native custom element, make sure to exclude it from component resolution via compilerOptions.isCustomElement. 
  at <ItemFilters filters= {} loading=false ref="VTU_COMPONENT" > 
  at <VTUROOT>
[Vue warn]: Failed to resolve component: Accordion
If this is a native custom element, make sure to exclude it from component resolution via compilerOptions.isCustomElement. 
  at <ItemFilters filters= {} loading=false ref="VTU_COMPONENT" > 
  at <VTUROOT>
[Vue warn]: Failed to resolve directive: tooltip 
  at <ItemFilters filters= {} loading=false ref="VTU_COMPONENT" > 
  at <VTUROOT>

stderr | src/__tests__/components/ItemFilters.test.ts > ItemFilters > Accessibility > should be keyboard navigable
[Vue warn]: Failed to resolve component: Checkbox
If this is a native custom element, make sure to exclude it from component resolution via compilerOptions.isCustomElement. 
  at <ItemFilters filters= {} loading=false ref="VTU_COMPONENT" > 
  at <VTUROOT>
[Vue warn]: Failed to resolve component: AccordionTab
If this is a native custom element, make sure to exclude it from component resolution via compilerOptions.isCustomElement. 
  at <ItemFilters filters= {} loading=false ref="VTU_COMPONENT" > 
  at <VTUROOT>
[Vue warn]: Failed to resolve component: Slider
If this is a native custom element, make sure to exclude it from component resolution via compilerOptions.isCustomElement. 
  at <ItemFilters filters= {} loading=false ref="VTU_COMPONENT" > 
  at <VTUROOT>
[Vue warn]: Failed to resolve component: InputNumber
If this is a native custom element, make sure to exclude it from component resolution via compilerOptions.isCustomElement. 
  at <ItemFilters filters= {} loading=false ref="VTU_COMPONENT" > 
  at <VTUROOT>
[Vue warn]: Failed to resolve component: TriStateCheckbox
If this is a native custom element, make sure to exclude it from component resolution via compilerOptions.isCustomElement. 
  at <ItemFilters filters= {} loading=false ref="VTU_COMPONENT" > 
  at <VTUROOT>
[Vue warn]: Failed to resolve component: Accordion
If this is a native custom element, make sure to exclude it from component resolution via compilerOptions.isCustomElement. 
  at <ItemFilters filters= {} loading=false ref="VTU_COMPONENT" > 
  at <VTUROOT>
[Vue warn]: Failed to resolve directive: tooltip 
  at <ItemFilters filters= {} loading=false ref="VTU_COMPONENT" > 
  at <VTUROOT>

stderr | src/__tests__/components/ItemFilters.test.ts > ItemFilters > Error Handling > should handle invalid filter values gracefully
[Vue warn]: Failed to resolve component: Checkbox
If this is a native custom element, make sure to exclude it from component resolution via compilerOptions.isCustomElement. 
  at <ItemFilters filters= { min_ql: 'invalid' } loading=false ref="VTU_COMPONENT" > 
  at <VTUROOT>
[Vue warn]: Failed to resolve component: AccordionTab
If this is a native custom element, make sure to exclude it from component resolution via compilerOptions.isCustomElement. 
  at <ItemFilters filters= { min_ql: 'invalid' } loading=false ref="VTU_COMPONENT" > 
  at <VTUROOT>
[Vue warn]: Failed to resolve component: Slider
If this is a native custom element, make sure to exclude it from component resolution via compilerOptions.isCustomElement. 
  at <ItemFilters filters= { min_ql: 'invalid' } loading=false ref="VTU_COMPONENT" > 
  at <VTUROOT>
[Vue warn]: Failed to resolve component: InputNumber
If this is a native custom element, make sure to exclude it from component resolution via compilerOptions.isCustomElement. 
  at <ItemFilters filters= { min_ql: 'invalid' } loading=false ref="VTU_COMPONENT" > 
  at <VTUROOT>
[Vue warn]: Failed to resolve component: TriStateCheckbox
If this is a native custom element, make sure to exclude it from component resolution via compilerOptions.isCustomElement. 
  at <ItemFilters filters= { min_ql: 'invalid' } loading=false ref="VTU_COMPONENT" > 
  at <VTUROOT>
[Vue warn]: Failed to resolve component: Accordion
If this is a native custom element, make sure to exclude it from component resolution via compilerOptions.isCustomElement. 
  at <ItemFilters filters= { min_ql: 'invalid' } loading=false ref="VTU_COMPONENT" > 
  at <VTUROOT>
[Vue warn]: Failed to resolve directive: tooltip 
  at <ItemFilters filters= { min_ql: 'invalid' } loading=false ref="VTU_COMPONENT" > 
  at <VTUROOT>
[Vue warn]: Failed setting prop "size" on <input>: value small is invalid. DOMException {} 
  at <InputText modelValue="" onUpdate:modelValue=fn placeholder="Preset name..."  ... > 
  at <ItemFilters filters= { min_ql: 'invalid' } loading=false ref="VTU_COMPONENT" > 
  at <VTUROOT>

stderr | src/__tests__/components/ItemFilters.test.ts > ItemFilters > Error Handling > should validate filter ranges
[Vue warn]: Failed to resolve component: Checkbox
If this is a native custom element, make sure to exclude it from component resolution via compilerOptions.isCustomElement. 
  at <ItemFilters filters= {} loading=false ref="VTU_COMPONENT" > 
  at <VTUROOT>
[Vue warn]: Failed to resolve component: AccordionTab
If this is a native custom element, make sure to exclude it from component resolution via compilerOptions.isCustomElement. 
  at <ItemFilters filters= {} loading=false ref="VTU_COMPONENT" > 
  at <VTUROOT>
[Vue warn]: Failed to resolve component: Slider
If this is a native custom element, make sure to exclude it from component resolution via compilerOptions.isCustomElement. 
  at <ItemFilters filters= {} loading=false ref="VTU_COMPONENT" > 
  at <VTUROOT>
[Vue warn]: Failed to resolve component: InputNumber
If this is a native custom element, make sure to exclude it from component resolution via compilerOptions.isCustomElement. 
  at <ItemFilters filters= {} loading=false ref="VTU_COMPONENT" > 
  at <VTUROOT>
[Vue warn]: Failed to resolve component: TriStateCheckbox
If this is a native custom element, make sure to exclude it from component resolution via compilerOptions.isCustomElement. 
  at <ItemFilters filters= {} loading=false ref="VTU_COMPONENT" > 
  at <VTUROOT>
[Vue warn]: Failed to resolve component: Accordion
If this is a native custom element, make sure to exclude it from component resolution via compilerOptions.isCustomElement. 
  at <ItemFilters filters= {} loading=false ref="VTU_COMPONENT" > 
  at <VTUROOT>
[Vue warn]: Failed to resolve directive: tooltip 
  at <ItemFilters filters= {} loading=false ref="VTU_COMPONENT" > 
  at <VTUROOT>

stderr | src/__tests__/views/TinkerNukes.integration.test.ts > TinkerNukes Integration Tests > Data Table Functionality > provides school filtering options
[Vue Router warn]: No match found for location with path "/"
[Vue warn]: Failed to resolve directive: tooltip 
  at <NukeInputForm input-state= {
  characterStats: {
    breed: 1,
    level: 1,
    psychic: 6,
    nanoInit: 1,
    maxNano: 1,
    nanoDelta: 1,
    matterCreation: 1,
    matterMeta: 1,
    bioMeta: 1,
    psychModi: 1,
    sensoryImp: 1,
    timeSpace: 1,
    spec: 0
  },
  damageModifiers: {
    projectile: 0,
    melee: 0,
    energy: 0,
    chemical: 0,
    radiation: 0,
    cold: 0,
    nano: 0,
    fire: 0,
    poison: 0,
    directNanoDamageEfficiency: 0,
    targetAC: 0
  },
  buffPresets: {
    crunchcom: 0,
    humidity: 0,
    notumSiphon: 0,
    channeling: 0,
    enhanceNanoDamage: 0,
    ancientMatrix: 0
  }
} active-profile=null onUpdate:inputState=fn<onInputStateUpdate> > 
  at <TinkerNukes ref="VTU_COMPONENT" > 
  at <VTUROOT>
[Vue warn]: Failed to resolve directive: tooltip 
  at <DamageModifiersSection damage-modifiers= {
  projectile: 0,
  melee: 0,
  energy: 0,
  chemical: 0,
  radiation: 0,
  cold: 0,
  nano: 0,
  fire: 0,
  poison: 0,
  directNanoDamageEfficiency: 0,
  targetAC: 0
} enhance-nano-damage=0 ancient-matrix=0  ... > 
  at <AccordionTab header="Damage Modifiers" > 
  at <Transition name="p-toggleable-content" data-pc-section="accordiontab.transition" > 
  at <Accordion multiple=true active-index= [] > 
  at <NukeInputForm input-state= {
  characterStats: {
    breed: 1,
    level: 1,
    psychic: 6,
    nanoInit: 1,
    maxNano: 1,
    nanoDelta: 1,
    matterCreation: 1,
    matterMeta: 1,
    bioMeta: 1,
    psychModi: 1,
    sensoryImp: 1,
    timeSpace: 1,
    spec: 0
  },
  damageModifiers: {
    projectile: 0,
    melee: 0,
    energy: 0,
    chemical: 0,
    radiation: 0,
    cold: 0,
    nano: 0,
    fire: 0,
    poison: 0,
    directNanoDamageEfficiency: 0,
    targetAC: 0
  },
  buffPresets: {
    crunchcom: 0,
    humidity: 0,
    notumSiphon: 0,
    channeling: 0,
    enhanceNanoDamage: 0,
    ancientMatrix: 0
  }
} active-profile=null onUpdate:inputState=fn<onInputStateUpdate> > 
  at <TinkerNukes ref="VTU_COMPONENT" > 
  at <VTUROOT>

 ❯ src/__tests__/components/ItemFilters.test.ts  (26 tests | 17 failed) 332ms
   × ItemFilters > Component Mounting > should display accordion sections
     → expected false to be true // Object.is equality
   × ItemFilters > Component Mounting > should show profile-aware options when profile is provided
     → expected 'Filters Nano ProgramsWeapons Item Cla…' to contain 'Stat Requirements'
   × ItemFilters > Item Type Filters > should emit filter change when item classes are selected
     → Cannot call setValue on an empty DOMWrapper.
   × ItemFilters > Item Type Filters > should display available item class options
     → expected false to be true // Object.is equality
   × ItemFilters > Item Type Filters > should handle nano filter toggle
     → Cannot call setChecked on an empty DOMWrapper.
   × ItemFilters > Quality Level Filters > should emit filter change when QL range is updated
     → Cannot call setValue on an empty DOMWrapper.
   × ItemFilters > Quality Level Filters > should show current QL range values
     → expected 'Filters Nano ProgramsWeapons Item Cla…' to contain '100'
   × ItemFilters > Quality Level Filters > should allow manual QL input
     → expected 0 to be greater than 0
   × ItemFilters > Stat Requirement Filters > should emit filter change when stat requirements are set
     → Cannot call setValue on an empty DOMWrapper.
   × ItemFilters > Stat Requirement Filters > should not show stat filters when no profile
     → expected 'Filters Nano ProgramsWeapons Item Cla…' not to contain 'Intelligence'
   × ItemFilters > Filter Presets > should emit preset selection
     → 'button:contains(,,Weapons,' is not a valid selector
   × ItemFilters > Filter Presets > should allow saving custom presets
     → 'button:contains(,,Save,' is not a valid selector
   × ItemFilters > Clear and Reset > should emit clear filters event
     → 'button:contains(,,Clear,' is not a valid selector
   × ItemFilters > LocalStorage Integration > should save filter presets to localStorage
     → expected "spy" to be called with arguments: [ 'tinkerItems.filterPresets', …(1) ]

Received: 



Number of calls: 0

   × ItemFilters > Performance and Responsiveness > should show loading state
     → expected undefined not to be undefined
   × ItemFilters > Accessibility > should have ARIA attributes on filter sections
     → expected false to be true // Object.is equality
   × ItemFilters > Error Handling > should validate filter ranges
     → wrapper.vm.updateFilters is not a function
stderr | src/__tests__/views/TinkerNukes.integration.test.ts > TinkerNukes Integration Tests > Data Table Functionality > provides school filtering options
[Vue warn]: Failed to resolve directive: tooltip 
  at <NukeInputForm input-state= {
  characterStats: {
    breed: 1,
    level: 1,
    psychic: 6,
    nanoInit: 1,
    maxNano: 1,
    nanoDelta: 1,
    matterCreation: 1,
    matterMeta: 1,
    bioMeta: 1,
    psychModi: 1,
    sensoryImp: 1,
    timeSpace: 1,
    spec: 0
  },
  damageModifiers: {
    projectile: 0,
    melee: 0,
    energy: 0,
    chemical: 0,
    radiation: 0,
    cold: 0,
    nano: 0,
    fire: 0,
    poison: 0,
    directNanoDamageEfficiency: 0,
    targetAC: 0
  },
  buffPresets: {
    crunchcom: 0,
    humidity: 0,
    notumSiphon: 0,
    channeling: 0,
    enhanceNanoDamage: 0,
    ancientMatrix: 0
  }
} active-profile=null onUpdate:inputState=fn<onInputStateUpdate> > 
  at <TinkerNukes ref="VTU_COMPONENT" > 
  at <VTUROOT>

stderr | src/__tests__/components/ItemSearch.test.ts > ItemSearch > Search Suggestions > should hide suggestions on blur
[Vue warn]: Failed to resolve component: Checkbox
If this is a native custom element, make sure to exclude it from component resolution via compilerOptions.isCustomElement. 
  at <ItemSearch query="impl" loading=false ref="VTU_COMPONENT" > 
  at <VTUROOT>
[Vue warn]: Failed to resolve directive: tooltip 
  at <ItemSearch query="impl" loading=false ref="VTU_COMPONENT" > 
  at <VTUROOT>

 ❯ src/__tests__/components/AdvancedItemSearch.test.ts  (25 tests | 25 failed) 15ms
   × AdvancedItemSearch > Component Mounting > should mount without errors
     → mount is not defined
   × AdvancedItemSearch > Component Mounting > should display the advanced search header
     → mount is not defined
   × AdvancedItemSearch > Component Mounting > should show search and clear buttons
     → mount is not defined
   × AdvancedItemSearch > Button States > should initially disable search and clear buttons
     → mount is not defined
   × AdvancedItemSearch > Button States > should show loading state on search button
     → mount is not defined
   × AdvancedItemSearch > Form Sections > should show all major form sections
     → mount is not defined
   × AdvancedItemSearch > Form Sections > should have search input field
     → mount is not defined
   × AdvancedItemSearch > Form Sections > should have quality level inputs
     → mount is not defined
   × AdvancedItemSearch > Form Sections > should have dropdown selections
     → mount is not defined
   × AdvancedItemSearch > Checkboxes > should show special filter checkboxes
     → mount is not defined
   × AdvancedItemSearch > Checkboxes > should show stat bonus checkboxes
     → mount is not defined
   × AdvancedItemSearch > Checkboxes > should handle checkbox interactions
     → mount is not defined
   × AdvancedItemSearch > Quick QL Buttons > should show quick QL range buttons
     → mount is not defined
   × AdvancedItemSearch > Quick QL Buttons > should set QL range when quick button is clicked
     → mount is not defined
   × AdvancedItemSearch > Search Operations > should emit search event when search button is clicked with criteria
     → mount is not defined
   × AdvancedItemSearch > Search Operations > should emit clear event when clear button is clicked
     → mount is not defined
   × AdvancedItemSearch > Search Operations > should build search query with multiple criteria
     → mount is not defined
   × AdvancedItemSearch > Dynamic Slot Selection > should update available slots when item class changes
     → mount is not defined
   × AdvancedItemSearch > Form Validation > should properly validate search criteria presence
     → mount is not defined
   × AdvancedItemSearch > Form Validation > should enable buttons when search criteria is present
     → mount is not defined
   × AdvancedItemSearch > Result Display > should show result count when results are available
     → mount is not defined
   × AdvancedItemSearch > Result Display > should show save search button when criteria and results exist
     → mount is not defined
   × AdvancedItemSearch > Accessibility > should have proper heading structure
     → mount is not defined
   × AdvancedItemSearch > Accessibility > should have labels for form inputs
     → mount is not defined
   × AdvancedItemSearch > Accessibility > should associate checkboxes with labels
     → mount is not defined
stderr | src/__tests__/components/ItemSearch.test.ts > ItemSearch > Search History > should load recent searches from localStorage
[Vue warn]: Failed to resolve component: Checkbox
If this is a native custom element, make sure to exclude it from component resolution via compilerOptions.isCustomElement. 
  at <ItemSearch query="" loading=false ref="VTU_COMPONENT" > 
  at <VTUROOT>
[Vue warn]: Failed to resolve directive: tooltip 
  at <ItemSearch query="" loading=false ref="VTU_COMPONENT" > 
  at <VTUROOT>

stderr | src/__tests__/components/ItemSearch.test.ts > ItemSearch > Search History > should save search to history when performing search
[Vue warn]: Failed to resolve component: Checkbox
If this is a native custom element, make sure to exclude it from component resolution via compilerOptions.isCustomElement. 
  at <ItemSearch query="new search" loading=false ref="VTU_COMPONENT" > 
  at <VTUROOT>
[Vue warn]: Failed to resolve directive: tooltip 
  at <ItemSearch query="new search" loading=false ref="VTU_COMPONENT" > 
  at <VTUROOT>
[Vue warn]: Failed to resolve component: Checkbox
If this is a native custom element, make sure to exclude it from component resolution via compilerOptions.isCustomElement. 
  at <ItemSearch query="new search" loading=false ref="VTU_COMPONENT" > 
  at <VTUROOT>
[Vue warn]: Failed to resolve directive: tooltip 
  at <ItemSearch query="new search" loading=false ref="VTU_COMPONENT" > 
  at <VTUROOT>

stderr | src/__tests__/components/ItemSearch.test.ts > ItemSearch > Quick Filters > should show quick filter buttons
[Vue warn]: Failed to resolve component: Checkbox
If this is a native custom element, make sure to exclude it from component resolution via compilerOptions.isCustomElement. 
  at <ItemSearch query="" loading=false ref="VTU_COMPONENT" > 
  at <VTUROOT>
[Vue warn]: Failed to resolve directive: tooltip 
  at <ItemSearch query="" loading=false ref="VTU_COMPONENT" > 
  at <VTUROOT>
[Vue warn]: Failed to resolve component: Checkbox
If this is a native custom element, make sure to exclude it from component resolution via compilerOptions.isCustomElement. 
  at <ItemSearch query="" loading=false ref="VTU_COMPONENT" > 
  at <VTUROOT>
[Vue warn]: Failed to resolve directive: tooltip 
  at <ItemSearch query="" loading=false ref="VTU_COMPONENT" > 
  at <VTUROOT>

stderr | src/__tests__/components/ItemSearch.test.ts > ItemSearch > Quick Filters > should emit search with filter when quick filter is clicked
[Vue warn]: Failed to resolve component: Checkbox
If this is a native custom element, make sure to exclude it from component resolution via compilerOptions.isCustomElement. 
  at <ItemSearch query="" loading=false ref="VTU_COMPONENT" > 
  at <VTUROOT>
[Vue warn]: Failed to resolve directive: tooltip 
  at <ItemSearch query="" loading=false ref="VTU_COMPONENT" > 
  at <VTUROOT>
[Vue warn]: Failed to resolve component: Checkbox
If this is a native custom element, make sure to exclude it from component resolution via compilerOptions.isCustomElement. 
  at <ItemSearch query="" loading=false ref="VTU_COMPONENT" > 
  at <VTUROOT>
[Vue warn]: Failed to resolve directive: tooltip 
  at <ItemSearch query="" loading=false ref="VTU_COMPONENT" > 
  at <VTUROOT>

stderr | src/__tests__/components/ItemSearch.test.ts > ItemSearch > Character Integration > should show compatible items only option when profile is provided
[Vue warn]: Failed to resolve component: Checkbox
If this is a native custom element, make sure to exclude it from component resolution via compilerOptions.isCustomElement. 
  at <ItemSearch query="" loading=false profile= {
  id: 'test-profile-1760307489439-7sembqqci',
  version: '4.0.0',
  created: '2025-10-12T22:18:09.439Z',
  updated: '2025-10-12T22:18:09.439Z',
  Character: {
    Name: 'Test Character',
    Level: 200,
    Profession: 3,
    Breed: 1,
    Faction: 'Neutral',
    Expansion: 'All',
    AccountType: 'Paid',
    MaxHealth: 1000,
    MaxNano: 1000,
    AlienLevel: 0,
    Specialization: 0
  },
  skills: {
    '16': {
      base: 6,
      trickle: 0,
      ipSpent: 0,
      pointsFromIp: 494,
      equipmentBonus: 0,
      perkBonus: 0,
      buffBonus: 0,
      total: 500
    },
    '17': {
      base: 6,
      trickle: 0,
      ipSpent: 0,
      pointsFromIp: 394,
      equipmentBonus: 0,
      perkBonus: 0,
      buffBonus: 0,
      total: 400
    },
    '18': {
      base: 6,
      trickle: 0,
      ipSpent: 0,
      pointsFromIp: 344,
      equipmentBonus: 0,
      perkBonus: 0,
      buffBonus: 0,
      total: 350
    },
    '19': {
      base: 6,
      trickle: 0,
      ipSpent: 0,
      pointsFromIp: 594,
      equipmentBonus: 0,
      perkBonus: 0,
      buffBonus: 0,
      total: 600
    },
    '20': {
      base: 6,
      trickle: 0,
      ipSpent: 0,
      pointsFromIp: 394,
      equipmentBonus: 0,
      perkBonus: 0,
      buffBonus: 0,
      total: 400
    },
    '21': {
      base: 6,
      trickle: 0,
      ipSpent: 0,
      pointsFromIp: 294,
      equipmentBonus: 0,
      perkBonus: 0,
      buffBonus: 0,
      total: 300
    }
  },
  Weapons: {},
  Clothing: {},
  Implants: {},
  PerksAndResearch: {
    perks: [],
    standardPerkPoints: { total: 0, spent: 0, available: 0 },
    aiPerkPoints: { total: 0, spent: 0, available: 0 },
    research: [],
    lastCalculated: '2025-10-12T22:18:09.439Z'
  },
  buffs: []
}  ... > 
  at <VTUROOT>
[Vue warn]: Failed to resolve directive: tooltip 
  at <ItemSearch query="" loading=false profile= {
  id: 'test-profile-1760307489439-7sembqqci',
  version: '4.0.0',
  created: '2025-10-12T22:18:09.439Z',
  updated: '2025-10-12T22:18:09.439Z',
  Character: {
    Name: 'Test Character',
    Level: 200,
    Profession: 3,
    Breed: 1,
    Faction: 'Neutral',
    Expansion: 'All',
    AccountType: 'Paid',
    MaxHealth: 1000,
    MaxNano: 1000,
    AlienLevel: 0,
    Specialization: 0
  },
  skills: {
    '16': {
      base: 6,
      trickle: 0,
      ipSpent: 0,
      pointsFromIp: 494,
      equipmentBonus: 0,
      perkBonus: 0,
      buffBonus: 0,
      total: 500
    },
    '17': {
      base: 6,
      trickle: 0,
      ipSpent: 0,
      pointsFromIp: 394,
      equipmentBonus: 0,
      perkBonus: 0,
      buffBonus: 0,
      total: 400
    },
    '18': {
      base: 6,
      trickle: 0,
      ipSpent: 0,
      pointsFromIp: 344,
      equipmentBonus: 0,
      perkBonus: 0,
      buffBonus: 0,
      total: 350
    },
    '19': {
      base: 6,
      trickle: 0,
      ipSpent: 0,
      pointsFromIp: 594,
      equipmentBonus: 0,
      perkBonus: 0,
      buffBonus: 0,
      total: 600
    },
    '20': {
      base: 6,
      trickle: 0,
      ipSpent: 0,
      pointsFromIp: 394,
      equipmentBonus: 0,
      perkBonus: 0,
      buffBonus: 0,
      total: 400
    },
    '21': {
      base: 6,
      trickle: 0,
      ipSpent: 0,
      pointsFromIp: 294,
      equipmentBonus: 0,
      perkBonus: 0,
      buffBonus: 0,
      total: 300
    }
  },
  Weapons: {},
  Clothing: {},
  Implants: {},
  PerksAndResearch: {
    perks: [],
    standardPerkPoints: { total: 0, spent: 0, available: 0 },
    aiPerkPoints: { total: 0, spent: 0, available: 0 },
    research: [],
    lastCalculated: '2025-10-12T22:18:09.439Z'
  },
  buffs: []
}  ... > 
  at <VTUROOT>

stderr | src/__tests__/components/ItemSearch.test.ts > ItemSearch > Character Integration > should not show compatible items option when no profile
[Vue warn]: Failed to resolve component: Checkbox
If this is a native custom element, make sure to exclude it from component resolution via compilerOptions.isCustomElement. 
  at <ItemSearch query="" loading=false profile=null  ... > 
  at <VTUROOT>
[Vue warn]: Failed to resolve directive: tooltip 
  at <ItemSearch query="" loading=false profile=null  ... > 
  at <VTUROOT>

stderr | src/__tests__/components/ItemSearch.test.ts > ItemSearch > Search Stats > should display search statistics when search has been performed
[Vue warn]: Failed to resolve component: Checkbox
If this is a native custom element, make sure to exclude it from component resolution via compilerOptions.isCustomElement. 
  at <ItemSearch query="test" loading=false ref="VTU_COMPONENT" > 
  at <VTUROOT>
[Vue warn]: Failed to resolve directive: tooltip 
  at <ItemSearch query="test" loading=false ref="VTU_COMPONENT" > 
  at <VTUROOT>

stderr | src/__tests__/components/ItemSearch.test.ts > ItemSearch > Search Stats > should show save search button when search can be saved
[Vue warn]: Failed to resolve component: Checkbox
If this is a native custom element, make sure to exclude it from component resolution via compilerOptions.isCustomElement. 
  at <ItemSearch query="saveable query" loading=false ref="VTU_COMPONENT" > 
  at <VTUROOT>
[Vue warn]: Failed to resolve directive: tooltip 
  at <ItemSearch query="saveable query" loading=false ref="VTU_COMPONENT" > 
  at <VTUROOT>

stderr | src/__tests__/components/ItemSearch.test.ts > ItemSearch > Accessibility > should have proper labels for form elements
[Vue warn]: Failed to resolve component: Checkbox
If this is a native custom element, make sure to exclude it from component resolution via compilerOptions.isCustomElement. 
  at <ItemSearch query="" loading=false ref="VTU_COMPONENT" > 
  at <VTUROOT>
[Vue warn]: Failed to resolve directive: tooltip 
  at <ItemSearch query="" loading=false ref="VTU_COMPONENT" > 
  at <VTUROOT>

stderr | src/__tests__/components/ItemSearch.test.ts > ItemSearch > Accessibility > should have proper ARIA attributes
[Vue warn]: Failed to resolve component: Checkbox
If this is a native custom element, make sure to exclude it from component resolution via compilerOptions.isCustomElement. 
  at <ItemSearch query="" loading=false ref="VTU_COMPONENT" > 
  at <VTUROOT>
[Vue warn]: Failed to resolve directive: tooltip 
  at <ItemSearch query="" loading=false ref="VTU_COMPONENT" > 
  at <VTUROOT>

stderr | src/__tests__/components/ItemSearch.test.ts > ItemSearch > Error Handling > should show error state when there is an error
[Vue warn]: Failed to resolve component: Checkbox
If this is a native custom element, make sure to exclude it from component resolution via compilerOptions.isCustomElement. 
  at <ItemSearch query="" loading=false ref="VTU_COMPONENT" > 
  at <VTUROOT>
[Vue warn]: Failed to resolve directive: tooltip 
  at <ItemSearch query="" loading=false ref="VTU_COMPONENT" > 
  at <VTUROOT>
[Vue warn] Write operation failed: computed value is readonly

 ❯ src/__tests__/components/ItemSearch.test.ts  (22 tests | 13 failed) 423ms
   × ItemSearch > Search Input > should emit search event when search button is clicked
     → Cannot call trigger on an empty DOMWrapper.
   × ItemSearch > Search Input > should emit clear event when clear button is clicked
     → Cannot call trigger on an empty DOMWrapper.
   × ItemSearch > Advanced Search > should toggle advanced search section
     → 'button:contains(,,Advanced Search,' is not a valid selector
   × ItemSearch > Advanced Search > should show profile context when profile is provided
     → expected false to be true // Object.is equality
   × ItemSearch > Search Suggestions > should show suggestions dropdown on focus
     → expected false to be true // Object.is equality
   × ItemSearch > Quick Filters > should show quick filter buttons
     → expected 0 to be greater than 0
   × ItemSearch > Quick Filters > should emit search with filter when quick filter is clicked
     → 'button:contains(,,Weapons,' is not a valid selector
   × ItemSearch > Character Integration > should show compatible items only option when profile is provided
     → expected false to be true // Object.is equality
   × ItemSearch > Search Stats > should display search statistics when search has been performed
     → Cannot add property hasSearched, object is not extensible
   × ItemSearch > Search Stats > should show save search button when search can be saved
     → Cannot add property hasSearched, object is not extensible
   × ItemSearch > Accessibility > should have proper labels for form elements
     → expected false to be true // Object.is equality
   × ItemSearch > Accessibility > should have proper ARIA attributes
     → expected undefined not to be undefined
   × ItemSearch > Error Handling > should show error state when there is an error
     → expected [ 'p-inputtext', 'w-full', 'pr-20' ] to include 'border-red-500'
stderr | src/__tests__/views/TinkerNukes.integration.test.ts > TinkerNukes Integration Tests > Data Table Functionality > filters by selected school
[Vue Router warn]: No match found for location with path "/"
[Vue warn]: Failed to resolve directive: tooltip 
  at <NukeInputForm input-state= {
  characterStats: {
    breed: 1,
    level: 1,
    psychic: 6,
    nanoInit: 1,
    maxNano: 1,
    nanoDelta: 1,
    matterCreation: 1,
    matterMeta: 1,
    bioMeta: 1,
    psychModi: 1,
    sensoryImp: 1,
    timeSpace: 1,
    spec: 0
  },
  damageModifiers: {
    projectile: 0,
    melee: 0,
    energy: 0,
    chemical: 0,
    radiation: 0,
    cold: 0,
    nano: 0,
    fire: 0,
    poison: 0,
    directNanoDamageEfficiency: 0,
    targetAC: 0
  },
  buffPresets: {
    crunchcom: 0,
    humidity: 0,
    notumSiphon: 0,
    channeling: 0,
    enhanceNanoDamage: 0,
    ancientMatrix: 0
  }
} active-profile=null onUpdate:inputState=fn<onInputStateUpdate> > 
  at <TinkerNukes ref="VTU_COMPONENT" > 
  at <VTUROOT>
[Vue warn]: Failed to resolve directive: tooltip 
  at <DamageModifiersSection damage-modifiers= {
  projectile: 0,
  melee: 0,
  energy: 0,
  chemical: 0,
  radiation: 0,
  cold: 0,
  nano: 0,
  fire: 0,
  poison: 0,
  directNanoDamageEfficiency: 0,
  targetAC: 0
} enhance-nano-damage=0 ancient-matrix=0  ... > 
  at <AccordionTab header="Damage Modifiers" > 
  at <Transition name="p-toggleable-content" data-pc-section="accordiontab.transition" > 
  at <Accordion multiple=true active-index= [] > 
  at <NukeInputForm input-state= {
  characterStats: {
    breed: 1,
    level: 1,
    psychic: 6,
    nanoInit: 1,
    maxNano: 1,
    nanoDelta: 1,
    matterCreation: 1,
    matterMeta: 1,
    bioMeta: 1,
    psychModi: 1,
    sensoryImp: 1,
    timeSpace: 1,
    spec: 0
  },
  damageModifiers: {
    projectile: 0,
    melee: 0,
    energy: 0,
    chemical: 0,
    radiation: 0,
    cold: 0,
    nano: 0,
    fire: 0,
    poison: 0,
    directNanoDamageEfficiency: 0,
    targetAC: 0
  },
  buffPresets: {
    crunchcom: 0,
    humidity: 0,
    notumSiphon: 0,
    channeling: 0,
    enhanceNanoDamage: 0,
    ancientMatrix: 0
  }
} active-profile=null onUpdate:inputState=fn<onInputStateUpdate> > 
  at <TinkerNukes ref="VTU_COMPONENT" > 
  at <VTUROOT>

stderr | src/__tests__/views/TinkerNukes.integration.test.ts > TinkerNukes Integration Tests > Data Table Functionality > filters by selected school
[Vue warn]: Failed to resolve directive: tooltip 
  at <NukeInputForm input-state= {
  characterStats: {
    breed: 1,
    level: 1,
    psychic: 6,
    nanoInit: 1,
    maxNano: 1,
    nanoDelta: 1,
    matterCreation: 1,
    matterMeta: 1,
    bioMeta: 1,
    psychModi: 1,
    sensoryImp: 1,
    timeSpace: 1,
    spec: 0
  },
  damageModifiers: {
    projectile: 0,
    melee: 0,
    energy: 0,
    chemical: 0,
    radiation: 0,
    cold: 0,
    nano: 0,
    fire: 0,
    poison: 0,
    directNanoDamageEfficiency: 0,
    targetAC: 0
  },
  buffPresets: {
    crunchcom: 0,
    humidity: 0,
    notumSiphon: 0,
    channeling: 0,
    enhanceNanoDamage: 0,
    ancientMatrix: 0
  }
} active-profile=null onUpdate:inputState=fn<onInputStateUpdate> > 
  at <TinkerNukes ref="VTU_COMPONENT" > 
  at <VTUROOT>

 ✓ src/__tests__/tinkerprofiles/misc-equipment-bonuses.test.ts  (7 tests) 6ms
stderr | src/__tests__/views/TinkerNukes.integration.test.ts > TinkerNukes Integration Tests > Utility Functions > provides correct usability indicators
[Vue Router warn]: No match found for location with path "/"
[Vue warn]: Failed to resolve directive: tooltip 
  at <NukeInputForm input-state= {
  characterStats: {
    breed: 1,
    level: 1,
    psychic: 6,
    nanoInit: 1,
    maxNano: 1,
    nanoDelta: 1,
    matterCreation: 1,
    matterMeta: 1,
    bioMeta: 1,
    psychModi: 1,
    sensoryImp: 1,
    timeSpace: 1,
    spec: 0
  },
  damageModifiers: {
    projectile: 0,
    melee: 0,
    energy: 0,
    chemical: 0,
    radiation: 0,
    cold: 0,
    nano: 0,
    fire: 0,
    poison: 0,
    directNanoDamageEfficiency: 0,
    targetAC: 0
  },
  buffPresets: {
    crunchcom: 0,
    humidity: 0,
    notumSiphon: 0,
    channeling: 0,
    enhanceNanoDamage: 0,
    ancientMatrix: 0
  }
} active-profile=null onUpdate:inputState=fn<onInputStateUpdate> > 
  at <TinkerNukes ref="VTU_COMPONENT" > 
  at <VTUROOT>
[Vue warn]: Failed to resolve directive: tooltip 
  at <DamageModifiersSection damage-modifiers= {
  projectile: 0,
  melee: 0,
  energy: 0,
  chemical: 0,
  radiation: 0,
  cold: 0,
  nano: 0,
  fire: 0,
  poison: 0,
  directNanoDamageEfficiency: 0,
  targetAC: 0
} enhance-nano-damage=0 ancient-matrix=0  ... > 
  at <AccordionTab header="Damage Modifiers" > 
  at <Transition name="p-toggleable-content" data-pc-section="accordiontab.transition" > 
  at <Accordion multiple=true active-index= [] > 
  at <NukeInputForm input-state= {
  characterStats: {
    breed: 1,
    level: 1,
    psychic: 6,
    nanoInit: 1,
    maxNano: 1,
    nanoDelta: 1,
    matterCreation: 1,
    matterMeta: 1,
    bioMeta: 1,
    psychModi: 1,
    sensoryImp: 1,
    timeSpace: 1,
    spec: 0
  },
  damageModifiers: {
    projectile: 0,
    melee: 0,
    energy: 0,
    chemical: 0,
    radiation: 0,
    cold: 0,
    nano: 0,
    fire: 0,
    poison: 0,
    directNanoDamageEfficiency: 0,
    targetAC: 0
  },
  buffPresets: {
    crunchcom: 0,
    humidity: 0,
    notumSiphon: 0,
    channeling: 0,
    enhanceNanoDamage: 0,
    ancientMatrix: 0
  }
} active-profile=null onUpdate:inputState=fn<onInputStateUpdate> > 
  at <TinkerNukes ref="VTU_COMPONENT" > 
  at <VTUROOT>

stderr | src/__tests__/views/TinkerNukes.integration.test.ts > TinkerNukes Integration Tests > Utility Functions > extracts offensive effects correctly
[Vue Router warn]: No match found for location with path "/"
[Vue warn]: Failed to resolve directive: tooltip 
  at <NukeInputForm input-state= {
  characterStats: {
    breed: 1,
    level: 1,
    psychic: 6,
    nanoInit: 1,
    maxNano: 1,
    nanoDelta: 1,
    matterCreation: 1,
    matterMeta: 1,
    bioMeta: 1,
    psychModi: 1,
    sensoryImp: 1,
    timeSpace: 1,
    spec: 0
  },
  damageModifiers: {
    projectile: 0,
    melee: 0,
    energy: 0,
    chemical: 0,
    radiation: 0,
    cold: 0,
    nano: 0,
    fire: 0,
    poison: 0,
    directNanoDamageEfficiency: 0,
    targetAC: 0
  },
  buffPresets: {
    crunchcom: 0,
    humidity: 0,
    notumSiphon: 0,
    channeling: 0,
    enhanceNanoDamage: 0,
    ancientMatrix: 0
  }
} active-profile=null onUpdate:inputState=fn<onInputStateUpdate> > 
  at <TinkerNukes ref="VTU_COMPONENT" > 
  at <VTUROOT>
[Vue warn]: Failed to resolve directive: tooltip 
  at <DamageModifiersSection damage-modifiers= {
  projectile: 0,
  melee: 0,
  energy: 0,
  chemical: 0,
  radiation: 0,
  cold: 0,
  nano: 0,
  fire: 0,
  poison: 0,
  directNanoDamageEfficiency: 0,
  targetAC: 0
} enhance-nano-damage=0 ancient-matrix=0  ... > 
  at <AccordionTab header="Damage Modifiers" > 
  at <Transition name="p-toggleable-content" data-pc-section="accordiontab.transition" > 
  at <Accordion multiple=true active-index= [] > 
  at <NukeInputForm input-state= {
  characterStats: {
    breed: 1,
    level: 1,
    psychic: 6,
    nanoInit: 1,
    maxNano: 1,
    nanoDelta: 1,
    matterCreation: 1,
    matterMeta: 1,
    bioMeta: 1,
    psychModi: 1,
    sensoryImp: 1,
    timeSpace: 1,
    spec: 0
  },
  damageModifiers: {
    projectile: 0,
    melee: 0,
    energy: 0,
    chemical: 0,
    radiation: 0,
    cold: 0,
    nano: 0,
    fire: 0,
    poison: 0,
    directNanoDamageEfficiency: 0,
    targetAC: 0
  },
  buffPresets: {
    crunchcom: 0,
    humidity: 0,
    notumSiphon: 0,
    channeling: 0,
    enhanceNanoDamage: 0,
    ancientMatrix: 0
  }
} active-profile=null onUpdate:inputState=fn<onInputStateUpdate> > 
  at <TinkerNukes ref="VTU_COMPONENT" > 
  at <VTUROOT>

stderr | src/__tests__/views/TinkerNukes.integration.test.ts > TinkerNukes Integration Tests > Utility Functions > provides skill level CSS classes
[Vue Router warn]: No match found for location with path "/"
[Vue warn]: Failed to resolve directive: tooltip 
  at <NukeInputForm input-state= {
  characterStats: {
    breed: 1,
    level: 1,
    psychic: 6,
    nanoInit: 1,
    maxNano: 1,
    nanoDelta: 1,
    matterCreation: 1,
    matterMeta: 1,
    bioMeta: 1,
    psychModi: 1,
    sensoryImp: 1,
    timeSpace: 1,
    spec: 0
  },
  damageModifiers: {
    projectile: 0,
    melee: 0,
    energy: 0,
    chemical: 0,
    radiation: 0,
    cold: 0,
    nano: 0,
    fire: 0,
    poison: 0,
    directNanoDamageEfficiency: 0,
    targetAC: 0
  },
  buffPresets: {
    crunchcom: 0,
    humidity: 0,
    notumSiphon: 0,
    channeling: 0,
    enhanceNanoDamage: 0,
    ancientMatrix: 0
  }
} active-profile=null onUpdate:inputState=fn<onInputStateUpdate> > 
  at <TinkerNukes ref="VTU_COMPONENT" > 
  at <VTUROOT>
[Vue warn]: Failed to resolve directive: tooltip 
  at <DamageModifiersSection damage-modifiers= {
  projectile: 0,
  melee: 0,
  energy: 0,
  chemical: 0,
  radiation: 0,
  cold: 0,
  nano: 0,
  fire: 0,
  poison: 0,
  directNanoDamageEfficiency: 0,
  targetAC: 0
} enhance-nano-damage=0 ancient-matrix=0  ... > 
  at <AccordionTab header="Damage Modifiers" > 
  at <Transition name="p-toggleable-content" data-pc-section="accordiontab.transition" > 
  at <Accordion multiple=true active-index= [] > 
  at <NukeInputForm input-state= {
  characterStats: {
    breed: 1,
    level: 1,
    psychic: 6,
    nanoInit: 1,
    maxNano: 1,
    nanoDelta: 1,
    matterCreation: 1,
    matterMeta: 1,
    bioMeta: 1,
    psychModi: 1,
    sensoryImp: 1,
    timeSpace: 1,
    spec: 0
  },
  damageModifiers: {
    projectile: 0,
    melee: 0,
    energy: 0,
    chemical: 0,
    radiation: 0,
    cold: 0,
    nano: 0,
    fire: 0,
    poison: 0,
    directNanoDamageEfficiency: 0,
    targetAC: 0
  },
  buffPresets: {
    crunchcom: 0,
    humidity: 0,
    notumSiphon: 0,
    channeling: 0,
    enhanceNanoDamage: 0,
    ancientMatrix: 0
  }
} active-profile=null onUpdate:inputState=fn<onInputStateUpdate> > 
  at <TinkerNukes ref="VTU_COMPONENT" > 
  at <VTUROOT>

stderr | src/__tests__/views/TinkerNukes.integration.test.ts > TinkerNukes Integration Tests > Error Handling > handles empty nano data gracefully
[Vue Router warn]: No match found for location with path "/"
[Vue warn]: Failed to resolve directive: tooltip 
  at <NukeInputForm input-state= {
  characterStats: {
    breed: 1,
    level: 1,
    psychic: 6,
    nanoInit: 1,
    maxNano: 1,
    nanoDelta: 1,
    matterCreation: 1,
    matterMeta: 1,
    bioMeta: 1,
    psychModi: 1,
    sensoryImp: 1,
    timeSpace: 1,
    spec: 0
  },
  damageModifiers: {
    projectile: 0,
    melee: 0,
    energy: 0,
    chemical: 0,
    radiation: 0,
    cold: 0,
    nano: 0,
    fire: 0,
    poison: 0,
    directNanoDamageEfficiency: 0,
    targetAC: 0
  },
  buffPresets: {
    crunchcom: 0,
    humidity: 0,
    notumSiphon: 0,
    channeling: 0,
    enhanceNanoDamage: 0,
    ancientMatrix: 0
  }
} active-profile=null onUpdate:inputState=fn<onInputStateUpdate> > 
  at <TinkerNukes ref="VTU_COMPONENT" > 
  at <VTUROOT>
[Vue warn]: Failed to resolve directive: tooltip 
  at <DamageModifiersSection damage-modifiers= {
  projectile: 0,
  melee: 0,
  energy: 0,
  chemical: 0,
  radiation: 0,
  cold: 0,
  nano: 0,
  fire: 0,
  poison: 0,
  directNanoDamageEfficiency: 0,
  targetAC: 0
} enhance-nano-damage=0 ancient-matrix=0  ... > 
  at <AccordionTab header="Damage Modifiers" > 
  at <Transition name="p-toggleable-content" data-pc-section="accordiontab.transition" > 
  at <Accordion multiple=true active-index= [] > 
  at <NukeInputForm input-state= {
  characterStats: {
    breed: 1,
    level: 1,
    psychic: 6,
    nanoInit: 1,
    maxNano: 1,
    nanoDelta: 1,
    matterCreation: 1,
    matterMeta: 1,
    bioMeta: 1,
    psychModi: 1,
    sensoryImp: 1,
    timeSpace: 1,
    spec: 0
  },
  damageModifiers: {
    projectile: 0,
    melee: 0,
    energy: 0,
    chemical: 0,
    radiation: 0,
    cold: 0,
    nano: 0,
    fire: 0,
    poison: 0,
    directNanoDamageEfficiency: 0,
    targetAC: 0
  },
  buffPresets: {
    crunchcom: 0,
    humidity: 0,
    notumSiphon: 0,
    channeling: 0,
    enhanceNanoDamage: 0,
    ancientMatrix: 0
  }
} active-profile=null onUpdate:inputState=fn<onInputStateUpdate> > 
  at <TinkerNukes ref="VTU_COMPONENT" > 
  at <VTUROOT>

stderr | src/__tests__/views/TinkerNukes.integration.test.ts > TinkerNukes Integration Tests > Error Handling > handles missing profile skills gracefully
[Vue Router warn]: No match found for location with path "/"
[Vue warn]: Failed to resolve directive: tooltip 
  at <NukeInputForm input-state= {
  characterStats: {
    breed: 1,
    level: 1,
    psychic: 6,
    nanoInit: 1,
    maxNano: 1,
    nanoDelta: 1,
    matterCreation: 1,
    matterMeta: 1,
    bioMeta: 1,
    psychModi: 1,
    sensoryImp: 1,
    timeSpace: 1,
    spec: 0
  },
  damageModifiers: {
    projectile: 0,
    melee: 0,
    energy: 0,
    chemical: 0,
    radiation: 0,
    cold: 0,
    nano: 0,
    fire: 0,
    poison: 0,
    directNanoDamageEfficiency: 0,
    targetAC: 0
  },
  buffPresets: {
    crunchcom: 0,
    humidity: 0,
    notumSiphon: 0,
    channeling: 0,
    enhanceNanoDamage: 0,
    ancientMatrix: 0
  }
} active-profile=null onUpdate:inputState=fn<onInputStateUpdate> > 
  at <TinkerNukes ref="VTU_COMPONENT" > 
  at <VTUROOT>
[Vue warn]: Failed to resolve directive: tooltip 
  at <DamageModifiersSection damage-modifiers= {
  projectile: 0,
  melee: 0,
  energy: 0,
  chemical: 0,
  radiation: 0,
  cold: 0,
  nano: 0,
  fire: 0,
  poison: 0,
  directNanoDamageEfficiency: 0,
  targetAC: 0
} enhance-nano-damage=0 ancient-matrix=0  ... > 
  at <AccordionTab header="Damage Modifiers" > 
  at <Transition name="p-toggleable-content" data-pc-section="accordiontab.transition" > 
  at <Accordion multiple=true active-index= [] > 
  at <NukeInputForm input-state= {
  characterStats: {
    breed: 1,
    level: 1,
    psychic: 6,
    nanoInit: 1,
    maxNano: 1,
    nanoDelta: 1,
    matterCreation: 1,
    matterMeta: 1,
    bioMeta: 1,
    psychModi: 1,
    sensoryImp: 1,
    timeSpace: 1,
    spec: 0
  },
  damageModifiers: {
    projectile: 0,
    melee: 0,
    energy: 0,
    chemical: 0,
    radiation: 0,
    cold: 0,
    nano: 0,
    fire: 0,
    poison: 0,
    directNanoDamageEfficiency: 0,
    targetAC: 0
  },
  buffPresets: {
    crunchcom: 0,
    humidity: 0,
    notumSiphon: 0,
    channeling: 0,
    enhanceNanoDamage: 0,
    ancientMatrix: 0
  }
} active-profile=null onUpdate:inputState=fn<onInputStateUpdate> > 
  at <TinkerNukes ref="VTU_COMPONENT" > 
  at <VTUROOT>

 ❯ src/__tests__/views/TinkerNukes.integration.test.ts  (22 tests | 17 failed) 2288ms
   × TinkerNukes Integration Tests > Component Initialization > shows nanotechnician skills section
     → expected 'TinkerNukes NT Only Offensive Nano Pa…' to contain 'Nanotechnician Skills'
   × TinkerNukes Integration Tests > Component Initialization > has all required skill inputs
     → Cannot read properties of undefined (reading 'map')
   × TinkerNukes Integration Tests > Real Backend Integration > loads profiles from backend
     → expected false to be true // Object.is equality
   × TinkerNukes Integration Tests > Skill Management > starts with manual skills disabled
     → expected undefined to be false // Object.is equality
   × TinkerNukes Integration Tests > Skill Management > toggles manual skills mode
     → expected false to be true // Object.is equality
   × TinkerNukes Integration Tests > Skill Management > initializes manual skills with proper defaults
     → Cannot read properties of undefined (reading 'matter_creation')
   × TinkerNukes Integration Tests > Skill Management > calculates skill-based usability correctly
     → Cannot read properties of undefined (reading 'length')
   × TinkerNukes Integration Tests > Profile Integration > filters profile dropdown to only show Nanotechnicians
     → Cannot read properties of undefined (reading 'length')
   × TinkerNukes Integration Tests > Profile Integration > extracts skills from selected profile
     → profilesStore.profiles.some is not a function
   × TinkerNukes Integration Tests > Data Table Functionality > shows usable nano count
     → Cannot read properties of undefined (reading 'length')
   × TinkerNukes Integration Tests > Data Table Functionality > provides school filtering options
     → expected false to be true // Object.is equality
   × TinkerNukes Integration Tests > Data Table Functionality > filters by selected school
     → Cannot read properties of undefined (reading 'length')
   × TinkerNukes Integration Tests > Utility Functions > provides correct usability indicators
     → component.getUsabilityIcon is not a function
   × TinkerNukes Integration Tests > Utility Functions > extracts offensive effects correctly
     → component.getOffensiveEffects is not a function
   × TinkerNukes Integration Tests > Utility Functions > provides skill level CSS classes
     → Cannot set properties of undefined (setting 'matter_creation')
   × TinkerNukes Integration Tests > Error Handling > handles empty nano data gracefully
     → Cannot read properties of undefined (reading 'length')
   × TinkerNukes Integration Tests > Error Handling > handles missing profile skills gracefully
     → 'set' on proxy: trap returned falsish for property 'profiles'
stderr | src/__tests__/components/NanoList.test.ts > NanoList > changes items per page when dropdown changes
[Vue warn]: Attempting to mutate prop "modelValue". Props are readonly.
[Vue warn]: Attempting to mutate prop "modelValue". Props are readonly.

 ❯ src/__tests__/components/NanoList.test.ts  (19 tests | 1 failed) 194ms
   × NanoList > displays view density toggle
     → expected 'Nano Programs 3Detailed102550100Super…' to contain 'Compact'
 ❯ src/__tests__/components/NanoCard.test.ts  (25 tests | 25 failed) 103ms
   × NanoCard > renders nano name correctly
     → str.charAt is not a function
   × NanoCard > displays school avatar with correct short name
     → str.charAt is not a function
   × NanoCard > shows nano badges (school, quality level, level)
     → str.charAt is not a function
   × NanoCard > displays favorite button
     → str.charAt is not a function
   × NanoCard > shows nano description in detailed view
     → str.charAt is not a function
   × NanoCard > displays nano properties in detailed view
     → str.charAt is not a function
   × NanoCard > shows effects preview
     → str.charAt is not a function
   × NanoCard > displays casting requirements
     → str.charAt is not a function
   × NanoCard > renders in compact mode when compact prop is true
     → str.charAt is not a function
   × NanoCard > emits select event when card is clicked
     → str.charAt is not a function
   × NanoCard > toggles favorite when favorite button is clicked
     → str.charAt is not a function
   × NanoCard > prevents card click event when favorite button is clicked
     → str.charAt is not a function
   × NanoCard > shows compatibility info when provided
     → str.charAt is not a function
   × NanoCard > displays skill deficits when compatibility info shows them
     → str.charAt is not a function
   × NanoCard > shows level deficit when character level is too low
     → str.charAt is not a function
   × NanoCard > shows resource costs in compatibility panel
     → str.charAt is not a function
   × NanoCard > displays correct border color based on compatibility
     → str.charAt is not a function
   × NanoCard > shows green border for castable nanos
     → str.charAt is not a function
   × NanoCard > shows yellow border for partially compatible nanos
     → str.charAt is not a function
   × NanoCard > formats time values correctly
     → str.charAt is not a function
   × NanoCard > handles nanos without optional properties
     → str.charAt is not a function
   × NanoCard > shows requirement status when profile is active
     → str.charAt is not a function
   × NanoCard > loads favorite status from localStorage
     → str.charAt is not a function
   × NanoCard > shows strain badge when strain is present
     → str.charAt is not a function
   × NanoCard > truncates effects list when more than 3 effects
     → str.charAt is not a function
 ❯ src/__tests__/composables/useItems.test.ts  (24 tests | 24 failed) 17ms
   × useItems Composable > Initial State > should initialize with default search query
     → Cannot read properties of undefined (reading 'mockReturnValue')
   × useItems Composable > Initial State > should accept custom default options
     → Cannot read properties of undefined (reading 'mockReturnValue')
   × useItems Composable > Search Operations > should perform search with query parameters
     → Cannot read properties of undefined (reading 'mockReturnValue')
   × useItems Composable > Search Operations > should handle search errors
     → Cannot read properties of undefined (reading 'mockReturnValue')
   × useItems Composable > Search Operations > should debounce search when autoSearch is enabled
     → Cannot read properties of undefined (reading 'mockReturnValue')
   × useItems Composable > Query Management > should update search text
     → Cannot read properties of undefined (reading 'mockReturnValue')
   × useItems Composable > Query Management > should update filters
     → Cannot read properties of undefined (reading 'mockReturnValue')
   × useItems Composable > Query Management > should update sorting
     → Cannot read properties of undefined (reading 'mockReturnValue')
   × useItems Composable > Pagination > should calculate pagination properties
     → Cannot read properties of undefined (reading 'mockReturnValue')
   × useItems Composable > Pagination > should go to next page
     → Cannot read properties of undefined (reading 'mockReturnValue')
   × useItems Composable > Pagination > should go to previous page
     → Cannot read properties of undefined (reading 'mockReturnValue')
   × useItems Composable > Pagination > should go to specific page
     → Cannot read properties of undefined (reading 'mockReturnValue')
   × useItems Composable > Item Operations > should get item details
     → Cannot read properties of undefined (reading 'mockReturnValue')
   × useItems Composable > Item Operations > should get multiple items
     → Cannot read properties of undefined (reading 'mockReturnValue')
   × useItems Composable > Item Operations > should handle item operation errors
     → Cannot read properties of undefined (reading 'mockReturnValue')
   × useItems Composable > Favorites Management > should toggle favorite items
     → Cannot read properties of undefined (reading 'mockReturnValue')
   × useItems Composable > Favorites Management > should filter favorite results
     → Cannot read properties of undefined (reading 'mockReturnValue')
   × useItems Composable > Quick Filters > should filter by item class
     → Cannot read properties of undefined (reading 'mockReturnValue')
   × useItems Composable > Quick Filters > should filter by quality level
     → Cannot read properties of undefined (reading 'mockReturnValue')
   × useItems Composable > Quick Filters > should filter nano items
     → Cannot read properties of undefined (reading 'mockReturnValue')
   × useItems Composable > Quick Filters > should show high QL items preset
     → Cannot read properties of undefined (reading 'mockReturnValue')
   × useItems Composable > Search State Management > should track search performed state
     → Cannot read properties of undefined (reading 'mockReturnValue')
   × useItems Composable > Search State Management > should clear search state
     → Cannot read properties of undefined (reading 'mockReturnValue')
   × useItems Composable > Cleanup > should cleanup timeouts
     → Cannot read properties of undefined (reading 'mockReturnValue')
 ✓ src/__tests__/services/game-utils.test.ts  (24 tests) 10ms
 ❯ src/__tests__/views/ItemDetail.test.ts  (0 test)
stderr | src/__tests__/components/NanoFilters.test.ts > NanoFilters > handles sort order toggle
[Vue warn]: Attempting to mutate prop "modelValue". Props are readonly.

stderr | src/__tests__/components/NanoFilters.test.ts > NanoFilters > handles profession filter changes
[Vue warn]: Attempting to mutate prop "modelValue". Props are readonly.

stderr | src/__tests__/components/NanoFilters.test.ts > NanoFilters > updates level range when slider changes
[Vue warn]: Attempting to mutate prop "modelValue". Props are readonly.
[Vue warn]: Attempting to mutate prop "modelValue". Props are readonly.

 ❯ src/__tests__/components/NanoFilters.test.ts  (23 tests | 1 failed) 392ms
   × NanoFilters > handles profession filter changes
     → expected undefined to be truthy
stderr | src/components/__tests__/ItemInterpolationBar.test.ts > ItemInterpolationBar > Component Initialization > should mount without errors
[Vue Router warn]: No match found for location with path "/"
[Vue warn]: Failed to resolve directive: tooltip 
  at <ItemInterpolationBar item= {
  id: 1,
  aoid: 12345,
  name: 'Test Weapon',
  ql: 150,
  description: 'A test weapon',
  item_class: 1,
  is_nano: false,
  stats: [ { id: 1, stat: 1, value: 100 } ],
  spell_data: [],
  actions: []
} initialQl=150 showResetButton=true  ... > 
  at <VTUROOT>

stderr | src/components/__tests__/ItemInterpolationBar.test.ts > ItemInterpolationBar > Component Initialization > should initialize with correct QL value from item
[Vue Router warn]: No match found for location with path "/"
[Vue warn]: Failed to resolve directive: tooltip 
  at <ItemInterpolationBar item= {
  id: 1,
  aoid: 12345,
  name: 'Test Weapon',
  ql: 150,
  description: 'A test weapon',
  item_class: 1,
  is_nano: false,
  stats: [ { id: 1, stat: 1, value: 100 } ],
  spell_data: [],
  actions: []
} initialQl=150 showResetButton=true  ... > 
  at <VTUROOT>

stderr | src/components/__tests__/ItemInterpolationBar.test.ts > ItemInterpolationBar > Component Initialization > should compute correct min/max values from ranges
[Vue Router warn]: No match found for location with path "/"
[Vue warn]: Failed to resolve directive: tooltip 
  at <ItemInterpolationBar item= {
  id: 1,
  aoid: 12345,
  name: 'Test Weapon',
  ql: 150,
  description: 'A test weapon',
  item_class: 1,
  is_nano: false,
  stats: [ { id: 1, stat: 1, value: 100 } ],
  spell_data: [],
  actions: []
} initialQl=150 showResetButton=true  ... > 
  at <VTUROOT>

stderr | src/components/__tests__/ItemInterpolationBar.test.ts > ItemInterpolationBar > Component Initialization > should identify current range correctly
[Vue Router warn]: No match found for location with path "/"
[Vue warn]: Failed to resolve directive: tooltip 
  at <ItemInterpolationBar item= {
  id: 1,
  aoid: 12345,
  name: 'Test Weapon',
  ql: 150,
  description: 'A test weapon',
  item_class: 1,
  is_nano: false,
  stats: [ { id: 1, stat: 1, value: 100 } ],
  spell_data: [],
  actions: []
} initialQl=150 showResetButton=true  ... > 
  at <VTUROOT>

stderr | src/components/__tests__/ItemInterpolationBar.test.ts > ItemInterpolationBar > Component Initialization > should show interpolated badge when item is interpolated
[Vue Router warn]: No match found for location with path "/"
[Vue warn]: Failed to resolve directive: tooltip 
  at <ItemInterpolationBar item= {
  id: 1,
  aoid: 12345,
  name: 'Test Weapon',
  ql: 150,
  description: 'A test weapon',
  item_class: 1,
  is_nano: false,
  stats: [ { id: 1, stat: 1, value: 100 } ],
  spell_data: [],
  actions: [],
  interpolating: true
} initialQl=150 showResetButton=true  ... > 
  at <VTUROOT>

stderr | src/components/__tests__/ItemInterpolationBar.test.ts > ItemInterpolationBar > Input Handling > should update local QL when slider changes
[Vue Router warn]: No match found for location with path "/"
[Vue warn]: Failed to resolve directive: tooltip 
  at <ItemInterpolationBar item= {
  id: 1,
  aoid: 12345,
  name: 'Test Weapon',
  ql: 150,
  description: 'A test weapon',
  item_class: 1,
  is_nano: false,
  stats: [ { id: 1, stat: 1, value: 100 } ],
  spell_data: [],
  actions: []
} initialQl=150 showResetButton=true  ... > 
  at <VTUROOT>

stderr | src/components/__tests__/ItemInterpolationBar.test.ts > ItemInterpolationBar > Input Handling > should update local QL when input field changes
[Vue Router warn]: No match found for location with path "/"
[Vue warn]: Failed to resolve directive: tooltip 
  at <ItemInterpolationBar item= {
  id: 1,
  aoid: 12345,
  name: 'Test Weapon',
  ql: 150,
  description: 'A test weapon',
  item_class: 1,
  is_nano: false,
  stats: [ { id: 1, stat: 1, value: 100 } ],
  spell_data: [],
  actions: []
} initialQl=150 showResetButton=true  ... > 
  at <VTUROOT>

stderr | src/components/__tests__/ItemInterpolationBar.test.ts > ItemInterpolationBar > Input Handling > should debounce rapid input changes
[Vue Router warn]: No match found for location with path "/"
[Vue warn]: Failed to resolve directive: tooltip 
  at <ItemInterpolationBar item= {
  id: 1,
  aoid: 12345,
  name: 'Test Weapon',
  ql: 150,
  description: 'A test weapon',
  item_class: 1,
  is_nano: false,
  stats: [ { id: 1, stat: 1, value: 100 } ],
  spell_data: [],
  actions: []
} initialQl=150 showResetButton=true  ... > 
  at <VTUROOT>

stderr | src/components/__tests__/ItemInterpolationBar.test.ts > ItemInterpolationBar > Range Transitions > should navigate to different base item when crossing ranges
[Vue Router warn]: No match found for location with path "/"
[Vue warn]: Failed to resolve directive: tooltip 
  at <ItemInterpolationBar item= {
  id: 1,
  aoid: 12345,
  name: 'Test Weapon',
  ql: 150,
  description: 'A test weapon',
  item_class: 1,
  is_nano: false,
  stats: [ { id: 1, stat: 1, value: 100 } ],
  spell_data: [],
  actions: []
} initialQl=150 showResetButton=true  ... > 
  at <VTUROOT>

stderr | src/components/__tests__/ItemInterpolationBar.test.ts > ItemInterpolationBar > Range Transitions > should interpolate when staying within same range
[Vue Router warn]: No match found for location with path "/"
[Vue warn]: Failed to resolve directive: tooltip 
  at <ItemInterpolationBar item= {
  id: 1,
  aoid: 12345,
  name: 'Test Weapon',
  ql: 150,
  description: 'A test weapon',
  item_class: 1,
  is_nano: false,
  stats: [ { id: 1, stat: 1, value: 100 } ],
  spell_data: [],
  actions: []
} initialQl=150 showResetButton=true  ... > 
  at <VTUROOT>

stderr | src/components/__tests__/ItemInterpolationBar.test.ts > ItemInterpolationBar > Range Transitions > should emit item-update event after successful interpolation
[Vue Router warn]: No match found for location with path "/"
[Vue warn]: Failed to resolve directive: tooltip 
  at <ItemInterpolationBar item= {
  id: 1,
  aoid: 12345,
  name: 'Test Weapon',
  ql: 150,
  description: 'A test weapon',
  item_class: 1,
  is_nano: false,
  stats: [ { id: 1, stat: 1, value: 100 } ],
  spell_data: [],
  actions: []
} initialQl=150 showResetButton=true  ... > 
  at <VTUROOT>

stderr | src/components/__tests__/ItemInterpolationBar.test.ts > ItemInterpolationBar > Range Transitions > should emit error event for invalid QL
[Vue Router warn]: No match found for location with path "/"
[Vue warn]: Failed to resolve directive: tooltip 
  at <ItemInterpolationBar item= {
  id: 1,
  aoid: 12345,
  name: 'Test Weapon',
  ql: 150,
  description: 'A test weapon',
  item_class: 1,
  is_nano: false,
  stats: [ { id: 1, stat: 1, value: 100 } ],
  spell_data: [],
  actions: []
} initialQl=150 showResetButton=true  ... > 
  at <VTUROOT>

stderr | src/components/__tests__/ItemInterpolationBar.test.ts > ItemInterpolationBar > Error Handling > should handle API interpolation errors
[Vue Router warn]: No match found for location with path "/"
[Vue warn]: Failed to resolve directive: tooltip 
  at <ItemInterpolationBar item= {
  id: 1,
  aoid: 12345,
  name: 'Test Weapon',
  ql: 150,
  description: 'A test weapon',
  item_class: 1,
  is_nano: false,
  stats: [ { id: 1, stat: 1, value: 100 } ],
  spell_data: [],
  actions: []
} initialQl=150 showResetButton=true  ... > 
  at <VTUROOT>

stderr | src/components/__tests__/ItemInterpolationBar.test.ts > ItemInterpolationBar > Error Handling > should handle unsuccessful interpolation response
[Vue Router warn]: No match found for location with path "/"
[Vue warn]: Failed to resolve directive: tooltip 
  at <ItemInterpolationBar item= {
  id: 1,
  aoid: 12345,
  name: 'Test Weapon',
  ql: 150,
  description: 'A test weapon',
  item_class: 1,
  is_nano: false,
  stats: [ { id: 1, stat: 1, value: 100 } ],
  spell_data: [],
  actions: []
} initialQl=150 showResetButton=true  ... > 
  at <VTUROOT>

stderr | src/components/__tests__/ItemInterpolationBar.test.ts > ItemInterpolationBar > Prop Updates > should update local QL when item prop changes
[Vue Router warn]: No match found for location with path "/"
[Vue warn]: Failed to resolve directive: tooltip 
  at <ItemInterpolationBar item= {
  id: 1,
  aoid: 12345,
  name: 'Test Weapon',
  ql: 150,
  description: 'A test weapon',
  item_class: 1,
  is_nano: false,
  stats: [ { id: 1, stat: 1, value: 100 } ],
  spell_data: [],
  actions: []
} initialQl=150 showResetButton=true  ... > 
  at <VTUROOT>

stderr | src/components/__tests__/ItemInterpolationBar.test.ts > ItemInterpolationBar > Prop Updates > should handle item without QL
[Vue Router warn]: No match found for location with path "/"
[Vue warn]: Failed to resolve directive: tooltip 
  at <ItemInterpolationBar item= {
  id: 1,
  aoid: 12345,
  name: 'Test Weapon',
  ql: undefined,
  description: 'A test weapon',
  item_class: 1,
  is_nano: false,
  stats: [ { id: 1, stat: 1, value: 100 } ],
  spell_data: [],
  actions: []
} initialQl=150 showResetButton=true  ... > 
  at <VTUROOT>

stderr | src/components/__tests__/ItemInterpolationBar.test.ts > ItemInterpolationBar > Edge Cases > should handle empty interpolation ranges
[Vue Router warn]: No match found for location with path "/"
[Vue warn]: Failed to resolve directive: tooltip 
  at <ItemInterpolationBar item= {
  id: 1,
  aoid: 12345,
  name: 'Test Weapon',
  ql: 150,
  description: 'A test weapon',
  item_class: 1,
  is_nano: false,
  stats: [ { id: 1, stat: 1, value: 100 } ],
  spell_data: [],
  actions: []
} initialQl=150 showResetButton=true  ... > 
  at <VTUROOT>

stderr | src/components/__tests__/ItemInterpolationBar.test.ts > ItemInterpolationBar > Edge Cases > should handle ranges without base_aoid
[Vue Router warn]: No match found for location with path "/"
[Vue warn]: Failed to resolve directive: tooltip 
  at <ItemInterpolationBar item= {
  id: 1,
  aoid: 12345,
  name: 'Test Weapon',
  ql: 150,
  description: 'A test weapon',
  item_class: 1,
  is_nano: false,
  stats: [ { id: 1, stat: 1, value: 100 } ],
  spell_data: [],
  actions: []
} initialQl=150 showResetButton=true  ... > 
  at <VTUROOT>

 ❯ src/components/__tests__/ItemInterpolationBar.test.ts  (18 tests | 18 failed) 67ms
   × ItemInterpolationBar > Component Initialization > should mount without errors
     → Cannot destructure property 'interpolationInfo' of 'useInterpolation(...)' as it is undefined.
   × ItemInterpolationBar > Component Initialization > should initialize with correct QL value from item
     → Cannot destructure property 'interpolationInfo' of 'useInterpolation(...)' as it is undefined.
   × ItemInterpolationBar > Component Initialization > should compute correct min/max values from ranges
     → Cannot destructure property 'interpolationInfo' of 'useInterpolation(...)' as it is undefined.
   × ItemInterpolationBar > Component Initialization > should identify current range correctly
     → Cannot destructure property 'interpolationInfo' of 'useInterpolation(...)' as it is undefined.
   × ItemInterpolationBar > Component Initialization > should show interpolated badge when item is interpolated
     → Cannot destructure property 'interpolationInfo' of 'useInterpolation(...)' as it is undefined.
   × ItemInterpolationBar > Input Handling > should update local QL when slider changes
     → Cannot destructure property 'interpolationInfo' of 'useInterpolation(...)' as it is undefined.
   × ItemInterpolationBar > Input Handling > should update local QL when input field changes
     → Cannot destructure property 'interpolationInfo' of 'useInterpolation(...)' as it is undefined.
   × ItemInterpolationBar > Input Handling > should debounce rapid input changes
     → Cannot destructure property 'interpolationInfo' of 'useInterpolation(...)' as it is undefined.
   × ItemInterpolationBar > Range Transitions > should navigate to different base item when crossing ranges
     → Cannot destructure property 'interpolationInfo' of 'useInterpolation(...)' as it is undefined.
   × ItemInterpolationBar > Range Transitions > should interpolate when staying within same range
     → Cannot destructure property 'interpolationInfo' of 'useInterpolation(...)' as it is undefined.
   × ItemInterpolationBar > Range Transitions > should emit item-update event after successful interpolation
     → Cannot destructure property 'interpolationInfo' of 'useInterpolation(...)' as it is undefined.
   × ItemInterpolationBar > Range Transitions > should emit error event for invalid QL
     → Cannot destructure property 'interpolationInfo' of 'useInterpolation(...)' as it is undefined.
   × ItemInterpolationBar > Error Handling > should handle API interpolation errors
     → Cannot destructure property 'interpolationInfo' of 'useInterpolation(...)' as it is undefined.
   × ItemInterpolationBar > Error Handling > should handle unsuccessful interpolation response
     → Cannot destructure property 'interpolationInfo' of 'useInterpolation(...)' as it is undefined.
   × ItemInterpolationBar > Prop Updates > should update local QL when item prop changes
     → Cannot destructure property 'interpolationInfo' of 'useInterpolation(...)' as it is undefined.
   × ItemInterpolationBar > Prop Updates > should handle item without QL
     → Cannot destructure property 'interpolationInfo' of 'useInterpolation(...)' as it is undefined.
   × ItemInterpolationBar > Edge Cases > should handle empty interpolation ranges
     → Cannot destructure property 'interpolationInfo' of 'useInterpolation(...)' as it is undefined.
   × ItemInterpolationBar > Edge Cases > should handle ranges without base_aoid
     → Cannot destructure property 'interpolationInfo' of 'useInterpolation(...)' as it is undefined.
stderr | src/__tests__/integration/AdvancedItemSearch.integration.test.ts > AdvancedItemSearch Integration > API Integration > should emit properly formatted search queries
[Vue warn]: Failed to resolve component: Dialog
If this is a native custom element, make sure to exclude it from component resolution via compilerOptions.isCustomElement. 
  at <StatFilterModal visible=false onUpdate:visible=fn onAddFilter=fn<addStatFilter> > 
  at <AdvancedItemSearch loading=false resultCount=0 ref="VTU_COMPONENT" > 
  at <VTUROOT>

stderr | src/__tests__/integration/AdvancedItemSearch.integration.test.ts > AdvancedItemSearch Integration > API Integration > should handle empty search criteria correctly
[Vue warn]: Failed to resolve component: Dialog
If this is a native custom element, make sure to exclude it from component resolution via compilerOptions.isCustomElement. 
  at <StatFilterModal visible=false onUpdate:visible=fn onAddFilter=fn<addStatFilter> > 
  at <AdvancedItemSearch loading=false resultCount=0 ref="VTU_COMPONENT" > 
  at <VTUROOT>

stderr | src/__tests__/integration/AdvancedItemSearch.integration.test.ts > AdvancedItemSearch Integration > API Integration > should properly clear all form data
[Vue warn]: Failed to resolve component: Dialog
If this is a native custom element, make sure to exclude it from component resolution via compilerOptions.isCustomElement. 
  at <StatFilterModal visible=false onUpdate:visible=fn onAddFilter=fn<addStatFilter> > 
  at <AdvancedItemSearch loading=false resultCount=0 ref="VTU_COMPONENT" > 
  at <VTUROOT>

stderr | src/__tests__/integration/AdvancedItemSearch.integration.test.ts > AdvancedItemSearch Integration > API Integration > should validate QL range constraints
[Vue warn]: Failed to resolve component: Dialog
If this is a native custom element, make sure to exclude it from component resolution via compilerOptions.isCustomElement. 
  at <StatFilterModal visible=false onUpdate:visible=fn onAddFilter=fn<addStatFilter> > 
  at <AdvancedItemSearch loading=false resultCount=0 ref="VTU_COMPONENT" > 
  at <VTUROOT>

stderr | src/__tests__/integration/AdvancedItemSearch.integration.test.ts > AdvancedItemSearch Integration > API Integration > should handle stat bonus selections correctly
[Vue warn]: Failed to resolve component: Dialog
If this is a native custom element, make sure to exclude it from component resolution via compilerOptions.isCustomElement. 
  at <StatFilterModal visible=false onUpdate:visible=fn onAddFilter=fn<addStatFilter> > 
  at <AdvancedItemSearch loading=false resultCount=0 ref="VTU_COMPONENT" > 
  at <VTUROOT>

stderr | src/__tests__/integration/AdvancedItemSearch.integration.test.ts > AdvancedItemSearch Integration > API Integration > should handle special filter combinations
[Vue warn]: Failed to resolve component: Dialog
If this is a native custom element, make sure to exclude it from component resolution via compilerOptions.isCustomElement. 
  at <StatFilterModal visible=false onUpdate:visible=fn onAddFilter=fn<addStatFilter> > 
  at <AdvancedItemSearch loading=false resultCount=0 ref="VTU_COMPONENT" > 
  at <VTUROOT>

stderr | src/__tests__/integration/AdvancedItemSearch.integration.test.ts > AdvancedItemSearch Integration > API Integration > should handle match type and search field selections
[Vue warn]: Failed to resolve component: Dialog
If this is a native custom element, make sure to exclude it from component resolution via compilerOptions.isCustomElement. 
  at <StatFilterModal visible=false onUpdate:visible=fn onAddFilter=fn<addStatFilter> > 
  at <AdvancedItemSearch loading=false resultCount=0 ref="VTU_COMPONENT" > 
  at <VTUROOT>

stderr | src/__tests__/integration/AdvancedItemSearch.integration.test.ts > AdvancedItemSearch Integration > Component State Management > should properly manage hasSearched state
[Vue warn]: Failed to resolve component: Dialog
If this is a native custom element, make sure to exclude it from component resolution via compilerOptions.isCustomElement. 
  at <StatFilterModal visible=false onUpdate:visible=fn onAddFilter=fn<addStatFilter> > 
  at <AdvancedItemSearch loading=false resultCount=0 ref="VTU_COMPONENT" > 
  at <VTUROOT>

stderr | src/__tests__/integration/AdvancedItemSearch.integration.test.ts > AdvancedItemSearch Integration > Component State Management > should reset hasSearched when clearing
[Vue warn]: Failed to resolve component: Dialog
If this is a native custom element, make sure to exclude it from component resolution via compilerOptions.isCustomElement. 
  at <StatFilterModal visible=false onUpdate:visible=fn onAddFilter=fn<addStatFilter> > 
  at <AdvancedItemSearch loading=false resultCount=0 ref="VTU_COMPONENT" > 
  at <VTUROOT>

stderr | src/__tests__/integration/AdvancedItemSearch.integration.test.ts > AdvancedItemSearch Integration > Component State Management > should maintain selectedStatBonuses array correctly
[Vue warn]: Failed to resolve component: Dialog
If this is a native custom element, make sure to exclude it from component resolution via compilerOptions.isCustomElement. 
  at <StatFilterModal visible=false onUpdate:visible=fn onAddFilter=fn<addStatFilter> > 
  at <AdvancedItemSearch loading=false resultCount=0 ref="VTU_COMPONENT" > 
  at <VTUROOT>

 ✓ src/__tests__/integration/AdvancedItemSearch.integration.test.ts  (10 tests) 781ms
 ✓ src/__tests__/helpers/helpers.test.ts  (21 tests) 17ms
stdout | src/__tests__/lib/tinkerprofiles/aosetups-implant-import.test.ts > AOSetups Implant Import Integration > Complete AOSetups Import with Implants > should import AOSetups data with regular implants containing clusters
[ProfileTransformer] Created default profile with 141 skills
[ProfileTransformer] Fetching 1 items from backend...
[ProfileTransformer] Fetching interpolated item AOID 123456 at QL 200
[ProfileTransformer] Completed item fetching: 1 items processed

stderr | src/__tests__/lib/tinkerprofiles/aosetups-implant-import.test.ts > AOSetups Implant Import Integration > Complete AOSetups Import with Implants > should import AOSetups data with regular implants containing clusters
[ProfileTransformer] Failed to fetch item AOID 123456: Error: Interpolation failed: Mocked response for testing
    at /home/quigley/projects/Tinkertools/frontend/src/lib/tinkerprofiles/transformer.ts:822:19
    at processTicksAndRejections (node:internal/process/task_queues:105:5)
    at async Promise.all (index 0)
    at ProfileTransformer.fetchItems (/home/quigley/projects/Tinkertools/frontend/src/lib/tinkerprofiles/transformer.ts:844:5)
    at ProfileTransformer.mapAOSetupsEquipment (/home/quigley/projects/Tinkertools/frontend/src/lib/tinkerprofiles/transformer.ts:500:21)
    at ProfileTransformer.importFromAOSetups (/home/quigley/projects/Tinkertools/frontend/src/lib/tinkerprofiles/transformer.ts:262:5)
    at ProfileTransformer.importProfile (/home/quigley/projects/Tinkertools/frontend/src/lib/tinkerprofiles/transformer.ts:93:21)
    at /home/quigley/projects/Tinkertools/frontend/src/__tests__/lib/tinkerprofiles/aosetups-implant-import.test.ts:77:22
    at runTest (file:///home/quigley/projects/Tinkertools/node_modules/@vitest/runner/dist/index.js:960:11)
    at runSuite (file:///home/quigley/projects/Tinkertools/node_modules/@vitest/runner/dist/index.js:1116:15)

stderr | src/__tests__/lib/tinkerprofiles/aosetups-implant-import.test.ts > AOSetups Implant Import Integration > Complete AOSetups Import with Implants > should import AOSetups data with regular implants containing clusters
<empty line>
stdout | src/__tests__/lib/tinkerprofiles/aosetups-implant-import.test.ts > AOSetups Implant Import Integration > Complete AOSetups Import with Implants > should import AOSetups data with regular implants containing clusters
[ProfileTransformer] Migrating profile TestCharacter to structured PerkSystem
[ProfileTransformer] Found legacy perk array with 0 entries
[ProfileTransformer] Migrated 0 perks and 0 research entries

stdout | src/__tests__/lib/tinkerprofiles/aosetups-implant-import.test.ts > AOSetups Implant Import Integration > Complete AOSetups Import with Implants > should handle invalid cluster IDs gracefully
[ProfileTransformer] Created default profile with 141 skills
[ProfileTransformer] Migrating profile TestCharacter to structured PerkSystem
[ProfileTransformer] Found legacy perk array with 0 entries
[ProfileTransformer] Migrated 0 perks and 0 research entries

stdout | src/__tests__/lib/tinkerprofiles/aosetups-implant-import.test.ts > AOSetups Implant Import Integration > Complete AOSetups Import with Implants > should handle invalid slot names gracefully
[ProfileTransformer] Created default profile with 141 skills
[ProfileTransformer] Migrating profile TestCharacter to structured PerkSystem
[ProfileTransformer] Found legacy perk array with 0 entries
[ProfileTransformer] Migrated 0 perks and 0 research entries

stdout | src/__tests__/lib/tinkerprofiles/aosetups-implant-import.test.ts > AOSetups Implant Import Integration > Complete AOSetups Import with Implants > should preserve existing TinkerProfile structure for non-implant data
[ProfileTransformer] Created default profile with 141 skills
[ProfileTransformer] After mapping AOSetups skills, profile has 141 skills
[ProfileTransformer] Migrating profile TestCharacter to structured PerkSystem
[ProfileTransformer] Found legacy perk array with 0 entries
[ProfileTransformer] Migrated 0 perks and 0 research entries

 ❯ src/__tests__/lib/tinkerprofiles/aosetups-implant-import.test.ts  (4 tests | 1 failed) 35ms
   × AOSetups Implant Import Integration > Complete AOSetups Import with Implants > should import AOSetups data with regular implants containing clusters
     → expected false to be true // Object.is equality
stderr | src/__tests__/e2e/TinkerPocket.workflow.test.ts > TinkerPocket E2E Workflow Tests > complete user workflow: browse bosses, find symbiants, track collection
[Vue Router warn]: No match found for location with path "/"
[Vue warn]: injection "Symbol()" not found. 
  at <FindGear view="symbiants" > 
  at <TabPanel> 
  at <TabView activeIndex=0 onUpdate:activeIndex=fn class="pocket-tabs" > 
  at <TinkerPocket ref="VTU_COMPONENT" > 
  at <VTUROOT>
[Vue warn]: Failed to resolve directive: tooltip 
  at <FindGear view="symbiants" > 
  at <TabPanel> 
  at <TabView activeIndex=0 onUpdate:activeIndex=fn class="pocket-tabs" > 
  at <TinkerPocket ref="VTU_COMPONENT" > 
  at <VTUROOT>
[Vue warn]: injection "Symbol()" not found. 
  at <FindGear view="bosses" > 
  at <TabPanel> 
  at <TabView activeIndex=0 onUpdate:activeIndex=fn class="pocket-tabs" > 
  at <TinkerPocket ref="VTU_COMPONENT" > 
  at <VTUROOT>
[Vue warn]: Failed to resolve directive: tooltip 
  at <FindGear view="bosses" > 
  at <TabPanel> 
  at <TabView activeIndex=0 onUpdate:activeIndex=fn class="pocket-tabs" > 
  at <TinkerPocket ref="VTU_COMPONENT" > 
  at <VTUROOT>

stderr | src/__tests__/e2e/TinkerPocket.workflow.test.ts > TinkerPocket E2E Workflow Tests > collection tracking workflow with real data
[Vue Router warn]: No match found for location with path "/"
[Vue warn]: injection "Symbol()" not found. 
  at <FindGear view="symbiants" > 
  at <TabPanel> 
  at <TabView activeIndex=0 onUpdate:activeIndex=fn class="pocket-tabs" > 
  at <TinkerPocket ref="VTU_COMPONENT" > 
  at <VTUROOT>
[Vue warn]: Failed to resolve directive: tooltip 
  at <FindGear view="symbiants" > 
  at <TabPanel> 
  at <TabView activeIndex=0 onUpdate:activeIndex=fn class="pocket-tabs" > 
  at <TinkerPocket ref="VTU_COMPONENT" > 
  at <VTUROOT>
[Vue warn]: injection "Symbol()" not found. 
  at <FindGear view="bosses" > 
  at <TabPanel> 
  at <TabView activeIndex=0 onUpdate:activeIndex=fn class="pocket-tabs" > 
  at <TinkerPocket ref="VTU_COMPONENT" > 
  at <VTUROOT>
[Vue warn]: Failed to resolve directive: tooltip 
  at <FindGear view="bosses" > 
  at <TabPanel> 
  at <TabView activeIndex=0 onUpdate:activeIndex=fn class="pocket-tabs" > 
  at <TinkerPocket ref="VTU_COMPONENT" > 
  at <VTUROOT>

stderr | src/__tests__/e2e/TinkerPocket.workflow.test.ts > TinkerPocket E2E Workflow Tests > boss-symbiant relationship workflow
[Vue Router warn]: No match found for location with path "/"
[Vue warn]: injection "Symbol()" not found. 
  at <FindGear view="symbiants" > 
  at <TabPanel> 
  at <TabView activeIndex=0 onUpdate:activeIndex=fn class="pocket-tabs" > 
  at <TinkerPocket ref="VTU_COMPONENT" > 
  at <VTUROOT>
[Vue warn]: Failed to resolve directive: tooltip 
  at <FindGear view="symbiants" > 
  at <TabPanel> 
  at <TabView activeIndex=0 onUpdate:activeIndex=fn class="pocket-tabs" > 
  at <TinkerPocket ref="VTU_COMPONENT" > 
  at <VTUROOT>
[Vue warn]: injection "Symbol()" not found. 
  at <FindGear view="bosses" > 
  at <TabPanel> 
  at <TabView activeIndex=0 onUpdate:activeIndex=fn class="pocket-tabs" > 
  at <TinkerPocket ref="VTU_COMPONENT" > 
  at <VTUROOT>
[Vue warn]: Failed to resolve directive: tooltip 
  at <FindGear view="bosses" > 
  at <TabPanel> 
  at <TabView activeIndex=0 onUpdate:activeIndex=fn class="pocket-tabs" > 
  at <TinkerPocket ref="VTU_COMPONENT" > 
  at <VTUROOT>

stderr | src/__tests__/e2e/TinkerPocket.workflow.test.ts > TinkerPocket E2E Workflow Tests > filtering and search performance with real data
[Vue Router warn]: No match found for location with path "/"
[Vue warn]: injection "Symbol()" not found. 
  at <FindGear view="symbiants" > 
  at <TabPanel> 
  at <TabView activeIndex=0 onUpdate:activeIndex=fn class="pocket-tabs" > 
  at <TinkerPocket ref="VTU_COMPONENT" > 
  at <VTUROOT>
[Vue warn]: Failed to resolve directive: tooltip 
  at <FindGear view="symbiants" > 
  at <TabPanel> 
  at <TabView activeIndex=0 onUpdate:activeIndex=fn class="pocket-tabs" > 
  at <TinkerPocket ref="VTU_COMPONENT" > 
  at <VTUROOT>
[Vue warn]: injection "Symbol()" not found. 
  at <FindGear view="bosses" > 
  at <TabPanel> 
  at <TabView activeIndex=0 onUpdate:activeIndex=fn class="pocket-tabs" > 
  at <TinkerPocket ref="VTU_COMPONENT" > 
  at <VTUROOT>
[Vue warn]: Failed to resolve directive: tooltip 
  at <FindGear view="bosses" > 
  at <TabPanel> 
  at <TabView activeIndex=0 onUpdate:activeIndex=fn class="pocket-tabs" > 
  at <TinkerPocket ref="VTU_COMPONENT" > 
  at <VTUROOT>

 ❯ src/__tests__/e2e/TinkerPocket.workflow.test.ts  (4 tests | 4 failed) 272ms
   × TinkerPocket E2E Workflow Tests > complete user workflow: browse bosses, find symbiants, track collection
     → No PrimeVue Toast provided!
   × TinkerPocket E2E Workflow Tests > collection tracking workflow with real data
     → No PrimeVue Toast provided!
   × TinkerPocket E2E Workflow Tests > boss-symbiant relationship workflow
     → No PrimeVue Toast provided!
   × TinkerPocket E2E Workflow Tests > filtering and search performance with real data
     → No PrimeVue Toast provided!
 ❯ src/__tests__/components/pocket/SymbiantLookup.test.ts  (0 test)
stderr | src/__tests__/views/TinkerPocket.simple.test.ts > TinkerPocket View Structure > renders the main TinkerPocket view
[Vue Router warn]: No match found for location with path "/"

stderr | src/__tests__/views/TinkerPocket.simple.test.ts > TinkerPocket View Structure > displays the header with title and description
[Vue Router warn]: No match found for location with path "/"

stderr | src/__tests__/views/TinkerPocket.simple.test.ts > TinkerPocket View Structure > shows loading state
[Vue Router warn]: No match found for location with path "/"

stderr | src/__tests__/views/TinkerPocket.simple.test.ts > TinkerPocket View Structure > shows error state
[Vue Router warn]: No match found for location with path "/"

stderr | src/__tests__/views/TinkerPocket.simple.test.ts > TinkerPocket View Structure > displays main content when loaded successfully
[Vue Router warn]: No match found for location with path "/"

stderr | src/__tests__/views/TinkerPocket.simple.test.ts > TinkerPocket View Structure > renders all four tab panels with correct components
[Vue Router warn]: No match found for location with path "/"

stderr | src/__tests__/views/TinkerPocket.simple.test.ts > TinkerPocket View Structure > displays tab headers with correct labels
[Vue Router warn]: No match found for location with path "/"

stderr | src/__tests__/views/TinkerPocket.simple.test.ts > TinkerPocket View Structure > has proper CSS classes and structure
[Vue Router warn]: No match found for location with path "/"

stderr | src/__tests__/views/TinkerPocket.simple.test.ts > TinkerPocket View Structure > manages active tab state
[Vue Router warn]: No match found for location with path "/"

stderr | src/__tests__/views/TinkerPocket.simple.test.ts > TinkerPocket View Structure > has correct tab configuration
[Vue Router warn]: No match found for location with path "/"

 ✓ src/__tests__/views/TinkerPocket.simple.test.ts  (11 tests) 220ms
stdout | src/__tests__/lib/tinkerprofiles/aosetups-perk-import.test.ts > ProfileTransformer - AOSetups Perk Import > should import perks from AOSetups profile with AOID lookup
[ProfileTransformer] Created default profile with 141 skills
[ProfileTransformer] After mapping AOSetups skills, profile has 141 skills
[ProfileTransformer] Fetched complete perk item: Enhanced DNA (level 3, type: SL)
[ProfileTransformer] Fetched complete perk item: Improved Reflexes 2 (level 2, type: SL)
[ProfileTransformer] Migrating profile Vestiga to structured PerkSystem
[ProfileTransformer] Found legacy perk array with 2 entries
[ProfileTransformer] Migrated 2 perks and 0 research entries

stdout | src/__tests__/lib/tinkerprofiles/aosetups-perk-import.test.ts > ProfileTransformer - AOSetups Perk Import > should handle missing perks gracefully
[ProfileTransformer] Created default profile with 141 skills
[ProfileTransformer] After mapping AOSetups skills, profile has 141 skills
[ProfileTransformer] Migrating profile TestChar to structured PerkSystem
[ProfileTransformer] Found legacy perk array with 1 entries
[ProfileTransformer] Migrated 1 perks and 0 research entries

stdout | src/__tests__/lib/tinkerprofiles/aosetups-perk-import.test.ts > ProfileTransformer - AOSetups Perk Import > should handle API errors gracefully
[ProfileTransformer] Created default profile with 141 skills
[ProfileTransformer] After mapping AOSetups skills, profile has 141 skills
[ProfileTransformer] Migrating profile TestChar to structured PerkSystem
[ProfileTransformer] Found legacy perk array with 1 entries
[ProfileTransformer] Migrated 1 perks and 0 research entries

stderr | src/__tests__/lib/tinkerprofiles/aosetups-perk-import.test.ts > ProfileTransformer - AOSetups Perk Import > should handle API errors gracefully
[ProfileTransformer] Failed to fetch perk AOID 260915: Error: Network error
    at /home/quigley/projects/Tinkertools/frontend/src/__tests__/lib/tinkerprofiles/aosetups-perk-import.test.ts:173:61
    at file:///home/quigley/projects/Tinkertools/node_modules/@vitest/runner/dist/index.js:146:14
    at file:///home/quigley/projects/Tinkertools/node_modules/@vitest/runner/dist/index.js:61:7
    at runTest (file:///home/quigley/projects/Tinkertools/node_modules/@vitest/runner/dist/index.js:960:17)
    at processTicksAndRejections (node:internal/process/task_queues:105:5)
    at runSuite (file:///home/quigley/projects/Tinkertools/node_modules/@vitest/runner/dist/index.js:1116:15)
    at runSuite (file:///home/quigley/projects/Tinkertools/node_modules/@vitest/runner/dist/index.js:1116:15)
    at runFiles (file:///home/quigley/projects/Tinkertools/node_modules/@vitest/runner/dist/index.js:1173:5)
    at startTests (file:///home/quigley/projects/Tinkertools/node_modules/@vitest/runner/dist/index.js:1182:3)
    at file:///home/quigley/projects/Tinkertools/node_modules/vitest/dist/chunks/runBaseTests.CyvqmuC9.js:130:11

stdout | src/__tests__/lib/tinkerprofiles/aosetups-perk-import.test.ts > ProfileTransformer - AOSetups Perk Import > should handle AI perks correctly
[ProfileTransformer] Created default profile with 141 skills
[ProfileTransformer] After mapping AOSetups skills, profile has 141 skills
[ProfileTransformer] Fetched complete perk item: Alien Enhancement (level 1, type: AI)
[ProfileTransformer] Migrating profile TestChar to structured PerkSystem
[ProfileTransformer] Found legacy perk array with 1 entries
[ProfileTransformer] Migrated 1 perks and 0 research entries

stdout | src/__tests__/lib/tinkerprofiles/aosetups-perk-import.test.ts > ProfileTransformer - AOSetups Perk Import > should handle LE research perks correctly
[ProfileTransformer] Created default profile with 141 skills
[ProfileTransformer] After mapping AOSetups skills, profile has 141 skills
[ProfileTransformer] Fetched complete perk item: Nano Technology Research (level 1, type: LE)
[ProfileTransformer] Migrating profile TestChar to structured PerkSystem
[ProfileTransformer] Found legacy perk array with 1 entries
[ProfileTransformer] Migrated 0 perks and 1 research entries

 ❯ src/__tests__/lib/tinkerprofiles/aosetups-perk-import.test.ts  (5 tests | 1 failed) 33ms
   × ProfileTransformer - AOSetups Perk Import > should import perks from AOSetups profile with AOID lookup
     → expected 2 to be 5 // Object.is equality
stderr | src/__tests__/views/TinkerPocket.test.ts > TinkerPocket > renders the main TinkerPocket view
[Vue Router warn]: No match found for location with path "/"
[Vue warn]: Failed to resolve directive: tooltip 
  at <FindGear view="symbiants" > 
  at <Anonymous> 
  at <Anonymous activeIndex=0 onUpdate:activeIndex=fn class="pocket-tabs" > 
  at <TinkerPocket ref="VTU_COMPONENT" > 
  at <VTUROOT>
[Vue warn]: injection "Symbol()" not found. 
  at <FindGear view="bosses" > 
  at <Anonymous> 
  at <Anonymous activeIndex=0 onUpdate:activeIndex=fn class="pocket-tabs" > 
  at <TinkerPocket ref="VTU_COMPONENT" > 
  at <VTUROOT>
[Vue warn]: Failed to resolve directive: tooltip 
  at <FindGear view="bosses" > 
  at <Anonymous> 
  at <Anonymous activeIndex=0 onUpdate:activeIndex=fn class="pocket-tabs" > 
  at <TinkerPocket ref="VTU_COMPONENT" > 
  at <VTUROOT>

stderr | src/__tests__/views/TinkerPocket.test.ts > TinkerPocket > displays the header with title and description
[Vue Router warn]: No match found for location with path "/"
[Vue warn]: Failed to resolve directive: tooltip 
  at <FindGear view="symbiants" > 
  at <Anonymous> 
  at <Anonymous activeIndex=0 onUpdate:activeIndex=fn class="pocket-tabs" > 
  at <TinkerPocket ref="VTU_COMPONENT" > 
  at <VTUROOT>
[Vue warn]: injection "Symbol()" not found. 
  at <FindGear view="bosses" > 
  at <Anonymous> 
  at <Anonymous activeIndex=0 onUpdate:activeIndex=fn class="pocket-tabs" > 
  at <TinkerPocket ref="VTU_COMPONENT" > 
  at <VTUROOT>
[Vue warn]: Failed to resolve directive: tooltip 
  at <FindGear view="bosses" > 
  at <Anonymous> 
  at <Anonymous activeIndex=0 onUpdate:activeIndex=fn class="pocket-tabs" > 
  at <TinkerPocket ref="VTU_COMPONENT" > 
  at <VTUROOT>

stderr | src/__tests__/views/TinkerPocket.test.ts > TinkerPocket > displays the beta badge
[Vue Router warn]: No match found for location with path "/"
[Vue warn]: Failed to resolve directive: tooltip 
  at <FindGear view="symbiants" > 
  at <Anonymous> 
  at <Anonymous activeIndex=0 onUpdate:activeIndex=fn class="pocket-tabs" > 
  at <TinkerPocket ref="VTU_COMPONENT" > 
  at <VTUROOT>
[Vue warn]: injection "Symbol()" not found. 
  at <FindGear view="bosses" > 
  at <Anonymous> 
  at <Anonymous activeIndex=0 onUpdate:activeIndex=fn class="pocket-tabs" > 
  at <TinkerPocket ref="VTU_COMPONENT" > 
  at <VTUROOT>
[Vue warn]: Failed to resolve directive: tooltip 
  at <FindGear view="bosses" > 
  at <Anonymous> 
  at <Anonymous activeIndex=0 onUpdate:activeIndex=fn class="pocket-tabs" > 
  at <TinkerPocket ref="VTU_COMPONENT" > 
  at <VTUROOT>

stderr | src/__tests__/views/TinkerPocket.test.ts > TinkerPocket > renders tab navigation
[Vue Router warn]: No match found for location with path "/"
[Vue warn]: Failed to resolve directive: tooltip 
  at <FindGear view="symbiants" > 
  at <Anonymous> 
  at <Anonymous activeIndex=0 onUpdate:activeIndex=fn class="pocket-tabs" > 
  at <TinkerPocket ref="VTU_COMPONENT" > 
  at <VTUROOT>
[Vue warn]: injection "Symbol()" not found. 
  at <FindGear view="bosses" > 
  at <Anonymous> 
  at <Anonymous activeIndex=0 onUpdate:activeIndex=fn class="pocket-tabs" > 
  at <TinkerPocket ref="VTU_COMPONENT" > 
  at <VTUROOT>
[Vue warn]: Failed to resolve directive: tooltip 
  at <FindGear view="bosses" > 
  at <Anonymous> 
  at <Anonymous activeIndex=0 onUpdate:activeIndex=fn class="pocket-tabs" > 
  at <TinkerPocket ref="VTU_COMPONENT" > 
  at <VTUROOT>

stderr | src/__tests__/views/TinkerPocket.test.ts > TinkerPocket > displays all four tab panels
[Vue Router warn]: No match found for location with path "/"
[Vue warn]: Failed to resolve directive: tooltip 
  at <FindGear view="symbiants" > 
  at <Anonymous> 
  at <Anonymous activeIndex=0 onUpdate:activeIndex=fn class="pocket-tabs" > 
  at <TinkerPocket ref="VTU_COMPONENT" > 
  at <VTUROOT>
[Vue warn]: injection "Symbol()" not found. 
  at <FindGear view="bosses" > 
  at <Anonymous> 
  at <Anonymous activeIndex=0 onUpdate:activeIndex=fn class="pocket-tabs" > 
  at <TinkerPocket ref="VTU_COMPONENT" > 
  at <VTUROOT>
[Vue warn]: Failed to resolve directive: tooltip 
  at <FindGear view="bosses" > 
  at <Anonymous> 
  at <Anonymous activeIndex=0 onUpdate:activeIndex=fn class="pocket-tabs" > 
  at <TinkerPocket ref="VTU_COMPONENT" > 
  at <VTUROOT>

stderr | src/__tests__/views/TinkerPocket.test.ts > TinkerPocket > shows loading state initially
[Vue Router warn]: No match found for location with path "/"
[Vue warn]: Failed to resolve directive: tooltip 
  at <FindGear view="symbiants" > 
  at <Anonymous> 
  at <Anonymous activeIndex=0 onUpdate:activeIndex=fn class="pocket-tabs" > 
  at <TinkerPocket ref="VTU_COMPONENT" > 
  at <VTUROOT>
[Vue warn]: injection "Symbol()" not found. 
  at <FindGear view="bosses" > 
  at <Anonymous> 
  at <Anonymous activeIndex=0 onUpdate:activeIndex=fn class="pocket-tabs" > 
  at <TinkerPocket ref="VTU_COMPONENT" > 
  at <VTUROOT>
[Vue warn]: Failed to resolve directive: tooltip 
  at <FindGear view="bosses" > 
  at <Anonymous> 
  at <Anonymous activeIndex=0 onUpdate:activeIndex=fn class="pocket-tabs" > 
  at <TinkerPocket ref="VTU_COMPONENT" > 
  at <VTUROOT>

stderr | src/__tests__/views/TinkerPocket.test.ts > TinkerPocket > shows error state when loading fails
[Vue Router warn]: No match found for location with path "/"
[Vue warn]: Failed to resolve directive: tooltip 
  at <FindGear view="symbiants" > 
  at <Anonymous> 
  at <Anonymous activeIndex=0 onUpdate:activeIndex=fn class="pocket-tabs" > 
  at <TinkerPocket ref="VTU_COMPONENT" > 
  at <VTUROOT>
[Vue warn]: injection "Symbol()" not found. 
  at <FindGear view="bosses" > 
  at <Anonymous> 
  at <Anonymous activeIndex=0 onUpdate:activeIndex=fn class="pocket-tabs" > 
  at <TinkerPocket ref="VTU_COMPONENT" > 
  at <VTUROOT>
[Vue warn]: Failed to resolve directive: tooltip 
  at <FindGear view="bosses" > 
  at <Anonymous> 
  at <Anonymous activeIndex=0 onUpdate:activeIndex=fn class="pocket-tabs" > 
  at <TinkerPocket ref="VTU_COMPONENT" > 
  at <VTUROOT>

stderr | src/__tests__/views/TinkerPocket.test.ts > TinkerPocket > fetches data on mount
[Vue Router warn]: No match found for location with path "/"
[Vue warn]: Failed to resolve directive: tooltip 
  at <FindGear view="symbiants" > 
  at <Anonymous> 
  at <Anonymous activeIndex=0 onUpdate:activeIndex=fn class="pocket-tabs" > 
  at <TinkerPocket ref="VTU_COMPONENT" > 
  at <VTUROOT>
[Vue warn]: injection "Symbol()" not found. 
  at <FindGear view="bosses" > 
  at <Anonymous> 
  at <Anonymous activeIndex=0 onUpdate:activeIndex=fn class="pocket-tabs" > 
  at <TinkerPocket ref="VTU_COMPONENT" > 
  at <VTUROOT>
[Vue warn]: Failed to resolve directive: tooltip 
  at <FindGear view="bosses" > 
  at <Anonymous> 
  at <Anonymous activeIndex=0 onUpdate:activeIndex=fn class="pocket-tabs" > 
  at <TinkerPocket ref="VTU_COMPONENT" > 
  at <VTUROOT>

stderr | src/__tests__/views/TinkerPocket.test.ts > TinkerPocket > handles data loading errors
[Vue Router warn]: No match found for location with path "/"
[Vue warn]: Failed to resolve directive: tooltip 
  at <FindGear view="symbiants" > 
  at <Anonymous> 
  at <Anonymous activeIndex=0 onUpdate:activeIndex=fn class="pocket-tabs" > 
  at <TinkerPocket ref="VTU_COMPONENT" > 
  at <VTUROOT>
[Vue warn]: injection "Symbol()" not found. 
  at <FindGear view="bosses" > 
  at <Anonymous> 
  at <Anonymous activeIndex=0 onUpdate:activeIndex=fn class="pocket-tabs" > 
  at <TinkerPocket ref="VTU_COMPONENT" > 
  at <VTUROOT>
[Vue warn]: Failed to resolve directive: tooltip 
  at <FindGear view="bosses" > 
  at <Anonymous> 
  at <Anonymous activeIndex=0 onUpdate:activeIndex=fn class="pocket-tabs" > 
  at <TinkerPocket ref="VTU_COMPONENT" > 
  at <VTUROOT>

stderr | src/__tests__/views/TinkerPocket.test.ts > TinkerPocket > manages active tab state
[Vue Router warn]: No match found for location with path "/"
[Vue warn]: Failed to resolve directive: tooltip 
  at <FindGear view="symbiants" > 
  at <Anonymous> 
  at <Anonymous activeIndex=0 onUpdate:activeIndex=fn class="pocket-tabs" > 
  at <TinkerPocket ref="VTU_COMPONENT" > 
  at <VTUROOT>
[Vue warn]: injection "Symbol()" not found. 
  at <FindGear view="bosses" > 
  at <Anonymous> 
  at <Anonymous activeIndex=0 onUpdate:activeIndex=fn class="pocket-tabs" > 
  at <TinkerPocket ref="VTU_COMPONENT" > 
  at <VTUROOT>
[Vue warn]: Failed to resolve directive: tooltip 
  at <FindGear view="bosses" > 
  at <Anonymous> 
  at <Anonymous activeIndex=0 onUpdate:activeIndex=fn class="pocket-tabs" > 
  at <TinkerPocket ref="VTU_COMPONENT" > 
  at <VTUROOT>

stderr | src/__tests__/views/TinkerPocket.test.ts > TinkerPocket > displays correct loading message
[Vue Router warn]: No match found for location with path "/"
[Vue warn]: Failed to resolve directive: tooltip 
  at <FindGear view="symbiants" > 
  at <Anonymous> 
  at <Anonymous activeIndex=0 onUpdate:activeIndex=fn class="pocket-tabs" > 
  at <TinkerPocket ref="VTU_COMPONENT" > 
  at <VTUROOT>
[Vue warn]: injection "Symbol()" not found. 
  at <FindGear view="bosses" > 
  at <Anonymous> 
  at <Anonymous activeIndex=0 onUpdate:activeIndex=fn class="pocket-tabs" > 
  at <TinkerPocket ref="VTU_COMPONENT" > 
  at <VTUROOT>
[Vue warn]: Failed to resolve directive: tooltip 
  at <FindGear view="bosses" > 
  at <Anonymous> 
  at <Anonymous activeIndex=0 onUpdate:activeIndex=fn class="pocket-tabs" > 
  at <TinkerPocket ref="VTU_COMPONENT" > 
  at <VTUROOT>

stderr | src/__tests__/views/TinkerPocket.test.ts > TinkerPocket > has correct tab configuration
[Vue Router warn]: No match found for location with path "/"
[Vue warn]: Failed to resolve directive: tooltip 
  at <FindGear view="symbiants" > 
  at <Anonymous> 
  at <Anonymous activeIndex=0 onUpdate:activeIndex=fn class="pocket-tabs" > 
  at <TinkerPocket ref="VTU_COMPONENT" > 
  at <VTUROOT>
[Vue warn]: injection "Symbol()" not found. 
  at <FindGear view="bosses" > 
  at <Anonymous> 
  at <Anonymous activeIndex=0 onUpdate:activeIndex=fn class="pocket-tabs" > 
  at <TinkerPocket ref="VTU_COMPONENT" > 
  at <VTUROOT>
[Vue warn]: Failed to resolve directive: tooltip 
  at <FindGear view="bosses" > 
  at <Anonymous> 
  at <Anonymous activeIndex=0 onUpdate:activeIndex=fn class="pocket-tabs" > 
  at <TinkerPocket ref="VTU_COMPONENT" > 
  at <VTUROOT>

stderr | src/__tests__/views/TinkerPocket.test.ts > TinkerPocket > renders with proper CSS classes
[Vue Router warn]: No match found for location with path "/"
[Vue warn]: Failed to resolve directive: tooltip 
  at <FindGear view="symbiants" > 
  at <Anonymous> 
  at <Anonymous activeIndex=0 onUpdate:activeIndex=fn class="pocket-tabs" > 
  at <TinkerPocket ref="VTU_COMPONENT" > 
  at <VTUROOT>
[Vue warn]: injection "Symbol()" not found. 
  at <FindGear view="bosses" > 
  at <Anonymous> 
  at <Anonymous activeIndex=0 onUpdate:activeIndex=fn class="pocket-tabs" > 
  at <TinkerPocket ref="VTU_COMPONENT" > 
  at <VTUROOT>
[Vue warn]: Failed to resolve directive: tooltip 
  at <FindGear view="bosses" > 
  at <Anonymous> 
  at <Anonymous activeIndex=0 onUpdate:activeIndex=fn class="pocket-tabs" > 
  at <TinkerPocket ref="VTU_COMPONENT" > 
  at <VTUROOT>

stderr | src/__tests__/views/TinkerPocket.test.ts > TinkerPocket > handles successful data loading
[Vue Router warn]: No match found for location with path "/"
[Vue warn]: Failed to resolve directive: tooltip 
  at <FindGear view="symbiants" > 
  at <Anonymous> 
  at <Anonymous activeIndex=0 onUpdate:activeIndex=fn class="pocket-tabs" > 
  at <TinkerPocket ref="VTU_COMPONENT" > 
  at <VTUROOT>
[Vue warn]: injection "Symbol()" not found. 
  at <FindGear view="bosses" > 
  at <Anonymous> 
  at <Anonymous activeIndex=0 onUpdate:activeIndex=fn class="pocket-tabs" > 
  at <TinkerPocket ref="VTU_COMPONENT" > 
  at <VTUROOT>
[Vue warn]: Failed to resolve directive: tooltip 
  at <FindGear view="bosses" > 
  at <Anonymous> 
  at <Anonymous activeIndex=0 onUpdate:activeIndex=fn class="pocket-tabs" > 
  at <TinkerPocket ref="VTU_COMPONENT" > 
  at <VTUROOT>

stderr | src/__tests__/views/TinkerPocket.test.ts > TinkerPocket > provides stores to child components
[Vue Router warn]: No match found for location with path "/"
[Vue warn]: Failed to resolve directive: tooltip 
  at <FindGear view="symbiants" > 
  at <Anonymous> 
  at <Anonymous activeIndex=0 onUpdate:activeIndex=fn class="pocket-tabs" > 
  at <TinkerPocket ref="VTU_COMPONENT" > 
  at <VTUROOT>
[Vue warn]: injection "Symbol()" not found. 
  at <FindGear view="bosses" > 
  at <Anonymous> 
  at <Anonymous activeIndex=0 onUpdate:activeIndex=fn class="pocket-tabs" > 
  at <TinkerPocket ref="VTU_COMPONENT" > 
  at <VTUROOT>
[Vue warn]: Failed to resolve directive: tooltip 
  at <FindGear view="bosses" > 
  at <Anonymous> 
  at <Anonymous activeIndex=0 onUpdate:activeIndex=fn class="pocket-tabs" > 
  at <TinkerPocket ref="VTU_COMPONENT" > 
  at <VTUROOT>

stderr | src/__tests__/views/TinkerPocket.test.ts > TinkerPocket > has proper component structure
[Vue Router warn]: No match found for location with path "/"
[Vue warn]: Failed to resolve directive: tooltip 
  at <FindGear view="symbiants" > 
  at <Anonymous> 
  at <Anonymous activeIndex=0 onUpdate:activeIndex=fn class="pocket-tabs" > 
  at <TinkerPocket ref="VTU_COMPONENT" > 
  at <VTUROOT>
[Vue warn]: injection "Symbol()" not found. 
  at <FindGear view="bosses" > 
  at <Anonymous> 
  at <Anonymous activeIndex=0 onUpdate:activeIndex=fn class="pocket-tabs" > 
  at <TinkerPocket ref="VTU_COMPONENT" > 
  at <VTUROOT>
[Vue warn]: Failed to resolve directive: tooltip 
  at <FindGear view="bosses" > 
  at <Anonymous> 
  at <Anonymous activeIndex=0 onUpdate:activeIndex=fn class="pocket-tabs" > 
  at <TinkerPocket ref="VTU_COMPONENT" > 
  at <VTUROOT>

 ❯ src/__tests__/views/TinkerPocket.test.ts  (16 tests | 16 failed) 353ms
   × TinkerPocket > renders the main TinkerPocket view
     → 'set' on proxy: trap returned falsish for property 'symbiants'
   × TinkerPocket > displays the header with title and description
     → 'set' on proxy: trap returned falsish for property 'symbiants'
   × TinkerPocket > displays the beta badge
     → 'set' on proxy: trap returned falsish for property 'symbiants'
   × TinkerPocket > renders tab navigation
     → 'set' on proxy: trap returned falsish for property 'symbiants'
   × TinkerPocket > displays all four tab panels
     → 'set' on proxy: trap returned falsish for property 'symbiants'
   × TinkerPocket > shows loading state initially
     → 'set' on proxy: trap returned falsish for property 'symbiants'
   × TinkerPocket > shows error state when loading fails
     → 'set' on proxy: trap returned falsish for property 'symbiants'
   × TinkerPocket > fetches data on mount
     → 'set' on proxy: trap returned falsish for property 'symbiants'
   × TinkerPocket > handles data loading errors
     → 'set' on proxy: trap returned falsish for property 'symbiants'
   × TinkerPocket > manages active tab state
     → 'set' on proxy: trap returned falsish for property 'symbiants'
   × TinkerPocket > displays correct loading message
     → 'set' on proxy: trap returned falsish for property 'symbiants'
   × TinkerPocket > has correct tab configuration
     → 'set' on proxy: trap returned falsish for property 'symbiants'
   × TinkerPocket > renders with proper CSS classes
     → 'set' on proxy: trap returned falsish for property 'symbiants'
   × TinkerPocket > handles successful data loading
     → 'set' on proxy: trap returned falsish for property 'symbiants'
   × TinkerPocket > provides stores to child components
     → 'set' on proxy: trap returned falsish for property 'symbiants'
   × TinkerPocket > has proper component structure
     → 'set' on proxy: trap returned falsish for property 'symbiants'
stdout | src/__tests__/e2e/nano-backend.integration.test.ts > TinkerNanos Backend Integration > loads and displays TinkerNanos view
loadNanos called with profession: null
Active profile cleared
No active profile found

stdout | src/__tests__/e2e/nano-backend.integration.test.ts > TinkerNanos Backend Integration > initializes stores and fetches nano data from backend
loadNanos called with profession: null
Active profile cleared
No active profile found

stderr | src/__tests__/views/TinkerPlants.simple.test.ts > TinkerPlants - Simple Tests > Component Initialization > renders without crashing
[Vue warn]: Property "$primevue" was accessed during render but is not defined on instance. 
  at <InputNumber id="ql-input" modelValue=200 onUpdate:modelValue=fn  ... > 
  at <TinkerPlants ref="VTU_COMPONENT" > 
  at <VTUROOT>
[Vue warn]: Extraneous non-props attributes (class) were passed to component but could not be automatically inherited because component renders fragment or text root nodes. 
  at <TabPanel header="Build" class="h-full" > 
  at <TabView class="h-full tinker-plants-tabs" > 
  at <TinkerPlants ref="VTU_COMPONENT" > 
  at <VTUROOT>
[Vue warn]: Property "$primevue" was accessed during render but is not defined on instance. 
  at <Dropdown id="Eye-shiny" modelValue=null onUpdate:modelValue=fn<onUpdate:modelValue>  ... > 
  at <TabPanel header="Build" class="h-full" > 
  at <TabView class="h-full tinker-plants-tabs" > 
  at <TinkerPlants ref="VTU_COMPONENT" > 
  at <VTUROOT>
[Vue warn]: Property "$primevue" was accessed during render but is not defined on instance. 
  at <Dropdown id="Eye-bright" modelValue=null onUpdate:modelValue=fn<onUpdate:modelValue>  ... > 
  at <TabPanel header="Build" class="h-full" > 
  at <TabView class="h-full tinker-plants-tabs" > 
  at <TinkerPlants ref="VTU_COMPONENT" > 
  at <VTUROOT>
[Vue warn]: Property "$primevue" was accessed during render but is not defined on instance. 
  at <Dropdown id="Eye-faded" modelValue=null onUpdate:modelValue=fn<onUpdate:modelValue>  ... > 
  at <TabPanel header="Build" class="h-full" > 
  at <TabView class="h-full tinker-plants-tabs" > 
  at <TinkerPlants ref="VTU_COMPONENT" > 
  at <VTUROOT>
[Vue warn]: Property "$primevue" was accessed during render but is not defined on instance. 
  at <InputNumber id="Eye-ql" modelValue=200 onUpdate:modelValue=fn<onUpdate:modelValue>  ... > 
  at <TabPanel header="Build" class="h-full" > 
  at <TabView class="h-full tinker-plants-tabs" > 
  at <TinkerPlants ref="VTU_COMPONENT" > 
  at <VTUROOT>
[Vue warn]: Property "$primevue" was accessed during render but is not defined on instance. 
  at <Dropdown id="Head-shiny" modelValue=null onUpdate:modelValue=fn<onUpdate:modelValue>  ... > 
  at <TabPanel header="Build" class="h-full" > 
  at <TabView class="h-full tinker-plants-tabs" > 
  at <TinkerPlants ref="VTU_COMPONENT" > 
  at <VTUROOT>
[Vue warn]: Property "$primevue" was accessed during render but is not defined on instance. 
  at <Dropdown id="Head-bright" modelValue=null onUpdate:modelValue=fn<onUpdate:modelValue>  ... > 
  at <TabPanel header="Build" class="h-full" > 
  at <TabView class="h-full tinker-plants-tabs" > 
  at <TinkerPlants ref="VTU_COMPONENT" > 
  at <VTUROOT>
[Vue warn]: Property "$primevue" was accessed during render but is not defined on instance. 
  at <Dropdown id="Head-faded" modelValue=null onUpdate:modelValue=fn<onUpdate:modelValue>  ... > 
  at <TabPanel header="Build" class="h-full" > 
  at <TabView class="h-full tinker-plants-tabs" > 
  at <TinkerPlants ref="VTU_COMPONENT" > 
  at <VTUROOT>
[Vue warn]: Property "$primevue" was accessed during render but is not defined on instance. 
  at <InputNumber id="Head-ql" modelValue=200 onUpdate:modelValue=fn<onUpdate:modelValue>  ... > 
  at <TabPanel header="Build" class="h-full" > 
  at <TabView class="h-full tinker-plants-tabs" > 
  at <TinkerPlants ref="VTU_COMPONENT" > 
  at <VTUROOT>
[Vue warn]: Property "$primevue" was accessed during render but is not defined on instance. 
  at <Dropdown id="Ear-shiny" modelValue=null onUpdate:modelValue=fn<onUpdate:modelValue>  ... > 
  at <TabPanel header="Build" class="h-full" > 
  at <TabView class="h-full tinker-plants-tabs" > 
  at <TinkerPlants ref="VTU_COMPONENT" > 
  at <VTUROOT>
[Vue warn]: Property "$primevue" was accessed during render but is not defined on instance. 
  at <Dropdown id="Ear-bright" modelValue=null onUpdate:modelValue=fn<onUpdate:modelValue>  ... > 
  at <TabPanel header="Build" class="h-full" > 
  at <TabView class="h-full tinker-plants-tabs" > 
  at <TinkerPlants ref="VTU_COMPONENT" > 
  at <VTUROOT>
[Vue warn]: Property "$primevue" was accessed during render but is not defined on instance. 
  at <Dropdown id="Ear-faded" modelValue=null onUpdate:modelValue=fn<onUpdate:modelValue>  ... > 
  at <TabPanel header="Build" class="h-full" > 
  at <TabView class="h-full tinker-plants-tabs" > 
  at <TinkerPlants ref="VTU_COMPONENT" > 
  at <VTUROOT>
[Vue warn]: Property "$primevue" was accessed during render but is not defined on instance. 
  at <InputNumber id="Ear-ql" modelValue=200 onUpdate:modelValue=fn<onUpdate:modelValue>  ... > 
  at <TabPanel header="Build" class="h-full" > 
  at <TabView class="h-full tinker-plants-tabs" > 
  at <TinkerPlants ref="VTU_COMPONENT" > 
  at <VTUROOT>
[Vue warn]: Property "$primevue" was accessed during render but is not defined on instance. 
  at <Dropdown id="Right Arm-shiny" modelValue=null onUpdate:modelValue=fn<onUpdate:modelValue>  ... > 
  at <TabPanel header="Build" class="h-full" > 
  at <TabView class="h-full tinker-plants-tabs" > 
  at <TinkerPlants ref="VTU_COMPONENT" > 
  at <VTUROOT>
[Vue warn]: Property "$primevue" was accessed during render but is not defined on instance. 
  at <Dropdown id="Right Arm-bright" modelValue=null onUpdate:modelValue=fn<onUpdate:modelValue>  ... > 
  at <TabPanel header="Build" class="h-full" > 
  at <TabView class="h-full tinker-plants-tabs" > 
  at <TinkerPlants ref="VTU_COMPONENT" > 
  at <VTUROOT>
[Vue warn]: Property "$primevue" was accessed during render but is not defined on instance. 
  at <Dropdown id="Right Arm-faded" modelValue=null onUpdate:modelValue=fn<onUpdate:modelValue>  ... > 
  at <TabPanel header="Build" class="h-full" > 
  at <TabView class="h-full tinker-plants-tabs" > 
  at <TinkerPlants ref="VTU_COMPONENT" > 
  at <VTUROOT>
[Vue warn]: Property "$primevue" was accessed during render but is not defined on instance. 
  at <InputNumber id="Right Arm-ql" modelValue=200 onUpdate:modelValue=fn<onUpdate:modelValue>  ... > 
  at <TabPanel header="Build" class="h-full" > 
  at <TabView class="h-full tinker-plants-tabs" > 
  at <TinkerPlants ref="VTU_COMPONENT" > 
  at <VTUROOT>
[Vue warn]: Property "$primevue" was accessed during render but is not defined on instance. 
  at <Dropdown id="Chest-shiny" modelValue=null onUpdate:modelValue=fn<onUpdate:modelValue>  ... > 
  at <TabPanel header="Build" class="h-full" > 
  at <TabView class="h-full tinker-plants-tabs" > 
  at <TinkerPlants ref="VTU_COMPONENT" > 
  at <VTUROOT>
[Vue warn]: Property "$primevue" was accessed during render but is not defined on instance. 
  at <Dropdown id="Chest-bright" modelValue=null onUpdate:modelValue=fn<onUpdate:modelValue>  ... > 
  at <TabPanel header="Build" class="h-full" > 
  at <TabView class="h-full tinker-plants-tabs" > 
  at <TinkerPlants ref="VTU_COMPONENT" > 
  at <VTUROOT>
[Vue warn]: Property "$primevue" was accessed during render but is not defined on instance. 
  at <Dropdown id="Chest-faded" modelValue=null onUpdate:modelValue=fn<onUpdate:modelValue>  ... > 
  at <TabPanel header="Build" class="h-full" > 
  at <TabView class="h-full tinker-plants-tabs" > 
  at <TinkerPlants ref="VTU_COMPONENT" > 
  at <VTUROOT>
[Vue warn]: Property "$primevue" was accessed during render but is not defined on instance. 
  at <InputNumber id="Chest-ql" modelValue=200 onUpdate:modelValue=fn<onUpdate:modelValue>  ... > 
  at <TabPanel header="Build" class="h-full" > 
  at <TabView class="h-full tinker-plants-tabs" > 
  at <TinkerPlants ref="VTU_COMPONENT" > 
  at <VTUROOT>
[Vue warn]: Property "$primevue" was accessed during render but is not defined on instance. 
  at <Dropdown id="Left Arm-shiny" modelValue=null onUpdate:modelValue=fn<onUpdate:modelValue>  ... > 
  at <TabPanel header="Build" class="h-full" > 
  at <TabView class="h-full tinker-plants-tabs" > 
  at <TinkerPlants ref="VTU_COMPONENT" > 
  at <VTUROOT>
[Vue warn]: Property "$primevue" was accessed during render but is not defined on instance. 
  at <Dropdown id="Left Arm-bright" modelValue=null onUpdate:modelValue=fn<onUpdate:modelValue>  ... > 
  at <TabPanel header="Build" class="h-full" > 
  at <TabView class="h-full tinker-plants-tabs" > 
  at <TinkerPlants ref="VTU_COMPONENT" > 
  at <VTUROOT>
[Vue warn]: Property "$primevue" was accessed during render but is not defined on instance. 
  at <Dropdown id="Left Arm-faded" modelValue=null onUpdate:modelValue=fn<onUpdate:modelValue>  ... > 
  at <TabPanel header="Build" class="h-full" > 
  at <TabView class="h-full tinker-plants-tabs" > 
  at <TinkerPlants ref="VTU_COMPONENT" > 
  at <VTUROOT>
[Vue warn]: Property "$primevue" was accessed during render but is not defined on instance. 
  at <InputNumber id="Left Arm-ql" modelValue=200 onUpdate:modelValue=fn<onUpdate:modelValue>  ... > 
  at <TabPanel header="Build" class="h-full" > 
  at <TabView class="h-full tinker-plants-tabs" > 
  at <TinkerPlants ref="VTU_COMPONENT" > 
  at <VTUROOT>
[Vue warn]: Property "$primevue" was accessed during render but is not defined on instance. 
  at <Dropdown id="Right Wrist-shiny" modelValue=null onUpdate:modelValue=fn<onUpdate:modelValue>  ... > 
  at <TabPanel header="Build" class="h-full" > 
  at <TabView class="h-full tinker-plants-tabs" > 
  at <TinkerPlants ref="VTU_COMPONENT" > 
  at <VTUROOT>
[Vue warn]: Property "$primevue" was accessed during render but is not defined on instance. 
  at <Dropdown id="Right Wrist-bright" modelValue=null onUpdate:modelValue=fn<onUpdate:modelValue>  ... > 
  at <TabPanel header="Build" class="h-full" > 
  at <TabView class="h-full tinker-plants-tabs" > 
  at <TinkerPlants ref="VTU_COMPONENT" > 
  at <VTUROOT>
[Vue warn]: Property "$primevue" was accessed during render but is not defined on instance. 
  at <Dropdown id="Right Wrist-faded" modelValue=null onUpdate:modelValue=fn<onUpdate:modelValue>  ... > 
  at <TabPanel header="Build" class="h-full" > 
  at <TabView class="h-full tinker-plants-tabs" > 
  at <TinkerPlants ref="VTU_COMPONENT" > 
  at <VTUROOT>
[Vue warn]: Property "$primevue" was accessed during render but is not defined on instance. 
  at <InputNumber id="Right Wrist-ql" modelValue=200 onUpdate:modelValue=fn<onUpdate:modelValue>  ... > 
  at <TabPanel header="Build" class="h-full" > 
  at <TabView class="h-full tinker-plants-tabs" > 
  at <TinkerPlants ref="VTU_COMPONENT" > 
  at <VTUROOT>
[Vue warn]: Property "$primevue" was accessed during render but is not defined on instance. 
  at <Dropdown id="Waist-shiny" modelValue=null onUpdate:modelValue=fn<onUpdate:modelValue>  ... > 
  at <TabPanel header="Build" class="h-full" > 
  at <TabView class="h-full tinker-plants-tabs" > 
  at <TinkerPlants ref="VTU_COMPONENT" > 
  at <VTUROOT>
[Vue warn]: Property "$primevue" was accessed during render but is not defined on instance. 
  at <Dropdown id="Waist-bright" modelValue=null onUpdate:modelValue=fn<onUpdate:modelValue>  ... > 
  at <TabPanel header="Build" class="h-full" > 
  at <TabView class="h-full tinker-plants-tabs" > 
  at <TinkerPlants ref="VTU_COMPONENT" > 
  at <VTUROOT>
[Vue warn]: Property "$primevue" was accessed during render but is not defined on instance. 
  at <Dropdown id="Waist-faded" modelValue=null onUpdate:modelValue=fn<onUpdate:modelValue>  ... > 
  at <TabPanel header="Build" class="h-full" > 
  at <TabView class="h-full tinker-plants-tabs" > 
  at <TinkerPlants ref="VTU_COMPONENT" > 
  at <VTUROOT>
[Vue warn]: Property "$primevue" was accessed during render but is not defined on instance. 
  at <InputNumber id="Waist-ql" modelValue=200 onUpdate:modelValue=fn<onUpdate:modelValue>  ... > 
  at <TabPanel header="Build" class="h-full" > 
  at <TabView class="h-full tinker-plants-tabs" > 
  at <TinkerPlants ref="VTU_COMPONENT" > 
  at <VTUROOT>
[Vue warn]: Property "$primevue" was accessed during render but is not defined on instance. 
  at <Dropdown id="Left Wrist-shiny" modelValue=null onUpdate:modelValue=fn<onUpdate:modelValue>  ... > 
  at <TabPanel header="Build" class="h-full" > 
  at <TabView class="h-full tinker-plants-tabs" > 
  at <TinkerPlants ref="VTU_COMPONENT" > 
  at <VTUROOT>
[Vue warn]: Property "$primevue" was accessed during render but is not defined on instance. 
  at <Dropdown id="Left Wrist-bright" modelValue=null onUpdate:modelValue=fn<onUpdate:modelValue>  ... > 
  at <TabPanel header="Build" class="h-full" > 
  at <TabView class="h-full tinker-plants-tabs" > 
  at <TinkerPlants ref="VTU_COMPONENT" > 
  at <VTUROOT>
[Vue warn]: Property "$primevue" was accessed during render but is not defined on instance. 
  at <Dropdown id="Left Wrist-faded" modelValue=null onUpdate:modelValue=fn<onUpdate:modelValue>  ... > 
  at <TabPanel header="Build" class="h-full" > 
  at <TabView class="h-full tinker-plants-tabs" > 
  at <TinkerPlants ref="VTU_COMPONENT" > 
  at <VTUROOT>
[Vue warn]: Property "$primevue" was accessed during render but is not defined on instance. 
  at <InputNumber id="Left Wrist-ql" modelValue=200 onUpdate:modelValue=fn<onUpdate:modelValue>  ... > 
  at <TabPanel header="Build" class="h-full" > 
  at <TabView class="h-full tinker-plants-tabs" > 
  at <TinkerPlants ref="VTU_COMPONENT" > 
  at <VTUROOT>
[Vue warn]: Property "$primevue" was accessed during render but is not defined on instance. 
  at <Dropdown id="Right Hand-shiny" modelValue=null onUpdate:modelValue=fn<onUpdate:modelValue>  ... > 
  at <TabPanel header="Build" class="h-full" > 
  at <TabView class="h-full tinker-plants-tabs" > 
  at <TinkerPlants ref="VTU_COMPONENT" > 
  at <VTUROOT>
[Vue warn]: Property "$primevue" was accessed during render but is not defined on instance. 
  at <Dropdown id="Right Hand-bright" modelValue=null onUpdate:modelValue=fn<onUpdate:modelValue>  ... > 
  at <TabPanel header="Build" class="h-full" > 
  at <TabView class="h-full tinker-plants-tabs" > 
  at <TinkerPlants ref="VTU_COMPONENT" > 
  at <VTUROOT>
[Vue warn]: Property "$primevue" was accessed during render but is not defined on instance. 
  at <Dropdown id="Right Hand-faded" modelValue=null onUpdate:modelValue=fn<onUpdate:modelValue>  ... > 
  at <TabPanel header="Build" class="h-full" > 
  at <TabView class="h-full tinker-plants-tabs" > 
  at <TinkerPlants ref="VTU_COMPONENT" > 
  at <VTUROOT>
[Vue warn]: Property "$primevue" was accessed during render but is not defined on instance. 
  at <InputNumber id="Right Hand-ql" modelValue=200 onUpdate:modelValue=fn<onUpdate:modelValue>  ... > 
  at <TabPanel header="Build" class="h-full" > 
  at <TabView class="h-full tinker-plants-tabs" > 
  at <TinkerPlants ref="VTU_COMPONENT" > 
  at <VTUROOT>
[Vue warn]: Property "$primevue" was accessed during render but is not defined on instance. 
  at <Dropdown id="Leg-shiny" modelValue=null onUpdate:modelValue=fn<onUpdate:modelValue>  ... > 
  at <TabPanel header="Build" class="h-full" > 
  at <TabView class="h-full tinker-plants-tabs" > 
  at <TinkerPlants ref="VTU_COMPONENT" > 
  at <VTUROOT>
[Vue warn]: Property "$primevue" was accessed during render but is not defined on instance. 
  at <Dropdown id="Leg-bright" modelValue=null onUpdate:modelValue=fn<onUpdate:modelValue>  ... > 
  at <TabPanel header="Build" class="h-full" > 
  at <TabView class="h-full tinker-plants-tabs" > 
  at <TinkerPlants ref="VTU_COMPONENT" > 
  at <VTUROOT>
[Vue warn]: Property "$primevue" was accessed during render but is not defined on instance. 
  at <Dropdown id="Leg-faded" modelValue=null onUpdate:modelValue=fn<onUpdate:modelValue>  ... > 
  at <TabPanel header="Build" class="h-full" > 
  at <TabView class="h-full tinker-plants-tabs" > 
  at <TinkerPlants ref="VTU_COMPONENT" > 
  at <VTUROOT>
[Vue warn]: Property "$primevue" was accessed during render but is not defined on instance. 
  at <InputNumber id="Leg-ql" modelValue=200 onUpdate:modelValue=fn<onUpdate:modelValue>  ... > 
  at <TabPanel header="Build" class="h-full" > 
  at <TabView class="h-full tinker-plants-tabs" > 
  at <TinkerPlants ref="VTU_COMPONENT" > 
  at <VTUROOT>
[Vue warn]: Property "$primevue" was accessed during render but is not defined on instance. 
  at <Dropdown id="Left Hand-shiny" modelValue=null onUpdate:modelValue=fn<onUpdate:modelValue>  ... > 
  at <TabPanel header="Build" class="h-full" > 
  at <TabView class="h-full tinker-plants-tabs" > 
  at <TinkerPlants ref="VTU_COMPONENT" > 
  at <VTUROOT>
[Vue warn]: Property "$primevue" was accessed during render but is not defined on instance. 
  at <Dropdown id="Left Hand-bright" modelValue=null onUpdate:modelValue=fn<onUpdate:modelValue>  ... > 
  at <TabPanel header="Build" class="h-full" > 
  at <TabView class="h-full tinker-plants-tabs" > 
  at <TinkerPlants ref="VTU_COMPONENT" > 
  at <VTUROOT>
[Vue warn]: Property "$primevue" was accessed during render but is not defined on instance. 
  at <Dropdown id="Left Hand-faded" modelValue=null onUpdate:modelValue=fn<onUpdate:modelValue>  ... > 
  at <TabPanel header="Build" class="h-full" > 
  at <TabView class="h-full tinker-plants-tabs" > 
  at <TinkerPlants ref="VTU_COMPONENT" > 
  at <VTUROOT>
[Vue warn]: Property "$primevue" was accessed during render but is not defined on instance. 
  at <InputNumber id="Left Hand-ql" modelValue=200 onUpdate:modelValue=fn<onUpdate:modelValue>  ... > 
  at <TabPanel header="Build" class="h-full" > 
  at <TabView class="h-full tinker-plants-tabs" > 
  at <TinkerPlants ref="VTU_COMPONENT" > 
  at <VTUROOT>
[Vue warn]: Property "$primevue" was accessed during render but is not defined on instance. 
  at <Dropdown id="Feet-shiny" modelValue=null onUpdate:modelValue=fn<onUpdate:modelValue>  ... > 
  at <TabPanel header="Build" class="h-full" > 
  at <TabView class="h-full tinker-plants-tabs" > 
  at <TinkerPlants ref="VTU_COMPONENT" > 
  at <VTUROOT>
[Vue warn]: Property "$primevue" was accessed during render but is not defined on instance. 
  at <Dropdown id="Feet-bright" modelValue=null onUpdate:modelValue=fn<onUpdate:modelValue>  ... > 
  at <TabPanel header="Build" class="h-full" > 
  at <TabView class="h-full tinker-plants-tabs" > 
  at <TinkerPlants ref="VTU_COMPONENT" > 
  at <VTUROOT>
[Vue warn]: Property "$primevue" was accessed during render but is not defined on instance. 
  at <Dropdown id="Feet-faded" modelValue=null onUpdate:modelValue=fn<onUpdate:modelValue>  ... > 
  at <TabPanel header="Build" class="h-full" > 
  at <TabView class="h-full tinker-plants-tabs" > 
  at <TinkerPlants ref="VTU_COMPONENT" > 
  at <VTUROOT>
[Vue warn]: Property "$primevue" was accessed during render but is not defined on instance. 
  at <InputNumber id="Feet-ql" modelValue=200 onUpdate:modelValue=fn<onUpdate:modelValue>  ... > 
  at <TabPanel header="Build" class="h-full" > 
  at <TabView class="h-full tinker-plants-tabs" > 
  at <TinkerPlants ref="VTU_COMPONENT" > 
  at <VTUROOT>
[Vue warn]: Extraneous non-props attributes (class) were passed to component but could not be automatically inherited because component renders fragment or text root nodes. 
  at <TabPanel header="Construction" class="h-full" > 
  at <TabView class="h-full tinker-plants-tabs" > 
  at <TinkerPlants ref="VTU_COMPONENT" > 
  at <VTUROOT>
[Vue warn]: Extraneous non-props attributes (class) were passed to component but could not be automatically inherited because component renders fragment or text root nodes. 
  at <TabPanel header="Build" class="h-full" > 
  at <TabView class="h-full tinker-plants-tabs" > 
  at <TinkerPlants ref="VTU_COMPONENT" > 
  at <VTUROOT>
[Vue warn]: Property "$primevue" was accessed during render but is not defined on instance. 
  at <Dropdown id="Eye-shiny" modelValue=null onUpdate:modelValue=fn<onUpdate:modelValue>  ... > 
  at <TabPanel header="Build" class="h-full" > 
  at <TabView class="h-full tinker-plants-tabs" > 
  at <TinkerPlants ref="VTU_COMPONENT" > 
  at <VTUROOT>
[Vue warn]: Property "$primevue" was accessed during render but is not defined on instance. 
  at <Dropdown id="Eye-bright" modelValue=null onUpdate:modelValue=fn<onUpdate:modelValue>  ... > 
  at <TabPanel header="Build" class="h-full" > 
  at <TabView class="h-full tinker-plants-tabs" > 
  at <TinkerPlants ref="VTU_COMPONENT" > 
  at <VTUROOT>
[Vue warn]: Property "$primevue" was accessed during render but is not defined on instance. 
  at <Dropdown id="Eye-faded" modelValue=null onUpdate:modelValue=fn<onUpdate:modelValue>  ... > 
  at <TabPanel header="Build" class="h-full" > 
  at <TabView class="h-full tinker-plants-tabs" > 
  at <TinkerPlants ref="VTU_COMPONENT" > 
  at <VTUROOT>
[Vue warn]: Property "$primevue" was accessed during render but is not defined on instance. 
  at <Dropdown id="Head-shiny" modelValue=null onUpdate:modelValue=fn<onUpdate:modelValue>  ... > 
  at <TabPanel header="Build" class="h-full" > 
  at <TabView class="h-full tinker-plants-tabs" > 
  at <TinkerPlants ref="VTU_COMPONENT" > 
  at <VTUROOT>
[Vue warn]: Property "$primevue" was accessed during render but is not defined on instance. 
  at <Dropdown id="Head-bright" modelValue=null onUpdate:modelValue=fn<onUpdate:modelValue>  ... > 
  at <TabPanel header="Build" class="h-full" > 
  at <TabView class="h-full tinker-plants-tabs" > 
  at <TinkerPlants ref="VTU_COMPONENT" > 
  at <VTUROOT>
[Vue warn]: Property "$primevue" was accessed during render but is not defined on instance. 
  at <Dropdown id="Head-faded" modelValue=null onUpdate:modelValue=fn<onUpdate:modelValue>  ... > 
  at <TabPanel header="Build" class="h-full" > 
  at <TabView class="h-full tinker-plants-tabs" > 
  at <TinkerPlants ref="VTU_COMPONENT" > 
  at <VTUROOT>
[Vue warn]: Property "$primevue" was accessed during render but is not defined on instance. 
  at <Dropdown id="Ear-shiny" modelValue=null onUpdate:modelValue=fn<onUpdate:modelValue>  ... > 
  at <TabPanel header="Build" class="h-full" > 
  at <TabView class="h-full tinker-plants-tabs" > 
  at <TinkerPlants ref="VTU_COMPONENT" > 
  at <VTUROOT>
[Vue warn]: Property "$primevue" was accessed during render but is not defined on instance. 
  at <Dropdown id="Ear-bright" modelValue=null onUpdate:modelValue=fn<onUpdate:modelValue>  ... > 
  at <TabPanel header="Build" class="h-full" > 
  at <TabView class="h-full tinker-plants-tabs" > 
  at <TinkerPlants ref="VTU_COMPONENT" > 
  at <VTUROOT>
[Vue warn]: Property "$primevue" was accessed during render but is not defined on instance. 
  at <Dropdown id="Ear-faded" modelValue=null onUpdate:modelValue=fn<onUpdate:modelValue>  ... > 
  at <TabPanel header="Build" class="h-full" > 
  at <TabView class="h-full tinker-plants-tabs" > 
  at <TinkerPlants ref="VTU_COMPONENT" > 
  at <VTUROOT>
[Vue warn]: Property "$primevue" was accessed during render but is not defined on instance. 
  at <Dropdown id="Right Arm-shiny" modelValue=null onUpdate:modelValue=fn<onUpdate:modelValue>  ... > 
  at <TabPanel header="Build" class="h-full" > 
  at <TabView class="h-full tinker-plants-tabs" > 
  at <TinkerPlants ref="VTU_COMPONENT" > 
  at <VTUROOT>
[Vue warn]: Property "$primevue" was accessed during render but is not defined on instance. 
  at <Dropdown id="Right Arm-bright" modelValue=null onUpdate:modelValue=fn<onUpdate:modelValue>  ... > 
  at <TabPanel header="Build" class="h-full" > 
  at <TabView class="h-full tinker-plants-tabs" > 
  at <TinkerPlants ref="VTU_COMPONENT" > 
  at <VTUROOT>
[Vue warn]: Property "$primevue" was accessed during render but is not defined on instance. 
  at <Dropdown id="Right Arm-faded" modelValue=null onUpdate:modelValue=fn<onUpdate:modelValue>  ... > 
  at <TabPanel header="Build" class="h-full" > 
  at <TabView class="h-full tinker-plants-tabs" > 
  at <TinkerPlants ref="VTU_COMPONENT" > 
  at <VTUROOT>
[Vue warn]: Property "$primevue" was accessed during render but is not defined on instance. 
  at <Dropdown id="Chest-shiny" modelValue=null onUpdate:modelValue=fn<onUpdate:modelValue>  ... > 
  at <TabPanel header="Build" class="h-full" > 
  at <TabView class="h-full tinker-plants-tabs" > 
  at <TinkerPlants ref="VTU_COMPONENT" > 
  at <VTUROOT>
[Vue warn]: Property "$primevue" was accessed during render but is not defined on instance. 
  at <Dropdown id="Chest-bright" modelValue=null onUpdate:modelValue=fn<onUpdate:modelValue>  ... > 
  at <TabPanel header="Build" class="h-full" > 
  at <TabView class="h-full tinker-plants-tabs" > 
  at <TinkerPlants ref="VTU_COMPONENT" > 
  at <VTUROOT>
[Vue warn]: Property "$primevue" was accessed during render but is not defined on instance. 
  at <Dropdown id="Chest-faded" modelValue=null onUpdate:modelValue=fn<onUpdate:modelValue>  ... > 
  at <TabPanel header="Build" class="h-full" > 
  at <TabView class="h-full tinker-plants-tabs" > 
  at <TinkerPlants ref="VTU_COMPONENT" > 
  at <VTUROOT>
[Vue warn]: Property "$primevue" was accessed during render but is not defined on instance. 
  at <Dropdown id="Left Arm-shiny" modelValue=null onUpdate:modelValue=fn<onUpdate:modelValue>  ... > 
  at <TabPanel header="Build" class="h-full" > 
  at <TabView class="h-full tinker-plants-tabs" > 
  at <TinkerPlants ref="VTU_COMPONENT" > 
  at <VTUROOT>
[Vue warn]: Property "$primevue" was accessed during render but is not defined on instance. 
  at <Dropdown id="Left Arm-bright" modelValue=null onUpdate:modelValue=fn<onUpdate:modelValue>  ... > 
  at <TabPanel header="Build" class="h-full" > 
  at <TabView class="h-full tinker-plants-tabs" > 
  at <TinkerPlants ref="VTU_COMPONENT" > 
  at <VTUROOT>
[Vue warn]: Property "$primevue" was accessed during render but is not defined on instance. 
  at <Dropdown id="Left Arm-faded" modelValue=null onUpdate:modelValue=fn<onUpdate:modelValue>  ... > 
  at <TabPanel header="Build" class="h-full" > 
  at <TabView class="h-full tinker-plants-tabs" > 
  at <TinkerPlants ref="VTU_COMPONENT" > 
  at <VTUROOT>
[Vue warn]: Property "$primevue" was accessed during render but is not defined on instance. 
  at <Dropdown id="Right Wrist-shiny" modelValue=null onUpdate:modelValue=fn<onUpdate:modelValue>  ... > 
  at <TabPanel header="Build" class="h-full" > 
  at <TabView class="h-full tinker-plants-tabs" > 
  at <TinkerPlants ref="VTU_COMPONENT" > 
  at <VTUROOT>
[Vue warn]: Property "$primevue" was accessed during render but is not defined on instance. 
  at <Dropdown id="Right Wrist-bright" modelValue=null onUpdate:modelValue=fn<onUpdate:modelValue>  ... > 
  at <TabPanel header="Build" class="h-full" > 
  at <TabView class="h-full tinker-plants-tabs" > 
  at <TinkerPlants ref="VTU_COMPONENT" > 
  at <VTUROOT>
[Vue warn]: Property "$primevue" was accessed during render but is not defined on instance. 
  at <Dropdown id="Right Wrist-faded" modelValue=null onUpdate:modelValue=fn<onUpdate:modelValue>  ... > 
  at <TabPanel header="Build" class="h-full" > 
  at <TabView class="h-full tinker-plants-tabs" > 
  at <TinkerPlants ref="VTU_COMPONENT" > 
  at <VTUROOT>
[Vue warn]: Property "$primevue" was accessed during render but is not defined on instance. 
  at <Dropdown id="Waist-shiny" modelValue=null onUpdate:modelValue=fn<onUpdate:modelValue>  ... > 
  at <TabPanel header="Build" class="h-full" > 
  at <TabView class="h-full tinker-plants-tabs" > 
  at <TinkerPlants ref="VTU_COMPONENT" > 
  at <VTUROOT>
[Vue warn]: Property "$primevue" was accessed during render but is not defined on instance. 
  at <Dropdown id="Waist-bright" modelValue=null onUpdate:modelValue=fn<onUpdate:modelValue>  ... > 
  at <TabPanel header="Build" class="h-full" > 
  at <TabView class="h-full tinker-plants-tabs" > 
  at <TinkerPlants ref="VTU_COMPONENT" > 
  at <VTUROOT>
[Vue warn]: Property "$primevue" was accessed during render but is not defined on instance. 
  at <Dropdown id="Waist-faded" modelValue=null onUpdate:modelValue=fn<onUpdate:modelValue>  ... > 
  at <TabPanel header="Build" class="h-full" > 
  at <TabView class="h-full tinker-plants-tabs" > 
  at <TinkerPlants ref="VTU_COMPONENT" > 
  at <VTUROOT>
[Vue warn]: Property "$primevue" was accessed during render but is not defined on instance. 
  at <Dropdown id="Left Wrist-shiny" modelValue=null onUpdate:modelValue=fn<onUpdate:modelValue>  ... > 
  at <TabPanel header="Build" class="h-full" > 
  at <TabView class="h-full tinker-plants-tabs" > 
  at <TinkerPlants ref="VTU_COMPONENT" > 
  at <VTUROOT>
[Vue warn]: Property "$primevue" was accessed during render but is not defined on instance. 
  at <Dropdown id="Left Wrist-bright" modelValue=null onUpdate:modelValue=fn<onUpdate:modelValue>  ... > 
  at <TabPanel header="Build" class="h-full" > 
  at <TabView class="h-full tinker-plants-tabs" > 
  at <TinkerPlants ref="VTU_COMPONENT" > 
  at <VTUROOT>
[Vue warn]: Property "$primevue" was accessed during render but is not defined on instance. 
  at <Dropdown id="Left Wrist-faded" modelValue=null onUpdate:modelValue=fn<onUpdate:modelValue>  ... > 
  at <TabPanel header="Build" class="h-full" > 
  at <TabView class="h-full tinker-plants-tabs" > 
  at <TinkerPlants ref="VTU_COMPONENT" > 
  at <VTUROOT>
[Vue warn]: Property "$primevue" was accessed during render but is not defined on instance. 
  at <Dropdown id="Right Hand-shiny" modelValue=null onUpdate:modelValue=fn<onUpdate:modelValue>  ... > 
  at <TabPanel header="Build" class="h-full" > 
  at <TabView class="h-full tinker-plants-tabs" > 
  at <TinkerPlants ref="VTU_COMPONENT" > 
  at <VTUROOT>
[Vue warn]: Property "$primevue" was accessed during render but is not defined on instance. 
  at <Dropdown id="Right Hand-bright" modelValue=null onUpdate:modelValue=fn<onUpdate:modelValue>  ... > 
  at <TabPanel header="Build" class="h-full" > 
  at <TabView class="h-full tinker-plants-tabs" > 
  at <TinkerPlants ref="VTU_COMPONENT" > 
  at <VTUROOT>
[Vue warn]: Property "$primevue" was accessed during render but is not defined on instance. 
  at <Dropdown id="Right Hand-faded" modelValue=null onUpdate:modelValue=fn<onUpdate:modelValue>  ... > 
  at <TabPanel header="Build" class="h-full" > 
  at <TabView class="h-full tinker-plants-tabs" > 
  at <TinkerPlants ref="VTU_COMPONENT" > 
  at <VTUROOT>
[Vue warn]: Property "$primevue" was accessed during render but is not defined on instance. 
  at <Dropdown id="Leg-shiny" modelValue=null onUpdate:modelValue=fn<onUpdate:modelValue>  ... > 
  at <TabPanel header="Build" class="h-full" > 
  at <TabView class="h-full tinker-plants-tabs" > 
  at <TinkerPlants ref="VTU_COMPONENT" > 
  at <VTUROOT>
[Vue warn]: Property "$primevue" was accessed during render but is not defined on instance. 
  at <Dropdown id="Leg-bright" modelValue=null onUpdate:modelValue=fn<onUpdate:modelValue>  ... > 
  at <TabPanel header="Build" class="h-full" > 
  at <TabView class="h-full tinker-plants-tabs" > 
  at <TinkerPlants ref="VTU_COMPONENT" > 
  at <VTUROOT>
[Vue warn]: Property "$primevue" was accessed during render but is not defined on instance. 
  at <Dropdown id="Leg-faded" modelValue=null onUpdate:modelValue=fn<onUpdate:modelValue>  ... > 
  at <TabPanel header="Build" class="h-full" > 
  at <TabView class="h-full tinker-plants-tabs" > 
  at <TinkerPlants ref="VTU_COMPONENT" > 
  at <VTUROOT>
[Vue warn]: Property "$primevue" was accessed during render but is not defined on instance. 
  at <Dropdown id="Left Hand-shiny" modelValue=null onUpdate:modelValue=fn<onUpdate:modelValue>  ... > 
  at <TabPanel header="Build" class="h-full" > 
  at <TabView class="h-full tinker-plants-tabs" > 
  at <TinkerPlants ref="VTU_COMPONENT" > 
  at <VTUROOT>
[Vue warn]: Property "$primevue" was accessed during render but is not defined on instance. 
  at <Dropdown id="Left Hand-bright" modelValue=null onUpdate:modelValue=fn<onUpdate:modelValue>  ... > 
  at <TabPanel header="Build" class="h-full" > 
  at <TabView class="h-full tinker-plants-tabs" > 
  at <TinkerPlants ref="VTU_COMPONENT" > 
  at <VTUROOT>
[Vue warn]: Property "$primevue" was accessed during render but is not defined on instance. 
  at <Dropdown id="Left Hand-faded" modelValue=null onUpdate:modelValue=fn<onUpdate:modelValue>  ... > 
  at <TabPanel header="Build" class="h-full" > 
  at <TabView class="h-full tinker-plants-tabs" > 
  at <TinkerPlants ref="VTU_COMPONENT" > 
  at <VTUROOT>
[Vue warn]: Property "$primevue" was accessed during render but is not defined on instance. 
  at <Dropdown id="Feet-shiny" modelValue=null onUpdate:modelValue=fn<onUpdate:modelValue>  ... > 
  at <TabPanel header="Build" class="h-full" > 
  at <TabView class="h-full tinker-plants-tabs" > 
  at <TinkerPlants ref="VTU_COMPONENT" > 
  at <VTUROOT>
[Vue warn]: Property "$primevue" was accessed during render but is not defined on instance. 
  at <Dropdown id="Feet-bright" modelValue=null onUpdate:modelValue=fn<onUpdate:modelValue>  ... > 
  at <TabPanel header="Build" class="h-full" > 
  at <TabView class="h-full tinker-plants-tabs" > 
  at <TinkerPlants ref="VTU_COMPONENT" > 
  at <VTUROOT>
[Vue warn]: Property "$primevue" was accessed during render but is not defined on instance. 
  at <Dropdown id="Feet-faded" modelValue=null onUpdate:modelValue=fn<onUpdate:modelValue>  ... > 
  at <TabPanel header="Build" class="h-full" > 
  at <TabView class="h-full tinker-plants-tabs" > 
  at <TinkerPlants ref="VTU_COMPONENT" > 
  at <VTUROOT>
[Vue warn]: Extraneous non-props attributes (class) were passed to component but could not be automatically inherited because component renders fragment or text root nodes. 
  at <TabPanel header="Construction" class="h-full" > 
  at <TabView class="h-full tinker-plants-tabs" > 
  at <TinkerPlants ref="VTU_COMPONENT" > 
  at <VTUROOT>

stderr | src/__tests__/views/TinkerPlants.simple.test.ts > TinkerPlants - Simple Tests > Component Initialization > has correct component structure
[Vue warn]: Property "$primevue" was accessed during render but is not defined on instance. 
  at <InputNumber id="ql-input" modelValue=200 onUpdate:modelValue=fn  ... > 
  at <TinkerPlants ref="VTU_COMPONENT" > 
  at <VTUROOT>
[Vue warn]: Extraneous non-props attributes (class) were passed to component but could not be automatically inherited because component renders fragment or text root nodes. 
  at <TabPanel header="Build" class="h-full" > 
  at <TabView class="h-full tinker-plants-tabs" > 
  at <TinkerPlants ref="VTU_COMPONENT" > 
  at <VTUROOT>
[Vue warn]: Property "$primevue" was accessed during render but is not defined on instance. 
  at <Dropdown id="Eye-shiny" modelValue=null onUpdate:modelValue=fn<onUpdate:modelValue>  ... > 
  at <TabPanel header="Build" class="h-full" > 
  at <TabView class="h-full tinker-plants-tabs" > 
  at <TinkerPlants ref="VTU_COMPONENT" > 
  at <VTUROOT>
[Vue warn]: Property "$primevue" was accessed during render but is not defined on instance. 
  at <Dropdown id="Eye-bright" modelValue=null onUpdate:modelValue=fn<onUpdate:modelValue>  ... > 
  at <TabPanel header="Build" class="h-full" > 
  at <TabView class="h-full tinker-plants-tabs" > 
  at <TinkerPlants ref="VTU_COMPONENT" > 
  at <VTUROOT>
[Vue warn]: Property "$primevue" was accessed during render but is not defined on instance. 
  at <Dropdown id="Eye-faded" modelValue=null onUpdate:modelValue=fn<onUpdate:modelValue>  ... > 
  at <TabPanel header="Build" class="h-full" > 
  at <TabView class="h-full tinker-plants-tabs" > 
  at <TinkerPlants ref="VTU_COMPONENT" > 
  at <VTUROOT>
[Vue warn]: Property "$primevue" was accessed during render but is not defined on instance. 
  at <InputNumber id="Eye-ql" modelValue=200 onUpdate:modelValue=fn<onUpdate:modelValue>  ... > 
  at <TabPanel header="Build" class="h-full" > 
  at <TabView class="h-full tinker-plants-tabs" > 
  at <TinkerPlants ref="VTU_COMPONENT" > 
  at <VTUROOT>
[Vue warn]: Property "$primevue" was accessed during render but is not defined on instance. 
  at <Dropdown id="Head-shiny" modelValue=null onUpdate:modelValue=fn<onUpdate:modelValue>  ... > 
  at <TabPanel header="Build" class="h-full" > 
  at <TabView class="h-full tinker-plants-tabs" > 
  at <TinkerPlants ref="VTU_COMPONENT" > 
  at <VTUROOT>
[Vue warn]: Property "$primevue" was accessed during render but is not defined on instance. 
  at <Dropdown id="Head-bright" modelValue=null onUpdate:modelValue=fn<onUpdate:modelValue>  ... > 
  at <TabPanel header="Build" class="h-full" > 
  at <TabView class="h-full tinker-plants-tabs" > 
  at <TinkerPlants ref="VTU_COMPONENT" > 
  at <VTUROOT>
[Vue warn]: Property "$primevue" was accessed during render but is not defined on instance. 
  at <Dropdown id="Head-faded" modelValue=null onUpdate:modelValue=fn<onUpdate:modelValue>  ... > 
  at <TabPanel header="Build" class="h-full" > 
  at <TabView class="h-full tinker-plants-tabs" > 
  at <TinkerPlants ref="VTU_COMPONENT" > 
  at <VTUROOT>
[Vue warn]: Property "$primevue" was accessed during render but is not defined on instance. 
  at <InputNumber id="Head-ql" modelValue=200 onUpdate:modelValue=fn<onUpdate:modelValue>  ... > 
  at <TabPanel header="Build" class="h-full" > 
  at <TabView class="h-full tinker-plants-tabs" > 
  at <TinkerPlants ref="VTU_COMPONENT" > 
  at <VTUROOT>
[Vue warn]: Property "$primevue" was accessed during render but is not defined on instance. 
  at <Dropdown id="Ear-shiny" modelValue=null onUpdate:modelValue=fn<onUpdate:modelValue>  ... > 
  at <TabPanel header="Build" class="h-full" > 
  at <TabView class="h-full tinker-plants-tabs" > 
  at <TinkerPlants ref="VTU_COMPONENT" > 
  at <VTUROOT>
[Vue warn]: Property "$primevue" was accessed during render but is not defined on instance. 
  at <Dropdown id="Ear-bright" modelValue=null onUpdate:modelValue=fn<onUpdate:modelValue>  ... > 
  at <TabPanel header="Build" class="h-full" > 
  at <TabView class="h-full tinker-plants-tabs" > 
  at <TinkerPlants ref="VTU_COMPONENT" > 
  at <VTUROOT>
[Vue warn]: Property "$primevue" was accessed during render but is not defined on instance. 
  at <Dropdown id="Ear-faded" modelValue=null onUpdate:modelValue=fn<onUpdate:modelValue>  ... > 
  at <TabPanel header="Build" class="h-full" > 
  at <TabView class="h-full tinker-plants-tabs" > 
  at <TinkerPlants ref="VTU_COMPONENT" > 
  at <VTUROOT>
[Vue warn]: Property "$primevue" was accessed during render but is not defined on instance. 
  at <InputNumber id="Ear-ql" modelValue=200 onUpdate:modelValue=fn<onUpdate:modelValue>  ... > 
  at <TabPanel header="Build" class="h-full" > 
  at <TabView class="h-full tinker-plants-tabs" > 
  at <TinkerPlants ref="VTU_COMPONENT" > 
  at <VTUROOT>
[Vue warn]: Property "$primevue" was accessed during render but is not defined on instance. 
  at <Dropdown id="Right Arm-shiny" modelValue=null onUpdate:modelValue=fn<onUpdate:modelValue>  ... > 
  at <TabPanel header="Build" class="h-full" > 
  at <TabView class="h-full tinker-plants-tabs" > 
  at <TinkerPlants ref="VTU_COMPONENT" > 
  at <VTUROOT>
[Vue warn]: Property "$primevue" was accessed during render but is not defined on instance. 
  at <Dropdown id="Right Arm-bright" modelValue=null onUpdate:modelValue=fn<onUpdate:modelValue>  ... > 
  at <TabPanel header="Build" class="h-full" > 
  at <TabView class="h-full tinker-plants-tabs" > 
  at <TinkerPlants ref="VTU_COMPONENT" > 
  at <VTUROOT>
[Vue warn]: Property "$primevue" was accessed during render but is not defined on instance. 
  at <Dropdown id="Right Arm-faded" modelValue=null onUpdate:modelValue=fn<onUpdate:modelValue>  ... > 
  at <TabPanel header="Build" class="h-full" > 
  at <TabView class="h-full tinker-plants-tabs" > 
  at <TinkerPlants ref="VTU_COMPONENT" > 
  at <VTUROOT>
[Vue warn]: Property "$primevue" was accessed during render but is not defined on instance. 
  at <InputNumber id="Right Arm-ql" modelValue=200 onUpdate:modelValue=fn<onUpdate:modelValue>  ... > 
  at <TabPanel header="Build" class="h-full" > 
  at <TabView class="h-full tinker-plants-tabs" > 
  at <TinkerPlants ref="VTU_COMPONENT" > 
  at <VTUROOT>
[Vue warn]: Property "$primevue" was accessed during render but is not defined on instance. 
  at <Dropdown id="Chest-shiny" modelValue=null onUpdate:modelValue=fn<onUpdate:modelValue>  ... > 
  at <TabPanel header="Build" class="h-full" > 
  at <TabView class="h-full tinker-plants-tabs" > 
  at <TinkerPlants ref="VTU_COMPONENT" > 
  at <VTUROOT>
[Vue warn]: Property "$primevue" was accessed during render but is not defined on instance. 
  at <Dropdown id="Chest-bright" modelValue=null onUpdate:modelValue=fn<onUpdate:modelValue>  ... > 
  at <TabPanel header="Build" class="h-full" > 
  at <TabView class="h-full tinker-plants-tabs" > 
  at <TinkerPlants ref="VTU_COMPONENT" > 
  at <VTUROOT>
[Vue warn]: Property "$primevue" was accessed during render but is not defined on instance. 
  at <Dropdown id="Chest-faded" modelValue=null onUpdate:modelValue=fn<onUpdate:modelValue>  ... > 
  at <TabPanel header="Build" class="h-full" > 
  at <TabView class="h-full tinker-plants-tabs" > 
  at <TinkerPlants ref="VTU_COMPONENT" > 
  at <VTUROOT>
[Vue warn]: Property "$primevue" was accessed during render but is not defined on instance. 
  at <InputNumber id="Chest-ql" modelValue=200 onUpdate:modelValue=fn<onUpdate:modelValue>  ... > 
  at <TabPanel header="Build" class="h-full" > 
  at <TabView class="h-full tinker-plants-tabs" > 
  at <TinkerPlants ref="VTU_COMPONENT" > 
  at <VTUROOT>
[Vue warn]: Property "$primevue" was accessed during render but is not defined on instance. 
  at <Dropdown id="Left Arm-shiny" modelValue=null onUpdate:modelValue=fn<onUpdate:modelValue>  ... > 
  at <TabPanel header="Build" class="h-full" > 
  at <TabView class="h-full tinker-plants-tabs" > 
  at <TinkerPlants ref="VTU_COMPONENT" > 
  at <VTUROOT>
[Vue warn]: Property "$primevue" was accessed during render but is not defined on instance. 
  at <Dropdown id="Left Arm-bright" modelValue=null onUpdate:modelValue=fn<onUpdate:modelValue>  ... > 
  at <TabPanel header="Build" class="h-full" > 
  at <TabView class="h-full tinker-plants-tabs" > 
  at <TinkerPlants ref="VTU_COMPONENT" > 
  at <VTUROOT>
[Vue warn]: Property "$primevue" was accessed during render but is not defined on instance. 
  at <Dropdown id="Left Arm-faded" modelValue=null onUpdate:modelValue=fn<onUpdate:modelValue>  ... > 
  at <TabPanel header="Build" class="h-full" > 
  at <TabView class="h-full tinker-plants-tabs" > 
  at <TinkerPlants ref="VTU_COMPONENT" > 
  at <VTUROOT>
[Vue warn]: Property "$primevue" was accessed during render but is not defined on instance. 
  at <InputNumber id="Left Arm-ql" modelValue=200 onUpdate:modelValue=fn<onUpdate:modelValue>  ... > 
  at <TabPanel header="Build" class="h-full" > 
  at <TabView class="h-full tinker-plants-tabs" > 
  at <TinkerPlants ref="VTU_COMPONENT" > 
  at <VTUROOT>
[Vue warn]: Property "$primevue" was accessed during render but is not defined on instance. 
  at <Dropdown id="Right Wrist-shiny" modelValue=null onUpdate:modelValue=fn<onUpdate:modelValue>  ... > 
  at <TabPanel header="Build" class="h-full" > 
  at <TabView class="h-full tinker-plants-tabs" > 
  at <TinkerPlants ref="VTU_COMPONENT" > 
  at <VTUROOT>
[Vue warn]: Property "$primevue" was accessed during render but is not defined on instance. 
  at <Dropdown id="Right Wrist-bright" modelValue=null onUpdate:modelValue=fn<onUpdate:modelValue>  ... > 
  at <TabPanel header="Build" class="h-full" > 
  at <TabView class="h-full tinker-plants-tabs" > 
  at <TinkerPlants ref="VTU_COMPONENT" > 
  at <VTUROOT>
[Vue warn]: Property "$primevue" was accessed during render but is not defined on instance. 
  at <Dropdown id="Right Wrist-faded" modelValue=null onUpdate:modelValue=fn<onUpdate:modelValue>  ... > 
  at <TabPanel header="Build" class="h-full" > 
  at <TabView class="h-full tinker-plants-tabs" > 
  at <TinkerPlants ref="VTU_COMPONENT" > 
  at <VTUROOT>
[Vue warn]: Property "$primevue" was accessed during render but is not defined on instance. 
  at <InputNumber id="Right Wrist-ql" modelValue=200 onUpdate:modelValue=fn<onUpdate:modelValue>  ... > 
  at <TabPanel header="Build" class="h-full" > 
  at <TabView class="h-full tinker-plants-tabs" > 
  at <TinkerPlants ref="VTU_COMPONENT" > 
  at <VTUROOT>
[Vue warn]: Property "$primevue" was accessed during render but is not defined on instance. 
  at <Dropdown id="Waist-shiny" modelValue=null onUpdate:modelValue=fn<onUpdate:modelValue>  ... > 
  at <TabPanel header="Build" class="h-full" > 
  at <TabView class="h-full tinker-plants-tabs" > 
  at <TinkerPlants ref="VTU_COMPONENT" > 
  at <VTUROOT>
[Vue warn]: Property "$primevue" was accessed during render but is not defined on instance. 
  at <Dropdown id="Waist-bright" modelValue=null onUpdate:modelValue=fn<onUpdate:modelValue>  ... > 
  at <TabPanel header="Build" class="h-full" > 
  at <TabView class="h-full tinker-plants-tabs" > 
  at <TinkerPlants ref="VTU_COMPONENT" > 
  at <VTUROOT>
[Vue warn]: Property "$primevue" was accessed during render but is not defined on instance. 
  at <Dropdown id="Waist-faded" modelValue=null onUpdate:modelValue=fn<onUpdate:modelValue>  ... > 
  at <TabPanel header="Build" class="h-full" > 
  at <TabView class="h-full tinker-plants-tabs" > 
  at <TinkerPlants ref="VTU_COMPONENT" > 
  at <VTUROOT>
[Vue warn]: Property "$primevue" was accessed during render but is not defined on instance. 
  at <InputNumber id="Waist-ql" modelValue=200 onUpdate:modelValue=fn<onUpdate:modelValue>  ... > 
  at <TabPanel header="Build" class="h-full" > 
  at <TabView class="h-full tinker-plants-tabs" > 
  at <TinkerPlants ref="VTU_COMPONENT" > 
  at <VTUROOT>
[Vue warn]: Property "$primevue" was accessed during render but is not defined on instance. 
  at <Dropdown id="Left Wrist-shiny" modelValue=null onUpdate:modelValue=fn<onUpdate:modelValue>  ... > 
  at <TabPanel header="Build" class="h-full" > 
  at <TabView class="h-full tinker-plants-tabs" > 
  at <TinkerPlants ref="VTU_COMPONENT" > 
  at <VTUROOT>
[Vue warn]: Property "$primevue" was accessed during render but is not defined on instance. 
  at <Dropdown id="Left Wrist-bright" modelValue=null onUpdate:modelValue=fn<onUpdate:modelValue>  ... > 
  at <TabPanel header="Build" class="h-full" > 
  at <TabView class="h-full tinker-plants-tabs" > 
  at <TinkerPlants ref="VTU_COMPONENT" > 
  at <VTUROOT>
[Vue warn]: Property "$primevue" was accessed during render but is not defined on instance. 
  at <Dropdown id="Left Wrist-faded" modelValue=null onUpdate:modelValue=fn<onUpdate:modelValue>  ... > 
  at <TabPanel header="Build" class="h-full" > 
  at <TabView class="h-full tinker-plants-tabs" > 
  at <TinkerPlants ref="VTU_COMPONENT" > 
  at <VTUROOT>
[Vue warn]: Property "$primevue" was accessed during render but is not defined on instance. 
  at <InputNumber id="Left Wrist-ql" modelValue=200 onUpdate:modelValue=fn<onUpdate:modelValue>  ... > 
  at <TabPanel header="Build" class="h-full" > 
  at <TabView class="h-full tinker-plants-tabs" > 
  at <TinkerPlants ref="VTU_COMPONENT" > 
  at <VTUROOT>
[Vue warn]: Property "$primevue" was accessed during render but is not defined on instance. 
  at <Dropdown id="Right Hand-shiny" modelValue=null onUpdate:modelValue=fn<onUpdate:modelValue>  ... > 
  at <TabPanel header="Build" class="h-full" > 
  at <TabView class="h-full tinker-plants-tabs" > 
  at <TinkerPlants ref="VTU_COMPONENT" > 
  at <VTUROOT>
[Vue warn]: Property "$primevue" was accessed during render but is not defined on instance. 
  at <Dropdown id="Right Hand-bright" modelValue=null onUpdate:modelValue=fn<onUpdate:modelValue>  ... > 
  at <TabPanel header="Build" class="h-full" > 
  at <TabView class="h-full tinker-plants-tabs" > 
  at <TinkerPlants ref="VTU_COMPONENT" > 
  at <VTUROOT>
[Vue warn]: Property "$primevue" was accessed during render but is not defined on instance. 
  at <Dropdown id="Right Hand-faded" modelValue=null onUpdate:modelValue=fn<onUpdate:modelValue>  ... > 
  at <TabPanel header="Build" class="h-full" > 
  at <TabView class="h-full tinker-plants-tabs" > 
  at <TinkerPlants ref="VTU_COMPONENT" > 
  at <VTUROOT>
[Vue warn]: Property "$primevue" was accessed during render but is not defined on instance. 
  at <InputNumber id="Right Hand-ql" modelValue=200 onUpdate:modelValue=fn<onUpdate:modelValue>  ... > 
  at <TabPanel header="Build" class="h-full" > 
  at <TabView class="h-full tinker-plants-tabs" > 
  at <TinkerPlants ref="VTU_COMPONENT" > 
  at <VTUROOT>
[Vue warn]: Property "$primevue" was accessed during render but is not defined on instance. 
  at <Dropdown id="Leg-shiny" modelValue=null onUpdate:modelValue=fn<onUpdate:modelValue>  ... > 
  at <TabPanel header="Build" class="h-full" > 
  at <TabView class="h-full tinker-plants-tabs" > 
  at <TinkerPlants ref="VTU_COMPONENT" > 
  at <VTUROOT>
[Vue warn]: Property "$primevue" was accessed during render but is not defined on instance. 
  at <Dropdown id="Leg-bright" modelValue=null onUpdate:modelValue=fn<onUpdate:modelValue>  ... > 
  at <TabPanel header="Build" class="h-full" > 
  at <TabView class="h-full tinker-plants-tabs" > 
  at <TinkerPlants ref="VTU_COMPONENT" > 
  at <VTUROOT>
[Vue warn]: Property "$primevue" was accessed during render but is not defined on instance. 
  at <Dropdown id="Leg-faded" modelValue=null onUpdate:modelValue=fn<onUpdate:modelValue>  ... > 
  at <TabPanel header="Build" class="h-full" > 
  at <TabView class="h-full tinker-plants-tabs" > 
  at <TinkerPlants ref="VTU_COMPONENT" > 
  at <VTUROOT>
[Vue warn]: Property "$primevue" was accessed during render but is not defined on instance. 
  at <InputNumber id="Leg-ql" modelValue=200 onUpdate:modelValue=fn<onUpdate:modelValue>  ... > 
  at <TabPanel header="Build" class="h-full" > 
  at <TabView class="h-full tinker-plants-tabs" > 
  at <TinkerPlants ref="VTU_COMPONENT" > 
  at <VTUROOT>
[Vue warn]: Property "$primevue" was accessed during render but is not defined on instance. 
  at <Dropdown id="Left Hand-shiny" modelValue=null onUpdate:modelValue=fn<onUpdate:modelValue>  ... > 
  at <TabPanel header="Build" class="h-full" > 
  at <TabView class="h-full tinker-plants-tabs" > 
  at <TinkerPlants ref="VTU_COMPONENT" > 
  at <VTUROOT>
[Vue warn]: Property "$primevue" was accessed during render but is not defined on instance. 
  at <Dropdown id="Left Hand-bright" modelValue=null onUpdate:modelValue=fn<onUpdate:modelValue>  ... > 
  at <TabPanel header="Build" class="h-full" > 
  at <TabView class="h-full tinker-plants-tabs" > 
  at <TinkerPlants ref="VTU_COMPONENT" > 
  at <VTUROOT>
[Vue warn]: Property "$primevue" was accessed during render but is not defined on instance. 
  at <Dropdown id="Left Hand-faded" modelValue=null onUpdate:modelValue=fn<onUpdate:modelValue>  ... > 
  at <TabPanel header="Build" class="h-full" > 
  at <TabView class="h-full tinker-plants-tabs" > 
  at <TinkerPlants ref="VTU_COMPONENT" > 
  at <VTUROOT>
[Vue warn]: Property "$primevue" was accessed during render but is not defined on instance. 
  at <InputNumber id="Left Hand-ql" modelValue=200 onUpdate:modelValue=fn<onUpdate:modelValue>  ... > 
  at <TabPanel header="Build" class="h-full" > 
  at <TabView class="h-full tinker-plants-tabs" > 
  at <TinkerPlants ref="VTU_COMPONENT" > 
  at <VTUROOT>
[Vue warn]: Property "$primevue" was accessed during render but is not defined on instance. 
  at <Dropdown id="Feet-shiny" modelValue=null onUpdate:modelValue=fn<onUpdate:modelValue>  ... > 
  at <TabPanel header="Build" class="h-full" > 
  at <TabView class="h-full tinker-plants-tabs" > 
  at <TinkerPlants ref="VTU_COMPONENT" > 
  at <VTUROOT>
[Vue warn]: Property "$primevue" was accessed during render but is not defined on instance. 
  at <Dropdown id="Feet-bright" modelValue=null onUpdate:modelValue=fn<onUpdate:modelValue>  ... > 
  at <TabPanel header="Build" class="h-full" > 
  at <TabView class="h-full tinker-plants-tabs" > 
  at <TinkerPlants ref="VTU_COMPONENT" > 
  at <VTUROOT>
[Vue warn]: Property "$primevue" was accessed during render but is not defined on instance. 
  at <Dropdown id="Feet-faded" modelValue=null onUpdate:modelValue=fn<onUpdate:modelValue>  ... > 
  at <TabPanel header="Build" class="h-full" > 
  at <TabView class="h-full tinker-plants-tabs" > 
  at <TinkerPlants ref="VTU_COMPONENT" > 
  at <VTUROOT>
[Vue warn]: Property "$primevue" was accessed during render but is not defined on instance. 
  at <InputNumber id="Feet-ql" modelValue=200 onUpdate:modelValue=fn<onUpdate:modelValue>  ... > 
  at <TabPanel header="Build" class="h-full" > 
  at <TabView class="h-full tinker-plants-tabs" > 
  at <TinkerPlants ref="VTU_COMPONENT" > 
  at <VTUROOT>
[Vue warn]: Extraneous non-props attributes (class) were passed to component but could not be automatically inherited because component renders fragment or text root nodes. 
  at <TabPanel header="Construction" class="h-full" > 
  at <TabView class="h-full tinker-plants-tabs" > 
  at <TinkerPlants ref="VTU_COMPONENT" > 
  at <VTUROOT>
[Vue warn]: Extraneous non-props attributes (class) were passed to component but could not be automatically inherited because component renders fragment or text root nodes. 
  at <TabPanel header="Build" class="h-full" > 
  at <TabView class="h-full tinker-plants-tabs" > 
  at <TinkerPlants ref="VTU_COMPONENT" > 
  at <VTUROOT>
[Vue warn]: Property "$primevue" was accessed during render but is not defined on instance. 
  at <Dropdown id="Eye-shiny" modelValue=null onUpdate:modelValue=fn<onUpdate:modelValue>  ... > 
  at <TabPanel header="Build" class="h-full" > 
  at <TabView class="h-full tinker-plants-tabs" > 
  at <TinkerPlants ref="VTU_COMPONENT" > 
  at <VTUROOT>
[Vue warn]: Property "$primevue" was accessed during render but is not defined on instance. 
  at <Dropdown id="Eye-bright" modelValue=null onUpdate:modelValue=fn<onUpdate:modelValue>  ... > 
  at <TabPanel header="Build" class="h-full" > 
  at <TabView class="h-full tinker-plants-tabs" > 
  at <TinkerPlants ref="VTU_COMPONENT" > 
  at <VTUROOT>
[Vue warn]: Property "$primevue" was accessed during render but is not defined on instance. 
  at <Dropdown id="Eye-faded" modelValue=null onUpdate:modelValue=fn<onUpdate:modelValue>  ... > 
  at <TabPanel header="Build" class="h-full" > 
  at <TabView class="h-full tinker-plants-tabs" > 
  at <TinkerPlants ref="VTU_COMPONENT" > 
  at <VTUROOT>
[Vue warn]: Property "$primevue" was accessed during render but is not defined on instance. 
  at <Dropdown id="Head-shiny" modelValue=null onUpdate:modelValue=fn<onUpdate:modelValue>  ... > 
  at <TabPanel header="Build" class="h-full" > 
  at <TabView class="h-full tinker-plants-tabs" > 
  at <TinkerPlants ref="VTU_COMPONENT" > 
  at <VTUROOT>
[Vue warn]: Property "$primevue" was accessed during render but is not defined on instance. 
  at <Dropdown id="Head-bright" modelValue=null onUpdate:modelValue=fn<onUpdate:modelValue>  ... > 
  at <TabPanel header="Build" class="h-full" > 
  at <TabView class="h-full tinker-plants-tabs" > 
  at <TinkerPlants ref="VTU_COMPONENT" > 
  at <VTUROOT>
[Vue warn]: Property "$primevue" was accessed during render but is not defined on instance. 
  at <Dropdown id="Head-faded" modelValue=null onUpdate:modelValue=fn<onUpdate:modelValue>  ... > 
  at <TabPanel header="Build" class="h-full" > 
  at <TabView class="h-full tinker-plants-tabs" > 
  at <TinkerPlants ref="VTU_COMPONENT" > 
  at <VTUROOT>
[Vue warn]: Property "$primevue" was accessed during render but is not defined on instance. 
  at <Dropdown id="Ear-shiny" modelValue=null onUpdate:modelValue=fn<onUpdate:modelValue>  ... > 
  at <TabPanel header="Build" class="h-full" > 
  at <TabView class="h-full tinker-plants-tabs" > 
  at <TinkerPlants ref="VTU_COMPONENT" > 
  at <VTUROOT>
[Vue warn]: Property "$primevue" was accessed during render but is not defined on instance. 
  at <Dropdown id="Ear-bright" modelValue=null onUpdate:modelValue=fn<onUpdate:modelValue>  ... > 
  at <TabPanel header="Build" class="h-full" > 
  at <TabView class="h-full tinker-plants-tabs" > 
  at <TinkerPlants ref="VTU_COMPONENT" > 
  at <VTUROOT>
[Vue warn]: Property "$primevue" was accessed during render but is not defined on instance. 
  at <Dropdown id="Ear-faded" modelValue=null onUpdate:modelValue=fn<onUpdate:modelValue>  ... > 
  at <TabPanel header="Build" class="h-full" > 
  at <TabView class="h-full tinker-plants-tabs" > 
  at <TinkerPlants ref="VTU_COMPONENT" > 
  at <VTUROOT>
[Vue warn]: Property "$primevue" was accessed during render but is not defined on instance. 
  at <Dropdown id="Right Arm-shiny" modelValue=null onUpdate:modelValue=fn<onUpdate:modelValue>  ... > 
  at <TabPanel header="Build" class="h-full" > 
  at <TabView class="h-full tinker-plants-tabs" > 
  at <TinkerPlants ref="VTU_COMPONENT" > 
  at <VTUROOT>
[Vue warn]: Property "$primevue" was accessed during render but is not defined on instance. 
  at <Dropdown id="Right Arm-bright" modelValue=null onUpdate:modelValue=fn<onUpdate:modelValue>  ... > 
  at <TabPanel header="Build" class="h-full" > 
  at <TabView class="h-full tinker-plants-tabs" > 
  at <TinkerPlants ref="VTU_COMPONENT" > 
  at <VTUROOT>
[Vue warn]: Property "$primevue" was accessed during render but is not defined on instance. 
  at <Dropdown id="Right Arm-faded" modelValue=null onUpdate:modelValue=fn<onUpdate:modelValue>  ... > 
  at <TabPanel header="Build" class="h-full" > 
  at <TabView class="h-full tinker-plants-tabs" > 
  at <TinkerPlants ref="VTU_COMPONENT" > 
  at <VTUROOT>
[Vue warn]: Property "$primevue" was accessed during render but is not defined on instance. 
  at <Dropdown id="Chest-shiny" modelValue=null onUpdate:modelValue=fn<onUpdate:modelValue>  ... > 
  at <TabPanel header="Build" class="h-full" > 
  at <TabView class="h-full tinker-plants-tabs" > 
  at <TinkerPlants ref="VTU_COMPONENT" > 
  at <VTUROOT>
[Vue warn]: Property "$primevue" was accessed during render but is not defined on instance. 
  at <Dropdown id="Chest-bright" modelValue=null onUpdate:modelValue=fn<onUpdate:modelValue>  ... > 
  at <TabPanel header="Build" class="h-full" > 
  at <TabView class="h-full tinker-plants-tabs" > 
  at <TinkerPlants ref="VTU_COMPONENT" > 
  at <VTUROOT>
[Vue warn]: Property "$primevue" was accessed during render but is not defined on instance. 
  at <Dropdown id="Chest-faded" modelValue=null onUpdate:modelValue=fn<onUpdate:modelValue>  ... > 
  at <TabPanel header="Build" class="h-full" > 
  at <TabView class="h-full tinker-plants-tabs" > 
  at <TinkerPlants ref="VTU_COMPONENT" > 
  at <VTUROOT>
[Vue warn]: Property "$primevue" was accessed during render but is not defined on instance. 
  at <Dropdown id="Left Arm-shiny" modelValue=null onUpdate:modelValue=fn<onUpdate:modelValue>  ... > 
  at <TabPanel header="Build" class="h-full" > 
  at <TabView class="h-full tinker-plants-tabs" > 
  at <TinkerPlants ref="VTU_COMPONENT" > 
  at <VTUROOT>
[Vue warn]: Property "$primevue" was accessed during render but is not defined on instance. 
  at <Dropdown id="Left Arm-bright" modelValue=null onUpdate:modelValue=fn<onUpdate:modelValue>  ... > 
  at <TabPanel header="Build" class="h-full" > 
  at <TabView class="h-full tinker-plants-tabs" > 
  at <TinkerPlants ref="VTU_COMPONENT" > 
  at <VTUROOT>
[Vue warn]: Property "$primevue" was accessed during render but is not defined on instance. 
  at <Dropdown id="Left Arm-faded" modelValue=null onUpdate:modelValue=fn<onUpdate:modelValue>  ... > 
  at <TabPanel header="Build" class="h-full" > 
  at <TabView class="h-full tinker-plants-tabs" > 
  at <TinkerPlants ref="VTU_COMPONENT" > 
  at <VTUROOT>
[Vue warn]: Property "$primevue" was accessed during render but is not defined on instance. 
  at <Dropdown id="Right Wrist-shiny" modelValue=null onUpdate:modelValue=fn<onUpdate:modelValue>  ... > 
  at <TabPanel header="Build" class="h-full" > 
  at <TabView class="h-full tinker-plants-tabs" > 
  at <TinkerPlants ref="VTU_COMPONENT" > 
  at <VTUROOT>
[Vue warn]: Property "$primevue" was accessed during render but is not defined on instance. 
  at <Dropdown id="Right Wrist-bright" modelValue=null onUpdate:modelValue=fn<onUpdate:modelValue>  ... > 
  at <TabPanel header="Build" class="h-full" > 
  at <TabView class="h-full tinker-plants-tabs" > 
  at <TinkerPlants ref="VTU_COMPONENT" > 
  at <VTUROOT>
[Vue warn]: Property "$primevue" was accessed during render but is not defined on instance. 
  at <Dropdown id="Right Wrist-faded" modelValue=null onUpdate:modelValue=fn<onUpdate:modelValue>  ... > 
  at <TabPanel header="Build" class="h-full" > 
  at <TabView class="h-full tinker-plants-tabs" > 
  at <TinkerPlants ref="VTU_COMPONENT" > 
  at <VTUROOT>
[Vue warn]: Property "$primevue" was accessed during render but is not defined on instance. 
  at <Dropdown id="Waist-shiny" modelValue=null onUpdate:modelValue=fn<onUpdate:modelValue>  ... > 
  at <TabPanel header="Build" class="h-full" > 
  at <TabView class="h-full tinker-plants-tabs" > 
  at <TinkerPlants ref="VTU_COMPONENT" > 
  at <VTUROOT>
[Vue warn]: Property "$primevue" was accessed during render but is not defined on instance. 
  at <Dropdown id="Waist-bright" modelValue=null onUpdate:modelValue=fn<onUpdate:modelValue>  ... > 
  at <TabPanel header="Build" class="h-full" > 
  at <TabView class="h-full tinker-plants-tabs" > 
  at <TinkerPlants ref="VTU_COMPONENT" > 
  at <VTUROOT>
[Vue warn]: Property "$primevue" was accessed during render but is not defined on instance. 
  at <Dropdown id="Waist-faded" modelValue=null onUpdate:modelValue=fn<onUpdate:modelValue>  ... > 
  at <TabPanel header="Build" class="h-full" > 
  at <TabView class="h-full tinker-plants-tabs" > 
  at <TinkerPlants ref="VTU_COMPONENT" > 
  at <VTUROOT>
[Vue warn]: Property "$primevue" was accessed during render but is not defined on instance. 
  at <Dropdown id="Left Wrist-shiny" modelValue=null onUpdate:modelValue=fn<onUpdate:modelValue>  ... > 
  at <TabPanel header="Build" class="h-full" > 
  at <TabView class="h-full tinker-plants-tabs" > 
  at <TinkerPlants ref="VTU_COMPONENT" > 
  at <VTUROOT>
[Vue warn]: Property "$primevue" was accessed during render but is not defined on instance. 
  at <Dropdown id="Left Wrist-bright" modelValue=null onUpdate:modelValue=fn<onUpdate:modelValue>  ... > 
  at <TabPanel header="Build" class="h-full" > 
  at <TabView class="h-full tinker-plants-tabs" > 
  at <TinkerPlants ref="VTU_COMPONENT" > 
  at <VTUROOT>
[Vue warn]: Property "$primevue" was accessed during render but is not defined on instance. 
  at <Dropdown id="Left Wrist-faded" modelValue=null onUpdate:modelValue=fn<onUpdate:modelValue>  ... > 
  at <TabPanel header="Build" class="h-full" > 
  at <TabView class="h-full tinker-plants-tabs" > 
  at <TinkerPlants ref="VTU_COMPONENT" > 
  at <VTUROOT>
[Vue warn]: Property "$primevue" was accessed during render but is not defined on instance. 
  at <Dropdown id="Right Hand-shiny" modelValue=null onUpdate:modelValue=fn<onUpdate:modelValue>  ... > 
  at <TabPanel header="Build" class="h-full" > 
  at <TabView class="h-full tinker-plants-tabs" > 
  at <TinkerPlants ref="VTU_COMPONENT" > 
  at <VTUROOT>
[Vue warn]: Property "$primevue" was accessed during render but is not defined on instance. 
  at <Dropdown id="Right Hand-bright" modelValue=null onUpdate:modelValue=fn<onUpdate:modelValue>  ... > 
  at <TabPanel header="Build" class="h-full" > 
  at <TabView class="h-full tinker-plants-tabs" > 
  at <TinkerPlants ref="VTU_COMPONENT" > 
  at <VTUROOT>
[Vue warn]: Property "$primevue" was accessed during render but is not defined on instance. 
  at <Dropdown id="Right Hand-faded" modelValue=null onUpdate:modelValue=fn<onUpdate:modelValue>  ... > 
  at <TabPanel header="Build" class="h-full" > 
  at <TabView class="h-full tinker-plants-tabs" > 
  at <TinkerPlants ref="VTU_COMPONENT" > 
  at <VTUROOT>
[Vue warn]: Property "$primevue" was accessed during render but is not defined on instance. 
  at <Dropdown id="Leg-shiny" modelValue=null onUpdate:modelValue=fn<onUpdate:modelValue>  ... > 
  at <TabPanel header="Build" class="h-full" > 
  at <TabView class="h-full tinker-plants-tabs" > 
  at <TinkerPlants ref="VTU_COMPONENT" > 
  at <VTUROOT>
[Vue warn]: Property "$primevue" was accessed during render but is not defined on instance. 
  at <Dropdown id="Leg-bright" modelValue=null onUpdate:modelValue=fn<onUpdate:modelValue>  ... > 
  at <TabPanel header="Build" class="h-full" > 
  at <TabView class="h-full tinker-plants-tabs" > 
  at <TinkerPlants ref="VTU_COMPONENT" > 
  at <VTUROOT>
[Vue warn]: Property "$primevue" was accessed during render but is not defined on instance. 
  at <Dropdown id="Leg-faded" modelValue=null onUpdate:modelValue=fn<onUpdate:modelValue>  ... > 
  at <TabPanel header="Build" class="h-full" > 
  at <TabView class="h-full tinker-plants-tabs" > 
  at <TinkerPlants ref="VTU_COMPONENT" > 
  at <VTUROOT>
[Vue warn]: Property "$primevue" was accessed during render but is not defined on instance. 
  at <Dropdown id="Left Hand-shiny" modelValue=null onUpdate:modelValue=fn<onUpdate:modelValue>  ... > 
  at <TabPanel header="Build" class="h-full" > 
  at <TabView class="h-full tinker-plants-tabs" > 
  at <TinkerPlants ref="VTU_COMPONENT" > 
  at <VTUROOT>
[Vue warn]: Property "$primevue" was accessed during render but is not defined on instance. 
  at <Dropdown id="Left Hand-bright" modelValue=null onUpdate:modelValue=fn<onUpdate:modelValue>  ... > 
  at <TabPanel header="Build" class="h-full" > 
  at <TabView class="h-full tinker-plants-tabs" > 
  at <TinkerPlants ref="VTU_COMPONENT" > 
  at <VTUROOT>
[Vue warn]: Property "$primevue" was accessed during render but is not defined on instance. 
  at <Dropdown id="Left Hand-faded" modelValue=null onUpdate:modelValue=fn<onUpdate:modelValue>  ... > 
  at <TabPanel header="Build" class="h-full" > 
  at <TabView class="h-full tinker-plants-tabs" > 
  at <TinkerPlants ref="VTU_COMPONENT" > 
  at <VTUROOT>
[Vue warn]: Property "$primevue" was accessed during render but is not defined on instance. 
  at <Dropdown id="Feet-shiny" modelValue=null onUpdate:modelValue=fn<onUpdate:modelValue>  ... > 
  at <TabPanel header="Build" class="h-full" > 
  at <TabView class="h-full tinker-plants-tabs" > 
  at <TinkerPlants ref="VTU_COMPONENT" > 
  at <VTUROOT>
[Vue warn]: Property "$primevue" was accessed during render but is not defined on instance. 
  at <Dropdown id="Feet-bright" modelValue=null onUpdate:modelValue=fn<onUpdate:modelValue>  ... > 
  at <TabPanel header="Build" class="h-full" > 
  at <TabView class="h-full tinker-plants-tabs" > 
  at <TinkerPlants ref="VTU_COMPONENT" > 
  at <VTUROOT>
[Vue warn]: Property "$primevue" was accessed during render but is not defined on instance. 
  at <Dropdown id="Feet-faded" modelValue=null onUpdate:modelValue=fn<onUpdate:modelValue>  ... > 
  at <TabPanel header="Build" class="h-full" > 
  at <TabView class="h-full tinker-plants-tabs" > 
  at <TinkerPlants ref="VTU_COMPONENT" > 
  at <VTUROOT>
[Vue warn]: Extraneous non-props attributes (class) were passed to component but could not be automatically inherited because component renders fragment or text root nodes. 
  at <TabPanel header="Construction" class="h-full" > 
  at <TabView class="h-full tinker-plants-tabs" > 
  at <TinkerPlants ref="VTU_COMPONENT" > 
  at <VTUROOT>

stderr | src/__tests__/views/TinkerPlants.simple.test.ts > TinkerPlants - Simple Tests > Component Initialization > displays the main title
[Vue warn]: Property "$primevue" was accessed during render but is not defined on instance. 
  at <InputNumber id="ql-input" modelValue=200 onUpdate:modelValue=fn  ... > 
  at <TinkerPlants ref="VTU_COMPONENT" > 
  at <VTUROOT>
[Vue warn]: Extraneous non-props attributes (class) were passed to component but could not be automatically inherited because component renders fragment or text root nodes. 
  at <TabPanel header="Build" class="h-full" > 
  at <TabView class="h-full tinker-plants-tabs" > 
  at <TinkerPlants ref="VTU_COMPONENT" > 
  at <VTUROOT>
[Vue warn]: Property "$primevue" was accessed during render but is not defined on instance. 
  at <Dropdown id="Eye-shiny" modelValue=null onUpdate:modelValue=fn<onUpdate:modelValue>  ... > 
  at <TabPanel header="Build" class="h-full" > 
  at <TabView class="h-full tinker-plants-tabs" > 
  at <TinkerPlants ref="VTU_COMPONENT" > 
  at <VTUROOT>
[Vue warn]: Property "$primevue" was accessed during render but is not defined on instance. 
  at <Dropdown id="Eye-bright" modelValue=null onUpdate:modelValue=fn<onUpdate:modelValue>  ... > 
  at <TabPanel header="Build" class="h-full" > 
  at <TabView class="h-full tinker-plants-tabs" > 
  at <TinkerPlants ref="VTU_COMPONENT" > 
  at <VTUROOT>
[Vue warn]: Property "$primevue" was accessed during render but is not defined on instance. 
  at <Dropdown id="Eye-faded" modelValue=null onUpdate:modelValue=fn<onUpdate:modelValue>  ... > 
  at <TabPanel header="Build" class="h-full" > 
  at <TabView class="h-full tinker-plants-tabs" > 
  at <TinkerPlants ref="VTU_COMPONENT" > 
  at <VTUROOT>
[Vue warn]: Property "$primevue" was accessed during render but is not defined on instance. 
  at <InputNumber id="Eye-ql" modelValue=200 onUpdate:modelValue=fn<onUpdate:modelValue>  ... > 
  at <TabPanel header="Build" class="h-full" > 
  at <TabView class="h-full tinker-plants-tabs" > 
  at <TinkerPlants ref="VTU_COMPONENT" > 
  at <VTUROOT>
[Vue warn]: Property "$primevue" was accessed during render but is not defined on instance. 
  at <Dropdown id="Head-shiny" modelValue=null onUpdate:modelValue=fn<onUpdate:modelValue>  ... > 
  at <TabPanel header="Build" class="h-full" > 
  at <TabView class="h-full tinker-plants-tabs" > 
  at <TinkerPlants ref="VTU_COMPONENT" > 
  at <VTUROOT>
[Vue warn]: Property "$primevue" was accessed during render but is not defined on instance. 
  at <Dropdown id="Head-bright" modelValue=null onUpdate:modelValue=fn<onUpdate:modelValue>  ... > 
  at <TabPanel header="Build" class="h-full" > 
  at <TabView class="h-full tinker-plants-tabs" > 
  at <TinkerPlants ref="VTU_COMPONENT" > 
  at <VTUROOT>
[Vue warn]: Property "$primevue" was accessed during render but is not defined on instance. 
  at <Dropdown id="Head-faded" modelValue=null onUpdate:modelValue=fn<onUpdate:modelValue>  ... > 
  at <TabPanel header="Build" class="h-full" > 
  at <TabView class="h-full tinker-plants-tabs" > 
  at <TinkerPlants ref="VTU_COMPONENT" > 
  at <VTUROOT>
[Vue warn]: Property "$primevue" was accessed during render but is not defined on instance. 
  at <InputNumber id="Head-ql" modelValue=200 onUpdate:modelValue=fn<onUpdate:modelValue>  ... > 
  at <TabPanel header="Build" class="h-full" > 
  at <TabView class="h-full tinker-plants-tabs" > 
  at <TinkerPlants ref="VTU_COMPONENT" > 
  at <VTUROOT>
[Vue warn]: Property "$primevue" was accessed during render but is not defined on instance. 
  at <Dropdown id="Ear-shiny" modelValue=null onUpdate:modelValue=fn<onUpdate:modelValue>  ... > 
  at <TabPanel header="Build" class="h-full" > 
  at <TabView class="h-full tinker-plants-tabs" > 
  at <TinkerPlants ref="VTU_COMPONENT" > 
  at <VTUROOT>
[Vue warn]: Property "$primevue" was accessed during render but is not defined on instance. 
  at <Dropdown id="Ear-bright" modelValue=null onUpdate:modelValue=fn<onUpdate:modelValue>  ... > 
  at <TabPanel header="Build" class="h-full" > 
  at <TabView class="h-full tinker-plants-tabs" > 
  at <TinkerPlants ref="VTU_COMPONENT" > 
  at <VTUROOT>
[Vue warn]: Property "$primevue" was accessed during render but is not defined on instance. 
  at <Dropdown id="Ear-faded" modelValue=null onUpdate:modelValue=fn<onUpdate:modelValue>  ... > 
  at <TabPanel header="Build" class="h-full" > 
  at <TabView class="h-full tinker-plants-tabs" > 
  at <TinkerPlants ref="VTU_COMPONENT" > 
  at <VTUROOT>
[Vue warn]: Property "$primevue" was accessed during render but is not defined on instance. 
  at <InputNumber id="Ear-ql" modelValue=200 onUpdate:modelValue=fn<onUpdate:modelValue>  ... > 
  at <TabPanel header="Build" class="h-full" > 
  at <TabView class="h-full tinker-plants-tabs" > 
  at <TinkerPlants ref="VTU_COMPONENT" > 
  at <VTUROOT>
[Vue warn]: Property "$primevue" was accessed during render but is not defined on instance. 
  at <Dropdown id="Right Arm-shiny" modelValue=null onUpdate:modelValue=fn<onUpdate:modelValue>  ... > 
  at <TabPanel header="Build" class="h-full" > 
  at <TabView class="h-full tinker-plants-tabs" > 
  at <TinkerPlants ref="VTU_COMPONENT" > 
  at <VTUROOT>
[Vue warn]: Property "$primevue" was accessed during render but is not defined on instance. 
  at <Dropdown id="Right Arm-bright" modelValue=null onUpdate:modelValue=fn<onUpdate:modelValue>  ... > 
  at <TabPanel header="Build" class="h-full" > 
  at <TabView class="h-full tinker-plants-tabs" > 
  at <TinkerPlants ref="VTU_COMPONENT" > 
  at <VTUROOT>
[Vue warn]: Property "$primevue" was accessed during render but is not defined on instance. 
  at <Dropdown id="Right Arm-faded" modelValue=null onUpdate:modelValue=fn<onUpdate:modelValue>  ... > 
  at <TabPanel header="Build" class="h-full" > 
  at <TabView class="h-full tinker-plants-tabs" > 
  at <TinkerPlants ref="VTU_COMPONENT" > 
  at <VTUROOT>
[Vue warn]: Property "$primevue" was accessed during render but is not defined on instance. 
  at <InputNumber id="Right Arm-ql" modelValue=200 onUpdate:modelValue=fn<onUpdate:modelValue>  ... > 
  at <TabPanel header="Build" class="h-full" > 
  at <TabView class="h-full tinker-plants-tabs" > 
  at <TinkerPlants ref="VTU_COMPONENT" > 
  at <VTUROOT>
[Vue warn]: Property "$primevue" was accessed during render but is not defined on instance. 
  at <Dropdown id="Chest-shiny" modelValue=null onUpdate:modelValue=fn<onUpdate:modelValue>  ... > 
  at <TabPanel header="Build" class="h-full" > 
  at <TabView class="h-full tinker-plants-tabs" > 
  at <TinkerPlants ref="VTU_COMPONENT" > 
  at <VTUROOT>
[Vue warn]: Property "$primevue" was accessed during render but is not defined on instance. 
  at <Dropdown id="Chest-bright" modelValue=null onUpdate:modelValue=fn<onUpdate:modelValue>  ... > 
  at <TabPanel header="Build" class="h-full" > 
  at <TabView class="h-full tinker-plants-tabs" > 
  at <TinkerPlants ref="VTU_COMPONENT" > 
  at <VTUROOT>
[Vue warn]: Property "$primevue" was accessed during render but is not defined on instance. 
  at <Dropdown id="Chest-faded" modelValue=null onUpdate:modelValue=fn<onUpdate:modelValue>  ... > 
  at <TabPanel header="Build" class="h-full" > 
  at <TabView class="h-full tinker-plants-tabs" > 
  at <TinkerPlants ref="VTU_COMPONENT" > 
  at <VTUROOT>
[Vue warn]: Property "$primevue" was accessed during render but is not defined on instance. 
  at <InputNumber id="Chest-ql" modelValue=200 onUpdate:modelValue=fn<onUpdate:modelValue>  ... > 
  at <TabPanel header="Build" class="h-full" > 
  at <TabView class="h-full tinker-plants-tabs" > 
  at <TinkerPlants ref="VTU_COMPONENT" > 
  at <VTUROOT>
[Vue warn]: Property "$primevue" was accessed during render but is not defined on instance. 
  at <Dropdown id="Left Arm-shiny" modelValue=null onUpdate:modelValue=fn<onUpdate:modelValue>  ... > 
  at <TabPanel header="Build" class="h-full" > 
  at <TabView class="h-full tinker-plants-tabs" > 
  at <TinkerPlants ref="VTU_COMPONENT" > 
  at <VTUROOT>
[Vue warn]: Property "$primevue" was accessed during render but is not defined on instance. 
  at <Dropdown id="Left Arm-bright" modelValue=null onUpdate:modelValue=fn<onUpdate:modelValue>  ... > 
  at <TabPanel header="Build" class="h-full" > 
  at <TabView class="h-full tinker-plants-tabs" > 
  at <TinkerPlants ref="VTU_COMPONENT" > 
  at <VTUROOT>
[Vue warn]: Property "$primevue" was accessed during render but is not defined on instance. 
  at <Dropdown id="Left Arm-faded" modelValue=null onUpdate:modelValue=fn<onUpdate:modelValue>  ... > 
  at <TabPanel header="Build" class="h-full" > 
  at <TabView class="h-full tinker-plants-tabs" > 
  at <TinkerPlants ref="VTU_COMPONENT" > 
  at <VTUROOT>
[Vue warn]: Property "$primevue" was accessed during render but is not defined on instance. 
  at <InputNumber id="Left Arm-ql" modelValue=200 onUpdate:modelValue=fn<onUpdate:modelValue>  ... > 
  at <TabPanel header="Build" class="h-full" > 
  at <TabView class="h-full tinker-plants-tabs" > 
  at <TinkerPlants ref="VTU_COMPONENT" > 
  at <VTUROOT>
[Vue warn]: Property "$primevue" was accessed during render but is not defined on instance. 
  at <Dropdown id="Right Wrist-shiny" modelValue=null onUpdate:modelValue=fn<onUpdate:modelValue>  ... > 
  at <TabPanel header="Build" class="h-full" > 
  at <TabView class="h-full tinker-plants-tabs" > 
  at <TinkerPlants ref="VTU_COMPONENT" > 
  at <VTUROOT>
[Vue warn]: Property "$primevue" was accessed during render but is not defined on instance. 
  at <Dropdown id="Right Wrist-bright" modelValue=null onUpdate:modelValue=fn<onUpdate:modelValue>  ... > 
  at <TabPanel header="Build" class="h-full" > 
  at <TabView class="h-full tinker-plants-tabs" > 
  at <TinkerPlants ref="VTU_COMPONENT" > 
  at <VTUROOT>
[Vue warn]: Property "$primevue" was accessed during render but is not defined on instance. 
  at <Dropdown id="Right Wrist-faded" modelValue=null onUpdate:modelValue=fn<onUpdate:modelValue>  ... > 
  at <TabPanel header="Build" class="h-full" > 
  at <TabView class="h-full tinker-plants-tabs" > 
  at <TinkerPlants ref="VTU_COMPONENT" > 
  at <VTUROOT>
[Vue warn]: Property "$primevue" was accessed during render but is not defined on instance. 
  at <InputNumber id="Right Wrist-ql" modelValue=200 onUpdate:modelValue=fn<onUpdate:modelValue>  ... > 
  at <TabPanel header="Build" class="h-full" > 
  at <TabView class="h-full tinker-plants-tabs" > 
  at <TinkerPlants ref="VTU_COMPONENT" > 
  at <VTUROOT>
[Vue warn]: Property "$primevue" was accessed during render but is not defined on instance. 
  at <Dropdown id="Waist-shiny" modelValue=null onUpdate:modelValue=fn<onUpdate:modelValue>  ... > 
  at <TabPanel header="Build" class="h-full" > 
  at <TabView class="h-full tinker-plants-tabs" > 
  at <TinkerPlants ref="VTU_COMPONENT" > 
  at <VTUROOT>
[Vue warn]: Property "$primevue" was accessed during render but is not defined on instance. 
  at <Dropdown id="Waist-bright" modelValue=null onUpdate:modelValue=fn<onUpdate:modelValue>  ... > 
  at <TabPanel header="Build" class="h-full" > 
  at <TabView class="h-full tinker-plants-tabs" > 
  at <TinkerPlants ref="VTU_COMPONENT" > 
  at <VTUROOT>
[Vue warn]: Property "$primevue" was accessed during render but is not defined on instance. 
  at <Dropdown id="Waist-faded" modelValue=null onUpdate:modelValue=fn<onUpdate:modelValue>  ... > 
  at <TabPanel header="Build" class="h-full" > 
  at <TabView class="h-full tinker-plants-tabs" > 
  at <TinkerPlants ref="VTU_COMPONENT" > 
  at <VTUROOT>
[Vue warn]: Property "$primevue" was accessed during render but is not defined on instance. 
  at <InputNumber id="Waist-ql" modelValue=200 onUpdate:modelValue=fn<onUpdate:modelValue>  ... > 
  at <TabPanel header="Build" class="h-full" > 
  at <TabView class="h-full tinker-plants-tabs" > 
  at <TinkerPlants ref="VTU_COMPONENT" > 
  at <VTUROOT>
[Vue warn]: Property "$primevue" was accessed during render but is not defined on instance. 
  at <Dropdown id="Left Wrist-shiny" modelValue=null onUpdate:modelValue=fn<onUpdate:modelValue>  ... > 
  at <TabPanel header="Build" class="h-full" > 
  at <TabView class="h-full tinker-plants-tabs" > 
  at <TinkerPlants ref="VTU_COMPONENT" > 
  at <VTUROOT>
[Vue warn]: Property "$primevue" was accessed during render but is not defined on instance. 
  at <Dropdown id="Left Wrist-bright" modelValue=null onUpdate:modelValue=fn<onUpdate:modelValue>  ... > 
  at <TabPanel header="Build" class="h-full" > 
  at <TabView class="h-full tinker-plants-tabs" > 
  at <TinkerPlants ref="VTU_COMPONENT" > 
  at <VTUROOT>
[Vue warn]: Property "$primevue" was accessed during render but is not defined on instance. 
  at <Dropdown id="Left Wrist-faded" modelValue=null onUpdate:modelValue=fn<onUpdate:modelValue>  ... > 
  at <TabPanel header="Build" class="h-full" > 
  at <TabView class="h-full tinker-plants-tabs" > 
  at <TinkerPlants ref="VTU_COMPONENT" > 
  at <VTUROOT>
[Vue warn]: Property "$primevue" was accessed during render but is not defined on instance. 
  at <InputNumber id="Left Wrist-ql" modelValue=200 onUpdate:modelValue=fn<onUpdate:modelValue>  ... > 
  at <TabPanel header="Build" class="h-full" > 
  at <TabView class="h-full tinker-plants-tabs" > 
  at <TinkerPlants ref="VTU_COMPONENT" > 
  at <VTUROOT>
[Vue warn]: Property "$primevue" was accessed during render but is not defined on instance. 
  at <Dropdown id="Right Hand-shiny" modelValue=null onUpdate:modelValue=fn<onUpdate:modelValue>  ... > 
  at <TabPanel header="Build" class="h-full" > 
  at <TabView class="h-full tinker-plants-tabs" > 
  at <TinkerPlants ref="VTU_COMPONENT" > 
  at <VTUROOT>
[Vue warn]: Property "$primevue" was accessed during render but is not defined on instance. 
  at <Dropdown id="Right Hand-bright" modelValue=null onUpdate:modelValue=fn<onUpdate:modelValue>  ... > 
  at <TabPanel header="Build" class="h-full" > 
  at <TabView class="h-full tinker-plants-tabs" > 
  at <TinkerPlants ref="VTU_COMPONENT" > 
  at <VTUROOT>
[Vue warn]: Property "$primevue" was accessed during render but is not defined on instance. 
  at <Dropdown id="Right Hand-faded" modelValue=null onUpdate:modelValue=fn<onUpdate:modelValue>  ... > 
  at <TabPanel header="Build" class="h-full" > 
  at <TabView class="h-full tinker-plants-tabs" > 
  at <TinkerPlants ref="VTU_COMPONENT" > 
  at <VTUROOT>
[Vue warn]: Property "$primevue" was accessed during render but is not defined on instance. 
  at <InputNumber id="Right Hand-ql" modelValue=200 onUpdate:modelValue=fn<onUpdate:modelValue>  ... > 
  at <TabPanel header="Build" class="h-full" > 
  at <TabView class="h-full tinker-plants-tabs" > 
  at <TinkerPlants ref="VTU_COMPONENT" > 
  at <VTUROOT>
[Vue warn]: Property "$primevue" was accessed during render but is not defined on instance. 
  at <Dropdown id="Leg-shiny" modelValue=null onUpdate:modelValue=fn<onUpdate:modelValue>  ... > 
  at <TabPanel header="Build" class="h-full" > 
  at <TabView class="h-full tinker-plants-tabs" > 
  at <TinkerPlants ref="VTU_COMPONENT" > 
  at <VTUROOT>
[Vue warn]: Property "$primevue" was accessed during render but is not defined on instance. 
  at <Dropdown id="Leg-bright" modelValue=null onUpdate:modelValue=fn<onUpdate:modelValue>  ... > 
  at <TabPanel header="Build" class="h-full" > 
  at <TabView class="h-full tinker-plants-tabs" > 
  at <TinkerPlants ref="VTU_COMPONENT" > 
  at <VTUROOT>
[Vue warn]: Property "$primevue" was accessed during render but is not defined on instance. 
  at <Dropdown id="Leg-faded" modelValue=null onUpdate:modelValue=fn<onUpdate:modelValue>  ... > 
  at <TabPanel header="Build" class="h-full" > 
  at <TabView class="h-full tinker-plants-tabs" > 
  at <TinkerPlants ref="VTU_COMPONENT" > 
  at <VTUROOT>
[Vue warn]: Property "$primevue" was accessed during render but is not defined on instance. 
  at <InputNumber id="Leg-ql" modelValue=200 onUpdate:modelValue=fn<onUpdate:modelValue>  ... > 
  at <TabPanel header="Build" class="h-full" > 
  at <TabView class="h-full tinker-plants-tabs" > 
  at <TinkerPlants ref="VTU_COMPONENT" > 
  at <VTUROOT>
[Vue warn]: Property "$primevue" was accessed during render but is not defined on instance. 
  at <Dropdown id="Left Hand-shiny" modelValue=null onUpdate:modelValue=fn<onUpdate:modelValue>  ... > 
  at <TabPanel header="Build" class="h-full" > 
  at <TabView class="h-full tinker-plants-tabs" > 
  at <TinkerPlants ref="VTU_COMPONENT" > 
  at <VTUROOT>
[Vue warn]: Property "$primevue" was accessed during render but is not defined on instance. 
  at <Dropdown id="Left Hand-bright" modelValue=null onUpdate:modelValue=fn<onUpdate:modelValue>  ... > 
  at <TabPanel header="Build" class="h-full" > 
  at <TabView class="h-full tinker-plants-tabs" > 
  at <TinkerPlants ref="VTU_COMPONENT" > 
  at <VTUROOT>
[Vue warn]: Property "$primevue" was accessed during render but is not defined on instance. 
  at <Dropdown id="Left Hand-faded" modelValue=null onUpdate:modelValue=fn<onUpdate:modelValue>  ... > 
  at <TabPanel header="Build" class="h-full" > 
  at <TabView class="h-full tinker-plants-tabs" > 
  at <TinkerPlants ref="VTU_COMPONENT" > 
  at <VTUROOT>
[Vue warn]: Property "$primevue" was accessed during render but is not defined on instance. 
  at <InputNumber id="Left Hand-ql" modelValue=200 onUpdate:modelValue=fn<onUpdate:modelValue>  ... > 
  at <TabPanel header="Build" class="h-full" > 
  at <TabView class="h-full tinker-plants-tabs" > 
  at <TinkerPlants ref="VTU_COMPONENT" > 
  at <VTUROOT>
[Vue warn]: Property "$primevue" was accessed during render but is not defined on instance. 
  at <Dropdown id="Feet-shiny" modelValue=null onUpdate:modelValue=fn<onUpdate:modelValue>  ... > 
  at <TabPanel header="Build" class="h-full" > 
  at <TabView class="h-full tinker-plants-tabs" > 
  at <TinkerPlants ref="VTU_COMPONENT" > 
  at <VTUROOT>
[Vue warn]: Property "$primevue" was accessed during render but is not defined on instance. 
  at <Dropdown id="Feet-bright" modelValue=null onUpdate:modelValue=fn<onUpdate:modelValue>  ... > 
  at <TabPanel header="Build" class="h-full" > 
  at <TabView class="h-full tinker-plants-tabs" > 
  at <TinkerPlants ref="VTU_COMPONENT" > 
  at <VTUROOT>
[Vue warn]: Property "$primevue" was accessed during render but is not defined on instance. 
  at <Dropdown id="Feet-faded" modelValue=null onUpdate:modelValue=fn<onUpdate:modelValue>  ... > 
  at <TabPanel header="Build" class="h-full" > 
  at <TabView class="h-full tinker-plants-tabs" > 
  at <TinkerPlants ref="VTU_COMPONENT" > 
  at <VTUROOT>
[Vue warn]: Property "$primevue" was accessed during render but is not defined on instance. 
  at <InputNumber id="Feet-ql" modelValue=200 onUpdate:modelValue=fn<onUpdate:modelValue>  ... > 
  at <TabPanel header="Build" class="h-full" > 
  at <TabView class="h-full tinker-plants-tabs" > 
  at <TinkerPlants ref="VTU_COMPONENT" > 
  at <VTUROOT>
[Vue warn]: Extraneous non-props attributes (class) were passed to component but could not be automatically inherited because component renders fragment or text root nodes. 
  at <TabPanel header="Construction" class="h-full" > 
  at <TabView class="h-full tinker-plants-tabs" > 
  at <TinkerPlants ref="VTU_COMPONENT" > 
  at <VTUROOT>
[Vue warn]: Extraneous non-props attributes (class) were passed to component but could not be automatically inherited because component renders fragment or text root nodes. 
  at <TabPanel header="Build" class="h-full" > 
  at <TabView class="h-full tinker-plants-tabs" > 
  at <TinkerPlants ref="VTU_COMPONENT" > 
  at <VTUROOT>
[Vue warn]: Property "$primevue" was accessed during render but is not defined on instance. 
  at <Dropdown id="Eye-shiny" modelValue=null onUpdate:modelValue=fn<onUpdate:modelValue>  ... > 
  at <TabPanel header="Build" class="h-full" > 
  at <TabView class="h-full tinker-plants-tabs" > 
  at <TinkerPlants ref="VTU_COMPONENT" > 
  at <VTUROOT>
[Vue warn]: Property "$primevue" was accessed during render but is not defined on instance. 
  at <Dropdown id="Eye-bright" modelValue=null onUpdate:modelValue=fn<onUpdate:modelValue>  ... > 
  at <TabPanel header="Build" class="h-full" > 
  at <TabView class="h-full tinker-plants-tabs" > 
  at <TinkerPlants ref="VTU_COMPONENT" > 
  at <VTUROOT>
[Vue warn]: Property "$primevue" was accessed during render but is not defined on instance. 
  at <Dropdown id="Eye-faded" modelValue=null onUpdate:modelValue=fn<onUpdate:modelValue>  ... > 
  at <TabPanel header="Build" class="h-full" > 
  at <TabView class="h-full tinker-plants-tabs" > 
  at <TinkerPlants ref="VTU_COMPONENT" > 
  at <VTUROOT>
[Vue warn]: Property "$primevue" was accessed during render but is not defined on instance. 
  at <Dropdown id="Head-shiny" modelValue=null onUpdate:modelValue=fn<onUpdate:modelValue>  ... > 
  at <TabPanel header="Build" class="h-full" > 
  at <TabView class="h-full tinker-plants-tabs" > 
  at <TinkerPlants ref="VTU_COMPONENT" > 
  at <VTUROOT>
[Vue warn]: Property "$primevue" was accessed during render but is not defined on instance. 
  at <Dropdown id="Head-bright" modelValue=null onUpdate:modelValue=fn<onUpdate:modelValue>  ... > 
  at <TabPanel header="Build" class="h-full" > 
  at <TabView class="h-full tinker-plants-tabs" > 
  at <TinkerPlants ref="VTU_COMPONENT" > 
  at <VTUROOT>
[Vue warn]: Property "$primevue" was accessed during render but is not defined on instance. 
  at <Dropdown id="Head-faded" modelValue=null onUpdate:modelValue=fn<onUpdate:modelValue>  ... > 
  at <TabPanel header="Build" class="h-full" > 
  at <TabView class="h-full tinker-plants-tabs" > 
  at <TinkerPlants ref="VTU_COMPONENT" > 
  at <VTUROOT>
[Vue warn]: Property "$primevue" was accessed during render but is not defined on instance. 
  at <Dropdown id="Ear-shiny" modelValue=null onUpdate:modelValue=fn<onUpdate:modelValue>  ... > 
  at <TabPanel header="Build" class="h-full" > 
  at <TabView class="h-full tinker-plants-tabs" > 
  at <TinkerPlants ref="VTU_COMPONENT" > 
  at <VTUROOT>
[Vue warn]: Property "$primevue" was accessed during render but is not defined on instance. 
  at <Dropdown id="Ear-bright" modelValue=null onUpdate:modelValue=fn<onUpdate:modelValue>  ... > 
  at <TabPanel header="Build" class="h-full" > 
  at <TabView class="h-full tinker-plants-tabs" > 
  at <TinkerPlants ref="VTU_COMPONENT" > 
  at <VTUROOT>
[Vue warn]: Property "$primevue" was accessed during render but is not defined on instance. 
  at <Dropdown id="Ear-faded" modelValue=null onUpdate:modelValue=fn<onUpdate:modelValue>  ... > 
  at <TabPanel header="Build" class="h-full" > 
  at <TabView class="h-full tinker-plants-tabs" > 
  at <TinkerPlants ref="VTU_COMPONENT" > 
  at <VTUROOT>
[Vue warn]: Property "$primevue" was accessed during render but is not defined on instance. 
  at <Dropdown id="Right Arm-shiny" modelValue=null onUpdate:modelValue=fn<onUpdate:modelValue>  ... > 
  at <TabPanel header="Build" class="h-full" > 
  at <TabView class="h-full tinker-plants-tabs" > 
  at <TinkerPlants ref="VTU_COMPONENT" > 
  at <VTUROOT>
[Vue warn]: Property "$primevue" was accessed during render but is not defined on instance. 
  at <Dropdown id="Right Arm-bright" modelValue=null onUpdate:modelValue=fn<onUpdate:modelValue>  ... > 
  at <TabPanel header="Build" class="h-full" > 
  at <TabView class="h-full tinker-plants-tabs" > 
  at <TinkerPlants ref="VTU_COMPONENT" > 
  at <VTUROOT>
[Vue warn]: Property "$primevue" was accessed during render but is not defined on instance. 
  at <Dropdown id="Right Arm-faded" modelValue=null onUpdate:modelValue=fn<onUpdate:modelValue>  ... > 
  at <TabPanel header="Build" class="h-full" > 
  at <TabView class="h-full tinker-plants-tabs" > 
  at <TinkerPlants ref="VTU_COMPONENT" > 
  at <VTUROOT>
[Vue warn]: Property "$primevue" was accessed during render but is not defined on instance. 
  at <Dropdown id="Chest-shiny" modelValue=null onUpdate:modelValue=fn<onUpdate:modelValue>  ... > 
  at <TabPanel header="Build" class="h-full" > 
  at <TabView class="h-full tinker-plants-tabs" > 
  at <TinkerPlants ref="VTU_COMPONENT" > 
  at <VTUROOT>
[Vue warn]: Property "$primevue" was accessed during render but is not defined on instance. 
  at <Dropdown id="Chest-bright" modelValue=null onUpdate:modelValue=fn<onUpdate:modelValue>  ... > 
  at <TabPanel header="Build" class="h-full" > 
  at <TabView class="h-full tinker-plants-tabs" > 
  at <TinkerPlants ref="VTU_COMPONENT" > 
  at <VTUROOT>
[Vue warn]: Property "$primevue" was accessed during render but is not defined on instance. 
  at <Dropdown id="Chest-faded" modelValue=null onUpdate:modelValue=fn<onUpdate:modelValue>  ... > 
  at <TabPanel header="Build" class="h-full" > 
  at <TabView class="h-full tinker-plants-tabs" > 
  at <TinkerPlants ref="VTU_COMPONENT" > 
  at <VTUROOT>
[Vue warn]: Property "$primevue" was accessed during render but is not defined on instance. 
  at <Dropdown id="Left Arm-shiny" modelValue=null onUpdate:modelValue=fn<onUpdate:modelValue>  ... > 
  at <TabPanel header="Build" class="h-full" > 
  at <TabView class="h-full tinker-plants-tabs" > 
  at <TinkerPlants ref="VTU_COMPONENT" > 
  at <VTUROOT>
[Vue warn]: Property "$primevue" was accessed during render but is not defined on instance. 
  at <Dropdown id="Left Arm-bright" modelValue=null onUpdate:modelValue=fn<onUpdate:modelValue>  ... > 
  at <TabPanel header="Build" class="h-full" > 
  at <TabView class="h-full tinker-plants-tabs" > 
  at <TinkerPlants ref="VTU_COMPONENT" > 
  at <VTUROOT>
[Vue warn]: Property "$primevue" was accessed during render but is not defined on instance. 
  at <Dropdown id="Left Arm-faded" modelValue=null onUpdate:modelValue=fn<onUpdate:modelValue>  ... > 
  at <TabPanel header="Build" class="h-full" > 
  at <TabView class="h-full tinker-plants-tabs" > 
  at <TinkerPlants ref="VTU_COMPONENT" > 
  at <VTUROOT>
[Vue warn]: Property "$primevue" was accessed during render but is not defined on instance. 
  at <Dropdown id="Right Wrist-shiny" modelValue=null onUpdate:modelValue=fn<onUpdate:modelValue>  ... > 
  at <TabPanel header="Build" class="h-full" > 
  at <TabView class="h-full tinker-plants-tabs" > 
  at <TinkerPlants ref="VTU_COMPONENT" > 
  at <VTUROOT>
[Vue warn]: Property "$primevue" was accessed during render but is not defined on instance. 
  at <Dropdown id="Right Wrist-bright" modelValue=null onUpdate:modelValue=fn<onUpdate:modelValue>  ... > 
  at <TabPanel header="Build" class="h-full" > 
  at <TabView class="h-full tinker-plants-tabs" > 
  at <TinkerPlants ref="VTU_COMPONENT" > 
  at <VTUROOT>
[Vue warn]: Property "$primevue" was accessed during render but is not defined on instance. 
  at <Dropdown id="Right Wrist-faded" modelValue=null onUpdate:modelValue=fn<onUpdate:modelValue>  ... > 
  at <TabPanel header="Build" class="h-full" > 
  at <TabView class="h-full tinker-plants-tabs" > 
  at <TinkerPlants ref="VTU_COMPONENT" > 
  at <VTUROOT>
[Vue warn]: Property "$primevue" was accessed during render but is not defined on instance. 
  at <Dropdown id="Waist-shiny" modelValue=null onUpdate:modelValue=fn<onUpdate:modelValue>  ... > 
  at <TabPanel header="Build" class="h-full" > 
  at <TabView class="h-full tinker-plants-tabs" > 
  at <TinkerPlants ref="VTU_COMPONENT" > 
  at <VTUROOT>
[Vue warn]: Property "$primevue" was accessed during render but is not defined on instance. 
  at <Dropdown id="Waist-bright" modelValue=null onUpdate:modelValue=fn<onUpdate:modelValue>  ... > 
  at <TabPanel header="Build" class="h-full" > 
  at <TabView class="h-full tinker-plants-tabs" > 
  at <TinkerPlants ref="VTU_COMPONENT" > 
  at <VTUROOT>
[Vue warn]: Property "$primevue" was accessed during render but is not defined on instance. 
  at <Dropdown id="Waist-faded" modelValue=null onUpdate:modelValue=fn<onUpdate:modelValue>  ... > 
  at <TabPanel header="Build" class="h-full" > 
  at <TabView class="h-full tinker-plants-tabs" > 
  at <TinkerPlants ref="VTU_COMPONENT" > 
  at <VTUROOT>
[Vue warn]: Property "$primevue" was accessed during render but is not defined on instance. 
  at <Dropdown id="Left Wrist-shiny" modelValue=null onUpdate:modelValue=fn<onUpdate:modelValue>  ... > 
  at <TabPanel header="Build" class="h-full" > 
  at <TabView class="h-full tinker-plants-tabs" > 
  at <TinkerPlants ref="VTU_COMPONENT" > 
  at <VTUROOT>
[Vue warn]: Property "$primevue" was accessed during render but is not defined on instance. 
  at <Dropdown id="Left Wrist-bright" modelValue=null onUpdate:modelValue=fn<onUpdate:modelValue>  ... > 
  at <TabPanel header="Build" class="h-full" > 
  at <TabView class="h-full tinker-plants-tabs" > 
  at <TinkerPlants ref="VTU_COMPONENT" > 
  at <VTUROOT>
[Vue warn]: Property "$primevue" was accessed during render but is not defined on instance. 
  at <Dropdown id="Left Wrist-faded" modelValue=null onUpdate:modelValue=fn<onUpdate:modelValue>  ... > 
  at <TabPanel header="Build" class="h-full" > 
  at <TabView class="h-full tinker-plants-tabs" > 
  at <TinkerPlants ref="VTU_COMPONENT" > 
  at <VTUROOT>
[Vue warn]: Property "$primevue" was accessed during render but is not defined on instance. 
  at <Dropdown id="Right Hand-shiny" modelValue=null onUpdate:modelValue=fn<onUpdate:modelValue>  ... > 
  at <TabPanel header="Build" class="h-full" > 
  at <TabView class="h-full tinker-plants-tabs" > 
  at <TinkerPlants ref="VTU_COMPONENT" > 
  at <VTUROOT>
[Vue warn]: Property "$primevue" was accessed during render but is not defined on instance. 
  at <Dropdown id="Right Hand-bright" modelValue=null onUpdate:modelValue=fn<onUpdate:modelValue>  ... > 
  at <TabPanel header="Build" class="h-full" > 
  at <TabView class="h-full tinker-plants-tabs" > 
  at <TinkerPlants ref="VTU_COMPONENT" > 
  at <VTUROOT>
[Vue warn]: Property "$primevue" was accessed during render but is not defined on instance. 
  at <Dropdown id="Right Hand-faded" modelValue=null onUpdate:modelValue=fn<onUpdate:modelValue>  ... > 
  at <TabPanel header="Build" class="h-full" > 
  at <TabView class="h-full tinker-plants-tabs" > 
  at <TinkerPlants ref="VTU_COMPONENT" > 
  at <VTUROOT>
[Vue warn]: Property "$primevue" was accessed during render but is not defined on instance. 
  at <Dropdown id="Leg-shiny" modelValue=null onUpdate:modelValue=fn<onUpdate:modelValue>  ... > 
  at <TabPanel header="Build" class="h-full" > 
  at <TabView class="h-full tinker-plants-tabs" > 
  at <TinkerPlants ref="VTU_COMPONENT" > 
  at <VTUROOT>
[Vue warn]: Property "$primevue" was accessed during render but is not defined on instance. 
  at <Dropdown id="Leg-bright" modelValue=null onUpdate:modelValue=fn<onUpdate:modelValue>  ... > 
  at <TabPanel header="Build" class="h-full" > 
  at <TabView class="h-full tinker-plants-tabs" > 
  at <TinkerPlants ref="VTU_COMPONENT" > 
  at <VTUROOT>
[Vue warn]: Property "$primevue" was accessed during render but is not defined on instance. 
  at <Dropdown id="Leg-faded" modelValue=null onUpdate:modelValue=fn<onUpdate:modelValue>  ... > 
  at <TabPanel header="Build" class="h-full" > 
  at <TabView class="h-full tinker-plants-tabs" > 
  at <TinkerPlants ref="VTU_COMPONENT" > 
  at <VTUROOT>
[Vue warn]: Property "$primevue" was accessed during render but is not defined on instance. 
  at <Dropdown id="Left Hand-shiny" modelValue=null onUpdate:modelValue=fn<onUpdate:modelValue>  ... > 
  at <TabPanel header="Build" class="h-full" > 
  at <TabView class="h-full tinker-plants-tabs" > 
  at <TinkerPlants ref="VTU_COMPONENT" > 
  at <VTUROOT>
[Vue warn]: Property "$primevue" was accessed during render but is not defined on instance. 
  at <Dropdown id="Left Hand-bright" modelValue=null onUpdate:modelValue=fn<onUpdate:modelValue>  ... > 
  at <TabPanel header="Build" class="h-full" > 
  at <TabView class="h-full tinker-plants-tabs" > 
  at <TinkerPlants ref="VTU_COMPONENT" > 
  at <VTUROOT>
[Vue warn]: Property "$primevue" was accessed during render but is not defined on instance. 
  at <Dropdown id="Left Hand-faded" modelValue=null onUpdate:modelValue=fn<onUpdate:modelValue>  ... > 
  at <TabPanel header="Build" class="h-full" > 
  at <TabView class="h-full tinker-plants-tabs" > 
  at <TinkerPlants ref="VTU_COMPONENT" > 
  at <VTUROOT>
[Vue warn]: Property "$primevue" was accessed during render but is not defined on instance. 
  at <Dropdown id="Feet-shiny" modelValue=null onUpdate:modelValue=fn<onUpdate:modelValue>  ... > 
  at <TabPanel header="Build" class="h-full" > 
  at <TabView class="h-full tinker-plants-tabs" > 
  at <TinkerPlants ref="VTU_COMPONENT" > 
  at <VTUROOT>
[Vue warn]: Property "$primevue" was accessed during render but is not defined on instance. 
  at <Dropdown id="Feet-bright" modelValue=null onUpdate:modelValue=fn<onUpdate:modelValue>  ... > 
  at <TabPanel header="Build" class="h-full" > 
  at <TabView class="h-full tinker-plants-tabs" > 
  at <TinkerPlants ref="VTU_COMPONENT" > 
  at <VTUROOT>
[Vue warn]: Property "$primevue" was accessed during render but is not defined on instance. 
  at <Dropdown id="Feet-faded" modelValue=null onUpdate:modelValue=fn<onUpdate:modelValue>  ... > 
  at <TabPanel header="Build" class="h-full" > 
  at <TabView class="h-full tinker-plants-tabs" > 
  at <TinkerPlants ref="VTU_COMPONENT" > 
  at <VTUROOT>
[Vue warn]: Extraneous non-props attributes (class) were passed to component but could not be automatically inherited because component renders fragment or text root nodes. 
  at <TabPanel header="Construction" class="h-full" > 
  at <TabView class="h-full tinker-plants-tabs" > 
  at <TinkerPlants ref="VTU_COMPONENT" > 
  at <VTUROOT>

stderr | src/__tests__/views/TinkerPlants.simple.test.ts > TinkerPlants - Simple Tests > Data Properties > initializes with correct default values
[Vue warn]: Property "$primevue" was accessed during render but is not defined on instance. 
  at <InputNumber id="ql-input" modelValue=200 onUpdate:modelValue=fn  ... > 
  at <TinkerPlants ref="VTU_COMPONENT" > 
  at <VTUROOT>
[Vue warn]: Extraneous non-props attributes (class) were passed to component but could not be automatically inherited because component renders fragment or text root nodes. 
  at <TabPanel header="Build" class="h-full" > 
  at <TabView class="h-full tinker-plants-tabs" > 
  at <TinkerPlants ref="VTU_COMPONENT" > 
  at <VTUROOT>
[Vue warn]: Property "$primevue" was accessed during render but is not defined on instance. 
  at <Dropdown id="Eye-shiny" modelValue=null onUpdate:modelValue=fn<onUpdate:modelValue>  ... > 
  at <TabPanel header="Build" class="h-full" > 
  at <TabView class="h-full tinker-plants-tabs" > 
  at <TinkerPlants ref="VTU_COMPONENT" > 
  at <VTUROOT>
[Vue warn]: Property "$primevue" was accessed during render but is not defined on instance. 
  at <Dropdown id="Eye-bright" modelValue=null onUpdate:modelValue=fn<onUpdate:modelValue>  ... > 
  at <TabPanel header="Build" class="h-full" > 
  at <TabView class="h-full tinker-plants-tabs" > 
  at <TinkerPlants ref="VTU_COMPONENT" > 
  at <VTUROOT>
[Vue warn]: Property "$primevue" was accessed during render but is not defined on instance. 
  at <Dropdown id="Eye-faded" modelValue=null onUpdate:modelValue=fn<onUpdate:modelValue>  ... > 
  at <TabPanel header="Build" class="h-full" > 
  at <TabView class="h-full tinker-plants-tabs" > 
  at <TinkerPlants ref="VTU_COMPONENT" > 
  at <VTUROOT>
[Vue warn]: Property "$primevue" was accessed during render but is not defined on instance. 
  at <InputNumber id="Eye-ql" modelValue=200 onUpdate:modelValue=fn<onUpdate:modelValue>  ... > 
  at <TabPanel header="Build" class="h-full" > 
  at <TabView class="h-full tinker-plants-tabs" > 
  at <TinkerPlants ref="VTU_COMPONENT" > 
  at <VTUROOT>
[Vue warn]: Property "$primevue" was accessed during render but is not defined on instance. 
  at <Dropdown id="Head-shiny" modelValue=null onUpdate:modelValue=fn<onUpdate:modelValue>  ... > 
  at <TabPanel header="Build" class="h-full" > 
  at <TabView class="h-full tinker-plants-tabs" > 
  at <TinkerPlants ref="VTU_COMPONENT" > 
  at <VTUROOT>
[Vue warn]: Property "$primevue" was accessed during render but is not defined on instance. 
  at <Dropdown id="Head-bright" modelValue=null onUpdate:modelValue=fn<onUpdate:modelValue>  ... > 
  at <TabPanel header="Build" class="h-full" > 
  at <TabView class="h-full tinker-plants-tabs" > 
  at <TinkerPlants ref="VTU_COMPONENT" > 
  at <VTUROOT>
[Vue warn]: Property "$primevue" was accessed during render but is not defined on instance. 
  at <Dropdown id="Head-faded" modelValue=null onUpdate:modelValue=fn<onUpdate:modelValue>  ... > 
  at <TabPanel header="Build" class="h-full" > 
  at <TabView class="h-full tinker-plants-tabs" > 
  at <TinkerPlants ref="VTU_COMPONENT" > 
  at <VTUROOT>
[Vue warn]: Property "$primevue" was accessed during render but is not defined on instance. 
  at <InputNumber id="Head-ql" modelValue=200 onUpdate:modelValue=fn<onUpdate:modelValue>  ... > 
  at <TabPanel header="Build" class="h-full" > 
  at <TabView class="h-full tinker-plants-tabs" > 
  at <TinkerPlants ref="VTU_COMPONENT" > 
  at <VTUROOT>
[Vue warn]: Property "$primevue" was accessed during render but is not defined on instance. 
  at <Dropdown id="Ear-shiny" modelValue=null onUpdate:modelValue=fn<onUpdate:modelValue>  ... > 
  at <TabPanel header="Build" class="h-full" > 
  at <TabView class="h-full tinker-plants-tabs" > 
  at <TinkerPlants ref="VTU_COMPONENT" > 
  at <VTUROOT>
[Vue warn]: Property "$primevue" was accessed during render but is not defined on instance. 
  at <Dropdown id="Ear-bright" modelValue=null onUpdate:modelValue=fn<onUpdate:modelValue>  ... > 
  at <TabPanel header="Build" class="h-full" > 
  at <TabView class="h-full tinker-plants-tabs" > 
  at <TinkerPlants ref="VTU_COMPONENT" > 
  at <VTUROOT>
[Vue warn]: Property "$primevue" was accessed during render but is not defined on instance. 
  at <Dropdown id="Ear-faded" modelValue=null onUpdate:modelValue=fn<onUpdate:modelValue>  ... > 
  at <TabPanel header="Build" class="h-full" > 
  at <TabView class="h-full tinker-plants-tabs" > 
  at <TinkerPlants ref="VTU_COMPONENT" > 
  at <VTUROOT>
[Vue warn]: Property "$primevue" was accessed during render but is not defined on instance. 
  at <InputNumber id="Ear-ql" modelValue=200 onUpdate:modelValue=fn<onUpdate:modelValue>  ... > 
  at <TabPanel header="Build" class="h-full" > 
  at <TabView class="h-full tinker-plants-tabs" > 
  at <TinkerPlants ref="VTU_COMPONENT" > 
  at <VTUROOT>
[Vue warn]: Property "$primevue" was accessed during render but is not defined on instance. 
  at <Dropdown id="Right Arm-shiny" modelValue=null onUpdate:modelValue=fn<onUpdate:modelValue>  ... > 
  at <TabPanel header="Build" class="h-full" > 
  at <TabView class="h-full tinker-plants-tabs" > 
  at <TinkerPlants ref="VTU_COMPONENT" > 
  at <VTUROOT>
[Vue warn]: Property "$primevue" was accessed during render but is not defined on instance. 
  at <Dropdown id="Right Arm-bright" modelValue=null onUpdate:modelValue=fn<onUpdate:modelValue>  ... > 
  at <TabPanel header="Build" class="h-full" > 
  at <TabView class="h-full tinker-plants-tabs" > 
  at <TinkerPlants ref="VTU_COMPONENT" > 
  at <VTUROOT>
[Vue warn]: Property "$primevue" was accessed during render but is not defined on instance. 
  at <Dropdown id="Right Arm-faded" modelValue=null onUpdate:modelValue=fn<onUpdate:modelValue>  ... > 
  at <TabPanel header="Build" class="h-full" > 
  at <TabView class="h-full tinker-plants-tabs" > 
  at <TinkerPlants ref="VTU_COMPONENT" > 
  at <VTUROOT>
[Vue warn]: Property "$primevue" was accessed during render but is not defined on instance. 
  at <InputNumber id="Right Arm-ql" modelValue=200 onUpdate:modelValue=fn<onUpdate:modelValue>  ... > 
  at <TabPanel header="Build" class="h-full" > 
  at <TabView class="h-full tinker-plants-tabs" > 
  at <TinkerPlants ref="VTU_COMPONENT" > 
  at <VTUROOT>
[Vue warn]: Property "$primevue" was accessed during render but is not defined on instance. 
  at <Dropdown id="Chest-shiny" modelValue=null onUpdate:modelValue=fn<onUpdate:modelValue>  ... > 
  at <TabPanel header="Build" class="h-full" > 
  at <TabView class="h-full tinker-plants-tabs" > 
  at <TinkerPlants ref="VTU_COMPONENT" > 
  at <VTUROOT>
[Vue warn]: Property "$primevue" was accessed during render but is not defined on instance. 
  at <Dropdown id="Chest-bright" modelValue=null onUpdate:modelValue=fn<onUpdate:modelValue>  ... > 
  at <TabPanel header="Build" class="h-full" > 
  at <TabView class="h-full tinker-plants-tabs" > 
  at <TinkerPlants ref="VTU_COMPONENT" > 
  at <VTUROOT>
[Vue warn]: Property "$primevue" was accessed during render but is not defined on instance. 
  at <Dropdown id="Chest-faded" modelValue=null onUpdate:modelValue=fn<onUpdate:modelValue>  ... > 
  at <TabPanel header="Build" class="h-full" > 
  at <TabView class="h-full tinker-plants-tabs" > 
  at <TinkerPlants ref="VTU_COMPONENT" > 
  at <VTUROOT>
[Vue warn]: Property "$primevue" was accessed during render but is not defined on instance. 
  at <InputNumber id="Chest-ql" modelValue=200 onUpdate:modelValue=fn<onUpdate:modelValue>  ... > 
  at <TabPanel header="Build" class="h-full" > 
  at <TabView class="h-full tinker-plants-tabs" > 
  at <TinkerPlants ref="VTU_COMPONENT" > 
  at <VTUROOT>
[Vue warn]: Property "$primevue" was accessed during render but is not defined on instance. 
  at <Dropdown id="Left Arm-shiny" modelValue=null onUpdate:modelValue=fn<onUpdate:modelValue>  ... > 
  at <TabPanel header="Build" class="h-full" > 
  at <TabView class="h-full tinker-plants-tabs" > 
  at <TinkerPlants ref="VTU_COMPONENT" > 
  at <VTUROOT>
[Vue warn]: Property "$primevue" was accessed during render but is not defined on instance. 
  at <Dropdown id="Left Arm-bright" modelValue=null onUpdate:modelValue=fn<onUpdate:modelValue>  ... > 
  at <TabPanel header="Build" class="h-full" > 
  at <TabView class="h-full tinker-plants-tabs" > 
  at <TinkerPlants ref="VTU_COMPONENT" > 
  at <VTUROOT>
[Vue warn]: Property "$primevue" was accessed during render but is not defined on instance. 
  at <Dropdown id="Left Arm-faded" modelValue=null onUpdate:modelValue=fn<onUpdate:modelValue>  ... > 
  at <TabPanel header="Build" class="h-full" > 
  at <TabView class="h-full tinker-plants-tabs" > 
  at <TinkerPlants ref="VTU_COMPONENT" > 
  at <VTUROOT>
[Vue warn]: Property "$primevue" was accessed during render but is not defined on instance. 
  at <InputNumber id="Left Arm-ql" modelValue=200 onUpdate:modelValue=fn<onUpdate:modelValue>  ... > 
  at <TabPanel header="Build" class="h-full" > 
  at <TabView class="h-full tinker-plants-tabs" > 
  at <TinkerPlants ref="VTU_COMPONENT" > 
  at <VTUROOT>
[Vue warn]: Property "$primevue" was accessed during render but is not defined on instance. 
  at <Dropdown id="Right Wrist-shiny" modelValue=null onUpdate:modelValue=fn<onUpdate:modelValue>  ... > 
  at <TabPanel header="Build" class="h-full" > 
  at <TabView class="h-full tinker-plants-tabs" > 
  at <TinkerPlants ref="VTU_COMPONENT" > 
  at <VTUROOT>
[Vue warn]: Property "$primevue" was accessed during render but is not defined on instance. 
  at <Dropdown id="Right Wrist-bright" modelValue=null onUpdate:modelValue=fn<onUpdate:modelValue>  ... > 
  at <TabPanel header="Build" class="h-full" > 
  at <TabView class="h-full tinker-plants-tabs" > 
  at <TinkerPlants ref="VTU_COMPONENT" > 
  at <VTUROOT>
[Vue warn]: Property "$primevue" was accessed during render but is not defined on instance. 
  at <Dropdown id="Right Wrist-faded" modelValue=null onUpdate:modelValue=fn<onUpdate:modelValue>  ... > 
  at <TabPanel header="Build" class="h-full" > 
  at <TabView class="h-full tinker-plants-tabs" > 
  at <TinkerPlants ref="VTU_COMPONENT" > 
  at <VTUROOT>
[Vue warn]: Property "$primevue" was accessed during render but is not defined on instance. 
  at <InputNumber id="Right Wrist-ql" modelValue=200 onUpdate:modelValue=fn<onUpdate:modelValue>  ... > 
  at <TabPanel header="Build" class="h-full" > 
  at <TabView class="h-full tinker-plants-tabs" > 
  at <TinkerPlants ref="VTU_COMPONENT" > 
  at <VTUROOT>
[Vue warn]: Property "$primevue" was accessed during render but is not defined on instance. 
  at <Dropdown id="Waist-shiny" modelValue=null onUpdate:modelValue=fn<onUpdate:modelValue>  ... > 
  at <TabPanel header="Build" class="h-full" > 
  at <TabView class="h-full tinker-plants-tabs" > 
  at <TinkerPlants ref="VTU_COMPONENT" > 
  at <VTUROOT>
[Vue warn]: Property "$primevue" was accessed during render but is not defined on instance. 
  at <Dropdown id="Waist-bright" modelValue=null onUpdate:modelValue=fn<onUpdate:modelValue>  ... > 
  at <TabPanel header="Build" class="h-full" > 
  at <TabView class="h-full tinker-plants-tabs" > 
  at <TinkerPlants ref="VTU_COMPONENT" > 
  at <VTUROOT>
[Vue warn]: Property "$primevue" was accessed during render but is not defined on instance. 
  at <Dropdown id="Waist-faded" modelValue=null onUpdate:modelValue=fn<onUpdate:modelValue>  ... > 
  at <TabPanel header="Build" class="h-full" > 
  at <TabView class="h-full tinker-plants-tabs" > 
  at <TinkerPlants ref="VTU_COMPONENT" > 
  at <VTUROOT>
[Vue warn]: Property "$primevue" was accessed during render but is not defined on instance. 
  at <InputNumber id="Waist-ql" modelValue=200 onUpdate:modelValue=fn<onUpdate:modelValue>  ... > 
  at <TabPanel header="Build" class="h-full" > 
  at <TabView class="h-full tinker-plants-tabs" > 
  at <TinkerPlants ref="VTU_COMPONENT" > 
  at <VTUROOT>
[Vue warn]: Property "$primevue" was accessed during render but is not defined on instance. 
  at <Dropdown id="Left Wrist-shiny" modelValue=null onUpdate:modelValue=fn<onUpdate:modelValue>  ... > 
  at <TabPanel header="Build" class="h-full" > 
  at <TabView class="h-full tinker-plants-tabs" > 
  at <TinkerPlants ref="VTU_COMPONENT" > 
  at <VTUROOT>
[Vue warn]: Property "$primevue" was accessed during render but is not defined on instance. 
  at <Dropdown id="Left Wrist-bright" modelValue=null onUpdate:modelValue=fn<onUpdate:modelValue>  ... > 
  at <TabPanel header="Build" class="h-full" > 
  at <TabView class="h-full tinker-plants-tabs" > 
  at <TinkerPlants ref="VTU_COMPONENT" > 
  at <VTUROOT>
[Vue warn]: Property "$primevue" was accessed during render but is not defined on instance. 
  at <Dropdown id="Left Wrist-faded" modelValue=null onUpdate:modelValue=fn<onUpdate:modelValue>  ... > 
  at <TabPanel header="Build" class="h-full" > 
  at <TabView class="h-full tinker-plants-tabs" > 
  at <TinkerPlants ref="VTU_COMPONENT" > 
  at <VTUROOT>
[Vue warn]: Property "$primevue" was accessed during render but is not defined on instance. 
  at <InputNumber id="Left Wrist-ql" modelValue=200 onUpdate:modelValue=fn<onUpdate:modelValue>  ... > 
  at <TabPanel header="Build" class="h-full" > 
  at <TabView class="h-full tinker-plants-tabs" > 
  at <TinkerPlants ref="VTU_COMPONENT" > 
  at <VTUROOT>
[Vue warn]: Property "$primevue" was accessed during render but is not defined on instance. 
  at <Dropdown id="Right Hand-shiny" modelValue=null onUpdate:modelValue=fn<onUpdate:modelValue>  ... > 
  at <TabPanel header="Build" class="h-full" > 
  at <TabView class="h-full tinker-plants-tabs" > 
  at <TinkerPlants ref="VTU_COMPONENT" > 
  at <VTUROOT>
[Vue warn]: Property "$primevue" was accessed during render but is not defined on instance. 
  at <Dropdown id="Right Hand-bright" modelValue=null onUpdate:modelValue=fn<onUpdate:modelValue>  ... > 
  at <TabPanel header="Build" class="h-full" > 
  at <TabView class="h-full tinker-plants-tabs" > 
  at <TinkerPlants ref="VTU_COMPONENT" > 
  at <VTUROOT>
[Vue warn]: Property "$primevue" was accessed during render but is not defined on instance. 
  at <Dropdown id="Right Hand-faded" modelValue=null onUpdate:modelValue=fn<onUpdate:modelValue>  ... > 
  at <TabPanel header="Build" class="h-full" > 
  at <TabView class="h-full tinker-plants-tabs" > 
  at <TinkerPlants ref="VTU_COMPONENT" > 
  at <VTUROOT>
[Vue warn]: Property "$primevue" was accessed during render but is not defined on instance. 
  at <InputNumber id="Right Hand-ql" modelValue=200 onUpdate:modelValue=fn<onUpdate:modelValue>  ... > 
  at <TabPanel header="Build" class="h-full" > 
  at <TabView class="h-full tinker-plants-tabs" > 
  at <TinkerPlants ref="VTU_COMPONENT" > 
  at <VTUROOT>
[Vue warn]: Property "$primevue" was accessed during render but is not defined on instance. 
  at <Dropdown id="Leg-shiny" modelValue=null onUpdate:modelValue=fn<onUpdate:modelValue>  ... > 
  at <TabPanel header="Build" class="h-full" > 
  at <TabView class="h-full tinker-plants-tabs" > 
  at <TinkerPlants ref="VTU_COMPONENT" > 
  at <VTUROOT>
[Vue warn]: Property "$primevue" was accessed during render but is not defined on instance. 
  at <Dropdown id="Leg-bright" modelValue=null onUpdate:modelValue=fn<onUpdate:modelValue>  ... > 
  at <TabPanel header="Build" class="h-full" > 
  at <TabView class="h-full tinker-plants-tabs" > 
  at <TinkerPlants ref="VTU_COMPONENT" > 
  at <VTUROOT>
[Vue warn]: Property "$primevue" was accessed during render but is not defined on instance. 
  at <Dropdown id="Leg-faded" modelValue=null onUpdate:modelValue=fn<onUpdate:modelValue>  ... > 
  at <TabPanel header="Build" class="h-full" > 
  at <TabView class="h-full tinker-plants-tabs" > 
  at <TinkerPlants ref="VTU_COMPONENT" > 
  at <VTUROOT>
[Vue warn]: Property "$primevue" was accessed during render but is not defined on instance. 
  at <InputNumber id="Leg-ql" modelValue=200 onUpdate:modelValue=fn<onUpdate:modelValue>  ... > 
  at <TabPanel header="Build" class="h-full" > 
  at <TabView class="h-full tinker-plants-tabs" > 
  at <TinkerPlants ref="VTU_COMPONENT" > 
  at <VTUROOT>
[Vue warn]: Property "$primevue" was accessed during render but is not defined on instance. 
  at <Dropdown id="Left Hand-shiny" modelValue=null onUpdate:modelValue=fn<onUpdate:modelValue>  ... > 
  at <TabPanel header="Build" class="h-full" > 
  at <TabView class="h-full tinker-plants-tabs" > 
  at <TinkerPlants ref="VTU_COMPONENT" > 
  at <VTUROOT>
[Vue warn]: Property "$primevue" was accessed during render but is not defined on instance. 
  at <Dropdown id="Left Hand-bright" modelValue=null onUpdate:modelValue=fn<onUpdate:modelValue>  ... > 
  at <TabPanel header="Build" class="h-full" > 
  at <TabView class="h-full tinker-plants-tabs" > 
  at <TinkerPlants ref="VTU_COMPONENT" > 
  at <VTUROOT>
[Vue warn]: Property "$primevue" was accessed during render but is not defined on instance. 
  at <Dropdown id="Left Hand-faded" modelValue=null onUpdate:modelValue=fn<onUpdate:modelValue>  ... > 
  at <TabPanel header="Build" class="h-full" > 
  at <TabView class="h-full tinker-plants-tabs" > 
  at <TinkerPlants ref="VTU_COMPONENT" > 
  at <VTUROOT>
[Vue warn]: Property "$primevue" was accessed during render but is not defined on instance. 
  at <InputNumber id="Left Hand-ql" modelValue=200 onUpdate:modelValue=fn<onUpdate:modelValue>  ... > 
  at <TabPanel header="Build" class="h-full" > 
  at <TabView class="h-full tinker-plants-tabs" > 
  at <TinkerPlants ref="VTU_COMPONENT" > 
  at <VTUROOT>
[Vue warn]: Property "$primevue" was accessed during render but is not defined on instance. 
  at <Dropdown id="Feet-shiny" modelValue=null onUpdate:modelValue=fn<onUpdate:modelValue>  ... > 
  at <TabPanel header="Build" class="h-full" > 
  at <TabView class="h-full tinker-plants-tabs" > 
  at <TinkerPlants ref="VTU_COMPONENT" > 
  at <VTUROOT>
[Vue warn]: Property "$primevue" was accessed during render but is not defined on instance. 
  at <Dropdown id="Feet-bright" modelValue=null onUpdate:modelValue=fn<onUpdate:modelValue>  ... > 
  at <TabPanel header="Build" class="h-full" > 
  at <TabView class="h-full tinker-plants-tabs" > 
  at <TinkerPlants ref="VTU_COMPONENT" > 
  at <VTUROOT>
[Vue warn]: Property "$primevue" was accessed during render but is not defined on instance. 
  at <Dropdown id="Feet-faded" modelValue=null onUpdate:modelValue=fn<onUpdate:modelValue>  ... > 
  at <TabPanel header="Build" class="h-full" > 
  at <TabView class="h-full tinker-plants-tabs" > 
  at <TinkerPlants ref="VTU_COMPONENT" > 
  at <VTUROOT>
[Vue warn]: Property "$primevue" was accessed during render but is not defined on instance. 
  at <InputNumber id="Feet-ql" modelValue=200 onUpdate:modelValue=fn<onUpdate:modelValue>  ... > 
  at <TabPanel header="Build" class="h-full" > 
  at <TabView class="h-full tinker-plants-tabs" > 
  at <TinkerPlants ref="VTU_COMPONENT" > 
  at <VTUROOT>
[Vue warn]: Extraneous non-props attributes (class) were passed to component but could not be automatically inherited because component renders fragment or text root nodes. 
  at <TabPanel header="Construction" class="h-full" > 
  at <TabView class="h-full tinker-plants-tabs" > 
  at <TinkerPlants ref="VTU_COMPONENT" > 
  at <VTUROOT>
[Vue warn]: Extraneous non-props attributes (class) were passed to component but could not be automatically inherited because component renders fragment or text root nodes. 
  at <TabPanel header="Build" class="h-full" > 
  at <TabView class="h-full tinker-plants-tabs" > 
  at <TinkerPlants ref="VTU_COMPONENT" > 
  at <VTUROOT>
[Vue warn]: Property "$primevue" was accessed during render but is not defined on instance. 
  at <Dropdown id="Eye-shiny" modelValue=null onUpdate:modelValue=fn<onUpdate:modelValue>  ... > 
  at <TabPanel header="Build" class="h-full" > 
  at <TabView class="h-full tinker-plants-tabs" > 
  at <TinkerPlants ref="VTU_COMPONENT" > 
  at <VTUROOT>
[Vue warn]: Property "$primevue" was accessed during render but is not defined on instance. 
  at <Dropdown id="Eye-bright" modelValue=null onUpdate:modelValue=fn<onUpdate:modelValue>  ... > 
  at <TabPanel header="Build" class="h-full" > 
  at <TabView class="h-full tinker-plants-tabs" > 
  at <TinkerPlants ref="VTU_COMPONENT" > 
  at <VTUROOT>
[Vue warn]: Property "$primevue" was accessed during render but is not defined on instance. 
  at <Dropdown id="Eye-faded" modelValue=null onUpdate:modelValue=fn<onUpdate:modelValue>  ... > 
  at <TabPanel header="Build" class="h-full" > 
  at <TabView class="h-full tinker-plants-tabs" > 
  at <TinkerPlants ref="VTU_COMPONENT" > 
  at <VTUROOT>
[Vue warn]: Property "$primevue" was accessed during render but is not defined on instance. 
  at <Dropdown id="Head-shiny" modelValue=null onUpdate:modelValue=fn<onUpdate:modelValue>  ... > 
  at <TabPanel header="Build" class="h-full" > 
  at <TabView class="h-full tinker-plants-tabs" > 
  at <TinkerPlants ref="VTU_COMPONENT" > 
  at <VTUROOT>
[Vue warn]: Property "$primevue" was accessed during render but is not defined on instance. 
  at <Dropdown id="Head-bright" modelValue=null onUpdate:modelValue=fn<onUpdate:modelValue>  ... > 
  at <TabPanel header="Build" class="h-full" > 
  at <TabView class="h-full tinker-plants-tabs" > 
  at <TinkerPlants ref="VTU_COMPONENT" > 
  at <VTUROOT>
[Vue warn]: Property "$primevue" was accessed during render but is not defined on instance. 
  at <Dropdown id="Head-faded" modelValue=null onUpdate:modelValue=fn<onUpdate:modelValue>  ... > 
  at <TabPanel header="Build" class="h-full" > 
  at <TabView class="h-full tinker-plants-tabs" > 
  at <TinkerPlants ref="VTU_COMPONENT" > 
  at <VTUROOT>
[Vue warn]: Property "$primevue" was accessed during render but is not defined on instance. 
  at <Dropdown id="Ear-shiny" modelValue=null onUpdate:modelValue=fn<onUpdate:modelValue>  ... > 
  at <TabPanel header="Build" class="h-full" > 
  at <TabView class="h-full tinker-plants-tabs" > 
  at <TinkerPlants ref="VTU_COMPONENT" > 
  at <VTUROOT>
[Vue warn]: Property "$primevue" was accessed during render but is not defined on instance. 
  at <Dropdown id="Ear-bright" modelValue=null onUpdate:modelValue=fn<onUpdate:modelValue>  ... > 
  at <TabPanel header="Build" class="h-full" > 
  at <TabView class="h-full tinker-plants-tabs" > 
  at <TinkerPlants ref="VTU_COMPONENT" > 
  at <VTUROOT>
[Vue warn]: Property "$primevue" was accessed during render but is not defined on instance. 
  at <Dropdown id="Ear-faded" modelValue=null onUpdate:modelValue=fn<onUpdate:modelValue>  ... > 
  at <TabPanel header="Build" class="h-full" > 
  at <TabView class="h-full tinker-plants-tabs" > 
  at <TinkerPlants ref="VTU_COMPONENT" > 
  at <VTUROOT>
[Vue warn]: Property "$primevue" was accessed during render but is not defined on instance. 
  at <Dropdown id="Right Arm-shiny" modelValue=null onUpdate:modelValue=fn<onUpdate:modelValue>  ... > 
  at <TabPanel header="Build" class="h-full" > 
  at <TabView class="h-full tinker-plants-tabs" > 
  at <TinkerPlants ref="VTU_COMPONENT" > 
  at <VTUROOT>
[Vue warn]: Property "$primevue" was accessed during render but is not defined on instance. 
  at <Dropdown id="Right Arm-bright" modelValue=null onUpdate:modelValue=fn<onUpdate:modelValue>  ... > 
  at <TabPanel header="Build" class="h-full" > 
  at <TabView class="h-full tinker-plants-tabs" > 
  at <TinkerPlants ref="VTU_COMPONENT" > 
  at <VTUROOT>
[Vue warn]: Property "$primevue" was accessed during render but is not defined on instance. 
  at <Dropdown id="Right Arm-faded" modelValue=null onUpdate:modelValue=fn<onUpdate:modelValue>  ... > 
  at <TabPanel header="Build" class="h-full" > 
  at <TabView class="h-full tinker-plants-tabs" > 
  at <TinkerPlants ref="VTU_COMPONENT" > 
  at <VTUROOT>
[Vue warn]: Property "$primevue" was accessed during render but is not defined on instance. 
  at <Dropdown id="Chest-shiny" modelValue=null onUpdate:modelValue=fn<onUpdate:modelValue>  ... > 
  at <TabPanel header="Build" class="h-full" > 
  at <TabView class="h-full tinker-plants-tabs" > 
  at <TinkerPlants ref="VTU_COMPONENT" > 
  at <VTUROOT>
[Vue warn]: Property "$primevue" was accessed during render but is not defined on instance. 
  at <Dropdown id="Chest-bright" modelValue=null onUpdate:modelValue=fn<onUpdate:modelValue>  ... > 
  at <TabPanel header="Build" class="h-full" > 
  at <TabView class="h-full tinker-plants-tabs" > 
  at <TinkerPlants ref="VTU_COMPONENT" > 
  at <VTUROOT>
[Vue warn]: Property "$primevue" was accessed during render but is not defined on instance. 
  at <Dropdown id="Chest-faded" modelValue=null onUpdate:modelValue=fn<onUpdate:modelValue>  ... > 
  at <TabPanel header="Build" class="h-full" > 
  at <TabView class="h-full tinker-plants-tabs" > 
  at <TinkerPlants ref="VTU_COMPONENT" > 
  at <VTUROOT>
[Vue warn]: Property "$primevue" was accessed during render but is not defined on instance. 
  at <Dropdown id="Left Arm-shiny" modelValue=null onUpdate:modelValue=fn<onUpdate:modelValue>  ... > 
  at <TabPanel header="Build" class="h-full" > 
  at <TabView class="h-full tinker-plants-tabs" > 
  at <TinkerPlants ref="VTU_COMPONENT" > 
  at <VTUROOT>
[Vue warn]: Property "$primevue" was accessed during render but is not defined on instance. 
  at <Dropdown id="Left Arm-bright" modelValue=null onUpdate:modelValue=fn<onUpdate:modelValue>  ... > 
  at <TabPanel header="Build" class="h-full" > 
  at <TabView class="h-full tinker-plants-tabs" > 
  at <TinkerPlants ref="VTU_COMPONENT" > 
  at <VTUROOT>
[Vue warn]: Property "$primevue" was accessed during render but is not defined on instance. 
  at <Dropdown id="Left Arm-faded" modelValue=null onUpdate:modelValue=fn<onUpdate:modelValue>  ... > 
  at <TabPanel header="Build" class="h-full" > 
  at <TabView class="h-full tinker-plants-tabs" > 
  at <TinkerPlants ref="VTU_COMPONENT" > 
  at <VTUROOT>
[Vue warn]: Property "$primevue" was accessed during render but is not defined on instance. 
  at <Dropdown id="Right Wrist-shiny" modelValue=null onUpdate:modelValue=fn<onUpdate:modelValue>  ... > 
  at <TabPanel header="Build" class="h-full" > 
  at <TabView class="h-full tinker-plants-tabs" > 
  at <TinkerPlants ref="VTU_COMPONENT" > 
  at <VTUROOT>
[Vue warn]: Property "$primevue" was accessed during render but is not defined on instance. 
  at <Dropdown id="Right Wrist-bright" modelValue=null onUpdate:modelValue=fn<onUpdate:modelValue>  ... > 
  at <TabPanel header="Build" class="h-full" > 
  at <TabView class="h-full tinker-plants-tabs" > 
  at <TinkerPlants ref="VTU_COMPONENT" > 
  at <VTUROOT>
[Vue warn]: Property "$primevue" was accessed during render but is not defined on instance. 
  at <Dropdown id="Right Wrist-faded" modelValue=null onUpdate:modelValue=fn<onUpdate:modelValue>  ... > 
  at <TabPanel header="Build" class="h-full" > 
  at <TabView class="h-full tinker-plants-tabs" > 
  at <TinkerPlants ref="VTU_COMPONENT" > 
  at <VTUROOT>
[Vue warn]: Property "$primevue" was accessed during render but is not defined on instance. 
  at <Dropdown id="Waist-shiny" modelValue=null onUpdate:modelValue=fn<onUpdate:modelValue>  ... > 
  at <TabPanel header="Build" class="h-full" > 
  at <TabView class="h-full tinker-plants-tabs" > 
  at <TinkerPlants ref="VTU_COMPONENT" > 
  at <VTUROOT>
[Vue warn]: Property "$primevue" was accessed during render but is not defined on instance. 
  at <Dropdown id="Waist-bright" modelValue=null onUpdate:modelValue=fn<onUpdate:modelValue>  ... > 
  at <TabPanel header="Build" class="h-full" > 
  at <TabView class="h-full tinker-plants-tabs" > 
  at <TinkerPlants ref="VTU_COMPONENT" > 
  at <VTUROOT>
[Vue warn]: Property "$primevue" was accessed during render but is not defined on instance. 
  at <Dropdown id="Waist-faded" modelValue=null onUpdate:modelValue=fn<onUpdate:modelValue>  ... > 
  at <TabPanel header="Build" class="h-full" > 
  at <TabView class="h-full tinker-plants-tabs" > 
  at <TinkerPlants ref="VTU_COMPONENT" > 
  at <VTUROOT>
[Vue warn]: Property "$primevue" was accessed during render but is not defined on instance. 
  at <Dropdown id="Left Wrist-shiny" modelValue=null onUpdate:modelValue=fn<onUpdate:modelValue>  ... > 
  at <TabPanel header="Build" class="h-full" > 
  at <TabView class="h-full tinker-plants-tabs" > 
  at <TinkerPlants ref="VTU_COMPONENT" > 
  at <VTUROOT>
[Vue warn]: Property "$primevue" was accessed during render but is not defined on instance. 
  at <Dropdown id="Left Wrist-bright" modelValue=null onUpdate:modelValue=fn<onUpdate:modelValue>  ... > 
  at <TabPanel header="Build" class="h-full" > 
  at <TabView class="h-full tinker-plants-tabs" > 
  at <TinkerPlants ref="VTU_COMPONENT" > 
  at <VTUROOT>
[Vue warn]: Property "$primevue" was accessed during render but is not defined on instance. 
  at <Dropdown id="Left Wrist-faded" modelValue=null onUpdate:modelValue=fn<onUpdate:modelValue>  ... > 
  at <TabPanel header="Build" class="h-full" > 
  at <TabView class="h-full tinker-plants-tabs" > 
  at <TinkerPlants ref="VTU_COMPONENT" > 
  at <VTUROOT>
[Vue warn]: Property "$primevue" was accessed during render but is not defined on instance. 
  at <Dropdown id="Right Hand-shiny" modelValue=null onUpdate:modelValue=fn<onUpdate:modelValue>  ... > 
  at <TabPanel header="Build" class="h-full" > 
  at <TabView class="h-full tinker-plants-tabs" > 
  at <TinkerPlants ref="VTU_COMPONENT" > 
  at <VTUROOT>
[Vue warn]: Property "$primevue" was accessed during render but is not defined on instance. 
  at <Dropdown id="Right Hand-bright" modelValue=null onUpdate:modelValue=fn<onUpdate:modelValue>  ... > 
  at <TabPanel header="Build" class="h-full" > 
  at <TabView class="h-full tinker-plants-tabs" > 
  at <TinkerPlants ref="VTU_COMPONENT" > 
  at <VTUROOT>
[Vue warn]: Property "$primevue" was accessed during render but is not defined on instance. 
  at <Dropdown id="Right Hand-faded" modelValue=null onUpdate:modelValue=fn<onUpdate:modelValue>  ... > 
  at <TabPanel header="Build" class="h-full" > 
  at <TabView class="h-full tinker-plants-tabs" > 
  at <TinkerPlants ref="VTU_COMPONENT" > 
  at <VTUROOT>
[Vue warn]: Property "$primevue" was accessed during render but is not defined on instance. 
  at <Dropdown id="Leg-shiny" modelValue=null onUpdate:modelValue=fn<onUpdate:modelValue>  ... > 
  at <TabPanel header="Build" class="h-full" > 
  at <TabView class="h-full tinker-plants-tabs" > 
  at <TinkerPlants ref="VTU_COMPONENT" > 
  at <VTUROOT>
[Vue warn]: Property "$primevue" was accessed during render but is not defined on instance. 
  at <Dropdown id="Leg-bright" modelValue=null onUpdate:modelValue=fn<onUpdate:modelValue>  ... > 
  at <TabPanel header="Build" class="h-full" > 
  at <TabView class="h-full tinker-plants-tabs" > 
  at <TinkerPlants ref="VTU_COMPONENT" > 
  at <VTUROOT>
[Vue warn]: Property "$primevue" was accessed during render but is not defined on instance. 
  at <Dropdown id="Leg-faded" modelValue=null onUpdate:modelValue=fn<onUpdate:modelValue>  ... > 
  at <TabPanel header="Build" class="h-full" > 
  at <TabView class="h-full tinker-plants-tabs" > 
  at <TinkerPlants ref="VTU_COMPONENT" > 
  at <VTUROOT>
[Vue warn]: Property "$primevue" was accessed during render but is not defined on instance. 
  at <Dropdown id="Left Hand-shiny" modelValue=null onUpdate:modelValue=fn<onUpdate:modelValue>  ... > 
  at <TabPanel header="Build" class="h-full" > 
  at <TabView class="h-full tinker-plants-tabs" > 
  at <TinkerPlants ref="VTU_COMPONENT" > 
  at <VTUROOT>
[Vue warn]: Property "$primevue" was accessed during render but is not defined on instance. 
  at <Dropdown id="Left Hand-bright" modelValue=null onUpdate:modelValue=fn<onUpdate:modelValue>  ... > 
  at <TabPanel header="Build" class="h-full" > 
  at <TabView class="h-full tinker-plants-tabs" > 
  at <TinkerPlants ref="VTU_COMPONENT" > 
  at <VTUROOT>
[Vue warn]: Property "$primevue" was accessed during render but is not defined on instance. 
  at <Dropdown id="Left Hand-faded" modelValue=null onUpdate:modelValue=fn<onUpdate:modelValue>  ... > 
  at <TabPanel header="Build" class="h-full" > 
  at <TabView class="h-full tinker-plants-tabs" > 
  at <TinkerPlants ref="VTU_COMPONENT" > 
  at <VTUROOT>
[Vue warn]: Property "$primevue" was accessed during render but is not defined on instance. 
  at <Dropdown id="Feet-shiny" modelValue=null onUpdate:modelValue=fn<onUpdate:modelValue>  ... > 
  at <TabPanel header="Build" class="h-full" > 
  at <TabView class="h-full tinker-plants-tabs" > 
  at <TinkerPlants ref="VTU_COMPONENT" > 
  at <VTUROOT>
[Vue warn]: Property "$primevue" was accessed during render but is not defined on instance. 
  at <Dropdown id="Feet-bright" modelValue=null onUpdate:modelValue=fn<onUpdate:modelValue>  ... > 
  at <TabPanel header="Build" class="h-full" > 
  at <TabView class="h-full tinker-plants-tabs" > 
  at <TinkerPlants ref="VTU_COMPONENT" > 
  at <VTUROOT>
[Vue warn]: Property "$primevue" was accessed during render but is not defined on instance. 
  at <Dropdown id="Feet-faded" modelValue=null onUpdate:modelValue=fn<onUpdate:modelValue>  ... > 
  at <TabPanel header="Build" class="h-full" > 
  at <TabView class="h-full tinker-plants-tabs" > 
  at <TinkerPlants ref="VTU_COMPONENT" > 
  at <VTUROOT>
[Vue warn]: Extraneous non-props attributes (class) were passed to component but could not be automatically inherited because component renders fragment or text root nodes. 
  at <TabPanel header="Construction" class="h-full" > 
  at <TabView class="h-full tinker-plants-tabs" > 
  at <TinkerPlants ref="VTU_COMPONENT" > 
  at <VTUROOT>

stderr | src/__tests__/views/TinkerPlants.simple.test.ts > TinkerPlants - Simple Tests > Data Properties > has all implant slots defined
[Vue warn]: Property "$primevue" was accessed during render but is not defined on instance. 
  at <InputNumber id="ql-input" modelValue=200 onUpdate:modelValue=fn  ... > 
  at <TinkerPlants ref="VTU_COMPONENT" > 
  at <VTUROOT>
[Vue warn]: Extraneous non-props attributes (class) were passed to component but could not be automatically inherited because component renders fragment or text root nodes. 
  at <TabPanel header="Build" class="h-full" > 
  at <TabView class="h-full tinker-plants-tabs" > 
  at <TinkerPlants ref="VTU_COMPONENT" > 
  at <VTUROOT>
[Vue warn]: Property "$primevue" was accessed during render but is not defined on instance. 
  at <Dropdown id="Eye-shiny" modelValue=null onUpdate:modelValue=fn<onUpdate:modelValue>  ... > 
  at <TabPanel header="Build" class="h-full" > 
  at <TabView class="h-full tinker-plants-tabs" > 
  at <TinkerPlants ref="VTU_COMPONENT" > 
  at <VTUROOT>
[Vue warn]: Property "$primevue" was accessed during render but is not defined on instance. 
  at <Dropdown id="Eye-bright" modelValue=null onUpdate:modelValue=fn<onUpdate:modelValue>  ... > 
  at <TabPanel header="Build" class="h-full" > 
  at <TabView class="h-full tinker-plants-tabs" > 
  at <TinkerPlants ref="VTU_COMPONENT" > 
  at <VTUROOT>
[Vue warn]: Property "$primevue" was accessed during render but is not defined on instance. 
  at <Dropdown id="Eye-faded" modelValue=null onUpdate:modelValue=fn<onUpdate:modelValue>  ... > 
  at <TabPanel header="Build" class="h-full" > 
  at <TabView class="h-full tinker-plants-tabs" > 
  at <TinkerPlants ref="VTU_COMPONENT" > 
  at <VTUROOT>
[Vue warn]: Property "$primevue" was accessed during render but is not defined on instance. 
  at <InputNumber id="Eye-ql" modelValue=200 onUpdate:modelValue=fn<onUpdate:modelValue>  ... > 
  at <TabPanel header="Build" class="h-full" > 
  at <TabView class="h-full tinker-plants-tabs" > 
  at <TinkerPlants ref="VTU_COMPONENT" > 
  at <VTUROOT>
[Vue warn]: Property "$primevue" was accessed during render but is not defined on instance. 
  at <Dropdown id="Head-shiny" modelValue=null onUpdate:modelValue=fn<onUpdate:modelValue>  ... > 
  at <TabPanel header="Build" class="h-full" > 
  at <TabView class="h-full tinker-plants-tabs" > 
  at <TinkerPlants ref="VTU_COMPONENT" > 
  at <VTUROOT>
[Vue warn]: Property "$primevue" was accessed during render but is not defined on instance. 
  at <Dropdown id="Head-bright" modelValue=null onUpdate:modelValue=fn<onUpdate:modelValue>  ... > 
  at <TabPanel header="Build" class="h-full" > 
  at <TabView class="h-full tinker-plants-tabs" > 
  at <TinkerPlants ref="VTU_COMPONENT" > 
  at <VTUROOT>
[Vue warn]: Property "$primevue" was accessed during render but is not defined on instance. 
  at <Dropdown id="Head-faded" modelValue=null onUpdate:modelValue=fn<onUpdate:modelValue>  ... > 
  at <TabPanel header="Build" class="h-full" > 
  at <TabView class="h-full tinker-plants-tabs" > 
  at <TinkerPlants ref="VTU_COMPONENT" > 
  at <VTUROOT>
[Vue warn]: Property "$primevue" was accessed during render but is not defined on instance. 
  at <InputNumber id="Head-ql" modelValue=200 onUpdate:modelValue=fn<onUpdate:modelValue>  ... > 
  at <TabPanel header="Build" class="h-full" > 
  at <TabView class="h-full tinker-plants-tabs" > 
  at <TinkerPlants ref="VTU_COMPONENT" > 
  at <VTUROOT>
[Vue warn]: Property "$primevue" was accessed during render but is not defined on instance. 
  at <Dropdown id="Ear-shiny" modelValue=null onUpdate:modelValue=fn<onUpdate:modelValue>  ... > 
  at <TabPanel header="Build" class="h-full" > 
  at <TabView class="h-full tinker-plants-tabs" > 
  at <TinkerPlants ref="VTU_COMPONENT" > 
  at <VTUROOT>
[Vue warn]: Property "$primevue" was accessed during render but is not defined on instance. 
  at <Dropdown id="Ear-bright" modelValue=null onUpdate:modelValue=fn<onUpdate:modelValue>  ... > 
  at <TabPanel header="Build" class="h-full" > 
  at <TabView class="h-full tinker-plants-tabs" > 
  at <TinkerPlants ref="VTU_COMPONENT" > 
  at <VTUROOT>
[Vue warn]: Property "$primevue" was accessed during render but is not defined on instance. 
  at <Dropdown id="Ear-faded" modelValue=null onUpdate:modelValue=fn<onUpdate:modelValue>  ... > 
  at <TabPanel header="Build" class="h-full" > 
  at <TabView class="h-full tinker-plants-tabs" > 
  at <TinkerPlants ref="VTU_COMPONENT" > 
  at <VTUROOT>
[Vue warn]: Property "$primevue" was accessed during render but is not defined on instance. 
  at <InputNumber id="Ear-ql" modelValue=200 onUpdate:modelValue=fn<onUpdate:modelValue>  ... > 
  at <TabPanel header="Build" class="h-full" > 
  at <TabView class="h-full tinker-plants-tabs" > 
  at <TinkerPlants ref="VTU_COMPONENT" > 
  at <VTUROOT>
[Vue warn]: Property "$primevue" was accessed during render but is not defined on instance. 
  at <Dropdown id="Right Arm-shiny" modelValue=null onUpdate:modelValue=fn<onUpdate:modelValue>  ... > 
  at <TabPanel header="Build" class="h-full" > 
  at <TabView class="h-full tinker-plants-tabs" > 
  at <TinkerPlants ref="VTU_COMPONENT" > 
  at <VTUROOT>
[Vue warn]: Property "$primevue" was accessed during render but is not defined on instance. 
  at <Dropdown id="Right Arm-bright" modelValue=null onUpdate:modelValue=fn<onUpdate:modelValue>  ... > 
  at <TabPanel header="Build" class="h-full" > 
  at <TabView class="h-full tinker-plants-tabs" > 
  at <TinkerPlants ref="VTU_COMPONENT" > 
  at <VTUROOT>
[Vue warn]: Property "$primevue" was accessed during render but is not defined on instance. 
  at <Dropdown id="Right Arm-faded" modelValue=null onUpdate:modelValue=fn<onUpdate:modelValue>  ... > 
  at <TabPanel header="Build" class="h-full" > 
  at <TabView class="h-full tinker-plants-tabs" > 
  at <TinkerPlants ref="VTU_COMPONENT" > 
  at <VTUROOT>
[Vue warn]: Property "$primevue" was accessed during render but is not defined on instance. 
  at <InputNumber id="Right Arm-ql" modelValue=200 onUpdate:modelValue=fn<onUpdate:modelValue>  ... > 
  at <TabPanel header="Build" class="h-full" > 
  at <TabView class="h-full tinker-plants-tabs" > 
  at <TinkerPlants ref="VTU_COMPONENT" > 
  at <VTUROOT>
[Vue warn]: Property "$primevue" was accessed during render but is not defined on instance. 
  at <Dropdown id="Chest-shiny" modelValue=null onUpdate:modelValue=fn<onUpdate:modelValue>  ... > 
  at <TabPanel header="Build" class="h-full" > 
  at <TabView class="h-full tinker-plants-tabs" > 
  at <TinkerPlants ref="VTU_COMPONENT" > 
  at <VTUROOT>
[Vue warn]: Property "$primevue" was accessed during render but is not defined on instance. 
  at <Dropdown id="Chest-bright" modelValue=null onUpdate:modelValue=fn<onUpdate:modelValue>  ... > 
  at <TabPanel header="Build" class="h-full" > 
  at <TabView class="h-full tinker-plants-tabs" > 
  at <TinkerPlants ref="VTU_COMPONENT" > 
  at <VTUROOT>
[Vue warn]: Property "$primevue" was accessed during render but is not defined on instance. 
  at <Dropdown id="Chest-faded" modelValue=null onUpdate:modelValue=fn<onUpdate:modelValue>  ... > 
  at <TabPanel header="Build" class="h-full" > 
  at <TabView class="h-full tinker-plants-tabs" > 
  at <TinkerPlants ref="VTU_COMPONENT" > 
  at <VTUROOT>
[Vue warn]: Property "$primevue" was accessed during render but is not defined on instance. 
  at <InputNumber id="Chest-ql" modelValue=200 onUpdate:modelValue=fn<onUpdate:modelValue>  ... > 
  at <TabPanel header="Build" class="h-full" > 
  at <TabView class="h-full tinker-plants-tabs" > 
  at <TinkerPlants ref="VTU_COMPONENT" > 
  at <VTUROOT>
[Vue warn]: Property "$primevue" was accessed during render but is not defined on instance. 
  at <Dropdown id="Left Arm-shiny" modelValue=null onUpdate:modelValue=fn<onUpdate:modelValue>  ... > 
  at <TabPanel header="Build" class="h-full" > 
  at <TabView class="h-full tinker-plants-tabs" > 
  at <TinkerPlants ref="VTU_COMPONENT" > 
  at <VTUROOT>
[Vue warn]: Property "$primevue" was accessed during render but is not defined on instance. 
  at <Dropdown id="Left Arm-bright" modelValue=null onUpdate:modelValue=fn<onUpdate:modelValue>  ... > 
  at <TabPanel header="Build" class="h-full" > 
  at <TabView class="h-full tinker-plants-tabs" > 
  at <TinkerPlants ref="VTU_COMPONENT" > 
  at <VTUROOT>
[Vue warn]: Property "$primevue" was accessed during render but is not defined on instance. 
  at <Dropdown id="Left Arm-faded" modelValue=null onUpdate:modelValue=fn<onUpdate:modelValue>  ... > 
  at <TabPanel header="Build" class="h-full" > 
  at <TabView class="h-full tinker-plants-tabs" > 
  at <TinkerPlants ref="VTU_COMPONENT" > 
  at <VTUROOT>
[Vue warn]: Property "$primevue" was accessed during render but is not defined on instance. 
  at <InputNumber id="Left Arm-ql" modelValue=200 onUpdate:modelValue=fn<onUpdate:modelValue>  ... > 
  at <TabPanel header="Build" class="h-full" > 
  at <TabView class="h-full tinker-plants-tabs" > 
  at <TinkerPlants ref="VTU_COMPONENT" > 
  at <VTUROOT>
[Vue warn]: Property "$primevue" was accessed during render but is not defined on instance. 
  at <Dropdown id="Right Wrist-shiny" modelValue=null onUpdate:modelValue=fn<onUpdate:modelValue>  ... > 
  at <TabPanel header="Build" class="h-full" > 
  at <TabView class="h-full tinker-plants-tabs" > 
  at <TinkerPlants ref="VTU_COMPONENT" > 
  at <VTUROOT>
[Vue warn]: Property "$primevue" was accessed during render but is not defined on instance. 
  at <Dropdown id="Right Wrist-bright" modelValue=null onUpdate:modelValue=fn<onUpdate:modelValue>  ... > 
  at <TabPanel header="Build" class="h-full" > 
  at <TabView class="h-full tinker-plants-tabs" > 
  at <TinkerPlants ref="VTU_COMPONENT" > 
  at <VTUROOT>
[Vue warn]: Property "$primevue" was accessed during render but is not defined on instance. 
  at <Dropdown id="Right Wrist-faded" modelValue=null onUpdate:modelValue=fn<onUpdate:modelValue>  ... > 
  at <TabPanel header="Build" class="h-full" > 
  at <TabView class="h-full tinker-plants-tabs" > 
  at <TinkerPlants ref="VTU_COMPONENT" > 
  at <VTUROOT>
[Vue warn]: Property "$primevue" was accessed during render but is not defined on instance. 
  at <InputNumber id="Right Wrist-ql" modelValue=200 onUpdate:modelValue=fn<onUpdate:modelValue>  ... > 
  at <TabPanel header="Build" class="h-full" > 
  at <TabView class="h-full tinker-plants-tabs" > 
  at <TinkerPlants ref="VTU_COMPONENT" > 
  at <VTUROOT>
[Vue warn]: Property "$primevue" was accessed during render but is not defined on instance. 
  at <Dropdown id="Waist-shiny" modelValue=null onUpdate:modelValue=fn<onUpdate:modelValue>  ... > 
  at <TabPanel header="Build" class="h-full" > 
  at <TabView class="h-full tinker-plants-tabs" > 
  at <TinkerPlants ref="VTU_COMPONENT" > 
  at <VTUROOT>
[Vue warn]: Property "$primevue" was accessed during render but is not defined on instance. 
  at <Dropdown id="Waist-bright" modelValue=null onUpdate:modelValue=fn<onUpdate:modelValue>  ... > 
  at <TabPanel header="Build" class="h-full" > 
  at <TabView class="h-full tinker-plants-tabs" > 
  at <TinkerPlants ref="VTU_COMPONENT" > 
  at <VTUROOT>
[Vue warn]: Property "$primevue" was accessed during render but is not defined on instance. 
  at <Dropdown id="Waist-faded" modelValue=null onUpdate:modelValue=fn<onUpdate:modelValue>  ... > 
  at <TabPanel header="Build" class="h-full" > 
  at <TabView class="h-full tinker-plants-tabs" > 
  at <TinkerPlants ref="VTU_COMPONENT" > 
  at <VTUROOT>
[Vue warn]: Property "$primevue" was accessed during render but is not defined on instance. 
  at <InputNumber id="Waist-ql" modelValue=200 onUpdate:modelValue=fn<onUpdate:modelValue>  ... > 
  at <TabPanel header="Build" class="h-full" > 
  at <TabView class="h-full tinker-plants-tabs" > 
  at <TinkerPlants ref="VTU_COMPONENT" > 
  at <VTUROOT>
[Vue warn]: Property "$primevue" was accessed during render but is not defined on instance. 
  at <Dropdown id="Left Wrist-shiny" modelValue=null onUpdate:modelValue=fn<onUpdate:modelValue>  ... > 
  at <TabPanel header="Build" class="h-full" > 
  at <TabView class="h-full tinker-plants-tabs" > 
  at <TinkerPlants ref="VTU_COMPONENT" > 
  at <VTUROOT>
[Vue warn]: Property "$primevue" was accessed during render but is not defined on instance. 
  at <Dropdown id="Left Wrist-bright" modelValue=null onUpdate:modelValue=fn<onUpdate:modelValue>  ... > 
  at <TabPanel header="Build" class="h-full" > 
  at <TabView class="h-full tinker-plants-tabs" > 
  at <TinkerPlants ref="VTU_COMPONENT" > 
  at <VTUROOT>
[Vue warn]: Property "$primevue" was accessed during render but is not defined on instance. 
  at <Dropdown id="Left Wrist-faded" modelValue=null onUpdate:modelValue=fn<onUpdate:modelValue>  ... > 
  at <TabPanel header="Build" class="h-full" > 
  at <TabView class="h-full tinker-plants-tabs" > 
  at <TinkerPlants ref="VTU_COMPONENT" > 
  at <VTUROOT>
[Vue warn]: Property "$primevue" was accessed during render but is not defined on instance. 
  at <InputNumber id="Left Wrist-ql" modelValue=200 onUpdate:modelValue=fn<onUpdate:modelValue>  ... > 
  at <TabPanel header="Build" class="h-full" > 
  at <TabView class="h-full tinker-plants-tabs" > 
  at <TinkerPlants ref="VTU_COMPONENT" > 
  at <VTUROOT>
[Vue warn]: Property "$primevue" was accessed during render but is not defined on instance. 
  at <Dropdown id="Right Hand-shiny" modelValue=null onUpdate:modelValue=fn<onUpdate:modelValue>  ... > 
  at <TabPanel header="Build" class="h-full" > 
  at <TabView class="h-full tinker-plants-tabs" > 
  at <TinkerPlants ref="VTU_COMPONENT" > 
  at <VTUROOT>
[Vue warn]: Property "$primevue" was accessed during render but is not defined on instance. 
  at <Dropdown id="Right Hand-bright" modelValue=null onUpdate:modelValue=fn<onUpdate:modelValue>  ... > 
  at <TabPanel header="Build" class="h-full" > 
  at <TabView class="h-full tinker-plants-tabs" > 
  at <TinkerPlants ref="VTU_COMPONENT" > 
  at <VTUROOT>
[Vue warn]: Property "$primevue" was accessed during render but is not defined on instance. 
  at <Dropdown id="Right Hand-faded" modelValue=null onUpdate:modelValue=fn<onUpdate:modelValue>  ... > 
  at <TabPanel header="Build" class="h-full" > 
  at <TabView class="h-full tinker-plants-tabs" > 
  at <TinkerPlants ref="VTU_COMPONENT" > 
  at <VTUROOT>
[Vue warn]: Property "$primevue" was accessed during render but is not defined on instance. 
  at <InputNumber id="Right Hand-ql" modelValue=200 onUpdate:modelValue=fn<onUpdate:modelValue>  ... > 
  at <TabPanel header="Build" class="h-full" > 
  at <TabView class="h-full tinker-plants-tabs" > 
  at <TinkerPlants ref="VTU_COMPONENT" > 
  at <VTUROOT>
[Vue warn]: Property "$primevue" was accessed during render but is not defined on instance. 
  at <Dropdown id="Leg-shiny" modelValue=null onUpdate:modelValue=fn<onUpdate:modelValue>  ... > 
  at <TabPanel header="Build" class="h-full" > 
  at <TabView class="h-full tinker-plants-tabs" > 
  at <TinkerPlants ref="VTU_COMPONENT" > 
  at <VTUROOT>
[Vue warn]: Property "$primevue" was accessed during render but is not defined on instance. 
  at <Dropdown id="Leg-bright" modelValue=null onUpdate:modelValue=fn<onUpdate:modelValue>  ... > 
  at <TabPanel header="Build" class="h-full" > 
  at <TabView class="h-full tinker-plants-tabs" > 
  at <TinkerPlants ref="VTU_COMPONENT" > 
  at <VTUROOT>
[Vue warn]: Property "$primevue" was accessed during render but is not defined on instance. 
  at <Dropdown id="Leg-faded" modelValue=null onUpdate:modelValue=fn<onUpdate:modelValue>  ... > 
  at <TabPanel header="Build" class="h-full" > 
  at <TabView class="h-full tinker-plants-tabs" > 
  at <TinkerPlants ref="VTU_COMPONENT" > 
  at <VTUROOT>
[Vue warn]: Property "$primevue" was accessed during render but is not defined on instance. 
  at <InputNumber id="Leg-ql" modelValue=200 onUpdate:modelValue=fn<onUpdate:modelValue>  ... > 
  at <TabPanel header="Build" class="h-full" > 
  at <TabView class="h-full tinker-plants-tabs" > 
  at <TinkerPlants ref="VTU_COMPONENT" > 
  at <VTUROOT>
[Vue warn]: Property "$primevue" was accessed during render but is not defined on instance. 
  at <Dropdown id="Left Hand-shiny" modelValue=null onUpdate:modelValue=fn<onUpdate:modelValue>  ... > 
  at <TabPanel header="Build" class="h-full" > 
  at <TabView class="h-full tinker-plants-tabs" > 
  at <TinkerPlants ref="VTU_COMPONENT" > 
  at <VTUROOT>
[Vue warn]: Property "$primevue" was accessed during render but is not defined on instance. 
  at <Dropdown id="Left Hand-bright" modelValue=null onUpdate:modelValue=fn<onUpdate:modelValue>  ... > 
  at <TabPanel header="Build" class="h-full" > 
  at <TabView class="h-full tinker-plants-tabs" > 
  at <TinkerPlants ref="VTU_COMPONENT" > 
  at <VTUROOT>
[Vue warn]: Property "$primevue" was accessed during render but is not defined on instance. 
  at <Dropdown id="Left Hand-faded" modelValue=null onUpdate:modelValue=fn<onUpdate:modelValue>  ... > 
  at <TabPanel header="Build" class="h-full" > 
  at <TabView class="h-full tinker-plants-tabs" > 
  at <TinkerPlants ref="VTU_COMPONENT" > 
  at <VTUROOT>
[Vue warn]: Property "$primevue" was accessed during render but is not defined on instance. 
  at <InputNumber id="Left Hand-ql" modelValue=200 onUpdate:modelValue=fn<onUpdate:modelValue>  ... > 
  at <TabPanel header="Build" class="h-full" > 
  at <TabView class="h-full tinker-plants-tabs" > 
  at <TinkerPlants ref="VTU_COMPONENT" > 
  at <VTUROOT>
[Vue warn]: Property "$primevue" was accessed during render but is not defined on instance. 
  at <Dropdown id="Feet-shiny" modelValue=null onUpdate:modelValue=fn<onUpdate:modelValue>  ... > 
  at <TabPanel header="Build" class="h-full" > 
  at <TabView class="h-full tinker-plants-tabs" > 
  at <TinkerPlants ref="VTU_COMPONENT" > 
  at <VTUROOT>
[Vue warn]: Property "$primevue" was accessed during render but is not defined on instance. 
  at <Dropdown id="Feet-bright" modelValue=null onUpdate:modelValue=fn<onUpdate:modelValue>  ... > 
  at <TabPanel header="Build" class="h-full" > 
  at <TabView class="h-full tinker-plants-tabs" > 
  at <TinkerPlants ref="VTU_COMPONENT" > 
  at <VTUROOT>
[Vue warn]: Property "$primevue" was accessed during render but is not defined on instance. 
  at <Dropdown id="Feet-faded" modelValue=null onUpdate:modelValue=fn<onUpdate:modelValue>  ... > 
  at <TabPanel header="Build" class="h-full" > 
  at <TabView class="h-full tinker-plants-tabs" > 
  at <TinkerPlants ref="VTU_COMPONENT" > 
  at <VTUROOT>
[Vue warn]: Property "$primevue" was accessed during render but is not defined on instance. 
  at <InputNumber id="Feet-ql" modelValue=200 onUpdate:modelValue=fn<onUpdate:modelValue>  ... > 
  at <TabPanel header="Build" class="h-full" > 
  at <TabView class="h-full tinker-plants-tabs" > 
  at <TinkerPlants ref="VTU_COMPONENT" > 
  at <VTUROOT>
[Vue warn]: Extraneous non-props attributes (class) were passed to component but could not be automatically inherited because component renders fragment or text root nodes. 
  at <TabPanel header="Construction" class="h-full" > 
  at <TabView class="h-full tinker-plants-tabs" > 
  at <TinkerPlants ref="VTU_COMPONENT" > 
  at <VTUROOT>
[Vue warn]: Extraneous non-props attributes (class) were passed to component but could not be automatically inherited because component renders fragment or text root nodes. 
  at <TabPanel header="Build" class="h-full" > 
  at <TabView class="h-full tinker-plants-tabs" > 
  at <TinkerPlants ref="VTU_COMPONENT" > 
  at <VTUROOT>
[Vue warn]: Property "$primevue" was accessed during render but is not defined on instance. 
  at <Dropdown id="Eye-shiny" modelValue=null onUpdate:modelValue=fn<onUpdate:modelValue>  ... > 
  at <TabPanel header="Build" class="h-full" > 
  at <TabView class="h-full tinker-plants-tabs" > 
  at <TinkerPlants ref="VTU_COMPONENT" > 
  at <VTUROOT>
[Vue warn]: Property "$primevue" was accessed during render but is not defined on instance. 
  at <Dropdown id="Eye-bright" modelValue=null onUpdate:modelValue=fn<onUpdate:modelValue>  ... > 
  at <TabPanel header="Build" class="h-full" > 
  at <TabView class="h-full tinker-plants-tabs" > 
  at <TinkerPlants ref="VTU_COMPONENT" > 
  at <VTUROOT>
[Vue warn]: Property "$primevue" was accessed during render but is not defined on instance. 
  at <Dropdown id="Eye-faded" modelValue=null onUpdate:modelValue=fn<onUpdate:modelValue>  ... > 
  at <TabPanel header="Build" class="h-full" > 
  at <TabView class="h-full tinker-plants-tabs" > 
  at <TinkerPlants ref="VTU_COMPONENT" > 
  at <VTUROOT>
[Vue warn]: Property "$primevue" was accessed during render but is not defined on instance. 
  at <Dropdown id="Head-shiny" modelValue=null onUpdate:modelValue=fn<onUpdate:modelValue>  ... > 
  at <TabPanel header="Build" class="h-full" > 
  at <TabView class="h-full tinker-plants-tabs" > 
  at <TinkerPlants ref="VTU_COMPONENT" > 
  at <VTUROOT>
[Vue warn]: Property "$primevue" was accessed during render but is not defined on instance. 
  at <Dropdown id="Head-bright" modelValue=null onUpdate:modelValue=fn<onUpdate:modelValue>  ... > 
  at <TabPanel header="Build" class="h-full" > 
  at <TabView class="h-full tinker-plants-tabs" > 
  at <TinkerPlants ref="VTU_COMPONENT" > 
  at <VTUROOT>
[Vue warn]: Property "$primevue" was accessed during render but is not defined on instance. 
  at <Dropdown id="Head-faded" modelValue=null onUpdate:modelValue=fn<onUpdate:modelValue>  ... > 
  at <TabPanel header="Build" class="h-full" > 
  at <TabView class="h-full tinker-plants-tabs" > 
  at <TinkerPlants ref="VTU_COMPONENT" > 
  at <VTUROOT>
[Vue warn]: Property "$primevue" was accessed during render but is not defined on instance. 
  at <Dropdown id="Ear-shiny" modelValue=null onUpdate:modelValue=fn<onUpdate:modelValue>  ... > 
  at <TabPanel header="Build" class="h-full" > 
  at <TabView class="h-full tinker-plants-tabs" > 
  at <TinkerPlants ref="VTU_COMPONENT" > 
  at <VTUROOT>
[Vue warn]: Property "$primevue" was accessed during render but is not defined on instance. 
  at <Dropdown id="Ear-bright" modelValue=null onUpdate:modelValue=fn<onUpdate:modelValue>  ... > 
  at <TabPanel header="Build" class="h-full" > 
  at <TabView class="h-full tinker-plants-tabs" > 
  at <TinkerPlants ref="VTU_COMPONENT" > 
  at <VTUROOT>
[Vue warn]: Property "$primevue" was accessed during render but is not defined on instance. 
  at <Dropdown id="Ear-faded" modelValue=null onUpdate:modelValue=fn<onUpdate:modelValue>  ... > 
  at <TabPanel header="Build" class="h-full" > 
  at <TabView class="h-full tinker-plants-tabs" > 
  at <TinkerPlants ref="VTU_COMPONENT" > 
  at <VTUROOT>
[Vue warn]: Property "$primevue" was accessed during render but is not defined on instance. 
  at <Dropdown id="Right Arm-shiny" modelValue=null onUpdate:modelValue=fn<onUpdate:modelValue>  ... > 
  at <TabPanel header="Build" class="h-full" > 
  at <TabView class="h-full tinker-plants-tabs" > 
  at <TinkerPlants ref="VTU_COMPONENT" > 
  at <VTUROOT>
[Vue warn]: Property "$primevue" was accessed during render but is not defined on instance. 
  at <Dropdown id="Right Arm-bright" modelValue=null onUpdate:modelValue=fn<onUpdate:modelValue>  ... > 
  at <TabPanel header="Build" class="h-full" > 
  at <TabView class="h-full tinker-plants-tabs" > 
  at <TinkerPlants ref="VTU_COMPONENT" > 
  at <VTUROOT>
[Vue warn]: Property "$primevue" was accessed during render but is not defined on instance. 
  at <Dropdown id="Right Arm-faded" modelValue=null onUpdate:modelValue=fn<onUpdate:modelValue>  ... > 
  at <TabPanel header="Build" class="h-full" > 
  at <TabView class="h-full tinker-plants-tabs" > 
  at <TinkerPlants ref="VTU_COMPONENT" > 
  at <VTUROOT>
[Vue warn]: Property "$primevue" was accessed during render but is not defined on instance. 
  at <Dropdown id="Chest-shiny" modelValue=null onUpdate:modelValue=fn<onUpdate:modelValue>  ... > 
  at <TabPanel header="Build" class="h-full" > 
  at <TabView class="h-full tinker-plants-tabs" > 
  at <TinkerPlants ref="VTU_COMPONENT" > 
  at <VTUROOT>
[Vue warn]: Property "$primevue" was accessed during render but is not defined on instance. 
  at <Dropdown id="Chest-bright" modelValue=null onUpdate:modelValue=fn<onUpdate:modelValue>  ... > 
  at <TabPanel header="Build" class="h-full" > 
  at <TabView class="h-full tinker-plants-tabs" > 
  at <TinkerPlants ref="VTU_COMPONENT" > 
  at <VTUROOT>
[Vue warn]: Property "$primevue" was accessed during render but is not defined on instance. 
  at <Dropdown id="Chest-faded" modelValue=null onUpdate:modelValue=fn<onUpdate:modelValue>  ... > 
  at <TabPanel header="Build" class="h-full" > 
  at <TabView class="h-full tinker-plants-tabs" > 
  at <TinkerPlants ref="VTU_COMPONENT" > 
  at <VTUROOT>
[Vue warn]: Property "$primevue" was accessed during render but is not defined on instance. 
  at <Dropdown id="Left Arm-shiny" modelValue=null onUpdate:modelValue=fn<onUpdate:modelValue>  ... > 
  at <TabPanel header="Build" class="h-full" > 
  at <TabView class="h-full tinker-plants-tabs" > 
  at <TinkerPlants ref="VTU_COMPONENT" > 
  at <VTUROOT>
[Vue warn]: Property "$primevue" was accessed during render but is not defined on instance. 
  at <Dropdown id="Left Arm-bright" modelValue=null onUpdate:modelValue=fn<onUpdate:modelValue>  ... > 
  at <TabPanel header="Build" class="h-full" > 
  at <TabView class="h-full tinker-plants-tabs" > 
  at <TinkerPlants ref="VTU_COMPONENT" > 
  at <VTUROOT>
[Vue warn]: Property "$primevue" was accessed during render but is not defined on instance. 
  at <Dropdown id="Left Arm-faded" modelValue=null onUpdate:modelValue=fn<onUpdate:modelValue>  ... > 
  at <TabPanel header="Build" class="h-full" > 
  at <TabView class="h-full tinker-plants-tabs" > 
  at <TinkerPlants ref="VTU_COMPONENT" > 
  at <VTUROOT>
[Vue warn]: Property "$primevue" was accessed during render but is not defined on instance. 
  at <Dropdown id="Right Wrist-shiny" modelValue=null onUpdate:modelValue=fn<onUpdate:modelValue>  ... > 
  at <TabPanel header="Build" class="h-full" > 
  at <TabView class="h-full tinker-plants-tabs" > 
  at <TinkerPlants ref="VTU_COMPONENT" > 
  at <VTUROOT>
[Vue warn]: Property "$primevue" was accessed during render but is not defined on instance. 
  at <Dropdown id="Right Wrist-bright" modelValue=null onUpdate:modelValue=fn<onUpdate:modelValue>  ... > 
  at <TabPanel header="Build" class="h-full" > 
  at <TabView class="h-full tinker-plants-tabs" > 
  at <TinkerPlants ref="VTU_COMPONENT" > 
  at <VTUROOT>
[Vue warn]: Property "$primevue" was accessed during render but is not defined on instance. 
  at <Dropdown id="Right Wrist-faded" modelValue=null onUpdate:modelValue=fn<onUpdate:modelValue>  ... > 
  at <TabPanel header="Build" class="h-full" > 
  at <TabView class="h-full tinker-plants-tabs" > 
  at <TinkerPlants ref="VTU_COMPONENT" > 
  at <VTUROOT>
[Vue warn]: Property "$primevue" was accessed during render but is not defined on instance. 
  at <Dropdown id="Waist-shiny" modelValue=null onUpdate:modelValue=fn<onUpdate:modelValue>  ... > 
  at <TabPanel header="Build" class="h-full" > 
  at <TabView class="h-full tinker-plants-tabs" > 
  at <TinkerPlants ref="VTU_COMPONENT" > 
  at <VTUROOT>
[Vue warn]: Property "$primevue" was accessed during render but is not defined on instance. 
  at <Dropdown id="Waist-bright" modelValue=null onUpdate:modelValue=fn<onUpdate:modelValue>  ... > 
  at <TabPanel header="Build" class="h-full" > 
  at <TabView class="h-full tinker-plants-tabs" > 
  at <TinkerPlants ref="VTU_COMPONENT" > 
  at <VTUROOT>
[Vue warn]: Property "$primevue" was accessed during render but is not defined on instance. 
  at <Dropdown id="Waist-faded" modelValue=null onUpdate:modelValue=fn<onUpdate:modelValue>  ... > 
  at <TabPanel header="Build" class="h-full" > 
  at <TabView class="h-full tinker-plants-tabs" > 
  at <TinkerPlants ref="VTU_COMPONENT" > 
  at <VTUROOT>
[Vue warn]: Property "$primevue" was accessed during render but is not defined on instance. 
  at <Dropdown id="Left Wrist-shiny" modelValue=null onUpdate:modelValue=fn<onUpdate:modelValue>  ... > 
  at <TabPanel header="Build" class="h-full" > 
  at <TabView class="h-full tinker-plants-tabs" > 
  at <TinkerPlants ref="VTU_COMPONENT" > 
  at <VTUROOT>
[Vue warn]: Property "$primevue" was accessed during render but is not defined on instance. 
  at <Dropdown id="Left Wrist-bright" modelValue=null onUpdate:modelValue=fn<onUpdate:modelValue>  ... > 
  at <TabPanel header="Build" class="h-full" > 
  at <TabView class="h-full tinker-plants-tabs" > 
  at <TinkerPlants ref="VTU_COMPONENT" > 
  at <VTUROOT>
[Vue warn]: Property "$primevue" was accessed during render but is not defined on instance. 
  at <Dropdown id="Left Wrist-faded" modelValue=null onUpdate:modelValue=fn<onUpdate:modelValue>  ... > 
  at <TabPanel header="Build" class="h-full" > 
  at <TabView class="h-full tinker-plants-tabs" > 
  at <TinkerPlants ref="VTU_COMPONENT" > 
  at <VTUROOT>
[Vue warn]: Property "$primevue" was accessed during render but is not defined on instance. 
  at <Dropdown id="Right Hand-shiny" modelValue=null onUpdate:modelValue=fn<onUpdate:modelValue>  ... > 
  at <TabPanel header="Build" class="h-full" > 
  at <TabView class="h-full tinker-plants-tabs" > 
  at <TinkerPlants ref="VTU_COMPONENT" > 
  at <VTUROOT>
[Vue warn]: Property "$primevue" was accessed during render but is not defined on instance. 
  at <Dropdown id="Right Hand-bright" modelValue=null onUpdate:modelValue=fn<onUpdate:modelValue>  ... > 
  at <TabPanel header="Build" class="h-full" > 
  at <TabView class="h-full tinker-plants-tabs" > 
  at <TinkerPlants ref="VTU_COMPONENT" > 
  at <VTUROOT>
[Vue warn]: Property "$primevue" was accessed during render but is not defined on instance. 
  at <Dropdown id="Right Hand-faded" modelValue=null onUpdate:modelValue=fn<onUpdate:modelValue>  ... > 
  at <TabPanel header="Build" class="h-full" > 
  at <TabView class="h-full tinker-plants-tabs" > 
  at <TinkerPlants ref="VTU_COMPONENT" > 
  at <VTUROOT>
[Vue warn]: Property "$primevue" was accessed during render but is not defined on instance. 
  at <Dropdown id="Leg-shiny" modelValue=null onUpdate:modelValue=fn<onUpdate:modelValue>  ... > 
  at <TabPanel header="Build" class="h-full" > 
  at <TabView class="h-full tinker-plants-tabs" > 
  at <TinkerPlants ref="VTU_COMPONENT" > 
  at <VTUROOT>
[Vue warn]: Property "$primevue" was accessed during render but is not defined on instance. 
  at <Dropdown id="Leg-bright" modelValue=null onUpdate:modelValue=fn<onUpdate:modelValue>  ... > 
  at <TabPanel header="Build" class="h-full" > 
  at <TabView class="h-full tinker-plants-tabs" > 
  at <TinkerPlants ref="VTU_COMPONENT" > 
  at <VTUROOT>
[Vue warn]: Property "$primevue" was accessed during render but is not defined on instance. 
  at <Dropdown id="Leg-faded" modelValue=null onUpdate:modelValue=fn<onUpdate:modelValue>  ... > 
  at <TabPanel header="Build" class="h-full" > 
  at <TabView class="h-full tinker-plants-tabs" > 
  at <TinkerPlants ref="VTU_COMPONENT" > 
  at <VTUROOT>
[Vue warn]: Property "$primevue" was accessed during render but is not defined on instance. 
  at <Dropdown id="Left Hand-shiny" modelValue=null onUpdate:modelValue=fn<onUpdate:modelValue>  ... > 
  at <TabPanel header="Build" class="h-full" > 
  at <TabView class="h-full tinker-plants-tabs" > 
  at <TinkerPlants ref="VTU_COMPONENT" > 
  at <VTUROOT>
[Vue warn]: Property "$primevue" was accessed during render but is not defined on instance. 
  at <Dropdown id="Left Hand-bright" modelValue=null onUpdate:modelValue=fn<onUpdate:modelValue>  ... > 
  at <TabPanel header="Build" class="h-full" > 
  at <TabView class="h-full tinker-plants-tabs" > 
  at <TinkerPlants ref="VTU_COMPONENT" > 
  at <VTUROOT>
[Vue warn]: Property "$primevue" was accessed during render but is not defined on instance. 
  at <Dropdown id="Left Hand-faded" modelValue=null onUpdate:modelValue=fn<onUpdate:modelValue>  ... > 
  at <TabPanel header="Build" class="h-full" > 
  at <TabView class="h-full tinker-plants-tabs" > 
  at <TinkerPlants ref="VTU_COMPONENT" > 
  at <VTUROOT>
[Vue warn]: Property "$primevue" was accessed during render but is not defined on instance. 
  at <Dropdown id="Feet-shiny" modelValue=null onUpdate:modelValue=fn<onUpdate:modelValue>  ... > 
  at <TabPanel header="Build" class="h-full" > 
  at <TabView class="h-full tinker-plants-tabs" > 
  at <TinkerPlants ref="VTU_COMPONENT" > 
  at <VTUROOT>
[Vue warn]: Property "$primevue" was accessed during render but is not defined on instance. 
  at <Dropdown id="Feet-bright" modelValue=null onUpdate:modelValue=fn<onUpdate:modelValue>  ... > 
  at <TabPanel header="Build" class="h-full" > 
  at <TabView class="h-full tinker-plants-tabs" > 
  at <TinkerPlants ref="VTU_COMPONENT" > 
  at <VTUROOT>
[Vue warn]: Property "$primevue" was accessed during render but is not defined on instance. 
  at <Dropdown id="Feet-faded" modelValue=null onUpdate:modelValue=fn<onUpdate:modelValue>  ... > 
  at <TabPanel header="Build" class="h-full" > 
  at <TabView class="h-full tinker-plants-tabs" > 
  at <TinkerPlants ref="VTU_COMPONENT" > 
  at <VTUROOT>
[Vue warn]: Extraneous non-props attributes (class) were passed to component but could not be automatically inherited because component renders fragment or text root nodes. 
  at <TabPanel header="Construction" class="h-full" > 
  at <TabView class="h-full tinker-plants-tabs" > 
  at <TinkerPlants ref="VTU_COMPONENT" > 
  at <VTUROOT>

stderr | src/__tests__/views/TinkerPlants.simple.test.ts > TinkerPlants - Simple Tests > Data Properties > has skill clusters defined
[Vue warn]: Property "$primevue" was accessed during render but is not defined on instance. 
  at <InputNumber id="ql-input" modelValue=200 onUpdate:modelValue=fn  ... > 
  at <TinkerPlants ref="VTU_COMPONENT" > 
  at <VTUROOT>
[Vue warn]: Extraneous non-props attributes (class) were passed to component but could not be automatically inherited because component renders fragment or text root nodes. 
  at <TabPanel header="Build" class="h-full" > 
  at <TabView class="h-full tinker-plants-tabs" > 
  at <TinkerPlants ref="VTU_COMPONENT" > 
  at <VTUROOT>
[Vue warn]: Property "$primevue" was accessed during render but is not defined on instance. 
  at <Dropdown id="Eye-shiny" modelValue=null onUpdate:modelValue=fn<onUpdate:modelValue>  ... > 
  at <TabPanel header="Build" class="h-full" > 
  at <TabView class="h-full tinker-plants-tabs" > 
  at <TinkerPlants ref="VTU_COMPONENT" > 
  at <VTUROOT>
[Vue warn]: Property "$primevue" was accessed during render but is not defined on instance. 
  at <Dropdown id="Eye-bright" modelValue=null onUpdate:modelValue=fn<onUpdate:modelValue>  ... > 
  at <TabPanel header="Build" class="h-full" > 
  at <TabView class="h-full tinker-plants-tabs" > 
  at <TinkerPlants ref="VTU_COMPONENT" > 
  at <VTUROOT>
[Vue warn]: Property "$primevue" was accessed during render but is not defined on instance. 
  at <Dropdown id="Eye-faded" modelValue=null onUpdate:modelValue=fn<onUpdate:modelValue>  ... > 
  at <TabPanel header="Build" class="h-full" > 
  at <TabView class="h-full tinker-plants-tabs" > 
  at <TinkerPlants ref="VTU_COMPONENT" > 
  at <VTUROOT>
[Vue warn]: Property "$primevue" was accessed during render but is not defined on instance. 
  at <InputNumber id="Eye-ql" modelValue=200 onUpdate:modelValue=fn<onUpdate:modelValue>  ... > 
  at <TabPanel header="Build" class="h-full" > 
  at <TabView class="h-full tinker-plants-tabs" > 
  at <TinkerPlants ref="VTU_COMPONENT" > 
  at <VTUROOT>
[Vue warn]: Property "$primevue" was accessed during render but is not defined on instance. 
  at <Dropdown id="Head-shiny" modelValue=null onUpdate:modelValue=fn<onUpdate:modelValue>  ... > 
  at <TabPanel header="Build" class="h-full" > 
  at <TabView class="h-full tinker-plants-tabs" > 
  at <TinkerPlants ref="VTU_COMPONENT" > 
  at <VTUROOT>
[Vue warn]: Property "$primevue" was accessed during render but is not defined on instance. 
  at <Dropdown id="Head-bright" modelValue=null onUpdate:modelValue=fn<onUpdate:modelValue>  ... > 
  at <TabPanel header="Build" class="h-full" > 
  at <TabView class="h-full tinker-plants-tabs" > 
  at <TinkerPlants ref="VTU_COMPONENT" > 
  at <VTUROOT>
[Vue warn]: Property "$primevue" was accessed during render but is not defined on instance. 
  at <Dropdown id="Head-faded" modelValue=null onUpdate:modelValue=fn<onUpdate:modelValue>  ... > 
  at <TabPanel header="Build" class="h-full" > 
  at <TabView class="h-full tinker-plants-tabs" > 
  at <TinkerPlants ref="VTU_COMPONENT" > 
  at <VTUROOT>
[Vue warn]: Property "$primevue" was accessed during render but is not defined on instance. 
  at <InputNumber id="Head-ql" modelValue=200 onUpdate:modelValue=fn<onUpdate:modelValue>  ... > 
  at <TabPanel header="Build" class="h-full" > 
  at <TabView class="h-full tinker-plants-tabs" > 
  at <TinkerPlants ref="VTU_COMPONENT" > 
  at <VTUROOT>
[Vue warn]: Property "$primevue" was accessed during render but is not defined on instance. 
  at <Dropdown id="Ear-shiny" modelValue=null onUpdate:modelValue=fn<onUpdate:modelValue>  ... > 
  at <TabPanel header="Build" class="h-full" > 
  at <TabView class="h-full tinker-plants-tabs" > 
  at <TinkerPlants ref="VTU_COMPONENT" > 
  at <VTUROOT>
[Vue warn]: Property "$primevue" was accessed during render but is not defined on instance. 
  at <Dropdown id="Ear-bright" modelValue=null onUpdate:modelValue=fn<onUpdate:modelValue>  ... > 
  at <TabPanel header="Build" class="h-full" > 
  at <TabView class="h-full tinker-plants-tabs" > 
  at <TinkerPlants ref="VTU_COMPONENT" > 
  at <VTUROOT>
[Vue warn]: Property "$primevue" was accessed during render but is not defined on instance. 
  at <Dropdown id="Ear-faded" modelValue=null onUpdate:modelValue=fn<onUpdate:modelValue>  ... > 
  at <TabPanel header="Build" class="h-full" > 
  at <TabView class="h-full tinker-plants-tabs" > 
  at <TinkerPlants ref="VTU_COMPONENT" > 
  at <VTUROOT>
[Vue warn]: Property "$primevue" was accessed during render but is not defined on instance. 
  at <InputNumber id="Ear-ql" modelValue=200 onUpdate:modelValue=fn<onUpdate:modelValue>  ... > 
  at <TabPanel header="Build" class="h-full" > 
  at <TabView class="h-full tinker-plants-tabs" > 
  at <TinkerPlants ref="VTU_COMPONENT" > 
  at <VTUROOT>
[Vue warn]: Property "$primevue" was accessed during render but is not defined on instance. 
  at <Dropdown id="Right Arm-shiny" modelValue=null onUpdate:modelValue=fn<onUpdate:modelValue>  ... > 
  at <TabPanel header="Build" class="h-full" > 
  at <TabView class="h-full tinker-plants-tabs" > 
  at <TinkerPlants ref="VTU_COMPONENT" > 
  at <VTUROOT>
[Vue warn]: Property "$primevue" was accessed during render but is not defined on instance. 
  at <Dropdown id="Right Arm-bright" modelValue=null onUpdate:modelValue=fn<onUpdate:modelValue>  ... > 
  at <TabPanel header="Build" class="h-full" > 
  at <TabView class="h-full tinker-plants-tabs" > 
  at <TinkerPlants ref="VTU_COMPONENT" > 
  at <VTUROOT>
[Vue warn]: Property "$primevue" was accessed during render but is not defined on instance. 
  at <Dropdown id="Right Arm-faded" modelValue=null onUpdate:modelValue=fn<onUpdate:modelValue>  ... > 
  at <TabPanel header="Build" class="h-full" > 
  at <TabView class="h-full tinker-plants-tabs" > 
  at <TinkerPlants ref="VTU_COMPONENT" > 
  at <VTUROOT>
[Vue warn]: Property "$primevue" was accessed during render but is not defined on instance. 
  at <InputNumber id="Right Arm-ql" modelValue=200 onUpdate:modelValue=fn<onUpdate:modelValue>  ... > 
  at <TabPanel header="Build" class="h-full" > 
  at <TabView class="h-full tinker-plants-tabs" > 
  at <TinkerPlants ref="VTU_COMPONENT" > 
  at <VTUROOT>
[Vue warn]: Property "$primevue" was accessed during render but is not defined on instance. 
  at <Dropdown id="Chest-shiny" modelValue=null onUpdate:modelValue=fn<onUpdate:modelValue>  ... > 
  at <TabPanel header="Build" class="h-full" > 
  at <TabView class="h-full tinker-plants-tabs" > 
  at <TinkerPlants ref="VTU_COMPONENT" > 
  at <VTUROOT>
[Vue warn]: Property "$primevue" was accessed during render but is not defined on instance. 
  at <Dropdown id="Chest-bright" modelValue=null onUpdate:modelValue=fn<onUpdate:modelValue>  ... > 
  at <TabPanel header="Build" class="h-full" > 
  at <TabView class="h-full tinker-plants-tabs" > 
  at <TinkerPlants ref="VTU_COMPONENT" > 
  at <VTUROOT>
[Vue warn]: Property "$primevue" was accessed during render but is not defined on instance. 
  at <Dropdown id="Chest-faded" modelValue=null onUpdate:modelValue=fn<onUpdate:modelValue>  ... > 
  at <TabPanel header="Build" class="h-full" > 
  at <TabView class="h-full tinker-plants-tabs" > 
  at <TinkerPlants ref="VTU_COMPONENT" > 
  at <VTUROOT>
[Vue warn]: Property "$primevue" was accessed during render but is not defined on instance. 
  at <InputNumber id="Chest-ql" modelValue=200 onUpdate:modelValue=fn<onUpdate:modelValue>  ... > 
  at <TabPanel header="Build" class="h-full" > 
  at <TabView class="h-full tinker-plants-tabs" > 
  at <TinkerPlants ref="VTU_COMPONENT" > 
  at <VTUROOT>
[Vue warn]: Property "$primevue" was accessed during render but is not defined on instance. 
  at <Dropdown id="Left Arm-shiny" modelValue=null onUpdate:modelValue=fn<onUpdate:modelValue>  ... > 
  at <TabPanel header="Build" class="h-full" > 
  at <TabView class="h-full tinker-plants-tabs" > 
  at <TinkerPlants ref="VTU_COMPONENT" > 
  at <VTUROOT>
[Vue warn]: Property "$primevue" was accessed during render but is not defined on instance. 
  at <Dropdown id="Left Arm-bright" modelValue=null onUpdate:modelValue=fn<onUpdate:modelValue>  ... > 
  at <TabPanel header="Build" class="h-full" > 
  at <TabView class="h-full tinker-plants-tabs" > 
  at <TinkerPlants ref="VTU_COMPONENT" > 
  at <VTUROOT>
[Vue warn]: Property "$primevue" was accessed during render but is not defined on instance. 
  at <Dropdown id="Left Arm-faded" modelValue=null onUpdate:modelValue=fn<onUpdate:modelValue>  ... > 
  at <TabPanel header="Build" class="h-full" > 
  at <TabView class="h-full tinker-plants-tabs" > 
  at <TinkerPlants ref="VTU_COMPONENT" > 
  at <VTUROOT>
[Vue warn]: Property "$primevue" was accessed during render but is not defined on instance. 
  at <InputNumber id="Left Arm-ql" modelValue=200 onUpdate:modelValue=fn<onUpdate:modelValue>  ... > 
  at <TabPanel header="Build" class="h-full" > 
  at <TabView class="h-full tinker-plants-tabs" > 
  at <TinkerPlants ref="VTU_COMPONENT" > 
  at <VTUROOT>
[Vue warn]: Property "$primevue" was accessed during render but is not defined on instance. 
  at <Dropdown id="Right Wrist-shiny" modelValue=null onUpdate:modelValue=fn<onUpdate:modelValue>  ... > 
  at <TabPanel header="Build" class="h-full" > 
  at <TabView class="h-full tinker-plants-tabs" > 
  at <TinkerPlants ref="VTU_COMPONENT" > 
  at <VTUROOT>
[Vue warn]: Property "$primevue" was accessed during render but is not defined on instance. 
  at <Dropdown id="Right Wrist-bright" modelValue=null onUpdate:modelValue=fn<onUpdate:modelValue>  ... > 
  at <TabPanel header="Build" class="h-full" > 
  at <TabView class="h-full tinker-plants-tabs" > 
  at <TinkerPlants ref="VTU_COMPONENT" > 
  at <VTUROOT>
[Vue warn]: Property "$primevue" was accessed during render but is not defined on instance. 
  at <Dropdown id="Right Wrist-faded" modelValue=null onUpdate:modelValue=fn<onUpdate:modelValue>  ... > 
  at <TabPanel header="Build" class="h-full" > 
  at <TabView class="h-full tinker-plants-tabs" > 
  at <TinkerPlants ref="VTU_COMPONENT" > 
  at <VTUROOT>
[Vue warn]: Property "$primevue" was accessed during render but is not defined on instance. 
  at <InputNumber id="Right Wrist-ql" modelValue=200 onUpdate:modelValue=fn<onUpdate:modelValue>  ... > 
  at <TabPanel header="Build" class="h-full" > 
  at <TabView class="h-full tinker-plants-tabs" > 
  at <TinkerPlants ref="VTU_COMPONENT" > 
  at <VTUROOT>
[Vue warn]: Property "$primevue" was accessed during render but is not defined on instance. 
  at <Dropdown id="Waist-shiny" modelValue=null onUpdate:modelValue=fn<onUpdate:modelValue>  ... > 
  at <TabPanel header="Build" class="h-full" > 
  at <TabView class="h-full tinker-plants-tabs" > 
  at <TinkerPlants ref="VTU_COMPONENT" > 
  at <VTUROOT>
[Vue warn]: Property "$primevue" was accessed during render but is not defined on instance. 
  at <Dropdown id="Waist-bright" modelValue=null onUpdate:modelValue=fn<onUpdate:modelValue>  ... > 
  at <TabPanel header="Build" class="h-full" > 
  at <TabView class="h-full tinker-plants-tabs" > 
  at <TinkerPlants ref="VTU_COMPONENT" > 
  at <VTUROOT>
[Vue warn]: Property "$primevue" was accessed during render but is not defined on instance. 
  at <Dropdown id="Waist-faded" modelValue=null onUpdate:modelValue=fn<onUpdate:modelValue>  ... > 
  at <TabPanel header="Build" class="h-full" > 
  at <TabView class="h-full tinker-plants-tabs" > 
  at <TinkerPlants ref="VTU_COMPONENT" > 
  at <VTUROOT>
[Vue warn]: Property "$primevue" was accessed during render but is not defined on instance. 
  at <InputNumber id="Waist-ql" modelValue=200 onUpdate:modelValue=fn<onUpdate:modelValue>  ... > 
  at <TabPanel header="Build" class="h-full" > 
  at <TabView class="h-full tinker-plants-tabs" > 
  at <TinkerPlants ref="VTU_COMPONENT" > 
  at <VTUROOT>
[Vue warn]: Property "$primevue" was accessed during render but is not defined on instance. 
  at <Dropdown id="Left Wrist-shiny" modelValue=null onUpdate:modelValue=fn<onUpdate:modelValue>  ... > 
  at <TabPanel header="Build" class="h-full" > 
  at <TabView class="h-full tinker-plants-tabs" > 
  at <TinkerPlants ref="VTU_COMPONENT" > 
  at <VTUROOT>
[Vue warn]: Property "$primevue" was accessed during render but is not defined on instance. 
  at <Dropdown id="Left Wrist-bright" modelValue=null onUpdate:modelValue=fn<onUpdate:modelValue>  ... > 
  at <TabPanel header="Build" class="h-full" > 
  at <TabView class="h-full tinker-plants-tabs" > 
  at <TinkerPlants ref="VTU_COMPONENT" > 
  at <VTUROOT>
[Vue warn]: Property "$primevue" was accessed during render but is not defined on instance. 
  at <Dropdown id="Left Wrist-faded" modelValue=null onUpdate:modelValue=fn<onUpdate:modelValue>  ... > 
  at <TabPanel header="Build" class="h-full" > 
  at <TabView class="h-full tinker-plants-tabs" > 
  at <TinkerPlants ref="VTU_COMPONENT" > 
  at <VTUROOT>
[Vue warn]: Property "$primevue" was accessed during render but is not defined on instance. 
  at <InputNumber id="Left Wrist-ql" modelValue=200 onUpdate:modelValue=fn<onUpdate:modelValue>  ... > 
  at <TabPanel header="Build" class="h-full" > 
  at <TabView class="h-full tinker-plants-tabs" > 
  at <TinkerPlants ref="VTU_COMPONENT" > 
  at <VTUROOT>
[Vue warn]: Property "$primevue" was accessed during render but is not defined on instance. 
  at <Dropdown id="Right Hand-shiny" modelValue=null onUpdate:modelValue=fn<onUpdate:modelValue>  ... > 
  at <TabPanel header="Build" class="h-full" > 
  at <TabView class="h-full tinker-plants-tabs" > 
  at <TinkerPlants ref="VTU_COMPONENT" > 
  at <VTUROOT>
[Vue warn]: Property "$primevue" was accessed during render but is not defined on instance. 
  at <Dropdown id="Right Hand-bright" modelValue=null onUpdate:modelValue=fn<onUpdate:modelValue>  ... > 
  at <TabPanel header="Build" class="h-full" > 
  at <TabView class="h-full tinker-plants-tabs" > 
  at <TinkerPlants ref="VTU_COMPONENT" > 
  at <VTUROOT>
[Vue warn]: Property "$primevue" was accessed during render but is not defined on instance. 
  at <Dropdown id="Right Hand-faded" modelValue=null onUpdate:modelValue=fn<onUpdate:modelValue>  ... > 
  at <TabPanel header="Build" class="h-full" > 
  at <TabView class="h-full tinker-plants-tabs" > 
  at <TinkerPlants ref="VTU_COMPONENT" > 
  at <VTUROOT>
[Vue warn]: Property "$primevue" was accessed during render but is not defined on instance. 
  at <InputNumber id="Right Hand-ql" modelValue=200 onUpdate:modelValue=fn<onUpdate:modelValue>  ... > 
  at <TabPanel header="Build" class="h-full" > 
  at <TabView class="h-full tinker-plants-tabs" > 
  at <TinkerPlants ref="VTU_COMPONENT" > 
  at <VTUROOT>
[Vue warn]: Property "$primevue" was accessed during render but is not defined on instance. 
  at <Dropdown id="Leg-shiny" modelValue=null onUpdate:modelValue=fn<onUpdate:modelValue>  ... > 
  at <TabPanel header="Build" class="h-full" > 
  at <TabView class="h-full tinker-plants-tabs" > 
  at <TinkerPlants ref="VTU_COMPONENT" > 
  at <VTUROOT>
[Vue warn]: Property "$primevue" was accessed during render but is not defined on instance. 
  at <Dropdown id="Leg-bright" modelValue=null onUpdate:modelValue=fn<onUpdate:modelValue>  ... > 
  at <TabPanel header="Build" class="h-full" > 
  at <TabView class="h-full tinker-plants-tabs" > 
  at <TinkerPlants ref="VTU_COMPONENT" > 
  at <VTUROOT>
[Vue warn]: Property "$primevue" was accessed during render but is not defined on instance. 
  at <Dropdown id="Leg-faded" modelValue=null onUpdate:modelValue=fn<onUpdate:modelValue>  ... > 
  at <TabPanel header="Build" class="h-full" > 
  at <TabView class="h-full tinker-plants-tabs" > 
  at <TinkerPlants ref="VTU_COMPONENT" > 
  at <VTUROOT>
[Vue warn]: Property "$primevue" was accessed during render but is not defined on instance. 
  at <InputNumber id="Leg-ql" modelValue=200 onUpdate:modelValue=fn<onUpdate:modelValue>  ... > 
  at <TabPanel header="Build" class="h-full" > 
  at <TabView class="h-full tinker-plants-tabs" > 
  at <TinkerPlants ref="VTU_COMPONENT" > 
  at <VTUROOT>
[Vue warn]: Property "$primevue" was accessed during render but is not defined on instance. 
  at <Dropdown id="Left Hand-shiny" modelValue=null onUpdate:modelValue=fn<onUpdate:modelValue>  ... > 
  at <TabPanel header="Build" class="h-full" > 
  at <TabView class="h-full tinker-plants-tabs" > 
  at <TinkerPlants ref="VTU_COMPONENT" > 
  at <VTUROOT>
[Vue warn]: Property "$primevue" was accessed during render but is not defined on instance. 
  at <Dropdown id="Left Hand-bright" modelValue=null onUpdate:modelValue=fn<onUpdate:modelValue>  ... > 
  at <TabPanel header="Build" class="h-full" > 
  at <TabView class="h-full tinker-plants-tabs" > 
  at <TinkerPlants ref="VTU_COMPONENT" > 
  at <VTUROOT>
[Vue warn]: Property "$primevue" was accessed during render but is not defined on instance. 
  at <Dropdown id="Left Hand-faded" modelValue=null onUpdate:modelValue=fn<onUpdate:modelValue>  ... > 
  at <TabPanel header="Build" class="h-full" > 
  at <TabView class="h-full tinker-plants-tabs" > 
  at <TinkerPlants ref="VTU_COMPONENT" > 
  at <VTUROOT>
[Vue warn]: Property "$primevue" was accessed during render but is not defined on instance. 
  at <InputNumber id="Left Hand-ql" modelValue=200 onUpdate:modelValue=fn<onUpdate:modelValue>  ... > 
  at <TabPanel header="Build" class="h-full" > 
  at <TabView class="h-full tinker-plants-tabs" > 
  at <TinkerPlants ref="VTU_COMPONENT" > 
  at <VTUROOT>
[Vue warn]: Property "$primevue" was accessed during render but is not defined on instance. 
  at <Dropdown id="Feet-shiny" modelValue=null onUpdate:modelValue=fn<onUpdate:modelValue>  ... > 
  at <TabPanel header="Build" class="h-full" > 
  at <TabView class="h-full tinker-plants-tabs" > 
  at <TinkerPlants ref="VTU_COMPONENT" > 
  at <VTUROOT>
[Vue warn]: Property "$primevue" was accessed during render but is not defined on instance. 
  at <Dropdown id="Feet-bright" modelValue=null onUpdate:modelValue=fn<onUpdate:modelValue>  ... > 
  at <TabPanel header="Build" class="h-full" > 
  at <TabView class="h-full tinker-plants-tabs" > 
  at <TinkerPlants ref="VTU_COMPONENT" > 
  at <VTUROOT>
[Vue warn]: Property "$primevue" was accessed during render but is not defined on instance. 
  at <Dropdown id="Feet-faded" modelValue=null onUpdate:modelValue=fn<onUpdate:modelValue>  ... > 
  at <TabPanel header="Build" class="h-full" > 
  at <TabView class="h-full tinker-plants-tabs" > 
  at <TinkerPlants ref="VTU_COMPONENT" > 
  at <VTUROOT>
[Vue warn]: Property "$primevue" was accessed during render but is not defined on instance. 
  at <InputNumber id="Feet-ql" modelValue=200 onUpdate:modelValue=fn<onUpdate:modelValue>  ... > 
  at <TabPanel header="Build" class="h-full" > 
  at <TabView class="h-full tinker-plants-tabs" > 
  at <TinkerPlants ref="VTU_COMPONENT" > 
  at <VTUROOT>
[Vue warn]: Extraneous non-props attributes (class) were passed to component but could not be automatically inherited because component renders fragment or text root nodes. 
  at <TabPanel header="Construction" class="h-full" > 
  at <TabView class="h-full tinker-plants-tabs" > 
  at <TinkerPlants ref="VTU_COMPONENT" > 
  at <VTUROOT>
[Vue warn]: Extraneous non-props attributes (class) were passed to component but could not be automatically inherited because component renders fragment or text root nodes. 
  at <TabPanel header="Build" class="h-full" > 
  at <TabView class="h-full tinker-plants-tabs" > 
  at <TinkerPlants ref="VTU_COMPONENT" > 
  at <VTUROOT>
[Vue warn]: Property "$primevue" was accessed during render but is not defined on instance. 
  at <Dropdown id="Eye-shiny" modelValue=null onUpdate:modelValue=fn<onUpdate:modelValue>  ... > 
  at <TabPanel header="Build" class="h-full" > 
  at <TabView class="h-full tinker-plants-tabs" > 
  at <TinkerPlants ref="VTU_COMPONENT" > 
  at <VTUROOT>
[Vue warn]: Property "$primevue" was accessed during render but is not defined on instance. 
  at <Dropdown id="Eye-bright" modelValue=null onUpdate:modelValue=fn<onUpdate:modelValue>  ... > 
  at <TabPanel header="Build" class="h-full" > 
  at <TabView class="h-full tinker-plants-tabs" > 
  at <TinkerPlants ref="VTU_COMPONENT" > 
  at <VTUROOT>
[Vue warn]: Property "$primevue" was accessed during render but is not defined on instance. 
  at <Dropdown id="Eye-faded" modelValue=null onUpdate:modelValue=fn<onUpdate:modelValue>  ... > 
  at <TabPanel header="Build" class="h-full" > 
  at <TabView class="h-full tinker-plants-tabs" > 
  at <TinkerPlants ref="VTU_COMPONENT" > 
  at <VTUROOT>
[Vue warn]: Property "$primevue" was accessed during render but is not defined on instance. 
  at <Dropdown id="Head-shiny" modelValue=null onUpdate:modelValue=fn<onUpdate:modelValue>  ... > 
  at <TabPanel header="Build" class="h-full" > 
  at <TabView class="h-full tinker-plants-tabs" > 
  at <TinkerPlants ref="VTU_COMPONENT" > 
  at <VTUROOT>
[Vue warn]: Property "$primevue" was accessed during render but is not defined on instance. 
  at <Dropdown id="Head-bright" modelValue=null onUpdate:modelValue=fn<onUpdate:modelValue>  ... > 
  at <TabPanel header="Build" class="h-full" > 
  at <TabView class="h-full tinker-plants-tabs" > 
  at <TinkerPlants ref="VTU_COMPONENT" > 
  at <VTUROOT>
[Vue warn]: Property "$primevue" was accessed during render but is not defined on instance. 
  at <Dropdown id="Head-faded" modelValue=null onUpdate:modelValue=fn<onUpdate:modelValue>  ... > 
  at <TabPanel header="Build" class="h-full" > 
  at <TabView class="h-full tinker-plants-tabs" > 
  at <TinkerPlants ref="VTU_COMPONENT" > 
  at <VTUROOT>
[Vue warn]: Property "$primevue" was accessed during render but is not defined on instance. 
  at <Dropdown id="Ear-shiny" modelValue=null onUpdate:modelValue=fn<onUpdate:modelValue>  ... > 
  at <TabPanel header="Build" class="h-full" > 
  at <TabView class="h-full tinker-plants-tabs" > 
  at <TinkerPlants ref="VTU_COMPONENT" > 
  at <VTUROOT>
[Vue warn]: Property "$primevue" was accessed during render but is not defined on instance. 
  at <Dropdown id="Ear-bright" modelValue=null onUpdate:modelValue=fn<onUpdate:modelValue>  ... > 
  at <TabPanel header="Build" class="h-full" > 
  at <TabView class="h-full tinker-plants-tabs" > 
  at <TinkerPlants ref="VTU_COMPONENT" > 
  at <VTUROOT>
[Vue warn]: Property "$primevue" was accessed during render but is not defined on instance. 
  at <Dropdown id="Ear-faded" modelValue=null onUpdate:modelValue=fn<onUpdate:modelValue>  ... > 
  at <TabPanel header="Build" class="h-full" > 
  at <TabView class="h-full tinker-plants-tabs" > 
  at <TinkerPlants ref="VTU_COMPONENT" > 
  at <VTUROOT>
[Vue warn]: Property "$primevue" was accessed during render but is not defined on instance. 
  at <Dropdown id="Right Arm-shiny" modelValue=null onUpdate:modelValue=fn<onUpdate:modelValue>  ... > 
  at <TabPanel header="Build" class="h-full" > 
  at <TabView class="h-full tinker-plants-tabs" > 
  at <TinkerPlants ref="VTU_COMPONENT" > 
  at <VTUROOT>
[Vue warn]: Property "$primevue" was accessed during render but is not defined on instance. 
  at <Dropdown id="Right Arm-bright" modelValue=null onUpdate:modelValue=fn<onUpdate:modelValue>  ... > 
  at <TabPanel header="Build" class="h-full" > 
  at <TabView class="h-full tinker-plants-tabs" > 
  at <TinkerPlants ref="VTU_COMPONENT" > 
  at <VTUROOT>
[Vue warn]: Property "$primevue" was accessed during render but is not defined on instance. 
  at <Dropdown id="Right Arm-faded" modelValue=null onUpdate:modelValue=fn<onUpdate:modelValue>  ... > 
  at <TabPanel header="Build" class="h-full" > 
  at <TabView class="h-full tinker-plants-tabs" > 
  at <TinkerPlants ref="VTU_COMPONENT" > 
  at <VTUROOT>
[Vue warn]: Property "$primevue" was accessed during render but is not defined on instance. 
  at <Dropdown id="Chest-shiny" modelValue=null onUpdate:modelValue=fn<onUpdate:modelValue>  ... > 
  at <TabPanel header="Build" class="h-full" > 
  at <TabView class="h-full tinker-plants-tabs" > 
  at <TinkerPlants ref="VTU_COMPONENT" > 
  at <VTUROOT>
[Vue warn]: Property "$primevue" was accessed during render but is not defined on instance. 
  at <Dropdown id="Chest-bright" modelValue=null onUpdate:modelValue=fn<onUpdate:modelValue>  ... > 
  at <TabPanel header="Build" class="h-full" > 
  at <TabView class="h-full tinker-plants-tabs" > 
  at <TinkerPlants ref="VTU_COMPONENT" > 
  at <VTUROOT>
[Vue warn]: Property "$primevue" was accessed during render but is not defined on instance. 
  at <Dropdown id="Chest-faded" modelValue=null onUpdate:modelValue=fn<onUpdate:modelValue>  ... > 
  at <TabPanel header="Build" class="h-full" > 
  at <TabView class="h-full tinker-plants-tabs" > 
  at <TinkerPlants ref="VTU_COMPONENT" > 
  at <VTUROOT>
[Vue warn]: Property "$primevue" was accessed during render but is not defined on instance. 
  at <Dropdown id="Left Arm-shiny" modelValue=null onUpdate:modelValue=fn<onUpdate:modelValue>  ... > 
  at <TabPanel header="Build" class="h-full" > 
  at <TabView class="h-full tinker-plants-tabs" > 
  at <TinkerPlants ref="VTU_COMPONENT" > 
  at <VTUROOT>
[Vue warn]: Property "$primevue" was accessed during render but is not defined on instance. 
  at <Dropdown id="Left Arm-bright" modelValue=null onUpdate:modelValue=fn<onUpdate:modelValue>  ... > 
  at <TabPanel header="Build" class="h-full" > 
  at <TabView class="h-full tinker-plants-tabs" > 
  at <TinkerPlants ref="VTU_COMPONENT" > 
  at <VTUROOT>
[Vue warn]: Property "$primevue" was accessed during render but is not defined on instance. 
  at <Dropdown id="Left Arm-faded" modelValue=null onUpdate:modelValue=fn<onUpdate:modelValue>  ... > 
  at <TabPanel header="Build" class="h-full" > 
  at <TabView class="h-full tinker-plants-tabs" > 
  at <TinkerPlants ref="VTU_COMPONENT" > 
  at <VTUROOT>
[Vue warn]: Property "$primevue" was accessed during render but is not defined on instance. 
  at <Dropdown id="Right Wrist-shiny" modelValue=null onUpdate:modelValue=fn<onUpdate:modelValue>  ... > 
  at <TabPanel header="Build" class="h-full" > 
  at <TabView class="h-full tinker-plants-tabs" > 
  at <TinkerPlants ref="VTU_COMPONENT" > 
  at <VTUROOT>
[Vue warn]: Property "$primevue" was accessed during render but is not defined on instance. 
  at <Dropdown id="Right Wrist-bright" modelValue=null onUpdate:modelValue=fn<onUpdate:modelValue>  ... > 
  at <TabPanel header="Build" class="h-full" > 
  at <TabView class="h-full tinker-plants-tabs" > 
  at <TinkerPlants ref="VTU_COMPONENT" > 
  at <VTUROOT>
[Vue warn]: Property "$primevue" was accessed during render but is not defined on instance. 
  at <Dropdown id="Right Wrist-faded" modelValue=null onUpdate:modelValue=fn<onUpdate:modelValue>  ... > 
  at <TabPanel header="Build" class="h-full" > 
  at <TabView class="h-full tinker-plants-tabs" > 
  at <TinkerPlants ref="VTU_COMPONENT" > 
  at <VTUROOT>
[Vue warn]: Property "$primevue" was accessed during render but is not defined on instance. 
  at <Dropdown id="Waist-shiny" modelValue=null onUpdate:modelValue=fn<onUpdate:modelValue>  ... > 
  at <TabPanel header="Build" class="h-full" > 
  at <TabView class="h-full tinker-plants-tabs" > 
  at <TinkerPlants ref="VTU_COMPONENT" > 
  at <VTUROOT>
[Vue warn]: Property "$primevue" was accessed during render but is not defined on instance. 
  at <Dropdown id="Waist-bright" modelValue=null onUpdate:modelValue=fn<onUpdate:modelValue>  ... > 
  at <TabPanel header="Build" class="h-full" > 
  at <TabView class="h-full tinker-plants-tabs" > 
  at <TinkerPlants ref="VTU_COMPONENT" > 
  at <VTUROOT>
[Vue warn]: Property "$primevue" was accessed during render but is not defined on instance. 
  at <Dropdown id="Waist-faded" modelValue=null onUpdate:modelValue=fn<onUpdate:modelValue>  ... > 
  at <TabPanel header="Build" class="h-full" > 
  at <TabView class="h-full tinker-plants-tabs" > 
  at <TinkerPlants ref="VTU_COMPONENT" > 
  at <VTUROOT>
[Vue warn]: Property "$primevue" was accessed during render but is not defined on instance. 
  at <Dropdown id="Left Wrist-shiny" modelValue=null onUpdate:modelValue=fn<onUpdate:modelValue>  ... > 
  at <TabPanel header="Build" class="h-full" > 
  at <TabView class="h-full tinker-plants-tabs" > 
  at <TinkerPlants ref="VTU_COMPONENT" > 
  at <VTUROOT>
[Vue warn]: Property "$primevue" was accessed during render but is not defined on instance. 
  at <Dropdown id="Left Wrist-bright" modelValue=null onUpdate:modelValue=fn<onUpdate:modelValue>  ... > 
  at <TabPanel header="Build" class="h-full" > 
  at <TabView class="h-full tinker-plants-tabs" > 
  at <TinkerPlants ref="VTU_COMPONENT" > 
  at <VTUROOT>
[Vue warn]: Property "$primevue" was accessed during render but is not defined on instance. 
  at <Dropdown id="Left Wrist-faded" modelValue=null onUpdate:modelValue=fn<onUpdate:modelValue>  ... > 
  at <TabPanel header="Build" class="h-full" > 
  at <TabView class="h-full tinker-plants-tabs" > 
  at <TinkerPlants ref="VTU_COMPONENT" > 
  at <VTUROOT>
[Vue warn]: Property "$primevue" was accessed during render but is not defined on instance. 
  at <Dropdown id="Right Hand-shiny" modelValue=null onUpdate:modelValue=fn<onUpdate:modelValue>  ... > 
  at <TabPanel header="Build" class="h-full" > 
  at <TabView class="h-full tinker-plants-tabs" > 
  at <TinkerPlants ref="VTU_COMPONENT" > 
  at <VTUROOT>
[Vue warn]: Property "$primevue" was accessed during render but is not defined on instance. 
  at <Dropdown id="Right Hand-bright" modelValue=null onUpdate:modelValue=fn<onUpdate:modelValue>  ... > 
  at <TabPanel header="Build" class="h-full" > 
  at <TabView class="h-full tinker-plants-tabs" > 
  at <TinkerPlants ref="VTU_COMPONENT" > 
  at <VTUROOT>
[Vue warn]: Property "$primevue" was accessed during render but is not defined on instance. 
  at <Dropdown id="Right Hand-faded" modelValue=null onUpdate:modelValue=fn<onUpdate:modelValue>  ... > 
  at <TabPanel header="Build" class="h-full" > 
  at <TabView class="h-full tinker-plants-tabs" > 
  at <TinkerPlants ref="VTU_COMPONENT" > 
  at <VTUROOT>
[Vue warn]: Property "$primevue" was accessed during render but is not defined on instance. 
  at <Dropdown id="Leg-shiny" modelValue=null onUpdate:modelValue=fn<onUpdate:modelValue>  ... > 
  at <TabPanel header="Build" class="h-full" > 
  at <TabView class="h-full tinker-plants-tabs" > 
  at <TinkerPlants ref="VTU_COMPONENT" > 
  at <VTUROOT>
[Vue warn]: Property "$primevue" was accessed during render but is not defined on instance. 
  at <Dropdown id="Leg-bright" modelValue=null onUpdate:modelValue=fn<onUpdate:modelValue>  ... > 
  at <TabPanel header="Build" class="h-full" > 
  at <TabView class="h-full tinker-plants-tabs" > 
  at <TinkerPlants ref="VTU_COMPONENT" > 
  at <VTUROOT>
[Vue warn]: Property "$primevue" was accessed during render but is not defined on instance. 
  at <Dropdown id="Leg-faded" modelValue=null onUpdate:modelValue=fn<onUpdate:modelValue>  ... > 
  at <TabPanel header="Build" class="h-full" > 
  at <TabView class="h-full tinker-plants-tabs" > 
  at <TinkerPlants ref="VTU_COMPONENT" > 
  at <VTUROOT>
[Vue warn]: Property "$primevue" was accessed during render but is not defined on instance. 
  at <Dropdown id="Left Hand-shiny" modelValue=null onUpdate:modelValue=fn<onUpdate:modelValue>  ... > 
  at <TabPanel header="Build" class="h-full" > 
  at <TabView class="h-full tinker-plants-tabs" > 
  at <TinkerPlants ref="VTU_COMPONENT" > 
  at <VTUROOT>
[Vue warn]: Property "$primevue" was accessed during render but is not defined on instance. 
  at <Dropdown id="Left Hand-bright" modelValue=null onUpdate:modelValue=fn<onUpdate:modelValue>  ... > 
  at <TabPanel header="Build" class="h-full" > 
  at <TabView class="h-full tinker-plants-tabs" > 
  at <TinkerPlants ref="VTU_COMPONENT" > 
  at <VTUROOT>
[Vue warn]: Property "$primevue" was accessed during render but is not defined on instance. 
  at <Dropdown id="Left Hand-faded" modelValue=null onUpdate:modelValue=fn<onUpdate:modelValue>  ... > 
  at <TabPanel header="Build" class="h-full" > 
  at <TabView class="h-full tinker-plants-tabs" > 
  at <TinkerPlants ref="VTU_COMPONENT" > 
  at <VTUROOT>
[Vue warn]: Property "$primevue" was accessed during render but is not defined on instance. 
  at <Dropdown id="Feet-shiny" modelValue=null onUpdate:modelValue=fn<onUpdate:modelValue>  ... > 
  at <TabPanel header="Build" class="h-full" > 
  at <TabView class="h-full tinker-plants-tabs" > 
  at <TinkerPlants ref="VTU_COMPONENT" > 
  at <VTUROOT>
[Vue warn]: Property "$primevue" was accessed during render but is not defined on instance. 
  at <Dropdown id="Feet-bright" modelValue=null onUpdate:modelValue=fn<onUpdate:modelValue>  ... > 
  at <TabPanel header="Build" class="h-full" > 
  at <TabView class="h-full tinker-plants-tabs" > 
  at <TinkerPlants ref="VTU_COMPONENT" > 
  at <VTUROOT>
[Vue warn]: Property "$primevue" was accessed during render but is not defined on instance. 
  at <Dropdown id="Feet-faded" modelValue=null onUpdate:modelValue=fn<onUpdate:modelValue>  ... > 
  at <TabPanel header="Build" class="h-full" > 
  at <TabView class="h-full tinker-plants-tabs" > 
  at <TinkerPlants ref="VTU_COMPONENT" > 
  at <VTUROOT>
[Vue warn]: Extraneous non-props attributes (class) were passed to component but could not be automatically inherited because component renders fragment or text root nodes. 
  at <TabPanel header="Construction" class="h-full" > 
  at <TabView class="h-full tinker-plants-tabs" > 
  at <TinkerPlants ref="VTU_COMPONENT" > 
  at <VTUROOT>

stderr | src/__tests__/views/TinkerPlants.simple.test.ts > TinkerPlants - Simple Tests > Data Properties > initializes implant selections correctly
[Vue warn]: Property "$primevue" was accessed during render but is not defined on instance. 
  at <InputNumber id="ql-input" modelValue=200 onUpdate:modelValue=fn  ... > 
  at <TinkerPlants ref="VTU_COMPONENT" > 
  at <VTUROOT>
[Vue warn]: Extraneous non-props attributes (class) were passed to component but could not be automatically inherited because component renders fragment or text root nodes. 
  at <TabPanel header="Build" class="h-full" > 
  at <TabView class="h-full tinker-plants-tabs" > 
  at <TinkerPlants ref="VTU_COMPONENT" > 
  at <VTUROOT>
[Vue warn]: Property "$primevue" was accessed during render but is not defined on instance. 
  at <Dropdown id="Eye-shiny" modelValue=null onUpdate:modelValue=fn<onUpdate:modelValue>  ... > 
  at <TabPanel header="Build" class="h-full" > 
  at <TabView class="h-full tinker-plants-tabs" > 
  at <TinkerPlants ref="VTU_COMPONENT" > 
  at <VTUROOT>
[Vue warn]: Property "$primevue" was accessed during render but is not defined on instance. 
  at <Dropdown id="Eye-bright" modelValue=null onUpdate:modelValue=fn<onUpdate:modelValue>  ... > 
  at <TabPanel header="Build" class="h-full" > 
  at <TabView class="h-full tinker-plants-tabs" > 
  at <TinkerPlants ref="VTU_COMPONENT" > 
  at <VTUROOT>
[Vue warn]: Property "$primevue" was accessed during render but is not defined on instance. 
  at <Dropdown id="Eye-faded" modelValue=null onUpdate:modelValue=fn<onUpdate:modelValue>  ... > 
  at <TabPanel header="Build" class="h-full" > 
  at <TabView class="h-full tinker-plants-tabs" > 
  at <TinkerPlants ref="VTU_COMPONENT" > 
  at <VTUROOT>
[Vue warn]: Property "$primevue" was accessed during render but is not defined on instance. 
  at <InputNumber id="Eye-ql" modelValue=200 onUpdate:modelValue=fn<onUpdate:modelValue>  ... > 
  at <TabPanel header="Build" class="h-full" > 
  at <TabView class="h-full tinker-plants-tabs" > 
  at <TinkerPlants ref="VTU_COMPONENT" > 
  at <VTUROOT>
[Vue warn]: Property "$primevue" was accessed during render but is not defined on instance. 
  at <Dropdown id="Head-shiny" modelValue=null onUpdate:modelValue=fn<onUpdate:modelValue>  ... > 
  at <TabPanel header="Build" class="h-full" > 
  at <TabView class="h-full tinker-plants-tabs" > 
  at <TinkerPlants ref="VTU_COMPONENT" > 
  at <VTUROOT>
[Vue warn]: Property "$primevue" was accessed during render but is not defined on instance. 
  at <Dropdown id="Head-bright" modelValue=null onUpdate:modelValue=fn<onUpdate:modelValue>  ... > 
  at <TabPanel header="Build" class="h-full" > 
  at <TabView class="h-full tinker-plants-tabs" > 
  at <TinkerPlants ref="VTU_COMPONENT" > 
  at <VTUROOT>
[Vue warn]: Property "$primevue" was accessed during render but is not defined on instance. 
  at <Dropdown id="Head-faded" modelValue=null onUpdate:modelValue=fn<onUpdate:modelValue>  ... > 
  at <TabPanel header="Build" class="h-full" > 
  at <TabView class="h-full tinker-plants-tabs" > 
  at <TinkerPlants ref="VTU_COMPONENT" > 
  at <VTUROOT>
[Vue warn]: Property "$primevue" was accessed during render but is not defined on instance. 
  at <InputNumber id="Head-ql" modelValue=200 onUpdate:modelValue=fn<onUpdate:modelValue>  ... > 
  at <TabPanel header="Build" class="h-full" > 
  at <TabView class="h-full tinker-plants-tabs" > 
  at <TinkerPlants ref="VTU_COMPONENT" > 
  at <VTUROOT>
[Vue warn]: Property "$primevue" was accessed during render but is not defined on instance. 
  at <Dropdown id="Ear-shiny" modelValue=null onUpdate:modelValue=fn<onUpdate:modelValue>  ... > 
  at <TabPanel header="Build" class="h-full" > 
  at <TabView class="h-full tinker-plants-tabs" > 
  at <TinkerPlants ref="VTU_COMPONENT" > 
  at <VTUROOT>
[Vue warn]: Property "$primevue" was accessed during render but is not defined on instance. 
  at <Dropdown id="Ear-bright" modelValue=null onUpdate:modelValue=fn<onUpdate:modelValue>  ... > 
  at <TabPanel header="Build" class="h-full" > 
  at <TabView class="h-full tinker-plants-tabs" > 
  at <TinkerPlants ref="VTU_COMPONENT" > 
  at <VTUROOT>
[Vue warn]: Property "$primevue" was accessed during render but is not defined on instance. 
  at <Dropdown id="Ear-faded" modelValue=null onUpdate:modelValue=fn<onUpdate:modelValue>  ... > 
  at <TabPanel header="Build" class="h-full" > 
  at <TabView class="h-full tinker-plants-tabs" > 
  at <TinkerPlants ref="VTU_COMPONENT" > 
  at <VTUROOT>
[Vue warn]: Property "$primevue" was accessed during render but is not defined on instance. 
  at <InputNumber id="Ear-ql" modelValue=200 onUpdate:modelValue=fn<onUpdate:modelValue>  ... > 
  at <TabPanel header="Build" class="h-full" > 
  at <TabView class="h-full tinker-plants-tabs" > 
  at <TinkerPlants ref="VTU_COMPONENT" > 
  at <VTUROOT>
[Vue warn]: Property "$primevue" was accessed during render but is not defined on instance. 
  at <Dropdown id="Right Arm-shiny" modelValue=null onUpdate:modelValue=fn<onUpdate:modelValue>  ... > 
  at <TabPanel header="Build" class="h-full" > 
  at <TabView class="h-full tinker-plants-tabs" > 
  at <TinkerPlants ref="VTU_COMPONENT" > 
  at <VTUROOT>
[Vue warn]: Property "$primevue" was accessed during render but is not defined on instance. 
  at <Dropdown id="Right Arm-bright" modelValue=null onUpdate:modelValue=fn<onUpdate:modelValue>  ... > 
  at <TabPanel header="Build" class="h-full" > 
  at <TabView class="h-full tinker-plants-tabs" > 
  at <TinkerPlants ref="VTU_COMPONENT" > 
  at <VTUROOT>
[Vue warn]: Property "$primevue" was accessed during render but is not defined on instance. 
  at <Dropdown id="Right Arm-faded" modelValue=null onUpdate:modelValue=fn<onUpdate:modelValue>  ... > 
  at <TabPanel header="Build" class="h-full" > 
  at <TabView class="h-full tinker-plants-tabs" > 
  at <TinkerPlants ref="VTU_COMPONENT" > 
  at <VTUROOT>
[Vue warn]: Property "$primevue" was accessed during render but is not defined on instance. 
  at <InputNumber id="Right Arm-ql" modelValue=200 onUpdate:modelValue=fn<onUpdate:modelValue>  ... > 
  at <TabPanel header="Build" class="h-full" > 
  at <TabView class="h-full tinker-plants-tabs" > 
  at <TinkerPlants ref="VTU_COMPONENT" > 
  at <VTUROOT>
[Vue warn]: Property "$primevue" was accessed during render but is not defined on instance. 
  at <Dropdown id="Chest-shiny" modelValue=null onUpdate:modelValue=fn<onUpdate:modelValue>  ... > 
  at <TabPanel header="Build" class="h-full" > 
  at <TabView class="h-full tinker-plants-tabs" > 
  at <TinkerPlants ref="VTU_COMPONENT" > 
  at <VTUROOT>
[Vue warn]: Property "$primevue" was accessed during render but is not defined on instance. 
  at <Dropdown id="Chest-bright" modelValue=null onUpdate:modelValue=fn<onUpdate:modelValue>  ... > 
  at <TabPanel header="Build" class="h-full" > 
  at <TabView class="h-full tinker-plants-tabs" > 
  at <TinkerPlants ref="VTU_COMPONENT" > 
  at <VTUROOT>
[Vue warn]: Property "$primevue" was accessed during render but is not defined on instance. 
  at <Dropdown id="Chest-faded" modelValue=null onUpdate:modelValue=fn<onUpdate:modelValue>  ... > 
  at <TabPanel header="Build" class="h-full" > 
  at <TabView class="h-full tinker-plants-tabs" > 
  at <TinkerPlants ref="VTU_COMPONENT" > 
  at <VTUROOT>
[Vue warn]: Property "$primevue" was accessed during render but is not defined on instance. 
  at <InputNumber id="Chest-ql" modelValue=200 onUpdate:modelValue=fn<onUpdate:modelValue>  ... > 
  at <TabPanel header="Build" class="h-full" > 
  at <TabView class="h-full tinker-plants-tabs" > 
  at <TinkerPlants ref="VTU_COMPONENT" > 
  at <VTUROOT>
[Vue warn]: Property "$primevue" was accessed during render but is not defined on instance. 
  at <Dropdown id="Left Arm-shiny" modelValue=null onUpdate:modelValue=fn<onUpdate:modelValue>  ... > 
  at <TabPanel header="Build" class="h-full" > 
  at <TabView class="h-full tinker-plants-tabs" > 
  at <TinkerPlants ref="VTU_COMPONENT" > 
  at <VTUROOT>
[Vue warn]: Property "$primevue" was accessed during render but is not defined on instance. 
  at <Dropdown id="Left Arm-bright" modelValue=null onUpdate:modelValue=fn<onUpdate:modelValue>  ... > 
  at <TabPanel header="Build" class="h-full" > 
  at <TabView class="h-full tinker-plants-tabs" > 
  at <TinkerPlants ref="VTU_COMPONENT" > 
  at <VTUROOT>
[Vue warn]: Property "$primevue" was accessed during render but is not defined on instance. 
  at <Dropdown id="Left Arm-faded" modelValue=null onUpdate:modelValue=fn<onUpdate:modelValue>  ... > 
  at <TabPanel header="Build" class="h-full" > 
  at <TabView class="h-full tinker-plants-tabs" > 
  at <TinkerPlants ref="VTU_COMPONENT" > 
  at <VTUROOT>
[Vue warn]: Property "$primevue" was accessed during render but is not defined on instance. 
  at <InputNumber id="Left Arm-ql" modelValue=200 onUpdate:modelValue=fn<onUpdate:modelValue>  ... > 
  at <TabPanel header="Build" class="h-full" > 
  at <TabView class="h-full tinker-plants-tabs" > 
  at <TinkerPlants ref="VTU_COMPONENT" > 
  at <VTUROOT>
[Vue warn]: Property "$primevue" was accessed during render but is not defined on instance. 
  at <Dropdown id="Right Wrist-shiny" modelValue=null onUpdate:modelValue=fn<onUpdate:modelValue>  ... > 
  at <TabPanel header="Build" class="h-full" > 
  at <TabView class="h-full tinker-plants-tabs" > 
  at <TinkerPlants ref="VTU_COMPONENT" > 
  at <VTUROOT>
[Vue warn]: Property "$primevue" was accessed during render but is not defined on instance. 
  at <Dropdown id="Right Wrist-bright" modelValue=null onUpdate:modelValue=fn<onUpdate:modelValue>  ... > 
  at <TabPanel header="Build" class="h-full" > 
  at <TabView class="h-full tinker-plants-tabs" > 
  at <TinkerPlants ref="VTU_COMPONENT" > 
  at <VTUROOT>
[Vue warn]: Property "$primevue" was accessed during render but is not defined on instance. 
  at <Dropdown id="Right Wrist-faded" modelValue=null onUpdate:modelValue=fn<onUpdate:modelValue>  ... > 
  at <TabPanel header="Build" class="h-full" > 
  at <TabView class="h-full tinker-plants-tabs" > 
  at <TinkerPlants ref="VTU_COMPONENT" > 
  at <VTUROOT>
[Vue warn]: Property "$primevue" was accessed during render but is not defined on instance. 
  at <InputNumber id="Right Wrist-ql" modelValue=200 onUpdate:modelValue=fn<onUpdate:modelValue>  ... > 
  at <TabPanel header="Build" class="h-full" > 
  at <TabView class="h-full tinker-plants-tabs" > 
  at <TinkerPlants ref="VTU_COMPONENT" > 
  at <VTUROOT>
[Vue warn]: Property "$primevue" was accessed during render but is not defined on instance. 
  at <Dropdown id="Waist-shiny" modelValue=null onUpdate:modelValue=fn<onUpdate:modelValue>  ... > 
  at <TabPanel header="Build" class="h-full" > 
  at <TabView class="h-full tinker-plants-tabs" > 
  at <TinkerPlants ref="VTU_COMPONENT" > 
  at <VTUROOT>
[Vue warn]: Property "$primevue" was accessed during render but is not defined on instance. 
  at <Dropdown id="Waist-bright" modelValue=null onUpdate:modelValue=fn<onUpdate:modelValue>  ... > 
  at <TabPanel header="Build" class="h-full" > 
  at <TabView class="h-full tinker-plants-tabs" > 
  at <TinkerPlants ref="VTU_COMPONENT" > 
  at <VTUROOT>
[Vue warn]: Property "$primevue" was accessed during render but is not defined on instance. 
  at <Dropdown id="Waist-faded" modelValue=null onUpdate:modelValue=fn<onUpdate:modelValue>  ... > 
  at <TabPanel header="Build" class="h-full" > 
  at <TabView class="h-full tinker-plants-tabs" > 
  at <TinkerPlants ref="VTU_COMPONENT" > 
  at <VTUROOT>
[Vue warn]: Property "$primevue" was accessed during render but is not defined on instance. 
  at <InputNumber id="Waist-ql" modelValue=200 onUpdate:modelValue=fn<onUpdate:modelValue>  ... > 
  at <TabPanel header="Build" class="h-full" > 
  at <TabView class="h-full tinker-plants-tabs" > 
  at <TinkerPlants ref="VTU_COMPONENT" > 
  at <VTUROOT>
[Vue warn]: Property "$primevue" was accessed during render but is not defined on instance. 
  at <Dropdown id="Left Wrist-shiny" modelValue=null onUpdate:modelValue=fn<onUpdate:modelValue>  ... > 
  at <TabPanel header="Build" class="h-full" > 
  at <TabView class="h-full tinker-plants-tabs" > 
  at <TinkerPlants ref="VTU_COMPONENT" > 
  at <VTUROOT>
[Vue warn]: Property "$primevue" was accessed during render but is not defined on instance. 
  at <Dropdown id="Left Wrist-bright" modelValue=null onUpdate:modelValue=fn<onUpdate:modelValue>  ... > 
  at <TabPanel header="Build" class="h-full" > 
  at <TabView class="h-full tinker-plants-tabs" > 
  at <TinkerPlants ref="VTU_COMPONENT" > 
  at <VTUROOT>
[Vue warn]: Property "$primevue" was accessed during render but is not defined on instance. 
  at <Dropdown id="Left Wrist-faded" modelValue=null onUpdate:modelValue=fn<onUpdate:modelValue>  ... > 
  at <TabPanel header="Build" class="h-full" > 
  at <TabView class="h-full tinker-plants-tabs" > 
  at <TinkerPlants ref="VTU_COMPONENT" > 
  at <VTUROOT>
[Vue warn]: Property "$primevue" was accessed during render but is not defined on instance. 
  at <InputNumber id="Left Wrist-ql" modelValue=200 onUpdate:modelValue=fn<onUpdate:modelValue>  ... > 
  at <TabPanel header="Build" class="h-full" > 
  at <TabView class="h-full tinker-plants-tabs" > 
  at <TinkerPlants ref="VTU_COMPONENT" > 
  at <VTUROOT>
[Vue warn]: Property "$primevue" was accessed during render but is not defined on instance. 
  at <Dropdown id="Right Hand-shiny" modelValue=null onUpdate:modelValue=fn<onUpdate:modelValue>  ... > 
  at <TabPanel header="Build" class="h-full" > 
  at <TabView class="h-full tinker-plants-tabs" > 
  at <TinkerPlants ref="VTU_COMPONENT" > 
  at <VTUROOT>
[Vue warn]: Property "$primevue" was accessed during render but is not defined on instance. 
  at <Dropdown id="Right Hand-bright" modelValue=null onUpdate:modelValue=fn<onUpdate:modelValue>  ... > 
  at <TabPanel header="Build" class="h-full" > 
  at <TabView class="h-full tinker-plants-tabs" > 
  at <TinkerPlants ref="VTU_COMPONENT" > 
  at <VTUROOT>
[Vue warn]: Property "$primevue" was accessed during render but is not defined on instance. 
  at <Dropdown id="Right Hand-faded" modelValue=null onUpdate:modelValue=fn<onUpdate:modelValue>  ... > 
  at <TabPanel header="Build" class="h-full" > 
  at <TabView class="h-full tinker-plants-tabs" > 
  at <TinkerPlants ref="VTU_COMPONENT" > 
  at <VTUROOT>
[Vue warn]: Property "$primevue" was accessed during render but is not defined on instance. 
  at <InputNumber id="Right Hand-ql" modelValue=200 onUpdate:modelValue=fn<onUpdate:modelValue>  ... > 
  at <TabPanel header="Build" class="h-full" > 
  at <TabView class="h-full tinker-plants-tabs" > 
  at <TinkerPlants ref="VTU_COMPONENT" > 
  at <VTUROOT>
[Vue warn]: Property "$primevue" was accessed during render but is not defined on instance. 
  at <Dropdown id="Leg-shiny" modelValue=null onUpdate:modelValue=fn<onUpdate:modelValue>  ... > 
  at <TabPanel header="Build" class="h-full" > 
  at <TabView class="h-full tinker-plants-tabs" > 
  at <TinkerPlants ref="VTU_COMPONENT" > 
  at <VTUROOT>
[Vue warn]: Property "$primevue" was accessed during render but is not defined on instance. 
  at <Dropdown id="Leg-bright" modelValue=null onUpdate:modelValue=fn<onUpdate:modelValue>  ... > 
  at <TabPanel header="Build" class="h-full" > 
  at <TabView class="h-full tinker-plants-tabs" > 
  at <TinkerPlants ref="VTU_COMPONENT" > 
  at <VTUROOT>
[Vue warn]: Property "$primevue" was accessed during render but is not defined on instance. 
  at <Dropdown id="Leg-faded" modelValue=null onUpdate:modelValue=fn<onUpdate:modelValue>  ... > 
  at <TabPanel header="Build" class="h-full" > 
  at <TabView class="h-full tinker-plants-tabs" > 
  at <TinkerPlants ref="VTU_COMPONENT" > 
  at <VTUROOT>
[Vue warn]: Property "$primevue" was accessed during render but is not defined on instance. 
  at <InputNumber id="Leg-ql" modelValue=200 onUpdate:modelValue=fn<onUpdate:modelValue>  ... > 
  at <TabPanel header="Build" class="h-full" > 
  at <TabView class="h-full tinker-plants-tabs" > 
  at <TinkerPlants ref="VTU_COMPONENT" > 
  at <VTUROOT>
[Vue warn]: Property "$primevue" was accessed during render but is not defined on instance. 
  at <Dropdown id="Left Hand-shiny" modelValue=null onUpdate:modelValue=fn<onUpdate:modelValue>  ... > 
  at <TabPanel header="Build" class="h-full" > 
  at <TabView class="h-full tinker-plants-tabs" > 
  at <TinkerPlants ref="VTU_COMPONENT" > 
  at <VTUROOT>
[Vue warn]: Property "$primevue" was accessed during render but is not defined on instance. 
  at <Dropdown id="Left Hand-bright" modelValue=null onUpdate:modelValue=fn<onUpdate:modelValue>  ... > 
  at <TabPanel header="Build" class="h-full" > 
  at <TabView class="h-full tinker-plants-tabs" > 
  at <TinkerPlants ref="VTU_COMPONENT" > 
  at <VTUROOT>
[Vue warn]: Property "$primevue" was accessed during render but is not defined on instance. 
  at <Dropdown id="Left Hand-faded" modelValue=null onUpdate:modelValue=fn<onUpdate:modelValue>  ... > 
  at <TabPanel header="Build" class="h-full" > 
  at <TabView class="h-full tinker-plants-tabs" > 
  at <TinkerPlants ref="VTU_COMPONENT" > 
  at <VTUROOT>
[Vue warn]: Property "$primevue" was accessed during render but is not defined on instance. 
  at <InputNumber id="Left Hand-ql" modelValue=200 onUpdate:modelValue=fn<onUpdate:modelValue>  ... > 
  at <TabPanel header="Build" class="h-full" > 
  at <TabView class="h-full tinker-plants-tabs" > 
  at <TinkerPlants ref="VTU_COMPONENT" > 
  at <VTUROOT>
[Vue warn]: Property "$primevue" was accessed during render but is not defined on instance. 
  at <Dropdown id="Feet-shiny" modelValue=null onUpdate:modelValue=fn<onUpdate:modelValue>  ... > 
  at <TabPanel header="Build" class="h-full" > 
  at <TabView class="h-full tinker-plants-tabs" > 
  at <TinkerPlants ref="VTU_COMPONENT" > 
  at <VTUROOT>
[Vue warn]: Property "$primevue" was accessed during render but is not defined on instance. 
  at <Dropdown id="Feet-bright" modelValue=null onUpdate:modelValue=fn<onUpdate:modelValue>  ... > 
  at <TabPanel header="Build" class="h-full" > 
  at <TabView class="h-full tinker-plants-tabs" > 
  at <TinkerPlants ref="VTU_COMPONENT" > 
  at <VTUROOT>
[Vue warn]: Property "$primevue" was accessed during render but is not defined on instance. 
  at <Dropdown id="Feet-faded" modelValue=null onUpdate:modelValue=fn<onUpdate:modelValue>  ... > 
  at <TabPanel header="Build" class="h-full" > 
  at <TabView class="h-full tinker-plants-tabs" > 
  at <TinkerPlants ref="VTU_COMPONENT" > 
  at <VTUROOT>
[Vue warn]: Property "$primevue" was accessed during render but is not defined on instance. 
  at <InputNumber id="Feet-ql" modelValue=200 onUpdate:modelValue=fn<onUpdate:modelValue>  ... > 
  at <TabPanel header="Build" class="h-full" > 
  at <TabView class="h-full tinker-plants-tabs" > 
  at <TinkerPlants ref="VTU_COMPONENT" > 
  at <VTUROOT>
[Vue warn]: Extraneous non-props attributes (class) were passed to component but could not be automatically inherited because component renders fragment or text root nodes. 
  at <TabPanel header="Construction" class="h-full" > 
  at <TabView class="h-full tinker-plants-tabs" > 
  at <TinkerPlants ref="VTU_COMPONENT" > 
  at <VTUROOT>
[Vue warn]: Extraneous non-props attributes (class) were passed to component but could not be automatically inherited because component renders fragment or text root nodes. 
  at <TabPanel header="Build" class="h-full" > 
  at <TabView class="h-full tinker-plants-tabs" > 
  at <TinkerPlants ref="VTU_COMPONENT" > 
  at <VTUROOT>
[Vue warn]: Property "$primevue" was accessed during render but is not defined on instance. 
  at <Dropdown id="Eye-shiny" modelValue=null onUpdate:modelValue=fn<onUpdate:modelValue>  ... > 
  at <TabPanel header="Build" class="h-full" > 
  at <TabView class="h-full tinker-plants-tabs" > 
  at <TinkerPlants ref="VTU_COMPONENT" > 
  at <VTUROOT>
[Vue warn]: Property "$primevue" was accessed during render but is not defined on instance. 
  at <Dropdown id="Eye-bright" modelValue=null onUpdate:modelValue=fn<onUpdate:modelValue>  ... > 
  at <TabPanel header="Build" class="h-full" > 
  at <TabView class="h-full tinker-plants-tabs" > 
  at <TinkerPlants ref="VTU_COMPONENT" > 
  at <VTUROOT>
[Vue warn]: Property "$primevue" was accessed during render but is not defined on instance. 
  at <Dropdown id="Eye-faded" modelValue=null onUpdate:modelValue=fn<onUpdate:modelValue>  ... > 
  at <TabPanel header="Build" class="h-full" > 
  at <TabView class="h-full tinker-plants-tabs" > 
  at <TinkerPlants ref="VTU_COMPONENT" > 
  at <VTUROOT>
[Vue warn]: Property "$primevue" was accessed during render but is not defined on instance. 
  at <Dropdown id="Head-shiny" modelValue=null onUpdate:modelValue=fn<onUpdate:modelValue>  ... > 
  at <TabPanel header="Build" class="h-full" > 
  at <TabView class="h-full tinker-plants-tabs" > 
  at <TinkerPlants ref="VTU_COMPONENT" > 
  at <VTUROOT>
[Vue warn]: Property "$primevue" was accessed during render but is not defined on instance. 
  at <Dropdown id="Head-bright" modelValue=null onUpdate:modelValue=fn<onUpdate:modelValue>  ... > 
  at <TabPanel header="Build" class="h-full" > 
  at <TabView class="h-full tinker-plants-tabs" > 
  at <TinkerPlants ref="VTU_COMPONENT" > 
  at <VTUROOT>
[Vue warn]: Property "$primevue" was accessed during render but is not defined on instance. 
  at <Dropdown id="Head-faded" modelValue=null onUpdate:modelValue=fn<onUpdate:modelValue>  ... > 
  at <TabPanel header="Build" class="h-full" > 
  at <TabView class="h-full tinker-plants-tabs" > 
  at <TinkerPlants ref="VTU_COMPONENT" > 
  at <VTUROOT>
[Vue warn]: Property "$primevue" was accessed during render but is not defined on instance. 
  at <Dropdown id="Ear-shiny" modelValue=null onUpdate:modelValue=fn<onUpdate:modelValue>  ... > 
  at <TabPanel header="Build" class="h-full" > 
  at <TabView class="h-full tinker-plants-tabs" > 
  at <TinkerPlants ref="VTU_COMPONENT" > 
  at <VTUROOT>
[Vue warn]: Property "$primevue" was accessed during render but is not defined on instance. 
  at <Dropdown id="Ear-bright" modelValue=null onUpdate:modelValue=fn<onUpdate:modelValue>  ... > 
  at <TabPanel header="Build" class="h-full" > 
  at <TabView class="h-full tinker-plants-tabs" > 
  at <TinkerPlants ref="VTU_COMPONENT" > 
  at <VTUROOT>
[Vue warn]: Property "$primevue" was accessed during render but is not defined on instance. 
  at <Dropdown id="Ear-faded" modelValue=null onUpdate:modelValue=fn<onUpdate:modelValue>  ... > 
  at <TabPanel header="Build" class="h-full" > 
  at <TabView class="h-full tinker-plants-tabs" > 
  at <TinkerPlants ref="VTU_COMPONENT" > 
  at <VTUROOT>
[Vue warn]: Property "$primevue" was accessed during render but is not defined on instance. 
  at <Dropdown id="Right Arm-shiny" modelValue=null onUpdate:modelValue=fn<onUpdate:modelValue>  ... > 
  at <TabPanel header="Build" class="h-full" > 
  at <TabView class="h-full tinker-plants-tabs" > 
  at <TinkerPlants ref="VTU_COMPONENT" > 
  at <VTUROOT>
[Vue warn]: Property "$primevue" was accessed during render but is not defined on instance. 
  at <Dropdown id="Right Arm-bright" modelValue=null onUpdate:modelValue=fn<onUpdate:modelValue>  ... > 
  at <TabPanel header="Build" class="h-full" > 
  at <TabView class="h-full tinker-plants-tabs" > 
  at <TinkerPlants ref="VTU_COMPONENT" > 
  at <VTUROOT>
[Vue warn]: Property "$primevue" was accessed during render but is not defined on instance. 
  at <Dropdown id="Right Arm-faded" modelValue=null onUpdate:modelValue=fn<onUpdate:modelValue>  ... > 
  at <TabPanel header="Build" class="h-full" > 
  at <TabView class="h-full tinker-plants-tabs" > 
  at <TinkerPlants ref="VTU_COMPONENT" > 
  at <VTUROOT>
[Vue warn]: Property "$primevue" was accessed during render but is not defined on instance. 
  at <Dropdown id="Chest-shiny" modelValue=null onUpdate:modelValue=fn<onUpdate:modelValue>  ... > 
  at <TabPanel header="Build" class="h-full" > 
  at <TabView class="h-full tinker-plants-tabs" > 
  at <TinkerPlants ref="VTU_COMPONENT" > 
  at <VTUROOT>
[Vue warn]: Property "$primevue" was accessed during render but is not defined on instance. 
  at <Dropdown id="Chest-bright" modelValue=null onUpdate:modelValue=fn<onUpdate:modelValue>  ... > 
  at <TabPanel header="Build" class="h-full" > 
  at <TabView class="h-full tinker-plants-tabs" > 
  at <TinkerPlants ref="VTU_COMPONENT" > 
  at <VTUROOT>
[Vue warn]: Property "$primevue" was accessed during render but is not defined on instance. 
  at <Dropdown id="Chest-faded" modelValue=null onUpdate:modelValue=fn<onUpdate:modelValue>  ... > 
  at <TabPanel header="Build" class="h-full" > 
  at <TabView class="h-full tinker-plants-tabs" > 
  at <TinkerPlants ref="VTU_COMPONENT" > 
  at <VTUROOT>
[Vue warn]: Property "$primevue" was accessed during render but is not defined on instance. 
  at <Dropdown id="Left Arm-shiny" modelValue=null onUpdate:modelValue=fn<onUpdate:modelValue>  ... > 
  at <TabPanel header="Build" class="h-full" > 
  at <TabView class="h-full tinker-plants-tabs" > 
  at <TinkerPlants ref="VTU_COMPONENT" > 
  at <VTUROOT>
[Vue warn]: Property "$primevue" was accessed during render but is not defined on instance. 
  at <Dropdown id="Left Arm-bright" modelValue=null onUpdate:modelValue=fn<onUpdate:modelValue>  ... > 
  at <TabPanel header="Build" class="h-full" > 
  at <TabView class="h-full tinker-plants-tabs" > 
  at <TinkerPlants ref="VTU_COMPONENT" > 
  at <VTUROOT>
[Vue warn]: Property "$primevue" was accessed during render but is not defined on instance. 
  at <Dropdown id="Left Arm-faded" modelValue=null onUpdate:modelValue=fn<onUpdate:modelValue>  ... > 
  at <TabPanel header="Build" class="h-full" > 
  at <TabView class="h-full tinker-plants-tabs" > 
  at <TinkerPlants ref="VTU_COMPONENT" > 
  at <VTUROOT>
[Vue warn]: Property "$primevue" was accessed during render but is not defined on instance. 
  at <Dropdown id="Right Wrist-shiny" modelValue=null onUpdate:modelValue=fn<onUpdate:modelValue>  ... > 
  at <TabPanel header="Build" class="h-full" > 
  at <TabView class="h-full tinker-plants-tabs" > 
  at <TinkerPlants ref="VTU_COMPONENT" > 
  at <VTUROOT>
[Vue warn]: Property "$primevue" was accessed during render but is not defined on instance. 
  at <Dropdown id="Right Wrist-bright" modelValue=null onUpdate:modelValue=fn<onUpdate:modelValue>  ... > 
  at <TabPanel header="Build" class="h-full" > 
  at <TabView class="h-full tinker-plants-tabs" > 
  at <TinkerPlants ref="VTU_COMPONENT" > 
  at <VTUROOT>
[Vue warn]: Property "$primevue" was accessed during render but is not defined on instance. 
  at <Dropdown id="Right Wrist-faded" modelValue=null onUpdate:modelValue=fn<onUpdate:modelValue>  ... > 
  at <TabPanel header="Build" class="h-full" > 
  at <TabView class="h-full tinker-plants-tabs" > 
  at <TinkerPlants ref="VTU_COMPONENT" > 
  at <VTUROOT>
[Vue warn]: Property "$primevue" was accessed during render but is not defined on instance. 
  at <Dropdown id="Waist-shiny" modelValue=null onUpdate:modelValue=fn<onUpdate:modelValue>  ... > 
  at <TabPanel header="Build" class="h-full" > 
  at <TabView class="h-full tinker-plants-tabs" > 
  at <TinkerPlants ref="VTU_COMPONENT" > 
  at <VTUROOT>
[Vue warn]: Property "$primevue" was accessed during render but is not defined on instance. 
  at <Dropdown id="Waist-bright" modelValue=null onUpdate:modelValue=fn<onUpdate:modelValue>  ... > 
  at <TabPanel header="Build" class="h-full" > 
  at <TabView class="h-full tinker-plants-tabs" > 
  at <TinkerPlants ref="VTU_COMPONENT" > 
  at <VTUROOT>
[Vue warn]: Property "$primevue" was accessed during render but is not defined on instance. 
  at <Dropdown id="Waist-faded" modelValue=null onUpdate:modelValue=fn<onUpdate:modelValue>  ... > 
  at <TabPanel header="Build" class="h-full" > 
  at <TabView class="h-full tinker-plants-tabs" > 
  at <TinkerPlants ref="VTU_COMPONENT" > 
  at <VTUROOT>
[Vue warn]: Property "$primevue" was accessed during render but is not defined on instance. 
  at <Dropdown id="Left Wrist-shiny" modelValue=null onUpdate:modelValue=fn<onUpdate:modelValue>  ... > 
  at <TabPanel header="Build" class="h-full" > 
  at <TabView class="h-full tinker-plants-tabs" > 
  at <TinkerPlants ref="VTU_COMPONENT" > 
  at <VTUROOT>
[Vue warn]: Property "$primevue" was accessed during render but is not defined on instance. 
  at <Dropdown id="Left Wrist-bright" modelValue=null onUpdate:modelValue=fn<onUpdate:modelValue>  ... > 
  at <TabPanel header="Build" class="h-full" > 
  at <TabView class="h-full tinker-plants-tabs" > 
  at <TinkerPlants ref="VTU_COMPONENT" > 
  at <VTUROOT>
[Vue warn]: Property "$primevue" was accessed during render but is not defined on instance. 
  at <Dropdown id="Left Wrist-faded" modelValue=null onUpdate:modelValue=fn<onUpdate:modelValue>  ... > 
  at <TabPanel header="Build" class="h-full" > 
  at <TabView class="h-full tinker-plants-tabs" > 
  at <TinkerPlants ref="VTU_COMPONENT" > 
  at <VTUROOT>
[Vue warn]: Property "$primevue" was accessed during render but is not defined on instance. 
  at <Dropdown id="Right Hand-shiny" modelValue=null onUpdate:modelValue=fn<onUpdate:modelValue>  ... > 
  at <TabPanel header="Build" class="h-full" > 
  at <TabView class="h-full tinker-plants-tabs" > 
  at <TinkerPlants ref="VTU_COMPONENT" > 
  at <VTUROOT>
[Vue warn]: Property "$primevue" was accessed during render but is not defined on instance. 
  at <Dropdown id="Right Hand-bright" modelValue=null onUpdate:modelValue=fn<onUpdate:modelValue>  ... > 
  at <TabPanel header="Build" class="h-full" > 
  at <TabView class="h-full tinker-plants-tabs" > 
  at <TinkerPlants ref="VTU_COMPONENT" > 
  at <VTUROOT>
[Vue warn]: Property "$primevue" was accessed during render but is not defined on instance. 
  at <Dropdown id="Right Hand-faded" modelValue=null onUpdate:modelValue=fn<onUpdate:modelValue>  ... > 
  at <TabPanel header="Build" class="h-full" > 
  at <TabView class="h-full tinker-plants-tabs" > 
  at <TinkerPlants ref="VTU_COMPONENT" > 
  at <VTUROOT>
[Vue warn]: Property "$primevue" was accessed during render but is not defined on instance. 
  at <Dropdown id="Leg-shiny" modelValue=null onUpdate:modelValue=fn<onUpdate:modelValue>  ... > 
  at <TabPanel header="Build" class="h-full" > 
  at <TabView class="h-full tinker-plants-tabs" > 
  at <TinkerPlants ref="VTU_COMPONENT" > 
  at <VTUROOT>
[Vue warn]: Property "$primevue" was accessed during render but is not defined on instance. 
  at <Dropdown id="Leg-bright" modelValue=null onUpdate:modelValue=fn<onUpdate:modelValue>  ... > 
  at <TabPanel header="Build" class="h-full" > 
  at <TabView class="h-full tinker-plants-tabs" > 
  at <TinkerPlants ref="VTU_COMPONENT" > 
  at <VTUROOT>
[Vue warn]: Property "$primevue" was accessed during render but is not defined on instance. 
  at <Dropdown id="Leg-faded" modelValue=null onUpdate:modelValue=fn<onUpdate:modelValue>  ... > 
  at <TabPanel header="Build" class="h-full" > 
  at <TabView class="h-full tinker-plants-tabs" > 
  at <TinkerPlants ref="VTU_COMPONENT" > 
  at <VTUROOT>
[Vue warn]: Property "$primevue" was accessed during render but is not defined on instance. 
  at <Dropdown id="Left Hand-shiny" modelValue=null onUpdate:modelValue=fn<onUpdate:modelValue>  ... > 
  at <TabPanel header="Build" class="h-full" > 
  at <TabView class="h-full tinker-plants-tabs" > 
  at <TinkerPlants ref="VTU_COMPONENT" > 
  at <VTUROOT>
[Vue warn]: Property "$primevue" was accessed during render but is not defined on instance. 
  at <Dropdown id="Left Hand-bright" modelValue=null onUpdate:modelValue=fn<onUpdate:modelValue>  ... > 
  at <TabPanel header="Build" class="h-full" > 
  at <TabView class="h-full tinker-plants-tabs" > 
  at <TinkerPlants ref="VTU_COMPONENT" > 
  at <VTUROOT>
[Vue warn]: Property "$primevue" was accessed during render but is not defined on instance. 
  at <Dropdown id="Left Hand-faded" modelValue=null onUpdate:modelValue=fn<onUpdate:modelValue>  ... > 
  at <TabPanel header="Build" class="h-full" > 
  at <TabView class="h-full tinker-plants-tabs" > 
  at <TinkerPlants ref="VTU_COMPONENT" > 
  at <VTUROOT>
[Vue warn]: Property "$primevue" was accessed during render but is not defined on instance. 
  at <Dropdown id="Feet-shiny" modelValue=null onUpdate:modelValue=fn<onUpdate:modelValue>  ... > 
  at <TabPanel header="Build" class="h-full" > 
  at <TabView class="h-full tinker-plants-tabs" > 
  at <TinkerPlants ref="VTU_COMPONENT" > 
  at <VTUROOT>
[Vue warn]: Property "$primevue" was accessed during render but is not defined on instance. 
  at <Dropdown id="Feet-bright" modelValue=null onUpdate:modelValue=fn<onUpdate:modelValue>  ... > 
  at <TabPanel header="Build" class="h-full" > 
  at <TabView class="h-full tinker-plants-tabs" > 
  at <TinkerPlants ref="VTU_COMPONENT" > 
  at <VTUROOT>
[Vue warn]: Property "$primevue" was accessed during render but is not defined on instance. 
  at <Dropdown id="Feet-faded" modelValue=null onUpdate:modelValue=fn<onUpdate:modelValue>  ... > 
  at <TabPanel header="Build" class="h-full" > 
  at <TabView class="h-full tinker-plants-tabs" > 
  at <TinkerPlants ref="VTU_COMPONENT" > 
  at <VTUROOT>
[Vue warn]: Extraneous non-props attributes (class) were passed to component but could not be automatically inherited because component renders fragment or text root nodes. 
  at <TabPanel header="Construction" class="h-full" > 
  at <TabView class="h-full tinker-plants-tabs" > 
  at <TinkerPlants ref="VTU_COMPONENT" > 
  at <VTUROOT>

stderr | src/__tests__/views/TinkerPlants.simple.test.ts > TinkerPlants - Simple Tests > Computed Properties > hasAnyImplants returns false when no implants selected
[Vue warn]: Property "$primevue" was accessed during render but is not defined on instance. 
  at <InputNumber id="ql-input" modelValue=200 onUpdate:modelValue=fn  ... > 
  at <TinkerPlants ref="VTU_COMPONENT" > 
  at <VTUROOT>
[Vue warn]: Extraneous non-props attributes (class) were passed to component but could not be automatically inherited because component renders fragment or text root nodes. 
  at <TabPanel header="Build" class="h-full" > 
  at <TabView class="h-full tinker-plants-tabs" > 
  at <TinkerPlants ref="VTU_COMPONENT" > 
  at <VTUROOT>
[Vue warn]: Property "$primevue" was accessed during render but is not defined on instance. 
  at <Dropdown id="Eye-shiny" modelValue=null onUpdate:modelValue=fn<onUpdate:modelValue>  ... > 
  at <TabPanel header="Build" class="h-full" > 
  at <TabView class="h-full tinker-plants-tabs" > 
  at <TinkerPlants ref="VTU_COMPONENT" > 
  at <VTUROOT>
[Vue warn]: Property "$primevue" was accessed during render but is not defined on instance. 
  at <Dropdown id="Eye-bright" modelValue=null onUpdate:modelValue=fn<onUpdate:modelValue>  ... > 
  at <TabPanel header="Build" class="h-full" > 
  at <TabView class="h-full tinker-plants-tabs" > 
  at <TinkerPlants ref="VTU_COMPONENT" > 
  at <VTUROOT>
[Vue warn]: Property "$primevue" was accessed during render but is not defined on instance. 
  at <Dropdown id="Eye-faded" modelValue=null onUpdate:modelValue=fn<onUpdate:modelValue>  ... > 
  at <TabPanel header="Build" class="h-full" > 
  at <TabView class="h-full tinker-plants-tabs" > 
  at <TinkerPlants ref="VTU_COMPONENT" > 
  at <VTUROOT>
[Vue warn]: Property "$primevue" was accessed during render but is not defined on instance. 
  at <InputNumber id="Eye-ql" modelValue=200 onUpdate:modelValue=fn<onUpdate:modelValue>  ... > 
  at <TabPanel header="Build" class="h-full" > 
  at <TabView class="h-full tinker-plants-tabs" > 
  at <TinkerPlants ref="VTU_COMPONENT" > 
  at <VTUROOT>
[Vue warn]: Property "$primevue" was accessed during render but is not defined on instance. 
  at <Dropdown id="Head-shiny" modelValue=null onUpdate:modelValue=fn<onUpdate:modelValue>  ... > 
  at <TabPanel header="Build" class="h-full" > 
  at <TabView class="h-full tinker-plants-tabs" > 
  at <TinkerPlants ref="VTU_COMPONENT" > 
  at <VTUROOT>
[Vue warn]: Property "$primevue" was accessed during render but is not defined on instance. 
  at <Dropdown id="Head-bright" modelValue=null onUpdate:modelValue=fn<onUpdate:modelValue>  ... > 
  at <TabPanel header="Build" class="h-full" > 
  at <TabView class="h-full tinker-plants-tabs" > 
  at <TinkerPlants ref="VTU_COMPONENT" > 
  at <VTUROOT>
[Vue warn]: Property "$primevue" was accessed during render but is not defined on instance. 
  at <Dropdown id="Head-faded" modelValue=null onUpdate:modelValue=fn<onUpdate:modelValue>  ... > 
  at <TabPanel header="Build" class="h-full" > 
  at <TabView class="h-full tinker-plants-tabs" > 
  at <TinkerPlants ref="VTU_COMPONENT" > 
  at <VTUROOT>
[Vue warn]: Property "$primevue" was accessed during render but is not defined on instance. 
  at <InputNumber id="Head-ql" modelValue=200 onUpdate:modelValue=fn<onUpdate:modelValue>  ... > 
  at <TabPanel header="Build" class="h-full" > 
  at <TabView class="h-full tinker-plants-tabs" > 
  at <TinkerPlants ref="VTU_COMPONENT" > 
  at <VTUROOT>
[Vue warn]: Property "$primevue" was accessed during render but is not defined on instance. 
  at <Dropdown id="Ear-shiny" modelValue=null onUpdate:modelValue=fn<onUpdate:modelValue>  ... > 
  at <TabPanel header="Build" class="h-full" > 
  at <TabView class="h-full tinker-plants-tabs" > 
  at <TinkerPlants ref="VTU_COMPONENT" > 
  at <VTUROOT>
[Vue warn]: Property "$primevue" was accessed during render but is not defined on instance. 
  at <Dropdown id="Ear-bright" modelValue=null onUpdate:modelValue=fn<onUpdate:modelValue>  ... > 
  at <TabPanel header="Build" class="h-full" > 
  at <TabView class="h-full tinker-plants-tabs" > 
  at <TinkerPlants ref="VTU_COMPONENT" > 
  at <VTUROOT>
[Vue warn]: Property "$primevue" was accessed during render but is not defined on instance. 
  at <Dropdown id="Ear-faded" modelValue=null onUpdate:modelValue=fn<onUpdate:modelValue>  ... > 
  at <TabPanel header="Build" class="h-full" > 
  at <TabView class="h-full tinker-plants-tabs" > 
  at <TinkerPlants ref="VTU_COMPONENT" > 
  at <VTUROOT>
[Vue warn]: Property "$primevue" was accessed during render but is not defined on instance. 
  at <InputNumber id="Ear-ql" modelValue=200 onUpdate:modelValue=fn<onUpdate:modelValue>  ... > 
  at <TabPanel header="Build" class="h-full" > 
  at <TabView class="h-full tinker-plants-tabs" > 
  at <TinkerPlants ref="VTU_COMPONENT" > 
  at <VTUROOT>
[Vue warn]: Property "$primevue" was accessed during render but is not defined on instance. 
  at <Dropdown id="Right Arm-shiny" modelValue=null onUpdate:modelValue=fn<onUpdate:modelValue>  ... > 
  at <TabPanel header="Build" class="h-full" > 
  at <TabView class="h-full tinker-plants-tabs" > 
  at <TinkerPlants ref="VTU_COMPONENT" > 
  at <VTUROOT>
[Vue warn]: Property "$primevue" was accessed during render but is not defined on instance. 
  at <Dropdown id="Right Arm-bright" modelValue=null onUpdate:modelValue=fn<onUpdate:modelValue>  ... > 
  at <TabPanel header="Build" class="h-full" > 
  at <TabView class="h-full tinker-plants-tabs" > 
  at <TinkerPlants ref="VTU_COMPONENT" > 
  at <VTUROOT>
[Vue warn]: Property "$primevue" was accessed during render but is not defined on instance. 
  at <Dropdown id="Right Arm-faded" modelValue=null onUpdate:modelValue=fn<onUpdate:modelValue>  ... > 
  at <TabPanel header="Build" class="h-full" > 
  at <TabView class="h-full tinker-plants-tabs" > 
  at <TinkerPlants ref="VTU_COMPONENT" > 
  at <VTUROOT>
[Vue warn]: Property "$primevue" was accessed during render but is not defined on instance. 
  at <InputNumber id="Right Arm-ql" modelValue=200 onUpdate:modelValue=fn<onUpdate:modelValue>  ... > 
  at <TabPanel header="Build" class="h-full" > 
  at <TabView class="h-full tinker-plants-tabs" > 
  at <TinkerPlants ref="VTU_COMPONENT" > 
  at <VTUROOT>
[Vue warn]: Property "$primevue" was accessed during render but is not defined on instance. 
  at <Dropdown id="Chest-shiny" modelValue=null onUpdate:modelValue=fn<onUpdate:modelValue>  ... > 
  at <TabPanel header="Build" class="h-full" > 
  at <TabView class="h-full tinker-plants-tabs" > 
  at <TinkerPlants ref="VTU_COMPONENT" > 
  at <VTUROOT>
[Vue warn]: Property "$primevue" was accessed during render but is not defined on instance. 
  at <Dropdown id="Chest-bright" modelValue=null onUpdate:modelValue=fn<onUpdate:modelValue>  ... > 
  at <TabPanel header="Build" class="h-full" > 
  at <TabView class="h-full tinker-plants-tabs" > 
  at <TinkerPlants ref="VTU_COMPONENT" > 
  at <VTUROOT>
[Vue warn]: Property "$primevue" was accessed during render but is not defined on instance. 
  at <Dropdown id="Chest-faded" modelValue=null onUpdate:modelValue=fn<onUpdate:modelValue>  ... > 
  at <TabPanel header="Build" class="h-full" > 
  at <TabView class="h-full tinker-plants-tabs" > 
  at <TinkerPlants ref="VTU_COMPONENT" > 
  at <VTUROOT>
[Vue warn]: Property "$primevue" was accessed during render but is not defined on instance. 
  at <InputNumber id="Chest-ql" modelValue=200 onUpdate:modelValue=fn<onUpdate:modelValue>  ... > 
  at <TabPanel header="Build" class="h-full" > 
  at <TabView class="h-full tinker-plants-tabs" > 
  at <TinkerPlants ref="VTU_COMPONENT" > 
  at <VTUROOT>
[Vue warn]: Property "$primevue" was accessed during render but is not defined on instance. 
  at <Dropdown id="Left Arm-shiny" modelValue=null onUpdate:modelValue=fn<onUpdate:modelValue>  ... > 
  at <TabPanel header="Build" class="h-full" > 
  at <TabView class="h-full tinker-plants-tabs" > 
  at <TinkerPlants ref="VTU_COMPONENT" > 
  at <VTUROOT>
[Vue warn]: Property "$primevue" was accessed during render but is not defined on instance. 
  at <Dropdown id="Left Arm-bright" modelValue=null onUpdate:modelValue=fn<onUpdate:modelValue>  ... > 
  at <TabPanel header="Build" class="h-full" > 
  at <TabView class="h-full tinker-plants-tabs" > 
  at <TinkerPlants ref="VTU_COMPONENT" > 
  at <VTUROOT>
[Vue warn]: Property "$primevue" was accessed during render but is not defined on instance. 
  at <Dropdown id="Left Arm-faded" modelValue=null onUpdate:modelValue=fn<onUpdate:modelValue>  ... > 
  at <TabPanel header="Build" class="h-full" > 
  at <TabView class="h-full tinker-plants-tabs" > 
  at <TinkerPlants ref="VTU_COMPONENT" > 
  at <VTUROOT>
[Vue warn]: Property "$primevue" was accessed during render but is not defined on instance. 
  at <InputNumber id="Left Arm-ql" modelValue=200 onUpdate:modelValue=fn<onUpdate:modelValue>  ... > 
  at <TabPanel header="Build" class="h-full" > 
  at <TabView class="h-full tinker-plants-tabs" > 
  at <TinkerPlants ref="VTU_COMPONENT" > 
  at <VTUROOT>
[Vue warn]: Property "$primevue" was accessed during render but is not defined on instance. 
  at <Dropdown id="Right Wrist-shiny" modelValue=null onUpdate:modelValue=fn<onUpdate:modelValue>  ... > 
  at <TabPanel header="Build" class="h-full" > 
  at <TabView class="h-full tinker-plants-tabs" > 
  at <TinkerPlants ref="VTU_COMPONENT" > 
  at <VTUROOT>
[Vue warn]: Property "$primevue" was accessed during render but is not defined on instance. 
  at <Dropdown id="Right Wrist-bright" modelValue=null onUpdate:modelValue=fn<onUpdate:modelValue>  ... > 
  at <TabPanel header="Build" class="h-full" > 
  at <TabView class="h-full tinker-plants-tabs" > 
  at <TinkerPlants ref="VTU_COMPONENT" > 
  at <VTUROOT>
[Vue warn]: Property "$primevue" was accessed during render but is not defined on instance. 
  at <Dropdown id="Right Wrist-faded" modelValue=null onUpdate:modelValue=fn<onUpdate:modelValue>  ... > 
  at <TabPanel header="Build" class="h-full" > 
  at <TabView class="h-full tinker-plants-tabs" > 
  at <TinkerPlants ref="VTU_COMPONENT" > 
  at <VTUROOT>
[Vue warn]: Property "$primevue" was accessed during render but is not defined on instance. 
  at <InputNumber id="Right Wrist-ql" modelValue=200 onUpdate:modelValue=fn<onUpdate:modelValue>  ... > 
  at <TabPanel header="Build" class="h-full" > 
  at <TabView class="h-full tinker-plants-tabs" > 
  at <TinkerPlants ref="VTU_COMPONENT" > 
  at <VTUROOT>
[Vue warn]: Property "$primevue" was accessed during render but is not defined on instance. 
  at <Dropdown id="Waist-shiny" modelValue=null onUpdate:modelValue=fn<onUpdate:modelValue>  ... > 
  at <TabPanel header="Build" class="h-full" > 
  at <TabView class="h-full tinker-plants-tabs" > 
  at <TinkerPlants ref="VTU_COMPONENT" > 
  at <VTUROOT>
[Vue warn]: Property "$primevue" was accessed during render but is not defined on instance. 
  at <Dropdown id="Waist-bright" modelValue=null onUpdate:modelValue=fn<onUpdate:modelValue>  ... > 
  at <TabPanel header="Build" class="h-full" > 
  at <TabView class="h-full tinker-plants-tabs" > 
  at <TinkerPlants ref="VTU_COMPONENT" > 
  at <VTUROOT>
[Vue warn]: Property "$primevue" was accessed during render but is not defined on instance. 
  at <Dropdown id="Waist-faded" modelValue=null onUpdate:modelValue=fn<onUpdate:modelValue>  ... > 
  at <TabPanel header="Build" class="h-full" > 
  at <TabView class="h-full tinker-plants-tabs" > 
  at <TinkerPlants ref="VTU_COMPONENT" > 
  at <VTUROOT>
[Vue warn]: Property "$primevue" was accessed during render but is not defined on instance. 
  at <InputNumber id="Waist-ql" modelValue=200 onUpdate:modelValue=fn<onUpdate:modelValue>  ... > 
  at <TabPanel header="Build" class="h-full" > 
  at <TabView class="h-full tinker-plants-tabs" > 
  at <TinkerPlants ref="VTU_COMPONENT" > 
  at <VTUROOT>
[Vue warn]: Property "$primevue" was accessed during render but is not defined on instance. 
  at <Dropdown id="Left Wrist-shiny" modelValue=null onUpdate:modelValue=fn<onUpdate:modelValue>  ... > 
  at <TabPanel header="Build" class="h-full" > 
  at <TabView class="h-full tinker-plants-tabs" > 
  at <TinkerPlants ref="VTU_COMPONENT" > 
  at <VTUROOT>
[Vue warn]: Property "$primevue" was accessed during render but is not defined on instance. 
  at <Dropdown id="Left Wrist-bright" modelValue=null onUpdate:modelValue=fn<onUpdate:modelValue>  ... > 
  at <TabPanel header="Build" class="h-full" > 
  at <TabView class="h-full tinker-plants-tabs" > 
  at <TinkerPlants ref="VTU_COMPONENT" > 
  at <VTUROOT>
[Vue warn]: Property "$primevue" was accessed during render but is not defined on instance. 
  at <Dropdown id="Left Wrist-faded" modelValue=null onUpdate:modelValue=fn<onUpdate:modelValue>  ... > 
  at <TabPanel header="Build" class="h-full" > 
  at <TabView class="h-full tinker-plants-tabs" > 
  at <TinkerPlants ref="VTU_COMPONENT" > 
  at <VTUROOT>
[Vue warn]: Property "$primevue" was accessed during render but is not defined on instance. 
  at <InputNumber id="Left Wrist-ql" modelValue=200 onUpdate:modelValue=fn<onUpdate:modelValue>  ... > 
  at <TabPanel header="Build" class="h-full" > 
  at <TabView class="h-full tinker-plants-tabs" > 
  at <TinkerPlants ref="VTU_COMPONENT" > 
  at <VTUROOT>
[Vue warn]: Property "$primevue" was accessed during render but is not defined on instance. 
  at <Dropdown id="Right Hand-shiny" modelValue=null onUpdate:modelValue=fn<onUpdate:modelValue>  ... > 
  at <TabPanel header="Build" class="h-full" > 
  at <TabView class="h-full tinker-plants-tabs" > 
  at <TinkerPlants ref="VTU_COMPONENT" > 
  at <VTUROOT>
[Vue warn]: Property "$primevue" was accessed during render but is not defined on instance. 
  at <Dropdown id="Right Hand-bright" modelValue=null onUpdate:modelValue=fn<onUpdate:modelValue>  ... > 
  at <TabPanel header="Build" class="h-full" > 
  at <TabView class="h-full tinker-plants-tabs" > 
  at <TinkerPlants ref="VTU_COMPONENT" > 
  at <VTUROOT>
[Vue warn]: Property "$primevue" was accessed during render but is not defined on instance. 
  at <Dropdown id="Right Hand-faded" modelValue=null onUpdate:modelValue=fn<onUpdate:modelValue>  ... > 
  at <TabPanel header="Build" class="h-full" > 
  at <TabView class="h-full tinker-plants-tabs" > 
  at <TinkerPlants ref="VTU_COMPONENT" > 
  at <VTUROOT>
[Vue warn]: Property "$primevue" was accessed during render but is not defined on instance. 
  at <InputNumber id="Right Hand-ql" modelValue=200 onUpdate:modelValue=fn<onUpdate:modelValue>  ... > 
  at <TabPanel header="Build" class="h-full" > 
  at <TabView class="h-full tinker-plants-tabs" > 
  at <TinkerPlants ref="VTU_COMPONENT" > 
  at <VTUROOT>
[Vue warn]: Property "$primevue" was accessed during render but is not defined on instance. 
  at <Dropdown id="Leg-shiny" modelValue=null onUpdate:modelValue=fn<onUpdate:modelValue>  ... > 
  at <TabPanel header="Build" class="h-full" > 
  at <TabView class="h-full tinker-plants-tabs" > 
  at <TinkerPlants ref="VTU_COMPONENT" > 
  at <VTUROOT>
[Vue warn]: Property "$primevue" was accessed during render but is not defined on instance. 
  at <Dropdown id="Leg-bright" modelValue=null onUpdate:modelValue=fn<onUpdate:modelValue>  ... > 
  at <TabPanel header="Build" class="h-full" > 
  at <TabView class="h-full tinker-plants-tabs" > 
  at <TinkerPlants ref="VTU_COMPONENT" > 
  at <VTUROOT>
[Vue warn]: Property "$primevue" was accessed during render but is not defined on instance. 
  at <Dropdown id="Leg-faded" modelValue=null onUpdate:modelValue=fn<onUpdate:modelValue>  ... > 
  at <TabPanel header="Build" class="h-full" > 
  at <TabView class="h-full tinker-plants-tabs" > 
  at <TinkerPlants ref="VTU_COMPONENT" > 
  at <VTUROOT>
[Vue warn]: Property "$primevue" was accessed during render but is not defined on instance. 
  at <InputNumber id="Leg-ql" modelValue=200 onUpdate:modelValue=fn<onUpdate:modelValue>  ... > 
  at <TabPanel header="Build" class="h-full" > 
  at <TabView class="h-full tinker-plants-tabs" > 
  at <TinkerPlants ref="VTU_COMPONENT" > 
  at <VTUROOT>
[Vue warn]: Property "$primevue" was accessed during render but is not defined on instance. 
  at <Dropdown id="Left Hand-shiny" modelValue=null onUpdate:modelValue=fn<onUpdate:modelValue>  ... > 
  at <TabPanel header="Build" class="h-full" > 
  at <TabView class="h-full tinker-plants-tabs" > 
  at <TinkerPlants ref="VTU_COMPONENT" > 
  at <VTUROOT>
[Vue warn]: Property "$primevue" was accessed during render but is not defined on instance. 
  at <Dropdown id="Left Hand-bright" modelValue=null onUpdate:modelValue=fn<onUpdate:modelValue>  ... > 
  at <TabPanel header="Build" class="h-full" > 
  at <TabView class="h-full tinker-plants-tabs" > 
  at <TinkerPlants ref="VTU_COMPONENT" > 
  at <VTUROOT>
[Vue warn]: Property "$primevue" was accessed during render but is not defined on instance. 
  at <Dropdown id="Left Hand-faded" modelValue=null onUpdate:modelValue=fn<onUpdate:modelValue>  ... > 
  at <TabPanel header="Build" class="h-full" > 
  at <TabView class="h-full tinker-plants-tabs" > 
  at <TinkerPlants ref="VTU_COMPONENT" > 
  at <VTUROOT>
[Vue warn]: Property "$primevue" was accessed during render but is not defined on instance. 
  at <InputNumber id="Left Hand-ql" modelValue=200 onUpdate:modelValue=fn<onUpdate:modelValue>  ... > 
  at <TabPanel header="Build" class="h-full" > 
  at <TabView class="h-full tinker-plants-tabs" > 
  at <TinkerPlants ref="VTU_COMPONENT" > 
  at <VTUROOT>
[Vue warn]: Property "$primevue" was accessed during render but is not defined on instance. 
  at <Dropdown id="Feet-shiny" modelValue=null onUpdate:modelValue=fn<onUpdate:modelValue>  ... > 
  at <TabPanel header="Build" class="h-full" > 
  at <TabView class="h-full tinker-plants-tabs" > 
  at <TinkerPlants ref="VTU_COMPONENT" > 
  at <VTUROOT>
[Vue warn]: Property "$primevue" was accessed during render but is not defined on instance. 
  at <Dropdown id="Feet-bright" modelValue=null onUpdate:modelValue=fn<onUpdate:modelValue>  ... > 
  at <TabPanel header="Build" class="h-full" > 
  at <TabView class="h-full tinker-plants-tabs" > 
  at <TinkerPlants ref="VTU_COMPONENT" > 
  at <VTUROOT>
[Vue warn]: Property "$primevue" was accessed during render but is not defined on instance. 
  at <Dropdown id="Feet-faded" modelValue=null onUpdate:modelValue=fn<onUpdate:modelValue>  ... > 
  at <TabPanel header="Build" class="h-full" > 
  at <TabView class="h-full tinker-plants-tabs" > 
  at <TinkerPlants ref="VTU_COMPONENT" > 
  at <VTUROOT>
[Vue warn]: Property "$primevue" was accessed during render but is not defined on instance. 
  at <InputNumber id="Feet-ql" modelValue=200 onUpdate:modelValue=fn<onUpdate:modelValue>  ... > 
  at <TabPanel header="Build" class="h-full" > 
  at <TabView class="h-full tinker-plants-tabs" > 
  at <TinkerPlants ref="VTU_COMPONENT" > 
  at <VTUROOT>
[Vue warn]: Extraneous non-props attributes (class) were passed to component but could not be automatically inherited because component renders fragment or text root nodes. 
  at <TabPanel header="Construction" class="h-full" > 
  at <TabView class="h-full tinker-plants-tabs" > 
  at <TinkerPlants ref="VTU_COMPONENT" > 
  at <VTUROOT>
[Vue warn]: Extraneous non-props attributes (class) were passed to component but could not be automatically inherited because component renders fragment or text root nodes. 
  at <TabPanel header="Build" class="h-full" > 
  at <TabView class="h-full tinker-plants-tabs" > 
  at <TinkerPlants ref="VTU_COMPONENT" > 
  at <VTUROOT>
[Vue warn]: Property "$primevue" was accessed during render but is not defined on instance. 
  at <Dropdown id="Eye-shiny" modelValue=null onUpdate:modelValue=fn<onUpdate:modelValue>  ... > 
  at <TabPanel header="Build" class="h-full" > 
  at <TabView class="h-full tinker-plants-tabs" > 
  at <TinkerPlants ref="VTU_COMPONENT" > 
  at <VTUROOT>
[Vue warn]: Property "$primevue" was accessed during render but is not defined on instance. 
  at <Dropdown id="Eye-bright" modelValue=null onUpdate:modelValue=fn<onUpdate:modelValue>  ... > 
  at <TabPanel header="Build" class="h-full" > 
  at <TabView class="h-full tinker-plants-tabs" > 
  at <TinkerPlants ref="VTU_COMPONENT" > 
  at <VTUROOT>
[Vue warn]: Property "$primevue" was accessed during render but is not defined on instance. 
  at <Dropdown id="Eye-faded" modelValue=null onUpdate:modelValue=fn<onUpdate:modelValue>  ... > 
  at <TabPanel header="Build" class="h-full" > 
  at <TabView class="h-full tinker-plants-tabs" > 
  at <TinkerPlants ref="VTU_COMPONENT" > 
  at <VTUROOT>
[Vue warn]: Property "$primevue" was accessed during render but is not defined on instance. 
  at <Dropdown id="Head-shiny" modelValue=null onUpdate:modelValue=fn<onUpdate:modelValue>  ... > 
  at <TabPanel header="Build" class="h-full" > 
  at <TabView class="h-full tinker-plants-tabs" > 
  at <TinkerPlants ref="VTU_COMPONENT" > 
  at <VTUROOT>
[Vue warn]: Property "$primevue" was accessed during render but is not defined on instance. 
  at <Dropdown id="Head-bright" modelValue=null onUpdate:modelValue=fn<onUpdate:modelValue>  ... > 
  at <TabPanel header="Build" class="h-full" > 
  at <TabView class="h-full tinker-plants-tabs" > 
  at <TinkerPlants ref="VTU_COMPONENT" > 
  at <VTUROOT>
[Vue warn]: Property "$primevue" was accessed during render but is not defined on instance. 
  at <Dropdown id="Head-faded" modelValue=null onUpdate:modelValue=fn<onUpdate:modelValue>  ... > 
  at <TabPanel header="Build" class="h-full" > 
  at <TabView class="h-full tinker-plants-tabs" > 
  at <TinkerPlants ref="VTU_COMPONENT" > 
  at <VTUROOT>
[Vue warn]: Property "$primevue" was accessed during render but is not defined on instance. 
  at <Dropdown id="Ear-shiny" modelValue=null onUpdate:modelValue=fn<onUpdate:modelValue>  ... > 
  at <TabPanel header="Build" class="h-full" > 
  at <TabView class="h-full tinker-plants-tabs" > 
  at <TinkerPlants ref="VTU_COMPONENT" > 
  at <VTUROOT>
[Vue warn]: Property "$primevue" was accessed during render but is not defined on instance. 
  at <Dropdown id="Ear-bright" modelValue=null onUpdate:modelValue=fn<onUpdate:modelValue>  ... > 
  at <TabPanel header="Build" class="h-full" > 
  at <TabView class="h-full tinker-plants-tabs" > 
  at <TinkerPlants ref="VTU_COMPONENT" > 
  at <VTUROOT>
[Vue warn]: Property "$primevue" was accessed during render but is not defined on instance. 
  at <Dropdown id="Ear-faded" modelValue=null onUpdate:modelValue=fn<onUpdate:modelValue>  ... > 
  at <TabPanel header="Build" class="h-full" > 
  at <TabView class="h-full tinker-plants-tabs" > 
  at <TinkerPlants ref="VTU_COMPONENT" > 
  at <VTUROOT>
[Vue warn]: Property "$primevue" was accessed during render but is not defined on instance. 
  at <Dropdown id="Right Arm-shiny" modelValue=null onUpdate:modelValue=fn<onUpdate:modelValue>  ... > 
  at <TabPanel header="Build" class="h-full" > 
  at <TabView class="h-full tinker-plants-tabs" > 
  at <TinkerPlants ref="VTU_COMPONENT" > 
  at <VTUROOT>
[Vue warn]: Property "$primevue" was accessed during render but is not defined on instance. 
  at <Dropdown id="Right Arm-bright" modelValue=null onUpdate:modelValue=fn<onUpdate:modelValue>  ... > 
  at <TabPanel header="Build" class="h-full" > 
  at <TabView class="h-full tinker-plants-tabs" > 
  at <TinkerPlants ref="VTU_COMPONENT" > 
  at <VTUROOT>
[Vue warn]: Property "$primevue" was accessed during render but is not defined on instance. 
  at <Dropdown id="Right Arm-faded" modelValue=null onUpdate:modelValue=fn<onUpdate:modelValue>  ... > 
  at <TabPanel header="Build" class="h-full" > 
  at <TabView class="h-full tinker-plants-tabs" > 
  at <TinkerPlants ref="VTU_COMPONENT" > 
  at <VTUROOT>
[Vue warn]: Property "$primevue" was accessed during render but is not defined on instance. 
  at <Dropdown id="Chest-shiny" modelValue=null onUpdate:modelValue=fn<onUpdate:modelValue>  ... > 
  at <TabPanel header="Build" class="h-full" > 
  at <TabView class="h-full tinker-plants-tabs" > 
  at <TinkerPlants ref="VTU_COMPONENT" > 
  at <VTUROOT>
[Vue warn]: Property "$primevue" was accessed during render but is not defined on instance. 
  at <Dropdown id="Chest-bright" modelValue=null onUpdate:modelValue=fn<onUpdate:modelValue>  ... > 
  at <TabPanel header="Build" class="h-full" > 
  at <TabView class="h-full tinker-plants-tabs" > 
  at <TinkerPlants ref="VTU_COMPONENT" > 
  at <VTUROOT>
[Vue warn]: Property "$primevue" was accessed during render but is not defined on instance. 
  at <Dropdown id="Chest-faded" modelValue=null onUpdate:modelValue=fn<onUpdate:modelValue>  ... > 
  at <TabPanel header="Build" class="h-full" > 
  at <TabView class="h-full tinker-plants-tabs" > 
  at <TinkerPlants ref="VTU_COMPONENT" > 
  at <VTUROOT>
[Vue warn]: Property "$primevue" was accessed during render but is not defined on instance. 
  at <Dropdown id="Left Arm-shiny" modelValue=null onUpdate:modelValue=fn<onUpdate:modelValue>  ... > 
  at <TabPanel header="Build" class="h-full" > 
  at <TabView class="h-full tinker-plants-tabs" > 
  at <TinkerPlants ref="VTU_COMPONENT" > 
  at <VTUROOT>
[Vue warn]: Property "$primevue" was accessed during render but is not defined on instance. 
  at <Dropdown id="Left Arm-bright" modelValue=null onUpdate:modelValue=fn<onUpdate:modelValue>  ... > 
  at <TabPanel header="Build" class="h-full" > 
  at <TabView class="h-full tinker-plants-tabs" > 
  at <TinkerPlants ref="VTU_COMPONENT" > 
  at <VTUROOT>
[Vue warn]: Property "$primevue" was accessed during render but is not defined on instance. 
  at <Dropdown id="Left Arm-faded" modelValue=null onUpdate:modelValue=fn<onUpdate:modelValue>  ... > 
  at <TabPanel header="Build" class="h-full" > 
  at <TabView class="h-full tinker-plants-tabs" > 
  at <TinkerPlants ref="VTU_COMPONENT" > 
  at <VTUROOT>
[Vue warn]: Property "$primevue" was accessed during render but is not defined on instance. 
  at <Dropdown id="Right Wrist-shiny" modelValue=null onUpdate:modelValue=fn<onUpdate:modelValue>  ... > 
  at <TabPanel header="Build" class="h-full" > 
  at <TabView class="h-full tinker-plants-tabs" > 
  at <TinkerPlants ref="VTU_COMPONENT" > 
  at <VTUROOT>
[Vue warn]: Property "$primevue" was accessed during render but is not defined on instance. 
  at <Dropdown id="Right Wrist-bright" modelValue=null onUpdate:modelValue=fn<onUpdate:modelValue>  ... > 
  at <TabPanel header="Build" class="h-full" > 
  at <TabView class="h-full tinker-plants-tabs" > 
  at <TinkerPlants ref="VTU_COMPONENT" > 
  at <VTUROOT>
[Vue warn]: Property "$primevue" was accessed during render but is not defined on instance. 
  at <Dropdown id="Right Wrist-faded" modelValue=null onUpdate:modelValue=fn<onUpdate:modelValue>  ... > 
  at <TabPanel header="Build" class="h-full" > 
  at <TabView class="h-full tinker-plants-tabs" > 
  at <TinkerPlants ref="VTU_COMPONENT" > 
  at <VTUROOT>
[Vue warn]: Property "$primevue" was accessed during render but is not defined on instance. 
  at <Dropdown id="Waist-shiny" modelValue=null onUpdate:modelValue=fn<onUpdate:modelValue>  ... > 
  at <TabPanel header="Build" class="h-full" > 
  at <TabView class="h-full tinker-plants-tabs" > 
  at <TinkerPlants ref="VTU_COMPONENT" > 
  at <VTUROOT>
[Vue warn]: Property "$primevue" was accessed during render but is not defined on instance. 
  at <Dropdown id="Waist-bright" modelValue=null onUpdate:modelValue=fn<onUpdate:modelValue>  ... > 
  at <TabPanel header="Build" class="h-full" > 
  at <TabView class="h-full tinker-plants-tabs" > 
  at <TinkerPlants ref="VTU_COMPONENT" > 
  at <VTUROOT>
[Vue warn]: Property "$primevue" was accessed during render but is not defined on instance. 
  at <Dropdown id="Waist-faded" modelValue=null onUpdate:modelValue=fn<onUpdate:modelValue>  ... > 
  at <TabPanel header="Build" class="h-full" > 
  at <TabView class="h-full tinker-plants-tabs" > 
  at <TinkerPlants ref="VTU_COMPONENT" > 
  at <VTUROOT>
[Vue warn]: Property "$primevue" was accessed during render but is not defined on instance. 
  at <Dropdown id="Left Wrist-shiny" modelValue=null onUpdate:modelValue=fn<onUpdate:modelValue>  ... > 
  at <TabPanel header="Build" class="h-full" > 
  at <TabView class="h-full tinker-plants-tabs" > 
  at <TinkerPlants ref="VTU_COMPONENT" > 
  at <VTUROOT>
[Vue warn]: Property "$primevue" was accessed during render but is not defined on instance. 
  at <Dropdown id="Left Wrist-bright" modelValue=null onUpdate:modelValue=fn<onUpdate:modelValue>  ... > 
  at <TabPanel header="Build" class="h-full" > 
  at <TabView class="h-full tinker-plants-tabs" > 
  at <TinkerPlants ref="VTU_COMPONENT" > 
  at <VTUROOT>
[Vue warn]: Property "$primevue" was accessed during render but is not defined on instance. 
  at <Dropdown id="Left Wrist-faded" modelValue=null onUpdate:modelValue=fn<onUpdate:modelValue>  ... > 
  at <TabPanel header="Build" class="h-full" > 
  at <TabView class="h-full tinker-plants-tabs" > 
  at <TinkerPlants ref="VTU_COMPONENT" > 
  at <VTUROOT>
[Vue warn]: Property "$primevue" was accessed during render but is not defined on instance. 
  at <Dropdown id="Right Hand-shiny" modelValue=null onUpdate:modelValue=fn<onUpdate:modelValue>  ... > 
  at <TabPanel header="Build" class="h-full" > 
  at <TabView class="h-full tinker-plants-tabs" > 
  at <TinkerPlants ref="VTU_COMPONENT" > 
  at <VTUROOT>
[Vue warn]: Property "$primevue" was accessed during render but is not defined on instance. 
  at <Dropdown id="Right Hand-bright" modelValue=null onUpdate:modelValue=fn<onUpdate:modelValue>  ... > 
  at <TabPanel header="Build" class="h-full" > 
  at <TabView class="h-full tinker-plants-tabs" > 
  at <TinkerPlants ref="VTU_COMPONENT" > 
  at <VTUROOT>
[Vue warn]: Property "$primevue" was accessed during render but is not defined on instance. 
  at <Dropdown id="Right Hand-faded" modelValue=null onUpdate:modelValue=fn<onUpdate:modelValue>  ... > 
  at <TabPanel header="Build" class="h-full" > 
  at <TabView class="h-full tinker-plants-tabs" > 
  at <TinkerPlants ref="VTU_COMPONENT" > 
  at <VTUROOT>
[Vue warn]: Property "$primevue" was accessed during render but is not defined on instance. 
  at <Dropdown id="Leg-shiny" modelValue=null onUpdate:modelValue=fn<onUpdate:modelValue>  ... > 
  at <TabPanel header="Build" class="h-full" > 
  at <TabView class="h-full tinker-plants-tabs" > 
  at <TinkerPlants ref="VTU_COMPONENT" > 
  at <VTUROOT>
[Vue warn]: Property "$primevue" was accessed during render but is not defined on instance. 
  at <Dropdown id="Leg-bright" modelValue=null onUpdate:modelValue=fn<onUpdate:modelValue>  ... > 
  at <TabPanel header="Build" class="h-full" > 
  at <TabView class="h-full tinker-plants-tabs" > 
  at <TinkerPlants ref="VTU_COMPONENT" > 
  at <VTUROOT>
[Vue warn]: Property "$primevue" was accessed during render but is not defined on instance. 
  at <Dropdown id="Leg-faded" modelValue=null onUpdate:modelValue=fn<onUpdate:modelValue>  ... > 
  at <TabPanel header="Build" class="h-full" > 
  at <TabView class="h-full tinker-plants-tabs" > 
  at <TinkerPlants ref="VTU_COMPONENT" > 
  at <VTUROOT>
[Vue warn]: Property "$primevue" was accessed during render but is not defined on instance. 
  at <Dropdown id="Left Hand-shiny" modelValue=null onUpdate:modelValue=fn<onUpdate:modelValue>  ... > 
  at <TabPanel header="Build" class="h-full" > 
  at <TabView class="h-full tinker-plants-tabs" > 
  at <TinkerPlants ref="VTU_COMPONENT" > 
  at <VTUROOT>
[Vue warn]: Property "$primevue" was accessed during render but is not defined on instance. 
  at <Dropdown id="Left Hand-bright" modelValue=null onUpdate:modelValue=fn<onUpdate:modelValue>  ... > 
  at <TabPanel header="Build" class="h-full" > 
  at <TabView class="h-full tinker-plants-tabs" > 
  at <TinkerPlants ref="VTU_COMPONENT" > 
  at <VTUROOT>
[Vue warn]: Property "$primevue" was accessed during render but is not defined on instance. 
  at <Dropdown id="Left Hand-faded" modelValue=null onUpdate:modelValue=fn<onUpdate:modelValue>  ... > 
  at <TabPanel header="Build" class="h-full" > 
  at <TabView class="h-full tinker-plants-tabs" > 
  at <TinkerPlants ref="VTU_COMPONENT" > 
  at <VTUROOT>
[Vue warn]: Property "$primevue" was accessed during render but is not defined on instance. 
  at <Dropdown id="Feet-shiny" modelValue=null onUpdate:modelValue=fn<onUpdate:modelValue>  ... > 
  at <TabPanel header="Build" class="h-full" > 
  at <TabView class="h-full tinker-plants-tabs" > 
  at <TinkerPlants ref="VTU_COMPONENT" > 
  at <VTUROOT>
[Vue warn]: Property "$primevue" was accessed during render but is not defined on instance. 
  at <Dropdown id="Feet-bright" modelValue=null onUpdate:modelValue=fn<onUpdate:modelValue>  ... > 
  at <TabPanel header="Build" class="h-full" > 
  at <TabView class="h-full tinker-plants-tabs" > 
  at <TinkerPlants ref="VTU_COMPONENT" > 
  at <VTUROOT>
[Vue warn]: Property "$primevue" was accessed during render but is not defined on instance. 
  at <Dropdown id="Feet-faded" modelValue=null onUpdate:modelValue=fn<onUpdate:modelValue>  ... > 
  at <TabPanel header="Build" class="h-full" > 
  at <TabView class="h-full tinker-plants-tabs" > 
  at <TinkerPlants ref="VTU_COMPONENT" > 
  at <VTUROOT>
[Vue warn]: Extraneous non-props attributes (class) were passed to component but could not be automatically inherited because component renders fragment or text root nodes. 
  at <TabPanel header="Construction" class="h-full" > 
  at <TabView class="h-full tinker-plants-tabs" > 
  at <TinkerPlants ref="VTU_COMPONENT" > 
  at <VTUROOT>

stderr | src/__tests__/views/TinkerPlants.simple.test.ts > TinkerPlants - Simple Tests > Computed Properties > hasAnyImplants returns true when implants are selected
[Vue warn]: Property "$primevue" was accessed during render but is not defined on instance. 
  at <InputNumber id="ql-input" modelValue=200 onUpdate:modelValue=fn  ... > 
  at <TinkerPlants ref="VTU_COMPONENT" > 
  at <VTUROOT>
[Vue warn]: Extraneous non-props attributes (class) were passed to component but could not be automatically inherited because component renders fragment or text root nodes. 
  at <TabPanel header="Build" class="h-full" > 
  at <TabView class="h-full tinker-plants-tabs" > 
  at <TinkerPlants ref="VTU_COMPONENT" > 
  at <VTUROOT>
[Vue warn]: Property "$primevue" was accessed during render but is not defined on instance. 
  at <Dropdown id="Eye-shiny" modelValue=null onUpdate:modelValue=fn<onUpdate:modelValue>  ... > 
  at <TabPanel header="Build" class="h-full" > 
  at <TabView class="h-full tinker-plants-tabs" > 
  at <TinkerPlants ref="VTU_COMPONENT" > 
  at <VTUROOT>
[Vue warn]: Property "$primevue" was accessed during render but is not defined on instance. 
  at <Dropdown id="Eye-bright" modelValue=null onUpdate:modelValue=fn<onUpdate:modelValue>  ... > 
  at <TabPanel header="Build" class="h-full" > 
  at <TabView class="h-full tinker-plants-tabs" > 
  at <TinkerPlants ref="VTU_COMPONENT" > 
  at <VTUROOT>
[Vue warn]: Property "$primevue" was accessed during render but is not defined on instance. 
  at <Dropdown id="Eye-faded" modelValue=null onUpdate:modelValue=fn<onUpdate:modelValue>  ... > 
  at <TabPanel header="Build" class="h-full" > 
  at <TabView class="h-full tinker-plants-tabs" > 
  at <TinkerPlants ref="VTU_COMPONENT" > 
  at <VTUROOT>
[Vue warn]: Property "$primevue" was accessed during render but is not defined on instance. 
  at <InputNumber id="Eye-ql" modelValue=200 onUpdate:modelValue=fn<onUpdate:modelValue>  ... > 
  at <TabPanel header="Build" class="h-full" > 
  at <TabView class="h-full tinker-plants-tabs" > 
  at <TinkerPlants ref="VTU_COMPONENT" > 
  at <VTUROOT>
[Vue warn]: Property "$primevue" was accessed during render but is not defined on instance. 
  at <Dropdown id="Head-shiny" modelValue=null onUpdate:modelValue=fn<onUpdate:modelValue>  ... > 
  at <TabPanel header="Build" class="h-full" > 
  at <TabView class="h-full tinker-plants-tabs" > 
  at <TinkerPlants ref="VTU_COMPONENT" > 
  at <VTUROOT>
[Vue warn]: Property "$primevue" was accessed during render but is not defined on instance. 
  at <Dropdown id="Head-bright" modelValue=null onUpdate:modelValue=fn<onUpdate:modelValue>  ... > 
  at <TabPanel header="Build" class="h-full" > 
  at <TabView class="h-full tinker-plants-tabs" > 
  at <TinkerPlants ref="VTU_COMPONENT" > 
  at <VTUROOT>
[Vue warn]: Property "$primevue" was accessed during render but is not defined on instance. 
  at <Dropdown id="Head-faded" modelValue=null onUpdate:modelValue=fn<onUpdate:modelValue>  ... > 
  at <TabPanel header="Build" class="h-full" > 
  at <TabView class="h-full tinker-plants-tabs" > 
  at <TinkerPlants ref="VTU_COMPONENT" > 
  at <VTUROOT>
[Vue warn]: Property "$primevue" was accessed during render but is not defined on instance. 
  at <InputNumber id="Head-ql" modelValue=200 onUpdate:modelValue=fn<onUpdate:modelValue>  ... > 
  at <TabPanel header="Build" class="h-full" > 
  at <TabView class="h-full tinker-plants-tabs" > 
  at <TinkerPlants ref="VTU_COMPONENT" > 
  at <VTUROOT>
[Vue warn]: Property "$primevue" was accessed during render but is not defined on instance. 
  at <Dropdown id="Ear-shiny" modelValue=null onUpdate:modelValue=fn<onUpdate:modelValue>  ... > 
  at <TabPanel header="Build" class="h-full" > 
  at <TabView class="h-full tinker-plants-tabs" > 
  at <TinkerPlants ref="VTU_COMPONENT" > 
  at <VTUROOT>
[Vue warn]: Property "$primevue" was accessed during render but is not defined on instance. 
  at <Dropdown id="Ear-bright" modelValue=null onUpdate:modelValue=fn<onUpdate:modelValue>  ... > 
  at <TabPanel header="Build" class="h-full" > 
  at <TabView class="h-full tinker-plants-tabs" > 
  at <TinkerPlants ref="VTU_COMPONENT" > 
  at <VTUROOT>
[Vue warn]: Property "$primevue" was accessed during render but is not defined on instance. 
  at <Dropdown id="Ear-faded" modelValue=null onUpdate:modelValue=fn<onUpdate:modelValue>  ... > 
  at <TabPanel header="Build" class="h-full" > 
  at <TabView class="h-full tinker-plants-tabs" > 
  at <TinkerPlants ref="VTU_COMPONENT" > 
  at <VTUROOT>
[Vue warn]: Property "$primevue" was accessed during render but is not defined on instance. 
  at <InputNumber id="Ear-ql" modelValue=200 onUpdate:modelValue=fn<onUpdate:modelValue>  ... > 
  at <TabPanel header="Build" class="h-full" > 
  at <TabView class="h-full tinker-plants-tabs" > 
  at <TinkerPlants ref="VTU_COMPONENT" > 
  at <VTUROOT>
[Vue warn]: Property "$primevue" was accessed during render but is not defined on instance. 
  at <Dropdown id="Right Arm-shiny" modelValue=null onUpdate:modelValue=fn<onUpdate:modelValue>  ... > 
  at <TabPanel header="Build" class="h-full" > 
  at <TabView class="h-full tinker-plants-tabs" > 
  at <TinkerPlants ref="VTU_COMPONENT" > 
  at <VTUROOT>
[Vue warn]: Property "$primevue" was accessed during render but is not defined on instance. 
  at <Dropdown id="Right Arm-bright" modelValue=null onUpdate:modelValue=fn<onUpdate:modelValue>  ... > 
  at <TabPanel header="Build" class="h-full" > 
  at <TabView class="h-full tinker-plants-tabs" > 
  at <TinkerPlants ref="VTU_COMPONENT" > 
  at <VTUROOT>
[Vue warn]: Property "$primevue" was accessed during render but is not defined on instance. 
  at <Dropdown id="Right Arm-faded" modelValue=null onUpdate:modelValue=fn<onUpdate:modelValue>  ... > 
  at <TabPanel header="Build" class="h-full" > 
  at <TabView class="h-full tinker-plants-tabs" > 
  at <TinkerPlants ref="VTU_COMPONENT" > 
  at <VTUROOT>
[Vue warn]: Property "$primevue" was accessed during render but is not defined on instance. 
  at <InputNumber id="Right Arm-ql" modelValue=200 onUpdate:modelValue=fn<onUpdate:modelValue>  ... > 
  at <TabPanel header="Build" class="h-full" > 
  at <TabView class="h-full tinker-plants-tabs" > 
  at <TinkerPlants ref="VTU_COMPONENT" > 
  at <VTUROOT>
[Vue warn]: Property "$primevue" was accessed during render but is not defined on instance. 
  at <Dropdown id="Chest-shiny" modelValue=null onUpdate:modelValue=fn<onUpdate:modelValue>  ... > 
  at <TabPanel header="Build" class="h-full" > 
  at <TabView class="h-full tinker-plants-tabs" > 
  at <TinkerPlants ref="VTU_COMPONENT" > 
  at <VTUROOT>
[Vue warn]: Property "$primevue" was accessed during render but is not defined on instance. 
  at <Dropdown id="Chest-bright" modelValue=null onUpdate:modelValue=fn<onUpdate:modelValue>  ... > 
  at <TabPanel header="Build" class="h-full" > 
  at <TabView class="h-full tinker-plants-tabs" > 
  at <TinkerPlants ref="VTU_COMPONENT" > 
  at <VTUROOT>
[Vue warn]: Property "$primevue" was accessed during render but is not defined on instance. 
  at <Dropdown id="Chest-faded" modelValue=null onUpdate:modelValue=fn<onUpdate:modelValue>  ... > 
  at <TabPanel header="Build" class="h-full" > 
  at <TabView class="h-full tinker-plants-tabs" > 
  at <TinkerPlants ref="VTU_COMPONENT" > 
  at <VTUROOT>
[Vue warn]: Property "$primevue" was accessed during render but is not defined on instance. 
  at <InputNumber id="Chest-ql" modelValue=200 onUpdate:modelValue=fn<onUpdate:modelValue>  ... > 
  at <TabPanel header="Build" class="h-full" > 
  at <TabView class="h-full tinker-plants-tabs" > 
  at <TinkerPlants ref="VTU_COMPONENT" > 
  at <VTUROOT>
[Vue warn]: Property "$primevue" was accessed during render but is not defined on instance. 
  at <Dropdown id="Left Arm-shiny" modelValue=null onUpdate:modelValue=fn<onUpdate:modelValue>  ... > 
  at <TabPanel header="Build" class="h-full" > 
  at <TabView class="h-full tinker-plants-tabs" > 
  at <TinkerPlants ref="VTU_COMPONENT" > 
  at <VTUROOT>
[Vue warn]: Property "$primevue" was accessed during render but is not defined on instance. 
  at <Dropdown id="Left Arm-bright" modelValue=null onUpdate:modelValue=fn<onUpdate:modelValue>  ... > 
  at <TabPanel header="Build" class="h-full" > 
  at <TabView class="h-full tinker-plants-tabs" > 
  at <TinkerPlants ref="VTU_COMPONENT" > 
  at <VTUROOT>
[Vue warn]: Property "$primevue" was accessed during render but is not defined on instance. 
  at <Dropdown id="Left Arm-faded" modelValue=null onUpdate:modelValue=fn<onUpdate:modelValue>  ... > 
  at <TabPanel header="Build" class="h-full" > 
  at <TabView class="h-full tinker-plants-tabs" > 
  at <TinkerPlants ref="VTU_COMPONENT" > 
  at <VTUROOT>
[Vue warn]: Property "$primevue" was accessed during render but is not defined on instance. 
  at <InputNumber id="Left Arm-ql" modelValue=200 onUpdate:modelValue=fn<onUpdate:modelValue>  ... > 
  at <TabPanel header="Build" class="h-full" > 
  at <TabView class="h-full tinker-plants-tabs" > 
  at <TinkerPlants ref="VTU_COMPONENT" > 
  at <VTUROOT>
[Vue warn]: Property "$primevue" was accessed during render but is not defined on instance. 
  at <Dropdown id="Right Wrist-shiny" modelValue=null onUpdate:modelValue=fn<onUpdate:modelValue>  ... > 
  at <TabPanel header="Build" class="h-full" > 
  at <TabView class="h-full tinker-plants-tabs" > 
  at <TinkerPlants ref="VTU_COMPONENT" > 
  at <VTUROOT>
[Vue warn]: Property "$primevue" was accessed during render but is not defined on instance. 
  at <Dropdown id="Right Wrist-bright" modelValue=null onUpdate:modelValue=fn<onUpdate:modelValue>  ... > 
  at <TabPanel header="Build" class="h-full" > 
  at <TabView class="h-full tinker-plants-tabs" > 
  at <TinkerPlants ref="VTU_COMPONENT" > 
  at <VTUROOT>
[Vue warn]: Property "$primevue" was accessed during render but is not defined on instance. 
  at <Dropdown id="Right Wrist-faded" modelValue=null onUpdate:modelValue=fn<onUpdate:modelValue>  ... > 
  at <TabPanel header="Build" class="h-full" > 
  at <TabView class="h-full tinker-plants-tabs" > 
  at <TinkerPlants ref="VTU_COMPONENT" > 
  at <VTUROOT>
[Vue warn]: Property "$primevue" was accessed during render but is not defined on instance. 
  at <InputNumber id="Right Wrist-ql" modelValue=200 onUpdate:modelValue=fn<onUpdate:modelValue>  ... > 
  at <TabPanel header="Build" class="h-full" > 
  at <TabView class="h-full tinker-plants-tabs" > 
  at <TinkerPlants ref="VTU_COMPONENT" > 
  at <VTUROOT>
[Vue warn]: Property "$primevue" was accessed during render but is not defined on instance. 
  at <Dropdown id="Waist-shiny" modelValue=null onUpdate:modelValue=fn<onUpdate:modelValue>  ... > 
  at <TabPanel header="Build" class="h-full" > 
  at <TabView class="h-full tinker-plants-tabs" > 
  at <TinkerPlants ref="VTU_COMPONENT" > 
  at <VTUROOT>
[Vue warn]: Property "$primevue" was accessed during render but is not defined on instance. 
  at <Dropdown id="Waist-bright" modelValue=null onUpdate:modelValue=fn<onUpdate:modelValue>  ... > 
  at <TabPanel header="Build" class="h-full" > 
  at <TabView class="h-full tinker-plants-tabs" > 
  at <TinkerPlants ref="VTU_COMPONENT" > 
  at <VTUROOT>
[Vue warn]: Property "$primevue" was accessed during render but is not defined on instance. 
  at <Dropdown id="Waist-faded" modelValue=null onUpdate:modelValue=fn<onUpdate:modelValue>  ... > 
  at <TabPanel header="Build" class="h-full" > 
  at <TabView class="h-full tinker-plants-tabs" > 
  at <TinkerPlants ref="VTU_COMPONENT" > 
  at <VTUROOT>
[Vue warn]: Property "$primevue" was accessed during render but is not defined on instance. 
  at <InputNumber id="Waist-ql" modelValue=200 onUpdate:modelValue=fn<onUpdate:modelValue>  ... > 
  at <TabPanel header="Build" class="h-full" > 
  at <TabView class="h-full tinker-plants-tabs" > 
  at <TinkerPlants ref="VTU_COMPONENT" > 
  at <VTUROOT>
[Vue warn]: Property "$primevue" was accessed during render but is not defined on instance. 
  at <Dropdown id="Left Wrist-shiny" modelValue=null onUpdate:modelValue=fn<onUpdate:modelValue>  ... > 
  at <TabPanel header="Build" class="h-full" > 
  at <TabView class="h-full tinker-plants-tabs" > 
  at <TinkerPlants ref="VTU_COMPONENT" > 
  at <VTUROOT>
[Vue warn]: Property "$primevue" was accessed during render but is not defined on instance. 
  at <Dropdown id="Left Wrist-bright" modelValue=null onUpdate:modelValue=fn<onUpdate:modelValue>  ... > 
  at <TabPanel header="Build" class="h-full" > 
  at <TabView class="h-full tinker-plants-tabs" > 
  at <TinkerPlants ref="VTU_COMPONENT" > 
  at <VTUROOT>
[Vue warn]: Property "$primevue" was accessed during render but is not defined on instance. 
  at <Dropdown id="Left Wrist-faded" modelValue=null onUpdate:modelValue=fn<onUpdate:modelValue>  ... > 
  at <TabPanel header="Build" class="h-full" > 
  at <TabView class="h-full tinker-plants-tabs" > 
  at <TinkerPlants ref="VTU_COMPONENT" > 
  at <VTUROOT>
[Vue warn]: Property "$primevue" was accessed during render but is not defined on instance. 
  at <InputNumber id="Left Wrist-ql" modelValue=200 onUpdate:modelValue=fn<onUpdate:modelValue>  ... > 
  at <TabPanel header="Build" class="h-full" > 
  at <TabView class="h-full tinker-plants-tabs" > 
  at <TinkerPlants ref="VTU_COMPONENT" > 
  at <VTUROOT>
[Vue warn]: Property "$primevue" was accessed during render but is not defined on instance. 
  at <Dropdown id="Right Hand-shiny" modelValue=null onUpdate:modelValue=fn<onUpdate:modelValue>  ... > 
  at <TabPanel header="Build" class="h-full" > 
  at <TabView class="h-full tinker-plants-tabs" > 
  at <TinkerPlants ref="VTU_COMPONENT" > 
  at <VTUROOT>
[Vue warn]: Property "$primevue" was accessed during render but is not defined on instance. 
  at <Dropdown id="Right Hand-bright" modelValue=null onUpdate:modelValue=fn<onUpdate:modelValue>  ... > 
  at <TabPanel header="Build" class="h-full" > 
  at <TabView class="h-full tinker-plants-tabs" > 
  at <TinkerPlants ref="VTU_COMPONENT" > 
  at <VTUROOT>
[Vue warn]: Property "$primevue" was accessed during render but is not defined on instance. 
  at <Dropdown id="Right Hand-faded" modelValue=null onUpdate:modelValue=fn<onUpdate:modelValue>  ... > 
  at <TabPanel header="Build" class="h-full" > 
  at <TabView class="h-full tinker-plants-tabs" > 
  at <TinkerPlants ref="VTU_COMPONENT" > 
  at <VTUROOT>
[Vue warn]: Property "$primevue" was accessed during render but is not defined on instance. 
  at <InputNumber id="Right Hand-ql" modelValue=200 onUpdate:modelValue=fn<onUpdate:modelValue>  ... > 
  at <TabPanel header="Build" class="h-full" > 
  at <TabView class="h-full tinker-plants-tabs" > 
  at <TinkerPlants ref="VTU_COMPONENT" > 
  at <VTUROOT>
[Vue warn]: Property "$primevue" was accessed during render but is not defined on instance. 
  at <Dropdown id="Leg-shiny" modelValue=null onUpdate:modelValue=fn<onUpdate:modelValue>  ... > 
  at <TabPanel header="Build" class="h-full" > 
  at <TabView class="h-full tinker-plants-tabs" > 
  at <TinkerPlants ref="VTU_COMPONENT" > 
  at <VTUROOT>
[Vue warn]: Property "$primevue" was accessed during render but is not defined on instance. 
  at <Dropdown id="Leg-bright" modelValue=null onUpdate:modelValue=fn<onUpdate:modelValue>  ... > 
  at <TabPanel header="Build" class="h-full" > 
  at <TabView class="h-full tinker-plants-tabs" > 
  at <TinkerPlants ref="VTU_COMPONENT" > 
  at <VTUROOT>
[Vue warn]: Property "$primevue" was accessed during render but is not defined on instance. 
  at <Dropdown id="Leg-faded" modelValue=null onUpdate:modelValue=fn<onUpdate:modelValue>  ... > 
  at <TabPanel header="Build" class="h-full" > 
  at <TabView class="h-full tinker-plants-tabs" > 
  at <TinkerPlants ref="VTU_COMPONENT" > 
  at <VTUROOT>
[Vue warn]: Property "$primevue" was accessed during render but is not defined on instance. 
  at <InputNumber id="Leg-ql" modelValue=200 onUpdate:modelValue=fn<onUpdate:modelValue>  ... > 
  at <TabPanel header="Build" class="h-full" > 
  at <TabView class="h-full tinker-plants-tabs" > 
  at <TinkerPlants ref="VTU_COMPONENT" > 
  at <VTUROOT>
[Vue warn]: Property "$primevue" was accessed during render but is not defined on instance. 
  at <Dropdown id="Left Hand-shiny" modelValue=null onUpdate:modelValue=fn<onUpdate:modelValue>  ... > 
  at <TabPanel header="Build" class="h-full" > 
  at <TabView class="h-full tinker-plants-tabs" > 
  at <TinkerPlants ref="VTU_COMPONENT" > 
  at <VTUROOT>
[Vue warn]: Property "$primevue" was accessed during render but is not defined on instance. 
  at <Dropdown id="Left Hand-bright" modelValue=null onUpdate:modelValue=fn<onUpdate:modelValue>  ... > 
  at <TabPanel header="Build" class="h-full" > 
  at <TabView class="h-full tinker-plants-tabs" > 
  at <TinkerPlants ref="VTU_COMPONENT" > 
  at <VTUROOT>
[Vue warn]: Property "$primevue" was accessed during render but is not defined on instance. 
  at <Dropdown id="Left Hand-faded" modelValue=null onUpdate:modelValue=fn<onUpdate:modelValue>  ... > 
  at <TabPanel header="Build" class="h-full" > 
  at <TabView class="h-full tinker-plants-tabs" > 
  at <TinkerPlants ref="VTU_COMPONENT" > 
  at <VTUROOT>
[Vue warn]: Property "$primevue" was accessed during render but is not defined on instance. 
  at <InputNumber id="Left Hand-ql" modelValue=200 onUpdate:modelValue=fn<onUpdate:modelValue>  ... > 
  at <TabPanel header="Build" class="h-full" > 
  at <TabView class="h-full tinker-plants-tabs" > 
  at <TinkerPlants ref="VTU_COMPONENT" > 
  at <VTUROOT>
[Vue warn]: Property "$primevue" was accessed during render but is not defined on instance. 
  at <Dropdown id="Feet-shiny" modelValue=null onUpdate:modelValue=fn<onUpdate:modelValue>  ... > 
  at <TabPanel header="Build" class="h-full" > 
  at <TabView class="h-full tinker-plants-tabs" > 
  at <TinkerPlants ref="VTU_COMPONENT" > 
  at <VTUROOT>
[Vue warn]: Property "$primevue" was accessed during render but is not defined on instance. 
  at <Dropdown id="Feet-bright" modelValue=null onUpdate:modelValue=fn<onUpdate:modelValue>  ... > 
  at <TabPanel header="Build" class="h-full" > 
  at <TabView class="h-full tinker-plants-tabs" > 
  at <TinkerPlants ref="VTU_COMPONENT" > 
  at <VTUROOT>
[Vue warn]: Property "$primevue" was accessed during render but is not defined on instance. 
  at <Dropdown id="Feet-faded" modelValue=null onUpdate:modelValue=fn<onUpdate:modelValue>  ... > 
  at <TabPanel header="Build" class="h-full" > 
  at <TabView class="h-full tinker-plants-tabs" > 
  at <TinkerPlants ref="VTU_COMPONENT" > 
  at <VTUROOT>
[Vue warn]: Property "$primevue" was accessed during render but is not defined on instance. 
  at <InputNumber id="Feet-ql" modelValue=200 onUpdate:modelValue=fn<onUpdate:modelValue>  ... > 
  at <TabPanel header="Build" class="h-full" > 
  at <TabView class="h-full tinker-plants-tabs" > 
  at <TinkerPlants ref="VTU_COMPONENT" > 
  at <VTUROOT>
[Vue warn]: Extraneous non-props attributes (class) were passed to component but could not be automatically inherited because component renders fragment or text root nodes. 
  at <TabPanel header="Construction" class="h-full" > 
  at <TabView class="h-full tinker-plants-tabs" > 
  at <TinkerPlants ref="VTU_COMPONENT" > 
  at <VTUROOT>
[Vue warn]: Extraneous non-props attributes (class) were passed to component but could not be automatically inherited because component renders fragment or text root nodes. 
  at <TabPanel header="Build" class="h-full" > 
  at <TabView class="h-full tinker-plants-tabs" > 
  at <TinkerPlants ref="VTU_COMPONENT" > 
  at <VTUROOT>
[Vue warn]: Property "$primevue" was accessed during render but is not defined on instance. 
  at <Dropdown id="Eye-shiny" modelValue=null onUpdate:modelValue=fn<onUpdate:modelValue>  ... > 
  at <TabPanel header="Build" class="h-full" > 
  at <TabView class="h-full tinker-plants-tabs" > 
  at <TinkerPlants ref="VTU_COMPONENT" > 
  at <VTUROOT>
[Vue warn]: Property "$primevue" was accessed during render but is not defined on instance. 
  at <Dropdown id="Eye-bright" modelValue=null onUpdate:modelValue=fn<onUpdate:modelValue>  ... > 
  at <TabPanel header="Build" class="h-full" > 
  at <TabView class="h-full tinker-plants-tabs" > 
  at <TinkerPlants ref="VTU_COMPONENT" > 
  at <VTUROOT>
[Vue warn]: Property "$primevue" was accessed during render but is not defined on instance. 
  at <Dropdown id="Eye-faded" modelValue=null onUpdate:modelValue=fn<onUpdate:modelValue>  ... > 
  at <TabPanel header="Build" class="h-full" > 
  at <TabView class="h-full tinker-plants-tabs" > 
  at <TinkerPlants ref="VTU_COMPONENT" > 
  at <VTUROOT>
[Vue warn]: Property "$primevue" was accessed during render but is not defined on instance. 
  at <Dropdown id="Head-shiny" modelValue=null onUpdate:modelValue=fn<onUpdate:modelValue>  ... > 
  at <TabPanel header="Build" class="h-full" > 
  at <TabView class="h-full tinker-plants-tabs" > 
  at <TinkerPlants ref="VTU_COMPONENT" > 
  at <VTUROOT>
[Vue warn]: Property "$primevue" was accessed during render but is not defined on instance. 
  at <Dropdown id="Head-bright" modelValue=null onUpdate:modelValue=fn<onUpdate:modelValue>  ... > 
  at <TabPanel header="Build" class="h-full" > 
  at <TabView class="h-full tinker-plants-tabs" > 
  at <TinkerPlants ref="VTU_COMPONENT" > 
  at <VTUROOT>
[Vue warn]: Property "$primevue" was accessed during render but is not defined on instance. 
  at <Dropdown id="Head-faded" modelValue=null onUpdate:modelValue=fn<onUpdate:modelValue>  ... > 
  at <TabPanel header="Build" class="h-full" > 
  at <TabView class="h-full tinker-plants-tabs" > 
  at <TinkerPlants ref="VTU_COMPONENT" > 
  at <VTUROOT>
[Vue warn]: Property "$primevue" was accessed during render but is not defined on instance. 
  at <Dropdown id="Ear-shiny" modelValue=null onUpdate:modelValue=fn<onUpdate:modelValue>  ... > 
  at <TabPanel header="Build" class="h-full" > 
  at <TabView class="h-full tinker-plants-tabs" > 
  at <TinkerPlants ref="VTU_COMPONENT" > 
  at <VTUROOT>
[Vue warn]: Property "$primevue" was accessed during render but is not defined on instance. 
  at <Dropdown id="Ear-bright" modelValue=null onUpdate:modelValue=fn<onUpdate:modelValue>  ... > 
  at <TabPanel header="Build" class="h-full" > 
  at <TabView class="h-full tinker-plants-tabs" > 
  at <TinkerPlants ref="VTU_COMPONENT" > 
  at <VTUROOT>
[Vue warn]: Property "$primevue" was accessed during render but is not defined on instance. 
  at <Dropdown id="Ear-faded" modelValue=null onUpdate:modelValue=fn<onUpdate:modelValue>  ... > 
  at <TabPanel header="Build" class="h-full" > 
  at <TabView class="h-full tinker-plants-tabs" > 
  at <TinkerPlants ref="VTU_COMPONENT" > 
  at <VTUROOT>
[Vue warn]: Property "$primevue" was accessed during render but is not defined on instance. 
  at <Dropdown id="Right Arm-shiny" modelValue=null onUpdate:modelValue=fn<onUpdate:modelValue>  ... > 
  at <TabPanel header="Build" class="h-full" > 
  at <TabView class="h-full tinker-plants-tabs" > 
  at <TinkerPlants ref="VTU_COMPONENT" > 
  at <VTUROOT>
[Vue warn]: Property "$primevue" was accessed during render but is not defined on instance. 
  at <Dropdown id="Right Arm-bright" modelValue=null onUpdate:modelValue=fn<onUpdate:modelValue>  ... > 
  at <TabPanel header="Build" class="h-full" > 
  at <TabView class="h-full tinker-plants-tabs" > 
  at <TinkerPlants ref="VTU_COMPONENT" > 
  at <VTUROOT>
[Vue warn]: Property "$primevue" was accessed during render but is not defined on instance. 
  at <Dropdown id="Right Arm-faded" modelValue=null onUpdate:modelValue=fn<onUpdate:modelValue>  ... > 
  at <TabPanel header="Build" class="h-full" > 
  at <TabView class="h-full tinker-plants-tabs" > 
  at <TinkerPlants ref="VTU_COMPONENT" > 
  at <VTUROOT>
[Vue warn]: Property "$primevue" was accessed during render but is not defined on instance. 
  at <Dropdown id="Chest-shiny" modelValue=null onUpdate:modelValue=fn<onUpdate:modelValue>  ... > 
  at <TabPanel header="Build" class="h-full" > 
  at <TabView class="h-full tinker-plants-tabs" > 
  at <TinkerPlants ref="VTU_COMPONENT" > 
  at <VTUROOT>
[Vue warn]: Property "$primevue" was accessed during render but is not defined on instance. 
  at <Dropdown id="Chest-bright" modelValue=null onUpdate:modelValue=fn<onUpdate:modelValue>  ... > 
  at <TabPanel header="Build" class="h-full" > 
  at <TabView class="h-full tinker-plants-tabs" > 
  at <TinkerPlants ref="VTU_COMPONENT" > 
  at <VTUROOT>
[Vue warn]: Property "$primevue" was accessed during render but is not defined on instance. 
  at <Dropdown id="Chest-faded" modelValue=null onUpdate:modelValue=fn<onUpdate:modelValue>  ... > 
  at <TabPanel header="Build" class="h-full" > 
  at <TabView class="h-full tinker-plants-tabs" > 
  at <TinkerPlants ref="VTU_COMPONENT" > 
  at <VTUROOT>
[Vue warn]: Property "$primevue" was accessed during render but is not defined on instance. 
  at <Dropdown id="Left Arm-shiny" modelValue=null onUpdate:modelValue=fn<onUpdate:modelValue>  ... > 
  at <TabPanel header="Build" class="h-full" > 
  at <TabView class="h-full tinker-plants-tabs" > 
  at <TinkerPlants ref="VTU_COMPONENT" > 
  at <VTUROOT>
[Vue warn]: Property "$primevue" was accessed during render but is not defined on instance. 
  at <Dropdown id="Left Arm-bright" modelValue=null onUpdate:modelValue=fn<onUpdate:modelValue>  ... > 
  at <TabPanel header="Build" class="h-full" > 
  at <TabView class="h-full tinker-plants-tabs" > 
  at <TinkerPlants ref="VTU_COMPONENT" > 
  at <VTUROOT>
[Vue warn]: Property "$primevue" was accessed during render but is not defined on instance. 
  at <Dropdown id="Left Arm-faded" modelValue=null onUpdate:modelValue=fn<onUpdate:modelValue>  ... > 
  at <TabPanel header="Build" class="h-full" > 
  at <TabView class="h-full tinker-plants-tabs" > 
  at <TinkerPlants ref="VTU_COMPONENT" > 
  at <VTUROOT>
[Vue warn]: Property "$primevue" was accessed during render but is not defined on instance. 
  at <Dropdown id="Right Wrist-shiny" modelValue=null onUpdate:modelValue=fn<onUpdate:modelValue>  ... > 
  at <TabPanel header="Build" class="h-full" > 
  at <TabView class="h-full tinker-plants-tabs" > 
  at <TinkerPlants ref="VTU_COMPONENT" > 
  at <VTUROOT>
[Vue warn]: Property "$primevue" was accessed during render but is not defined on instance. 
  at <Dropdown id="Right Wrist-bright" modelValue=null onUpdate:modelValue=fn<onUpdate:modelValue>  ... > 
  at <TabPanel header="Build" class="h-full" > 
  at <TabView class="h-full tinker-plants-tabs" > 
  at <TinkerPlants ref="VTU_COMPONENT" > 
  at <VTUROOT>
[Vue warn]: Property "$primevue" was accessed during render but is not defined on instance. 
  at <Dropdown id="Right Wrist-faded" modelValue=null onUpdate:modelValue=fn<onUpdate:modelValue>  ... > 
  at <TabPanel header="Build" class="h-full" > 
  at <TabView class="h-full tinker-plants-tabs" > 
  at <TinkerPlants ref="VTU_COMPONENT" > 
  at <VTUROOT>
[Vue warn]: Property "$primevue" was accessed during render but is not defined on instance. 
  at <Dropdown id="Waist-shiny" modelValue=null onUpdate:modelValue=fn<onUpdate:modelValue>  ... > 
  at <TabPanel header="Build" class="h-full" > 
  at <TabView class="h-full tinker-plants-tabs" > 
  at <TinkerPlants ref="VTU_COMPONENT" > 
  at <VTUROOT>
[Vue warn]: Property "$primevue" was accessed during render but is not defined on instance. 
  at <Dropdown id="Waist-bright" modelValue=null onUpdate:modelValue=fn<onUpdate:modelValue>  ... > 
  at <TabPanel header="Build" class="h-full" > 
  at <TabView class="h-full tinker-plants-tabs" > 
  at <TinkerPlants ref="VTU_COMPONENT" > 
  at <VTUROOT>
[Vue warn]: Property "$primevue" was accessed during render but is not defined on instance. 
  at <Dropdown id="Waist-faded" modelValue=null onUpdate:modelValue=fn<onUpdate:modelValue>  ... > 
  at <TabPanel header="Build" class="h-full" > 
  at <TabView class="h-full tinker-plants-tabs" > 
  at <TinkerPlants ref="VTU_COMPONENT" > 
  at <VTUROOT>
[Vue warn]: Property "$primevue" was accessed during render but is not defined on instance. 
  at <Dropdown id="Left Wrist-shiny" modelValue=null onUpdate:modelValue=fn<onUpdate:modelValue>  ... > 
  at <TabPanel header="Build" class="h-full" > 
  at <TabView class="h-full tinker-plants-tabs" > 
  at <TinkerPlants ref="VTU_COMPONENT" > 
  at <VTUROOT>
[Vue warn]: Property "$primevue" was accessed during render but is not defined on instance. 
  at <Dropdown id="Left Wrist-bright" modelValue=null onUpdate:modelValue=fn<onUpdate:modelValue>  ... > 
  at <TabPanel header="Build" class="h-full" > 
  at <TabView class="h-full tinker-plants-tabs" > 
  at <TinkerPlants ref="VTU_COMPONENT" > 
  at <VTUROOT>
[Vue warn]: Property "$primevue" was accessed during render but is not defined on instance. 
  at <Dropdown id="Left Wrist-faded" modelValue=null onUpdate:modelValue=fn<onUpdate:modelValue>  ... > 
  at <TabPanel header="Build" class="h-full" > 
  at <TabView class="h-full tinker-plants-tabs" > 
  at <TinkerPlants ref="VTU_COMPONENT" > 
  at <VTUROOT>
[Vue warn]: Property "$primevue" was accessed during render but is not defined on instance. 
  at <Dropdown id="Right Hand-shiny" modelValue=null onUpdate:modelValue=fn<onUpdate:modelValue>  ... > 
  at <TabPanel header="Build" class="h-full" > 
  at <TabView class="h-full tinker-plants-tabs" > 
  at <TinkerPlants ref="VTU_COMPONENT" > 
  at <VTUROOT>
[Vue warn]: Property "$primevue" was accessed during render but is not defined on instance. 
  at <Dropdown id="Right Hand-bright" modelValue=null onUpdate:modelValue=fn<onUpdate:modelValue>  ... > 
  at <TabPanel header="Build" class="h-full" > 
  at <TabView class="h-full tinker-plants-tabs" > 
  at <TinkerPlants ref="VTU_COMPONENT" > 
  at <VTUROOT>
[Vue warn]: Property "$primevue" was accessed during render but is not defined on instance. 
  at <Dropdown id="Right Hand-faded" modelValue=null onUpdate:modelValue=fn<onUpdate:modelValue>  ... > 
  at <TabPanel header="Build" class="h-full" > 
  at <TabView class="h-full tinker-plants-tabs" > 
  at <TinkerPlants ref="VTU_COMPONENT" > 
  at <VTUROOT>
[Vue warn]: Property "$primevue" was accessed during render but is not defined on instance. 
  at <Dropdown id="Leg-shiny" modelValue=null onUpdate:modelValue=fn<onUpdate:modelValue>  ... > 
  at <TabPanel header="Build" class="h-full" > 
  at <TabView class="h-full tinker-plants-tabs" > 
  at <TinkerPlants ref="VTU_COMPONENT" > 
  at <VTUROOT>
[Vue warn]: Property "$primevue" was accessed during render but is not defined on instance. 
  at <Dropdown id="Leg-bright" modelValue=null onUpdate:modelValue=fn<onUpdate:modelValue>  ... > 
  at <TabPanel header="Build" class="h-full" > 
  at <TabView class="h-full tinker-plants-tabs" > 
  at <TinkerPlants ref="VTU_COMPONENT" > 
  at <VTUROOT>
[Vue warn]: Property "$primevue" was accessed during render but is not defined on instance. 
  at <Dropdown id="Leg-faded" modelValue=null onUpdate:modelValue=fn<onUpdate:modelValue>  ... > 
  at <TabPanel header="Build" class="h-full" > 
  at <TabView class="h-full tinker-plants-tabs" > 
  at <TinkerPlants ref="VTU_COMPONENT" > 
  at <VTUROOT>
[Vue warn]: Property "$primevue" was accessed during render but is not defined on instance. 
  at <Dropdown id="Left Hand-shiny" modelValue=null onUpdate:modelValue=fn<onUpdate:modelValue>  ... > 
  at <TabPanel header="Build" class="h-full" > 
  at <TabView class="h-full tinker-plants-tabs" > 
  at <TinkerPlants ref="VTU_COMPONENT" > 
  at <VTUROOT>
[Vue warn]: Property "$primevue" was accessed during render but is not defined on instance. 
  at <Dropdown id="Left Hand-bright" modelValue=null onUpdate:modelValue=fn<onUpdate:modelValue>  ... > 
  at <TabPanel header="Build" class="h-full" > 
  at <TabView class="h-full tinker-plants-tabs" > 
  at <TinkerPlants ref="VTU_COMPONENT" > 
  at <VTUROOT>
[Vue warn]: Property "$primevue" was accessed during render but is not defined on instance. 
  at <Dropdown id="Left Hand-faded" modelValue=null onUpdate:modelValue=fn<onUpdate:modelValue>  ... > 
  at <TabPanel header="Build" class="h-full" > 
  at <TabView class="h-full tinker-plants-tabs" > 
  at <TinkerPlants ref="VTU_COMPONENT" > 
  at <VTUROOT>
[Vue warn]: Property "$primevue" was accessed during render but is not defined on instance. 
  at <Dropdown id="Feet-shiny" modelValue=null onUpdate:modelValue=fn<onUpdate:modelValue>  ... > 
  at <TabPanel header="Build" class="h-full" > 
  at <TabView class="h-full tinker-plants-tabs" > 
  at <TinkerPlants ref="VTU_COMPONENT" > 
  at <VTUROOT>
[Vue warn]: Property "$primevue" was accessed during render but is not defined on instance. 
  at <Dropdown id="Feet-bright" modelValue=null onUpdate:modelValue=fn<onUpdate:modelValue>  ... > 
  at <TabPanel header="Build" class="h-full" > 
  at <TabView class="h-full tinker-plants-tabs" > 
  at <TinkerPlants ref="VTU_COMPONENT" > 
  at <VTUROOT>
[Vue warn]: Property "$primevue" was accessed during render but is not defined on instance. 
  at <Dropdown id="Feet-faded" modelValue=null onUpdate:modelValue=fn<onUpdate:modelValue>  ... > 
  at <TabPanel header="Build" class="h-full" > 
  at <TabView class="h-full tinker-plants-tabs" > 
  at <TinkerPlants ref="VTU_COMPONENT" > 
  at <VTUROOT>
[Vue warn]: Extraneous non-props attributes (class) were passed to component but could not be automatically inherited because component renders fragment or text root nodes. 
  at <TabPanel header="Construction" class="h-full" > 
  at <TabView class="h-full tinker-plants-tabs" > 
  at <TinkerPlants ref="VTU_COMPONENT" > 
  at <VTUROOT>

stderr | src/__tests__/views/TinkerPlants.simple.test.ts > TinkerPlants - Simple Tests > Computed Properties > calculates bonuses correctly
[Vue warn]: Property "$primevue" was accessed during render but is not defined on instance. 
  at <InputNumber id="ql-input" modelValue=200 onUpdate:modelValue=fn  ... > 
  at <TinkerPlants ref="VTU_COMPONENT" > 
  at <VTUROOT>
[Vue warn]: Extraneous non-props attributes (class) were passed to component but could not be automatically inherited because component renders fragment or text root nodes. 
  at <TabPanel header="Build" class="h-full" > 
  at <TabView class="h-full tinker-plants-tabs" > 
  at <TinkerPlants ref="VTU_COMPONENT" > 
  at <VTUROOT>
[Vue warn]: Property "$primevue" was accessed during render but is not defined on instance. 
  at <Dropdown id="Eye-shiny" modelValue=null onUpdate:modelValue=fn<onUpdate:modelValue>  ... > 
  at <TabPanel header="Build" class="h-full" > 
  at <TabView class="h-full tinker-plants-tabs" > 
  at <TinkerPlants ref="VTU_COMPONENT" > 
  at <VTUROOT>
[Vue warn]: Property "$primevue" was accessed during render but is not defined on instance. 
  at <Dropdown id="Eye-bright" modelValue=null onUpdate:modelValue=fn<onUpdate:modelValue>  ... > 
  at <TabPanel header="Build" class="h-full" > 
  at <TabView class="h-full tinker-plants-tabs" > 
  at <TinkerPlants ref="VTU_COMPONENT" > 
  at <VTUROOT>
[Vue warn]: Property "$primevue" was accessed during render but is not defined on instance. 
  at <Dropdown id="Eye-faded" modelValue=null onUpdate:modelValue=fn<onUpdate:modelValue>  ... > 
  at <TabPanel header="Build" class="h-full" > 
  at <TabView class="h-full tinker-plants-tabs" > 
  at <TinkerPlants ref="VTU_COMPONENT" > 
  at <VTUROOT>
[Vue warn]: Property "$primevue" was accessed during render but is not defined on instance. 
  at <InputNumber id="Eye-ql" modelValue=200 onUpdate:modelValue=fn<onUpdate:modelValue>  ... > 
  at <TabPanel header="Build" class="h-full" > 
  at <TabView class="h-full tinker-plants-tabs" > 
  at <TinkerPlants ref="VTU_COMPONENT" > 
  at <VTUROOT>
[Vue warn]: Property "$primevue" was accessed during render but is not defined on instance. 
  at <Dropdown id="Head-shiny" modelValue=null onUpdate:modelValue=fn<onUpdate:modelValue>  ... > 
  at <TabPanel header="Build" class="h-full" > 
  at <TabView class="h-full tinker-plants-tabs" > 
  at <TinkerPlants ref="VTU_COMPONENT" > 
  at <VTUROOT>
[Vue warn]: Property "$primevue" was accessed during render but is not defined on instance. 
  at <Dropdown id="Head-bright" modelValue=null onUpdate:modelValue=fn<onUpdate:modelValue>  ... > 
  at <TabPanel header="Build" class="h-full" > 
  at <TabView class="h-full tinker-plants-tabs" > 
  at <TinkerPlants ref="VTU_COMPONENT" > 
  at <VTUROOT>
[Vue warn]: Property "$primevue" was accessed during render but is not defined on instance. 
  at <Dropdown id="Head-faded" modelValue=null onUpdate:modelValue=fn<onUpdate:modelValue>  ... > 
  at <TabPanel header="Build" class="h-full" > 
  at <TabView class="h-full tinker-plants-tabs" > 
  at <TinkerPlants ref="VTU_COMPONENT" > 
  at <VTUROOT>
[Vue warn]: Property "$primevue" was accessed during render but is not defined on instance. 
  at <InputNumber id="Head-ql" modelValue=200 onUpdate:modelValue=fn<onUpdate:modelValue>  ... > 
  at <TabPanel header="Build" class="h-full" > 
  at <TabView class="h-full tinker-plants-tabs" > 
  at <TinkerPlants ref="VTU_COMPONENT" > 
  at <VTUROOT>
[Vue warn]: Property "$primevue" was accessed during render but is not defined on instance. 
  at <Dropdown id="Ear-shiny" modelValue=null onUpdate:modelValue=fn<onUpdate:modelValue>  ... > 
  at <TabPanel header="Build" class="h-full" > 
  at <TabView class="h-full tinker-plants-tabs" > 
  at <TinkerPlants ref="VTU_COMPONENT" > 
  at <VTUROOT>
[Vue warn]: Property "$primevue" was accessed during render but is not defined on instance. 
  at <Dropdown id="Ear-bright" modelValue=null onUpdate:modelValue=fn<onUpdate:modelValue>  ... > 
  at <TabPanel header="Build" class="h-full" > 
  at <TabView class="h-full tinker-plants-tabs" > 
  at <TinkerPlants ref="VTU_COMPONENT" > 
  at <VTUROOT>
[Vue warn]: Property "$primevue" was accessed during render but is not defined on instance. 
  at <Dropdown id="Ear-faded" modelValue=null onUpdate:modelValue=fn<onUpdate:modelValue>  ... > 
  at <TabPanel header="Build" class="h-full" > 
  at <TabView class="h-full tinker-plants-tabs" > 
  at <TinkerPlants ref="VTU_COMPONENT" > 
  at <VTUROOT>
[Vue warn]: Property "$primevue" was accessed during render but is not defined on instance. 
  at <InputNumber id="Ear-ql" modelValue=200 onUpdate:modelValue=fn<onUpdate:modelValue>  ... > 
  at <TabPanel header="Build" class="h-full" > 
  at <TabView class="h-full tinker-plants-tabs" > 
  at <TinkerPlants ref="VTU_COMPONENT" > 
  at <VTUROOT>
[Vue warn]: Property "$primevue" was accessed during render but is not defined on instance. 
  at <Dropdown id="Right Arm-shiny" modelValue=null onUpdate:modelValue=fn<onUpdate:modelValue>  ... > 
  at <TabPanel header="Build" class="h-full" > 
  at <TabView class="h-full tinker-plants-tabs" > 
  at <TinkerPlants ref="VTU_COMPONENT" > 
  at <VTUROOT>
[Vue warn]: Property "$primevue" was accessed during render but is not defined on instance. 
  at <Dropdown id="Right Arm-bright" modelValue=null onUpdate:modelValue=fn<onUpdate:modelValue>  ... > 
  at <TabPanel header="Build" class="h-full" > 
  at <TabView class="h-full tinker-plants-tabs" > 
  at <TinkerPlants ref="VTU_COMPONENT" > 
  at <VTUROOT>
[Vue warn]: Property "$primevue" was accessed during render but is not defined on instance. 
  at <Dropdown id="Right Arm-faded" modelValue=null onUpdate:modelValue=fn<onUpdate:modelValue>  ... > 
  at <TabPanel header="Build" class="h-full" > 
  at <TabView class="h-full tinker-plants-tabs" > 
  at <TinkerPlants ref="VTU_COMPONENT" > 
  at <VTUROOT>
[Vue warn]: Property "$primevue" was accessed during render but is not defined on instance. 
  at <InputNumber id="Right Arm-ql" modelValue=200 onUpdate:modelValue=fn<onUpdate:modelValue>  ... > 
  at <TabPanel header="Build" class="h-full" > 
  at <TabView class="h-full tinker-plants-tabs" > 
  at <TinkerPlants ref="VTU_COMPONENT" > 
  at <VTUROOT>
[Vue warn]: Property "$primevue" was accessed during render but is not defined on instance. 
  at <Dropdown id="Chest-shiny" modelValue=null onUpdate:modelValue=fn<onUpdate:modelValue>  ... > 
  at <TabPanel header="Build" class="h-full" > 
  at <TabView class="h-full tinker-plants-tabs" > 
  at <TinkerPlants ref="VTU_COMPONENT" > 
  at <VTUROOT>
[Vue warn]: Property "$primevue" was accessed during render but is not defined on instance. 
  at <Dropdown id="Chest-bright" modelValue=null onUpdate:modelValue=fn<onUpdate:modelValue>  ... > 
  at <TabPanel header="Build" class="h-full" > 
  at <TabView class="h-full tinker-plants-tabs" > 
  at <TinkerPlants ref="VTU_COMPONENT" > 
  at <VTUROOT>
[Vue warn]: Property "$primevue" was accessed during render but is not defined on instance. 
  at <Dropdown id="Chest-faded" modelValue=null onUpdate:modelValue=fn<onUpdate:modelValue>  ... > 
  at <TabPanel header="Build" class="h-full" > 
  at <TabView class="h-full tinker-plants-tabs" > 
  at <TinkerPlants ref="VTU_COMPONENT" > 
  at <VTUROOT>
[Vue warn]: Property "$primevue" was accessed during render but is not defined on instance. 
  at <InputNumber id="Chest-ql" modelValue=200 onUpdate:modelValue=fn<onUpdate:modelValue>  ... > 
  at <TabPanel header="Build" class="h-full" > 
  at <TabView class="h-full tinker-plants-tabs" > 
  at <TinkerPlants ref="VTU_COMPONENT" > 
  at <VTUROOT>
[Vue warn]: Property "$primevue" was accessed during render but is not defined on instance. 
  at <Dropdown id="Left Arm-shiny" modelValue=null onUpdate:modelValue=fn<onUpdate:modelValue>  ... > 
  at <TabPanel header="Build" class="h-full" > 
  at <TabView class="h-full tinker-plants-tabs" > 
  at <TinkerPlants ref="VTU_COMPONENT" > 
  at <VTUROOT>
[Vue warn]: Property "$primevue" was accessed during render but is not defined on instance. 
  at <Dropdown id="Left Arm-bright" modelValue=null onUpdate:modelValue=fn<onUpdate:modelValue>  ... > 
  at <TabPanel header="Build" class="h-full" > 
  at <TabView class="h-full tinker-plants-tabs" > 
  at <TinkerPlants ref="VTU_COMPONENT" > 
  at <VTUROOT>
[Vue warn]: Property "$primevue" was accessed during render but is not defined on instance. 
  at <Dropdown id="Left Arm-faded" modelValue=null onUpdate:modelValue=fn<onUpdate:modelValue>  ... > 
  at <TabPanel header="Build" class="h-full" > 
  at <TabView class="h-full tinker-plants-tabs" > 
  at <TinkerPlants ref="VTU_COMPONENT" > 
  at <VTUROOT>
[Vue warn]: Property "$primevue" was accessed during render but is not defined on instance. 
  at <InputNumber id="Left Arm-ql" modelValue=200 onUpdate:modelValue=fn<onUpdate:modelValue>  ... > 
  at <TabPanel header="Build" class="h-full" > 
  at <TabView class="h-full tinker-plants-tabs" > 
  at <TinkerPlants ref="VTU_COMPONENT" > 
  at <VTUROOT>
[Vue warn]: Property "$primevue" was accessed during render but is not defined on instance. 
  at <Dropdown id="Right Wrist-shiny" modelValue=null onUpdate:modelValue=fn<onUpdate:modelValue>  ... > 
  at <TabPanel header="Build" class="h-full" > 
  at <TabView class="h-full tinker-plants-tabs" > 
  at <TinkerPlants ref="VTU_COMPONENT" > 
  at <VTUROOT>
[Vue warn]: Property "$primevue" was accessed during render but is not defined on instance. 
  at <Dropdown id="Right Wrist-bright" modelValue=null onUpdate:modelValue=fn<onUpdate:modelValue>  ... > 
  at <TabPanel header="Build" class="h-full" > 
  at <TabView class="h-full tinker-plants-tabs" > 
  at <TinkerPlants ref="VTU_COMPONENT" > 
  at <VTUROOT>
[Vue warn]: Property "$primevue" was accessed during render but is not defined on instance. 
  at <Dropdown id="Right Wrist-faded" modelValue=null onUpdate:modelValue=fn<onUpdate:modelValue>  ... > 
  at <TabPanel header="Build" class="h-full" > 
  at <TabView class="h-full tinker-plants-tabs" > 
  at <TinkerPlants ref="VTU_COMPONENT" > 
  at <VTUROOT>
[Vue warn]: Property "$primevue" was accessed during render but is not defined on instance. 
  at <InputNumber id="Right Wrist-ql" modelValue=200 onUpdate:modelValue=fn<onUpdate:modelValue>  ... > 
  at <TabPanel header="Build" class="h-full" > 
  at <TabView class="h-full tinker-plants-tabs" > 
  at <TinkerPlants ref="VTU_COMPONENT" > 
  at <VTUROOT>
[Vue warn]: Property "$primevue" was accessed during render but is not defined on instance. 
  at <Dropdown id="Waist-shiny" modelValue=null onUpdate:modelValue=fn<onUpdate:modelValue>  ... > 
  at <TabPanel header="Build" class="h-full" > 
  at <TabView class="h-full tinker-plants-tabs" > 
  at <TinkerPlants ref="VTU_COMPONENT" > 
  at <VTUROOT>
[Vue warn]: Property "$primevue" was accessed during render but is not defined on instance. 
  at <Dropdown id="Waist-bright" modelValue=null onUpdate:modelValue=fn<onUpdate:modelValue>  ... > 
  at <TabPanel header="Build" class="h-full" > 
  at <TabView class="h-full tinker-plants-tabs" > 
  at <TinkerPlants ref="VTU_COMPONENT" > 
  at <VTUROOT>
[Vue warn]: Property "$primevue" was accessed during render but is not defined on instance. 
  at <Dropdown id="Waist-faded" modelValue=null onUpdate:modelValue=fn<onUpdate:modelValue>  ... > 
  at <TabPanel header="Build" class="h-full" > 
  at <TabView class="h-full tinker-plants-tabs" > 
  at <TinkerPlants ref="VTU_COMPONENT" > 
  at <VTUROOT>
[Vue warn]: Property "$primevue" was accessed during render but is not defined on instance. 
  at <InputNumber id="Waist-ql" modelValue=200 onUpdate:modelValue=fn<onUpdate:modelValue>  ... > 
  at <TabPanel header="Build" class="h-full" > 
  at <TabView class="h-full tinker-plants-tabs" > 
  at <TinkerPlants ref="VTU_COMPONENT" > 
  at <VTUROOT>
[Vue warn]: Property "$primevue" was accessed during render but is not defined on instance. 
  at <Dropdown id="Left Wrist-shiny" modelValue=null onUpdate:modelValue=fn<onUpdate:modelValue>  ... > 
  at <TabPanel header="Build" class="h-full" > 
  at <TabView class="h-full tinker-plants-tabs" > 
  at <TinkerPlants ref="VTU_COMPONENT" > 
  at <VTUROOT>
[Vue warn]: Property "$primevue" was accessed during render but is not defined on instance. 
  at <Dropdown id="Left Wrist-bright" modelValue=null onUpdate:modelValue=fn<onUpdate:modelValue>  ... > 
  at <TabPanel header="Build" class="h-full" > 
  at <TabView class="h-full tinker-plants-tabs" > 
  at <TinkerPlants ref="VTU_COMPONENT" > 
  at <VTUROOT>
[Vue warn]: Property "$primevue" was accessed during render but is not defined on instance. 
  at <Dropdown id="Left Wrist-faded" modelValue=null onUpdate:modelValue=fn<onUpdate:modelValue>  ... > 
  at <TabPanel header="Build" class="h-full" > 
  at <TabView class="h-full tinker-plants-tabs" > 
  at <TinkerPlants ref="VTU_COMPONENT" > 
  at <VTUROOT>
[Vue warn]: Property "$primevue" was accessed during render but is not defined on instance. 
  at <InputNumber id="Left Wrist-ql" modelValue=200 onUpdate:modelValue=fn<onUpdate:modelValue>  ... > 
  at <TabPanel header="Build" class="h-full" > 
  at <TabView class="h-full tinker-plants-tabs" > 
  at <TinkerPlants ref="VTU_COMPONENT" > 
  at <VTUROOT>
[Vue warn]: Property "$primevue" was accessed during render but is not defined on instance. 
  at <Dropdown id="Right Hand-shiny" modelValue=null onUpdate:modelValue=fn<onUpdate:modelValue>  ... > 
  at <TabPanel header="Build" class="h-full" > 
  at <TabView class="h-full tinker-plants-tabs" > 
  at <TinkerPlants ref="VTU_COMPONENT" > 
  at <VTUROOT>
[Vue warn]: Property "$primevue" was accessed during render but is not defined on instance. 
  at <Dropdown id="Right Hand-bright" modelValue=null onUpdate:modelValue=fn<onUpdate:modelValue>  ... > 
  at <TabPanel header="Build" class="h-full" > 
  at <TabView class="h-full tinker-plants-tabs" > 
  at <TinkerPlants ref="VTU_COMPONENT" > 
  at <VTUROOT>
[Vue warn]: Property "$primevue" was accessed during render but is not defined on instance. 
  at <Dropdown id="Right Hand-faded" modelValue=null onUpdate:modelValue=fn<onUpdate:modelValue>  ... > 
  at <TabPanel header="Build" class="h-full" > 
  at <TabView class="h-full tinker-plants-tabs" > 
  at <TinkerPlants ref="VTU_COMPONENT" > 
  at <VTUROOT>
[Vue warn]: Property "$primevue" was accessed during render but is not defined on instance. 
  at <InputNumber id="Right Hand-ql" modelValue=200 onUpdate:modelValue=fn<onUpdate:modelValue>  ... > 
  at <TabPanel header="Build" class="h-full" > 
  at <TabView class="h-full tinker-plants-tabs" > 
  at <TinkerPlants ref="VTU_COMPONENT" > 
  at <VTUROOT>
[Vue warn]: Property "$primevue" was accessed during render but is not defined on instance. 
  at <Dropdown id="Leg-shiny" modelValue=null onUpdate:modelValue=fn<onUpdate:modelValue>  ... > 
  at <TabPanel header="Build" class="h-full" > 
  at <TabView class="h-full tinker-plants-tabs" > 
  at <TinkerPlants ref="VTU_COMPONENT" > 
  at <VTUROOT>
[Vue warn]: Property "$primevue" was accessed during render but is not defined on instance. 
  at <Dropdown id="Leg-bright" modelValue=null onUpdate:modelValue=fn<onUpdate:modelValue>  ... > 
  at <TabPanel header="Build" class="h-full" > 
  at <TabView class="h-full tinker-plants-tabs" > 
  at <TinkerPlants ref="VTU_COMPONENT" > 
  at <VTUROOT>
[Vue warn]: Property "$primevue" was accessed during render but is not defined on instance. 
  at <Dropdown id="Leg-faded" modelValue=null onUpdate:modelValue=fn<onUpdate:modelValue>  ... > 
  at <TabPanel header="Build" class="h-full" > 
  at <TabView class="h-full tinker-plants-tabs" > 
  at <TinkerPlants ref="VTU_COMPONENT" > 
  at <VTUROOT>
[Vue warn]: Property "$primevue" was accessed during render but is not defined on instance. 
  at <InputNumber id="Leg-ql" modelValue=200 onUpdate:modelValue=fn<onUpdate:modelValue>  ... > 
  at <TabPanel header="Build" class="h-full" > 
  at <TabView class="h-full tinker-plants-tabs" > 
  at <TinkerPlants ref="VTU_COMPONENT" > 
  at <VTUROOT>
[Vue warn]: Property "$primevue" was accessed during render but is not defined on instance. 
  at <Dropdown id="Left Hand-shiny" modelValue=null onUpdate:modelValue=fn<onUpdate:modelValue>  ... > 
  at <TabPanel header="Build" class="h-full" > 
  at <TabView class="h-full tinker-plants-tabs" > 
  at <TinkerPlants ref="VTU_COMPONENT" > 
  at <VTUROOT>
[Vue warn]: Property "$primevue" was accessed during render but is not defined on instance. 
  at <Dropdown id="Left Hand-bright" modelValue=null onUpdate:modelValue=fn<onUpdate:modelValue>  ... > 
  at <TabPanel header="Build" class="h-full" > 
  at <TabView class="h-full tinker-plants-tabs" > 
  at <TinkerPlants ref="VTU_COMPONENT" > 
  at <VTUROOT>
[Vue warn]: Property "$primevue" was accessed during render but is not defined on instance. 
  at <Dropdown id="Left Hand-faded" modelValue=null onUpdate:modelValue=fn<onUpdate:modelValue>  ... > 
  at <TabPanel header="Build" class="h-full" > 
  at <TabView class="h-full tinker-plants-tabs" > 
  at <TinkerPlants ref="VTU_COMPONENT" > 
  at <VTUROOT>
[Vue warn]: Property "$primevue" was accessed during render but is not defined on instance. 
  at <InputNumber id="Left Hand-ql" modelValue=200 onUpdate:modelValue=fn<onUpdate:modelValue>  ... > 
  at <TabPanel header="Build" class="h-full" > 
  at <TabView class="h-full tinker-plants-tabs" > 
  at <TinkerPlants ref="VTU_COMPONENT" > 
  at <VTUROOT>
[Vue warn]: Property "$primevue" was accessed during render but is not defined on instance. 
  at <Dropdown id="Feet-shiny" modelValue=null onUpdate:modelValue=fn<onUpdate:modelValue>  ... > 
  at <TabPanel header="Build" class="h-full" > 
  at <TabView class="h-full tinker-plants-tabs" > 
  at <TinkerPlants ref="VTU_COMPONENT" > 
  at <VTUROOT>
[Vue warn]: Property "$primevue" was accessed during render but is not defined on instance. 
  at <Dropdown id="Feet-bright" modelValue=null onUpdate:modelValue=fn<onUpdate:modelValue>  ... > 
  at <TabPanel header="Build" class="h-full" > 
  at <TabView class="h-full tinker-plants-tabs" > 
  at <TinkerPlants ref="VTU_COMPONENT" > 
  at <VTUROOT>
[Vue warn]: Property "$primevue" was accessed during render but is not defined on instance. 
  at <Dropdown id="Feet-faded" modelValue=null onUpdate:modelValue=fn<onUpdate:modelValue>  ... > 
  at <TabPanel header="Build" class="h-full" > 
  at <TabView class="h-full tinker-plants-tabs" > 
  at <TinkerPlants ref="VTU_COMPONENT" > 
  at <VTUROOT>
[Vue warn]: Property "$primevue" was accessed during render but is not defined on instance. 
  at <InputNumber id="Feet-ql" modelValue=200 onUpdate:modelValue=fn<onUpdate:modelValue>  ... > 
  at <TabPanel header="Build" class="h-full" > 
  at <TabView class="h-full tinker-plants-tabs" > 
  at <TinkerPlants ref="VTU_COMPONENT" > 
  at <VTUROOT>
[Vue warn]: Extraneous non-props attributes (class) were passed to component but could not be automatically inherited because component renders fragment or text root nodes. 
  at <TabPanel header="Construction" class="h-full" > 
  at <TabView class="h-full tinker-plants-tabs" > 
  at <TinkerPlants ref="VTU_COMPONENT" > 
  at <VTUROOT>
[Vue warn]: Extraneous non-props attributes (class) were passed to component but could not be automatically inherited because component renders fragment or text root nodes. 
  at <TabPanel header="Build" class="h-full" > 
  at <TabView class="h-full tinker-plants-tabs" > 
  at <TinkerPlants ref="VTU_COMPONENT" > 
  at <VTUROOT>
[Vue warn]: Property "$primevue" was accessed during render but is not defined on instance. 
  at <Dropdown id="Eye-shiny" modelValue=null onUpdate:modelValue=fn<onUpdate:modelValue>  ... > 
  at <TabPanel header="Build" class="h-full" > 
  at <TabView class="h-full tinker-plants-tabs" > 
  at <TinkerPlants ref="VTU_COMPONENT" > 
  at <VTUROOT>
[Vue warn]: Property "$primevue" was accessed during render but is not defined on instance. 
  at <Dropdown id="Eye-bright" modelValue=null onUpdate:modelValue=fn<onUpdate:modelValue>  ... > 
  at <TabPanel header="Build" class="h-full" > 
  at <TabView class="h-full tinker-plants-tabs" > 
  at <TinkerPlants ref="VTU_COMPONENT" > 
  at <VTUROOT>
[Vue warn]: Property "$primevue" was accessed during render but is not defined on instance. 
  at <Dropdown id="Eye-faded" modelValue=null onUpdate:modelValue=fn<onUpdate:modelValue>  ... > 
  at <TabPanel header="Build" class="h-full" > 
  at <TabView class="h-full tinker-plants-tabs" > 
  at <TinkerPlants ref="VTU_COMPONENT" > 
  at <VTUROOT>
[Vue warn]: Property "$primevue" was accessed during render but is not defined on instance. 
  at <Dropdown id="Head-shiny" modelValue=null onUpdate:modelValue=fn<onUpdate:modelValue>  ... > 
  at <TabPanel header="Build" class="h-full" > 
  at <TabView class="h-full tinker-plants-tabs" > 
  at <TinkerPlants ref="VTU_COMPONENT" > 
  at <VTUROOT>
[Vue warn]: Property "$primevue" was accessed during render but is not defined on instance. 
  at <Dropdown id="Head-bright" modelValue=null onUpdate:modelValue=fn<onUpdate:modelValue>  ... > 
  at <TabPanel header="Build" class="h-full" > 
  at <TabView class="h-full tinker-plants-tabs" > 
  at <TinkerPlants ref="VTU_COMPONENT" > 
  at <VTUROOT>
[Vue warn]: Property "$primevue" was accessed during render but is not defined on instance. 
  at <Dropdown id="Head-faded" modelValue=null onUpdate:modelValue=fn<onUpdate:modelValue>  ... > 
  at <TabPanel header="Build" class="h-full" > 
  at <TabView class="h-full tinker-plants-tabs" > 
  at <TinkerPlants ref="VTU_COMPONENT" > 
  at <VTUROOT>
[Vue warn]: Property "$primevue" was accessed during render but is not defined on instance. 
  at <Dropdown id="Ear-shiny" modelValue=null onUpdate:modelValue=fn<onUpdate:modelValue>  ... > 
  at <TabPanel header="Build" class="h-full" > 
  at <TabView class="h-full tinker-plants-tabs" > 
  at <TinkerPlants ref="VTU_COMPONENT" > 
  at <VTUROOT>
[Vue warn]: Property "$primevue" was accessed during render but is not defined on instance. 
  at <Dropdown id="Ear-bright" modelValue=null onUpdate:modelValue=fn<onUpdate:modelValue>  ... > 
  at <TabPanel header="Build" class="h-full" > 
  at <TabView class="h-full tinker-plants-tabs" > 
  at <TinkerPlants ref="VTU_COMPONENT" > 
  at <VTUROOT>
[Vue warn]: Property "$primevue" was accessed during render but is not defined on instance. 
  at <Dropdown id="Ear-faded" modelValue=null onUpdate:modelValue=fn<onUpdate:modelValue>  ... > 
  at <TabPanel header="Build" class="h-full" > 
  at <TabView class="h-full tinker-plants-tabs" > 
  at <TinkerPlants ref="VTU_COMPONENT" > 
  at <VTUROOT>
[Vue warn]: Property "$primevue" was accessed during render but is not defined on instance. 
  at <Dropdown id="Right Arm-shiny" modelValue=null onUpdate:modelValue=fn<onUpdate:modelValue>  ... > 
  at <TabPanel header="Build" class="h-full" > 
  at <TabView class="h-full tinker-plants-tabs" > 
  at <TinkerPlants ref="VTU_COMPONENT" > 
  at <VTUROOT>
[Vue warn]: Property "$primevue" was accessed during render but is not defined on instance. 
  at <Dropdown id="Right Arm-bright" modelValue=null onUpdate:modelValue=fn<onUpdate:modelValue>  ... > 
  at <TabPanel header="Build" class="h-full" > 
  at <TabView class="h-full tinker-plants-tabs" > 
  at <TinkerPlants ref="VTU_COMPONENT" > 
  at <VTUROOT>
[Vue warn]: Property "$primevue" was accessed during render but is not defined on instance. 
  at <Dropdown id="Right Arm-faded" modelValue=null onUpdate:modelValue=fn<onUpdate:modelValue>  ... > 
  at <TabPanel header="Build" class="h-full" > 
  at <TabView class="h-full tinker-plants-tabs" > 
  at <TinkerPlants ref="VTU_COMPONENT" > 
  at <VTUROOT>
[Vue warn]: Property "$primevue" was accessed during render but is not defined on instance. 
  at <Dropdown id="Chest-shiny" modelValue=null onUpdate:modelValue=fn<onUpdate:modelValue>  ... > 
  at <TabPanel header="Build" class="h-full" > 
  at <TabView class="h-full tinker-plants-tabs" > 
  at <TinkerPlants ref="VTU_COMPONENT" > 
  at <VTUROOT>
[Vue warn]: Property "$primevue" was accessed during render but is not defined on instance. 
  at <Dropdown id="Chest-bright" modelValue=null onUpdate:modelValue=fn<onUpdate:modelValue>  ... > 
  at <TabPanel header="Build" class="h-full" > 
  at <TabView class="h-full tinker-plants-tabs" > 
  at <TinkerPlants ref="VTU_COMPONENT" > 
  at <VTUROOT>
[Vue warn]: Property "$primevue" was accessed during render but is not defined on instance. 
  at <Dropdown id="Chest-faded" modelValue=null onUpdate:modelValue=fn<onUpdate:modelValue>  ... > 
  at <TabPanel header="Build" class="h-full" > 
  at <TabView class="h-full tinker-plants-tabs" > 
  at <TinkerPlants ref="VTU_COMPONENT" > 
  at <VTUROOT>
[Vue warn]: Property "$primevue" was accessed during render but is not defined on instance. 
  at <Dropdown id="Left Arm-shiny" modelValue=null onUpdate:modelValue=fn<onUpdate:modelValue>  ... > 
  at <TabPanel header="Build" class="h-full" > 
  at <TabView class="h-full tinker-plants-tabs" > 
  at <TinkerPlants ref="VTU_COMPONENT" > 
  at <VTUROOT>
[Vue warn]: Property "$primevue" was accessed during render but is not defined on instance. 
  at <Dropdown id="Left Arm-bright" modelValue=null onUpdate:modelValue=fn<onUpdate:modelValue>  ... > 
  at <TabPanel header="Build" class="h-full" > 
  at <TabView class="h-full tinker-plants-tabs" > 
  at <TinkerPlants ref="VTU_COMPONENT" > 
  at <VTUROOT>
[Vue warn]: Property "$primevue" was accessed during render but is not defined on instance. 
  at <Dropdown id="Left Arm-faded" modelValue=null onUpdate:modelValue=fn<onUpdate:modelValue>  ... > 
  at <TabPanel header="Build" class="h-full" > 
  at <TabView class="h-full tinker-plants-tabs" > 
  at <TinkerPlants ref="VTU_COMPONENT" > 
  at <VTUROOT>
[Vue warn]: Property "$primevue" was accessed during render but is not defined on instance. 
  at <Dropdown id="Right Wrist-shiny" modelValue=null onUpdate:modelValue=fn<onUpdate:modelValue>  ... > 
  at <TabPanel header="Build" class="h-full" > 
  at <TabView class="h-full tinker-plants-tabs" > 
  at <TinkerPlants ref="VTU_COMPONENT" > 
  at <VTUROOT>
[Vue warn]: Property "$primevue" was accessed during render but is not defined on instance. 
  at <Dropdown id="Right Wrist-bright" modelValue=null onUpdate:modelValue=fn<onUpdate:modelValue>  ... > 
  at <TabPanel header="Build" class="h-full" > 
  at <TabView class="h-full tinker-plants-tabs" > 
  at <TinkerPlants ref="VTU_COMPONENT" > 
  at <VTUROOT>
[Vue warn]: Property "$primevue" was accessed during render but is not defined on instance. 
  at <Dropdown id="Right Wrist-faded" modelValue=null onUpdate:modelValue=fn<onUpdate:modelValue>  ... > 
  at <TabPanel header="Build" class="h-full" > 
  at <TabView class="h-full tinker-plants-tabs" > 
  at <TinkerPlants ref="VTU_COMPONENT" > 
  at <VTUROOT>
[Vue warn]: Property "$primevue" was accessed during render but is not defined on instance. 
  at <Dropdown id="Waist-shiny" modelValue=null onUpdate:modelValue=fn<onUpdate:modelValue>  ... > 
  at <TabPanel header="Build" class="h-full" > 
  at <TabView class="h-full tinker-plants-tabs" > 
  at <TinkerPlants ref="VTU_COMPONENT" > 
  at <VTUROOT>
[Vue warn]: Property "$primevue" was accessed during render but is not defined on instance. 
  at <Dropdown id="Waist-bright" modelValue=null onUpdate:modelValue=fn<onUpdate:modelValue>  ... > 
  at <TabPanel header="Build" class="h-full" > 
  at <TabView class="h-full tinker-plants-tabs" > 
  at <TinkerPlants ref="VTU_COMPONENT" > 
  at <VTUROOT>
[Vue warn]: Property "$primevue" was accessed during render but is not defined on instance. 
  at <Dropdown id="Waist-faded" modelValue=null onUpdate:modelValue=fn<onUpdate:modelValue>  ... > 
  at <TabPanel header="Build" class="h-full" > 
  at <TabView class="h-full tinker-plants-tabs" > 
  at <TinkerPlants ref="VTU_COMPONENT" > 
  at <VTUROOT>
[Vue warn]: Property "$primevue" was accessed during render but is not defined on instance. 
  at <Dropdown id="Left Wrist-shiny" modelValue=null onUpdate:modelValue=fn<onUpdate:modelValue>  ... > 
  at <TabPanel header="Build" class="h-full" > 
  at <TabView class="h-full tinker-plants-tabs" > 
  at <TinkerPlants ref="VTU_COMPONENT" > 
  at <VTUROOT>
[Vue warn]: Property "$primevue" was accessed during render but is not defined on instance. 
  at <Dropdown id="Left Wrist-bright" modelValue=null onUpdate:modelValue=fn<onUpdate:modelValue>  ... > 
  at <TabPanel header="Build" class="h-full" > 
  at <TabView class="h-full tinker-plants-tabs" > 
  at <TinkerPlants ref="VTU_COMPONENT" > 
  at <VTUROOT>
[Vue warn]: Property "$primevue" was accessed during render but is not defined on instance. 
  at <Dropdown id="Left Wrist-faded" modelValue=null onUpdate:modelValue=fn<onUpdate:modelValue>  ... > 
  at <TabPanel header="Build" class="h-full" > 
  at <TabView class="h-full tinker-plants-tabs" > 
  at <TinkerPlants ref="VTU_COMPONENT" > 
  at <VTUROOT>
[Vue warn]: Property "$primevue" was accessed during render but is not defined on instance. 
  at <Dropdown id="Right Hand-shiny" modelValue=null onUpdate:modelValue=fn<onUpdate:modelValue>  ... > 
  at <TabPanel header="Build" class="h-full" > 
  at <TabView class="h-full tinker-plants-tabs" > 
  at <TinkerPlants ref="VTU_COMPONENT" > 
  at <VTUROOT>
[Vue warn]: Property "$primevue" was accessed during render but is not defined on instance. 
  at <Dropdown id="Right Hand-bright" modelValue=null onUpdate:modelValue=fn<onUpdate:modelValue>  ... > 
  at <TabPanel header="Build" class="h-full" > 
  at <TabView class="h-full tinker-plants-tabs" > 
  at <TinkerPlants ref="VTU_COMPONENT" > 
  at <VTUROOT>
[Vue warn]: Property "$primevue" was accessed during render but is not defined on instance. 
  at <Dropdown id="Right Hand-faded" modelValue=null onUpdate:modelValue=fn<onUpdate:modelValue>  ... > 
  at <TabPanel header="Build" class="h-full" > 
  at <TabView class="h-full tinker-plants-tabs" > 
  at <TinkerPlants ref="VTU_COMPONENT" > 
  at <VTUROOT>
[Vue warn]: Property "$primevue" was accessed during render but is not defined on instance. 
  at <Dropdown id="Leg-shiny" modelValue=null onUpdate:modelValue=fn<onUpdate:modelValue>  ... > 
  at <TabPanel header="Build" class="h-full" > 
  at <TabView class="h-full tinker-plants-tabs" > 
  at <TinkerPlants ref="VTU_COMPONENT" > 
  at <VTUROOT>
[Vue warn]: Property "$primevue" was accessed during render but is not defined on instance. 
  at <Dropdown id="Leg-bright" modelValue=null onUpdate:modelValue=fn<onUpdate:modelValue>  ... > 
  at <TabPanel header="Build" class="h-full" > 
  at <TabView class="h-full tinker-plants-tabs" > 
  at <TinkerPlants ref="VTU_COMPONENT" > 
  at <VTUROOT>
[Vue warn]: Property "$primevue" was accessed during render but is not defined on instance. 
  at <Dropdown id="Leg-faded" modelValue=null onUpdate:modelValue=fn<onUpdate:modelValue>  ... > 
  at <TabPanel header="Build" class="h-full" > 
  at <TabView class="h-full tinker-plants-tabs" > 
  at <TinkerPlants ref="VTU_COMPONENT" > 
  at <VTUROOT>
[Vue warn]: Property "$primevue" was accessed during render but is not defined on instance. 
  at <Dropdown id="Left Hand-shiny" modelValue=null onUpdate:modelValue=fn<onUpdate:modelValue>  ... > 
  at <TabPanel header="Build" class="h-full" > 
  at <TabView class="h-full tinker-plants-tabs" > 
  at <TinkerPlants ref="VTU_COMPONENT" > 
  at <VTUROOT>
[Vue warn]: Property "$primevue" was accessed during render but is not defined on instance. 
  at <Dropdown id="Left Hand-bright" modelValue=null onUpdate:modelValue=fn<onUpdate:modelValue>  ... > 
  at <TabPanel header="Build" class="h-full" > 
  at <TabView class="h-full tinker-plants-tabs" > 
  at <TinkerPlants ref="VTU_COMPONENT" > 
  at <VTUROOT>
[Vue warn]: Property "$primevue" was accessed during render but is not defined on instance. 
  at <Dropdown id="Left Hand-faded" modelValue=null onUpdate:modelValue=fn<onUpdate:modelValue>  ... > 
  at <TabPanel header="Build" class="h-full" > 
  at <TabView class="h-full tinker-plants-tabs" > 
  at <TinkerPlants ref="VTU_COMPONENT" > 
  at <VTUROOT>
[Vue warn]: Property "$primevue" was accessed during render but is not defined on instance. 
  at <Dropdown id="Feet-shiny" modelValue=null onUpdate:modelValue=fn<onUpdate:modelValue>  ... > 
  at <TabPanel header="Build" class="h-full" > 
  at <TabView class="h-full tinker-plants-tabs" > 
  at <TinkerPlants ref="VTU_COMPONENT" > 
  at <VTUROOT>
[Vue warn]: Property "$primevue" was accessed during render but is not defined on instance. 
  at <Dropdown id="Feet-bright" modelValue=null onUpdate:modelValue=fn<onUpdate:modelValue>  ... > 
  at <TabPanel header="Build" class="h-full" > 
  at <TabView class="h-full tinker-plants-tabs" > 
  at <TinkerPlants ref="VTU_COMPONENT" > 
  at <VTUROOT>
[Vue warn]: Property "$primevue" was accessed during render but is not defined on instance. 
  at <Dropdown id="Feet-faded" modelValue=null onUpdate:modelValue=fn<onUpdate:modelValue>  ... > 
  at <TabPanel header="Build" class="h-full" > 
  at <TabView class="h-full tinker-plants-tabs" > 
  at <TinkerPlants ref="VTU_COMPONENT" > 
  at <VTUROOT>
[Vue warn]: Extraneous non-props attributes (class) were passed to component but could not be automatically inherited because component renders fragment or text root nodes. 
  at <TabPanel header="Construction" class="h-full" > 
  at <TabView class="h-full tinker-plants-tabs" > 
  at <TinkerPlants ref="VTU_COMPONENT" > 
  at <VTUROOT>

stderr | src/__tests__/views/TinkerPlants.simple.test.ts > TinkerPlants - Simple Tests > Computed Properties > generates construction requirements
[Vue warn]: Property "$primevue" was accessed during render but is not defined on instance. 
  at <InputNumber id="ql-input" modelValue=200 onUpdate:modelValue=fn  ... > 
  at <TinkerPlants ref="VTU_COMPONENT" > 
  at <VTUROOT>
[Vue warn]: Extraneous non-props attributes (class) were passed to component but could not be automatically inherited because component renders fragment or text root nodes. 
  at <TabPanel header="Build" class="h-full" > 
  at <TabView class="h-full tinker-plants-tabs" > 
  at <TinkerPlants ref="VTU_COMPONENT" > 
  at <VTUROOT>
[Vue warn]: Property "$primevue" was accessed during render but is not defined on instance. 
  at <Dropdown id="Eye-shiny" modelValue=null onUpdate:modelValue=fn<onUpdate:modelValue>  ... > 
  at <TabPanel header="Build" class="h-full" > 
  at <TabView class="h-full tinker-plants-tabs" > 
  at <TinkerPlants ref="VTU_COMPONENT" > 
  at <VTUROOT>
[Vue warn]: Property "$primevue" was accessed during render but is not defined on instance. 
  at <Dropdown id="Eye-bright" modelValue=null onUpdate:modelValue=fn<onUpdate:modelValue>  ... > 
  at <TabPanel header="Build" class="h-full" > 
  at <TabView class="h-full tinker-plants-tabs" > 
  at <TinkerPlants ref="VTU_COMPONENT" > 
  at <VTUROOT>
[Vue warn]: Property "$primevue" was accessed during render but is not defined on instance. 
  at <Dropdown id="Eye-faded" modelValue=null onUpdate:modelValue=fn<onUpdate:modelValue>  ... > 
  at <TabPanel header="Build" class="h-full" > 
  at <TabView class="h-full tinker-plants-tabs" > 
  at <TinkerPlants ref="VTU_COMPONENT" > 
  at <VTUROOT>
[Vue warn]: Property "$primevue" was accessed during render but is not defined on instance. 
  at <InputNumber id="Eye-ql" modelValue=200 onUpdate:modelValue=fn<onUpdate:modelValue>  ... > 
  at <TabPanel header="Build" class="h-full" > 
  at <TabView class="h-full tinker-plants-tabs" > 
  at <TinkerPlants ref="VTU_COMPONENT" > 
  at <VTUROOT>
[Vue warn]: Property "$primevue" was accessed during render but is not defined on instance. 
  at <Dropdown id="Head-shiny" modelValue=null onUpdate:modelValue=fn<onUpdate:modelValue>  ... > 
  at <TabPanel header="Build" class="h-full" > 
  at <TabView class="h-full tinker-plants-tabs" > 
  at <TinkerPlants ref="VTU_COMPONENT" > 
  at <VTUROOT>
[Vue warn]: Property "$primevue" was accessed during render but is not defined on instance. 
  at <Dropdown id="Head-bright" modelValue=null onUpdate:modelValue=fn<onUpdate:modelValue>  ... > 
  at <TabPanel header="Build" class="h-full" > 
  at <TabView class="h-full tinker-plants-tabs" > 
  at <TinkerPlants ref="VTU_COMPONENT" > 
  at <VTUROOT>
[Vue warn]: Property "$primevue" was accessed during render but is not defined on instance. 
  at <Dropdown id="Head-faded" modelValue=null onUpdate:modelValue=fn<onUpdate:modelValue>  ... > 
  at <TabPanel header="Build" class="h-full" > 
  at <TabView class="h-full tinker-plants-tabs" > 
  at <TinkerPlants ref="VTU_COMPONENT" > 
  at <VTUROOT>
[Vue warn]: Property "$primevue" was accessed during render but is not defined on instance. 
  at <InputNumber id="Head-ql" modelValue=200 onUpdate:modelValue=fn<onUpdate:modelValue>  ... > 
  at <TabPanel header="Build" class="h-full" > 
  at <TabView class="h-full tinker-plants-tabs" > 
  at <TinkerPlants ref="VTU_COMPONENT" > 
  at <VTUROOT>
[Vue warn]: Property "$primevue" was accessed during render but is not defined on instance. 
  at <Dropdown id="Ear-shiny" modelValue=null onUpdate:modelValue=fn<onUpdate:modelValue>  ... > 
  at <TabPanel header="Build" class="h-full" > 
  at <TabView class="h-full tinker-plants-tabs" > 
  at <TinkerPlants ref="VTU_COMPONENT" > 
  at <VTUROOT>
[Vue warn]: Property "$primevue" was accessed during render but is not defined on instance. 
  at <Dropdown id="Ear-bright" modelValue=null onUpdate:modelValue=fn<onUpdate:modelValue>  ... > 
  at <TabPanel header="Build" class="h-full" > 
  at <TabView class="h-full tinker-plants-tabs" > 
  at <TinkerPlants ref="VTU_COMPONENT" > 
  at <VTUROOT>
[Vue warn]: Property "$primevue" was accessed during render but is not defined on instance. 
  at <Dropdown id="Ear-faded" modelValue=null onUpdate:modelValue=fn<onUpdate:modelValue>  ... > 
  at <TabPanel header="Build" class="h-full" > 
  at <TabView class="h-full tinker-plants-tabs" > 
  at <TinkerPlants ref="VTU_COMPONENT" > 
  at <VTUROOT>
[Vue warn]: Property "$primevue" was accessed during render but is not defined on instance. 
  at <InputNumber id="Ear-ql" modelValue=200 onUpdate:modelValue=fn<onUpdate:modelValue>  ... > 
  at <TabPanel header="Build" class="h-full" > 
  at <TabView class="h-full tinker-plants-tabs" > 
  at <TinkerPlants ref="VTU_COMPONENT" > 
  at <VTUROOT>
[Vue warn]: Property "$primevue" was accessed during render but is not defined on instance. 
  at <Dropdown id="Right Arm-shiny" modelValue=null onUpdate:modelValue=fn<onUpdate:modelValue>  ... > 
  at <TabPanel header="Build" class="h-full" > 
  at <TabView class="h-full tinker-plants-tabs" > 
  at <TinkerPlants ref="VTU_COMPONENT" > 
  at <VTUROOT>
[Vue warn]: Property "$primevue" was accessed during render but is not defined on instance. 
  at <Dropdown id="Right Arm-bright" modelValue=null onUpdate:modelValue=fn<onUpdate:modelValue>  ... > 
  at <TabPanel header="Build" class="h-full" > 
  at <TabView class="h-full tinker-plants-tabs" > 
  at <TinkerPlants ref="VTU_COMPONENT" > 
  at <VTUROOT>
[Vue warn]: Property "$primevue" was accessed during render but is not defined on instance. 
  at <Dropdown id="Right Arm-faded" modelValue=null onUpdate:modelValue=fn<onUpdate:modelValue>  ... > 
  at <TabPanel header="Build" class="h-full" > 
  at <TabView class="h-full tinker-plants-tabs" > 
  at <TinkerPlants ref="VTU_COMPONENT" > 
  at <VTUROOT>
[Vue warn]: Property "$primevue" was accessed during render but is not defined on instance. 
  at <InputNumber id="Right Arm-ql" modelValue=200 onUpdate:modelValue=fn<onUpdate:modelValue>  ... > 
  at <TabPanel header="Build" class="h-full" > 
  at <TabView class="h-full tinker-plants-tabs" > 
  at <TinkerPlants ref="VTU_COMPONENT" > 
  at <VTUROOT>
[Vue warn]: Property "$primevue" was accessed during render but is not defined on instance. 
  at <Dropdown id="Chest-shiny" modelValue=null onUpdate:modelValue=fn<onUpdate:modelValue>  ... > 
  at <TabPanel header="Build" class="h-full" > 
  at <TabView class="h-full tinker-plants-tabs" > 
  at <TinkerPlants ref="VTU_COMPONENT" > 
  at <VTUROOT>
[Vue warn]: Property "$primevue" was accessed during render but is not defined on instance. 
  at <Dropdown id="Chest-bright" modelValue=null onUpdate:modelValue=fn<onUpdate:modelValue>  ... > 
  at <TabPanel header="Build" class="h-full" > 
  at <TabView class="h-full tinker-plants-tabs" > 
  at <TinkerPlants ref="VTU_COMPONENT" > 
  at <VTUROOT>
[Vue warn]: Property "$primevue" was accessed during render but is not defined on instance. 
  at <Dropdown id="Chest-faded" modelValue=null onUpdate:modelValue=fn<onUpdate:modelValue>  ... > 
  at <TabPanel header="Build" class="h-full" > 
  at <TabView class="h-full tinker-plants-tabs" > 
  at <TinkerPlants ref="VTU_COMPONENT" > 
  at <VTUROOT>
[Vue warn]: Property "$primevue" was accessed during render but is not defined on instance. 
  at <InputNumber id="Chest-ql" modelValue=200 onUpdate:modelValue=fn<onUpdate:modelValue>  ... > 
  at <TabPanel header="Build" class="h-full" > 
  at <TabView class="h-full tinker-plants-tabs" > 
  at <TinkerPlants ref="VTU_COMPONENT" > 
  at <VTUROOT>
[Vue warn]: Property "$primevue" was accessed during render but is not defined on instance. 
  at <Dropdown id="Left Arm-shiny" modelValue=null onUpdate:modelValue=fn<onUpdate:modelValue>  ... > 
  at <TabPanel header="Build" class="h-full" > 
  at <TabView class="h-full tinker-plants-tabs" > 
  at <TinkerPlants ref="VTU_COMPONENT" > 
  at <VTUROOT>
[Vue warn]: Property "$primevue" was accessed during render but is not defined on instance. 
  at <Dropdown id="Left Arm-bright" modelValue=null onUpdate:modelValue=fn<onUpdate:modelValue>  ... > 
  at <TabPanel header="Build" class="h-full" > 
  at <TabView class="h-full tinker-plants-tabs" > 
  at <TinkerPlants ref="VTU_COMPONENT" > 
  at <VTUROOT>
[Vue warn]: Property "$primevue" was accessed during render but is not defined on instance. 
  at <Dropdown id="Left Arm-faded" modelValue=null onUpdate:modelValue=fn<onUpdate:modelValue>  ... > 
  at <TabPanel header="Build" class="h-full" > 
  at <TabView class="h-full tinker-plants-tabs" > 
  at <TinkerPlants ref="VTU_COMPONENT" > 
  at <VTUROOT>
[Vue warn]: Property "$primevue" was accessed during render but is not defined on instance. 
  at <InputNumber id="Left Arm-ql" modelValue=200 onUpdate:modelValue=fn<onUpdate:modelValue>  ... > 
  at <TabPanel header="Build" class="h-full" > 
  at <TabView class="h-full tinker-plants-tabs" > 
  at <TinkerPlants ref="VTU_COMPONENT" > 
  at <VTUROOT>
[Vue warn]: Property "$primevue" was accessed during render but is not defined on instance. 
  at <Dropdown id="Right Wrist-shiny" modelValue=null onUpdate:modelValue=fn<onUpdate:modelValue>  ... > 
  at <TabPanel header="Build" class="h-full" > 
  at <TabView class="h-full tinker-plants-tabs" > 
  at <TinkerPlants ref="VTU_COMPONENT" > 
  at <VTUROOT>
[Vue warn]: Property "$primevue" was accessed during render but is not defined on instance. 
  at <Dropdown id="Right Wrist-bright" modelValue=null onUpdate:modelValue=fn<onUpdate:modelValue>  ... > 
  at <TabPanel header="Build" class="h-full" > 
  at <TabView class="h-full tinker-plants-tabs" > 
  at <TinkerPlants ref="VTU_COMPONENT" > 
  at <VTUROOT>
[Vue warn]: Property "$primevue" was accessed during render but is not defined on instance. 
  at <Dropdown id="Right Wrist-faded" modelValue=null onUpdate:modelValue=fn<onUpdate:modelValue>  ... > 
  at <TabPanel header="Build" class="h-full" > 
  at <TabView class="h-full tinker-plants-tabs" > 
  at <TinkerPlants ref="VTU_COMPONENT" > 
  at <VTUROOT>
[Vue warn]: Property "$primevue" was accessed during render but is not defined on instance. 
  at <InputNumber id="Right Wrist-ql" modelValue=200 onUpdate:modelValue=fn<onUpdate:modelValue>  ... > 
  at <TabPanel header="Build" class="h-full" > 
  at <TabView class="h-full tinker-plants-tabs" > 
  at <TinkerPlants ref="VTU_COMPONENT" > 
  at <VTUROOT>
[Vue warn]: Property "$primevue" was accessed during render but is not defined on instance. 
  at <Dropdown id="Waist-shiny" modelValue=null onUpdate:modelValue=fn<onUpdate:modelValue>  ... > 
  at <TabPanel header="Build" class="h-full" > 
  at <TabView class="h-full tinker-plants-tabs" > 
  at <TinkerPlants ref="VTU_COMPONENT" > 
  at <VTUROOT>
[Vue warn]: Property "$primevue" was accessed during render but is not defined on instance. 
  at <Dropdown id="Waist-bright" modelValue=null onUpdate:modelValue=fn<onUpdate:modelValue>  ... > 
  at <TabPanel header="Build" class="h-full" > 
  at <TabView class="h-full tinker-plants-tabs" > 
  at <TinkerPlants ref="VTU_COMPONENT" > 
  at <VTUROOT>
[Vue warn]: Property "$primevue" was accessed during render but is not defined on instance. 
  at <Dropdown id="Waist-faded" modelValue=null onUpdate:modelValue=fn<onUpdate:modelValue>  ... > 
  at <TabPanel header="Build" class="h-full" > 
  at <TabView class="h-full tinker-plants-tabs" > 
  at <TinkerPlants ref="VTU_COMPONENT" > 
  at <VTUROOT>
[Vue warn]: Property "$primevue" was accessed during render but is not defined on instance. 
  at <InputNumber id="Waist-ql" modelValue=200 onUpdate:modelValue=fn<onUpdate:modelValue>  ... > 
  at <TabPanel header="Build" class="h-full" > 
  at <TabView class="h-full tinker-plants-tabs" > 
  at <TinkerPlants ref="VTU_COMPONENT" > 
  at <VTUROOT>
[Vue warn]: Property "$primevue" was accessed during render but is not defined on instance. 
  at <Dropdown id="Left Wrist-shiny" modelValue=null onUpdate:modelValue=fn<onUpdate:modelValue>  ... > 
  at <TabPanel header="Build" class="h-full" > 
  at <TabView class="h-full tinker-plants-tabs" > 
  at <TinkerPlants ref="VTU_COMPONENT" > 
  at <VTUROOT>
[Vue warn]: Property "$primevue" was accessed during render but is not defined on instance. 
  at <Dropdown id="Left Wrist-bright" modelValue=null onUpdate:modelValue=fn<onUpdate:modelValue>  ... > 
  at <TabPanel header="Build" class="h-full" > 
  at <TabView class="h-full tinker-plants-tabs" > 
  at <TinkerPlants ref="VTU_COMPONENT" > 
  at <VTUROOT>
[Vue warn]: Property "$primevue" was accessed during render but is not defined on instance. 
  at <Dropdown id="Left Wrist-faded" modelValue=null onUpdate:modelValue=fn<onUpdate:modelValue>  ... > 
  at <TabPanel header="Build" class="h-full" > 
  at <TabView class="h-full tinker-plants-tabs" > 
  at <TinkerPlants ref="VTU_COMPONENT" > 
  at <VTUROOT>
[Vue warn]: Property "$primevue" was accessed during render but is not defined on instance. 
  at <InputNumber id="Left Wrist-ql" modelValue=200 onUpdate:modelValue=fn<onUpdate:modelValue>  ... > 
  at <TabPanel header="Build" class="h-full" > 
  at <TabView class="h-full tinker-plants-tabs" > 
  at <TinkerPlants ref="VTU_COMPONENT" > 
  at <VTUROOT>
[Vue warn]: Property "$primevue" was accessed during render but is not defined on instance. 
  at <Dropdown id="Right Hand-shiny" modelValue=null onUpdate:modelValue=fn<onUpdate:modelValue>  ... > 
  at <TabPanel header="Build" class="h-full" > 
  at <TabView class="h-full tinker-plants-tabs" > 
  at <TinkerPlants ref="VTU_COMPONENT" > 
  at <VTUROOT>
[Vue warn]: Property "$primevue" was accessed during render but is not defined on instance. 
  at <Dropdown id="Right Hand-bright" modelValue=null onUpdate:modelValue=fn<onUpdate:modelValue>  ... > 
  at <TabPanel header="Build" class="h-full" > 
  at <TabView class="h-full tinker-plants-tabs" > 
  at <TinkerPlants ref="VTU_COMPONENT" > 
  at <VTUROOT>
[Vue warn]: Property "$primevue" was accessed during render but is not defined on instance. 
  at <Dropdown id="Right Hand-faded" modelValue=null onUpdate:modelValue=fn<onUpdate:modelValue>  ... > 
  at <TabPanel header="Build" class="h-full" > 
  at <TabView class="h-full tinker-plants-tabs" > 
  at <TinkerPlants ref="VTU_COMPONENT" > 
  at <VTUROOT>
[Vue warn]: Property "$primevue" was accessed during render but is not defined on instance. 
  at <InputNumber id="Right Hand-ql" modelValue=200 onUpdate:modelValue=fn<onUpdate:modelValue>  ... > 
  at <TabPanel header="Build" class="h-full" > 
  at <TabView class="h-full tinker-plants-tabs" > 
  at <TinkerPlants ref="VTU_COMPONENT" > 
  at <VTUROOT>
[Vue warn]: Property "$primevue" was accessed during render but is not defined on instance. 
  at <Dropdown id="Leg-shiny" modelValue=null onUpdate:modelValue=fn<onUpdate:modelValue>  ... > 
  at <TabPanel header="Build" class="h-full" > 
  at <TabView class="h-full tinker-plants-tabs" > 
  at <TinkerPlants ref="VTU_COMPONENT" > 
  at <VTUROOT>
[Vue warn]: Property "$primevue" was accessed during render but is not defined on instance. 
  at <Dropdown id="Leg-bright" modelValue=null onUpdate:modelValue=fn<onUpdate:modelValue>  ... > 
  at <TabPanel header="Build" class="h-full" > 
  at <TabView class="h-full tinker-plants-tabs" > 
  at <TinkerPlants ref="VTU_COMPONENT" > 
  at <VTUROOT>
[Vue warn]: Property "$primevue" was accessed during render but is not defined on instance. 
  at <Dropdown id="Leg-faded" modelValue=null onUpdate:modelValue=fn<onUpdate:modelValue>  ... > 
  at <TabPanel header="Build" class="h-full" > 
  at <TabView class="h-full tinker-plants-tabs" > 
  at <TinkerPlants ref="VTU_COMPONENT" > 
  at <VTUROOT>
[Vue warn]: Property "$primevue" was accessed during render but is not defined on instance. 
  at <InputNumber id="Leg-ql" modelValue=200 onUpdate:modelValue=fn<onUpdate:modelValue>  ... > 
  at <TabPanel header="Build" class="h-full" > 
  at <TabView class="h-full tinker-plants-tabs" > 
  at <TinkerPlants ref="VTU_COMPONENT" > 
  at <VTUROOT>
[Vue warn]: Property "$primevue" was accessed during render but is not defined on instance. 
  at <Dropdown id="Left Hand-shiny" modelValue=null onUpdate:modelValue=fn<onUpdate:modelValue>  ... > 
  at <TabPanel header="Build" class="h-full" > 
  at <TabView class="h-full tinker-plants-tabs" > 
  at <TinkerPlants ref="VTU_COMPONENT" > 
  at <VTUROOT>
[Vue warn]: Property "$primevue" was accessed during render but is not defined on instance. 
  at <Dropdown id="Left Hand-bright" modelValue=null onUpdate:modelValue=fn<onUpdate:modelValue>  ... > 
  at <TabPanel header="Build" class="h-full" > 
  at <TabView class="h-full tinker-plants-tabs" > 
  at <TinkerPlants ref="VTU_COMPONENT" > 
  at <VTUROOT>
[Vue warn]: Property "$primevue" was accessed during render but is not defined on instance. 
  at <Dropdown id="Left Hand-faded" modelValue=null onUpdate:modelValue=fn<onUpdate:modelValue>  ... > 
  at <TabPanel header="Build" class="h-full" > 
  at <TabView class="h-full tinker-plants-tabs" > 
  at <TinkerPlants ref="VTU_COMPONENT" > 
  at <VTUROOT>
[Vue warn]: Property "$primevue" was accessed during render but is not defined on instance. 
  at <InputNumber id="Left Hand-ql" modelValue=200 onUpdate:modelValue=fn<onUpdate:modelValue>  ... > 
  at <TabPanel header="Build" class="h-full" > 
  at <TabView class="h-full tinker-plants-tabs" > 
  at <TinkerPlants ref="VTU_COMPONENT" > 
  at <VTUROOT>
[Vue warn]: Property "$primevue" was accessed during render but is not defined on instance. 
  at <Dropdown id="Feet-shiny" modelValue=null onUpdate:modelValue=fn<onUpdate:modelValue>  ... > 
  at <TabPanel header="Build" class="h-full" > 
  at <TabView class="h-full tinker-plants-tabs" > 
  at <TinkerPlants ref="VTU_COMPONENT" > 
  at <VTUROOT>
[Vue warn]: Property "$primevue" was accessed during render but is not defined on instance. 
  at <Dropdown id="Feet-bright" modelValue=null onUpdate:modelValue=fn<onUpdate:modelValue>  ... > 
  at <TabPanel header="Build" class="h-full" > 
  at <TabView class="h-full tinker-plants-tabs" > 
  at <TinkerPlants ref="VTU_COMPONENT" > 
  at <VTUROOT>
[Vue warn]: Property "$primevue" was accessed during render but is not defined on instance. 
  at <Dropdown id="Feet-faded" modelValue=null onUpdate:modelValue=fn<onUpdate:modelValue>  ... > 
  at <TabPanel header="Build" class="h-full" > 
  at <TabView class="h-full tinker-plants-tabs" > 
  at <TinkerPlants ref="VTU_COMPONENT" > 
  at <VTUROOT>
[Vue warn]: Property "$primevue" was accessed during render but is not defined on instance. 
  at <InputNumber id="Feet-ql" modelValue=200 onUpdate:modelValue=fn<onUpdate:modelValue>  ... > 
  at <TabPanel header="Build" class="h-full" > 
  at <TabView class="h-full tinker-plants-tabs" > 
  at <TinkerPlants ref="VTU_COMPONENT" > 
  at <VTUROOT>
[Vue warn]: Extraneous non-props attributes (class) were passed to component but could not be automatically inherited because component renders fragment or text root nodes. 
  at <TabPanel header="Construction" class="h-full" > 
  at <TabView class="h-full tinker-plants-tabs" > 
  at <TinkerPlants ref="VTU_COMPONENT" > 
  at <VTUROOT>
[Vue warn]: Extraneous non-props attributes (class) were passed to component but could not be automatically inherited because component renders fragment or text root nodes. 
  at <TabPanel header="Build" class="h-full" > 
  at <TabView class="h-full tinker-plants-tabs" > 
  at <TinkerPlants ref="VTU_COMPONENT" > 
  at <VTUROOT>
[Vue warn]: Property "$primevue" was accessed during render but is not defined on instance. 
  at <Dropdown id="Eye-shiny" modelValue=null onUpdate:modelValue=fn<onUpdate:modelValue>  ... > 
  at <TabPanel header="Build" class="h-full" > 
  at <TabView class="h-full tinker-plants-tabs" > 
  at <TinkerPlants ref="VTU_COMPONENT" > 
  at <VTUROOT>
[Vue warn]: Property "$primevue" was accessed during render but is not defined on instance. 
  at <Dropdown id="Eye-bright" modelValue=null onUpdate:modelValue=fn<onUpdate:modelValue>  ... > 
  at <TabPanel header="Build" class="h-full" > 
  at <TabView class="h-full tinker-plants-tabs" > 
  at <TinkerPlants ref="VTU_COMPONENT" > 
  at <VTUROOT>
[Vue warn]: Property "$primevue" was accessed during render but is not defined on instance. 
  at <Dropdown id="Eye-faded" modelValue=null onUpdate:modelValue=fn<onUpdate:modelValue>  ... > 
  at <TabPanel header="Build" class="h-full" > 
  at <TabView class="h-full tinker-plants-tabs" > 
  at <TinkerPlants ref="VTU_COMPONENT" > 
  at <VTUROOT>
[Vue warn]: Property "$primevue" was accessed during render but is not defined on instance. 
  at <Dropdown id="Head-shiny" modelValue=null onUpdate:modelValue=fn<onUpdate:modelValue>  ... > 
  at <TabPanel header="Build" class="h-full" > 
  at <TabView class="h-full tinker-plants-tabs" > 
  at <TinkerPlants ref="VTU_COMPONENT" > 
  at <VTUROOT>
[Vue warn]: Property "$primevue" was accessed during render but is not defined on instance. 
  at <Dropdown id="Head-bright" modelValue=null onUpdate:modelValue=fn<onUpdate:modelValue>  ... > 
  at <TabPanel header="Build" class="h-full" > 
  at <TabView class="h-full tinker-plants-tabs" > 
  at <TinkerPlants ref="VTU_COMPONENT" > 
  at <VTUROOT>
[Vue warn]: Property "$primevue" was accessed during render but is not defined on instance. 
  at <Dropdown id="Head-faded" modelValue=null onUpdate:modelValue=fn<onUpdate:modelValue>  ... > 
  at <TabPanel header="Build" class="h-full" > 
  at <TabView class="h-full tinker-plants-tabs" > 
  at <TinkerPlants ref="VTU_COMPONENT" > 
  at <VTUROOT>
[Vue warn]: Property "$primevue" was accessed during render but is not defined on instance. 
  at <Dropdown id="Ear-shiny" modelValue=null onUpdate:modelValue=fn<onUpdate:modelValue>  ... > 
  at <TabPanel header="Build" class="h-full" > 
  at <TabView class="h-full tinker-plants-tabs" > 
  at <TinkerPlants ref="VTU_COMPONENT" > 
  at <VTUROOT>
[Vue warn]: Property "$primevue" was accessed during render but is not defined on instance. 
  at <Dropdown id="Ear-bright" modelValue=null onUpdate:modelValue=fn<onUpdate:modelValue>  ... > 
  at <TabPanel header="Build" class="h-full" > 
  at <TabView class="h-full tinker-plants-tabs" > 
  at <TinkerPlants ref="VTU_COMPONENT" > 
  at <VTUROOT>
[Vue warn]: Property "$primevue" was accessed during render but is not defined on instance. 
  at <Dropdown id="Ear-faded" modelValue=null onUpdate:modelValue=fn<onUpdate:modelValue>  ... > 
  at <TabPanel header="Build" class="h-full" > 
  at <TabView class="h-full tinker-plants-tabs" > 
  at <TinkerPlants ref="VTU_COMPONENT" > 
  at <VTUROOT>
[Vue warn]: Property "$primevue" was accessed during render but is not defined on instance. 
  at <Dropdown id="Right Arm-shiny" modelValue=null onUpdate:modelValue=fn<onUpdate:modelValue>  ... > 
  at <TabPanel header="Build" class="h-full" > 
  at <TabView class="h-full tinker-plants-tabs" > 
  at <TinkerPlants ref="VTU_COMPONENT" > 
  at <VTUROOT>
[Vue warn]: Property "$primevue" was accessed during render but is not defined on instance. 
  at <Dropdown id="Right Arm-bright" modelValue=null onUpdate:modelValue=fn<onUpdate:modelValue>  ... > 
  at <TabPanel header="Build" class="h-full" > 
  at <TabView class="h-full tinker-plants-tabs" > 
  at <TinkerPlants ref="VTU_COMPONENT" > 
  at <VTUROOT>
[Vue warn]: Property "$primevue" was accessed during render but is not defined on instance. 
  at <Dropdown id="Right Arm-faded" modelValue=null onUpdate:modelValue=fn<onUpdate:modelValue>  ... > 
  at <TabPanel header="Build" class="h-full" > 
  at <TabView class="h-full tinker-plants-tabs" > 
  at <TinkerPlants ref="VTU_COMPONENT" > 
  at <VTUROOT>
[Vue warn]: Property "$primevue" was accessed during render but is not defined on instance. 
  at <Dropdown id="Chest-shiny" modelValue=null onUpdate:modelValue=fn<onUpdate:modelValue>  ... > 
  at <TabPanel header="Build" class="h-full" > 
  at <TabView class="h-full tinker-plants-tabs" > 
  at <TinkerPlants ref="VTU_COMPONENT" > 
  at <VTUROOT>
[Vue warn]: Property "$primevue" was accessed during render but is not defined on instance. 
  at <Dropdown id="Chest-bright" modelValue=null onUpdate:modelValue=fn<onUpdate:modelValue>  ... > 
  at <TabPanel header="Build" class="h-full" > 
  at <TabView class="h-full tinker-plants-tabs" > 
  at <TinkerPlants ref="VTU_COMPONENT" > 
  at <VTUROOT>
[Vue warn]: Property "$primevue" was accessed during render but is not defined on instance. 
  at <Dropdown id="Chest-faded" modelValue=null onUpdate:modelValue=fn<onUpdate:modelValue>  ... > 
  at <TabPanel header="Build" class="h-full" > 
  at <TabView class="h-full tinker-plants-tabs" > 
  at <TinkerPlants ref="VTU_COMPONENT" > 
  at <VTUROOT>
[Vue warn]: Property "$primevue" was accessed during render but is not defined on instance. 
  at <Dropdown id="Left Arm-shiny" modelValue=null onUpdate:modelValue=fn<onUpdate:modelValue>  ... > 
  at <TabPanel header="Build" class="h-full" > 
  at <TabView class="h-full tinker-plants-tabs" > 
  at <TinkerPlants ref="VTU_COMPONENT" > 
  at <VTUROOT>
[Vue warn]: Property "$primevue" was accessed during render but is not defined on instance. 
  at <Dropdown id="Left Arm-bright" modelValue=null onUpdate:modelValue=fn<onUpdate:modelValue>  ... > 
  at <TabPanel header="Build" class="h-full" > 
  at <TabView class="h-full tinker-plants-tabs" > 
  at <TinkerPlants ref="VTU_COMPONENT" > 
  at <VTUROOT>
[Vue warn]: Property "$primevue" was accessed during render but is not defined on instance. 
  at <Dropdown id="Left Arm-faded" modelValue=null onUpdate:modelValue=fn<onUpdate:modelValue>  ... > 
  at <TabPanel header="Build" class="h-full" > 
  at <TabView class="h-full tinker-plants-tabs" > 
  at <TinkerPlants ref="VTU_COMPONENT" > 
  at <VTUROOT>
[Vue warn]: Property "$primevue" was accessed during render but is not defined on instance. 
  at <Dropdown id="Right Wrist-shiny" modelValue=null onUpdate:modelValue=fn<onUpdate:modelValue>  ... > 
  at <TabPanel header="Build" class="h-full" > 
  at <TabView class="h-full tinker-plants-tabs" > 
  at <TinkerPlants ref="VTU_COMPONENT" > 
  at <VTUROOT>
[Vue warn]: Property "$primevue" was accessed during render but is not defined on instance. 
  at <Dropdown id="Right Wrist-bright" modelValue=null onUpdate:modelValue=fn<onUpdate:modelValue>  ... > 
  at <TabPanel header="Build" class="h-full" > 
  at <TabView class="h-full tinker-plants-tabs" > 
  at <TinkerPlants ref="VTU_COMPONENT" > 
  at <VTUROOT>
[Vue warn]: Property "$primevue" was accessed during render but is not defined on instance. 
  at <Dropdown id="Right Wrist-faded" modelValue=null onUpdate:modelValue=fn<onUpdate:modelValue>  ... > 
  at <TabPanel header="Build" class="h-full" > 
  at <TabView class="h-full tinker-plants-tabs" > 
  at <TinkerPlants ref="VTU_COMPONENT" > 
  at <VTUROOT>
[Vue warn]: Property "$primevue" was accessed during render but is not defined on instance. 
  at <Dropdown id="Waist-shiny" modelValue=null onUpdate:modelValue=fn<onUpdate:modelValue>  ... > 
  at <TabPanel header="Build" class="h-full" > 
  at <TabView class="h-full tinker-plants-tabs" > 
  at <TinkerPlants ref="VTU_COMPONENT" > 
  at <VTUROOT>
[Vue warn]: Property "$primevue" was accessed during render but is not defined on instance. 
  at <Dropdown id="Waist-bright" modelValue=null onUpdate:modelValue=fn<onUpdate:modelValue>  ... > 
  at <TabPanel header="Build" class="h-full" > 
  at <TabView class="h-full tinker-plants-tabs" > 
  at <TinkerPlants ref="VTU_COMPONENT" > 
  at <VTUROOT>
[Vue warn]: Property "$primevue" was accessed during render but is not defined on instance. 
  at <Dropdown id="Waist-faded" modelValue=null onUpdate:modelValue=fn<onUpdate:modelValue>  ... > 
  at <TabPanel header="Build" class="h-full" > 
  at <TabView class="h-full tinker-plants-tabs" > 
  at <TinkerPlants ref="VTU_COMPONENT" > 
  at <VTUROOT>
[Vue warn]: Property "$primevue" was accessed during render but is not defined on instance. 
  at <Dropdown id="Left Wrist-shiny" modelValue=null onUpdate:modelValue=fn<onUpdate:modelValue>  ... > 
  at <TabPanel header="Build" class="h-full" > 
  at <TabView class="h-full tinker-plants-tabs" > 
  at <TinkerPlants ref="VTU_COMPONENT" > 
  at <VTUROOT>
[Vue warn]: Property "$primevue" was accessed during render but is not defined on instance. 
  at <Dropdown id="Left Wrist-bright" modelValue=null onUpdate:modelValue=fn<onUpdate:modelValue>  ... > 
  at <TabPanel header="Build" class="h-full" > 
  at <TabView class="h-full tinker-plants-tabs" > 
  at <TinkerPlants ref="VTU_COMPONENT" > 
  at <VTUROOT>
[Vue warn]: Property "$primevue" was accessed during render but is not defined on instance. 
  at <Dropdown id="Left Wrist-faded" modelValue=null onUpdate:modelValue=fn<onUpdate:modelValue>  ... > 
  at <TabPanel header="Build" class="h-full" > 
  at <TabView class="h-full tinker-plants-tabs" > 
  at <TinkerPlants ref="VTU_COMPONENT" > 
  at <VTUROOT>
[Vue warn]: Property "$primevue" was accessed during render but is not defined on instance. 
  at <Dropdown id="Right Hand-shiny" modelValue=null onUpdate:modelValue=fn<onUpdate:modelValue>  ... > 
  at <TabPanel header="Build" class="h-full" > 
  at <TabView class="h-full tinker-plants-tabs" > 
  at <TinkerPlants ref="VTU_COMPONENT" > 
  at <VTUROOT>
[Vue warn]: Property "$primevue" was accessed during render but is not defined on instance. 
  at <Dropdown id="Right Hand-bright" modelValue=null onUpdate:modelValue=fn<onUpdate:modelValue>  ... > 
  at <TabPanel header="Build" class="h-full" > 
  at <TabView class="h-full tinker-plants-tabs" > 
  at <TinkerPlants ref="VTU_COMPONENT" > 
  at <VTUROOT>
[Vue warn]: Property "$primevue" was accessed during render but is not defined on instance. 
  at <Dropdown id="Right Hand-faded" modelValue=null onUpdate:modelValue=fn<onUpdate:modelValue>  ... > 
  at <TabPanel header="Build" class="h-full" > 
  at <TabView class="h-full tinker-plants-tabs" > 
  at <TinkerPlants ref="VTU_COMPONENT" > 
  at <VTUROOT>
[Vue warn]: Property "$primevue" was accessed during render but is not defined on instance. 
  at <Dropdown id="Leg-shiny" modelValue=null onUpdate:modelValue=fn<onUpdate:modelValue>  ... > 
  at <TabPanel header="Build" class="h-full" > 
  at <TabView class="h-full tinker-plants-tabs" > 
  at <TinkerPlants ref="VTU_COMPONENT" > 
  at <VTUROOT>
[Vue warn]: Property "$primevue" was accessed during render but is not defined on instance. 
  at <Dropdown id="Leg-bright" modelValue=null onUpdate:modelValue=fn<onUpdate:modelValue>  ... > 
  at <TabPanel header="Build" class="h-full" > 
  at <TabView class="h-full tinker-plants-tabs" > 
  at <TinkerPlants ref="VTU_COMPONENT" > 
  at <VTUROOT>
[Vue warn]: Property "$primevue" was accessed during render but is not defined on instance. 
  at <Dropdown id="Leg-faded" modelValue=null onUpdate:modelValue=fn<onUpdate:modelValue>  ... > 
  at <TabPanel header="Build" class="h-full" > 
  at <TabView class="h-full tinker-plants-tabs" > 
  at <TinkerPlants ref="VTU_COMPONENT" > 
  at <VTUROOT>
[Vue warn]: Property "$primevue" was accessed during render but is not defined on instance. 
  at <Dropdown id="Left Hand-shiny" modelValue=null onUpdate:modelValue=fn<onUpdate:modelValue>  ... > 
  at <TabPanel header="Build" class="h-full" > 
  at <TabView class="h-full tinker-plants-tabs" > 
  at <TinkerPlants ref="VTU_COMPONENT" > 
  at <VTUROOT>
[Vue warn]: Property "$primevue" was accessed during render but is not defined on instance. 
  at <Dropdown id="Left Hand-bright" modelValue=null onUpdate:modelValue=fn<onUpdate:modelValue>  ... > 
  at <TabPanel header="Build" class="h-full" > 
  at <TabView class="h-full tinker-plants-tabs" > 
  at <TinkerPlants ref="VTU_COMPONENT" > 
  at <VTUROOT>
[Vue warn]: Property "$primevue" was accessed during render but is not defined on instance. 
  at <Dropdown id="Left Hand-faded" modelValue=null onUpdate:modelValue=fn<onUpdate:modelValue>  ... > 
  at <TabPanel header="Build" class="h-full" > 
  at <TabView class="h-full tinker-plants-tabs" > 
  at <TinkerPlants ref="VTU_COMPONENT" > 
  at <VTUROOT>
[Vue warn]: Property "$primevue" was accessed during render but is not defined on instance. 
  at <Dropdown id="Feet-shiny" modelValue=null onUpdate:modelValue=fn<onUpdate:modelValue>  ... > 
  at <TabPanel header="Build" class="h-full" > 
  at <TabView class="h-full tinker-plants-tabs" > 
  at <TinkerPlants ref="VTU_COMPONENT" > 
  at <VTUROOT>
[Vue warn]: Property "$primevue" was accessed during render but is not defined on instance. 
  at <Dropdown id="Feet-bright" modelValue=null onUpdate:modelValue=fn<onUpdate:modelValue>  ... > 
  at <TabPanel header="Build" class="h-full" > 
  at <TabView class="h-full tinker-plants-tabs" > 
  at <TinkerPlants ref="VTU_COMPONENT" > 
  at <VTUROOT>
[Vue warn]: Property "$primevue" was accessed during render but is not defined on instance. 
  at <Dropdown id="Feet-faded" modelValue=null onUpdate:modelValue=fn<onUpdate:modelValue>  ... > 
  at <TabPanel header="Build" class="h-full" > 
  at <TabView class="h-full tinker-plants-tabs" > 
  at <TinkerPlants ref="VTU_COMPONENT" > 
  at <VTUROOT>
[Vue warn]: Extraneous non-props attributes (class) were passed to component but could not be automatically inherited because component renders fragment or text root nodes. 
  at <TabPanel header="Construction" class="h-full" > 
  at <TabView class="h-full tinker-plants-tabs" > 
  at <TinkerPlants ref="VTU_COMPONENT" > 
  at <VTUROOT>

stderr | src/__tests__/views/TinkerPlants.simple.test.ts > TinkerPlants - Simple Tests > Methods > clearAllImplants resets all selections
[Vue warn]: Property "$primevue" was accessed during render but is not defined on instance. 
  at <InputNumber id="ql-input" modelValue=200 onUpdate:modelValue=fn  ... > 
  at <TinkerPlants ref="VTU_COMPONENT" > 
  at <VTUROOT>
[Vue warn]: Extraneous non-props attributes (class) were passed to component but could not be automatically inherited because component renders fragment or text root nodes. 
  at <TabPanel header="Build" class="h-full" > 
  at <TabView class="h-full tinker-plants-tabs" > 
  at <TinkerPlants ref="VTU_COMPONENT" > 
  at <VTUROOT>
[Vue warn]: Property "$primevue" was accessed during render but is not defined on instance. 
  at <Dropdown id="Eye-shiny" modelValue=null onUpdate:modelValue=fn<onUpdate:modelValue>  ... > 
  at <TabPanel header="Build" class="h-full" > 
  at <TabView class="h-full tinker-plants-tabs" > 
  at <TinkerPlants ref="VTU_COMPONENT" > 
  at <VTUROOT>
[Vue warn]: Property "$primevue" was accessed during render but is not defined on instance. 
  at <Dropdown id="Eye-bright" modelValue=null onUpdate:modelValue=fn<onUpdate:modelValue>  ... > 
  at <TabPanel header="Build" class="h-full" > 
  at <TabView class="h-full tinker-plants-tabs" > 
  at <TinkerPlants ref="VTU_COMPONENT" > 
  at <VTUROOT>
[Vue warn]: Property "$primevue" was accessed during render but is not defined on instance. 
  at <Dropdown id="Eye-faded" modelValue=null onUpdate:modelValue=fn<onUpdate:modelValue>  ... > 
  at <TabPanel header="Build" class="h-full" > 
  at <TabView class="h-full tinker-plants-tabs" > 
  at <TinkerPlants ref="VTU_COMPONENT" > 
  at <VTUROOT>
[Vue warn]: Property "$primevue" was accessed during render but is not defined on instance. 
  at <InputNumber id="Eye-ql" modelValue=200 onUpdate:modelValue=fn<onUpdate:modelValue>  ... > 
  at <TabPanel header="Build" class="h-full" > 
  at <TabView class="h-full tinker-plants-tabs" > 
  at <TinkerPlants ref="VTU_COMPONENT" > 
  at <VTUROOT>
[Vue warn]: Property "$primevue" was accessed during render but is not defined on instance. 
  at <Dropdown id="Head-shiny" modelValue=null onUpdate:modelValue=fn<onUpdate:modelValue>  ... > 
  at <TabPanel header="Build" class="h-full" > 
  at <TabView class="h-full tinker-plants-tabs" > 
  at <TinkerPlants ref="VTU_COMPONENT" > 
  at <VTUROOT>
[Vue warn]: Property "$primevue" was accessed during render but is not defined on instance. 
  at <Dropdown id="Head-bright" modelValue=null onUpdate:modelValue=fn<onUpdate:modelValue>  ... > 
  at <TabPanel header="Build" class="h-full" > 
  at <TabView class="h-full tinker-plants-tabs" > 
  at <TinkerPlants ref="VTU_COMPONENT" > 
  at <VTUROOT>
[Vue warn]: Property "$primevue" was accessed during render but is not defined on instance. 
  at <Dropdown id="Head-faded" modelValue=null onUpdate:modelValue=fn<onUpdate:modelValue>  ... > 
  at <TabPanel header="Build" class="h-full" > 
  at <TabView class="h-full tinker-plants-tabs" > 
  at <TinkerPlants ref="VTU_COMPONENT" > 
  at <VTUROOT>
[Vue warn]: Property "$primevue" was accessed during render but is not defined on instance. 
  at <InputNumber id="Head-ql" modelValue=200 onUpdate:modelValue=fn<onUpdate:modelValue>  ... > 
  at <TabPanel header="Build" class="h-full" > 
  at <TabView class="h-full tinker-plants-tabs" > 
  at <TinkerPlants ref="VTU_COMPONENT" > 
  at <VTUROOT>
[Vue warn]: Property "$primevue" was accessed during render but is not defined on instance. 
  at <Dropdown id="Ear-shiny" modelValue=null onUpdate:modelValue=fn<onUpdate:modelValue>  ... > 
  at <TabPanel header="Build" class="h-full" > 
  at <TabView class="h-full tinker-plants-tabs" > 
  at <TinkerPlants ref="VTU_COMPONENT" > 
  at <VTUROOT>
[Vue warn]: Property "$primevue" was accessed during render but is not defined on instance. 
  at <Dropdown id="Ear-bright" modelValue=null onUpdate:modelValue=fn<onUpdate:modelValue>  ... > 
  at <TabPanel header="Build" class="h-full" > 
  at <TabView class="h-full tinker-plants-tabs" > 
  at <TinkerPlants ref="VTU_COMPONENT" > 
  at <VTUROOT>
[Vue warn]: Property "$primevue" was accessed during render but is not defined on instance. 
  at <Dropdown id="Ear-faded" modelValue=null onUpdate:modelValue=fn<onUpdate:modelValue>  ... > 
  at <TabPanel header="Build" class="h-full" > 
  at <TabView class="h-full tinker-plants-tabs" > 
  at <TinkerPlants ref="VTU_COMPONENT" > 
  at <VTUROOT>
[Vue warn]: Property "$primevue" was accessed during render but is not defined on instance. 
  at <InputNumber id="Ear-ql" modelValue=200 onUpdate:modelValue=fn<onUpdate:modelValue>  ... > 
  at <TabPanel header="Build" class="h-full" > 
  at <TabView class="h-full tinker-plants-tabs" > 
  at <TinkerPlants ref="VTU_COMPONENT" > 
  at <VTUROOT>
[Vue warn]: Property "$primevue" was accessed during render but is not defined on instance. 
  at <Dropdown id="Right Arm-shiny" modelValue=null onUpdate:modelValue=fn<onUpdate:modelValue>  ... > 
  at <TabPanel header="Build" class="h-full" > 
  at <TabView class="h-full tinker-plants-tabs" > 
  at <TinkerPlants ref="VTU_COMPONENT" > 
  at <VTUROOT>
[Vue warn]: Property "$primevue" was accessed during render but is not defined on instance. 
  at <Dropdown id="Right Arm-bright" modelValue=null onUpdate:modelValue=fn<onUpdate:modelValue>  ... > 
  at <TabPanel header="Build" class="h-full" > 
  at <TabView class="h-full tinker-plants-tabs" > 
  at <TinkerPlants ref="VTU_COMPONENT" > 
  at <VTUROOT>
[Vue warn]: Property "$primevue" was accessed during render but is not defined on instance. 
  at <Dropdown id="Right Arm-faded" modelValue=null onUpdate:modelValue=fn<onUpdate:modelValue>  ... > 
  at <TabPanel header="Build" class="h-full" > 
  at <TabView class="h-full tinker-plants-tabs" > 
  at <TinkerPlants ref="VTU_COMPONENT" > 
  at <VTUROOT>
[Vue warn]: Property "$primevue" was accessed during render but is not defined on instance. 
  at <InputNumber id="Right Arm-ql" modelValue=200 onUpdate:modelValue=fn<onUpdate:modelValue>  ... > 
  at <TabPanel header="Build" class="h-full" > 
  at <TabView class="h-full tinker-plants-tabs" > 
  at <TinkerPlants ref="VTU_COMPONENT" > 
  at <VTUROOT>
[Vue warn]: Property "$primevue" was accessed during render but is not defined on instance. 
  at <Dropdown id="Chest-shiny" modelValue=null onUpdate:modelValue=fn<onUpdate:modelValue>  ... > 
  at <TabPanel header="Build" class="h-full" > 
  at <TabView class="h-full tinker-plants-tabs" > 
  at <TinkerPlants ref="VTU_COMPONENT" > 
  at <VTUROOT>
[Vue warn]: Property "$primevue" was accessed during render but is not defined on instance. 
  at <Dropdown id="Chest-bright" modelValue=null onUpdate:modelValue=fn<onUpdate:modelValue>  ... > 
  at <TabPanel header="Build" class="h-full" > 
  at <TabView class="h-full tinker-plants-tabs" > 
  at <TinkerPlants ref="VTU_COMPONENT" > 
  at <VTUROOT>
[Vue warn]: Property "$primevue" was accessed during render but is not defined on instance. 
  at <Dropdown id="Chest-faded" modelValue=null onUpdate:modelValue=fn<onUpdate:modelValue>  ... > 
  at <TabPanel header="Build" class="h-full" > 
  at <TabView class="h-full tinker-plants-tabs" > 
  at <TinkerPlants ref="VTU_COMPONENT" > 
  at <VTUROOT>
[Vue warn]: Property "$primevue" was accessed during render but is not defined on instance. 
  at <InputNumber id="Chest-ql" modelValue=200 onUpdate:modelValue=fn<onUpdate:modelValue>  ... > 
  at <TabPanel header="Build" class="h-full" > 
  at <TabView class="h-full tinker-plants-tabs" > 
  at <TinkerPlants ref="VTU_COMPONENT" > 
  at <VTUROOT>
[Vue warn]: Property "$primevue" was accessed during render but is not defined on instance. 
  at <Dropdown id="Left Arm-shiny" modelValue=null onUpdate:modelValue=fn<onUpdate:modelValue>  ... > 
  at <TabPanel header="Build" class="h-full" > 
  at <TabView class="h-full tinker-plants-tabs" > 
  at <TinkerPlants ref="VTU_COMPONENT" > 
  at <VTUROOT>
[Vue warn]: Property "$primevue" was accessed during render but is not defined on instance. 
  at <Dropdown id="Left Arm-bright" modelValue=null onUpdate:modelValue=fn<onUpdate:modelValue>  ... > 
  at <TabPanel header="Build" class="h-full" > 
  at <TabView class="h-full tinker-plants-tabs" > 
  at <TinkerPlants ref="VTU_COMPONENT" > 
  at <VTUROOT>
[Vue warn]: Property "$primevue" was accessed during render but is not defined on instance. 
  at <Dropdown id="Left Arm-faded" modelValue=null onUpdate:modelValue=fn<onUpdate:modelValue>  ... > 
  at <TabPanel header="Build" class="h-full" > 
  at <TabView class="h-full tinker-plants-tabs" > 
  at <TinkerPlants ref="VTU_COMPONENT" > 
  at <VTUROOT>
[Vue warn]: Property "$primevue" was accessed during render but is not defined on instance. 
  at <InputNumber id="Left Arm-ql" modelValue=200 onUpdate:modelValue=fn<onUpdate:modelValue>  ... > 
  at <TabPanel header="Build" class="h-full" > 
  at <TabView class="h-full tinker-plants-tabs" > 
  at <TinkerPlants ref="VTU_COMPONENT" > 
  at <VTUROOT>
[Vue warn]: Property "$primevue" was accessed during render but is not defined on instance. 
  at <Dropdown id="Right Wrist-shiny" modelValue=null onUpdate:modelValue=fn<onUpdate:modelValue>  ... > 
  at <TabPanel header="Build" class="h-full" > 
  at <TabView class="h-full tinker-plants-tabs" > 
  at <TinkerPlants ref="VTU_COMPONENT" > 
  at <VTUROOT>
[Vue warn]: Property "$primevue" was accessed during render but is not defined on instance. 
  at <Dropdown id="Right Wrist-bright" modelValue=null onUpdate:modelValue=fn<onUpdate:modelValue>  ... > 
  at <TabPanel header="Build" class="h-full" > 
  at <TabView class="h-full tinker-plants-tabs" > 
  at <TinkerPlants ref="VTU_COMPONENT" > 
  at <VTUROOT>
[Vue warn]: Property "$primevue" was accessed during render but is not defined on instance. 
  at <Dropdown id="Right Wrist-faded" modelValue=null onUpdate:modelValue=fn<onUpdate:modelValue>  ... > 
  at <TabPanel header="Build" class="h-full" > 
  at <TabView class="h-full tinker-plants-tabs" > 
  at <TinkerPlants ref="VTU_COMPONENT" > 
  at <VTUROOT>
[Vue warn]: Property "$primevue" was accessed during render but is not defined on instance. 
  at <InputNumber id="Right Wrist-ql" modelValue=200 onUpdate:modelValue=fn<onUpdate:modelValue>  ... > 
  at <TabPanel header="Build" class="h-full" > 
  at <TabView class="h-full tinker-plants-tabs" > 
  at <TinkerPlants ref="VTU_COMPONENT" > 
  at <VTUROOT>
[Vue warn]: Property "$primevue" was accessed during render but is not defined on instance. 
  at <Dropdown id="Waist-shiny" modelValue=null onUpdate:modelValue=fn<onUpdate:modelValue>  ... > 
  at <TabPanel header="Build" class="h-full" > 
  at <TabView class="h-full tinker-plants-tabs" > 
  at <TinkerPlants ref="VTU_COMPONENT" > 
  at <VTUROOT>
[Vue warn]: Property "$primevue" was accessed during render but is not defined on instance. 
  at <Dropdown id="Waist-bright" modelValue=null onUpdate:modelValue=fn<onUpdate:modelValue>  ... > 
  at <TabPanel header="Build" class="h-full" > 
  at <TabView class="h-full tinker-plants-tabs" > 
  at <TinkerPlants ref="VTU_COMPONENT" > 
  at <VTUROOT>
[Vue warn]: Property "$primevue" was accessed during render but is not defined on instance. 
  at <Dropdown id="Waist-faded" modelValue=null onUpdate:modelValue=fn<onUpdate:modelValue>  ... > 
  at <TabPanel header="Build" class="h-full" > 
  at <TabView class="h-full tinker-plants-tabs" > 
  at <TinkerPlants ref="VTU_COMPONENT" > 
  at <VTUROOT>
[Vue warn]: Property "$primevue" was accessed during render but is not defined on instance. 
  at <InputNumber id="Waist-ql" modelValue=200 onUpdate:modelValue=fn<onUpdate:modelValue>  ... > 
  at <TabPanel header="Build" class="h-full" > 
  at <TabView class="h-full tinker-plants-tabs" > 
  at <TinkerPlants ref="VTU_COMPONENT" > 
  at <VTUROOT>
[Vue warn]: Property "$primevue" was accessed during render but is not defined on instance. 
  at <Dropdown id="Left Wrist-shiny" modelValue=null onUpdate:modelValue=fn<onUpdate:modelValue>  ... > 
  at <TabPanel header="Build" class="h-full" > 
  at <TabView class="h-full tinker-plants-tabs" > 
  at <TinkerPlants ref="VTU_COMPONENT" > 
  at <VTUROOT>
[Vue warn]: Property "$primevue" was accessed during render but is not defined on instance. 
  at <Dropdown id="Left Wrist-bright" modelValue=null onUpdate:modelValue=fn<onUpdate:modelValue>  ... > 
  at <TabPanel header="Build" class="h-full" > 
  at <TabView class="h-full tinker-plants-tabs" > 
  at <TinkerPlants ref="VTU_COMPONENT" > 
  at <VTUROOT>
[Vue warn]: Property "$primevue" was accessed during render but is not defined on instance. 
  at <Dropdown id="Left Wrist-faded" modelValue=null onUpdate:modelValue=fn<onUpdate:modelValue>  ... > 
  at <TabPanel header="Build" class="h-full" > 
  at <TabView class="h-full tinker-plants-tabs" > 
  at <TinkerPlants ref="VTU_COMPONENT" > 
  at <VTUROOT>
[Vue warn]: Property "$primevue" was accessed during render but is not defined on instance. 
  at <InputNumber id="Left Wrist-ql" modelValue=200 onUpdate:modelValue=fn<onUpdate:modelValue>  ... > 
  at <TabPanel header="Build" class="h-full" > 
  at <TabView class="h-full tinker-plants-tabs" > 
  at <TinkerPlants ref="VTU_COMPONENT" > 
  at <VTUROOT>
[Vue warn]: Property "$primevue" was accessed during render but is not defined on instance. 
  at <Dropdown id="Right Hand-shiny" modelValue=null onUpdate:modelValue=fn<onUpdate:modelValue>  ... > 
  at <TabPanel header="Build" class="h-full" > 
  at <TabView class="h-full tinker-plants-tabs" > 
  at <TinkerPlants ref="VTU_COMPONENT" > 
  at <VTUROOT>
[Vue warn]: Property "$primevue" was accessed during render but is not defined on instance. 
  at <Dropdown id="Right Hand-bright" modelValue=null onUpdate:modelValue=fn<onUpdate:modelValue>  ... > 
  at <TabPanel header="Build" class="h-full" > 
  at <TabView class="h-full tinker-plants-tabs" > 
  at <TinkerPlants ref="VTU_COMPONENT" > 
  at <VTUROOT>
[Vue warn]: Property "$primevue" was accessed during render but is not defined on instance. 
  at <Dropdown id="Right Hand-faded" modelValue=null onUpdate:modelValue=fn<onUpdate:modelValue>  ... > 
  at <TabPanel header="Build" class="h-full" > 
  at <TabView class="h-full tinker-plants-tabs" > 
  at <TinkerPlants ref="VTU_COMPONENT" > 
  at <VTUROOT>
[Vue warn]: Property "$primevue" was accessed during render but is not defined on instance. 
  at <InputNumber id="Right Hand-ql" modelValue=200 onUpdate:modelValue=fn<onUpdate:modelValue>  ... > 
  at <TabPanel header="Build" class="h-full" > 
  at <TabView class="h-full tinker-plants-tabs" > 
  at <TinkerPlants ref="VTU_COMPONENT" > 
  at <VTUROOT>
[Vue warn]: Property "$primevue" was accessed during render but is not defined on instance. 
  at <Dropdown id="Leg-shiny" modelValue=null onUpdate:modelValue=fn<onUpdate:modelValue>  ... > 
  at <TabPanel header="Build" class="h-full" > 
  at <TabView class="h-full tinker-plants-tabs" > 
  at <TinkerPlants ref="VTU_COMPONENT" > 
  at <VTUROOT>
[Vue warn]: Property "$primevue" was accessed during render but is not defined on instance. 
  at <Dropdown id="Leg-bright" modelValue=null onUpdate:modelValue=fn<onUpdate:modelValue>  ... > 
  at <TabPanel header="Build" class="h-full" > 
  at <TabView class="h-full tinker-plants-tabs" > 
  at <TinkerPlants ref="VTU_COMPONENT" > 
  at <VTUROOT>
[Vue warn]: Property "$primevue" was accessed during render but is not defined on instance. 
  at <Dropdown id="Leg-faded" modelValue=null onUpdate:modelValue=fn<onUpdate:modelValue>  ... > 
  at <TabPanel header="Build" class="h-full" > 
  at <TabView class="h-full tinker-plants-tabs" > 
  at <TinkerPlants ref="VTU_COMPONENT" > 
  at <VTUROOT>
[Vue warn]: Property "$primevue" was accessed during render but is not defined on instance. 
  at <InputNumber id="Leg-ql" modelValue=200 onUpdate:modelValue=fn<onUpdate:modelValue>  ... > 
  at <TabPanel header="Build" class="h-full" > 
  at <TabView class="h-full tinker-plants-tabs" > 
  at <TinkerPlants ref="VTU_COMPONENT" > 
  at <VTUROOT>
[Vue warn]: Property "$primevue" was accessed during render but is not defined on instance. 
  at <Dropdown id="Left Hand-shiny" modelValue=null onUpdate:modelValue=fn<onUpdate:modelValue>  ... > 
  at <TabPanel header="Build" class="h-full" > 
  at <TabView class="h-full tinker-plants-tabs" > 
  at <TinkerPlants ref="VTU_COMPONENT" > 
  at <VTUROOT>
[Vue warn]: Property "$primevue" was accessed during render but is not defined on instance. 
  at <Dropdown id="Left Hand-bright" modelValue=null onUpdate:modelValue=fn<onUpdate:modelValue>  ... > 
  at <TabPanel header="Build" class="h-full" > 
  at <TabView class="h-full tinker-plants-tabs" > 
  at <TinkerPlants ref="VTU_COMPONENT" > 
  at <VTUROOT>
[Vue warn]: Property "$primevue" was accessed during render but is not defined on instance. 
  at <Dropdown id="Left Hand-faded" modelValue=null onUpdate:modelValue=fn<onUpdate:modelValue>  ... > 
  at <TabPanel header="Build" class="h-full" > 
  at <TabView class="h-full tinker-plants-tabs" > 
  at <TinkerPlants ref="VTU_COMPONENT" > 
  at <VTUROOT>
[Vue warn]: Property "$primevue" was accessed during render but is not defined on instance. 
  at <InputNumber id="Left Hand-ql" modelValue=200 onUpdate:modelValue=fn<onUpdate:modelValue>  ... > 
  at <TabPanel header="Build" class="h-full" > 
  at <TabView class="h-full tinker-plants-tabs" > 
  at <TinkerPlants ref="VTU_COMPONENT" > 
  at <VTUROOT>
[Vue warn]: Property "$primevue" was accessed during render but is not defined on instance. 
  at <Dropdown id="Feet-shiny" modelValue=null onUpdate:modelValue=fn<onUpdate:modelValue>  ... > 
  at <TabPanel header="Build" class="h-full" > 
  at <TabView class="h-full tinker-plants-tabs" > 
  at <TinkerPlants ref="VTU_COMPONENT" > 
  at <VTUROOT>
[Vue warn]: Property "$primevue" was accessed during render but is not defined on instance. 
  at <Dropdown id="Feet-bright" modelValue=null onUpdate:modelValue=fn<onUpdate:modelValue>  ... > 
  at <TabPanel header="Build" class="h-full" > 
  at <TabView class="h-full tinker-plants-tabs" > 
  at <TinkerPlants ref="VTU_COMPONENT" > 
  at <VTUROOT>
[Vue warn]: Property "$primevue" was accessed during render but is not defined on instance. 
  at <Dropdown id="Feet-faded" modelValue=null onUpdate:modelValue=fn<onUpdate:modelValue>  ... > 
  at <TabPanel header="Build" class="h-full" > 
  at <TabView class="h-full tinker-plants-tabs" > 
  at <TinkerPlants ref="VTU_COMPONENT" > 
  at <VTUROOT>
[Vue warn]: Property "$primevue" was accessed during render but is not defined on instance. 
  at <InputNumber id="Feet-ql" modelValue=200 onUpdate:modelValue=fn<onUpdate:modelValue>  ... > 
  at <TabPanel header="Build" class="h-full" > 
  at <TabView class="h-full tinker-plants-tabs" > 
  at <TinkerPlants ref="VTU_COMPONENT" > 
  at <VTUROOT>
[Vue warn]: Extraneous non-props attributes (class) were passed to component but could not be automatically inherited because component renders fragment or text root nodes. 
  at <TabPanel header="Construction" class="h-full" > 
  at <TabView class="h-full tinker-plants-tabs" > 
  at <TinkerPlants ref="VTU_COMPONENT" > 
  at <VTUROOT>
[Vue warn]: Extraneous non-props attributes (class) were passed to component but could not be automatically inherited because component renders fragment or text root nodes. 
  at <TabPanel header="Build" class="h-full" > 
  at <TabView class="h-full tinker-plants-tabs" > 
  at <TinkerPlants ref="VTU_COMPONENT" > 
  at <VTUROOT>
[Vue warn]: Property "$primevue" was accessed during render but is not defined on instance. 
  at <Dropdown id="Eye-shiny" modelValue=null onUpdate:modelValue=fn<onUpdate:modelValue>  ... > 
  at <TabPanel header="Build" class="h-full" > 
  at <TabView class="h-full tinker-plants-tabs" > 
  at <TinkerPlants ref="VTU_COMPONENT" > 
  at <VTUROOT>
[Vue warn]: Property "$primevue" was accessed during render but is not defined on instance. 
  at <Dropdown id="Eye-bright" modelValue=null onUpdate:modelValue=fn<onUpdate:modelValue>  ... > 
  at <TabPanel header="Build" class="h-full" > 
  at <TabView class="h-full tinker-plants-tabs" > 
  at <TinkerPlants ref="VTU_COMPONENT" > 
  at <VTUROOT>
[Vue warn]: Property "$primevue" was accessed during render but is not defined on instance. 
  at <Dropdown id="Eye-faded" modelValue=null onUpdate:modelValue=fn<onUpdate:modelValue>  ... > 
  at <TabPanel header="Build" class="h-full" > 
  at <TabView class="h-full tinker-plants-tabs" > 
  at <TinkerPlants ref="VTU_COMPONENT" > 
  at <VTUROOT>
[Vue warn]: Property "$primevue" was accessed during render but is not defined on instance. 
  at <Dropdown id="Head-shiny" modelValue=null onUpdate:modelValue=fn<onUpdate:modelValue>  ... > 
  at <TabPanel header="Build" class="h-full" > 
  at <TabView class="h-full tinker-plants-tabs" > 
  at <TinkerPlants ref="VTU_COMPONENT" > 
  at <VTUROOT>
[Vue warn]: Property "$primevue" was accessed during render but is not defined on instance. 
  at <Dropdown id="Head-bright" modelValue=null onUpdate:modelValue=fn<onUpdate:modelValue>  ... > 
  at <TabPanel header="Build" class="h-full" > 
  at <TabView class="h-full tinker-plants-tabs" > 
  at <TinkerPlants ref="VTU_COMPONENT" > 
  at <VTUROOT>
[Vue warn]: Property "$primevue" was accessed during render but is not defined on instance. 
  at <Dropdown id="Head-faded" modelValue=null onUpdate:modelValue=fn<onUpdate:modelValue>  ... > 
  at <TabPanel header="Build" class="h-full" > 
  at <TabView class="h-full tinker-plants-tabs" > 
  at <TinkerPlants ref="VTU_COMPONENT" > 
  at <VTUROOT>
[Vue warn]: Property "$primevue" was accessed during render but is not defined on instance. 
  at <Dropdown id="Ear-shiny" modelValue=null onUpdate:modelValue=fn<onUpdate:modelValue>  ... > 
  at <TabPanel header="Build" class="h-full" > 
  at <TabView class="h-full tinker-plants-tabs" > 
  at <TinkerPlants ref="VTU_COMPONENT" > 
  at <VTUROOT>
[Vue warn]: Property "$primevue" was accessed during render but is not defined on instance. 
  at <Dropdown id="Ear-bright" modelValue=null onUpdate:modelValue=fn<onUpdate:modelValue>  ... > 
  at <TabPanel header="Build" class="h-full" > 
  at <TabView class="h-full tinker-plants-tabs" > 
  at <TinkerPlants ref="VTU_COMPONENT" > 
  at <VTUROOT>
[Vue warn]: Property "$primevue" was accessed during render but is not defined on instance. 
  at <Dropdown id="Ear-faded" modelValue=null onUpdate:modelValue=fn<onUpdate:modelValue>  ... > 
  at <TabPanel header="Build" class="h-full" > 
  at <TabView class="h-full tinker-plants-tabs" > 
  at <TinkerPlants ref="VTU_COMPONENT" > 
  at <VTUROOT>
[Vue warn]: Property "$primevue" was accessed during render but is not defined on instance. 
  at <Dropdown id="Right Arm-shiny" modelValue=null onUpdate:modelValue=fn<onUpdate:modelValue>  ... > 
  at <TabPanel header="Build" class="h-full" > 
  at <TabView class="h-full tinker-plants-tabs" > 
  at <TinkerPlants ref="VTU_COMPONENT" > 
  at <VTUROOT>
[Vue warn]: Property "$primevue" was accessed during render but is not defined on instance. 
  at <Dropdown id="Right Arm-bright" modelValue=null onUpdate:modelValue=fn<onUpdate:modelValue>  ... > 
  at <TabPanel header="Build" class="h-full" > 
  at <TabView class="h-full tinker-plants-tabs" > 
  at <TinkerPlants ref="VTU_COMPONENT" > 
  at <VTUROOT>
[Vue warn]: Property "$primevue" was accessed during render but is not defined on instance. 
  at <Dropdown id="Right Arm-faded" modelValue=null onUpdate:modelValue=fn<onUpdate:modelValue>  ... > 
  at <TabPanel header="Build" class="h-full" > 
  at <TabView class="h-full tinker-plants-tabs" > 
  at <TinkerPlants ref="VTU_COMPONENT" > 
  at <VTUROOT>
[Vue warn]: Property "$primevue" was accessed during render but is not defined on instance. 
  at <Dropdown id="Chest-shiny" modelValue=null onUpdate:modelValue=fn<onUpdate:modelValue>  ... > 
  at <TabPanel header="Build" class="h-full" > 
  at <TabView class="h-full tinker-plants-tabs" > 
  at <TinkerPlants ref="VTU_COMPONENT" > 
  at <VTUROOT>
[Vue warn]: Property "$primevue" was accessed during render but is not defined on instance. 
  at <Dropdown id="Chest-bright" modelValue=null onUpdate:modelValue=fn<onUpdate:modelValue>  ... > 
  at <TabPanel header="Build" class="h-full" > 
  at <TabView class="h-full tinker-plants-tabs" > 
  at <TinkerPlants ref="VTU_COMPONENT" > 
  at <VTUROOT>
[Vue warn]: Property "$primevue" was accessed during render but is not defined on instance. 
  at <Dropdown id="Chest-faded" modelValue=null onUpdate:modelValue=fn<onUpdate:modelValue>  ... > 
  at <TabPanel header="Build" class="h-full" > 
  at <TabView class="h-full tinker-plants-tabs" > 
  at <TinkerPlants ref="VTU_COMPONENT" > 
  at <VTUROOT>
[Vue warn]: Property "$primevue" was accessed during render but is not defined on instance. 
  at <Dropdown id="Left Arm-shiny" modelValue=null onUpdate:modelValue=fn<onUpdate:modelValue>  ... > 
  at <TabPanel header="Build" class="h-full" > 
  at <TabView class="h-full tinker-plants-tabs" > 
  at <TinkerPlants ref="VTU_COMPONENT" > 
  at <VTUROOT>
[Vue warn]: Property "$primevue" was accessed during render but is not defined on instance. 
  at <Dropdown id="Left Arm-bright" modelValue=null onUpdate:modelValue=fn<onUpdate:modelValue>  ... > 
  at <TabPanel header="Build" class="h-full" > 
  at <TabView class="h-full tinker-plants-tabs" > 
  at <TinkerPlants ref="VTU_COMPONENT" > 
  at <VTUROOT>
[Vue warn]: Property "$primevue" was accessed during render but is not defined on instance. 
  at <Dropdown id="Left Arm-faded" modelValue=null onUpdate:modelValue=fn<onUpdate:modelValue>  ... > 
  at <TabPanel header="Build" class="h-full" > 
  at <TabView class="h-full tinker-plants-tabs" > 
  at <TinkerPlants ref="VTU_COMPONENT" > 
  at <VTUROOT>
[Vue warn]: Property "$primevue" was accessed during render but is not defined on instance. 
  at <Dropdown id="Right Wrist-shiny" modelValue=null onUpdate:modelValue=fn<onUpdate:modelValue>  ... > 
  at <TabPanel header="Build" class="h-full" > 
  at <TabView class="h-full tinker-plants-tabs" > 
  at <TinkerPlants ref="VTU_COMPONENT" > 
  at <VTUROOT>
[Vue warn]: Property "$primevue" was accessed during render but is not defined on instance. 
  at <Dropdown id="Right Wrist-bright" modelValue=null onUpdate:modelValue=fn<onUpdate:modelValue>  ... > 
  at <TabPanel header="Build" class="h-full" > 
  at <TabView class="h-full tinker-plants-tabs" > 
  at <TinkerPlants ref="VTU_COMPONENT" > 
  at <VTUROOT>
[Vue warn]: Property "$primevue" was accessed during render but is not defined on instance. 
  at <Dropdown id="Right Wrist-faded" modelValue=null onUpdate:modelValue=fn<onUpdate:modelValue>  ... > 
  at <TabPanel header="Build" class="h-full" > 
  at <TabView class="h-full tinker-plants-tabs" > 
  at <TinkerPlants ref="VTU_COMPONENT" > 
  at <VTUROOT>
[Vue warn]: Property "$primevue" was accessed during render but is not defined on instance. 
  at <Dropdown id="Waist-shiny" modelValue=null onUpdate:modelValue=fn<onUpdate:modelValue>  ... > 
  at <TabPanel header="Build" class="h-full" > 
  at <TabView class="h-full tinker-plants-tabs" > 
  at <TinkerPlants ref="VTU_COMPONENT" > 
  at <VTUROOT>
[Vue warn]: Property "$primevue" was accessed during render but is not defined on instance. 
  at <Dropdown id="Waist-bright" modelValue=null onUpdate:modelValue=fn<onUpdate:modelValue>  ... > 
  at <TabPanel header="Build" class="h-full" > 
  at <TabView class="h-full tinker-plants-tabs" > 
  at <TinkerPlants ref="VTU_COMPONENT" > 
  at <VTUROOT>
[Vue warn]: Property "$primevue" was accessed during render but is not defined on instance. 
  at <Dropdown id="Waist-faded" modelValue=null onUpdate:modelValue=fn<onUpdate:modelValue>  ... > 
  at <TabPanel header="Build" class="h-full" > 
  at <TabView class="h-full tinker-plants-tabs" > 
  at <TinkerPlants ref="VTU_COMPONENT" > 
  at <VTUROOT>
[Vue warn]: Property "$primevue" was accessed during render but is not defined on instance. 
  at <Dropdown id="Left Wrist-shiny" modelValue=null onUpdate:modelValue=fn<onUpdate:modelValue>  ... > 
  at <TabPanel header="Build" class="h-full" > 
  at <TabView class="h-full tinker-plants-tabs" > 
  at <TinkerPlants ref="VTU_COMPONENT" > 
  at <VTUROOT>
[Vue warn]: Property "$primevue" was accessed during render but is not defined on instance. 
  at <Dropdown id="Left Wrist-bright" modelValue=null onUpdate:modelValue=fn<onUpdate:modelValue>  ... > 
  at <TabPanel header="Build" class="h-full" > 
  at <TabView class="h-full tinker-plants-tabs" > 
  at <TinkerPlants ref="VTU_COMPONENT" > 
  at <VTUROOT>
[Vue warn]: Property "$primevue" was accessed during render but is not defined on instance. 
  at <Dropdown id="Left Wrist-faded" modelValue=null onUpdate:modelValue=fn<onUpdate:modelValue>  ... > 
  at <TabPanel header="Build" class="h-full" > 
  at <TabView class="h-full tinker-plants-tabs" > 
  at <TinkerPlants ref="VTU_COMPONENT" > 
  at <VTUROOT>
[Vue warn]: Property "$primevue" was accessed during render but is not defined on instance. 
  at <Dropdown id="Right Hand-shiny" modelValue=null onUpdate:modelValue=fn<onUpdate:modelValue>  ... > 
  at <TabPanel header="Build" class="h-full" > 
  at <TabView class="h-full tinker-plants-tabs" > 
  at <TinkerPlants ref="VTU_COMPONENT" > 
  at <VTUROOT>
[Vue warn]: Property "$primevue" was accessed during render but is not defined on instance. 
  at <Dropdown id="Right Hand-bright" modelValue=null onUpdate:modelValue=fn<onUpdate:modelValue>  ... > 
  at <TabPanel header="Build" class="h-full" > 
  at <TabView class="h-full tinker-plants-tabs" > 
  at <TinkerPlants ref="VTU_COMPONENT" > 
  at <VTUROOT>
[Vue warn]: Property "$primevue" was accessed during render but is not defined on instance. 
  at <Dropdown id="Right Hand-faded" modelValue=null onUpdate:modelValue=fn<onUpdate:modelValue>  ... > 
  at <TabPanel header="Build" class="h-full" > 
  at <TabView class="h-full tinker-plants-tabs" > 
  at <TinkerPlants ref="VTU_COMPONENT" > 
  at <VTUROOT>
[Vue warn]: Property "$primevue" was accessed during render but is not defined on instance. 
  at <Dropdown id="Leg-shiny" modelValue=null onUpdate:modelValue=fn<onUpdate:modelValue>  ... > 
  at <TabPanel header="Build" class="h-full" > 
  at <TabView class="h-full tinker-plants-tabs" > 
  at <TinkerPlants ref="VTU_COMPONENT" > 
  at <VTUROOT>
[Vue warn]: Property "$primevue" was accessed during render but is not defined on instance. 
  at <Dropdown id="Leg-bright" modelValue=null onUpdate:modelValue=fn<onUpdate:modelValue>  ... > 
  at <TabPanel header="Build" class="h-full" > 
  at <TabView class="h-full tinker-plants-tabs" > 
  at <TinkerPlants ref="VTU_COMPONENT" > 
  at <VTUROOT>
[Vue warn]: Property "$primevue" was accessed during render but is not defined on instance. 
  at <Dropdown id="Leg-faded" modelValue=null onUpdate:modelValue=fn<onUpdate:modelValue>  ... > 
  at <TabPanel header="Build" class="h-full" > 
  at <TabView class="h-full tinker-plants-tabs" > 
  at <TinkerPlants ref="VTU_COMPONENT" > 
  at <VTUROOT>
[Vue warn]: Property "$primevue" was accessed during render but is not defined on instance. 
  at <Dropdown id="Left Hand-shiny" modelValue=null onUpdate:modelValue=fn<onUpdate:modelValue>  ... > 
  at <TabPanel header="Build" class="h-full" > 
  at <TabView class="h-full tinker-plants-tabs" > 
  at <TinkerPlants ref="VTU_COMPONENT" > 
  at <VTUROOT>
[Vue warn]: Property "$primevue" was accessed during render but is not defined on instance. 
  at <Dropdown id="Left Hand-bright" modelValue=null onUpdate:modelValue=fn<onUpdate:modelValue>  ... > 
  at <TabPanel header="Build" class="h-full" > 
  at <TabView class="h-full tinker-plants-tabs" > 
  at <TinkerPlants ref="VTU_COMPONENT" > 
  at <VTUROOT>
[Vue warn]: Property "$primevue" was accessed during render but is not defined on instance. 
  at <Dropdown id="Left Hand-faded" modelValue=null onUpdate:modelValue=fn<onUpdate:modelValue>  ... > 
  at <TabPanel header="Build" class="h-full" > 
  at <TabView class="h-full tinker-plants-tabs" > 
  at <TinkerPlants ref="VTU_COMPONENT" > 
  at <VTUROOT>
[Vue warn]: Property "$primevue" was accessed during render but is not defined on instance. 
  at <Dropdown id="Feet-shiny" modelValue=null onUpdate:modelValue=fn<onUpdate:modelValue>  ... > 
  at <TabPanel header="Build" class="h-full" > 
  at <TabView class="h-full tinker-plants-tabs" > 
  at <TinkerPlants ref="VTU_COMPONENT" > 
  at <VTUROOT>
[Vue warn]: Property "$primevue" was accessed during render but is not defined on instance. 
  at <Dropdown id="Feet-bright" modelValue=null onUpdate:modelValue=fn<onUpdate:modelValue>  ... > 
  at <TabPanel header="Build" class="h-full" > 
  at <TabView class="h-full tinker-plants-tabs" > 
  at <TinkerPlants ref="VTU_COMPONENT" > 
  at <VTUROOT>
[Vue warn]: Property "$primevue" was accessed during render but is not defined on instance. 
  at <Dropdown id="Feet-faded" modelValue=null onUpdate:modelValue=fn<onUpdate:modelValue>  ... > 
  at <TabPanel header="Build" class="h-full" > 
  at <TabView class="h-full tinker-plants-tabs" > 
  at <TinkerPlants ref="VTU_COMPONENT" > 
  at <VTUROOT>
[Vue warn]: Extraneous non-props attributes (class) were passed to component but could not be automatically inherited because component renders fragment or text root nodes. 
  at <TabPanel header="Construction" class="h-full" > 
  at <TabView class="h-full tinker-plants-tabs" > 
  at <TinkerPlants ref="VTU_COMPONENT" > 
  at <VTUROOT>

stderr | src/__tests__/views/TinkerPlants.simple.test.ts > TinkerPlants - Simple Tests > Methods > calculateBuild works with selected implants
[Vue warn]: Property "$primevue" was accessed during render but is not defined on instance. 
  at <InputNumber id="ql-input" modelValue=200 onUpdate:modelValue=fn  ... > 
  at <TinkerPlants ref="VTU_COMPONENT" > 
  at <VTUROOT>
[Vue warn]: Extraneous non-props attributes (class) were passed to component but could not be automatically inherited because component renders fragment or text root nodes. 
  at <TabPanel header="Build" class="h-full" > 
  at <TabView class="h-full tinker-plants-tabs" > 
  at <TinkerPlants ref="VTU_COMPONENT" > 
  at <VTUROOT>
[Vue warn]: Property "$primevue" was accessed during render but is not defined on instance. 
  at <Dropdown id="Eye-shiny" modelValue=null onUpdate:modelValue=fn<onUpdate:modelValue>  ... > 
  at <TabPanel header="Build" class="h-full" > 
  at <TabView class="h-full tinker-plants-tabs" > 
  at <TinkerPlants ref="VTU_COMPONENT" > 
  at <VTUROOT>
[Vue warn]: Property "$primevue" was accessed during render but is not defined on instance. 
  at <Dropdown id="Eye-bright" modelValue=null onUpdate:modelValue=fn<onUpdate:modelValue>  ... > 
  at <TabPanel header="Build" class="h-full" > 
  at <TabView class="h-full tinker-plants-tabs" > 
  at <TinkerPlants ref="VTU_COMPONENT" > 
  at <VTUROOT>
[Vue warn]: Property "$primevue" was accessed during render but is not defined on instance. 
  at <Dropdown id="Eye-faded" modelValue=null onUpdate:modelValue=fn<onUpdate:modelValue>  ... > 
  at <TabPanel header="Build" class="h-full" > 
  at <TabView class="h-full tinker-plants-tabs" > 
  at <TinkerPlants ref="VTU_COMPONENT" > 
  at <VTUROOT>
[Vue warn]: Property "$primevue" was accessed during render but is not defined on instance. 
  at <InputNumber id="Eye-ql" modelValue=200 onUpdate:modelValue=fn<onUpdate:modelValue>  ... > 
  at <TabPanel header="Build" class="h-full" > 
  at <TabView class="h-full tinker-plants-tabs" > 
  at <TinkerPlants ref="VTU_COMPONENT" > 
  at <VTUROOT>
[Vue warn]: Property "$primevue" was accessed during render but is not defined on instance. 
  at <Dropdown id="Head-shiny" modelValue=null onUpdate:modelValue=fn<onUpdate:modelValue>  ... > 
  at <TabPanel header="Build" class="h-full" > 
  at <TabView class="h-full tinker-plants-tabs" > 
  at <TinkerPlants ref="VTU_COMPONENT" > 
  at <VTUROOT>
[Vue warn]: Property "$primevue" was accessed during render but is not defined on instance. 
  at <Dropdown id="Head-bright" modelValue=null onUpdate:modelValue=fn<onUpdate:modelValue>  ... > 
  at <TabPanel header="Build" class="h-full" > 
  at <TabView class="h-full tinker-plants-tabs" > 
  at <TinkerPlants ref="VTU_COMPONENT" > 
  at <VTUROOT>
[Vue warn]: Property "$primevue" was accessed during render but is not defined on instance. 
  at <Dropdown id="Head-faded" modelValue=null onUpdate:modelValue=fn<onUpdate:modelValue>  ... > 
  at <TabPanel header="Build" class="h-full" > 
  at <TabView class="h-full tinker-plants-tabs" > 
  at <TinkerPlants ref="VTU_COMPONENT" > 
  at <VTUROOT>
[Vue warn]: Property "$primevue" was accessed during render but is not defined on instance. 
  at <InputNumber id="Head-ql" modelValue=200 onUpdate:modelValue=fn<onUpdate:modelValue>  ... > 
  at <TabPanel header="Build" class="h-full" > 
  at <TabView class="h-full tinker-plants-tabs" > 
  at <TinkerPlants ref="VTU_COMPONENT" > 
  at <VTUROOT>
[Vue warn]: Property "$primevue" was accessed during render but is not defined on instance. 
  at <Dropdown id="Ear-shiny" modelValue=null onUpdate:modelValue=fn<onUpdate:modelValue>  ... > 
  at <TabPanel header="Build" class="h-full" > 
  at <TabView class="h-full tinker-plants-tabs" > 
  at <TinkerPlants ref="VTU_COMPONENT" > 
  at <VTUROOT>
[Vue warn]: Property "$primevue" was accessed during render but is not defined on instance. 
  at <Dropdown id="Ear-bright" modelValue=null onUpdate:modelValue=fn<onUpdate:modelValue>  ... > 
  at <TabPanel header="Build" class="h-full" > 
  at <TabView class="h-full tinker-plants-tabs" > 
  at <TinkerPlants ref="VTU_COMPONENT" > 
  at <VTUROOT>
[Vue warn]: Property "$primevue" was accessed during render but is not defined on instance. 
  at <Dropdown id="Ear-faded" modelValue=null onUpdate:modelValue=fn<onUpdate:modelValue>  ... > 
  at <TabPanel header="Build" class="h-full" > 
  at <TabView class="h-full tinker-plants-tabs" > 
  at <TinkerPlants ref="VTU_COMPONENT" > 
  at <VTUROOT>
[Vue warn]: Property "$primevue" was accessed during render but is not defined on instance. 
  at <InputNumber id="Ear-ql" modelValue=200 onUpdate:modelValue=fn<onUpdate:modelValue>  ... > 
  at <TabPanel header="Build" class="h-full" > 
  at <TabView class="h-full tinker-plants-tabs" > 
  at <TinkerPlants ref="VTU_COMPONENT" > 
  at <VTUROOT>
[Vue warn]: Property "$primevue" was accessed during render but is not defined on instance. 
  at <Dropdown id="Right Arm-shiny" modelValue=null onUpdate:modelValue=fn<onUpdate:modelValue>  ... > 
  at <TabPanel header="Build" class="h-full" > 
  at <TabView class="h-full tinker-plants-tabs" > 
  at <TinkerPlants ref="VTU_COMPONENT" > 
  at <VTUROOT>
[Vue warn]: Property "$primevue" was accessed during render but is not defined on instance. 
  at <Dropdown id="Right Arm-bright" modelValue=null onUpdate:modelValue=fn<onUpdate:modelValue>  ... > 
  at <TabPanel header="Build" class="h-full" > 
  at <TabView class="h-full tinker-plants-tabs" > 
  at <TinkerPlants ref="VTU_COMPONENT" > 
  at <VTUROOT>
[Vue warn]: Property "$primevue" was accessed during render but is not defined on instance. 
  at <Dropdown id="Right Arm-faded" modelValue=null onUpdate:modelValue=fn<onUpdate:modelValue>  ... > 
  at <TabPanel header="Build" class="h-full" > 
  at <TabView class="h-full tinker-plants-tabs" > 
  at <TinkerPlants ref="VTU_COMPONENT" > 
  at <VTUROOT>
[Vue warn]: Property "$primevue" was accessed during render but is not defined on instance. 
  at <InputNumber id="Right Arm-ql" modelValue=200 onUpdate:modelValue=fn<onUpdate:modelValue>  ... > 
  at <TabPanel header="Build" class="h-full" > 
  at <TabView class="h-full tinker-plants-tabs" > 
  at <TinkerPlants ref="VTU_COMPONENT" > 
  at <VTUROOT>
[Vue warn]: Property "$primevue" was accessed during render but is not defined on instance. 
  at <Dropdown id="Chest-shiny" modelValue=null onUpdate:modelValue=fn<onUpdate:modelValue>  ... > 
  at <TabPanel header="Build" class="h-full" > 
  at <TabView class="h-full tinker-plants-tabs" > 
  at <TinkerPlants ref="VTU_COMPONENT" > 
  at <VTUROOT>
[Vue warn]: Property "$primevue" was accessed during render but is not defined on instance. 
  at <Dropdown id="Chest-bright" modelValue=null onUpdate:modelValue=fn<onUpdate:modelValue>  ... > 
  at <TabPanel header="Build" class="h-full" > 
  at <TabView class="h-full tinker-plants-tabs" > 
  at <TinkerPlants ref="VTU_COMPONENT" > 
  at <VTUROOT>
[Vue warn]: Property "$primevue" was accessed during render but is not defined on instance. 
  at <Dropdown id="Chest-faded" modelValue=null onUpdate:modelValue=fn<onUpdate:modelValue>  ... > 
  at <TabPanel header="Build" class="h-full" > 
  at <TabView class="h-full tinker-plants-tabs" > 
  at <TinkerPlants ref="VTU_COMPONENT" > 
  at <VTUROOT>
[Vue warn]: Property "$primevue" was accessed during render but is not defined on instance. 
  at <InputNumber id="Chest-ql" modelValue=200 onUpdate:modelValue=fn<onUpdate:modelValue>  ... > 
  at <TabPanel header="Build" class="h-full" > 
  at <TabView class="h-full tinker-plants-tabs" > 
  at <TinkerPlants ref="VTU_COMPONENT" > 
  at <VTUROOT>
[Vue warn]: Property "$primevue" was accessed during render but is not defined on instance. 
  at <Dropdown id="Left Arm-shiny" modelValue=null onUpdate:modelValue=fn<onUpdate:modelValue>  ... > 
  at <TabPanel header="Build" class="h-full" > 
  at <TabView class="h-full tinker-plants-tabs" > 
  at <TinkerPlants ref="VTU_COMPONENT" > 
  at <VTUROOT>
[Vue warn]: Property "$primevue" was accessed during render but is not defined on instance. 
  at <Dropdown id="Left Arm-bright" modelValue=null onUpdate:modelValue=fn<onUpdate:modelValue>  ... > 
  at <TabPanel header="Build" class="h-full" > 
  at <TabView class="h-full tinker-plants-tabs" > 
  at <TinkerPlants ref="VTU_COMPONENT" > 
  at <VTUROOT>
[Vue warn]: Property "$primevue" was accessed during render but is not defined on instance. 
  at <Dropdown id="Left Arm-faded" modelValue=null onUpdate:modelValue=fn<onUpdate:modelValue>  ... > 
  at <TabPanel header="Build" class="h-full" > 
  at <TabView class="h-full tinker-plants-tabs" > 
  at <TinkerPlants ref="VTU_COMPONENT" > 
  at <VTUROOT>
[Vue warn]: Property "$primevue" was accessed during render but is not defined on instance. 
  at <InputNumber id="Left Arm-ql" modelValue=200 onUpdate:modelValue=fn<onUpdate:modelValue>  ... > 
  at <TabPanel header="Build" class="h-full" > 
  at <TabView class="h-full tinker-plants-tabs" > 
  at <TinkerPlants ref="VTU_COMPONENT" > 
  at <VTUROOT>
[Vue warn]: Property "$primevue" was accessed during render but is not defined on instance. 
  at <Dropdown id="Right Wrist-shiny" modelValue=null onUpdate:modelValue=fn<onUpdate:modelValue>  ... > 
  at <TabPanel header="Build" class="h-full" > 
  at <TabView class="h-full tinker-plants-tabs" > 
  at <TinkerPlants ref="VTU_COMPONENT" > 
  at <VTUROOT>
[Vue warn]: Property "$primevue" was accessed during render but is not defined on instance. 
  at <Dropdown id="Right Wrist-bright" modelValue=null onUpdate:modelValue=fn<onUpdate:modelValue>  ... > 
  at <TabPanel header="Build" class="h-full" > 
  at <TabView class="h-full tinker-plants-tabs" > 
  at <TinkerPlants ref="VTU_COMPONENT" > 
  at <VTUROOT>
[Vue warn]: Property "$primevue" was accessed during render but is not defined on instance. 
  at <Dropdown id="Right Wrist-faded" modelValue=null onUpdate:modelValue=fn<onUpdate:modelValue>  ... > 
  at <TabPanel header="Build" class="h-full" > 
  at <TabView class="h-full tinker-plants-tabs" > 
  at <TinkerPlants ref="VTU_COMPONENT" > 
  at <VTUROOT>
[Vue warn]: Property "$primevue" was accessed during render but is not defined on instance. 
  at <InputNumber id="Right Wrist-ql" modelValue=200 onUpdate:modelValue=fn<onUpdate:modelValue>  ... > 
  at <TabPanel header="Build" class="h-full" > 
  at <TabView class="h-full tinker-plants-tabs" > 
  at <TinkerPlants ref="VTU_COMPONENT" > 
  at <VTUROOT>
[Vue warn]: Property "$primevue" was accessed during render but is not defined on instance. 
  at <Dropdown id="Waist-shiny" modelValue=null onUpdate:modelValue=fn<onUpdate:modelValue>  ... > 
  at <TabPanel header="Build" class="h-full" > 
  at <TabView class="h-full tinker-plants-tabs" > 
  at <TinkerPlants ref="VTU_COMPONENT" > 
  at <VTUROOT>
[Vue warn]: Property "$primevue" was accessed during render but is not defined on instance. 
  at <Dropdown id="Waist-bright" modelValue=null onUpdate:modelValue=fn<onUpdate:modelValue>  ... > 
  at <TabPanel header="Build" class="h-full" > 
  at <TabView class="h-full tinker-plants-tabs" > 
  at <TinkerPlants ref="VTU_COMPONENT" > 
  at <VTUROOT>
[Vue warn]: Property "$primevue" was accessed during render but is not defined on instance. 
  at <Dropdown id="Waist-faded" modelValue=null onUpdate:modelValue=fn<onUpdate:modelValue>  ... > 
  at <TabPanel header="Build" class="h-full" > 
  at <TabView class="h-full tinker-plants-tabs" > 
  at <TinkerPlants ref="VTU_COMPONENT" > 
  at <VTUROOT>
[Vue warn]: Property "$primevue" was accessed during render but is not defined on instance. 
  at <InputNumber id="Waist-ql" modelValue=200 onUpdate:modelValue=fn<onUpdate:modelValue>  ... > 
  at <TabPanel header="Build" class="h-full" > 
  at <TabView class="h-full tinker-plants-tabs" > 
  at <TinkerPlants ref="VTU_COMPONENT" > 
  at <VTUROOT>
[Vue warn]: Property "$primevue" was accessed during render but is not defined on instance. 
  at <Dropdown id="Left Wrist-shiny" modelValue=null onUpdate:modelValue=fn<onUpdate:modelValue>  ... > 
  at <TabPanel header="Build" class="h-full" > 
  at <TabView class="h-full tinker-plants-tabs" > 
  at <TinkerPlants ref="VTU_COMPONENT" > 
  at <VTUROOT>
[Vue warn]: Property "$primevue" was accessed during render but is not defined on instance. 
  at <Dropdown id="Left Wrist-bright" modelValue=null onUpdate:modelValue=fn<onUpdate:modelValue>  ... > 
  at <TabPanel header="Build" class="h-full" > 
  at <TabView class="h-full tinker-plants-tabs" > 
  at <TinkerPlants ref="VTU_COMPONENT" > 
  at <VTUROOT>
[Vue warn]: Property "$primevue" was accessed during render but is not defined on instance. 
  at <Dropdown id="Left Wrist-faded" modelValue=null onUpdate:modelValue=fn<onUpdate:modelValue>  ... > 
  at <TabPanel header="Build" class="h-full" > 
  at <TabView class="h-full tinker-plants-tabs" > 
  at <TinkerPlants ref="VTU_COMPONENT" > 
  at <VTUROOT>
[Vue warn]: Property "$primevue" was accessed during render but is not defined on instance. 
  at <InputNumber id="Left Wrist-ql" modelValue=200 onUpdate:modelValue=fn<onUpdate:modelValue>  ... > 
  at <TabPanel header="Build" class="h-full" > 
  at <TabView class="h-full tinker-plants-tabs" > 
  at <TinkerPlants ref="VTU_COMPONENT" > 
  at <VTUROOT>
[Vue warn]: Property "$primevue" was accessed during render but is not defined on instance. 
  at <Dropdown id="Right Hand-shiny" modelValue=null onUpdate:modelValue=fn<onUpdate:modelValue>  ... > 
  at <TabPanel header="Build" class="h-full" > 
  at <TabView class="h-full tinker-plants-tabs" > 
  at <TinkerPlants ref="VTU_COMPONENT" > 
  at <VTUROOT>
[Vue warn]: Property "$primevue" was accessed during render but is not defined on instance. 
  at <Dropdown id="Right Hand-bright" modelValue=null onUpdate:modelValue=fn<onUpdate:modelValue>  ... > 
  at <TabPanel header="Build" class="h-full" > 
  at <TabView class="h-full tinker-plants-tabs" > 
  at <TinkerPlants ref="VTU_COMPONENT" > 
  at <VTUROOT>
[Vue warn]: Property "$primevue" was accessed during render but is not defined on instance. 
  at <Dropdown id="Right Hand-faded" modelValue=null onUpdate:modelValue=fn<onUpdate:modelValue>  ... > 
  at <TabPanel header="Build" class="h-full" > 
  at <TabView class="h-full tinker-plants-tabs" > 
  at <TinkerPlants ref="VTU_COMPONENT" > 
  at <VTUROOT>
[Vue warn]: Property "$primevue" was accessed during render but is not defined on instance. 
  at <InputNumber id="Right Hand-ql" modelValue=200 onUpdate:modelValue=fn<onUpdate:modelValue>  ... > 
  at <TabPanel header="Build" class="h-full" > 
  at <TabView class="h-full tinker-plants-tabs" > 
  at <TinkerPlants ref="VTU_COMPONENT" > 
  at <VTUROOT>
[Vue warn]: Property "$primevue" was accessed during render but is not defined on instance. 
  at <Dropdown id="Leg-shiny" modelValue=null onUpdate:modelValue=fn<onUpdate:modelValue>  ... > 
  at <TabPanel header="Build" class="h-full" > 
  at <TabView class="h-full tinker-plants-tabs" > 
  at <TinkerPlants ref="VTU_COMPONENT" > 
  at <VTUROOT>
[Vue warn]: Property "$primevue" was accessed during render but is not defined on instance. 
  at <Dropdown id="Leg-bright" modelValue=null onUpdate:modelValue=fn<onUpdate:modelValue>  ... > 
  at <TabPanel header="Build" class="h-full" > 
  at <TabView class="h-full tinker-plants-tabs" > 
  at <TinkerPlants ref="VTU_COMPONENT" > 
  at <VTUROOT>
[Vue warn]: Property "$primevue" was accessed during render but is not defined on instance. 
  at <Dropdown id="Leg-faded" modelValue=null onUpdate:modelValue=fn<onUpdate:modelValue>  ... > 
  at <TabPanel header="Build" class="h-full" > 
  at <TabView class="h-full tinker-plants-tabs" > 
  at <TinkerPlants ref="VTU_COMPONENT" > 
  at <VTUROOT>
[Vue warn]: Property "$primevue" was accessed during render but is not defined on instance. 
  at <InputNumber id="Leg-ql" modelValue=200 onUpdate:modelValue=fn<onUpdate:modelValue>  ... > 
  at <TabPanel header="Build" class="h-full" > 
  at <TabView class="h-full tinker-plants-tabs" > 
  at <TinkerPlants ref="VTU_COMPONENT" > 
  at <VTUROOT>
[Vue warn]: Property "$primevue" was accessed during render but is not defined on instance. 
  at <Dropdown id="Left Hand-shiny" modelValue=null onUpdate:modelValue=fn<onUpdate:modelValue>  ... > 
  at <TabPanel header="Build" class="h-full" > 
  at <TabView class="h-full tinker-plants-tabs" > 
  at <TinkerPlants ref="VTU_COMPONENT" > 
  at <VTUROOT>
[Vue warn]: Property "$primevue" was accessed during render but is not defined on instance. 
  at <Dropdown id="Left Hand-bright" modelValue=null onUpdate:modelValue=fn<onUpdate:modelValue>  ... > 
  at <TabPanel header="Build" class="h-full" > 
  at <TabView class="h-full tinker-plants-tabs" > 
  at <TinkerPlants ref="VTU_COMPONENT" > 
  at <VTUROOT>
[Vue warn]: Property "$primevue" was accessed during render but is not defined on instance. 
  at <Dropdown id="Left Hand-faded" modelValue=null onUpdate:modelValue=fn<onUpdate:modelValue>  ... > 
  at <TabPanel header="Build" class="h-full" > 
  at <TabView class="h-full tinker-plants-tabs" > 
  at <TinkerPlants ref="VTU_COMPONENT" > 
  at <VTUROOT>
[Vue warn]: Property "$primevue" was accessed during render but is not defined on instance. 
  at <InputNumber id="Left Hand-ql" modelValue=200 onUpdate:modelValue=fn<onUpdate:modelValue>  ... > 
  at <TabPanel header="Build" class="h-full" > 
  at <TabView class="h-full tinker-plants-tabs" > 
  at <TinkerPlants ref="VTU_COMPONENT" > 
  at <VTUROOT>
[Vue warn]: Property "$primevue" was accessed during render but is not defined on instance. 
  at <Dropdown id="Feet-shiny" modelValue=null onUpdate:modelValue=fn<onUpdate:modelValue>  ... > 
  at <TabPanel header="Build" class="h-full" > 
  at <TabView class="h-full tinker-plants-tabs" > 
  at <TinkerPlants ref="VTU_COMPONENT" > 
  at <VTUROOT>
[Vue warn]: Property "$primevue" was accessed during render but is not defined on instance. 
  at <Dropdown id="Feet-bright" modelValue=null onUpdate:modelValue=fn<onUpdate:modelValue>  ... > 
  at <TabPanel header="Build" class="h-full" > 
  at <TabView class="h-full tinker-plants-tabs" > 
  at <TinkerPlants ref="VTU_COMPONENT" > 
  at <VTUROOT>
[Vue warn]: Property "$primevue" was accessed during render but is not defined on instance. 
  at <Dropdown id="Feet-faded" modelValue=null onUpdate:modelValue=fn<onUpdate:modelValue>  ... > 
  at <TabPanel header="Build" class="h-full" > 
  at <TabView class="h-full tinker-plants-tabs" > 
  at <TinkerPlants ref="VTU_COMPONENT" > 
  at <VTUROOT>
[Vue warn]: Property "$primevue" was accessed during render but is not defined on instance. 
  at <InputNumber id="Feet-ql" modelValue=200 onUpdate:modelValue=fn<onUpdate:modelValue>  ... > 
  at <TabPanel header="Build" class="h-full" > 
  at <TabView class="h-full tinker-plants-tabs" > 
  at <TinkerPlants ref="VTU_COMPONENT" > 
  at <VTUROOT>
[Vue warn]: Extraneous non-props attributes (class) were passed to component but could not be automatically inherited because component renders fragment or text root nodes. 
  at <TabPanel header="Construction" class="h-full" > 
  at <TabView class="h-full tinker-plants-tabs" > 
  at <TinkerPlants ref="VTU_COMPONENT" > 
  at <VTUROOT>
[Vue warn]: Extraneous non-props attributes (class) were passed to component but could not be automatically inherited because component renders fragment or text root nodes. 
  at <TabPanel header="Build" class="h-full" > 
  at <TabView class="h-full tinker-plants-tabs" > 
  at <TinkerPlants ref="VTU_COMPONENT" > 
  at <VTUROOT>
[Vue warn]: Property "$primevue" was accessed during render but is not defined on instance. 
  at <Dropdown id="Eye-shiny" modelValue=null onUpdate:modelValue=fn<onUpdate:modelValue>  ... > 
  at <TabPanel header="Build" class="h-full" > 
  at <TabView class="h-full tinker-plants-tabs" > 
  at <TinkerPlants ref="VTU_COMPONENT" > 
  at <VTUROOT>
[Vue warn]: Property "$primevue" was accessed during render but is not defined on instance. 
  at <Dropdown id="Eye-bright" modelValue=null onUpdate:modelValue=fn<onUpdate:modelValue>  ... > 
  at <TabPanel header="Build" class="h-full" > 
  at <TabView class="h-full tinker-plants-tabs" > 
  at <TinkerPlants ref="VTU_COMPONENT" > 
  at <VTUROOT>
[Vue warn]: Property "$primevue" was accessed during render but is not defined on instance. 
  at <Dropdown id="Eye-faded" modelValue=null onUpdate:modelValue=fn<onUpdate:modelValue>  ... > 
  at <TabPanel header="Build" class="h-full" > 
  at <TabView class="h-full tinker-plants-tabs" > 
  at <TinkerPlants ref="VTU_COMPONENT" > 
  at <VTUROOT>
[Vue warn]: Property "$primevue" was accessed during render but is not defined on instance. 
  at <Dropdown id="Head-shiny" modelValue=null onUpdate:modelValue=fn<onUpdate:modelValue>  ... > 
  at <TabPanel header="Build" class="h-full" > 
  at <TabView class="h-full tinker-plants-tabs" > 
  at <TinkerPlants ref="VTU_COMPONENT" > 
  at <VTUROOT>
[Vue warn]: Property "$primevue" was accessed during render but is not defined on instance. 
  at <Dropdown id="Head-bright" modelValue=null onUpdate:modelValue=fn<onUpdate:modelValue>  ... > 
  at <TabPanel header="Build" class="h-full" > 
  at <TabView class="h-full tinker-plants-tabs" > 
  at <TinkerPlants ref="VTU_COMPONENT" > 
  at <VTUROOT>
[Vue warn]: Property "$primevue" was accessed during render but is not defined on instance. 
  at <Dropdown id="Head-faded" modelValue=null onUpdate:modelValue=fn<onUpdate:modelValue>  ... > 
  at <TabPanel header="Build" class="h-full" > 
  at <TabView class="h-full tinker-plants-tabs" > 
  at <TinkerPlants ref="VTU_COMPONENT" > 
  at <VTUROOT>
[Vue warn]: Property "$primevue" was accessed during render but is not defined on instance. 
  at <Dropdown id="Ear-shiny" modelValue=null onUpdate:modelValue=fn<onUpdate:modelValue>  ... > 
  at <TabPanel header="Build" class="h-full" > 
  at <TabView class="h-full tinker-plants-tabs" > 
  at <TinkerPlants ref="VTU_COMPONENT" > 
  at <VTUROOT>
[Vue warn]: Property "$primevue" was accessed during render but is not defined on instance. 
  at <Dropdown id="Ear-bright" modelValue=null onUpdate:modelValue=fn<onUpdate:modelValue>  ... > 
  at <TabPanel header="Build" class="h-full" > 
  at <TabView class="h-full tinker-plants-tabs" > 
  at <TinkerPlants ref="VTU_COMPONENT" > 
  at <VTUROOT>
[Vue warn]: Property "$primevue" was accessed during render but is not defined on instance. 
  at <Dropdown id="Ear-faded" modelValue=null onUpdate:modelValue=fn<onUpdate:modelValue>  ... > 
  at <TabPanel header="Build" class="h-full" > 
  at <TabView class="h-full tinker-plants-tabs" > 
  at <TinkerPlants ref="VTU_COMPONENT" > 
  at <VTUROOT>
[Vue warn]: Property "$primevue" was accessed during render but is not defined on instance. 
  at <Dropdown id="Right Arm-shiny" modelValue=null onUpdate:modelValue=fn<onUpdate:modelValue>  ... > 
  at <TabPanel header="Build" class="h-full" > 
  at <TabView class="h-full tinker-plants-tabs" > 
  at <TinkerPlants ref="VTU_COMPONENT" > 
  at <VTUROOT>
[Vue warn]: Property "$primevue" was accessed during render but is not defined on instance. 
  at <Dropdown id="Right Arm-bright" modelValue=null onUpdate:modelValue=fn<onUpdate:modelValue>  ... > 
  at <TabPanel header="Build" class="h-full" > 
  at <TabView class="h-full tinker-plants-tabs" > 
  at <TinkerPlants ref="VTU_COMPONENT" > 
  at <VTUROOT>
[Vue warn]: Property "$primevue" was accessed during render but is not defined on instance. 
  at <Dropdown id="Right Arm-faded" modelValue=null onUpdate:modelValue=fn<onUpdate:modelValue>  ... > 
  at <TabPanel header="Build" class="h-full" > 
  at <TabView class="h-full tinker-plants-tabs" > 
  at <TinkerPlants ref="VTU_COMPONENT" > 
  at <VTUROOT>
[Vue warn]: Property "$primevue" was accessed during render but is not defined on instance. 
  at <Dropdown id="Chest-shiny" modelValue=null onUpdate:modelValue=fn<onUpdate:modelValue>  ... > 
  at <TabPanel header="Build" class="h-full" > 
  at <TabView class="h-full tinker-plants-tabs" > 
  at <TinkerPlants ref="VTU_COMPONENT" > 
  at <VTUROOT>
[Vue warn]: Property "$primevue" was accessed during render but is not defined on instance. 
  at <Dropdown id="Chest-bright" modelValue=null onUpdate:modelValue=fn<onUpdate:modelValue>  ... > 
  at <TabPanel header="Build" class="h-full" > 
  at <TabView class="h-full tinker-plants-tabs" > 
  at <TinkerPlants ref="VTU_COMPONENT" > 
  at <VTUROOT>
[Vue warn]: Property "$primevue" was accessed during render but is not defined on instance. 
  at <Dropdown id="Chest-faded" modelValue=null onUpdate:modelValue=fn<onUpdate:modelValue>  ... > 
  at <TabPanel header="Build" class="h-full" > 
  at <TabView class="h-full tinker-plants-tabs" > 
  at <TinkerPlants ref="VTU_COMPONENT" > 
  at <VTUROOT>
[Vue warn]: Property "$primevue" was accessed during render but is not defined on instance. 
  at <Dropdown id="Left Arm-shiny" modelValue=null onUpdate:modelValue=fn<onUpdate:modelValue>  ... > 
  at <TabPanel header="Build" class="h-full" > 
  at <TabView class="h-full tinker-plants-tabs" > 
  at <TinkerPlants ref="VTU_COMPONENT" > 
  at <VTUROOT>
[Vue warn]: Property "$primevue" was accessed during render but is not defined on instance. 
  at <Dropdown id="Left Arm-bright" modelValue=null onUpdate:modelValue=fn<onUpdate:modelValue>  ... > 
  at <TabPanel header="Build" class="h-full" > 
  at <TabView class="h-full tinker-plants-tabs" > 
  at <TinkerPlants ref="VTU_COMPONENT" > 
  at <VTUROOT>
[Vue warn]: Property "$primevue" was accessed during render but is not defined on instance. 
  at <Dropdown id="Left Arm-faded" modelValue=null onUpdate:modelValue=fn<onUpdate:modelValue>  ... > 
  at <TabPanel header="Build" class="h-full" > 
  at <TabView class="h-full tinker-plants-tabs" > 
  at <TinkerPlants ref="VTU_COMPONENT" > 
  at <VTUROOT>
[Vue warn]: Property "$primevue" was accessed during render but is not defined on instance. 
  at <Dropdown id="Right Wrist-shiny" modelValue=null onUpdate:modelValue=fn<onUpdate:modelValue>  ... > 
  at <TabPanel header="Build" class="h-full" > 
  at <TabView class="h-full tinker-plants-tabs" > 
  at <TinkerPlants ref="VTU_COMPONENT" > 
  at <VTUROOT>
[Vue warn]: Property "$primevue" was accessed during render but is not defined on instance. 
  at <Dropdown id="Right Wrist-bright" modelValue=null onUpdate:modelValue=fn<onUpdate:modelValue>  ... > 
  at <TabPanel header="Build" class="h-full" > 
  at <TabView class="h-full tinker-plants-tabs" > 
  at <TinkerPlants ref="VTU_COMPONENT" > 
  at <VTUROOT>
[Vue warn]: Property "$primevue" was accessed during render but is not defined on instance. 
  at <Dropdown id="Right Wrist-faded" modelValue=null onUpdate:modelValue=fn<onUpdate:modelValue>  ... > 
  at <TabPanel header="Build" class="h-full" > 
  at <TabView class="h-full tinker-plants-tabs" > 
  at <TinkerPlants ref="VTU_COMPONENT" > 
  at <VTUROOT>
[Vue warn]: Property "$primevue" was accessed during render but is not defined on instance. 
  at <Dropdown id="Waist-shiny" modelValue=null onUpdate:modelValue=fn<onUpdate:modelValue>  ... > 
  at <TabPanel header="Build" class="h-full" > 
  at <TabView class="h-full tinker-plants-tabs" > 
  at <TinkerPlants ref="VTU_COMPONENT" > 
  at <VTUROOT>
[Vue warn]: Property "$primevue" was accessed during render but is not defined on instance. 
  at <Dropdown id="Waist-bright" modelValue=null onUpdate:modelValue=fn<onUpdate:modelValue>  ... > 
  at <TabPanel header="Build" class="h-full" > 
  at <TabView class="h-full tinker-plants-tabs" > 
  at <TinkerPlants ref="VTU_COMPONENT" > 
  at <VTUROOT>
[Vue warn]: Property "$primevue" was accessed during render but is not defined on instance. 
  at <Dropdown id="Waist-faded" modelValue=null onUpdate:modelValue=fn<onUpdate:modelValue>  ... > 
  at <TabPanel header="Build" class="h-full" > 
  at <TabView class="h-full tinker-plants-tabs" > 
  at <TinkerPlants ref="VTU_COMPONENT" > 
  at <VTUROOT>
[Vue warn]: Property "$primevue" was accessed during render but is not defined on instance. 
  at <Dropdown id="Left Wrist-shiny" modelValue=null onUpdate:modelValue=fn<onUpdate:modelValue>  ... > 
  at <TabPanel header="Build" class="h-full" > 
  at <TabView class="h-full tinker-plants-tabs" > 
  at <TinkerPlants ref="VTU_COMPONENT" > 
  at <VTUROOT>
[Vue warn]: Property "$primevue" was accessed during render but is not defined on instance. 
  at <Dropdown id="Left Wrist-bright" modelValue=null onUpdate:modelValue=fn<onUpdate:modelValue>  ... > 
  at <TabPanel header="Build" class="h-full" > 
  at <TabView class="h-full tinker-plants-tabs" > 
  at <TinkerPlants ref="VTU_COMPONENT" > 
  at <VTUROOT>
[Vue warn]: Property "$primevue" was accessed during render but is not defined on instance. 
  at <Dropdown id="Left Wrist-faded" modelValue=null onUpdate:modelValue=fn<onUpdate:modelValue>  ... > 
  at <TabPanel header="Build" class="h-full" > 
  at <TabView class="h-full tinker-plants-tabs" > 
  at <TinkerPlants ref="VTU_COMPONENT" > 
  at <VTUROOT>
[Vue warn]: Property "$primevue" was accessed during render but is not defined on instance. 
  at <Dropdown id="Right Hand-shiny" modelValue=null onUpdate:modelValue=fn<onUpdate:modelValue>  ... > 
  at <TabPanel header="Build" class="h-full" > 
  at <TabView class="h-full tinker-plants-tabs" > 
  at <TinkerPlants ref="VTU_COMPONENT" > 
  at <VTUROOT>
[Vue warn]: Property "$primevue" was accessed during render but is not defined on instance. 
  at <Dropdown id="Right Hand-bright" modelValue=null onUpdate:modelValue=fn<onUpdate:modelValue>  ... > 
  at <TabPanel header="Build" class="h-full" > 
  at <TabView class="h-full tinker-plants-tabs" > 
  at <TinkerPlants ref="VTU_COMPONENT" > 
  at <VTUROOT>
[Vue warn]: Property "$primevue" was accessed during render but is not defined on instance. 
  at <Dropdown id="Right Hand-faded" modelValue=null onUpdate:modelValue=fn<onUpdate:modelValue>  ... > 
  at <TabPanel header="Build" class="h-full" > 
  at <TabView class="h-full tinker-plants-tabs" > 
  at <TinkerPlants ref="VTU_COMPONENT" > 
  at <VTUROOT>
[Vue warn]: Property "$primevue" was accessed during render but is not defined on instance. 
  at <Dropdown id="Leg-shiny" modelValue=null onUpdate:modelValue=fn<onUpdate:modelValue>  ... > 
  at <TabPanel header="Build" class="h-full" > 
  at <TabView class="h-full tinker-plants-tabs" > 
  at <TinkerPlants ref="VTU_COMPONENT" > 
  at <VTUROOT>
[Vue warn]: Property "$primevue" was accessed during render but is not defined on instance. 
  at <Dropdown id="Leg-bright" modelValue=null onUpdate:modelValue=fn<onUpdate:modelValue>  ... > 
  at <TabPanel header="Build" class="h-full" > 
  at <TabView class="h-full tinker-plants-tabs" > 
  at <TinkerPlants ref="VTU_COMPONENT" > 
  at <VTUROOT>
[Vue warn]: Property "$primevue" was accessed during render but is not defined on instance. 
  at <Dropdown id="Leg-faded" modelValue=null onUpdate:modelValue=fn<onUpdate:modelValue>  ... > 
  at <TabPanel header="Build" class="h-full" > 
  at <TabView class="h-full tinker-plants-tabs" > 
  at <TinkerPlants ref="VTU_COMPONENT" > 
  at <VTUROOT>
[Vue warn]: Property "$primevue" was accessed during render but is not defined on instance. 
  at <Dropdown id="Left Hand-shiny" modelValue=null onUpdate:modelValue=fn<onUpdate:modelValue>  ... > 
  at <TabPanel header="Build" class="h-full" > 
  at <TabView class="h-full tinker-plants-tabs" > 
  at <TinkerPlants ref="VTU_COMPONENT" > 
  at <VTUROOT>
[Vue warn]: Property "$primevue" was accessed during render but is not defined on instance. 
  at <Dropdown id="Left Hand-bright" modelValue=null onUpdate:modelValue=fn<onUpdate:modelValue>  ... > 
  at <TabPanel header="Build" class="h-full" > 
  at <TabView class="h-full tinker-plants-tabs" > 
  at <TinkerPlants ref="VTU_COMPONENT" > 
  at <VTUROOT>
[Vue warn]: Property "$primevue" was accessed during render but is not defined on instance. 
  at <Dropdown id="Left Hand-faded" modelValue=null onUpdate:modelValue=fn<onUpdate:modelValue>  ... > 
  at <TabPanel header="Build" class="h-full" > 
  at <TabView class="h-full tinker-plants-tabs" > 
  at <TinkerPlants ref="VTU_COMPONENT" > 
  at <VTUROOT>
[Vue warn]: Property "$primevue" was accessed during render but is not defined on instance. 
  at <Dropdown id="Feet-shiny" modelValue=null onUpdate:modelValue=fn<onUpdate:modelValue>  ... > 
  at <TabPanel header="Build" class="h-full" > 
  at <TabView class="h-full tinker-plants-tabs" > 
  at <TinkerPlants ref="VTU_COMPONENT" > 
  at <VTUROOT>
[Vue warn]: Property "$primevue" was accessed during render but is not defined on instance. 
  at <Dropdown id="Feet-bright" modelValue=null onUpdate:modelValue=fn<onUpdate:modelValue>  ... > 
  at <TabPanel header="Build" class="h-full" > 
  at <TabView class="h-full tinker-plants-tabs" > 
  at <TinkerPlants ref="VTU_COMPONENT" > 
  at <VTUROOT>
[Vue warn]: Property "$primevue" was accessed during render but is not defined on instance. 
  at <Dropdown id="Feet-faded" modelValue=null onUpdate:modelValue=fn<onUpdate:modelValue>  ... > 
  at <TabPanel header="Build" class="h-full" > 
  at <TabView class="h-full tinker-plants-tabs" > 
  at <TinkerPlants ref="VTU_COMPONENT" > 
  at <VTUROOT>
[Vue warn]: Extraneous non-props attributes (class) were passed to component but could not be automatically inherited because component renders fragment or text root nodes. 
  at <TabPanel header="Construction" class="h-full" > 
  at <TabView class="h-full tinker-plants-tabs" > 
  at <TinkerPlants ref="VTU_COMPONENT" > 
  at <VTUROOT>

stderr | src/__tests__/views/TinkerPlants.simple.test.ts > TinkerPlants - Simple Tests > Methods > calculateBuild does nothing with no implants
[Vue warn]: Property "$primevue" was accessed during render but is not defined on instance. 
  at <InputNumber id="ql-input" modelValue=200 onUpdate:modelValue=fn  ... > 
  at <TinkerPlants ref="VTU_COMPONENT" > 
  at <VTUROOT>
[Vue warn]: Extraneous non-props attributes (class) were passed to component but could not be automatically inherited because component renders fragment or text root nodes. 
  at <TabPanel header="Build" class="h-full" > 
  at <TabView class="h-full tinker-plants-tabs" > 
  at <TinkerPlants ref="VTU_COMPONENT" > 
  at <VTUROOT>
[Vue warn]: Property "$primevue" was accessed during render but is not defined on instance. 
  at <Dropdown id="Eye-shiny" modelValue=null onUpdate:modelValue=fn<onUpdate:modelValue>  ... > 
  at <TabPanel header="Build" class="h-full" > 
  at <TabView class="h-full tinker-plants-tabs" > 
  at <TinkerPlants ref="VTU_COMPONENT" > 
  at <VTUROOT>
[Vue warn]: Property "$primevue" was accessed during render but is not defined on instance. 
  at <Dropdown id="Eye-bright" modelValue=null onUpdate:modelValue=fn<onUpdate:modelValue>  ... > 
  at <TabPanel header="Build" class="h-full" > 
  at <TabView class="h-full tinker-plants-tabs" > 
  at <TinkerPlants ref="VTU_COMPONENT" > 
  at <VTUROOT>
[Vue warn]: Property "$primevue" was accessed during render but is not defined on instance. 
  at <Dropdown id="Eye-faded" modelValue=null onUpdate:modelValue=fn<onUpdate:modelValue>  ... > 
  at <TabPanel header="Build" class="h-full" > 
  at <TabView class="h-full tinker-plants-tabs" > 
  at <TinkerPlants ref="VTU_COMPONENT" > 
  at <VTUROOT>
[Vue warn]: Property "$primevue" was accessed during render but is not defined on instance. 
  at <InputNumber id="Eye-ql" modelValue=200 onUpdate:modelValue=fn<onUpdate:modelValue>  ... > 
  at <TabPanel header="Build" class="h-full" > 
  at <TabView class="h-full tinker-plants-tabs" > 
  at <TinkerPlants ref="VTU_COMPONENT" > 
  at <VTUROOT>
[Vue warn]: Property "$primevue" was accessed during render but is not defined on instance. 
  at <Dropdown id="Head-shiny" modelValue=null onUpdate:modelValue=fn<onUpdate:modelValue>  ... > 
  at <TabPanel header="Build" class="h-full" > 
  at <TabView class="h-full tinker-plants-tabs" > 
  at <TinkerPlants ref="VTU_COMPONENT" > 
  at <VTUROOT>
[Vue warn]: Property "$primevue" was accessed during render but is not defined on instance. 
  at <Dropdown id="Head-bright" modelValue=null onUpdate:modelValue=fn<onUpdate:modelValue>  ... > 
  at <TabPanel header="Build" class="h-full" > 
  at <TabView class="h-full tinker-plants-tabs" > 
  at <TinkerPlants ref="VTU_COMPONENT" > 
  at <VTUROOT>
[Vue warn]: Property "$primevue" was accessed during render but is not defined on instance. 
  at <Dropdown id="Head-faded" modelValue=null onUpdate:modelValue=fn<onUpdate:modelValue>  ... > 
  at <TabPanel header="Build" class="h-full" > 
  at <TabView class="h-full tinker-plants-tabs" > 
  at <TinkerPlants ref="VTU_COMPONENT" > 
  at <VTUROOT>
[Vue warn]: Property "$primevue" was accessed during render but is not defined on instance. 
  at <InputNumber id="Head-ql" modelValue=200 onUpdate:modelValue=fn<onUpdate:modelValue>  ... > 
  at <TabPanel header="Build" class="h-full" > 
  at <TabView class="h-full tinker-plants-tabs" > 
  at <TinkerPlants ref="VTU_COMPONENT" > 
  at <VTUROOT>
[Vue warn]: Property "$primevue" was accessed during render but is not defined on instance. 
  at <Dropdown id="Ear-shiny" modelValue=null onUpdate:modelValue=fn<onUpdate:modelValue>  ... > 
  at <TabPanel header="Build" class="h-full" > 
  at <TabView class="h-full tinker-plants-tabs" > 
  at <TinkerPlants ref="VTU_COMPONENT" > 
  at <VTUROOT>
[Vue warn]: Property "$primevue" was accessed during render but is not defined on instance. 
  at <Dropdown id="Ear-bright" modelValue=null onUpdate:modelValue=fn<onUpdate:modelValue>  ... > 
  at <TabPanel header="Build" class="h-full" > 
  at <TabView class="h-full tinker-plants-tabs" > 
  at <TinkerPlants ref="VTU_COMPONENT" > 
  at <VTUROOT>
[Vue warn]: Property "$primevue" was accessed during render but is not defined on instance. 
  at <Dropdown id="Ear-faded" modelValue=null onUpdate:modelValue=fn<onUpdate:modelValue>  ... > 
  at <TabPanel header="Build" class="h-full" > 
  at <TabView class="h-full tinker-plants-tabs" > 
  at <TinkerPlants ref="VTU_COMPONENT" > 
  at <VTUROOT>
[Vue warn]: Property "$primevue" was accessed during render but is not defined on instance. 
  at <InputNumber id="Ear-ql" modelValue=200 onUpdate:modelValue=fn<onUpdate:modelValue>  ... > 
  at <TabPanel header="Build" class="h-full" > 
  at <TabView class="h-full tinker-plants-tabs" > 
  at <TinkerPlants ref="VTU_COMPONENT" > 
  at <VTUROOT>
[Vue warn]: Property "$primevue" was accessed during render but is not defined on instance. 
  at <Dropdown id="Right Arm-shiny" modelValue=null onUpdate:modelValue=fn<onUpdate:modelValue>  ... > 
  at <TabPanel header="Build" class="h-full" > 
  at <TabView class="h-full tinker-plants-tabs" > 
  at <TinkerPlants ref="VTU_COMPONENT" > 
  at <VTUROOT>
[Vue warn]: Property "$primevue" was accessed during render but is not defined on instance. 
  at <Dropdown id="Right Arm-bright" modelValue=null onUpdate:modelValue=fn<onUpdate:modelValue>  ... > 
  at <TabPanel header="Build" class="h-full" > 
  at <TabView class="h-full tinker-plants-tabs" > 
  at <TinkerPlants ref="VTU_COMPONENT" > 
  at <VTUROOT>
[Vue warn]: Property "$primevue" was accessed during render but is not defined on instance. 
  at <Dropdown id="Right Arm-faded" modelValue=null onUpdate:modelValue=fn<onUpdate:modelValue>  ... > 
  at <TabPanel header="Build" class="h-full" > 
  at <TabView class="h-full tinker-plants-tabs" > 
  at <TinkerPlants ref="VTU_COMPONENT" > 
  at <VTUROOT>
[Vue warn]: Property "$primevue" was accessed during render but is not defined on instance. 
  at <InputNumber id="Right Arm-ql" modelValue=200 onUpdate:modelValue=fn<onUpdate:modelValue>  ... > 
  at <TabPanel header="Build" class="h-full" > 
  at <TabView class="h-full tinker-plants-tabs" > 
  at <TinkerPlants ref="VTU_COMPONENT" > 
  at <VTUROOT>
[Vue warn]: Property "$primevue" was accessed during render but is not defined on instance. 
  at <Dropdown id="Chest-shiny" modelValue=null onUpdate:modelValue=fn<onUpdate:modelValue>  ... > 
  at <TabPanel header="Build" class="h-full" > 
  at <TabView class="h-full tinker-plants-tabs" > 
  at <TinkerPlants ref="VTU_COMPONENT" > 
  at <VTUROOT>
[Vue warn]: Property "$primevue" was accessed during render but is not defined on instance. 
  at <Dropdown id="Chest-bright" modelValue=null onUpdate:modelValue=fn<onUpdate:modelValue>  ... > 
  at <TabPanel header="Build" class="h-full" > 
  at <TabView class="h-full tinker-plants-tabs" > 
  at <TinkerPlants ref="VTU_COMPONENT" > 
  at <VTUROOT>
[Vue warn]: Property "$primevue" was accessed during render but is not defined on instance. 
  at <Dropdown id="Chest-faded" modelValue=null onUpdate:modelValue=fn<onUpdate:modelValue>  ... > 
  at <TabPanel header="Build" class="h-full" > 
  at <TabView class="h-full tinker-plants-tabs" > 
  at <TinkerPlants ref="VTU_COMPONENT" > 
  at <VTUROOT>
[Vue warn]: Property "$primevue" was accessed during render but is not defined on instance. 
  at <InputNumber id="Chest-ql" modelValue=200 onUpdate:modelValue=fn<onUpdate:modelValue>  ... > 
  at <TabPanel header="Build" class="h-full" > 
  at <TabView class="h-full tinker-plants-tabs" > 
  at <TinkerPlants ref="VTU_COMPONENT" > 
  at <VTUROOT>
[Vue warn]: Property "$primevue" was accessed during render but is not defined on instance. 
  at <Dropdown id="Left Arm-shiny" modelValue=null onUpdate:modelValue=fn<onUpdate:modelValue>  ... > 
  at <TabPanel header="Build" class="h-full" > 
  at <TabView class="h-full tinker-plants-tabs" > 
  at <TinkerPlants ref="VTU_COMPONENT" > 
  at <VTUROOT>
[Vue warn]: Property "$primevue" was accessed during render but is not defined on instance. 
  at <Dropdown id="Left Arm-bright" modelValue=null onUpdate:modelValue=fn<onUpdate:modelValue>  ... > 
  at <TabPanel header="Build" class="h-full" > 
  at <TabView class="h-full tinker-plants-tabs" > 
  at <TinkerPlants ref="VTU_COMPONENT" > 
  at <VTUROOT>
[Vue warn]: Property "$primevue" was accessed during render but is not defined on instance. 
  at <Dropdown id="Left Arm-faded" modelValue=null onUpdate:modelValue=fn<onUpdate:modelValue>  ... > 
  at <TabPanel header="Build" class="h-full" > 
  at <TabView class="h-full tinker-plants-tabs" > 
  at <TinkerPlants ref="VTU_COMPONENT" > 
  at <VTUROOT>
[Vue warn]: Property "$primevue" was accessed during render but is not defined on instance. 
  at <InputNumber id="Left Arm-ql" modelValue=200 onUpdate:modelValue=fn<onUpdate:modelValue>  ... > 
  at <TabPanel header="Build" class="h-full" > 
  at <TabView class="h-full tinker-plants-tabs" > 
  at <TinkerPlants ref="VTU_COMPONENT" > 
  at <VTUROOT>
[Vue warn]: Property "$primevue" was accessed during render but is not defined on instance. 
  at <Dropdown id="Right Wrist-shiny" modelValue=null onUpdate:modelValue=fn<onUpdate:modelValue>  ... > 
  at <TabPanel header="Build" class="h-full" > 
  at <TabView class="h-full tinker-plants-tabs" > 
  at <TinkerPlants ref="VTU_COMPONENT" > 
  at <VTUROOT>
[Vue warn]: Property "$primevue" was accessed during render but is not defined on instance. 
  at <Dropdown id="Right Wrist-bright" modelValue=null onUpdate:modelValue=fn<onUpdate:modelValue>  ... > 
  at <TabPanel header="Build" class="h-full" > 
  at <TabView class="h-full tinker-plants-tabs" > 
  at <TinkerPlants ref="VTU_COMPONENT" > 
  at <VTUROOT>
[Vue warn]: Property "$primevue" was accessed during render but is not defined on instance. 
  at <Dropdown id="Right Wrist-faded" modelValue=null onUpdate:modelValue=fn<onUpdate:modelValue>  ... > 
  at <TabPanel header="Build" class="h-full" > 
  at <TabView class="h-full tinker-plants-tabs" > 
  at <TinkerPlants ref="VTU_COMPONENT" > 
  at <VTUROOT>
[Vue warn]: Property "$primevue" was accessed during render but is not defined on instance. 
  at <InputNumber id="Right Wrist-ql" modelValue=200 onUpdate:modelValue=fn<onUpdate:modelValue>  ... > 
  at <TabPanel header="Build" class="h-full" > 
  at <TabView class="h-full tinker-plants-tabs" > 
  at <TinkerPlants ref="VTU_COMPONENT" > 
  at <VTUROOT>
[Vue warn]: Property "$primevue" was accessed during render but is not defined on instance. 
  at <Dropdown id="Waist-shiny" modelValue=null onUpdate:modelValue=fn<onUpdate:modelValue>  ... > 
  at <TabPanel header="Build" class="h-full" > 
  at <TabView class="h-full tinker-plants-tabs" > 
  at <TinkerPlants ref="VTU_COMPONENT" > 
  at <VTUROOT>
[Vue warn]: Property "$primevue" was accessed during render but is not defined on instance. 
  at <Dropdown id="Waist-bright" modelValue=null onUpdate:modelValue=fn<onUpdate:modelValue>  ... > 
  at <TabPanel header="Build" class="h-full" > 
  at <TabView class="h-full tinker-plants-tabs" > 
  at <TinkerPlants ref="VTU_COMPONENT" > 
  at <VTUROOT>
[Vue warn]: Property "$primevue" was accessed during render but is not defined on instance. 
  at <Dropdown id="Waist-faded" modelValue=null onUpdate:modelValue=fn<onUpdate:modelValue>  ... > 
  at <TabPanel header="Build" class="h-full" > 
  at <TabView class="h-full tinker-plants-tabs" > 
  at <TinkerPlants ref="VTU_COMPONENT" > 
  at <VTUROOT>
[Vue warn]: Property "$primevue" was accessed during render but is not defined on instance. 
  at <InputNumber id="Waist-ql" modelValue=200 onUpdate:modelValue=fn<onUpdate:modelValue>  ... > 
  at <TabPanel header="Build" class="h-full" > 
  at <TabView class="h-full tinker-plants-tabs" > 
  at <TinkerPlants ref="VTU_COMPONENT" > 
  at <VTUROOT>
[Vue warn]: Property "$primevue" was accessed during render but is not defined on instance. 
  at <Dropdown id="Left Wrist-shiny" modelValue=null onUpdate:modelValue=fn<onUpdate:modelValue>  ... > 
  at <TabPanel header="Build" class="h-full" > 
  at <TabView class="h-full tinker-plants-tabs" > 
  at <TinkerPlants ref="VTU_COMPONENT" > 
  at <VTUROOT>
[Vue warn]: Property "$primevue" was accessed during render but is not defined on instance. 
  at <Dropdown id="Left Wrist-bright" modelValue=null onUpdate:modelValue=fn<onUpdate:modelValue>  ... > 
  at <TabPanel header="Build" class="h-full" > 
  at <TabView class="h-full tinker-plants-tabs" > 
  at <TinkerPlants ref="VTU_COMPONENT" > 
  at <VTUROOT>
[Vue warn]: Property "$primevue" was accessed during render but is not defined on instance. 
  at <Dropdown id="Left Wrist-faded" modelValue=null onUpdate:modelValue=fn<onUpdate:modelValue>  ... > 
  at <TabPanel header="Build" class="h-full" > 
  at <TabView class="h-full tinker-plants-tabs" > 
  at <TinkerPlants ref="VTU_COMPONENT" > 
  at <VTUROOT>
[Vue warn]: Property "$primevue" was accessed during render but is not defined on instance. 
  at <InputNumber id="Left Wrist-ql" modelValue=200 onUpdate:modelValue=fn<onUpdate:modelValue>  ... > 
  at <TabPanel header="Build" class="h-full" > 
  at <TabView class="h-full tinker-plants-tabs" > 
  at <TinkerPlants ref="VTU_COMPONENT" > 
  at <VTUROOT>
[Vue warn]: Property "$primevue" was accessed during render but is not defined on instance. 
  at <Dropdown id="Right Hand-shiny" modelValue=null onUpdate:modelValue=fn<onUpdate:modelValue>  ... > 
  at <TabPanel header="Build" class="h-full" > 
  at <TabView class="h-full tinker-plants-tabs" > 
  at <TinkerPlants ref="VTU_COMPONENT" > 
  at <VTUROOT>
[Vue warn]: Property "$primevue" was accessed during render but is not defined on instance. 
  at <Dropdown id="Right Hand-bright" modelValue=null onUpdate:modelValue=fn<onUpdate:modelValue>  ... > 
  at <TabPanel header="Build" class="h-full" > 
  at <TabView class="h-full tinker-plants-tabs" > 
  at <TinkerPlants ref="VTU_COMPONENT" > 
  at <VTUROOT>
[Vue warn]: Property "$primevue" was accessed during render but is not defined on instance. 
  at <Dropdown id="Right Hand-faded" modelValue=null onUpdate:modelValue=fn<onUpdate:modelValue>  ... > 
  at <TabPanel header="Build" class="h-full" > 
  at <TabView class="h-full tinker-plants-tabs" > 
  at <TinkerPlants ref="VTU_COMPONENT" > 
  at <VTUROOT>
[Vue warn]: Property "$primevue" was accessed during render but is not defined on instance. 
  at <InputNumber id="Right Hand-ql" modelValue=200 onUpdate:modelValue=fn<onUpdate:modelValue>  ... > 
  at <TabPanel header="Build" class="h-full" > 
  at <TabView class="h-full tinker-plants-tabs" > 
  at <TinkerPlants ref="VTU_COMPONENT" > 
  at <VTUROOT>
[Vue warn]: Property "$primevue" was accessed during render but is not defined on instance. 
  at <Dropdown id="Leg-shiny" modelValue=null onUpdate:modelValue=fn<onUpdate:modelValue>  ... > 
  at <TabPanel header="Build" class="h-full" > 
  at <TabView class="h-full tinker-plants-tabs" > 
  at <TinkerPlants ref="VTU_COMPONENT" > 
  at <VTUROOT>
[Vue warn]: Property "$primevue" was accessed during render but is not defined on instance. 
  at <Dropdown id="Leg-bright" modelValue=null onUpdate:modelValue=fn<onUpdate:modelValue>  ... > 
  at <TabPanel header="Build" class="h-full" > 
  at <TabView class="h-full tinker-plants-tabs" > 
  at <TinkerPlants ref="VTU_COMPONENT" > 
  at <VTUROOT>
[Vue warn]: Property "$primevue" was accessed during render but is not defined on instance. 
  at <Dropdown id="Leg-faded" modelValue=null onUpdate:modelValue=fn<onUpdate:modelValue>  ... > 
  at <TabPanel header="Build" class="h-full" > 
  at <TabView class="h-full tinker-plants-tabs" > 
  at <TinkerPlants ref="VTU_COMPONENT" > 
  at <VTUROOT>
[Vue warn]: Property "$primevue" was accessed during render but is not defined on instance. 
  at <InputNumber id="Leg-ql" modelValue=200 onUpdate:modelValue=fn<onUpdate:modelValue>  ... > 
  at <TabPanel header="Build" class="h-full" > 
  at <TabView class="h-full tinker-plants-tabs" > 
  at <TinkerPlants ref="VTU_COMPONENT" > 
  at <VTUROOT>
[Vue warn]: Property "$primevue" was accessed during render but is not defined on instance. 
  at <Dropdown id="Left Hand-shiny" modelValue=null onUpdate:modelValue=fn<onUpdate:modelValue>  ... > 
  at <TabPanel header="Build" class="h-full" > 
  at <TabView class="h-full tinker-plants-tabs" > 
  at <TinkerPlants ref="VTU_COMPONENT" > 
  at <VTUROOT>
[Vue warn]: Property "$primevue" was accessed during render but is not defined on instance. 
  at <Dropdown id="Left Hand-bright" modelValue=null onUpdate:modelValue=fn<onUpdate:modelValue>  ... > 
  at <TabPanel header="Build" class="h-full" > 
  at <TabView class="h-full tinker-plants-tabs" > 
  at <TinkerPlants ref="VTU_COMPONENT" > 
  at <VTUROOT>
[Vue warn]: Property "$primevue" was accessed during render but is not defined on instance. 
  at <Dropdown id="Left Hand-faded" modelValue=null onUpdate:modelValue=fn<onUpdate:modelValue>  ... > 
  at <TabPanel header="Build" class="h-full" > 
  at <TabView class="h-full tinker-plants-tabs" > 
  at <TinkerPlants ref="VTU_COMPONENT" > 
  at <VTUROOT>
[Vue warn]: Property "$primevue" was accessed during render but is not defined on instance. 
  at <InputNumber id="Left Hand-ql" modelValue=200 onUpdate:modelValue=fn<onUpdate:modelValue>  ... > 
  at <TabPanel header="Build" class="h-full" > 
  at <TabView class="h-full tinker-plants-tabs" > 
  at <TinkerPlants ref="VTU_COMPONENT" > 
  at <VTUROOT>
[Vue warn]: Property "$primevue" was accessed during render but is not defined on instance. 
  at <Dropdown id="Feet-shiny" modelValue=null onUpdate:modelValue=fn<onUpdate:modelValue>  ... > 
  at <TabPanel header="Build" class="h-full" > 
  at <TabView class="h-full tinker-plants-tabs" > 
  at <TinkerPlants ref="VTU_COMPONENT" > 
  at <VTUROOT>
[Vue warn]: Property "$primevue" was accessed during render but is not defined on instance. 
  at <Dropdown id="Feet-bright" modelValue=null onUpdate:modelValue=fn<onUpdate:modelValue>  ... > 
  at <TabPanel header="Build" class="h-full" > 
  at <TabView class="h-full tinker-plants-tabs" > 
  at <TinkerPlants ref="VTU_COMPONENT" > 
  at <VTUROOT>
[Vue warn]: Property "$primevue" was accessed during render but is not defined on instance. 
  at <Dropdown id="Feet-faded" modelValue=null onUpdate:modelValue=fn<onUpdate:modelValue>  ... > 
  at <TabPanel header="Build" class="h-full" > 
  at <TabView class="h-full tinker-plants-tabs" > 
  at <TinkerPlants ref="VTU_COMPONENT" > 
  at <VTUROOT>
[Vue warn]: Property "$primevue" was accessed during render but is not defined on instance. 
  at <InputNumber id="Feet-ql" modelValue=200 onUpdate:modelValue=fn<onUpdate:modelValue>  ... > 
  at <TabPanel header="Build" class="h-full" > 
  at <TabView class="h-full tinker-plants-tabs" > 
  at <TinkerPlants ref="VTU_COMPONENT" > 
  at <VTUROOT>
[Vue warn]: Extraneous non-props attributes (class) were passed to component but could not be automatically inherited because component renders fragment or text root nodes. 
  at <TabPanel header="Construction" class="h-full" > 
  at <TabView class="h-full tinker-plants-tabs" > 
  at <TinkerPlants ref="VTU_COMPONENT" > 
  at <VTUROOT>
[Vue warn]: Extraneous non-props attributes (class) were passed to component but could not be automatically inherited because component renders fragment or text root nodes. 
  at <TabPanel header="Build" class="h-full" > 
  at <TabView class="h-full tinker-plants-tabs" > 
  at <TinkerPlants ref="VTU_COMPONENT" > 
  at <VTUROOT>
[Vue warn]: Property "$primevue" was accessed during render but is not defined on instance. 
  at <Dropdown id="Eye-shiny" modelValue=null onUpdate:modelValue=fn<onUpdate:modelValue>  ... > 
  at <TabPanel header="Build" class="h-full" > 
  at <TabView class="h-full tinker-plants-tabs" > 
  at <TinkerPlants ref="VTU_COMPONENT" > 
  at <VTUROOT>
[Vue warn]: Property "$primevue" was accessed during render but is not defined on instance. 
  at <Dropdown id="Eye-bright" modelValue=null onUpdate:modelValue=fn<onUpdate:modelValue>  ... > 
  at <TabPanel header="Build" class="h-full" > 
  at <TabView class="h-full tinker-plants-tabs" > 
  at <TinkerPlants ref="VTU_COMPONENT" > 
  at <VTUROOT>
[Vue warn]: Property "$primevue" was accessed during render but is not defined on instance. 
  at <Dropdown id="Eye-faded" modelValue=null onUpdate:modelValue=fn<onUpdate:modelValue>  ... > 
  at <TabPanel header="Build" class="h-full" > 
  at <TabView class="h-full tinker-plants-tabs" > 
  at <TinkerPlants ref="VTU_COMPONENT" > 
  at <VTUROOT>
[Vue warn]: Property "$primevue" was accessed during render but is not defined on instance. 
  at <Dropdown id="Head-shiny" modelValue=null onUpdate:modelValue=fn<onUpdate:modelValue>  ... > 
  at <TabPanel header="Build" class="h-full" > 
  at <TabView class="h-full tinker-plants-tabs" > 
  at <TinkerPlants ref="VTU_COMPONENT" > 
  at <VTUROOT>
[Vue warn]: Property "$primevue" was accessed during render but is not defined on instance. 
  at <Dropdown id="Head-bright" modelValue=null onUpdate:modelValue=fn<onUpdate:modelValue>  ... > 
  at <TabPanel header="Build" class="h-full" > 
  at <TabView class="h-full tinker-plants-tabs" > 
  at <TinkerPlants ref="VTU_COMPONENT" > 
  at <VTUROOT>
[Vue warn]: Property "$primevue" was accessed during render but is not defined on instance. 
  at <Dropdown id="Head-faded" modelValue=null onUpdate:modelValue=fn<onUpdate:modelValue>  ... > 
  at <TabPanel header="Build" class="h-full" > 
  at <TabView class="h-full tinker-plants-tabs" > 
  at <TinkerPlants ref="VTU_COMPONENT" > 
  at <VTUROOT>
[Vue warn]: Property "$primevue" was accessed during render but is not defined on instance. 
  at <Dropdown id="Ear-shiny" modelValue=null onUpdate:modelValue=fn<onUpdate:modelValue>  ... > 
  at <TabPanel header="Build" class="h-full" > 
  at <TabView class="h-full tinker-plants-tabs" > 
  at <TinkerPlants ref="VTU_COMPONENT" > 
  at <VTUROOT>
[Vue warn]: Property "$primevue" was accessed during render but is not defined on instance. 
  at <Dropdown id="Ear-bright" modelValue=null onUpdate:modelValue=fn<onUpdate:modelValue>  ... > 
  at <TabPanel header="Build" class="h-full" > 
  at <TabView class="h-full tinker-plants-tabs" > 
  at <TinkerPlants ref="VTU_COMPONENT" > 
  at <VTUROOT>
[Vue warn]: Property "$primevue" was accessed during render but is not defined on instance. 
  at <Dropdown id="Ear-faded" modelValue=null onUpdate:modelValue=fn<onUpdate:modelValue>  ... > 
  at <TabPanel header="Build" class="h-full" > 
  at <TabView class="h-full tinker-plants-tabs" > 
  at <TinkerPlants ref="VTU_COMPONENT" > 
  at <VTUROOT>
[Vue warn]: Property "$primevue" was accessed during render but is not defined on instance. 
  at <Dropdown id="Right Arm-shiny" modelValue=null onUpdate:modelValue=fn<onUpdate:modelValue>  ... > 
  at <TabPanel header="Build" class="h-full" > 
  at <TabView class="h-full tinker-plants-tabs" > 
  at <TinkerPlants ref="VTU_COMPONENT" > 
  at <VTUROOT>
[Vue warn]: Property "$primevue" was accessed during render but is not defined on instance. 
  at <Dropdown id="Right Arm-bright" modelValue=null onUpdate:modelValue=fn<onUpdate:modelValue>  ... > 
  at <TabPanel header="Build" class="h-full" > 
  at <TabView class="h-full tinker-plants-tabs" > 
  at <TinkerPlants ref="VTU_COMPONENT" > 
  at <VTUROOT>
[Vue warn]: Property "$primevue" was accessed during render but is not defined on instance. 
  at <Dropdown id="Right Arm-faded" modelValue=null onUpdate:modelValue=fn<onUpdate:modelValue>  ... > 
  at <TabPanel header="Build" class="h-full" > 
  at <TabView class="h-full tinker-plants-tabs" > 
  at <TinkerPlants ref="VTU_COMPONENT" > 
  at <VTUROOT>
[Vue warn]: Property "$primevue" was accessed during render but is not defined on instance. 
  at <Dropdown id="Chest-shiny" modelValue=null onUpdate:modelValue=fn<onUpdate:modelValue>  ... > 
  at <TabPanel header="Build" class="h-full" > 
  at <TabView class="h-full tinker-plants-tabs" > 
  at <TinkerPlants ref="VTU_COMPONENT" > 
  at <VTUROOT>
[Vue warn]: Property "$primevue" was accessed during render but is not defined on instance. 
  at <Dropdown id="Chest-bright" modelValue=null onUpdate:modelValue=fn<onUpdate:modelValue>  ... > 
  at <TabPanel header="Build" class="h-full" > 
  at <TabView class="h-full tinker-plants-tabs" > 
  at <TinkerPlants ref="VTU_COMPONENT" > 
  at <VTUROOT>
[Vue warn]: Property "$primevue" was accessed during render but is not defined on instance. 
  at <Dropdown id="Chest-faded" modelValue=null onUpdate:modelValue=fn<onUpdate:modelValue>  ... > 
  at <TabPanel header="Build" class="h-full" > 
  at <TabView class="h-full tinker-plants-tabs" > 
  at <TinkerPlants ref="VTU_COMPONENT" > 
  at <VTUROOT>
[Vue warn]: Property "$primevue" was accessed during render but is not defined on instance. 
  at <Dropdown id="Left Arm-shiny" modelValue=null onUpdate:modelValue=fn<onUpdate:modelValue>  ... > 
  at <TabPanel header="Build" class="h-full" > 
  at <TabView class="h-full tinker-plants-tabs" > 
  at <TinkerPlants ref="VTU_COMPONENT" > 
  at <VTUROOT>
[Vue warn]: Property "$primevue" was accessed during render but is not defined on instance. 
  at <Dropdown id="Left Arm-bright" modelValue=null onUpdate:modelValue=fn<onUpdate:modelValue>  ... > 
  at <TabPanel header="Build" class="h-full" > 
  at <TabView class="h-full tinker-plants-tabs" > 
  at <TinkerPlants ref="VTU_COMPONENT" > 
  at <VTUROOT>
[Vue warn]: Property "$primevue" was accessed during render but is not defined on instance. 
  at <Dropdown id="Left Arm-faded" modelValue=null onUpdate:modelValue=fn<onUpdate:modelValue>  ... > 
  at <TabPanel header="Build" class="h-full" > 
  at <TabView class="h-full tinker-plants-tabs" > 
  at <TinkerPlants ref="VTU_COMPONENT" > 
  at <VTUROOT>
[Vue warn]: Property "$primevue" was accessed during render but is not defined on instance. 
  at <Dropdown id="Right Wrist-shiny" modelValue=null onUpdate:modelValue=fn<onUpdate:modelValue>  ... > 
  at <TabPanel header="Build" class="h-full" > 
  at <TabView class="h-full tinker-plants-tabs" > 
  at <TinkerPlants ref="VTU_COMPONENT" > 
  at <VTUROOT>
[Vue warn]: Property "$primevue" was accessed during render but is not defined on instance. 
  at <Dropdown id="Right Wrist-bright" modelValue=null onUpdate:modelValue=fn<onUpdate:modelValue>  ... > 
  at <TabPanel header="Build" class="h-full" > 
  at <TabView class="h-full tinker-plants-tabs" > 
  at <TinkerPlants ref="VTU_COMPONENT" > 
  at <VTUROOT>
[Vue warn]: Property "$primevue" was accessed during render but is not defined on instance. 
  at <Dropdown id="Right Wrist-faded" modelValue=null onUpdate:modelValue=fn<onUpdate:modelValue>  ... > 
  at <TabPanel header="Build" class="h-full" > 
  at <TabView class="h-full tinker-plants-tabs" > 
  at <TinkerPlants ref="VTU_COMPONENT" > 
  at <VTUROOT>
[Vue warn]: Property "$primevue" was accessed during render but is not defined on instance. 
  at <Dropdown id="Waist-shiny" modelValue=null onUpdate:modelValue=fn<onUpdate:modelValue>  ... > 
  at <TabPanel header="Build" class="h-full" > 
  at <TabView class="h-full tinker-plants-tabs" > 
  at <TinkerPlants ref="VTU_COMPONENT" > 
  at <VTUROOT>
[Vue warn]: Property "$primevue" was accessed during render but is not defined on instance. 
  at <Dropdown id="Waist-bright" modelValue=null onUpdate:modelValue=fn<onUpdate:modelValue>  ... > 
  at <TabPanel header="Build" class="h-full" > 
  at <TabView class="h-full tinker-plants-tabs" > 
  at <TinkerPlants ref="VTU_COMPONENT" > 
  at <VTUROOT>
[Vue warn]: Property "$primevue" was accessed during render but is not defined on instance. 
  at <Dropdown id="Waist-faded" modelValue=null onUpdate:modelValue=fn<onUpdate:modelValue>  ... > 
  at <TabPanel header="Build" class="h-full" > 
  at <TabView class="h-full tinker-plants-tabs" > 
  at <TinkerPlants ref="VTU_COMPONENT" > 
  at <VTUROOT>
[Vue warn]: Property "$primevue" was accessed during render but is not defined on instance. 
  at <Dropdown id="Left Wrist-shiny" modelValue=null onUpdate:modelValue=fn<onUpdate:modelValue>  ... > 
  at <TabPanel header="Build" class="h-full" > 
  at <TabView class="h-full tinker-plants-tabs" > 
  at <TinkerPlants ref="VTU_COMPONENT" > 
  at <VTUROOT>
[Vue warn]: Property "$primevue" was accessed during render but is not defined on instance. 
  at <Dropdown id="Left Wrist-bright" modelValue=null onUpdate:modelValue=fn<onUpdate:modelValue>  ... > 
  at <TabPanel header="Build" class="h-full" > 
  at <TabView class="h-full tinker-plants-tabs" > 
  at <TinkerPlants ref="VTU_COMPONENT" > 
  at <VTUROOT>
[Vue warn]: Property "$primevue" was accessed during render but is not defined on instance. 
  at <Dropdown id="Left Wrist-faded" modelValue=null onUpdate:modelValue=fn<onUpdate:modelValue>  ... > 
  at <TabPanel header="Build" class="h-full" > 
  at <TabView class="h-full tinker-plants-tabs" > 
  at <TinkerPlants ref="VTU_COMPONENT" > 
  at <VTUROOT>
[Vue warn]: Property "$primevue" was accessed during render but is not defined on instance. 
  at <Dropdown id="Right Hand-shiny" modelValue=null onUpdate:modelValue=fn<onUpdate:modelValue>  ... > 
  at <TabPanel header="Build" class="h-full" > 
  at <TabView class="h-full tinker-plants-tabs" > 
  at <TinkerPlants ref="VTU_COMPONENT" > 
  at <VTUROOT>
[Vue warn]: Property "$primevue" was accessed during render but is not defined on instance. 
  at <Dropdown id="Right Hand-bright" modelValue=null onUpdate:modelValue=fn<onUpdate:modelValue>  ... > 
  at <TabPanel header="Build" class="h-full" > 
  at <TabView class="h-full tinker-plants-tabs" > 
  at <TinkerPlants ref="VTU_COMPONENT" > 
  at <VTUROOT>
[Vue warn]: Property "$primevue" was accessed during render but is not defined on instance. 
  at <Dropdown id="Right Hand-faded" modelValue=null onUpdate:modelValue=fn<onUpdate:modelValue>  ... > 
  at <TabPanel header="Build" class="h-full" > 
  at <TabView class="h-full tinker-plants-tabs" > 
  at <TinkerPlants ref="VTU_COMPONENT" > 
  at <VTUROOT>
[Vue warn]: Property "$primevue" was accessed during render but is not defined on instance. 
  at <Dropdown id="Leg-shiny" modelValue=null onUpdate:modelValue=fn<onUpdate:modelValue>  ... > 
  at <TabPanel header="Build" class="h-full" > 
  at <TabView class="h-full tinker-plants-tabs" > 
  at <TinkerPlants ref="VTU_COMPONENT" > 
  at <VTUROOT>
[Vue warn]: Property "$primevue" was accessed during render but is not defined on instance. 
  at <Dropdown id="Leg-bright" modelValue=null onUpdate:modelValue=fn<onUpdate:modelValue>  ... > 
  at <TabPanel header="Build" class="h-full" > 
  at <TabView class="h-full tinker-plants-tabs" > 
  at <TinkerPlants ref="VTU_COMPONENT" > 
  at <VTUROOT>
[Vue warn]: Property "$primevue" was accessed during render but is not defined on instance. 
  at <Dropdown id="Leg-faded" modelValue=null onUpdate:modelValue=fn<onUpdate:modelValue>  ... > 
  at <TabPanel header="Build" class="h-full" > 
  at <TabView class="h-full tinker-plants-tabs" > 
  at <TinkerPlants ref="VTU_COMPONENT" > 
  at <VTUROOT>
[Vue warn]: Property "$primevue" was accessed during render but is not defined on instance. 
  at <Dropdown id="Left Hand-shiny" modelValue=null onUpdate:modelValue=fn<onUpdate:modelValue>  ... > 
  at <TabPanel header="Build" class="h-full" > 
  at <TabView class="h-full tinker-plants-tabs" > 
  at <TinkerPlants ref="VTU_COMPONENT" > 
  at <VTUROOT>
[Vue warn]: Property "$primevue" was accessed during render but is not defined on instance. 
  at <Dropdown id="Left Hand-bright" modelValue=null onUpdate:modelValue=fn<onUpdate:modelValue>  ... > 
  at <TabPanel header="Build" class="h-full" > 
  at <TabView class="h-full tinker-plants-tabs" > 
  at <TinkerPlants ref="VTU_COMPONENT" > 
  at <VTUROOT>
[Vue warn]: Property "$primevue" was accessed during render but is not defined on instance. 
  at <Dropdown id="Left Hand-faded" modelValue=null onUpdate:modelValue=fn<onUpdate:modelValue>  ... > 
  at <TabPanel header="Build" class="h-full" > 
  at <TabView class="h-full tinker-plants-tabs" > 
  at <TinkerPlants ref="VTU_COMPONENT" > 
  at <VTUROOT>
[Vue warn]: Property "$primevue" was accessed during render but is not defined on instance. 
  at <Dropdown id="Feet-shiny" modelValue=null onUpdate:modelValue=fn<onUpdate:modelValue>  ... > 
  at <TabPanel header="Build" class="h-full" > 
  at <TabView class="h-full tinker-plants-tabs" > 
  at <TinkerPlants ref="VTU_COMPONENT" > 
  at <VTUROOT>
[Vue warn]: Property "$primevue" was accessed during render but is not defined on instance. 
  at <Dropdown id="Feet-bright" modelValue=null onUpdate:modelValue=fn<onUpdate:modelValue>  ... > 
  at <TabPanel header="Build" class="h-full" > 
  at <TabView class="h-full tinker-plants-tabs" > 
  at <TinkerPlants ref="VTU_COMPONENT" > 
  at <VTUROOT>
[Vue warn]: Property "$primevue" was accessed during render but is not defined on instance. 
  at <Dropdown id="Feet-faded" modelValue=null onUpdate:modelValue=fn<onUpdate:modelValue>  ... > 
  at <TabPanel header="Build" class="h-full" > 
  at <TabView class="h-full tinker-plants-tabs" > 
  at <TinkerPlants ref="VTU_COMPONENT" > 
  at <VTUROOT>
[Vue warn]: Extraneous non-props attributes (class) were passed to component but could not be automatically inherited because component renders fragment or text root nodes. 
  at <TabPanel header="Construction" class="h-full" > 
  at <TabView class="h-full tinker-plants-tabs" > 
  at <TinkerPlants ref="VTU_COMPONENT" > 
  at <VTUROOT>

stderr | src/__tests__/views/TinkerPlants.simple.test.ts > TinkerPlants - Simple Tests > Methods > onImplantChange announces changes
[Vue warn]: Property "$primevue" was accessed during render but is not defined on instance. 
  at <InputNumber id="ql-input" modelValue=200 onUpdate:modelValue=fn  ... > 
  at <TinkerPlants ref="VTU_COMPONENT" > 
  at <VTUROOT>
[Vue warn]: Extraneous non-props attributes (class) were passed to component but could not be automatically inherited because component renders fragment or text root nodes. 
  at <TabPanel header="Build" class="h-full" > 
  at <TabView class="h-full tinker-plants-tabs" > 
  at <TinkerPlants ref="VTU_COMPONENT" > 
  at <VTUROOT>
[Vue warn]: Property "$primevue" was accessed during render but is not defined on instance. 
  at <Dropdown id="Eye-shiny" modelValue=null onUpdate:modelValue=fn<onUpdate:modelValue>  ... > 
  at <TabPanel header="Build" class="h-full" > 
  at <TabView class="h-full tinker-plants-tabs" > 
  at <TinkerPlants ref="VTU_COMPONENT" > 
  at <VTUROOT>
[Vue warn]: Property "$primevue" was accessed during render but is not defined on instance. 
  at <Dropdown id="Eye-bright" modelValue=null onUpdate:modelValue=fn<onUpdate:modelValue>  ... > 
  at <TabPanel header="Build" class="h-full" > 
  at <TabView class="h-full tinker-plants-tabs" > 
  at <TinkerPlants ref="VTU_COMPONENT" > 
  at <VTUROOT>
[Vue warn]: Property "$primevue" was accessed during render but is not defined on instance. 
  at <Dropdown id="Eye-faded" modelValue=null onUpdate:modelValue=fn<onUpdate:modelValue>  ... > 
  at <TabPanel header="Build" class="h-full" > 
  at <TabView class="h-full tinker-plants-tabs" > 
  at <TinkerPlants ref="VTU_COMPONENT" > 
  at <VTUROOT>
[Vue warn]: Property "$primevue" was accessed during render but is not defined on instance. 
  at <InputNumber id="Eye-ql" modelValue=200 onUpdate:modelValue=fn<onUpdate:modelValue>  ... > 
  at <TabPanel header="Build" class="h-full" > 
  at <TabView class="h-full tinker-plants-tabs" > 
  at <TinkerPlants ref="VTU_COMPONENT" > 
  at <VTUROOT>
[Vue warn]: Property "$primevue" was accessed during render but is not defined on instance. 
  at <Dropdown id="Head-shiny" modelValue=null onUpdate:modelValue=fn<onUpdate:modelValue>  ... > 
  at <TabPanel header="Build" class="h-full" > 
  at <TabView class="h-full tinker-plants-tabs" > 
  at <TinkerPlants ref="VTU_COMPONENT" > 
  at <VTUROOT>
[Vue warn]: Property "$primevue" was accessed during render but is not defined on instance. 
  at <Dropdown id="Head-bright" modelValue=null onUpdate:modelValue=fn<onUpdate:modelValue>  ... > 
  at <TabPanel header="Build" class="h-full" > 
  at <TabView class="h-full tinker-plants-tabs" > 
  at <TinkerPlants ref="VTU_COMPONENT" > 
  at <VTUROOT>
[Vue warn]: Property "$primevue" was accessed during render but is not defined on instance. 
  at <Dropdown id="Head-faded" modelValue=null onUpdate:modelValue=fn<onUpdate:modelValue>  ... > 
  at <TabPanel header="Build" class="h-full" > 
  at <TabView class="h-full tinker-plants-tabs" > 
  at <TinkerPlants ref="VTU_COMPONENT" > 
  at <VTUROOT>
[Vue warn]: Property "$primevue" was accessed during render but is not defined on instance. 
  at <InputNumber id="Head-ql" modelValue=200 onUpdate:modelValue=fn<onUpdate:modelValue>  ... > 
  at <TabPanel header="Build" class="h-full" > 
  at <TabView class="h-full tinker-plants-tabs" > 
  at <TinkerPlants ref="VTU_COMPONENT" > 
  at <VTUROOT>
[Vue warn]: Property "$primevue" was accessed during render but is not defined on instance. 
  at <Dropdown id="Ear-shiny" modelValue=null onUpdate:modelValue=fn<onUpdate:modelValue>  ... > 
  at <TabPanel header="Build" class="h-full" > 
  at <TabView class="h-full tinker-plants-tabs" > 
  at <TinkerPlants ref="VTU_COMPONENT" > 
  at <VTUROOT>
[Vue warn]: Property "$primevue" was accessed during render but is not defined on instance. 
  at <Dropdown id="Ear-bright" modelValue=null onUpdate:modelValue=fn<onUpdate:modelValue>  ... > 
  at <TabPanel header="Build" class="h-full" > 
  at <TabView class="h-full tinker-plants-tabs" > 
  at <TinkerPlants ref="VTU_COMPONENT" > 
  at <VTUROOT>
[Vue warn]: Property "$primevue" was accessed during render but is not defined on instance. 
  at <Dropdown id="Ear-faded" modelValue=null onUpdate:modelValue=fn<onUpdate:modelValue>  ... > 
  at <TabPanel header="Build" class="h-full" > 
  at <TabView class="h-full tinker-plants-tabs" > 
  at <TinkerPlants ref="VTU_COMPONENT" > 
  at <VTUROOT>
[Vue warn]: Property "$primevue" was accessed during render but is not defined on instance. 
  at <InputNumber id="Ear-ql" modelValue=200 onUpdate:modelValue=fn<onUpdate:modelValue>  ... > 
  at <TabPanel header="Build" class="h-full" > 
  at <TabView class="h-full tinker-plants-tabs" > 
  at <TinkerPlants ref="VTU_COMPONENT" > 
  at <VTUROOT>
[Vue warn]: Property "$primevue" was accessed during render but is not defined on instance. 
  at <Dropdown id="Right Arm-shiny" modelValue=null onUpdate:modelValue=fn<onUpdate:modelValue>  ... > 
  at <TabPanel header="Build" class="h-full" > 
  at <TabView class="h-full tinker-plants-tabs" > 
  at <TinkerPlants ref="VTU_COMPONENT" > 
  at <VTUROOT>
[Vue warn]: Property "$primevue" was accessed during render but is not defined on instance. 
  at <Dropdown id="Right Arm-bright" modelValue=null onUpdate:modelValue=fn<onUpdate:modelValue>  ... > 
  at <TabPanel header="Build" class="h-full" > 
  at <TabView class="h-full tinker-plants-tabs" > 
  at <TinkerPlants ref="VTU_COMPONENT" > 
  at <VTUROOT>
[Vue warn]: Property "$primevue" was accessed during render but is not defined on instance. 
  at <Dropdown id="Right Arm-faded" modelValue=null onUpdate:modelValue=fn<onUpdate:modelValue>  ... > 
  at <TabPanel header="Build" class="h-full" > 
  at <TabView class="h-full tinker-plants-tabs" > 
  at <TinkerPlants ref="VTU_COMPONENT" > 
  at <VTUROOT>
[Vue warn]: Property "$primevue" was accessed during render but is not defined on instance. 
  at <InputNumber id="Right Arm-ql" modelValue=200 onUpdate:modelValue=fn<onUpdate:modelValue>  ... > 
  at <TabPanel header="Build" class="h-full" > 
  at <TabView class="h-full tinker-plants-tabs" > 
  at <TinkerPlants ref="VTU_COMPONENT" > 
  at <VTUROOT>
[Vue warn]: Property "$primevue" was accessed during render but is not defined on instance. 
  at <Dropdown id="Chest-shiny" modelValue=null onUpdate:modelValue=fn<onUpdate:modelValue>  ... > 
  at <TabPanel header="Build" class="h-full" > 
  at <TabView class="h-full tinker-plants-tabs" > 
  at <TinkerPlants ref="VTU_COMPONENT" > 
  at <VTUROOT>
[Vue warn]: Property "$primevue" was accessed during render but is not defined on instance. 
  at <Dropdown id="Chest-bright" modelValue=null onUpdate:modelValue=fn<onUpdate:modelValue>  ... > 
  at <TabPanel header="Build" class="h-full" > 
  at <TabView class="h-full tinker-plants-tabs" > 
  at <TinkerPlants ref="VTU_COMPONENT" > 
  at <VTUROOT>
[Vue warn]: Property "$primevue" was accessed during render but is not defined on instance. 
  at <Dropdown id="Chest-faded" modelValue=null onUpdate:modelValue=fn<onUpdate:modelValue>  ... > 
  at <TabPanel header="Build" class="h-full" > 
  at <TabView class="h-full tinker-plants-tabs" > 
  at <TinkerPlants ref="VTU_COMPONENT" > 
  at <VTUROOT>
[Vue warn]: Property "$primevue" was accessed during render but is not defined on instance. 
  at <InputNumber id="Chest-ql" modelValue=200 onUpdate:modelValue=fn<onUpdate:modelValue>  ... > 
  at <TabPanel header="Build" class="h-full" > 
  at <TabView class="h-full tinker-plants-tabs" > 
  at <TinkerPlants ref="VTU_COMPONENT" > 
  at <VTUROOT>
[Vue warn]: Property "$primevue" was accessed during render but is not defined on instance. 
  at <Dropdown id="Left Arm-shiny" modelValue=null onUpdate:modelValue=fn<onUpdate:modelValue>  ... > 
  at <TabPanel header="Build" class="h-full" > 
  at <TabView class="h-full tinker-plants-tabs" > 
  at <TinkerPlants ref="VTU_COMPONENT" > 
  at <VTUROOT>
[Vue warn]: Property "$primevue" was accessed during render but is not defined on instance. 
  at <Dropdown id="Left Arm-bright" modelValue=null onUpdate:modelValue=fn<onUpdate:modelValue>  ... > 
  at <TabPanel header="Build" class="h-full" > 
  at <TabView class="h-full tinker-plants-tabs" > 
  at <TinkerPlants ref="VTU_COMPONENT" > 
  at <VTUROOT>
[Vue warn]: Property "$primevue" was accessed during render but is not defined on instance. 
  at <Dropdown id="Left Arm-faded" modelValue=null onUpdate:modelValue=fn<onUpdate:modelValue>  ... > 
  at <TabPanel header="Build" class="h-full" > 
  at <TabView class="h-full tinker-plants-tabs" > 
  at <TinkerPlants ref="VTU_COMPONENT" > 
  at <VTUROOT>
[Vue warn]: Property "$primevue" was accessed during render but is not defined on instance. 
  at <InputNumber id="Left Arm-ql" modelValue=200 onUpdate:modelValue=fn<onUpdate:modelValue>  ... > 
  at <TabPanel header="Build" class="h-full" > 
  at <TabView class="h-full tinker-plants-tabs" > 
  at <TinkerPlants ref="VTU_COMPONENT" > 
  at <VTUROOT>
[Vue warn]: Property "$primevue" was accessed during render but is not defined on instance. 
  at <Dropdown id="Right Wrist-shiny" modelValue=null onUpdate:modelValue=fn<onUpdate:modelValue>  ... > 
  at <TabPanel header="Build" class="h-full" > 
  at <TabView class="h-full tinker-plants-tabs" > 
  at <TinkerPlants ref="VTU_COMPONENT" > 
  at <VTUROOT>
[Vue warn]: Property "$primevue" was accessed during render but is not defined on instance. 
  at <Dropdown id="Right Wrist-bright" modelValue=null onUpdate:modelValue=fn<onUpdate:modelValue>  ... > 
  at <TabPanel header="Build" class="h-full" > 
  at <TabView class="h-full tinker-plants-tabs" > 
  at <TinkerPlants ref="VTU_COMPONENT" > 
  at <VTUROOT>
[Vue warn]: Property "$primevue" was accessed during render but is not defined on instance. 
  at <Dropdown id="Right Wrist-faded" modelValue=null onUpdate:modelValue=fn<onUpdate:modelValue>  ... > 
  at <TabPanel header="Build" class="h-full" > 
  at <TabView class="h-full tinker-plants-tabs" > 
  at <TinkerPlants ref="VTU_COMPONENT" > 
  at <VTUROOT>
[Vue warn]: Property "$primevue" was accessed during render but is not defined on instance. 
  at <InputNumber id="Right Wrist-ql" modelValue=200 onUpdate:modelValue=fn<onUpdate:modelValue>  ... > 
  at <TabPanel header="Build" class="h-full" > 
  at <TabView class="h-full tinker-plants-tabs" > 
  at <TinkerPlants ref="VTU_COMPONENT" > 
  at <VTUROOT>
[Vue warn]: Property "$primevue" was accessed during render but is not defined on instance. 
  at <Dropdown id="Waist-shiny" modelValue=null onUpdate:modelValue=fn<onUpdate:modelValue>  ... > 
  at <TabPanel header="Build" class="h-full" > 
  at <TabView class="h-full tinker-plants-tabs" > 
  at <TinkerPlants ref="VTU_COMPONENT" > 
  at <VTUROOT>
[Vue warn]: Property "$primevue" was accessed during render but is not defined on instance. 
  at <Dropdown id="Waist-bright" modelValue=null onUpdate:modelValue=fn<onUpdate:modelValue>  ... > 
  at <TabPanel header="Build" class="h-full" > 
  at <TabView class="h-full tinker-plants-tabs" > 
  at <TinkerPlants ref="VTU_COMPONENT" > 
  at <VTUROOT>
[Vue warn]: Property "$primevue" was accessed during render but is not defined on instance. 
  at <Dropdown id="Waist-faded" modelValue=null onUpdate:modelValue=fn<onUpdate:modelValue>  ... > 
  at <TabPanel header="Build" class="h-full" > 
  at <TabView class="h-full tinker-plants-tabs" > 
  at <TinkerPlants ref="VTU_COMPONENT" > 
  at <VTUROOT>
[Vue warn]: Property "$primevue" was accessed during render but is not defined on instance. 
  at <InputNumber id="Waist-ql" modelValue=200 onUpdate:modelValue=fn<onUpdate:modelValue>  ... > 
  at <TabPanel header="Build" class="h-full" > 
  at <TabView class="h-full tinker-plants-tabs" > 
  at <TinkerPlants ref="VTU_COMPONENT" > 
  at <VTUROOT>
[Vue warn]: Property "$primevue" was accessed during render but is not defined on instance. 
  at <Dropdown id="Left Wrist-shiny" modelValue=null onUpdate:modelValue=fn<onUpdate:modelValue>  ... > 
  at <TabPanel header="Build" class="h-full" > 
  at <TabView class="h-full tinker-plants-tabs" > 
  at <TinkerPlants ref="VTU_COMPONENT" > 
  at <VTUROOT>
[Vue warn]: Property "$primevue" was accessed during render but is not defined on instance. 
  at <Dropdown id="Left Wrist-bright" modelValue=null onUpdate:modelValue=fn<onUpdate:modelValue>  ... > 
  at <TabPanel header="Build" class="h-full" > 
  at <TabView class="h-full tinker-plants-tabs" > 
  at <TinkerPlants ref="VTU_COMPONENT" > 
  at <VTUROOT>
[Vue warn]: Property "$primevue" was accessed during render but is not defined on instance. 
  at <Dropdown id="Left Wrist-faded" modelValue=null onUpdate:modelValue=fn<onUpdate:modelValue>  ... > 
  at <TabPanel header="Build" class="h-full" > 
  at <TabView class="h-full tinker-plants-tabs" > 
  at <TinkerPlants ref="VTU_COMPONENT" > 
  at <VTUROOT>
[Vue warn]: Property "$primevue" was accessed during render but is not defined on instance. 
  at <InputNumber id="Left Wrist-ql" modelValue=200 onUpdate:modelValue=fn<onUpdate:modelValue>  ... > 
  at <TabPanel header="Build" class="h-full" > 
  at <TabView class="h-full tinker-plants-tabs" > 
  at <TinkerPlants ref="VTU_COMPONENT" > 
  at <VTUROOT>
[Vue warn]: Property "$primevue" was accessed during render but is not defined on instance. 
  at <Dropdown id="Right Hand-shiny" modelValue=null onUpdate:modelValue=fn<onUpdate:modelValue>  ... > 
  at <TabPanel header="Build" class="h-full" > 
  at <TabView class="h-full tinker-plants-tabs" > 
  at <TinkerPlants ref="VTU_COMPONENT" > 
  at <VTUROOT>
[Vue warn]: Property "$primevue" was accessed during render but is not defined on instance. 
  at <Dropdown id="Right Hand-bright" modelValue=null onUpdate:modelValue=fn<onUpdate:modelValue>  ... > 
  at <TabPanel header="Build" class="h-full" > 
  at <TabView class="h-full tinker-plants-tabs" > 
  at <TinkerPlants ref="VTU_COMPONENT" > 
  at <VTUROOT>
[Vue warn]: Property "$primevue" was accessed during render but is not defined on instance. 
  at <Dropdown id="Right Hand-faded" modelValue=null onUpdate:modelValue=fn<onUpdate:modelValue>  ... > 
  at <TabPanel header="Build" class="h-full" > 
  at <TabView class="h-full tinker-plants-tabs" > 
  at <TinkerPlants ref="VTU_COMPONENT" > 
  at <VTUROOT>
[Vue warn]: Property "$primevue" was accessed during render but is not defined on instance. 
  at <InputNumber id="Right Hand-ql" modelValue=200 onUpdate:modelValue=fn<onUpdate:modelValue>  ... > 
  at <TabPanel header="Build" class="h-full" > 
  at <TabView class="h-full tinker-plants-tabs" > 
  at <TinkerPlants ref="VTU_COMPONENT" > 
  at <VTUROOT>
[Vue warn]: Property "$primevue" was accessed during render but is not defined on instance. 
  at <Dropdown id="Leg-shiny" modelValue=null onUpdate:modelValue=fn<onUpdate:modelValue>  ... > 
  at <TabPanel header="Build" class="h-full" > 
  at <TabView class="h-full tinker-plants-tabs" > 
  at <TinkerPlants ref="VTU_COMPONENT" > 
  at <VTUROOT>
[Vue warn]: Property "$primevue" was accessed during render but is not defined on instance. 
  at <Dropdown id="Leg-bright" modelValue=null onUpdate:modelValue=fn<onUpdate:modelValue>  ... > 
  at <TabPanel header="Build" class="h-full" > 
  at <TabView class="h-full tinker-plants-tabs" > 
  at <TinkerPlants ref="VTU_COMPONENT" > 
  at <VTUROOT>
[Vue warn]: Property "$primevue" was accessed during render but is not defined on instance. 
  at <Dropdown id="Leg-faded" modelValue=null onUpdate:modelValue=fn<onUpdate:modelValue>  ... > 
  at <TabPanel header="Build" class="h-full" > 
  at <TabView class="h-full tinker-plants-tabs" > 
  at <TinkerPlants ref="VTU_COMPONENT" > 
  at <VTUROOT>
[Vue warn]: Property "$primevue" was accessed during render but is not defined on instance. 
  at <InputNumber id="Leg-ql" modelValue=200 onUpdate:modelValue=fn<onUpdate:modelValue>  ... > 
  at <TabPanel header="Build" class="h-full" > 
  at <TabView class="h-full tinker-plants-tabs" > 
  at <TinkerPlants ref="VTU_COMPONENT" > 
  at <VTUROOT>
[Vue warn]: Property "$primevue" was accessed during render but is not defined on instance. 
  at <Dropdown id="Left Hand-shiny" modelValue=null onUpdate:modelValue=fn<onUpdate:modelValue>  ... > 
  at <TabPanel header="Build" class="h-full" > 
  at <TabView class="h-full tinker-plants-tabs" > 
  at <TinkerPlants ref="VTU_COMPONENT" > 
  at <VTUROOT>
[Vue warn]: Property "$primevue" was accessed during render but is not defined on instance. 
  at <Dropdown id="Left Hand-bright" modelValue=null onUpdate:modelValue=fn<onUpdate:modelValue>  ... > 
  at <TabPanel header="Build" class="h-full" > 
  at <TabView class="h-full tinker-plants-tabs" > 
  at <TinkerPlants ref="VTU_COMPONENT" > 
  at <VTUROOT>
[Vue warn]: Property "$primevue" was accessed during render but is not defined on instance. 
  at <Dropdown id="Left Hand-faded" modelValue=null onUpdate:modelValue=fn<onUpdate:modelValue>  ... > 
  at <TabPanel header="Build" class="h-full" > 
  at <TabView class="h-full tinker-plants-tabs" > 
  at <TinkerPlants ref="VTU_COMPONENT" > 
  at <VTUROOT>
[Vue warn]: Property "$primevue" was accessed during render but is not defined on instance. 
  at <InputNumber id="Left Hand-ql" modelValue=200 onUpdate:modelValue=fn<onUpdate:modelValue>  ... > 
  at <TabPanel header="Build" class="h-full" > 
  at <TabView class="h-full tinker-plants-tabs" > 
  at <TinkerPlants ref="VTU_COMPONENT" > 
  at <VTUROOT>
[Vue warn]: Property "$primevue" was accessed during render but is not defined on instance. 
  at <Dropdown id="Feet-shiny" modelValue=null onUpdate:modelValue=fn<onUpdate:modelValue>  ... > 
  at <TabPanel header="Build" class="h-full" > 
  at <TabView class="h-full tinker-plants-tabs" > 
  at <TinkerPlants ref="VTU_COMPONENT" > 
  at <VTUROOT>
[Vue warn]: Property "$primevue" was accessed during render but is not defined on instance. 
  at <Dropdown id="Feet-bright" modelValue=null onUpdate:modelValue=fn<onUpdate:modelValue>  ... > 
  at <TabPanel header="Build" class="h-full" > 
  at <TabView class="h-full tinker-plants-tabs" > 
  at <TinkerPlants ref="VTU_COMPONENT" > 
  at <VTUROOT>
[Vue warn]: Property "$primevue" was accessed during render but is not defined on instance. 
  at <Dropdown id="Feet-faded" modelValue=null onUpdate:modelValue=fn<onUpdate:modelValue>  ... > 
  at <TabPanel header="Build" class="h-full" > 
  at <TabView class="h-full tinker-plants-tabs" > 
  at <TinkerPlants ref="VTU_COMPONENT" > 
  at <VTUROOT>
[Vue warn]: Property "$primevue" was accessed during render but is not defined on instance. 
  at <InputNumber id="Feet-ql" modelValue=200 onUpdate:modelValue=fn<onUpdate:modelValue>  ... > 
  at <TabPanel header="Build" class="h-full" > 
  at <TabView class="h-full tinker-plants-tabs" > 
  at <TinkerPlants ref="VTU_COMPONENT" > 
  at <VTUROOT>
[Vue warn]: Extraneous non-props attributes (class) were passed to component but could not be automatically inherited because component renders fragment or text root nodes. 
  at <TabPanel header="Construction" class="h-full" > 
  at <TabView class="h-full tinker-plants-tabs" > 
  at <TinkerPlants ref="VTU_COMPONENT" > 
  at <VTUROOT>
[Vue warn]: Extraneous non-props attributes (class) were passed to component but could not be automatically inherited because component renders fragment or text root nodes. 
  at <TabPanel header="Build" class="h-full" > 
  at <TabView class="h-full tinker-plants-tabs" > 
  at <TinkerPlants ref="VTU_COMPONENT" > 
  at <VTUROOT>
[Vue warn]: Property "$primevue" was accessed during render but is not defined on instance. 
  at <Dropdown id="Eye-shiny" modelValue=null onUpdate:modelValue=fn<onUpdate:modelValue>  ... > 
  at <TabPanel header="Build" class="h-full" > 
  at <TabView class="h-full tinker-plants-tabs" > 
  at <TinkerPlants ref="VTU_COMPONENT" > 
  at <VTUROOT>
[Vue warn]: Property "$primevue" was accessed during render but is not defined on instance. 
  at <Dropdown id="Eye-bright" modelValue=null onUpdate:modelValue=fn<onUpdate:modelValue>  ... > 
  at <TabPanel header="Build" class="h-full" > 
  at <TabView class="h-full tinker-plants-tabs" > 
  at <TinkerPlants ref="VTU_COMPONENT" > 
  at <VTUROOT>
[Vue warn]: Property "$primevue" was accessed during render but is not defined on instance. 
  at <Dropdown id="Eye-faded" modelValue=null onUpdate:modelValue=fn<onUpdate:modelValue>  ... > 
  at <TabPanel header="Build" class="h-full" > 
  at <TabView class="h-full tinker-plants-tabs" > 
  at <TinkerPlants ref="VTU_COMPONENT" > 
  at <VTUROOT>
[Vue warn]: Property "$primevue" was accessed during render but is not defined on instance. 
  at <Dropdown id="Head-shiny" modelValue=null onUpdate:modelValue=fn<onUpdate:modelValue>  ... > 
  at <TabPanel header="Build" class="h-full" > 
  at <TabView class="h-full tinker-plants-tabs" > 
  at <TinkerPlants ref="VTU_COMPONENT" > 
  at <VTUROOT>
[Vue warn]: Property "$primevue" was accessed during render but is not defined on instance. 
  at <Dropdown id="Head-bright" modelValue=null onUpdate:modelValue=fn<onUpdate:modelValue>  ... > 
  at <TabPanel header="Build" class="h-full" > 
  at <TabView class="h-full tinker-plants-tabs" > 
  at <TinkerPlants ref="VTU_COMPONENT" > 
  at <VTUROOT>
[Vue warn]: Property "$primevue" was accessed during render but is not defined on instance. 
  at <Dropdown id="Head-faded" modelValue=null onUpdate:modelValue=fn<onUpdate:modelValue>  ... > 
  at <TabPanel header="Build" class="h-full" > 
  at <TabView class="h-full tinker-plants-tabs" > 
  at <TinkerPlants ref="VTU_COMPONENT" > 
  at <VTUROOT>
[Vue warn]: Property "$primevue" was accessed during render but is not defined on instance. 
  at <Dropdown id="Ear-shiny" modelValue=null onUpdate:modelValue=fn<onUpdate:modelValue>  ... > 
  at <TabPanel header="Build" class="h-full" > 
  at <TabView class="h-full tinker-plants-tabs" > 
  at <TinkerPlants ref="VTU_COMPONENT" > 
  at <VTUROOT>
[Vue warn]: Property "$primevue" was accessed during render but is not defined on instance. 
  at <Dropdown id="Ear-bright" modelValue=null onUpdate:modelValue=fn<onUpdate:modelValue>  ... > 
  at <TabPanel header="Build" class="h-full" > 
  at <TabView class="h-full tinker-plants-tabs" > 
  at <TinkerPlants ref="VTU_COMPONENT" > 
  at <VTUROOT>
[Vue warn]: Property "$primevue" was accessed during render but is not defined on instance. 
  at <Dropdown id="Ear-faded" modelValue=null onUpdate:modelValue=fn<onUpdate:modelValue>  ... > 
  at <TabPanel header="Build" class="h-full" > 
  at <TabView class="h-full tinker-plants-tabs" > 
  at <TinkerPlants ref="VTU_COMPONENT" > 
  at <VTUROOT>
[Vue warn]: Property "$primevue" was accessed during render but is not defined on instance. 
  at <Dropdown id="Right Arm-shiny" modelValue=null onUpdate:modelValue=fn<onUpdate:modelValue>  ... > 
  at <TabPanel header="Build" class="h-full" > 
  at <TabView class="h-full tinker-plants-tabs" > 
  at <TinkerPlants ref="VTU_COMPONENT" > 
  at <VTUROOT>
[Vue warn]: Property "$primevue" was accessed during render but is not defined on instance. 
  at <Dropdown id="Right Arm-bright" modelValue=null onUpdate:modelValue=fn<onUpdate:modelValue>  ... > 
  at <TabPanel header="Build" class="h-full" > 
  at <TabView class="h-full tinker-plants-tabs" > 
  at <TinkerPlants ref="VTU_COMPONENT" > 
  at <VTUROOT>
[Vue warn]: Property "$primevue" was accessed during render but is not defined on instance. 
  at <Dropdown id="Right Arm-faded" modelValue=null onUpdate:modelValue=fn<onUpdate:modelValue>  ... > 
  at <TabPanel header="Build" class="h-full" > 
  at <TabView class="h-full tinker-plants-tabs" > 
  at <TinkerPlants ref="VTU_COMPONENT" > 
  at <VTUROOT>
[Vue warn]: Property "$primevue" was accessed during render but is not defined on instance. 
  at <Dropdown id="Chest-shiny" modelValue=null onUpdate:modelValue=fn<onUpdate:modelValue>  ... > 
  at <TabPanel header="Build" class="h-full" > 
  at <TabView class="h-full tinker-plants-tabs" > 
  at <TinkerPlants ref="VTU_COMPONENT" > 
  at <VTUROOT>
[Vue warn]: Property "$primevue" was accessed during render but is not defined on instance. 
  at <Dropdown id="Chest-bright" modelValue=null onUpdate:modelValue=fn<onUpdate:modelValue>  ... > 
  at <TabPanel header="Build" class="h-full" > 
  at <TabView class="h-full tinker-plants-tabs" > 
  at <TinkerPlants ref="VTU_COMPONENT" > 
  at <VTUROOT>
[Vue warn]: Property "$primevue" was accessed during render but is not defined on instance. 
  at <Dropdown id="Chest-faded" modelValue=null onUpdate:modelValue=fn<onUpdate:modelValue>  ... > 
  at <TabPanel header="Build" class="h-full" > 
  at <TabView class="h-full tinker-plants-tabs" > 
  at <TinkerPlants ref="VTU_COMPONENT" > 
  at <VTUROOT>
[Vue warn]: Property "$primevue" was accessed during render but is not defined on instance. 
  at <Dropdown id="Left Arm-shiny" modelValue=null onUpdate:modelValue=fn<onUpdate:modelValue>  ... > 
  at <TabPanel header="Build" class="h-full" > 
  at <TabView class="h-full tinker-plants-tabs" > 
  at <TinkerPlants ref="VTU_COMPONENT" > 
  at <VTUROOT>
[Vue warn]: Property "$primevue" was accessed during render but is not defined on instance. 
  at <Dropdown id="Left Arm-bright" modelValue=null onUpdate:modelValue=fn<onUpdate:modelValue>  ... > 
  at <TabPanel header="Build" class="h-full" > 
  at <TabView class="h-full tinker-plants-tabs" > 
  at <TinkerPlants ref="VTU_COMPONENT" > 
  at <VTUROOT>
[Vue warn]: Property "$primevue" was accessed during render but is not defined on instance. 
  at <Dropdown id="Left Arm-faded" modelValue=null onUpdate:modelValue=fn<onUpdate:modelValue>  ... > 
  at <TabPanel header="Build" class="h-full" > 
  at <TabView class="h-full tinker-plants-tabs" > 
  at <TinkerPlants ref="VTU_COMPONENT" > 
  at <VTUROOT>
[Vue warn]: Property "$primevue" was accessed during render but is not defined on instance. 
  at <Dropdown id="Right Wrist-shiny" modelValue=null onUpdate:modelValue=fn<onUpdate:modelValue>  ... > 
  at <TabPanel header="Build" class="h-full" > 
  at <TabView class="h-full tinker-plants-tabs" > 
  at <TinkerPlants ref="VTU_COMPONENT" > 
  at <VTUROOT>
[Vue warn]: Property "$primevue" was accessed during render but is not defined on instance. 
  at <Dropdown id="Right Wrist-bright" modelValue=null onUpdate:modelValue=fn<onUpdate:modelValue>  ... > 
  at <TabPanel header="Build" class="h-full" > 
  at <TabView class="h-full tinker-plants-tabs" > 
  at <TinkerPlants ref="VTU_COMPONENT" > 
  at <VTUROOT>
[Vue warn]: Property "$primevue" was accessed during render but is not defined on instance. 
  at <Dropdown id="Right Wrist-faded" modelValue=null onUpdate:modelValue=fn<onUpdate:modelValue>  ... > 
  at <TabPanel header="Build" class="h-full" > 
  at <TabView class="h-full tinker-plants-tabs" > 
  at <TinkerPlants ref="VTU_COMPONENT" > 
  at <VTUROOT>
[Vue warn]: Property "$primevue" was accessed during render but is not defined on instance. 
  at <Dropdown id="Waist-shiny" modelValue=null onUpdate:modelValue=fn<onUpdate:modelValue>  ... > 
  at <TabPanel header="Build" class="h-full" > 
  at <TabView class="h-full tinker-plants-tabs" > 
  at <TinkerPlants ref="VTU_COMPONENT" > 
  at <VTUROOT>
[Vue warn]: Property "$primevue" was accessed during render but is not defined on instance. 
  at <Dropdown id="Waist-bright" modelValue=null onUpdate:modelValue=fn<onUpdate:modelValue>  ... > 
  at <TabPanel header="Build" class="h-full" > 
  at <TabView class="h-full tinker-plants-tabs" > 
  at <TinkerPlants ref="VTU_COMPONENT" > 
  at <VTUROOT>
[Vue warn]: Property "$primevue" was accessed during render but is not defined on instance. 
  at <Dropdown id="Waist-faded" modelValue=null onUpdate:modelValue=fn<onUpdate:modelValue>  ... > 
  at <TabPanel header="Build" class="h-full" > 
  at <TabView class="h-full tinker-plants-tabs" > 
  at <TinkerPlants ref="VTU_COMPONENT" > 
  at <VTUROOT>
[Vue warn]: Property "$primevue" was accessed during render but is not defined on instance. 
  at <Dropdown id="Left Wrist-shiny" modelValue=null onUpdate:modelValue=fn<onUpdate:modelValue>  ... > 
  at <TabPanel header="Build" class="h-full" > 
  at <TabView class="h-full tinker-plants-tabs" > 
  at <TinkerPlants ref="VTU_COMPONENT" > 
  at <VTUROOT>
[Vue warn]: Property "$primevue" was accessed during render but is not defined on instance. 
  at <Dropdown id="Left Wrist-bright" modelValue=null onUpdate:modelValue=fn<onUpdate:modelValue>  ... > 
  at <TabPanel header="Build" class="h-full" > 
  at <TabView class="h-full tinker-plants-tabs" > 
  at <TinkerPlants ref="VTU_COMPONENT" > 
  at <VTUROOT>
[Vue warn]: Property "$primevue" was accessed during render but is not defined on instance. 
  at <Dropdown id="Left Wrist-faded" modelValue=null onUpdate:modelValue=fn<onUpdate:modelValue>  ... > 
  at <TabPanel header="Build" class="h-full" > 
  at <TabView class="h-full tinker-plants-tabs" > 
  at <TinkerPlants ref="VTU_COMPONENT" > 
  at <VTUROOT>
[Vue warn]: Property "$primevue" was accessed during render but is not defined on instance. 
  at <Dropdown id="Right Hand-shiny" modelValue=null onUpdate:modelValue=fn<onUpdate:modelValue>  ... > 
  at <TabPanel header="Build" class="h-full" > 
  at <TabView class="h-full tinker-plants-tabs" > 
  at <TinkerPlants ref="VTU_COMPONENT" > 
  at <VTUROOT>
[Vue warn]: Property "$primevue" was accessed during render but is not defined on instance. 
  at <Dropdown id="Right Hand-bright" modelValue=null onUpdate:modelValue=fn<onUpdate:modelValue>  ... > 
  at <TabPanel header="Build" class="h-full" > 
  at <TabView class="h-full tinker-plants-tabs" > 
  at <TinkerPlants ref="VTU_COMPONENT" > 
  at <VTUROOT>
[Vue warn]: Property "$primevue" was accessed during render but is not defined on instance. 
  at <Dropdown id="Right Hand-faded" modelValue=null onUpdate:modelValue=fn<onUpdate:modelValue>  ... > 
  at <TabPanel header="Build" class="h-full" > 
  at <TabView class="h-full tinker-plants-tabs" > 
  at <TinkerPlants ref="VTU_COMPONENT" > 
  at <VTUROOT>
[Vue warn]: Property "$primevue" was accessed during render but is not defined on instance. 
  at <Dropdown id="Leg-shiny" modelValue=null onUpdate:modelValue=fn<onUpdate:modelValue>  ... > 
  at <TabPanel header="Build" class="h-full" > 
  at <TabView class="h-full tinker-plants-tabs" > 
  at <TinkerPlants ref="VTU_COMPONENT" > 
  at <VTUROOT>
[Vue warn]: Property "$primevue" was accessed during render but is not defined on instance. 
  at <Dropdown id="Leg-bright" modelValue=null onUpdate:modelValue=fn<onUpdate:modelValue>  ... > 
  at <TabPanel header="Build" class="h-full" > 
  at <TabView class="h-full tinker-plants-tabs" > 
  at <TinkerPlants ref="VTU_COMPONENT" > 
  at <VTUROOT>
[Vue warn]: Property "$primevue" was accessed during render but is not defined on instance. 
  at <Dropdown id="Leg-faded" modelValue=null onUpdate:modelValue=fn<onUpdate:modelValue>  ... > 
  at <TabPanel header="Build" class="h-full" > 
  at <TabView class="h-full tinker-plants-tabs" > 
  at <TinkerPlants ref="VTU_COMPONENT" > 
  at <VTUROOT>
[Vue warn]: Property "$primevue" was accessed during render but is not defined on instance. 
  at <Dropdown id="Left Hand-shiny" modelValue=null onUpdate:modelValue=fn<onUpdate:modelValue>  ... > 
  at <TabPanel header="Build" class="h-full" > 
  at <TabView class="h-full tinker-plants-tabs" > 
  at <TinkerPlants ref="VTU_COMPONENT" > 
  at <VTUROOT>
[Vue warn]: Property "$primevue" was accessed during render but is not defined on instance. 
  at <Dropdown id="Left Hand-bright" modelValue=null onUpdate:modelValue=fn<onUpdate:modelValue>  ... > 
  at <TabPanel header="Build" class="h-full" > 
  at <TabView class="h-full tinker-plants-tabs" > 
  at <TinkerPlants ref="VTU_COMPONENT" > 
  at <VTUROOT>
[Vue warn]: Property "$primevue" was accessed during render but is not defined on instance. 
  at <Dropdown id="Left Hand-faded" modelValue=null onUpdate:modelValue=fn<onUpdate:modelValue>  ... > 
  at <TabPanel header="Build" class="h-full" > 
  at <TabView class="h-full tinker-plants-tabs" > 
  at <TinkerPlants ref="VTU_COMPONENT" > 
  at <VTUROOT>
[Vue warn]: Property "$primevue" was accessed during render but is not defined on instance. 
  at <Dropdown id="Feet-shiny" modelValue=null onUpdate:modelValue=fn<onUpdate:modelValue>  ... > 
  at <TabPanel header="Build" class="h-full" > 
  at <TabView class="h-full tinker-plants-tabs" > 
  at <TinkerPlants ref="VTU_COMPONENT" > 
  at <VTUROOT>
[Vue warn]: Property "$primevue" was accessed during render but is not defined on instance. 
  at <Dropdown id="Feet-bright" modelValue=null onUpdate:modelValue=fn<onUpdate:modelValue>  ... > 
  at <TabPanel header="Build" class="h-full" > 
  at <TabView class="h-full tinker-plants-tabs" > 
  at <TinkerPlants ref="VTU_COMPONENT" > 
  at <VTUROOT>
[Vue warn]: Property "$primevue" was accessed during render but is not defined on instance. 
  at <Dropdown id="Feet-faded" modelValue=null onUpdate:modelValue=fn<onUpdate:modelValue>  ... > 
  at <TabPanel header="Build" class="h-full" > 
  at <TabView class="h-full tinker-plants-tabs" > 
  at <TinkerPlants ref="VTU_COMPONENT" > 
  at <VTUROOT>
[Vue warn]: Extraneous non-props attributes (class) were passed to component but could not be automatically inherited because component renders fragment or text root nodes. 
  at <TabPanel header="Construction" class="h-full" > 
  at <TabView class="h-full tinker-plants-tabs" > 
  at <TinkerPlants ref="VTU_COMPONENT" > 
  at <VTUROOT>

stderr | src/__tests__/views/TinkerPlants.simple.test.ts > TinkerPlants - Simple Tests > Methods > onImplantChange announces clears
[Vue warn]: Property "$primevue" was accessed during render but is not defined on instance. 
  at <InputNumber id="ql-input" modelValue=200 onUpdate:modelValue=fn  ... > 
  at <TinkerPlants ref="VTU_COMPONENT" > 
  at <VTUROOT>
[Vue warn]: Extraneous non-props attributes (class) were passed to component but could not be automatically inherited because component renders fragment or text root nodes. 
  at <TabPanel header="Build" class="h-full" > 
  at <TabView class="h-full tinker-plants-tabs" > 
  at <TinkerPlants ref="VTU_COMPONENT" > 
  at <VTUROOT>
[Vue warn]: Property "$primevue" was accessed during render but is not defined on instance. 
  at <Dropdown id="Eye-shiny" modelValue=null onUpdate:modelValue=fn<onUpdate:modelValue>  ... > 
  at <TabPanel header="Build" class="h-full" > 
  at <TabView class="h-full tinker-plants-tabs" > 
  at <TinkerPlants ref="VTU_COMPONENT" > 
  at <VTUROOT>
[Vue warn]: Property "$primevue" was accessed during render but is not defined on instance. 
  at <Dropdown id="Eye-bright" modelValue=null onUpdate:modelValue=fn<onUpdate:modelValue>  ... > 
  at <TabPanel header="Build" class="h-full" > 
  at <TabView class="h-full tinker-plants-tabs" > 
  at <TinkerPlants ref="VTU_COMPONENT" > 
  at <VTUROOT>
[Vue warn]: Property "$primevue" was accessed during render but is not defined on instance. 
  at <Dropdown id="Eye-faded" modelValue=null onUpdate:modelValue=fn<onUpdate:modelValue>  ... > 
  at <TabPanel header="Build" class="h-full" > 
  at <TabView class="h-full tinker-plants-tabs" > 
  at <TinkerPlants ref="VTU_COMPONENT" > 
  at <VTUROOT>
[Vue warn]: Property "$primevue" was accessed during render but is not defined on instance. 
  at <InputNumber id="Eye-ql" modelValue=200 onUpdate:modelValue=fn<onUpdate:modelValue>  ... > 
  at <TabPanel header="Build" class="h-full" > 
  at <TabView class="h-full tinker-plants-tabs" > 
  at <TinkerPlants ref="VTU_COMPONENT" > 
  at <VTUROOT>
[Vue warn]: Property "$primevue" was accessed during render but is not defined on instance. 
  at <Dropdown id="Head-shiny" modelValue=null onUpdate:modelValue=fn<onUpdate:modelValue>  ... > 
  at <TabPanel header="Build" class="h-full" > 
  at <TabView class="h-full tinker-plants-tabs" > 
  at <TinkerPlants ref="VTU_COMPONENT" > 
  at <VTUROOT>
[Vue warn]: Property "$primevue" was accessed during render but is not defined on instance. 
  at <Dropdown id="Head-bright" modelValue=null onUpdate:modelValue=fn<onUpdate:modelValue>  ... > 
  at <TabPanel header="Build" class="h-full" > 
  at <TabView class="h-full tinker-plants-tabs" > 
  at <TinkerPlants ref="VTU_COMPONENT" > 
  at <VTUROOT>
[Vue warn]: Property "$primevue" was accessed during render but is not defined on instance. 
  at <Dropdown id="Head-faded" modelValue=null onUpdate:modelValue=fn<onUpdate:modelValue>  ... > 
  at <TabPanel header="Build" class="h-full" > 
  at <TabView class="h-full tinker-plants-tabs" > 
  at <TinkerPlants ref="VTU_COMPONENT" > 
  at <VTUROOT>
[Vue warn]: Property "$primevue" was accessed during render but is not defined on instance. 
  at <InputNumber id="Head-ql" modelValue=200 onUpdate:modelValue=fn<onUpdate:modelValue>  ... > 
  at <TabPanel header="Build" class="h-full" > 
  at <TabView class="h-full tinker-plants-tabs" > 
  at <TinkerPlants ref="VTU_COMPONENT" > 
  at <VTUROOT>
[Vue warn]: Property "$primevue" was accessed during render but is not defined on instance. 
  at <Dropdown id="Ear-shiny" modelValue=null onUpdate:modelValue=fn<onUpdate:modelValue>  ... > 
  at <TabPanel header="Build" class="h-full" > 
  at <TabView class="h-full tinker-plants-tabs" > 
  at <TinkerPlants ref="VTU_COMPONENT" > 
  at <VTUROOT>
[Vue warn]: Property "$primevue" was accessed during render but is not defined on instance. 
  at <Dropdown id="Ear-bright" modelValue=null onUpdate:modelValue=fn<onUpdate:modelValue>  ... > 
  at <TabPanel header="Build" class="h-full" > 
  at <TabView class="h-full tinker-plants-tabs" > 
  at <TinkerPlants ref="VTU_COMPONENT" > 
  at <VTUROOT>
[Vue warn]: Property "$primevue" was accessed during render but is not defined on instance. 
  at <Dropdown id="Ear-faded" modelValue=null onUpdate:modelValue=fn<onUpdate:modelValue>  ... > 
  at <TabPanel header="Build" class="h-full" > 
  at <TabView class="h-full tinker-plants-tabs" > 
  at <TinkerPlants ref="VTU_COMPONENT" > 
  at <VTUROOT>
[Vue warn]: Property "$primevue" was accessed during render but is not defined on instance. 
  at <InputNumber id="Ear-ql" modelValue=200 onUpdate:modelValue=fn<onUpdate:modelValue>  ... > 
  at <TabPanel header="Build" class="h-full" > 
  at <TabView class="h-full tinker-plants-tabs" > 
  at <TinkerPlants ref="VTU_COMPONENT" > 
  at <VTUROOT>
[Vue warn]: Property "$primevue" was accessed during render but is not defined on instance. 
  at <Dropdown id="Right Arm-shiny" modelValue=null onUpdate:modelValue=fn<onUpdate:modelValue>  ... > 
  at <TabPanel header="Build" class="h-full" > 
  at <TabView class="h-full tinker-plants-tabs" > 
  at <TinkerPlants ref="VTU_COMPONENT" > 
  at <VTUROOT>
[Vue warn]: Property "$primevue" was accessed during render but is not defined on instance. 
  at <Dropdown id="Right Arm-bright" modelValue=null onUpdate:modelValue=fn<onUpdate:modelValue>  ... > 
  at <TabPanel header="Build" class="h-full" > 
  at <TabView class="h-full tinker-plants-tabs" > 
  at <TinkerPlants ref="VTU_COMPONENT" > 
  at <VTUROOT>
[Vue warn]: Property "$primevue" was accessed during render but is not defined on instance. 
  at <Dropdown id="Right Arm-faded" modelValue=null onUpdate:modelValue=fn<onUpdate:modelValue>  ... > 
  at <TabPanel header="Build" class="h-full" > 
  at <TabView class="h-full tinker-plants-tabs" > 
  at <TinkerPlants ref="VTU_COMPONENT" > 
  at <VTUROOT>
[Vue warn]: Property "$primevue" was accessed during render but is not defined on instance. 
  at <InputNumber id="Right Arm-ql" modelValue=200 onUpdate:modelValue=fn<onUpdate:modelValue>  ... > 
  at <TabPanel header="Build" class="h-full" > 
  at <TabView class="h-full tinker-plants-tabs" > 
  at <TinkerPlants ref="VTU_COMPONENT" > 
  at <VTUROOT>
[Vue warn]: Property "$primevue" was accessed during render but is not defined on instance. 
  at <Dropdown id="Chest-shiny" modelValue=null onUpdate:modelValue=fn<onUpdate:modelValue>  ... > 
  at <TabPanel header="Build" class="h-full" > 
  at <TabView class="h-full tinker-plants-tabs" > 
  at <TinkerPlants ref="VTU_COMPONENT" > 
  at <VTUROOT>
[Vue warn]: Property "$primevue" was accessed during render but is not defined on instance. 
  at <Dropdown id="Chest-bright" modelValue=null onUpdate:modelValue=fn<onUpdate:modelValue>  ... > 
  at <TabPanel header="Build" class="h-full" > 
  at <TabView class="h-full tinker-plants-tabs" > 
  at <TinkerPlants ref="VTU_COMPONENT" > 
  at <VTUROOT>
[Vue warn]: Property "$primevue" was accessed during render but is not defined on instance. 
  at <Dropdown id="Chest-faded" modelValue=null onUpdate:modelValue=fn<onUpdate:modelValue>  ... > 
  at <TabPanel header="Build" class="h-full" > 
  at <TabView class="h-full tinker-plants-tabs" > 
  at <TinkerPlants ref="VTU_COMPONENT" > 
  at <VTUROOT>
[Vue warn]: Property "$primevue" was accessed during render but is not defined on instance. 
  at <InputNumber id="Chest-ql" modelValue=200 onUpdate:modelValue=fn<onUpdate:modelValue>  ... > 
  at <TabPanel header="Build" class="h-full" > 
  at <TabView class="h-full tinker-plants-tabs" > 
  at <TinkerPlants ref="VTU_COMPONENT" > 
  at <VTUROOT>
[Vue warn]: Property "$primevue" was accessed during render but is not defined on instance. 
  at <Dropdown id="Left Arm-shiny" modelValue=null onUpdate:modelValue=fn<onUpdate:modelValue>  ... > 
  at <TabPanel header="Build" class="h-full" > 
  at <TabView class="h-full tinker-plants-tabs" > 
  at <TinkerPlants ref="VTU_COMPONENT" > 
  at <VTUROOT>
[Vue warn]: Property "$primevue" was accessed during render but is not defined on instance. 
  at <Dropdown id="Left Arm-bright" modelValue=null onUpdate:modelValue=fn<onUpdate:modelValue>  ... > 
  at <TabPanel header="Build" class="h-full" > 
  at <TabView class="h-full tinker-plants-tabs" > 
  at <TinkerPlants ref="VTU_COMPONENT" > 
  at <VTUROOT>
[Vue warn]: Property "$primevue" was accessed during render but is not defined on instance. 
  at <Dropdown id="Left Arm-faded" modelValue=null onUpdate:modelValue=fn<onUpdate:modelValue>  ... > 
  at <TabPanel header="Build" class="h-full" > 
  at <TabView class="h-full tinker-plants-tabs" > 
  at <TinkerPlants ref="VTU_COMPONENT" > 
  at <VTUROOT>
[Vue warn]: Property "$primevue" was accessed during render but is not defined on instance. 
  at <InputNumber id="Left Arm-ql" modelValue=200 onUpdate:modelValue=fn<onUpdate:modelValue>  ... > 
  at <TabPanel header="Build" class="h-full" > 
  at <TabView class="h-full tinker-plants-tabs" > 
  at <TinkerPlants ref="VTU_COMPONENT" > 
  at <VTUROOT>
[Vue warn]: Property "$primevue" was accessed during render but is not defined on instance. 
  at <Dropdown id="Right Wrist-shiny" modelValue=null onUpdate:modelValue=fn<onUpdate:modelValue>  ... > 
  at <TabPanel header="Build" class="h-full" > 
  at <TabView class="h-full tinker-plants-tabs" > 
  at <TinkerPlants ref="VTU_COMPONENT" > 
  at <VTUROOT>
[Vue warn]: Property "$primevue" was accessed during render but is not defined on instance. 
  at <Dropdown id="Right Wrist-bright" modelValue=null onUpdate:modelValue=fn<onUpdate:modelValue>  ... > 
  at <TabPanel header="Build" class="h-full" > 
  at <TabView class="h-full tinker-plants-tabs" > 
  at <TinkerPlants ref="VTU_COMPONENT" > 
  at <VTUROOT>
[Vue warn]: Property "$primevue" was accessed during render but is not defined on instance. 
  at <Dropdown id="Right Wrist-faded" modelValue=null onUpdate:modelValue=fn<onUpdate:modelValue>  ... > 
  at <TabPanel header="Build" class="h-full" > 
  at <TabView class="h-full tinker-plants-tabs" > 
  at <TinkerPlants ref="VTU_COMPONENT" > 
  at <VTUROOT>
[Vue warn]: Property "$primevue" was accessed during render but is not defined on instance. 
  at <InputNumber id="Right Wrist-ql" modelValue=200 onUpdate:modelValue=fn<onUpdate:modelValue>  ... > 
  at <TabPanel header="Build" class="h-full" > 
  at <TabView class="h-full tinker-plants-tabs" > 
  at <TinkerPlants ref="VTU_COMPONENT" > 
  at <VTUROOT>
[Vue warn]: Property "$primevue" was accessed during render but is not defined on instance. 
  at <Dropdown id="Waist-shiny" modelValue=null onUpdate:modelValue=fn<onUpdate:modelValue>  ... > 
  at <TabPanel header="Build" class="h-full" > 
  at <TabView class="h-full tinker-plants-tabs" > 
  at <TinkerPlants ref="VTU_COMPONENT" > 
  at <VTUROOT>
[Vue warn]: Property "$primevue" was accessed during render but is not defined on instance. 
  at <Dropdown id="Waist-bright" modelValue=null onUpdate:modelValue=fn<onUpdate:modelValue>  ... > 
  at <TabPanel header="Build" class="h-full" > 
  at <TabView class="h-full tinker-plants-tabs" > 
  at <TinkerPlants ref="VTU_COMPONENT" > 
  at <VTUROOT>
[Vue warn]: Property "$primevue" was accessed during render but is not defined on instance. 
  at <Dropdown id="Waist-faded" modelValue=null onUpdate:modelValue=fn<onUpdate:modelValue>  ... > 
  at <TabPanel header="Build" class="h-full" > 
  at <TabView class="h-full tinker-plants-tabs" > 
  at <TinkerPlants ref="VTU_COMPONENT" > 
  at <VTUROOT>
[Vue warn]: Property "$primevue" was accessed during render but is not defined on instance. 
  at <InputNumber id="Waist-ql" modelValue=200 onUpdate:modelValue=fn<onUpdate:modelValue>  ... > 
  at <TabPanel header="Build" class="h-full" > 
  at <TabView class="h-full tinker-plants-tabs" > 
  at <TinkerPlants ref="VTU_COMPONENT" > 
  at <VTUROOT>
[Vue warn]: Property "$primevue" was accessed during render but is not defined on instance. 
  at <Dropdown id="Left Wrist-shiny" modelValue=null onUpdate:modelValue=fn<onUpdate:modelValue>  ... > 
  at <TabPanel header="Build" class="h-full" > 
  at <TabView class="h-full tinker-plants-tabs" > 
  at <TinkerPlants ref="VTU_COMPONENT" > 
  at <VTUROOT>
[Vue warn]: Property "$primevue" was accessed during render but is not defined on instance. 
  at <Dropdown id="Left Wrist-bright" modelValue=null onUpdate:modelValue=fn<onUpdate:modelValue>  ... > 
  at <TabPanel header="Build" class="h-full" > 
  at <TabView class="h-full tinker-plants-tabs" > 
  at <TinkerPlants ref="VTU_COMPONENT" > 
  at <VTUROOT>
[Vue warn]: Property "$primevue" was accessed during render but is not defined on instance. 
  at <Dropdown id="Left Wrist-faded" modelValue=null onUpdate:modelValue=fn<onUpdate:modelValue>  ... > 
  at <TabPanel header="Build" class="h-full" > 
  at <TabView class="h-full tinker-plants-tabs" > 
  at <TinkerPlants ref="VTU_COMPONENT" > 
  at <VTUROOT>
[Vue warn]: Property "$primevue" was accessed during render but is not defined on instance. 
  at <InputNumber id="Left Wrist-ql" modelValue=200 onUpdate:modelValue=fn<onUpdate:modelValue>  ... > 
  at <TabPanel header="Build" class="h-full" > 
  at <TabView class="h-full tinker-plants-tabs" > 
  at <TinkerPlants ref="VTU_COMPONENT" > 
  at <VTUROOT>
[Vue warn]: Property "$primevue" was accessed during render but is not defined on instance. 
  at <Dropdown id="Right Hand-shiny" modelValue=null onUpdate:modelValue=fn<onUpdate:modelValue>  ... > 
  at <TabPanel header="Build" class="h-full" > 
  at <TabView class="h-full tinker-plants-tabs" > 
  at <TinkerPlants ref="VTU_COMPONENT" > 
  at <VTUROOT>
[Vue warn]: Property "$primevue" was accessed during render but is not defined on instance. 
  at <Dropdown id="Right Hand-bright" modelValue=null onUpdate:modelValue=fn<onUpdate:modelValue>  ... > 
  at <TabPanel header="Build" class="h-full" > 
  at <TabView class="h-full tinker-plants-tabs" > 
  at <TinkerPlants ref="VTU_COMPONENT" > 
  at <VTUROOT>
[Vue warn]: Property "$primevue" was accessed during render but is not defined on instance. 
  at <Dropdown id="Right Hand-faded" modelValue=null onUpdate:modelValue=fn<onUpdate:modelValue>  ... > 
  at <TabPanel header="Build" class="h-full" > 
  at <TabView class="h-full tinker-plants-tabs" > 
  at <TinkerPlants ref="VTU_COMPONENT" > 
  at <VTUROOT>
[Vue warn]: Property "$primevue" was accessed during render but is not defined on instance. 
  at <InputNumber id="Right Hand-ql" modelValue=200 onUpdate:modelValue=fn<onUpdate:modelValue>  ... > 
  at <TabPanel header="Build" class="h-full" > 
  at <TabView class="h-full tinker-plants-tabs" > 
  at <TinkerPlants ref="VTU_COMPONENT" > 
  at <VTUROOT>
[Vue warn]: Property "$primevue" was accessed during render but is not defined on instance. 
  at <Dropdown id="Leg-shiny" modelValue=null onUpdate:modelValue=fn<onUpdate:modelValue>  ... > 
  at <TabPanel header="Build" class="h-full" > 
  at <TabView class="h-full tinker-plants-tabs" > 
  at <TinkerPlants ref="VTU_COMPONENT" > 
  at <VTUROOT>
[Vue warn]: Property "$primevue" was accessed during render but is not defined on instance. 
  at <Dropdown id="Leg-bright" modelValue=null onUpdate:modelValue=fn<onUpdate:modelValue>  ... > 
  at <TabPanel header="Build" class="h-full" > 
  at <TabView class="h-full tinker-plants-tabs" > 
  at <TinkerPlants ref="VTU_COMPONENT" > 
  at <VTUROOT>
[Vue warn]: Property "$primevue" was accessed during render but is not defined on instance. 
  at <Dropdown id="Leg-faded" modelValue=null onUpdate:modelValue=fn<onUpdate:modelValue>  ... > 
  at <TabPanel header="Build" class="h-full" > 
  at <TabView class="h-full tinker-plants-tabs" > 
  at <TinkerPlants ref="VTU_COMPONENT" > 
  at <VTUROOT>
[Vue warn]: Property "$primevue" was accessed during render but is not defined on instance. 
  at <InputNumber id="Leg-ql" modelValue=200 onUpdate:modelValue=fn<onUpdate:modelValue>  ... > 
  at <TabPanel header="Build" class="h-full" > 
  at <TabView class="h-full tinker-plants-tabs" > 
  at <TinkerPlants ref="VTU_COMPONENT" > 
  at <VTUROOT>
[Vue warn]: Property "$primevue" was accessed during render but is not defined on instance. 
  at <Dropdown id="Left Hand-shiny" modelValue=null onUpdate:modelValue=fn<onUpdate:modelValue>  ... > 
  at <TabPanel header="Build" class="h-full" > 
  at <TabView class="h-full tinker-plants-tabs" > 
  at <TinkerPlants ref="VTU_COMPONENT" > 
  at <VTUROOT>
[Vue warn]: Property "$primevue" was accessed during render but is not defined on instance. 
  at <Dropdown id="Left Hand-bright" modelValue=null onUpdate:modelValue=fn<onUpdate:modelValue>  ... > 
  at <TabPanel header="Build" class="h-full" > 
  at <TabView class="h-full tinker-plants-tabs" > 
  at <TinkerPlants ref="VTU_COMPONENT" > 
  at <VTUROOT>
[Vue warn]: Property "$primevue" was accessed during render but is not defined on instance. 
  at <Dropdown id="Left Hand-faded" modelValue=null onUpdate:modelValue=fn<onUpdate:modelValue>  ... > 
  at <TabPanel header="Build" class="h-full" > 
  at <TabView class="h-full tinker-plants-tabs" > 
  at <TinkerPlants ref="VTU_COMPONENT" > 
  at <VTUROOT>
[Vue warn]: Property "$primevue" was accessed during render but is not defined on instance. 
  at <InputNumber id="Left Hand-ql" modelValue=200 onUpdate:modelValue=fn<onUpdate:modelValue>  ... > 
  at <TabPanel header="Build" class="h-full" > 
  at <TabView class="h-full tinker-plants-tabs" > 
  at <TinkerPlants ref="VTU_COMPONENT" > 
  at <VTUROOT>
[Vue warn]: Property "$primevue" was accessed during render but is not defined on instance. 
  at <Dropdown id="Feet-shiny" modelValue=null onUpdate:modelValue=fn<onUpdate:modelValue>  ... > 
  at <TabPanel header="Build" class="h-full" > 
  at <TabView class="h-full tinker-plants-tabs" > 
  at <TinkerPlants ref="VTU_COMPONENT" > 
  at <VTUROOT>
[Vue warn]: Property "$primevue" was accessed during render but is not defined on instance. 
  at <Dropdown id="Feet-bright" modelValue=null onUpdate:modelValue=fn<onUpdate:modelValue>  ... > 
  at <TabPanel header="Build" class="h-full" > 
  at <TabView class="h-full tinker-plants-tabs" > 
  at <TinkerPlants ref="VTU_COMPONENT" > 
  at <VTUROOT>
[Vue warn]: Property "$primevue" was accessed during render but is not defined on instance. 
  at <Dropdown id="Feet-faded" modelValue=null onUpdate:modelValue=fn<onUpdate:modelValue>  ... > 
  at <TabPanel header="Build" class="h-full" > 
  at <TabView class="h-full tinker-plants-tabs" > 
  at <TinkerPlants ref="VTU_COMPONENT" > 
  at <VTUROOT>
[Vue warn]: Property "$primevue" was accessed during render but is not defined on instance. 
  at <InputNumber id="Feet-ql" modelValue=200 onUpdate:modelValue=fn<onUpdate:modelValue>  ... > 
  at <TabPanel header="Build" class="h-full" > 
  at <TabView class="h-full tinker-plants-tabs" > 
  at <TinkerPlants ref="VTU_COMPONENT" > 
  at <VTUROOT>
[Vue warn]: Extraneous non-props attributes (class) were passed to component but could not be automatically inherited because component renders fragment or text root nodes. 
  at <TabPanel header="Construction" class="h-full" > 
  at <TabView class="h-full tinker-plants-tabs" > 
  at <TinkerPlants ref="VTU_COMPONENT" > 
  at <VTUROOT>
[Vue warn]: Extraneous non-props attributes (class) were passed to component but could not be automatically inherited because component renders fragment or text root nodes. 
  at <TabPanel header="Build" class="h-full" > 
  at <TabView class="h-full tinker-plants-tabs" > 
  at <TinkerPlants ref="VTU_COMPONENT" > 
  at <VTUROOT>
[Vue warn]: Property "$primevue" was accessed during render but is not defined on instance. 
  at <Dropdown id="Eye-shiny" modelValue=null onUpdate:modelValue=fn<onUpdate:modelValue>  ... > 
  at <TabPanel header="Build" class="h-full" > 
  at <TabView class="h-full tinker-plants-tabs" > 
  at <TinkerPlants ref="VTU_COMPONENT" > 
  at <VTUROOT>
[Vue warn]: Property "$primevue" was accessed during render but is not defined on instance. 
  at <Dropdown id="Eye-bright" modelValue=null onUpdate:modelValue=fn<onUpdate:modelValue>  ... > 
  at <TabPanel header="Build" class="h-full" > 
  at <TabView class="h-full tinker-plants-tabs" > 
  at <TinkerPlants ref="VTU_COMPONENT" > 
  at <VTUROOT>
[Vue warn]: Property "$primevue" was accessed during render but is not defined on instance. 
  at <Dropdown id="Eye-faded" modelValue=null onUpdate:modelValue=fn<onUpdate:modelValue>  ... > 
  at <TabPanel header="Build" class="h-full" > 
  at <TabView class="h-full tinker-plants-tabs" > 
  at <TinkerPlants ref="VTU_COMPONENT" > 
  at <VTUROOT>
[Vue warn]: Property "$primevue" was accessed during render but is not defined on instance. 
  at <Dropdown id="Head-shiny" modelValue=null onUpdate:modelValue=fn<onUpdate:modelValue>  ... > 
  at <TabPanel header="Build" class="h-full" > 
  at <TabView class="h-full tinker-plants-tabs" > 
  at <TinkerPlants ref="VTU_COMPONENT" > 
  at <VTUROOT>
[Vue warn]: Property "$primevue" was accessed during render but is not defined on instance. 
  at <Dropdown id="Head-bright" modelValue=null onUpdate:modelValue=fn<onUpdate:modelValue>  ... > 
  at <TabPanel header="Build" class="h-full" > 
  at <TabView class="h-full tinker-plants-tabs" > 
  at <TinkerPlants ref="VTU_COMPONENT" > 
  at <VTUROOT>
[Vue warn]: Property "$primevue" was accessed during render but is not defined on instance. 
  at <Dropdown id="Head-faded" modelValue=null onUpdate:modelValue=fn<onUpdate:modelValue>  ... > 
  at <TabPanel header="Build" class="h-full" > 
  at <TabView class="h-full tinker-plants-tabs" > 
  at <TinkerPlants ref="VTU_COMPONENT" > 
  at <VTUROOT>
[Vue warn]: Property "$primevue" was accessed during render but is not defined on instance. 
  at <Dropdown id="Ear-shiny" modelValue=null onUpdate:modelValue=fn<onUpdate:modelValue>  ... > 
  at <TabPanel header="Build" class="h-full" > 
  at <TabView class="h-full tinker-plants-tabs" > 
  at <TinkerPlants ref="VTU_COMPONENT" > 
  at <VTUROOT>
[Vue warn]: Property "$primevue" was accessed during render but is not defined on instance. 
  at <Dropdown id="Ear-bright" modelValue=null onUpdate:modelValue=fn<onUpdate:modelValue>  ... > 
  at <TabPanel header="Build" class="h-full" > 
  at <TabView class="h-full tinker-plants-tabs" > 
  at <TinkerPlants ref="VTU_COMPONENT" > 
  at <VTUROOT>
[Vue warn]: Property "$primevue" was accessed during render but is not defined on instance. 
  at <Dropdown id="Ear-faded" modelValue=null onUpdate:modelValue=fn<onUpdate:modelValue>  ... > 
  at <TabPanel header="Build" class="h-full" > 
  at <TabView class="h-full tinker-plants-tabs" > 
  at <TinkerPlants ref="VTU_COMPONENT" > 
  at <VTUROOT>
[Vue warn]: Property "$primevue" was accessed during render but is not defined on instance. 
  at <Dropdown id="Right Arm-shiny" modelValue=null onUpdate:modelValue=fn<onUpdate:modelValue>  ... > 
  at <TabPanel header="Build" class="h-full" > 
  at <TabView class="h-full tinker-plants-tabs" > 
  at <TinkerPlants ref="VTU_COMPONENT" > 
  at <VTUROOT>
[Vue warn]: Property "$primevue" was accessed during render but is not defined on instance. 
  at <Dropdown id="Right Arm-bright" modelValue=null onUpdate:modelValue=fn<onUpdate:modelValue>  ... > 
  at <TabPanel header="Build" class="h-full" > 
  at <TabView class="h-full tinker-plants-tabs" > 
  at <TinkerPlants ref="VTU_COMPONENT" > 
  at <VTUROOT>
[Vue warn]: Property "$primevue" was accessed during render but is not defined on instance. 
  at <Dropdown id="Right Arm-faded" modelValue=null onUpdate:modelValue=fn<onUpdate:modelValue>  ... > 
  at <TabPanel header="Build" class="h-full" > 
  at <TabView class="h-full tinker-plants-tabs" > 
  at <TinkerPlants ref="VTU_COMPONENT" > 
  at <VTUROOT>
[Vue warn]: Property "$primevue" was accessed during render but is not defined on instance. 
  at <Dropdown id="Chest-shiny" modelValue=null onUpdate:modelValue=fn<onUpdate:modelValue>  ... > 
  at <TabPanel header="Build" class="h-full" > 
  at <TabView class="h-full tinker-plants-tabs" > 
  at <TinkerPlants ref="VTU_COMPONENT" > 
  at <VTUROOT>
[Vue warn]: Property "$primevue" was accessed during render but is not defined on instance. 
  at <Dropdown id="Chest-bright" modelValue=null onUpdate:modelValue=fn<onUpdate:modelValue>  ... > 
  at <TabPanel header="Build" class="h-full" > 
  at <TabView class="h-full tinker-plants-tabs" > 
  at <TinkerPlants ref="VTU_COMPONENT" > 
  at <VTUROOT>
[Vue warn]: Property "$primevue" was accessed during render but is not defined on instance. 
  at <Dropdown id="Chest-faded" modelValue=null onUpdate:modelValue=fn<onUpdate:modelValue>  ... > 
  at <TabPanel header="Build" class="h-full" > 
  at <TabView class="h-full tinker-plants-tabs" > 
  at <TinkerPlants ref="VTU_COMPONENT" > 
  at <VTUROOT>
[Vue warn]: Property "$primevue" was accessed during render but is not defined on instance. 
  at <Dropdown id="Left Arm-shiny" modelValue=null onUpdate:modelValue=fn<onUpdate:modelValue>  ... > 
  at <TabPanel header="Build" class="h-full" > 
  at <TabView class="h-full tinker-plants-tabs" > 
  at <TinkerPlants ref="VTU_COMPONENT" > 
  at <VTUROOT>
[Vue warn]: Property "$primevue" was accessed during render but is not defined on instance. 
  at <Dropdown id="Left Arm-bright" modelValue=null onUpdate:modelValue=fn<onUpdate:modelValue>  ... > 
  at <TabPanel header="Build" class="h-full" > 
  at <TabView class="h-full tinker-plants-tabs" > 
  at <TinkerPlants ref="VTU_COMPONENT" > 
  at <VTUROOT>
[Vue warn]: Property "$primevue" was accessed during render but is not defined on instance. 
  at <Dropdown id="Left Arm-faded" modelValue=null onUpdate:modelValue=fn<onUpdate:modelValue>  ... > 
  at <TabPanel header="Build" class="h-full" > 
  at <TabView class="h-full tinker-plants-tabs" > 
  at <TinkerPlants ref="VTU_COMPONENT" > 
  at <VTUROOT>
[Vue warn]: Property "$primevue" was accessed during render but is not defined on instance. 
  at <Dropdown id="Right Wrist-shiny" modelValue=null onUpdate:modelValue=fn<onUpdate:modelValue>  ... > 
  at <TabPanel header="Build" class="h-full" > 
  at <TabView class="h-full tinker-plants-tabs" > 
  at <TinkerPlants ref="VTU_COMPONENT" > 
  at <VTUROOT>
[Vue warn]: Property "$primevue" was accessed during render but is not defined on instance. 
  at <Dropdown id="Right Wrist-bright" modelValue=null onUpdate:modelValue=fn<onUpdate:modelValue>  ... > 
  at <TabPanel header="Build" class="h-full" > 
  at <TabView class="h-full tinker-plants-tabs" > 
  at <TinkerPlants ref="VTU_COMPONENT" > 
  at <VTUROOT>
[Vue warn]: Property "$primevue" was accessed during render but is not defined on instance. 
  at <Dropdown id="Right Wrist-faded" modelValue=null onUpdate:modelValue=fn<onUpdate:modelValue>  ... > 
  at <TabPanel header="Build" class="h-full" > 
  at <TabView class="h-full tinker-plants-tabs" > 
  at <TinkerPlants ref="VTU_COMPONENT" > 
  at <VTUROOT>
[Vue warn]: Property "$primevue" was accessed during render but is not defined on instance. 
  at <Dropdown id="Waist-shiny" modelValue=null onUpdate:modelValue=fn<onUpdate:modelValue>  ... > 
  at <TabPanel header="Build" class="h-full" > 
  at <TabView class="h-full tinker-plants-tabs" > 
  at <TinkerPlants ref="VTU_COMPONENT" > 
  at <VTUROOT>
[Vue warn]: Property "$primevue" was accessed during render but is not defined on instance. 
  at <Dropdown id="Waist-bright" modelValue=null onUpdate:modelValue=fn<onUpdate:modelValue>  ... > 
  at <TabPanel header="Build" class="h-full" > 
  at <TabView class="h-full tinker-plants-tabs" > 
  at <TinkerPlants ref="VTU_COMPONENT" > 
  at <VTUROOT>
[Vue warn]: Property "$primevue" was accessed during render but is not defined on instance. 
  at <Dropdown id="Waist-faded" modelValue=null onUpdate:modelValue=fn<onUpdate:modelValue>  ... > 
  at <TabPanel header="Build" class="h-full" > 
  at <TabView class="h-full tinker-plants-tabs" > 
  at <TinkerPlants ref="VTU_COMPONENT" > 
  at <VTUROOT>
[Vue warn]: Property "$primevue" was accessed during render but is not defined on instance. 
  at <Dropdown id="Left Wrist-shiny" modelValue=null onUpdate:modelValue=fn<onUpdate:modelValue>  ... > 
  at <TabPanel header="Build" class="h-full" > 
  at <TabView class="h-full tinker-plants-tabs" > 
  at <TinkerPlants ref="VTU_COMPONENT" > 
  at <VTUROOT>
[Vue warn]: Property "$primevue" was accessed during render but is not defined on instance. 
  at <Dropdown id="Left Wrist-bright" modelValue=null onUpdate:modelValue=fn<onUpdate:modelValue>  ... > 
  at <TabPanel header="Build" class="h-full" > 
  at <TabView class="h-full tinker-plants-tabs" > 
  at <TinkerPlants ref="VTU_COMPONENT" > 
  at <VTUROOT>
[Vue warn]: Property "$primevue" was accessed during render but is not defined on instance. 
  at <Dropdown id="Left Wrist-faded" modelValue=null onUpdate:modelValue=fn<onUpdate:modelValue>  ... > 
  at <TabPanel header="Build" class="h-full" > 
  at <TabView class="h-full tinker-plants-tabs" > 
  at <TinkerPlants ref="VTU_COMPONENT" > 
  at <VTUROOT>
[Vue warn]: Property "$primevue" was accessed during render but is not defined on instance. 
  at <Dropdown id="Right Hand-shiny" modelValue=null onUpdate:modelValue=fn<onUpdate:modelValue>  ... > 
  at <TabPanel header="Build" class="h-full" > 
  at <TabView class="h-full tinker-plants-tabs" > 
  at <TinkerPlants ref="VTU_COMPONENT" > 
  at <VTUROOT>
[Vue warn]: Property "$primevue" was accessed during render but is not defined on instance. 
  at <Dropdown id="Right Hand-bright" modelValue=null onUpdate:modelValue=fn<onUpdate:modelValue>  ... > 
  at <TabPanel header="Build" class="h-full" > 
  at <TabView class="h-full tinker-plants-tabs" > 
  at <TinkerPlants ref="VTU_COMPONENT" > 
  at <VTUROOT>
[Vue warn]: Property "$primevue" was accessed during render but is not defined on instance. 
  at <Dropdown id="Right Hand-faded" modelValue=null onUpdate:modelValue=fn<onUpdate:modelValue>  ... > 
  at <TabPanel header="Build" class="h-full" > 
  at <TabView class="h-full tinker-plants-tabs" > 
  at <TinkerPlants ref="VTU_COMPONENT" > 
  at <VTUROOT>
[Vue warn]: Property "$primevue" was accessed during render but is not defined on instance. 
  at <Dropdown id="Leg-shiny" modelValue=null onUpdate:modelValue=fn<onUpdate:modelValue>  ... > 
  at <TabPanel header="Build" class="h-full" > 
  at <TabView class="h-full tinker-plants-tabs" > 
  at <TinkerPlants ref="VTU_COMPONENT" > 
  at <VTUROOT>
[Vue warn]: Property "$primevue" was accessed during render but is not defined on instance. 
  at <Dropdown id="Leg-bright" modelValue=null onUpdate:modelValue=fn<onUpdate:modelValue>  ... > 
  at <TabPanel header="Build" class="h-full" > 
  at <TabView class="h-full tinker-plants-tabs" > 
  at <TinkerPlants ref="VTU_COMPONENT" > 
  at <VTUROOT>
[Vue warn]: Property "$primevue" was accessed during render but is not defined on instance. 
  at <Dropdown id="Leg-faded" modelValue=null onUpdate:modelValue=fn<onUpdate:modelValue>  ... > 
  at <TabPanel header="Build" class="h-full" > 
  at <TabView class="h-full tinker-plants-tabs" > 
  at <TinkerPlants ref="VTU_COMPONENT" > 
  at <VTUROOT>
[Vue warn]: Property "$primevue" was accessed during render but is not defined on instance. 
  at <Dropdown id="Left Hand-shiny" modelValue=null onUpdate:modelValue=fn<onUpdate:modelValue>  ... > 
  at <TabPanel header="Build" class="h-full" > 
  at <TabView class="h-full tinker-plants-tabs" > 
  at <TinkerPlants ref="VTU_COMPONENT" > 
  at <VTUROOT>
[Vue warn]: Property "$primevue" was accessed during render but is not defined on instance. 
  at <Dropdown id="Left Hand-bright" modelValue=null onUpdate:modelValue=fn<onUpdate:modelValue>  ... > 
  at <TabPanel header="Build" class="h-full" > 
  at <TabView class="h-full tinker-plants-tabs" > 
  at <TinkerPlants ref="VTU_COMPONENT" > 
  at <VTUROOT>
[Vue warn]: Property "$primevue" was accessed during render but is not defined on instance. 
  at <Dropdown id="Left Hand-faded" modelValue=null onUpdate:modelValue=fn<onUpdate:modelValue>  ... > 
  at <TabPanel header="Build" class="h-full" > 
  at <TabView class="h-full tinker-plants-tabs" > 
  at <TinkerPlants ref="VTU_COMPONENT" > 
  at <VTUROOT>
[Vue warn]: Property "$primevue" was accessed during render but is not defined on instance. 
  at <Dropdown id="Feet-shiny" modelValue=null onUpdate:modelValue=fn<onUpdate:modelValue>  ... > 
  at <TabPanel header="Build" class="h-full" > 
  at <TabView class="h-full tinker-plants-tabs" > 
  at <TinkerPlants ref="VTU_COMPONENT" > 
  at <VTUROOT>
[Vue warn]: Property "$primevue" was accessed during render but is not defined on instance. 
  at <Dropdown id="Feet-bright" modelValue=null onUpdate:modelValue=fn<onUpdate:modelValue>  ... > 
  at <TabPanel header="Build" class="h-full" > 
  at <TabView class="h-full tinker-plants-tabs" > 
  at <TinkerPlants ref="VTU_COMPONENT" > 
  at <VTUROOT>
[Vue warn]: Property "$primevue" was accessed during render but is not defined on instance. 
  at <Dropdown id="Feet-faded" modelValue=null onUpdate:modelValue=fn<onUpdate:modelValue>  ... > 
  at <TabPanel header="Build" class="h-full" > 
  at <TabView class="h-full tinker-plants-tabs" > 
  at <TinkerPlants ref="VTU_COMPONENT" > 
  at <VTUROOT>
[Vue warn]: Extraneous non-props attributes (class) were passed to component but could not be automatically inherited because component renders fragment or text root nodes. 
  at <TabPanel header="Construction" class="h-full" > 
  at <TabView class="h-full tinker-plants-tabs" > 
  at <TinkerPlants ref="VTU_COMPONENT" > 
  at <VTUROOT>

stderr | src/__tests__/views/TinkerPlants.simple.test.ts > TinkerPlants - Simple Tests > Methods > onQLChange announces quality level changes
[Vue warn]: Property "$primevue" was accessed during render but is not defined on instance. 
  at <InputNumber id="ql-input" modelValue=200 onUpdate:modelValue=fn  ... > 
  at <TinkerPlants ref="VTU_COMPONENT" > 
  at <VTUROOT>
[Vue warn]: Extraneous non-props attributes (class) were passed to component but could not be automatically inherited because component renders fragment or text root nodes. 
  at <TabPanel header="Build" class="h-full" > 
  at <TabView class="h-full tinker-plants-tabs" > 
  at <TinkerPlants ref="VTU_COMPONENT" > 
  at <VTUROOT>
[Vue warn]: Property "$primevue" was accessed during render but is not defined on instance. 
  at <Dropdown id="Eye-shiny" modelValue=null onUpdate:modelValue=fn<onUpdate:modelValue>  ... > 
  at <TabPanel header="Build" class="h-full" > 
  at <TabView class="h-full tinker-plants-tabs" > 
  at <TinkerPlants ref="VTU_COMPONENT" > 
  at <VTUROOT>
[Vue warn]: Property "$primevue" was accessed during render but is not defined on instance. 
  at <Dropdown id="Eye-bright" modelValue=null onUpdate:modelValue=fn<onUpdate:modelValue>  ... > 
  at <TabPanel header="Build" class="h-full" > 
  at <TabView class="h-full tinker-plants-tabs" > 
  at <TinkerPlants ref="VTU_COMPONENT" > 
  at <VTUROOT>
[Vue warn]: Property "$primevue" was accessed during render but is not defined on instance. 
  at <Dropdown id="Eye-faded" modelValue=null onUpdate:modelValue=fn<onUpdate:modelValue>  ... > 
  at <TabPanel header="Build" class="h-full" > 
  at <TabView class="h-full tinker-plants-tabs" > 
  at <TinkerPlants ref="VTU_COMPONENT" > 
  at <VTUROOT>
[Vue warn]: Property "$primevue" was accessed during render but is not defined on instance. 
  at <InputNumber id="Eye-ql" modelValue=200 onUpdate:modelValue=fn<onUpdate:modelValue>  ... > 
  at <TabPanel header="Build" class="h-full" > 
  at <TabView class="h-full tinker-plants-tabs" > 
  at <TinkerPlants ref="VTU_COMPONENT" > 
  at <VTUROOT>
[Vue warn]: Property "$primevue" was accessed during render but is not defined on instance. 
  at <Dropdown id="Head-shiny" modelValue=null onUpdate:modelValue=fn<onUpdate:modelValue>  ... > 
  at <TabPanel header="Build" class="h-full" > 
  at <TabView class="h-full tinker-plants-tabs" > 
  at <TinkerPlants ref="VTU_COMPONENT" > 
  at <VTUROOT>
[Vue warn]: Property "$primevue" was accessed during render but is not defined on instance. 
  at <Dropdown id="Head-bright" modelValue=null onUpdate:modelValue=fn<onUpdate:modelValue>  ... > 
  at <TabPanel header="Build" class="h-full" > 
  at <TabView class="h-full tinker-plants-tabs" > 
  at <TinkerPlants ref="VTU_COMPONENT" > 
  at <VTUROOT>
[Vue warn]: Property "$primevue" was accessed during render but is not defined on instance. 
  at <Dropdown id="Head-faded" modelValue=null onUpdate:modelValue=fn<onUpdate:modelValue>  ... > 
  at <TabPanel header="Build" class="h-full" > 
  at <TabView class="h-full tinker-plants-tabs" > 
  at <TinkerPlants ref="VTU_COMPONENT" > 
  at <VTUROOT>
[Vue warn]: Property "$primevue" was accessed during render but is not defined on instance. 
  at <InputNumber id="Head-ql" modelValue=200 onUpdate:modelValue=fn<onUpdate:modelValue>  ... > 
  at <TabPanel header="Build" class="h-full" > 
  at <TabView class="h-full tinker-plants-tabs" > 
  at <TinkerPlants ref="VTU_COMPONENT" > 
  at <VTUROOT>
[Vue warn]: Property "$primevue" was accessed during render but is not defined on instance. 
  at <Dropdown id="Ear-shiny" modelValue=null onUpdate:modelValue=fn<onUpdate:modelValue>  ... > 
  at <TabPanel header="Build" class="h-full" > 
  at <TabView class="h-full tinker-plants-tabs" > 
  at <TinkerPlants ref="VTU_COMPONENT" > 
  at <VTUROOT>
[Vue warn]: Property "$primevue" was accessed during render but is not defined on instance. 
  at <Dropdown id="Ear-bright" modelValue=null onUpdate:modelValue=fn<onUpdate:modelValue>  ... > 
  at <TabPanel header="Build" class="h-full" > 
  at <TabView class="h-full tinker-plants-tabs" > 
  at <TinkerPlants ref="VTU_COMPONENT" > 
  at <VTUROOT>
[Vue warn]: Property "$primevue" was accessed during render but is not defined on instance. 
  at <Dropdown id="Ear-faded" modelValue=null onUpdate:modelValue=fn<onUpdate:modelValue>  ... > 
  at <TabPanel header="Build" class="h-full" > 
  at <TabView class="h-full tinker-plants-tabs" > 
  at <TinkerPlants ref="VTU_COMPONENT" > 
  at <VTUROOT>
[Vue warn]: Property "$primevue" was accessed during render but is not defined on instance. 
  at <InputNumber id="Ear-ql" modelValue=200 onUpdate:modelValue=fn<onUpdate:modelValue>  ... > 
  at <TabPanel header="Build" class="h-full" > 
  at <TabView class="h-full tinker-plants-tabs" > 
  at <TinkerPlants ref="VTU_COMPONENT" > 
  at <VTUROOT>
[Vue warn]: Property "$primevue" was accessed during render but is not defined on instance. 
  at <Dropdown id="Right Arm-shiny" modelValue=null onUpdate:modelValue=fn<onUpdate:modelValue>  ... > 
  at <TabPanel header="Build" class="h-full" > 
  at <TabView class="h-full tinker-plants-tabs" > 
  at <TinkerPlants ref="VTU_COMPONENT" > 
  at <VTUROOT>
[Vue warn]: Property "$primevue" was accessed during render but is not defined on instance. 
  at <Dropdown id="Right Arm-bright" modelValue=null onUpdate:modelValue=fn<onUpdate:modelValue>  ... > 
  at <TabPanel header="Build" class="h-full" > 
  at <TabView class="h-full tinker-plants-tabs" > 
  at <TinkerPlants ref="VTU_COMPONENT" > 
  at <VTUROOT>
[Vue warn]: Property "$primevue" was accessed during render but is not defined on instance. 
  at <Dropdown id="Right Arm-faded" modelValue=null onUpdate:modelValue=fn<onUpdate:modelValue>  ... > 
  at <TabPanel header="Build" class="h-full" > 
  at <TabView class="h-full tinker-plants-tabs" > 
  at <TinkerPlants ref="VTU_COMPONENT" > 
  at <VTUROOT>
[Vue warn]: Property "$primevue" was accessed during render but is not defined on instance. 
  at <InputNumber id="Right Arm-ql" modelValue=200 onUpdate:modelValue=fn<onUpdate:modelValue>  ... > 
  at <TabPanel header="Build" class="h-full" > 
  at <TabView class="h-full tinker-plants-tabs" > 
  at <TinkerPlants ref="VTU_COMPONENT" > 
  at <VTUROOT>
[Vue warn]: Property "$primevue" was accessed during render but is not defined on instance. 
  at <Dropdown id="Chest-shiny" modelValue=null onUpdate:modelValue=fn<onUpdate:modelValue>  ... > 
  at <TabPanel header="Build" class="h-full" > 
  at <TabView class="h-full tinker-plants-tabs" > 
  at <TinkerPlants ref="VTU_COMPONENT" > 
  at <VTUROOT>
[Vue warn]: Property "$primevue" was accessed during render but is not defined on instance. 
  at <Dropdown id="Chest-bright" modelValue=null onUpdate:modelValue=fn<onUpdate:modelValue>  ... > 
  at <TabPanel header="Build" class="h-full" > 
  at <TabView class="h-full tinker-plants-tabs" > 
  at <TinkerPlants ref="VTU_COMPONENT" > 
  at <VTUROOT>
[Vue warn]: Property "$primevue" was accessed during render but is not defined on instance. 
  at <Dropdown id="Chest-faded" modelValue=null onUpdate:modelValue=fn<onUpdate:modelValue>  ... > 
  at <TabPanel header="Build" class="h-full" > 
  at <TabView class="h-full tinker-plants-tabs" > 
  at <TinkerPlants ref="VTU_COMPONENT" > 
  at <VTUROOT>
[Vue warn]: Property "$primevue" was accessed during render but is not defined on instance. 
  at <InputNumber id="Chest-ql" modelValue=200 onUpdate:modelValue=fn<onUpdate:modelValue>  ... > 
  at <TabPanel header="Build" class="h-full" > 
  at <TabView class="h-full tinker-plants-tabs" > 
  at <TinkerPlants ref="VTU_COMPONENT" > 
  at <VTUROOT>
[Vue warn]: Property "$primevue" was accessed during render but is not defined on instance. 
  at <Dropdown id="Left Arm-shiny" modelValue=null onUpdate:modelValue=fn<onUpdate:modelValue>  ... > 
  at <TabPanel header="Build" class="h-full" > 
  at <TabView class="h-full tinker-plants-tabs" > 
  at <TinkerPlants ref="VTU_COMPONENT" > 
  at <VTUROOT>
[Vue warn]: Property "$primevue" was accessed during render but is not defined on instance. 
  at <Dropdown id="Left Arm-bright" modelValue=null onUpdate:modelValue=fn<onUpdate:modelValue>  ... > 
  at <TabPanel header="Build" class="h-full" > 
  at <TabView class="h-full tinker-plants-tabs" > 
  at <TinkerPlants ref="VTU_COMPONENT" > 
  at <VTUROOT>
[Vue warn]: Property "$primevue" was accessed during render but is not defined on instance. 
  at <Dropdown id="Left Arm-faded" modelValue=null onUpdate:modelValue=fn<onUpdate:modelValue>  ... > 
  at <TabPanel header="Build" class="h-full" > 
  at <TabView class="h-full tinker-plants-tabs" > 
  at <TinkerPlants ref="VTU_COMPONENT" > 
  at <VTUROOT>
[Vue warn]: Property "$primevue" was accessed during render but is not defined on instance. 
  at <InputNumber id="Left Arm-ql" modelValue=200 onUpdate:modelValue=fn<onUpdate:modelValue>  ... > 
  at <TabPanel header="Build" class="h-full" > 
  at <TabView class="h-full tinker-plants-tabs" > 
  at <TinkerPlants ref="VTU_COMPONENT" > 
  at <VTUROOT>
[Vue warn]: Property "$primevue" was accessed during render but is not defined on instance. 
  at <Dropdown id="Right Wrist-shiny" modelValue=null onUpdate:modelValue=fn<onUpdate:modelValue>  ... > 
  at <TabPanel header="Build" class="h-full" > 
  at <TabView class="h-full tinker-plants-tabs" > 
  at <TinkerPlants ref="VTU_COMPONENT" > 
  at <VTUROOT>
[Vue warn]: Property "$primevue" was accessed during render but is not defined on instance. 
  at <Dropdown id="Right Wrist-bright" modelValue=null onUpdate:modelValue=fn<onUpdate:modelValue>  ... > 
  at <TabPanel header="Build" class="h-full" > 
  at <TabView class="h-full tinker-plants-tabs" > 
  at <TinkerPlants ref="VTU_COMPONENT" > 
  at <VTUROOT>
[Vue warn]: Property "$primevue" was accessed during render but is not defined on instance. 
  at <Dropdown id="Right Wrist-faded" modelValue=null onUpdate:modelValue=fn<onUpdate:modelValue>  ... > 
  at <TabPanel header="Build" class="h-full" > 
  at <TabView class="h-full tinker-plants-tabs" > 
  at <TinkerPlants ref="VTU_COMPONENT" > 
  at <VTUROOT>
[Vue warn]: Property "$primevue" was accessed during render but is not defined on instance. 
  at <InputNumber id="Right Wrist-ql" modelValue=200 onUpdate:modelValue=fn<onUpdate:modelValue>  ... > 
  at <TabPanel header="Build" class="h-full" > 
  at <TabView class="h-full tinker-plants-tabs" > 
  at <TinkerPlants ref="VTU_COMPONENT" > 
  at <VTUROOT>
[Vue warn]: Property "$primevue" was accessed during render but is not defined on instance. 
  at <Dropdown id="Waist-shiny" modelValue=null onUpdate:modelValue=fn<onUpdate:modelValue>  ... > 
  at <TabPanel header="Build" class="h-full" > 
  at <TabView class="h-full tinker-plants-tabs" > 
  at <TinkerPlants ref="VTU_COMPONENT" > 
  at <VTUROOT>
[Vue warn]: Property "$primevue" was accessed during render but is not defined on instance. 
  at <Dropdown id="Waist-bright" modelValue=null onUpdate:modelValue=fn<onUpdate:modelValue>  ... > 
  at <TabPanel header="Build" class="h-full" > 
  at <TabView class="h-full tinker-plants-tabs" > 
  at <TinkerPlants ref="VTU_COMPONENT" > 
  at <VTUROOT>
[Vue warn]: Property "$primevue" was accessed during render but is not defined on instance. 
  at <Dropdown id="Waist-faded" modelValue=null onUpdate:modelValue=fn<onUpdate:modelValue>  ... > 
  at <TabPanel header="Build" class="h-full" > 
  at <TabView class="h-full tinker-plants-tabs" > 
  at <TinkerPlants ref="VTU_COMPONENT" > 
  at <VTUROOT>
[Vue warn]: Property "$primevue" was accessed during render but is not defined on instance. 
  at <InputNumber id="Waist-ql" modelValue=200 onUpdate:modelValue=fn<onUpdate:modelValue>  ... > 
  at <TabPanel header="Build" class="h-full" > 
  at <TabView class="h-full tinker-plants-tabs" > 
  at <TinkerPlants ref="VTU_COMPONENT" > 
  at <VTUROOT>
[Vue warn]: Property "$primevue" was accessed during render but is not defined on instance. 
  at <Dropdown id="Left Wrist-shiny" modelValue=null onUpdate:modelValue=fn<onUpdate:modelValue>  ... > 
  at <TabPanel header="Build" class="h-full" > 
  at <TabView class="h-full tinker-plants-tabs" > 
  at <TinkerPlants ref="VTU_COMPONENT" > 
  at <VTUROOT>
[Vue warn]: Property "$primevue" was accessed during render but is not defined on instance. 
  at <Dropdown id="Left Wrist-bright" modelValue=null onUpdate:modelValue=fn<onUpdate:modelValue>  ... > 
  at <TabPanel header="Build" class="h-full" > 
  at <TabView class="h-full tinker-plants-tabs" > 
  at <TinkerPlants ref="VTU_COMPONENT" > 
  at <VTUROOT>
[Vue warn]: Property "$primevue" was accessed during render but is not defined on instance. 
  at <Dropdown id="Left Wrist-faded" modelValue=null onUpdate:modelValue=fn<onUpdate:modelValue>  ... > 
  at <TabPanel header="Build" class="h-full" > 
  at <TabView class="h-full tinker-plants-tabs" > 
  at <TinkerPlants ref="VTU_COMPONENT" > 
  at <VTUROOT>
[Vue warn]: Property "$primevue" was accessed during render but is not defined on instance. 
  at <InputNumber id="Left Wrist-ql" modelValue=200 onUpdate:modelValue=fn<onUpdate:modelValue>  ... > 
  at <TabPanel header="Build" class="h-full" > 
  at <TabView class="h-full tinker-plants-tabs" > 
  at <TinkerPlants ref="VTU_COMPONENT" > 
  at <VTUROOT>
[Vue warn]: Property "$primevue" was accessed during render but is not defined on instance. 
  at <Dropdown id="Right Hand-shiny" modelValue=null onUpdate:modelValue=fn<onUpdate:modelValue>  ... > 
  at <TabPanel header="Build" class="h-full" > 
  at <TabView class="h-full tinker-plants-tabs" > 
  at <TinkerPlants ref="VTU_COMPONENT" > 
  at <VTUROOT>
[Vue warn]: Property "$primevue" was accessed during render but is not defined on instance. 
  at <Dropdown id="Right Hand-bright" modelValue=null onUpdate:modelValue=fn<onUpdate:modelValue>  ... > 
  at <TabPanel header="Build" class="h-full" > 
  at <TabView class="h-full tinker-plants-tabs" > 
  at <TinkerPlants ref="VTU_COMPONENT" > 
  at <VTUROOT>
[Vue warn]: Property "$primevue" was accessed during render but is not defined on instance. 
  at <Dropdown id="Right Hand-faded" modelValue=null onUpdate:modelValue=fn<onUpdate:modelValue>  ... > 
  at <TabPanel header="Build" class="h-full" > 
  at <TabView class="h-full tinker-plants-tabs" > 
  at <TinkerPlants ref="VTU_COMPONENT" > 
  at <VTUROOT>
[Vue warn]: Property "$primevue" was accessed during render but is not defined on instance. 
  at <InputNumber id="Right Hand-ql" modelValue=200 onUpdate:modelValue=fn<onUpdate:modelValue>  ... > 
  at <TabPanel header="Build" class="h-full" > 
  at <TabView class="h-full tinker-plants-tabs" > 
  at <TinkerPlants ref="VTU_COMPONENT" > 
  at <VTUROOT>
[Vue warn]: Property "$primevue" was accessed during render but is not defined on instance. 
  at <Dropdown id="Leg-shiny" modelValue=null onUpdate:modelValue=fn<onUpdate:modelValue>  ... > 
  at <TabPanel header="Build" class="h-full" > 
  at <TabView class="h-full tinker-plants-tabs" > 
  at <TinkerPlants ref="VTU_COMPONENT" > 
  at <VTUROOT>
[Vue warn]: Property "$primevue" was accessed during render but is not defined on instance. 
  at <Dropdown id="Leg-bright" modelValue=null onUpdate:modelValue=fn<onUpdate:modelValue>  ... > 
  at <TabPanel header="Build" class="h-full" > 
  at <TabView class="h-full tinker-plants-tabs" > 
  at <TinkerPlants ref="VTU_COMPONENT" > 
  at <VTUROOT>
[Vue warn]: Property "$primevue" was accessed during render but is not defined on instance. 
  at <Dropdown id="Leg-faded" modelValue=null onUpdate:modelValue=fn<onUpdate:modelValue>  ... > 
  at <TabPanel header="Build" class="h-full" > 
  at <TabView class="h-full tinker-plants-tabs" > 
  at <TinkerPlants ref="VTU_COMPONENT" > 
  at <VTUROOT>
[Vue warn]: Property "$primevue" was accessed during render but is not defined on instance. 
  at <InputNumber id="Leg-ql" modelValue=200 onUpdate:modelValue=fn<onUpdate:modelValue>  ... > 
  at <TabPanel header="Build" class="h-full" > 
  at <TabView class="h-full tinker-plants-tabs" > 
  at <TinkerPlants ref="VTU_COMPONENT" > 
  at <VTUROOT>
[Vue warn]: Property "$primevue" was accessed during render but is not defined on instance. 
  at <Dropdown id="Left Hand-shiny" modelValue=null onUpdate:modelValue=fn<onUpdate:modelValue>  ... > 
  at <TabPanel header="Build" class="h-full" > 
  at <TabView class="h-full tinker-plants-tabs" > 
  at <TinkerPlants ref="VTU_COMPONENT" > 
  at <VTUROOT>
[Vue warn]: Property "$primevue" was accessed during render but is not defined on instance. 
  at <Dropdown id="Left Hand-bright" modelValue=null onUpdate:modelValue=fn<onUpdate:modelValue>  ... > 
  at <TabPanel header="Build" class="h-full" > 
  at <TabView class="h-full tinker-plants-tabs" > 
  at <TinkerPlants ref="VTU_COMPONENT" > 
  at <VTUROOT>
[Vue warn]: Property "$primevue" was accessed during render but is not defined on instance. 
  at <Dropdown id="Left Hand-faded" modelValue=null onUpdate:modelValue=fn<onUpdate:modelValue>  ... > 
  at <TabPanel header="Build" class="h-full" > 
  at <TabView class="h-full tinker-plants-tabs" > 
  at <TinkerPlants ref="VTU_COMPONENT" > 
  at <VTUROOT>
[Vue warn]: Property "$primevue" was accessed during render but is not defined on instance. 
  at <InputNumber id="Left Hand-ql" modelValue=200 onUpdate:modelValue=fn<onUpdate:modelValue>  ... > 
  at <TabPanel header="Build" class="h-full" > 
  at <TabView class="h-full tinker-plants-tabs" > 
  at <TinkerPlants ref="VTU_COMPONENT" > 
  at <VTUROOT>
[Vue warn]: Property "$primevue" was accessed during render but is not defined on instance. 
  at <Dropdown id="Feet-shiny" modelValue=null onUpdate:modelValue=fn<onUpdate:modelValue>  ... > 
  at <TabPanel header="Build" class="h-full" > 
  at <TabView class="h-full tinker-plants-tabs" > 
  at <TinkerPlants ref="VTU_COMPONENT" > 
  at <VTUROOT>
[Vue warn]: Property "$primevue" was accessed during render but is not defined on instance. 
  at <Dropdown id="Feet-bright" modelValue=null onUpdate:modelValue=fn<onUpdate:modelValue>  ... > 
  at <TabPanel header="Build" class="h-full" > 
  at <TabView class="h-full tinker-plants-tabs" > 
  at <TinkerPlants ref="VTU_COMPONENT" > 
  at <VTUROOT>
[Vue warn]: Property "$primevue" was accessed during render but is not defined on instance. 
  at <Dropdown id="Feet-faded" modelValue=null onUpdate:modelValue=fn<onUpdate:modelValue>  ... > 
  at <TabPanel header="Build" class="h-full" > 
  at <TabView class="h-full tinker-plants-tabs" > 
  at <TinkerPlants ref="VTU_COMPONENT" > 
  at <VTUROOT>
[Vue warn]: Property "$primevue" was accessed during render but is not defined on instance. 
  at <InputNumber id="Feet-ql" modelValue=200 onUpdate:modelValue=fn<onUpdate:modelValue>  ... > 
  at <TabPanel header="Build" class="h-full" > 
  at <TabView class="h-full tinker-plants-tabs" > 
  at <TinkerPlants ref="VTU_COMPONENT" > 
  at <VTUROOT>
[Vue warn]: Extraneous non-props attributes (class) were passed to component but could not be automatically inherited because component renders fragment or text root nodes. 
  at <TabPanel header="Construction" class="h-full" > 
  at <TabView class="h-full tinker-plants-tabs" > 
  at <TinkerPlants ref="VTU_COMPONENT" > 
  at <VTUROOT>
[Vue warn]: Extraneous non-props attributes (class) were passed to component but could not be automatically inherited because component renders fragment or text root nodes. 
  at <TabPanel header="Build" class="h-full" > 
  at <TabView class="h-full tinker-plants-tabs" > 
  at <TinkerPlants ref="VTU_COMPONENT" > 
  at <VTUROOT>
[Vue warn]: Property "$primevue" was accessed during render but is not defined on instance. 
  at <Dropdown id="Eye-shiny" modelValue=null onUpdate:modelValue=fn<onUpdate:modelValue>  ... > 
  at <TabPanel header="Build" class="h-full" > 
  at <TabView class="h-full tinker-plants-tabs" > 
  at <TinkerPlants ref="VTU_COMPONENT" > 
  at <VTUROOT>
[Vue warn]: Property "$primevue" was accessed during render but is not defined on instance. 
  at <Dropdown id="Eye-bright" modelValue=null onUpdate:modelValue=fn<onUpdate:modelValue>  ... > 
  at <TabPanel header="Build" class="h-full" > 
  at <TabView class="h-full tinker-plants-tabs" > 
  at <TinkerPlants ref="VTU_COMPONENT" > 
  at <VTUROOT>
[Vue warn]: Property "$primevue" was accessed during render but is not defined on instance. 
  at <Dropdown id="Eye-faded" modelValue=null onUpdate:modelValue=fn<onUpdate:modelValue>  ... > 
  at <TabPanel header="Build" class="h-full" > 
  at <TabView class="h-full tinker-plants-tabs" > 
  at <TinkerPlants ref="VTU_COMPONENT" > 
  at <VTUROOT>
[Vue warn]: Property "$primevue" was accessed during render but is not defined on instance. 
  at <Dropdown id="Head-shiny" modelValue=null onUpdate:modelValue=fn<onUpdate:modelValue>  ... > 
  at <TabPanel header="Build" class="h-full" > 
  at <TabView class="h-full tinker-plants-tabs" > 
  at <TinkerPlants ref="VTU_COMPONENT" > 
  at <VTUROOT>
[Vue warn]: Property "$primevue" was accessed during render but is not defined on instance. 
  at <Dropdown id="Head-bright" modelValue=null onUpdate:modelValue=fn<onUpdate:modelValue>  ... > 
  at <TabPanel header="Build" class="h-full" > 
  at <TabView class="h-full tinker-plants-tabs" > 
  at <TinkerPlants ref="VTU_COMPONENT" > 
  at <VTUROOT>
[Vue warn]: Property "$primevue" was accessed during render but is not defined on instance. 
  at <Dropdown id="Head-faded" modelValue=null onUpdate:modelValue=fn<onUpdate:modelValue>  ... > 
  at <TabPanel header="Build" class="h-full" > 
  at <TabView class="h-full tinker-plants-tabs" > 
  at <TinkerPlants ref="VTU_COMPONENT" > 
  at <VTUROOT>
[Vue warn]: Property "$primevue" was accessed during render but is not defined on instance. 
  at <Dropdown id="Ear-shiny" modelValue=null onUpdate:modelValue=fn<onUpdate:modelValue>  ... > 
  at <TabPanel header="Build" class="h-full" > 
  at <TabView class="h-full tinker-plants-tabs" > 
  at <TinkerPlants ref="VTU_COMPONENT" > 
  at <VTUROOT>
[Vue warn]: Property "$primevue" was accessed during render but is not defined on instance. 
  at <Dropdown id="Ear-bright" modelValue=null onUpdate:modelValue=fn<onUpdate:modelValue>  ... > 
  at <TabPanel header="Build" class="h-full" > 
  at <TabView class="h-full tinker-plants-tabs" > 
  at <TinkerPlants ref="VTU_COMPONENT" > 
  at <VTUROOT>
[Vue warn]: Property "$primevue" was accessed during render but is not defined on instance. 
  at <Dropdown id="Ear-faded" modelValue=null onUpdate:modelValue=fn<onUpdate:modelValue>  ... > 
  at <TabPanel header="Build" class="h-full" > 
  at <TabView class="h-full tinker-plants-tabs" > 
  at <TinkerPlants ref="VTU_COMPONENT" > 
  at <VTUROOT>
[Vue warn]: Property "$primevue" was accessed during render but is not defined on instance. 
  at <Dropdown id="Right Arm-shiny" modelValue=null onUpdate:modelValue=fn<onUpdate:modelValue>  ... > 
  at <TabPanel header="Build" class="h-full" > 
  at <TabView class="h-full tinker-plants-tabs" > 
  at <TinkerPlants ref="VTU_COMPONENT" > 
  at <VTUROOT>
[Vue warn]: Property "$primevue" was accessed during render but is not defined on instance. 
  at <Dropdown id="Right Arm-bright" modelValue=null onUpdate:modelValue=fn<onUpdate:modelValue>  ... > 
  at <TabPanel header="Build" class="h-full" > 
  at <TabView class="h-full tinker-plants-tabs" > 
  at <TinkerPlants ref="VTU_COMPONENT" > 
  at <VTUROOT>
[Vue warn]: Property "$primevue" was accessed during render but is not defined on instance. 
  at <Dropdown id="Right Arm-faded" modelValue=null onUpdate:modelValue=fn<onUpdate:modelValue>  ... > 
  at <TabPanel header="Build" class="h-full" > 
  at <TabView class="h-full tinker-plants-tabs" > 
  at <TinkerPlants ref="VTU_COMPONENT" > 
  at <VTUROOT>
[Vue warn]: Property "$primevue" was accessed during render but is not defined on instance. 
  at <Dropdown id="Chest-shiny" modelValue=null onUpdate:modelValue=fn<onUpdate:modelValue>  ... > 
  at <TabPanel header="Build" class="h-full" > 
  at <TabView class="h-full tinker-plants-tabs" > 
  at <TinkerPlants ref="VTU_COMPONENT" > 
  at <VTUROOT>
[Vue warn]: Property "$primevue" was accessed during render but is not defined on instance. 
  at <Dropdown id="Chest-bright" modelValue=null onUpdate:modelValue=fn<onUpdate:modelValue>  ... > 
  at <TabPanel header="Build" class="h-full" > 
  at <TabView class="h-full tinker-plants-tabs" > 
  at <TinkerPlants ref="VTU_COMPONENT" > 
  at <VTUROOT>
[Vue warn]: Property "$primevue" was accessed during render but is not defined on instance. 
  at <Dropdown id="Chest-faded" modelValue=null onUpdate:modelValue=fn<onUpdate:modelValue>  ... > 
  at <TabPanel header="Build" class="h-full" > 
  at <TabView class="h-full tinker-plants-tabs" > 
  at <TinkerPlants ref="VTU_COMPONENT" > 
  at <VTUROOT>
[Vue warn]: Property "$primevue" was accessed during render but is not defined on instance. 
  at <Dropdown id="Left Arm-shiny" modelValue=null onUpdate:modelValue=fn<onUpdate:modelValue>  ... > 
  at <TabPanel header="Build" class="h-full" > 
  at <TabView class="h-full tinker-plants-tabs" > 
  at <TinkerPlants ref="VTU_COMPONENT" > 
  at <VTUROOT>
[Vue warn]: Property "$primevue" was accessed during render but is not defined on instance. 
  at <Dropdown id="Left Arm-bright" modelValue=null onUpdate:modelValue=fn<onUpdate:modelValue>  ... > 
  at <TabPanel header="Build" class="h-full" > 
  at <TabView class="h-full tinker-plants-tabs" > 
  at <TinkerPlants ref="VTU_COMPONENT" > 
  at <VTUROOT>
[Vue warn]: Property "$primevue" was accessed during render but is not defined on instance. 
  at <Dropdown id="Left Arm-faded" modelValue=null onUpdate:modelValue=fn<onUpdate:modelValue>  ... > 
  at <TabPanel header="Build" class="h-full" > 
  at <TabView class="h-full tinker-plants-tabs" > 
  at <TinkerPlants ref="VTU_COMPONENT" > 
  at <VTUROOT>
[Vue warn]: Property "$primevue" was accessed during render but is not defined on instance. 
  at <Dropdown id="Right Wrist-shiny" modelValue=null onUpdate:modelValue=fn<onUpdate:modelValue>  ... > 
  at <TabPanel header="Build" class="h-full" > 
  at <TabView class="h-full tinker-plants-tabs" > 
  at <TinkerPlants ref="VTU_COMPONENT" > 
  at <VTUROOT>
[Vue warn]: Property "$primevue" was accessed during render but is not defined on instance. 
  at <Dropdown id="Right Wrist-bright" modelValue=null onUpdate:modelValue=fn<onUpdate:modelValue>  ... > 
  at <TabPanel header="Build" class="h-full" > 
  at <TabView class="h-full tinker-plants-tabs" > 
  at <TinkerPlants ref="VTU_COMPONENT" > 
  at <VTUROOT>
[Vue warn]: Property "$primevue" was accessed during render but is not defined on instance. 
  at <Dropdown id="Right Wrist-faded" modelValue=null onUpdate:modelValue=fn<onUpdate:modelValue>  ... > 
  at <TabPanel header="Build" class="h-full" > 
  at <TabView class="h-full tinker-plants-tabs" > 
  at <TinkerPlants ref="VTU_COMPONENT" > 
  at <VTUROOT>
[Vue warn]: Property "$primevue" was accessed during render but is not defined on instance. 
  at <Dropdown id="Waist-shiny" modelValue=null onUpdate:modelValue=fn<onUpdate:modelValue>  ... > 
  at <TabPanel header="Build" class="h-full" > 
  at <TabView class="h-full tinker-plants-tabs" > 
  at <TinkerPlants ref="VTU_COMPONENT" > 
  at <VTUROOT>
[Vue warn]: Property "$primevue" was accessed during render but is not defined on instance. 
  at <Dropdown id="Waist-bright" modelValue=null onUpdate:modelValue=fn<onUpdate:modelValue>  ... > 
  at <TabPanel header="Build" class="h-full" > 
  at <TabView class="h-full tinker-plants-tabs" > 
  at <TinkerPlants ref="VTU_COMPONENT" > 
  at <VTUROOT>
[Vue warn]: Property "$primevue" was accessed during render but is not defined on instance. 
  at <Dropdown id="Waist-faded" modelValue=null onUpdate:modelValue=fn<onUpdate:modelValue>  ... > 
  at <TabPanel header="Build" class="h-full" > 
  at <TabView class="h-full tinker-plants-tabs" > 
  at <TinkerPlants ref="VTU_COMPONENT" > 
  at <VTUROOT>
[Vue warn]: Property "$primevue" was accessed during render but is not defined on instance. 
  at <Dropdown id="Left Wrist-shiny" modelValue=null onUpdate:modelValue=fn<onUpdate:modelValue>  ... > 
  at <TabPanel header="Build" class="h-full" > 
  at <TabView class="h-full tinker-plants-tabs" > 
  at <TinkerPlants ref="VTU_COMPONENT" > 
  at <VTUROOT>
[Vue warn]: Property "$primevue" was accessed during render but is not defined on instance. 
  at <Dropdown id="Left Wrist-bright" modelValue=null onUpdate:modelValue=fn<onUpdate:modelValue>  ... > 
  at <TabPanel header="Build" class="h-full" > 
  at <TabView class="h-full tinker-plants-tabs" > 
  at <TinkerPlants ref="VTU_COMPONENT" > 
  at <VTUROOT>
[Vue warn]: Property "$primevue" was accessed during render but is not defined on instance. 
  at <Dropdown id="Left Wrist-faded" modelValue=null onUpdate:modelValue=fn<onUpdate:modelValue>  ... > 
  at <TabPanel header="Build" class="h-full" > 
  at <TabView class="h-full tinker-plants-tabs" > 
  at <TinkerPlants ref="VTU_COMPONENT" > 
  at <VTUROOT>
[Vue warn]: Property "$primevue" was accessed during render but is not defined on instance. 
  at <Dropdown id="Right Hand-shiny" modelValue=null onUpdate:modelValue=fn<onUpdate:modelValue>  ... > 
  at <TabPanel header="Build" class="h-full" > 
  at <TabView class="h-full tinker-plants-tabs" > 
  at <TinkerPlants ref="VTU_COMPONENT" > 
  at <VTUROOT>
[Vue warn]: Property "$primevue" was accessed during render but is not defined on instance. 
  at <Dropdown id="Right Hand-bright" modelValue=null onUpdate:modelValue=fn<onUpdate:modelValue>  ... > 
  at <TabPanel header="Build" class="h-full" > 
  at <TabView class="h-full tinker-plants-tabs" > 
  at <TinkerPlants ref="VTU_COMPONENT" > 
  at <VTUROOT>
[Vue warn]: Property "$primevue" was accessed during render but is not defined on instance. 
  at <Dropdown id="Right Hand-faded" modelValue=null onUpdate:modelValue=fn<onUpdate:modelValue>  ... > 
  at <TabPanel header="Build" class="h-full" > 
  at <TabView class="h-full tinker-plants-tabs" > 
  at <TinkerPlants ref="VTU_COMPONENT" > 
  at <VTUROOT>
[Vue warn]: Property "$primevue" was accessed during render but is not defined on instance. 
  at <Dropdown id="Leg-shiny" modelValue=null onUpdate:modelValue=fn<onUpdate:modelValue>  ... > 
  at <TabPanel header="Build" class="h-full" > 
  at <TabView class="h-full tinker-plants-tabs" > 
  at <TinkerPlants ref="VTU_COMPONENT" > 
  at <VTUROOT>
[Vue warn]: Property "$primevue" was accessed during render but is not defined on instance. 
  at <Dropdown id="Leg-bright" modelValue=null onUpdate:modelValue=fn<onUpdate:modelValue>  ... > 
  at <TabPanel header="Build" class="h-full" > 
  at <TabView class="h-full tinker-plants-tabs" > 
  at <TinkerPlants ref="VTU_COMPONENT" > 
  at <VTUROOT>
[Vue warn]: Property "$primevue" was accessed during render but is not defined on instance. 
  at <Dropdown id="Leg-faded" modelValue=null onUpdate:modelValue=fn<onUpdate:modelValue>  ... > 
  at <TabPanel header="Build" class="h-full" > 
  at <TabView class="h-full tinker-plants-tabs" > 
  at <TinkerPlants ref="VTU_COMPONENT" > 
  at <VTUROOT>
[Vue warn]: Property "$primevue" was accessed during render but is not defined on instance. 
  at <Dropdown id="Left Hand-shiny" modelValue=null onUpdate:modelValue=fn<onUpdate:modelValue>  ... > 
  at <TabPanel header="Build" class="h-full" > 
  at <TabView class="h-full tinker-plants-tabs" > 
  at <TinkerPlants ref="VTU_COMPONENT" > 
  at <VTUROOT>
[Vue warn]: Property "$primevue" was accessed during render but is not defined on instance. 
  at <Dropdown id="Left Hand-bright" modelValue=null onUpdate:modelValue=fn<onUpdate:modelValue>  ... > 
  at <TabPanel header="Build" class="h-full" > 
  at <TabView class="h-full tinker-plants-tabs" > 
  at <TinkerPlants ref="VTU_COMPONENT" > 
  at <VTUROOT>
[Vue warn]: Property "$primevue" was accessed during render but is not defined on instance. 
  at <Dropdown id="Left Hand-faded" modelValue=null onUpdate:modelValue=fn<onUpdate:modelValue>  ... > 
  at <TabPanel header="Build" class="h-full" > 
  at <TabView class="h-full tinker-plants-tabs" > 
  at <TinkerPlants ref="VTU_COMPONENT" > 
  at <VTUROOT>
[Vue warn]: Property "$primevue" was accessed during render but is not defined on instance. 
  at <Dropdown id="Feet-shiny" modelValue=null onUpdate:modelValue=fn<onUpdate:modelValue>  ... > 
  at <TabPanel header="Build" class="h-full" > 
  at <TabView class="h-full tinker-plants-tabs" > 
  at <TinkerPlants ref="VTU_COMPONENT" > 
  at <VTUROOT>
[Vue warn]: Property "$primevue" was accessed during render but is not defined on instance. 
  at <Dropdown id="Feet-bright" modelValue=null onUpdate:modelValue=fn<onUpdate:modelValue>  ... > 
  at <TabPanel header="Build" class="h-full" > 
  at <TabView class="h-full tinker-plants-tabs" > 
  at <TinkerPlants ref="VTU_COMPONENT" > 
  at <VTUROOT>
[Vue warn]: Property "$primevue" was accessed during render but is not defined on instance. 
  at <Dropdown id="Feet-faded" modelValue=null onUpdate:modelValue=fn<onUpdate:modelValue>  ... > 
  at <TabPanel header="Build" class="h-full" > 
  at <TabView class="h-full tinker-plants-tabs" > 
  at <TinkerPlants ref="VTU_COMPONENT" > 
  at <VTUROOT>
[Vue warn]: Extraneous non-props attributes (class) were passed to component but could not be automatically inherited because component renders fragment or text root nodes. 
  at <TabPanel header="Construction" class="h-full" > 
  at <TabView class="h-full tinker-plants-tabs" > 
  at <TinkerPlants ref="VTU_COMPONENT" > 
  at <VTUROOT>

stderr | src/__tests__/views/TinkerPlants.simple.test.ts > TinkerPlants - Simple Tests > Methods > onQLChange does not announce null values
[Vue warn]: Property "$primevue" was accessed during render but is not defined on instance. 
  at <InputNumber id="ql-input" modelValue=200 onUpdate:modelValue=fn  ... > 
  at <TinkerPlants ref="VTU_COMPONENT" > 
  at <VTUROOT>
[Vue warn]: Extraneous non-props attributes (class) were passed to component but could not be automatically inherited because component renders fragment or text root nodes. 
  at <TabPanel header="Build" class="h-full" > 
  at <TabView class="h-full tinker-plants-tabs" > 
  at <TinkerPlants ref="VTU_COMPONENT" > 
  at <VTUROOT>
[Vue warn]: Property "$primevue" was accessed during render but is not defined on instance. 
  at <Dropdown id="Eye-shiny" modelValue=null onUpdate:modelValue=fn<onUpdate:modelValue>  ... > 
  at <TabPanel header="Build" class="h-full" > 
  at <TabView class="h-full tinker-plants-tabs" > 
  at <TinkerPlants ref="VTU_COMPONENT" > 
  at <VTUROOT>
[Vue warn]: Property "$primevue" was accessed during render but is not defined on instance. 
  at <Dropdown id="Eye-bright" modelValue=null onUpdate:modelValue=fn<onUpdate:modelValue>  ... > 
  at <TabPanel header="Build" class="h-full" > 
  at <TabView class="h-full tinker-plants-tabs" > 
  at <TinkerPlants ref="VTU_COMPONENT" > 
  at <VTUROOT>
[Vue warn]: Property "$primevue" was accessed during render but is not defined on instance. 
  at <Dropdown id="Eye-faded" modelValue=null onUpdate:modelValue=fn<onUpdate:modelValue>  ... > 
  at <TabPanel header="Build" class="h-full" > 
  at <TabView class="h-full tinker-plants-tabs" > 
  at <TinkerPlants ref="VTU_COMPONENT" > 
  at <VTUROOT>
[Vue warn]: Property "$primevue" was accessed during render but is not defined on instance. 
  at <InputNumber id="Eye-ql" modelValue=200 onUpdate:modelValue=fn<onUpdate:modelValue>  ... > 
  at <TabPanel header="Build" class="h-full" > 
  at <TabView class="h-full tinker-plants-tabs" > 
  at <TinkerPlants ref="VTU_COMPONENT" > 
  at <VTUROOT>
[Vue warn]: Property "$primevue" was accessed during render but is not defined on instance. 
  at <Dropdown id="Head-shiny" modelValue=null onUpdate:modelValue=fn<onUpdate:modelValue>  ... > 
  at <TabPanel header="Build" class="h-full" > 
  at <TabView class="h-full tinker-plants-tabs" > 
  at <TinkerPlants ref="VTU_COMPONENT" > 
  at <VTUROOT>
[Vue warn]: Property "$primevue" was accessed during render but is not defined on instance. 
  at <Dropdown id="Head-bright" modelValue=null onUpdate:modelValue=fn<onUpdate:modelValue>  ... > 
  at <TabPanel header="Build" class="h-full" > 
  at <TabView class="h-full tinker-plants-tabs" > 
  at <TinkerPlants ref="VTU_COMPONENT" > 
  at <VTUROOT>
[Vue warn]: Property "$primevue" was accessed during render but is not defined on instance. 
  at <Dropdown id="Head-faded" modelValue=null onUpdate:modelValue=fn<onUpdate:modelValue>  ... > 
  at <TabPanel header="Build" class="h-full" > 
  at <TabView class="h-full tinker-plants-tabs" > 
  at <TinkerPlants ref="VTU_COMPONENT" > 
  at <VTUROOT>
[Vue warn]: Property "$primevue" was accessed during render but is not defined on instance. 
  at <InputNumber id="Head-ql" modelValue=200 onUpdate:modelValue=fn<onUpdate:modelValue>  ... > 
  at <TabPanel header="Build" class="h-full" > 
  at <TabView class="h-full tinker-plants-tabs" > 
  at <TinkerPlants ref="VTU_COMPONENT" > 
  at <VTUROOT>
[Vue warn]: Property "$primevue" was accessed during render but is not defined on instance. 
  at <Dropdown id="Ear-shiny" modelValue=null onUpdate:modelValue=fn<onUpdate:modelValue>  ... > 
  at <TabPanel header="Build" class="h-full" > 
  at <TabView class="h-full tinker-plants-tabs" > 
  at <TinkerPlants ref="VTU_COMPONENT" > 
  at <VTUROOT>
[Vue warn]: Property "$primevue" was accessed during render but is not defined on instance. 
  at <Dropdown id="Ear-bright" modelValue=null onUpdate:modelValue=fn<onUpdate:modelValue>  ... > 
  at <TabPanel header="Build" class="h-full" > 
  at <TabView class="h-full tinker-plants-tabs" > 
  at <TinkerPlants ref="VTU_COMPONENT" > 
  at <VTUROOT>
[Vue warn]: Property "$primevue" was accessed during render but is not defined on instance. 
  at <Dropdown id="Ear-faded" modelValue=null onUpdate:modelValue=fn<onUpdate:modelValue>  ... > 
  at <TabPanel header="Build" class="h-full" > 
  at <TabView class="h-full tinker-plants-tabs" > 
  at <TinkerPlants ref="VTU_COMPONENT" > 
  at <VTUROOT>
[Vue warn]: Property "$primevue" was accessed during render but is not defined on instance. 
  at <InputNumber id="Ear-ql" modelValue=200 onUpdate:modelValue=fn<onUpdate:modelValue>  ... > 
  at <TabPanel header="Build" class="h-full" > 
  at <TabView class="h-full tinker-plants-tabs" > 
  at <TinkerPlants ref="VTU_COMPONENT" > 
  at <VTUROOT>
[Vue warn]: Property "$primevue" was accessed during render but is not defined on instance. 
  at <Dropdown id="Right Arm-shiny" modelValue=null onUpdate:modelValue=fn<onUpdate:modelValue>  ... > 
  at <TabPanel header="Build" class="h-full" > 
  at <TabView class="h-full tinker-plants-tabs" > 
  at <TinkerPlants ref="VTU_COMPONENT" > 
  at <VTUROOT>
[Vue warn]: Property "$primevue" was accessed during render but is not defined on instance. 
  at <Dropdown id="Right Arm-bright" modelValue=null onUpdate:modelValue=fn<onUpdate:modelValue>  ... > 
  at <TabPanel header="Build" class="h-full" > 
  at <TabView class="h-full tinker-plants-tabs" > 
  at <TinkerPlants ref="VTU_COMPONENT" > 
  at <VTUROOT>
[Vue warn]: Property "$primevue" was accessed during render but is not defined on instance. 
  at <Dropdown id="Right Arm-faded" modelValue=null onUpdate:modelValue=fn<onUpdate:modelValue>  ... > 
  at <TabPanel header="Build" class="h-full" > 
  at <TabView class="h-full tinker-plants-tabs" > 
  at <TinkerPlants ref="VTU_COMPONENT" > 
  at <VTUROOT>
[Vue warn]: Property "$primevue" was accessed during render but is not defined on instance. 
  at <InputNumber id="Right Arm-ql" modelValue=200 onUpdate:modelValue=fn<onUpdate:modelValue>  ... > 
  at <TabPanel header="Build" class="h-full" > 
  at <TabView class="h-full tinker-plants-tabs" > 
  at <TinkerPlants ref="VTU_COMPONENT" > 
  at <VTUROOT>
[Vue warn]: Property "$primevue" was accessed during render but is not defined on instance. 
  at <Dropdown id="Chest-shiny" modelValue=null onUpdate:modelValue=fn<onUpdate:modelValue>  ... > 
  at <TabPanel header="Build" class="h-full" > 
  at <TabView class="h-full tinker-plants-tabs" > 
  at <TinkerPlants ref="VTU_COMPONENT" > 
  at <VTUROOT>
[Vue warn]: Property "$primevue" was accessed during render but is not defined on instance. 
  at <Dropdown id="Chest-bright" modelValue=null onUpdate:modelValue=fn<onUpdate:modelValue>  ... > 
  at <TabPanel header="Build" class="h-full" > 
  at <TabView class="h-full tinker-plants-tabs" > 
  at <TinkerPlants ref="VTU_COMPONENT" > 
  at <VTUROOT>
[Vue warn]: Property "$primevue" was accessed during render but is not defined on instance. 
  at <Dropdown id="Chest-faded" modelValue=null onUpdate:modelValue=fn<onUpdate:modelValue>  ... > 
  at <TabPanel header="Build" class="h-full" > 
  at <TabView class="h-full tinker-plants-tabs" > 
  at <TinkerPlants ref="VTU_COMPONENT" > 
  at <VTUROOT>
[Vue warn]: Property "$primevue" was accessed during render but is not defined on instance. 
  at <InputNumber id="Chest-ql" modelValue=200 onUpdate:modelValue=fn<onUpdate:modelValue>  ... > 
  at <TabPanel header="Build" class="h-full" > 
  at <TabView class="h-full tinker-plants-tabs" > 
  at <TinkerPlants ref="VTU_COMPONENT" > 
  at <VTUROOT>
[Vue warn]: Property "$primevue" was accessed during render but is not defined on instance. 
  at <Dropdown id="Left Arm-shiny" modelValue=null onUpdate:modelValue=fn<onUpdate:modelValue>  ... > 
  at <TabPanel header="Build" class="h-full" > 
  at <TabView class="h-full tinker-plants-tabs" > 
  at <TinkerPlants ref="VTU_COMPONENT" > 
  at <VTUROOT>
[Vue warn]: Property "$primevue" was accessed during render but is not defined on instance. 
  at <Dropdown id="Left Arm-bright" modelValue=null onUpdate:modelValue=fn<onUpdate:modelValue>  ... > 
  at <TabPanel header="Build" class="h-full" > 
  at <TabView class="h-full tinker-plants-tabs" > 
  at <TinkerPlants ref="VTU_COMPONENT" > 
  at <VTUROOT>
[Vue warn]: Property "$primevue" was accessed during render but is not defined on instance. 
  at <Dropdown id="Left Arm-faded" modelValue=null onUpdate:modelValue=fn<onUpdate:modelValue>  ... > 
  at <TabPanel header="Build" class="h-full" > 
  at <TabView class="h-full tinker-plants-tabs" > 
  at <TinkerPlants ref="VTU_COMPONENT" > 
  at <VTUROOT>
[Vue warn]: Property "$primevue" was accessed during render but is not defined on instance. 
  at <InputNumber id="Left Arm-ql" modelValue=200 onUpdate:modelValue=fn<onUpdate:modelValue>  ... > 
  at <TabPanel header="Build" class="h-full" > 
  at <TabView class="h-full tinker-plants-tabs" > 
  at <TinkerPlants ref="VTU_COMPONENT" > 
  at <VTUROOT>
[Vue warn]: Property "$primevue" was accessed during render but is not defined on instance. 
  at <Dropdown id="Right Wrist-shiny" modelValue=null onUpdate:modelValue=fn<onUpdate:modelValue>  ... > 
  at <TabPanel header="Build" class="h-full" > 
  at <TabView class="h-full tinker-plants-tabs" > 
  at <TinkerPlants ref="VTU_COMPONENT" > 
  at <VTUROOT>
[Vue warn]: Property "$primevue" was accessed during render but is not defined on instance. 
  at <Dropdown id="Right Wrist-bright" modelValue=null onUpdate:modelValue=fn<onUpdate:modelValue>  ... > 
  at <TabPanel header="Build" class="h-full" > 
  at <TabView class="h-full tinker-plants-tabs" > 
  at <TinkerPlants ref="VTU_COMPONENT" > 
  at <VTUROOT>
[Vue warn]: Property "$primevue" was accessed during render but is not defined on instance. 
  at <Dropdown id="Right Wrist-faded" modelValue=null onUpdate:modelValue=fn<onUpdate:modelValue>  ... > 
  at <TabPanel header="Build" class="h-full" > 
  at <TabView class="h-full tinker-plants-tabs" > 
  at <TinkerPlants ref="VTU_COMPONENT" > 
  at <VTUROOT>
[Vue warn]: Property "$primevue" was accessed during render but is not defined on instance. 
  at <InputNumber id="Right Wrist-ql" modelValue=200 onUpdate:modelValue=fn<onUpdate:modelValue>  ... > 
  at <TabPanel header="Build" class="h-full" > 
  at <TabView class="h-full tinker-plants-tabs" > 
  at <TinkerPlants ref="VTU_COMPONENT" > 
  at <VTUROOT>
[Vue warn]: Property "$primevue" was accessed during render but is not defined on instance. 
  at <Dropdown id="Waist-shiny" modelValue=null onUpdate:modelValue=fn<onUpdate:modelValue>  ... > 
  at <TabPanel header="Build" class="h-full" > 
  at <TabView class="h-full tinker-plants-tabs" > 
  at <TinkerPlants ref="VTU_COMPONENT" > 
  at <VTUROOT>
[Vue warn]: Property "$primevue" was accessed during render but is not defined on instance. 
  at <Dropdown id="Waist-bright" modelValue=null onUpdate:modelValue=fn<onUpdate:modelValue>  ... > 
  at <TabPanel header="Build" class="h-full" > 
  at <TabView class="h-full tinker-plants-tabs" > 
  at <TinkerPlants ref="VTU_COMPONENT" > 
  at <VTUROOT>
[Vue warn]: Property "$primevue" was accessed during render but is not defined on instance. 
  at <Dropdown id="Waist-faded" modelValue=null onUpdate:modelValue=fn<onUpdate:modelValue>  ... > 
  at <TabPanel header="Build" class="h-full" > 
  at <TabView class="h-full tinker-plants-tabs" > 
  at <TinkerPlants ref="VTU_COMPONENT" > 
  at <VTUROOT>
[Vue warn]: Property "$primevue" was accessed during render but is not defined on instance. 
  at <InputNumber id="Waist-ql" modelValue=200 onUpdate:modelValue=fn<onUpdate:modelValue>  ... > 
  at <TabPanel header="Build" class="h-full" > 
  at <TabView class="h-full tinker-plants-tabs" > 
  at <TinkerPlants ref="VTU_COMPONENT" > 
  at <VTUROOT>
[Vue warn]: Property "$primevue" was accessed during render but is not defined on instance. 
  at <Dropdown id="Left Wrist-shiny" modelValue=null onUpdate:modelValue=fn<onUpdate:modelValue>  ... > 
  at <TabPanel header="Build" class="h-full" > 
  at <TabView class="h-full tinker-plants-tabs" > 
  at <TinkerPlants ref="VTU_COMPONENT" > 
  at <VTUROOT>
[Vue warn]: Property "$primevue" was accessed during render but is not defined on instance. 
  at <Dropdown id="Left Wrist-bright" modelValue=null onUpdate:modelValue=fn<onUpdate:modelValue>  ... > 
  at <TabPanel header="Build" class="h-full" > 
  at <TabView class="h-full tinker-plants-tabs" > 
  at <TinkerPlants ref="VTU_COMPONENT" > 
  at <VTUROOT>
[Vue warn]: Property "$primevue" was accessed during render but is not defined on instance. 
  at <Dropdown id="Left Wrist-faded" modelValue=null onUpdate:modelValue=fn<onUpdate:modelValue>  ... > 
  at <TabPanel header="Build" class="h-full" > 
  at <TabView class="h-full tinker-plants-tabs" > 
  at <TinkerPlants ref="VTU_COMPONENT" > 
  at <VTUROOT>
[Vue warn]: Property "$primevue" was accessed during render but is not defined on instance. 
  at <InputNumber id="Left Wrist-ql" modelValue=200 onUpdate:modelValue=fn<onUpdate:modelValue>  ... > 
  at <TabPanel header="Build" class="h-full" > 
  at <TabView class="h-full tinker-plants-tabs" > 
  at <TinkerPlants ref="VTU_COMPONENT" > 
  at <VTUROOT>
[Vue warn]: Property "$primevue" was accessed during render but is not defined on instance. 
  at <Dropdown id="Right Hand-shiny" modelValue=null onUpdate:modelValue=fn<onUpdate:modelValue>  ... > 
  at <TabPanel header="Build" class="h-full" > 
  at <TabView class="h-full tinker-plants-tabs" > 
  at <TinkerPlants ref="VTU_COMPONENT" > 
  at <VTUROOT>
[Vue warn]: Property "$primevue" was accessed during render but is not defined on instance. 
  at <Dropdown id="Right Hand-bright" modelValue=null onUpdate:modelValue=fn<onUpdate:modelValue>  ... > 
  at <TabPanel header="Build" class="h-full" > 
  at <TabView class="h-full tinker-plants-tabs" > 
  at <TinkerPlants ref="VTU_COMPONENT" > 
  at <VTUROOT>
[Vue warn]: Property "$primevue" was accessed during render but is not defined on instance. 
  at <Dropdown id="Right Hand-faded" modelValue=null onUpdate:modelValue=fn<onUpdate:modelValue>  ... > 
  at <TabPanel header="Build" class="h-full" > 
  at <TabView class="h-full tinker-plants-tabs" > 
  at <TinkerPlants ref="VTU_COMPONENT" > 
  at <VTUROOT>
[Vue warn]: Property "$primevue" was accessed during render but is not defined on instance. 
  at <InputNumber id="Right Hand-ql" modelValue=200 onUpdate:modelValue=fn<onUpdate:modelValue>  ... > 
  at <TabPanel header="Build" class="h-full" > 
  at <TabView class="h-full tinker-plants-tabs" > 
  at <TinkerPlants ref="VTU_COMPONENT" > 
  at <VTUROOT>
[Vue warn]: Property "$primevue" was accessed during render but is not defined on instance. 
  at <Dropdown id="Leg-shiny" modelValue=null onUpdate:modelValue=fn<onUpdate:modelValue>  ... > 
  at <TabPanel header="Build" class="h-full" > 
  at <TabView class="h-full tinker-plants-tabs" > 
  at <TinkerPlants ref="VTU_COMPONENT" > 
  at <VTUROOT>
[Vue warn]: Property "$primevue" was accessed during render but is not defined on instance. 
  at <Dropdown id="Leg-bright" modelValue=null onUpdate:modelValue=fn<onUpdate:modelValue>  ... > 
  at <TabPanel header="Build" class="h-full" > 
  at <TabView class="h-full tinker-plants-tabs" > 
  at <TinkerPlants ref="VTU_COMPONENT" > 
  at <VTUROOT>
[Vue warn]: Property "$primevue" was accessed during render but is not defined on instance. 
  at <Dropdown id="Leg-faded" modelValue=null onUpdate:modelValue=fn<onUpdate:modelValue>  ... > 
  at <TabPanel header="Build" class="h-full" > 
  at <TabView class="h-full tinker-plants-tabs" > 
  at <TinkerPlants ref="VTU_COMPONENT" > 
  at <VTUROOT>
[Vue warn]: Property "$primevue" was accessed during render but is not defined on instance. 
  at <InputNumber id="Leg-ql" modelValue=200 onUpdate:modelValue=fn<onUpdate:modelValue>  ... > 
  at <TabPanel header="Build" class="h-full" > 
  at <TabView class="h-full tinker-plants-tabs" > 
  at <TinkerPlants ref="VTU_COMPONENT" > 
  at <VTUROOT>
[Vue warn]: Property "$primevue" was accessed during render but is not defined on instance. 
  at <Dropdown id="Left Hand-shiny" modelValue=null onUpdate:modelValue=fn<onUpdate:modelValue>  ... > 
  at <TabPanel header="Build" class="h-full" > 
  at <TabView class="h-full tinker-plants-tabs" > 
  at <TinkerPlants ref="VTU_COMPONENT" > 
  at <VTUROOT>
[Vue warn]: Property "$primevue" was accessed during render but is not defined on instance. 
  at <Dropdown id="Left Hand-bright" modelValue=null onUpdate:modelValue=fn<onUpdate:modelValue>  ... > 
  at <TabPanel header="Build" class="h-full" > 
  at <TabView class="h-full tinker-plants-tabs" > 
  at <TinkerPlants ref="VTU_COMPONENT" > 
  at <VTUROOT>
[Vue warn]: Property "$primevue" was accessed during render but is not defined on instance. 
  at <Dropdown id="Left Hand-faded" modelValue=null onUpdate:modelValue=fn<onUpdate:modelValue>  ... > 
  at <TabPanel header="Build" class="h-full" > 
  at <TabView class="h-full tinker-plants-tabs" > 
  at <TinkerPlants ref="VTU_COMPONENT" > 
  at <VTUROOT>
[Vue warn]: Property "$primevue" was accessed during render but is not defined on instance. 
  at <InputNumber id="Left Hand-ql" modelValue=200 onUpdate:modelValue=fn<onUpdate:modelValue>  ... > 
  at <TabPanel header="Build" class="h-full" > 
  at <TabView class="h-full tinker-plants-tabs" > 
  at <TinkerPlants ref="VTU_COMPONENT" > 
  at <VTUROOT>
[Vue warn]: Property "$primevue" was accessed during render but is not defined on instance. 
  at <Dropdown id="Feet-shiny" modelValue=null onUpdate:modelValue=fn<onUpdate:modelValue>  ... > 
  at <TabPanel header="Build" class="h-full" > 
  at <TabView class="h-full tinker-plants-tabs" > 
  at <TinkerPlants ref="VTU_COMPONENT" > 
  at <VTUROOT>
[Vue warn]: Property "$primevue" was accessed during render but is not defined on instance. 
  at <Dropdown id="Feet-bright" modelValue=null onUpdate:modelValue=fn<onUpdate:modelValue>  ... > 
  at <TabPanel header="Build" class="h-full" > 
  at <TabView class="h-full tinker-plants-tabs" > 
  at <TinkerPlants ref="VTU_COMPONENT" > 
  at <VTUROOT>
[Vue warn]: Property "$primevue" was accessed during render but is not defined on instance. 
  at <Dropdown id="Feet-faded" modelValue=null onUpdate:modelValue=fn<onUpdate:modelValue>  ... > 
  at <TabPanel header="Build" class="h-full" > 
  at <TabView class="h-full tinker-plants-tabs" > 
  at <TinkerPlants ref="VTU_COMPONENT" > 
  at <VTUROOT>
[Vue warn]: Property "$primevue" was accessed during render but is not defined on instance. 
  at <InputNumber id="Feet-ql" modelValue=200 onUpdate:modelValue=fn<onUpdate:modelValue>  ... > 
  at <TabPanel header="Build" class="h-full" > 
  at <TabView class="h-full tinker-plants-tabs" > 
  at <TinkerPlants ref="VTU_COMPONENT" > 
  at <VTUROOT>
[Vue warn]: Extraneous non-props attributes (class) were passed to component but could not be automatically inherited because component renders fragment or text root nodes. 
  at <TabPanel header="Construction" class="h-full" > 
  at <TabView class="h-full tinker-plants-tabs" > 
  at <TinkerPlants ref="VTU_COMPONENT" > 
  at <VTUROOT>
[Vue warn]: Extraneous non-props attributes (class) were passed to component but could not be automatically inherited because component renders fragment or text root nodes. 
  at <TabPanel header="Build" class="h-full" > 
  at <TabView class="h-full tinker-plants-tabs" > 
  at <TinkerPlants ref="VTU_COMPONENT" > 
  at <VTUROOT>
[Vue warn]: Property "$primevue" was accessed during render but is not defined on instance. 
  at <Dropdown id="Eye-shiny" modelValue=null onUpdate:modelValue=fn<onUpdate:modelValue>  ... > 
  at <TabPanel header="Build" class="h-full" > 
  at <TabView class="h-full tinker-plants-tabs" > 
  at <TinkerPlants ref="VTU_COMPONENT" > 
  at <VTUROOT>
[Vue warn]: Property "$primevue" was accessed during render but is not defined on instance. 
  at <Dropdown id="Eye-bright" modelValue=null onUpdate:modelValue=fn<onUpdate:modelValue>  ... > 
  at <TabPanel header="Build" class="h-full" > 
  at <TabView class="h-full tinker-plants-tabs" > 
  at <TinkerPlants ref="VTU_COMPONENT" > 
  at <VTUROOT>
[Vue warn]: Property "$primevue" was accessed during render but is not defined on instance. 
  at <Dropdown id="Eye-faded" modelValue=null onUpdate:modelValue=fn<onUpdate:modelValue>  ... > 
  at <TabPanel header="Build" class="h-full" > 
  at <TabView class="h-full tinker-plants-tabs" > 
  at <TinkerPlants ref="VTU_COMPONENT" > 
  at <VTUROOT>
[Vue warn]: Property "$primevue" was accessed during render but is not defined on instance. 
  at <Dropdown id="Head-shiny" modelValue=null onUpdate:modelValue=fn<onUpdate:modelValue>  ... > 
  at <TabPanel header="Build" class="h-full" > 
  at <TabView class="h-full tinker-plants-tabs" > 
  at <TinkerPlants ref="VTU_COMPONENT" > 
  at <VTUROOT>
[Vue warn]: Property "$primevue" was accessed during render but is not defined on instance. 
  at <Dropdown id="Head-bright" modelValue=null onUpdate:modelValue=fn<onUpdate:modelValue>  ... > 
  at <TabPanel header="Build" class="h-full" > 
  at <TabView class="h-full tinker-plants-tabs" > 
  at <TinkerPlants ref="VTU_COMPONENT" > 
  at <VTUROOT>
[Vue warn]: Property "$primevue" was accessed during render but is not defined on instance. 
  at <Dropdown id="Head-faded" modelValue=null onUpdate:modelValue=fn<onUpdate:modelValue>  ... > 
  at <TabPanel header="Build" class="h-full" > 
  at <TabView class="h-full tinker-plants-tabs" > 
  at <TinkerPlants ref="VTU_COMPONENT" > 
  at <VTUROOT>
[Vue warn]: Property "$primevue" was accessed during render but is not defined on instance. 
  at <Dropdown id="Ear-shiny" modelValue=null onUpdate:modelValue=fn<onUpdate:modelValue>  ... > 
  at <TabPanel header="Build" class="h-full" > 
  at <TabView class="h-full tinker-plants-tabs" > 
  at <TinkerPlants ref="VTU_COMPONENT" > 
  at <VTUROOT>
[Vue warn]: Property "$primevue" was accessed during render but is not defined on instance. 
  at <Dropdown id="Ear-bright" modelValue=null onUpdate:modelValue=fn<onUpdate:modelValue>  ... > 
  at <TabPanel header="Build" class="h-full" > 
  at <TabView class="h-full tinker-plants-tabs" > 
  at <TinkerPlants ref="VTU_COMPONENT" > 
  at <VTUROOT>
[Vue warn]: Property "$primevue" was accessed during render but is not defined on instance. 
  at <Dropdown id="Ear-faded" modelValue=null onUpdate:modelValue=fn<onUpdate:modelValue>  ... > 
  at <TabPanel header="Build" class="h-full" > 
  at <TabView class="h-full tinker-plants-tabs" > 
  at <TinkerPlants ref="VTU_COMPONENT" > 
  at <VTUROOT>
[Vue warn]: Property "$primevue" was accessed during render but is not defined on instance. 
  at <Dropdown id="Right Arm-shiny" modelValue=null onUpdate:modelValue=fn<onUpdate:modelValue>  ... > 
  at <TabPanel header="Build" class="h-full" > 
  at <TabView class="h-full tinker-plants-tabs" > 
  at <TinkerPlants ref="VTU_COMPONENT" > 
  at <VTUROOT>
[Vue warn]: Property "$primevue" was accessed during render but is not defined on instance. 
  at <Dropdown id="Right Arm-bright" modelValue=null onUpdate:modelValue=fn<onUpdate:modelValue>  ... > 
  at <TabPanel header="Build" class="h-full" > 
  at <TabView class="h-full tinker-plants-tabs" > 
  at <TinkerPlants ref="VTU_COMPONENT" > 
  at <VTUROOT>
[Vue warn]: Property "$primevue" was accessed during render but is not defined on instance. 
  at <Dropdown id="Right Arm-faded" modelValue=null onUpdate:modelValue=fn<onUpdate:modelValue>  ... > 
  at <TabPanel header="Build" class="h-full" > 
  at <TabView class="h-full tinker-plants-tabs" > 
  at <TinkerPlants ref="VTU_COMPONENT" > 
  at <VTUROOT>
[Vue warn]: Property "$primevue" was accessed during render but is not defined on instance. 
  at <Dropdown id="Chest-shiny" modelValue=null onUpdate:modelValue=fn<onUpdate:modelValue>  ... > 
  at <TabPanel header="Build" class="h-full" > 
  at <TabView class="h-full tinker-plants-tabs" > 
  at <TinkerPlants ref="VTU_COMPONENT" > 
  at <VTUROOT>
[Vue warn]: Property "$primevue" was accessed during render but is not defined on instance. 
  at <Dropdown id="Chest-bright" modelValue=null onUpdate:modelValue=fn<onUpdate:modelValue>  ... > 
  at <TabPanel header="Build" class="h-full" > 
  at <TabView class="h-full tinker-plants-tabs" > 
  at <TinkerPlants ref="VTU_COMPONENT" > 
  at <VTUROOT>
[Vue warn]: Property "$primevue" was accessed during render but is not defined on instance. 
  at <Dropdown id="Chest-faded" modelValue=null onUpdate:modelValue=fn<onUpdate:modelValue>  ... > 
  at <TabPanel header="Build" class="h-full" > 
  at <TabView class="h-full tinker-plants-tabs" > 
  at <TinkerPlants ref="VTU_COMPONENT" > 
  at <VTUROOT>
[Vue warn]: Property "$primevue" was accessed during render but is not defined on instance. 
  at <Dropdown id="Left Arm-shiny" modelValue=null onUpdate:modelValue=fn<onUpdate:modelValue>  ... > 
  at <TabPanel header="Build" class="h-full" > 
  at <TabView class="h-full tinker-plants-tabs" > 
  at <TinkerPlants ref="VTU_COMPONENT" > 
  at <VTUROOT>
[Vue warn]: Property "$primevue" was accessed during render but is not defined on instance. 
  at <Dropdown id="Left Arm-bright" modelValue=null onUpdate:modelValue=fn<onUpdate:modelValue>  ... > 
  at <TabPanel header="Build" class="h-full" > 
  at <TabView class="h-full tinker-plants-tabs" > 
  at <TinkerPlants ref="VTU_COMPONENT" > 
  at <VTUROOT>
[Vue warn]: Property "$primevue" was accessed during render but is not defined on instance. 
  at <Dropdown id="Left Arm-faded" modelValue=null onUpdate:modelValue=fn<onUpdate:modelValue>  ... > 
  at <TabPanel header="Build" class="h-full" > 
  at <TabView class="h-full tinker-plants-tabs" > 
  at <TinkerPlants ref="VTU_COMPONENT" > 
  at <VTUROOT>
[Vue warn]: Property "$primevue" was accessed during render but is not defined on instance. 
  at <Dropdown id="Right Wrist-shiny" modelValue=null onUpdate:modelValue=fn<onUpdate:modelValue>  ... > 
  at <TabPanel header="Build" class="h-full" > 
  at <TabView class="h-full tinker-plants-tabs" > 
  at <TinkerPlants ref="VTU_COMPONENT" > 
  at <VTUROOT>
[Vue warn]: Property "$primevue" was accessed during render but is not defined on instance. 
  at <Dropdown id="Right Wrist-bright" modelValue=null onUpdate:modelValue=fn<onUpdate:modelValue>  ... > 
  at <TabPanel header="Build" class="h-full" > 
  at <TabView class="h-full tinker-plants-tabs" > 
  at <TinkerPlants ref="VTU_COMPONENT" > 
  at <VTUROOT>
[Vue warn]: Property "$primevue" was accessed during render but is not defined on instance. 
  at <Dropdown id="Right Wrist-faded" modelValue=null onUpdate:modelValue=fn<onUpdate:modelValue>  ... > 
  at <TabPanel header="Build" class="h-full" > 
  at <TabView class="h-full tinker-plants-tabs" > 
  at <TinkerPlants ref="VTU_COMPONENT" > 
  at <VTUROOT>
[Vue warn]: Property "$primevue" was accessed during render but is not defined on instance. 
  at <Dropdown id="Waist-shiny" modelValue=null onUpdate:modelValue=fn<onUpdate:modelValue>  ... > 
  at <TabPanel header="Build" class="h-full" > 
  at <TabView class="h-full tinker-plants-tabs" > 
  at <TinkerPlants ref="VTU_COMPONENT" > 
  at <VTUROOT>
[Vue warn]: Property "$primevue" was accessed during render but is not defined on instance. 
  at <Dropdown id="Waist-bright" modelValue=null onUpdate:modelValue=fn<onUpdate:modelValue>  ... > 
  at <TabPanel header="Build" class="h-full" > 
  at <TabView class="h-full tinker-plants-tabs" > 
  at <TinkerPlants ref="VTU_COMPONENT" > 
  at <VTUROOT>
[Vue warn]: Property "$primevue" was accessed during render but is not defined on instance. 
  at <Dropdown id="Waist-faded" modelValue=null onUpdate:modelValue=fn<onUpdate:modelValue>  ... > 
  at <TabPanel header="Build" class="h-full" > 
  at <TabView class="h-full tinker-plants-tabs" > 
  at <TinkerPlants ref="VTU_COMPONENT" > 
  at <VTUROOT>
[Vue warn]: Property "$primevue" was accessed during render but is not defined on instance. 
  at <Dropdown id="Left Wrist-shiny" modelValue=null onUpdate:modelValue=fn<onUpdate:modelValue>  ... > 
  at <TabPanel header="Build" class="h-full" > 
  at <TabView class="h-full tinker-plants-tabs" > 
  at <TinkerPlants ref="VTU_COMPONENT" > 
  at <VTUROOT>
[Vue warn]: Property "$primevue" was accessed during render but is not defined on instance. 
  at <Dropdown id="Left Wrist-bright" modelValue=null onUpdate:modelValue=fn<onUpdate:modelValue>  ... > 
  at <TabPanel header="Build" class="h-full" > 
  at <TabView class="h-full tinker-plants-tabs" > 
  at <TinkerPlants ref="VTU_COMPONENT" > 
  at <VTUROOT>
[Vue warn]: Property "$primevue" was accessed during render but is not defined on instance. 
  at <Dropdown id="Left Wrist-faded" modelValue=null onUpdate:modelValue=fn<onUpdate:modelValue>  ... > 
  at <TabPanel header="Build" class="h-full" > 
  at <TabView class="h-full tinker-plants-tabs" > 
  at <TinkerPlants ref="VTU_COMPONENT" > 
  at <VTUROOT>
[Vue warn]: Property "$primevue" was accessed during render but is not defined on instance. 
  at <Dropdown id="Right Hand-shiny" modelValue=null onUpdate:modelValue=fn<onUpdate:modelValue>  ... > 
  at <TabPanel header="Build" class="h-full" > 
  at <TabView class="h-full tinker-plants-tabs" > 
  at <TinkerPlants ref="VTU_COMPONENT" > 
  at <VTUROOT>
[Vue warn]: Property "$primevue" was accessed during render but is not defined on instance. 
  at <Dropdown id="Right Hand-bright" modelValue=null onUpdate:modelValue=fn<onUpdate:modelValue>  ... > 
  at <TabPanel header="Build" class="h-full" > 
  at <TabView class="h-full tinker-plants-tabs" > 
  at <TinkerPlants ref="VTU_COMPONENT" > 
  at <VTUROOT>
[Vue warn]: Property "$primevue" was accessed during render but is not defined on instance. 
  at <Dropdown id="Right Hand-faded" modelValue=null onUpdate:modelValue=fn<onUpdate:modelValue>  ... > 
  at <TabPanel header="Build" class="h-full" > 
  at <TabView class="h-full tinker-plants-tabs" > 
  at <TinkerPlants ref="VTU_COMPONENT" > 
  at <VTUROOT>
[Vue warn]: Property "$primevue" was accessed during render but is not defined on instance. 
  at <Dropdown id="Leg-shiny" modelValue=null onUpdate:modelValue=fn<onUpdate:modelValue>  ... > 
  at <TabPanel header="Build" class="h-full" > 
  at <TabView class="h-full tinker-plants-tabs" > 
  at <TinkerPlants ref="VTU_COMPONENT" > 
  at <VTUROOT>
[Vue warn]: Property "$primevue" was accessed during render but is not defined on instance. 
  at <Dropdown id="Leg-bright" modelValue=null onUpdate:modelValue=fn<onUpdate:modelValue>  ... > 
  at <TabPanel header="Build" class="h-full" > 
  at <TabView class="h-full tinker-plants-tabs" > 
  at <TinkerPlants ref="VTU_COMPONENT" > 
  at <VTUROOT>
[Vue warn]: Property "$primevue" was accessed during render but is not defined on instance. 
  at <Dropdown id="Leg-faded" modelValue=null onUpdate:modelValue=fn<onUpdate:modelValue>  ... > 
  at <TabPanel header="Build" class="h-full" > 
  at <TabView class="h-full tinker-plants-tabs" > 
  at <TinkerPlants ref="VTU_COMPONENT" > 
  at <VTUROOT>
[Vue warn]: Property "$primevue" was accessed during render but is not defined on instance. 
  at <Dropdown id="Left Hand-shiny" modelValue=null onUpdate:modelValue=fn<onUpdate:modelValue>  ... > 
  at <TabPanel header="Build" class="h-full" > 
  at <TabView class="h-full tinker-plants-tabs" > 
  at <TinkerPlants ref="VTU_COMPONENT" > 
  at <VTUROOT>
[Vue warn]: Property "$primevue" was accessed during render but is not defined on instance. 
  at <Dropdown id="Left Hand-bright" modelValue=null onUpdate:modelValue=fn<onUpdate:modelValue>  ... > 
  at <TabPanel header="Build" class="h-full" > 
  at <TabView class="h-full tinker-plants-tabs" > 
  at <TinkerPlants ref="VTU_COMPONENT" > 
  at <VTUROOT>
[Vue warn]: Property "$primevue" was accessed during render but is not defined on instance. 
  at <Dropdown id="Left Hand-faded" modelValue=null onUpdate:modelValue=fn<onUpdate:modelValue>  ... > 
  at <TabPanel header="Build" class="h-full" > 
  at <TabView class="h-full tinker-plants-tabs" > 
  at <TinkerPlants ref="VTU_COMPONENT" > 
  at <VTUROOT>
[Vue warn]: Property "$primevue" was accessed during render but is not defined on instance. 
  at <Dropdown id="Feet-shiny" modelValue=null onUpdate:modelValue=fn<onUpdate:modelValue>  ... > 
  at <TabPanel header="Build" class="h-full" > 
  at <TabView class="h-full tinker-plants-tabs" > 
  at <TinkerPlants ref="VTU_COMPONENT" > 
  at <VTUROOT>
[Vue warn]: Property "$primevue" was accessed during render but is not defined on instance. 
  at <Dropdown id="Feet-bright" modelValue=null onUpdate:modelValue=fn<onUpdate:modelValue>  ... > 
  at <TabPanel header="Build" class="h-full" > 
  at <TabView class="h-full tinker-plants-tabs" > 
  at <TinkerPlants ref="VTU_COMPONENT" > 
  at <VTUROOT>
[Vue warn]: Property "$primevue" was accessed during render but is not defined on instance. 
  at <Dropdown id="Feet-faded" modelValue=null onUpdate:modelValue=fn<onUpdate:modelValue>  ... > 
  at <TabPanel header="Build" class="h-full" > 
  at <TabView class="h-full tinker-plants-tabs" > 
  at <TinkerPlants ref="VTU_COMPONENT" > 
  at <VTUROOT>
[Vue warn]: Extraneous non-props attributes (class) were passed to component but could not be automatically inherited because component renders fragment or text root nodes. 
  at <TabPanel header="Construction" class="h-full" > 
  at <TabView class="h-full tinker-plants-tabs" > 
  at <TinkerPlants ref="VTU_COMPONENT" > 
  at <VTUROOT>

stderr | src/__tests__/views/TinkerPlants.simple.test.ts > TinkerPlants - Simple Tests > Accessibility > calls setLoading on mount
[Vue warn]: Property "$primevue" was accessed during render but is not defined on instance. 
  at <InputNumber id="ql-input" modelValue=200 onUpdate:modelValue=fn  ... > 
  at <TinkerPlants ref="VTU_COMPONENT" > 
  at <VTUROOT>
[Vue warn]: Extraneous non-props attributes (class) were passed to component but could not be automatically inherited because component renders fragment or text root nodes. 
  at <TabPanel header="Build" class="h-full" > 
  at <TabView class="h-full tinker-plants-tabs" > 
  at <TinkerPlants ref="VTU_COMPONENT" > 
  at <VTUROOT>
[Vue warn]: Property "$primevue" was accessed during render but is not defined on instance. 
  at <Dropdown id="Eye-shiny" modelValue=null onUpdate:modelValue=fn<onUpdate:modelValue>  ... > 
  at <TabPanel header="Build" class="h-full" > 
  at <TabView class="h-full tinker-plants-tabs" > 
  at <TinkerPlants ref="VTU_COMPONENT" > 
  at <VTUROOT>
[Vue warn]: Property "$primevue" was accessed during render but is not defined on instance. 
  at <Dropdown id="Eye-bright" modelValue=null onUpdate:modelValue=fn<onUpdate:modelValue>  ... > 
  at <TabPanel header="Build" class="h-full" > 
  at <TabView class="h-full tinker-plants-tabs" > 
  at <TinkerPlants ref="VTU_COMPONENT" > 
  at <VTUROOT>
[Vue warn]: Property "$primevue" was accessed during render but is not defined on instance. 
  at <Dropdown id="Eye-faded" modelValue=null onUpdate:modelValue=fn<onUpdate:modelValue>  ... > 
  at <TabPanel header="Build" class="h-full" > 
  at <TabView class="h-full tinker-plants-tabs" > 
  at <TinkerPlants ref="VTU_COMPONENT" > 
  at <VTUROOT>
[Vue warn]: Property "$primevue" was accessed during render but is not defined on instance. 
  at <InputNumber id="Eye-ql" modelValue=200 onUpdate:modelValue=fn<onUpdate:modelValue>  ... > 
  at <TabPanel header="Build" class="h-full" > 
  at <TabView class="h-full tinker-plants-tabs" > 
  at <TinkerPlants ref="VTU_COMPONENT" > 
  at <VTUROOT>
[Vue warn]: Property "$primevue" was accessed during render but is not defined on instance. 
  at <Dropdown id="Head-shiny" modelValue=null onUpdate:modelValue=fn<onUpdate:modelValue>  ... > 
  at <TabPanel header="Build" class="h-full" > 
  at <TabView class="h-full tinker-plants-tabs" > 
  at <TinkerPlants ref="VTU_COMPONENT" > 
  at <VTUROOT>
[Vue warn]: Property "$primevue" was accessed during render but is not defined on instance. 
  at <Dropdown id="Head-bright" modelValue=null onUpdate:modelValue=fn<onUpdate:modelValue>  ... > 
  at <TabPanel header="Build" class="h-full" > 
  at <TabView class="h-full tinker-plants-tabs" > 
  at <TinkerPlants ref="VTU_COMPONENT" > 
  at <VTUROOT>
[Vue warn]: Property "$primevue" was accessed during render but is not defined on instance. 
  at <Dropdown id="Head-faded" modelValue=null onUpdate:modelValue=fn<onUpdate:modelValue>  ... > 
  at <TabPanel header="Build" class="h-full" > 
  at <TabView class="h-full tinker-plants-tabs" > 
  at <TinkerPlants ref="VTU_COMPONENT" > 
  at <VTUROOT>
[Vue warn]: Property "$primevue" was accessed during render but is not defined on instance. 
  at <InputNumber id="Head-ql" modelValue=200 onUpdate:modelValue=fn<onUpdate:modelValue>  ... > 
  at <TabPanel header="Build" class="h-full" > 
  at <TabView class="h-full tinker-plants-tabs" > 
  at <TinkerPlants ref="VTU_COMPONENT" > 
  at <VTUROOT>
[Vue warn]: Property "$primevue" was accessed during render but is not defined on instance. 
  at <Dropdown id="Ear-shiny" modelValue=null onUpdate:modelValue=fn<onUpdate:modelValue>  ... > 
  at <TabPanel header="Build" class="h-full" > 
  at <TabView class="h-full tinker-plants-tabs" > 
  at <TinkerPlants ref="VTU_COMPONENT" > 
  at <VTUROOT>
[Vue warn]: Property "$primevue" was accessed during render but is not defined on instance. 
  at <Dropdown id="Ear-bright" modelValue=null onUpdate:modelValue=fn<onUpdate:modelValue>  ... > 
  at <TabPanel header="Build" class="h-full" > 
  at <TabView class="h-full tinker-plants-tabs" > 
  at <TinkerPlants ref="VTU_COMPONENT" > 
  at <VTUROOT>
[Vue warn]: Property "$primevue" was accessed during render but is not defined on instance. 
  at <Dropdown id="Ear-faded" modelValue=null onUpdate:modelValue=fn<onUpdate:modelValue>  ... > 
  at <TabPanel header="Build" class="h-full" > 
  at <TabView class="h-full tinker-plants-tabs" > 
  at <TinkerPlants ref="VTU_COMPONENT" > 
  at <VTUROOT>
[Vue warn]: Property "$primevue" was accessed during render but is not defined on instance. 
  at <InputNumber id="Ear-ql" modelValue=200 onUpdate:modelValue=fn<onUpdate:modelValue>  ... > 
  at <TabPanel header="Build" class="h-full" > 
  at <TabView class="h-full tinker-plants-tabs" > 
  at <TinkerPlants ref="VTU_COMPONENT" > 
  at <VTUROOT>
[Vue warn]: Property "$primevue" was accessed during render but is not defined on instance. 
  at <Dropdown id="Right Arm-shiny" modelValue=null onUpdate:modelValue=fn<onUpdate:modelValue>  ... > 
  at <TabPanel header="Build" class="h-full" > 
  at <TabView class="h-full tinker-plants-tabs" > 
  at <TinkerPlants ref="VTU_COMPONENT" > 
  at <VTUROOT>
[Vue warn]: Property "$primevue" was accessed during render but is not defined on instance. 
  at <Dropdown id="Right Arm-bright" modelValue=null onUpdate:modelValue=fn<onUpdate:modelValue>  ... > 
  at <TabPanel header="Build" class="h-full" > 
  at <TabView class="h-full tinker-plants-tabs" > 
  at <TinkerPlants ref="VTU_COMPONENT" > 
  at <VTUROOT>
[Vue warn]: Property "$primevue" was accessed during render but is not defined on instance. 
  at <Dropdown id="Right Arm-faded" modelValue=null onUpdate:modelValue=fn<onUpdate:modelValue>  ... > 
  at <TabPanel header="Build" class="h-full" > 
  at <TabView class="h-full tinker-plants-tabs" > 
  at <TinkerPlants ref="VTU_COMPONENT" > 
  at <VTUROOT>
[Vue warn]: Property "$primevue" was accessed during render but is not defined on instance. 
  at <InputNumber id="Right Arm-ql" modelValue=200 onUpdate:modelValue=fn<onUpdate:modelValue>  ... > 
  at <TabPanel header="Build" class="h-full" > 
  at <TabView class="h-full tinker-plants-tabs" > 
  at <TinkerPlants ref="VTU_COMPONENT" > 
  at <VTUROOT>
[Vue warn]: Property "$primevue" was accessed during render but is not defined on instance. 
  at <Dropdown id="Chest-shiny" modelValue=null onUpdate:modelValue=fn<onUpdate:modelValue>  ... > 
  at <TabPanel header="Build" class="h-full" > 
  at <TabView class="h-full tinker-plants-tabs" > 
  at <TinkerPlants ref="VTU_COMPONENT" > 
  at <VTUROOT>
[Vue warn]: Property "$primevue" was accessed during render but is not defined on instance. 
  at <Dropdown id="Chest-bright" modelValue=null onUpdate:modelValue=fn<onUpdate:modelValue>  ... > 
  at <TabPanel header="Build" class="h-full" > 
  at <TabView class="h-full tinker-plants-tabs" > 
  at <TinkerPlants ref="VTU_COMPONENT" > 
  at <VTUROOT>
[Vue warn]: Property "$primevue" was accessed during render but is not defined on instance. 
  at <Dropdown id="Chest-faded" modelValue=null onUpdate:modelValue=fn<onUpdate:modelValue>  ... > 
  at <TabPanel header="Build" class="h-full" > 
  at <TabView class="h-full tinker-plants-tabs" > 
  at <TinkerPlants ref="VTU_COMPONENT" > 
  at <VTUROOT>
[Vue warn]: Property "$primevue" was accessed during render but is not defined on instance. 
  at <InputNumber id="Chest-ql" modelValue=200 onUpdate:modelValue=fn<onUpdate:modelValue>  ... > 
  at <TabPanel header="Build" class="h-full" > 
  at <TabView class="h-full tinker-plants-tabs" > 
  at <TinkerPlants ref="VTU_COMPONENT" > 
  at <VTUROOT>
[Vue warn]: Property "$primevue" was accessed during render but is not defined on instance. 
  at <Dropdown id="Left Arm-shiny" modelValue=null onUpdate:modelValue=fn<onUpdate:modelValue>  ... > 
  at <TabPanel header="Build" class="h-full" > 
  at <TabView class="h-full tinker-plants-tabs" > 
  at <TinkerPlants ref="VTU_COMPONENT" > 
  at <VTUROOT>
[Vue warn]: Property "$primevue" was accessed during render but is not defined on instance. 
  at <Dropdown id="Left Arm-bright" modelValue=null onUpdate:modelValue=fn<onUpdate:modelValue>  ... > 
  at <TabPanel header="Build" class="h-full" > 
  at <TabView class="h-full tinker-plants-tabs" > 
  at <TinkerPlants ref="VTU_COMPONENT" > 
  at <VTUROOT>
[Vue warn]: Property "$primevue" was accessed during render but is not defined on instance. 
  at <Dropdown id="Left Arm-faded" modelValue=null onUpdate:modelValue=fn<onUpdate:modelValue>  ... > 
  at <TabPanel header="Build" class="h-full" > 
  at <TabView class="h-full tinker-plants-tabs" > 
  at <TinkerPlants ref="VTU_COMPONENT" > 
  at <VTUROOT>
[Vue warn]: Property "$primevue" was accessed during render but is not defined on instance. 
  at <InputNumber id="Left Arm-ql" modelValue=200 onUpdate:modelValue=fn<onUpdate:modelValue>  ... > 
  at <TabPanel header="Build" class="h-full" > 
  at <TabView class="h-full tinker-plants-tabs" > 
  at <TinkerPlants ref="VTU_COMPONENT" > 
  at <VTUROOT>
[Vue warn]: Property "$primevue" was accessed during render but is not defined on instance. 
  at <Dropdown id="Right Wrist-shiny" modelValue=null onUpdate:modelValue=fn<onUpdate:modelValue>  ... > 
  at <TabPanel header="Build" class="h-full" > 
  at <TabView class="h-full tinker-plants-tabs" > 
  at <TinkerPlants ref="VTU_COMPONENT" > 
  at <VTUROOT>
[Vue warn]: Property "$primevue" was accessed during render but is not defined on instance. 
  at <Dropdown id="Right Wrist-bright" modelValue=null onUpdate:modelValue=fn<onUpdate:modelValue>  ... > 
  at <TabPanel header="Build" class="h-full" > 
  at <TabView class="h-full tinker-plants-tabs" > 
  at <TinkerPlants ref="VTU_COMPONENT" > 
  at <VTUROOT>
[Vue warn]: Property "$primevue" was accessed during render but is not defined on instance. 
  at <Dropdown id="Right Wrist-faded" modelValue=null onUpdate:modelValue=fn<onUpdate:modelValue>  ... > 
  at <TabPanel header="Build" class="h-full" > 
  at <TabView class="h-full tinker-plants-tabs" > 
  at <TinkerPlants ref="VTU_COMPONENT" > 
  at <VTUROOT>
[Vue warn]: Property "$primevue" was accessed during render but is not defined on instance. 
  at <InputNumber id="Right Wrist-ql" modelValue=200 onUpdate:modelValue=fn<onUpdate:modelValue>  ... > 
  at <TabPanel header="Build" class="h-full" > 
  at <TabView class="h-full tinker-plants-tabs" > 
  at <TinkerPlants ref="VTU_COMPONENT" > 
  at <VTUROOT>
[Vue warn]: Property "$primevue" was accessed during render but is not defined on instance. 
  at <Dropdown id="Waist-shiny" modelValue=null onUpdate:modelValue=fn<onUpdate:modelValue>  ... > 
  at <TabPanel header="Build" class="h-full" > 
  at <TabView class="h-full tinker-plants-tabs" > 
  at <TinkerPlants ref="VTU_COMPONENT" > 
  at <VTUROOT>
[Vue warn]: Property "$primevue" was accessed during render but is not defined on instance. 
  at <Dropdown id="Waist-bright" modelValue=null onUpdate:modelValue=fn<onUpdate:modelValue>  ... > 
  at <TabPanel header="Build" class="h-full" > 
  at <TabView class="h-full tinker-plants-tabs" > 
  at <TinkerPlants ref="VTU_COMPONENT" > 
  at <VTUROOT>
[Vue warn]: Property "$primevue" was accessed during render but is not defined on instance. 
  at <Dropdown id="Waist-faded" modelValue=null onUpdate:modelValue=fn<onUpdate:modelValue>  ... > 
  at <TabPanel header="Build" class="h-full" > 
  at <TabView class="h-full tinker-plants-tabs" > 
  at <TinkerPlants ref="VTU_COMPONENT" > 
  at <VTUROOT>
[Vue warn]: Property "$primevue" was accessed during render but is not defined on instance. 
  at <InputNumber id="Waist-ql" modelValue=200 onUpdate:modelValue=fn<onUpdate:modelValue>  ... > 
  at <TabPanel header="Build" class="h-full" > 
  at <TabView class="h-full tinker-plants-tabs" > 
  at <TinkerPlants ref="VTU_COMPONENT" > 
  at <VTUROOT>
[Vue warn]: Property "$primevue" was accessed during render but is not defined on instance. 
  at <Dropdown id="Left Wrist-shiny" modelValue=null onUpdate:modelValue=fn<onUpdate:modelValue>  ... > 
  at <TabPanel header="Build" class="h-full" > 
  at <TabView class="h-full tinker-plants-tabs" > 
  at <TinkerPlants ref="VTU_COMPONENT" > 
  at <VTUROOT>
[Vue warn]: Property "$primevue" was accessed during render but is not defined on instance. 
  at <Dropdown id="Left Wrist-bright" modelValue=null onUpdate:modelValue=fn<onUpdate:modelValue>  ... > 
  at <TabPanel header="Build" class="h-full" > 
  at <TabView class="h-full tinker-plants-tabs" > 
  at <TinkerPlants ref="VTU_COMPONENT" > 
  at <VTUROOT>
[Vue warn]: Property "$primevue" was accessed during render but is not defined on instance. 
  at <Dropdown id="Left Wrist-faded" modelValue=null onUpdate:modelValue=fn<onUpdate:modelValue>  ... > 
  at <TabPanel header="Build" class="h-full" > 
  at <TabView class="h-full tinker-plants-tabs" > 
  at <TinkerPlants ref="VTU_COMPONENT" > 
  at <VTUROOT>
[Vue warn]: Property "$primevue" was accessed during render but is not defined on instance. 
  at <InputNumber id="Left Wrist-ql" modelValue=200 onUpdate:modelValue=fn<onUpdate:modelValue>  ... > 
  at <TabPanel header="Build" class="h-full" > 
  at <TabView class="h-full tinker-plants-tabs" > 
  at <TinkerPlants ref="VTU_COMPONENT" > 
  at <VTUROOT>
[Vue warn]: Property "$primevue" was accessed during render but is not defined on instance. 
  at <Dropdown id="Right Hand-shiny" modelValue=null onUpdate:modelValue=fn<onUpdate:modelValue>  ... > 
  at <TabPanel header="Build" class="h-full" > 
  at <TabView class="h-full tinker-plants-tabs" > 
  at <TinkerPlants ref="VTU_COMPONENT" > 
  at <VTUROOT>
[Vue warn]: Property "$primevue" was accessed during render but is not defined on instance. 
  at <Dropdown id="Right Hand-bright" modelValue=null onUpdate:modelValue=fn<onUpdate:modelValue>  ... > 
  at <TabPanel header="Build" class="h-full" > 
  at <TabView class="h-full tinker-plants-tabs" > 
  at <TinkerPlants ref="VTU_COMPONENT" > 
  at <VTUROOT>
[Vue warn]: Property "$primevue" was accessed during render but is not defined on instance. 
  at <Dropdown id="Right Hand-faded" modelValue=null onUpdate:modelValue=fn<onUpdate:modelValue>  ... > 
  at <TabPanel header="Build" class="h-full" > 
  at <TabView class="h-full tinker-plants-tabs" > 
  at <TinkerPlants ref="VTU_COMPONENT" > 
  at <VTUROOT>
[Vue warn]: Property "$primevue" was accessed during render but is not defined on instance. 
  at <InputNumber id="Right Hand-ql" modelValue=200 onUpdate:modelValue=fn<onUpdate:modelValue>  ... > 
  at <TabPanel header="Build" class="h-full" > 
  at <TabView class="h-full tinker-plants-tabs" > 
  at <TinkerPlants ref="VTU_COMPONENT" > 
  at <VTUROOT>
[Vue warn]: Property "$primevue" was accessed during render but is not defined on instance. 
  at <Dropdown id="Leg-shiny" modelValue=null onUpdate:modelValue=fn<onUpdate:modelValue>  ... > 
  at <TabPanel header="Build" class="h-full" > 
  at <TabView class="h-full tinker-plants-tabs" > 
  at <TinkerPlants ref="VTU_COMPONENT" > 
  at <VTUROOT>
[Vue warn]: Property "$primevue" was accessed during render but is not defined on instance. 
  at <Dropdown id="Leg-bright" modelValue=null onUpdate:modelValue=fn<onUpdate:modelValue>  ... > 
  at <TabPanel header="Build" class="h-full" > 
  at <TabView class="h-full tinker-plants-tabs" > 
  at <TinkerPlants ref="VTU_COMPONENT" > 
  at <VTUROOT>
[Vue warn]: Property "$primevue" was accessed during render but is not defined on instance. 
  at <Dropdown id="Leg-faded" modelValue=null onUpdate:modelValue=fn<onUpdate:modelValue>  ... > 
  at <TabPanel header="Build" class="h-full" > 
  at <TabView class="h-full tinker-plants-tabs" > 
  at <TinkerPlants ref="VTU_COMPONENT" > 
  at <VTUROOT>
[Vue warn]: Property "$primevue" was accessed during render but is not defined on instance. 
  at <InputNumber id="Leg-ql" modelValue=200 onUpdate:modelValue=fn<onUpdate:modelValue>  ... > 
  at <TabPanel header="Build" class="h-full" > 
  at <TabView class="h-full tinker-plants-tabs" > 
  at <TinkerPlants ref="VTU_COMPONENT" > 
  at <VTUROOT>
[Vue warn]: Property "$primevue" was accessed during render but is not defined on instance. 
  at <Dropdown id="Left Hand-shiny" modelValue=null onUpdate:modelValue=fn<onUpdate:modelValue>  ... > 
  at <TabPanel header="Build" class="h-full" > 
  at <TabView class="h-full tinker-plants-tabs" > 
  at <TinkerPlants ref="VTU_COMPONENT" > 
  at <VTUROOT>
[Vue warn]: Property "$primevue" was accessed during render but is not defined on instance. 
  at <Dropdown id="Left Hand-bright" modelValue=null onUpdate:modelValue=fn<onUpdate:modelValue>  ... > 
  at <TabPanel header="Build" class="h-full" > 
  at <TabView class="h-full tinker-plants-tabs" > 
  at <TinkerPlants ref="VTU_COMPONENT" > 
  at <VTUROOT>
[Vue warn]: Property "$primevue" was accessed during render but is not defined on instance. 
  at <Dropdown id="Left Hand-faded" modelValue=null onUpdate:modelValue=fn<onUpdate:modelValue>  ... > 
  at <TabPanel header="Build" class="h-full" > 
  at <TabView class="h-full tinker-plants-tabs" > 
  at <TinkerPlants ref="VTU_COMPONENT" > 
  at <VTUROOT>
[Vue warn]: Property "$primevue" was accessed during render but is not defined on instance. 
  at <InputNumber id="Left Hand-ql" modelValue=200 onUpdate:modelValue=fn<onUpdate:modelValue>  ... > 
  at <TabPanel header="Build" class="h-full" > 
  at <TabView class="h-full tinker-plants-tabs" > 
  at <TinkerPlants ref="VTU_COMPONENT" > 
  at <VTUROOT>
[Vue warn]: Property "$primevue" was accessed during render but is not defined on instance. 
  at <Dropdown id="Feet-shiny" modelValue=null onUpdate:modelValue=fn<onUpdate:modelValue>  ... > 
  at <TabPanel header="Build" class="h-full" > 
  at <TabView class="h-full tinker-plants-tabs" > 
  at <TinkerPlants ref="VTU_COMPONENT" > 
  at <VTUROOT>
[Vue warn]: Property "$primevue" was accessed during render but is not defined on instance. 
  at <Dropdown id="Feet-bright" modelValue=null onUpdate:modelValue=fn<onUpdate:modelValue>  ... > 
  at <TabPanel header="Build" class="h-full" > 
  at <TabView class="h-full tinker-plants-tabs" > 
  at <TinkerPlants ref="VTU_COMPONENT" > 
  at <VTUROOT>
[Vue warn]: Property "$primevue" was accessed during render but is not defined on instance. 
  at <Dropdown id="Feet-faded" modelValue=null onUpdate:modelValue=fn<onUpdate:modelValue>  ... > 
  at <TabPanel header="Build" class="h-full" > 
  at <TabView class="h-full tinker-plants-tabs" > 
  at <TinkerPlants ref="VTU_COMPONENT" > 
  at <VTUROOT>
[Vue warn]: Property "$primevue" was accessed during render but is not defined on instance. 
  at <InputNumber id="Feet-ql" modelValue=200 onUpdate:modelValue=fn<onUpdate:modelValue>  ... > 
  at <TabPanel header="Build" class="h-full" > 
  at <TabView class="h-full tinker-plants-tabs" > 
  at <TinkerPlants ref="VTU_COMPONENT" > 
  at <VTUROOT>
[Vue warn]: Extraneous non-props attributes (class) were passed to component but could not be automatically inherited because component renders fragment or text root nodes. 
  at <TabPanel header="Construction" class="h-full" > 
  at <TabView class="h-full tinker-plants-tabs" > 
  at <TinkerPlants ref="VTU_COMPONENT" > 
  at <VTUROOT>
[Vue warn]: Extraneous non-props attributes (class) were passed to component but could not be automatically inherited because component renders fragment or text root nodes. 
  at <TabPanel header="Build" class="h-full" > 
  at <TabView class="h-full tinker-plants-tabs" > 
  at <TinkerPlants ref="VTU_COMPONENT" > 
  at <VTUROOT>
[Vue warn]: Property "$primevue" was accessed during render but is not defined on instance. 
  at <Dropdown id="Eye-shiny" modelValue=null onUpdate:modelValue=fn<onUpdate:modelValue>  ... > 
  at <TabPanel header="Build" class="h-full" > 
  at <TabView class="h-full tinker-plants-tabs" > 
  at <TinkerPlants ref="VTU_COMPONENT" > 
  at <VTUROOT>
[Vue warn]: Property "$primevue" was accessed during render but is not defined on instance. 
  at <Dropdown id="Eye-bright" modelValue=null onUpdate:modelValue=fn<onUpdate:modelValue>  ... > 
  at <TabPanel header="Build" class="h-full" > 
  at <TabView class="h-full tinker-plants-tabs" > 
  at <TinkerPlants ref="VTU_COMPONENT" > 
  at <VTUROOT>
[Vue warn]: Property "$primevue" was accessed during render but is not defined on instance. 
  at <Dropdown id="Eye-faded" modelValue=null onUpdate:modelValue=fn<onUpdate:modelValue>  ... > 
  at <TabPanel header="Build" class="h-full" > 
  at <TabView class="h-full tinker-plants-tabs" > 
  at <TinkerPlants ref="VTU_COMPONENT" > 
  at <VTUROOT>
[Vue warn]: Property "$primevue" was accessed during render but is not defined on instance. 
  at <Dropdown id="Head-shiny" modelValue=null onUpdate:modelValue=fn<onUpdate:modelValue>  ... > 
  at <TabPanel header="Build" class="h-full" > 
  at <TabView class="h-full tinker-plants-tabs" > 
  at <TinkerPlants ref="VTU_COMPONENT" > 
  at <VTUROOT>
[Vue warn]: Property "$primevue" was accessed during render but is not defined on instance. 
  at <Dropdown id="Head-bright" modelValue=null onUpdate:modelValue=fn<onUpdate:modelValue>  ... > 
  at <TabPanel header="Build" class="h-full" > 
  at <TabView class="h-full tinker-plants-tabs" > 
  at <TinkerPlants ref="VTU_COMPONENT" > 
  at <VTUROOT>
[Vue warn]: Property "$primevue" was accessed during render but is not defined on instance. 
  at <Dropdown id="Head-faded" modelValue=null onUpdate:modelValue=fn<onUpdate:modelValue>  ... > 
  at <TabPanel header="Build" class="h-full" > 
  at <TabView class="h-full tinker-plants-tabs" > 
  at <TinkerPlants ref="VTU_COMPONENT" > 
  at <VTUROOT>
[Vue warn]: Property "$primevue" was accessed during render but is not defined on instance. 
  at <Dropdown id="Ear-shiny" modelValue=null onUpdate:modelValue=fn<onUpdate:modelValue>  ... > 
  at <TabPanel header="Build" class="h-full" > 
  at <TabView class="h-full tinker-plants-tabs" > 
  at <TinkerPlants ref="VTU_COMPONENT" > 
  at <VTUROOT>
[Vue warn]: Property "$primevue" was accessed during render but is not defined on instance. 
  at <Dropdown id="Ear-bright" modelValue=null onUpdate:modelValue=fn<onUpdate:modelValue>  ... > 
  at <TabPanel header="Build" class="h-full" > 
  at <TabView class="h-full tinker-plants-tabs" > 
  at <TinkerPlants ref="VTU_COMPONENT" > 
  at <VTUROOT>
[Vue warn]: Property "$primevue" was accessed during render but is not defined on instance. 
  at <Dropdown id="Ear-faded" modelValue=null onUpdate:modelValue=fn<onUpdate:modelValue>  ... > 
  at <TabPanel header="Build" class="h-full" > 
  at <TabView class="h-full tinker-plants-tabs" > 
  at <TinkerPlants ref="VTU_COMPONENT" > 
  at <VTUROOT>
[Vue warn]: Property "$primevue" was accessed during render but is not defined on instance. 
  at <Dropdown id="Right Arm-shiny" modelValue=null onUpdate:modelValue=fn<onUpdate:modelValue>  ... > 
  at <TabPanel header="Build" class="h-full" > 
  at <TabView class="h-full tinker-plants-tabs" > 
  at <TinkerPlants ref="VTU_COMPONENT" > 
  at <VTUROOT>
[Vue warn]: Property "$primevue" was accessed during render but is not defined on instance. 
  at <Dropdown id="Right Arm-bright" modelValue=null onUpdate:modelValue=fn<onUpdate:modelValue>  ... > 
  at <TabPanel header="Build" class="h-full" > 
  at <TabView class="h-full tinker-plants-tabs" > 
  at <TinkerPlants ref="VTU_COMPONENT" > 
  at <VTUROOT>
[Vue warn]: Property "$primevue" was accessed during render but is not defined on instance. 
  at <Dropdown id="Right Arm-faded" modelValue=null onUpdate:modelValue=fn<onUpdate:modelValue>  ... > 
  at <TabPanel header="Build" class="h-full" > 
  at <TabView class="h-full tinker-plants-tabs" > 
  at <TinkerPlants ref="VTU_COMPONENT" > 
  at <VTUROOT>
[Vue warn]: Property "$primevue" was accessed during render but is not defined on instance. 
  at <Dropdown id="Chest-shiny" modelValue=null onUpdate:modelValue=fn<onUpdate:modelValue>  ... > 
  at <TabPanel header="Build" class="h-full" > 
  at <TabView class="h-full tinker-plants-tabs" > 
  at <TinkerPlants ref="VTU_COMPONENT" > 
  at <VTUROOT>
[Vue warn]: Property "$primevue" was accessed during render but is not defined on instance. 
  at <Dropdown id="Chest-bright" modelValue=null onUpdate:modelValue=fn<onUpdate:modelValue>  ... > 
  at <TabPanel header="Build" class="h-full" > 
  at <TabView class="h-full tinker-plants-tabs" > 
  at <TinkerPlants ref="VTU_COMPONENT" > 
  at <VTUROOT>
[Vue warn]: Property "$primevue" was accessed during render but is not defined on instance. 
  at <Dropdown id="Chest-faded" modelValue=null onUpdate:modelValue=fn<onUpdate:modelValue>  ... > 
  at <TabPanel header="Build" class="h-full" > 
  at <TabView class="h-full tinker-plants-tabs" > 
  at <TinkerPlants ref="VTU_COMPONENT" > 
  at <VTUROOT>
[Vue warn]: Property "$primevue" was accessed during render but is not defined on instance. 
  at <Dropdown id="Left Arm-shiny" modelValue=null onUpdate:modelValue=fn<onUpdate:modelValue>  ... > 
  at <TabPanel header="Build" class="h-full" > 
  at <TabView class="h-full tinker-plants-tabs" > 
  at <TinkerPlants ref="VTU_COMPONENT" > 
  at <VTUROOT>
[Vue warn]: Property "$primevue" was accessed during render but is not defined on instance. 
  at <Dropdown id="Left Arm-bright" modelValue=null onUpdate:modelValue=fn<onUpdate:modelValue>  ... > 
  at <TabPanel header="Build" class="h-full" > 
  at <TabView class="h-full tinker-plants-tabs" > 
  at <TinkerPlants ref="VTU_COMPONENT" > 
  at <VTUROOT>
[Vue warn]: Property "$primevue" was accessed during render but is not defined on instance. 
  at <Dropdown id="Left Arm-faded" modelValue=null onUpdate:modelValue=fn<onUpdate:modelValue>  ... > 
  at <TabPanel header="Build" class="h-full" > 
  at <TabView class="h-full tinker-plants-tabs" > 
  at <TinkerPlants ref="VTU_COMPONENT" > 
  at <VTUROOT>
[Vue warn]: Property "$primevue" was accessed during render but is not defined on instance. 
  at <Dropdown id="Right Wrist-shiny" modelValue=null onUpdate:modelValue=fn<onUpdate:modelValue>  ... > 
  at <TabPanel header="Build" class="h-full" > 
  at <TabView class="h-full tinker-plants-tabs" > 
  at <TinkerPlants ref="VTU_COMPONENT" > 
  at <VTUROOT>
[Vue warn]: Property "$primevue" was accessed during render but is not defined on instance. 
  at <Dropdown id="Right Wrist-bright" modelValue=null onUpdate:modelValue=fn<onUpdate:modelValue>  ... > 
  at <TabPanel header="Build" class="h-full" > 
  at <TabView class="h-full tinker-plants-tabs" > 
  at <TinkerPlants ref="VTU_COMPONENT" > 
  at <VTUROOT>
[Vue warn]: Property "$primevue" was accessed during render but is not defined on instance. 
  at <Dropdown id="Right Wrist-faded" modelValue=null onUpdate:modelValue=fn<onUpdate:modelValue>  ... > 
  at <TabPanel header="Build" class="h-full" > 
  at <TabView class="h-full tinker-plants-tabs" > 
  at <TinkerPlants ref="VTU_COMPONENT" > 
  at <VTUROOT>
[Vue warn]: Property "$primevue" was accessed during render but is not defined on instance. 
  at <Dropdown id="Waist-shiny" modelValue=null onUpdate:modelValue=fn<onUpdate:modelValue>  ... > 
  at <TabPanel header="Build" class="h-full" > 
  at <TabView class="h-full tinker-plants-tabs" > 
  at <TinkerPlants ref="VTU_COMPONENT" > 
  at <VTUROOT>
[Vue warn]: Property "$primevue" was accessed during render but is not defined on instance. 
  at <Dropdown id="Waist-bright" modelValue=null onUpdate:modelValue=fn<onUpdate:modelValue>  ... > 
  at <TabPanel header="Build" class="h-full" > 
  at <TabView class="h-full tinker-plants-tabs" > 
  at <TinkerPlants ref="VTU_COMPONENT" > 
  at <VTUROOT>
[Vue warn]: Property "$primevue" was accessed during render but is not defined on instance. 
  at <Dropdown id="Waist-faded" modelValue=null onUpdate:modelValue=fn<onUpdate:modelValue>  ... > 
  at <TabPanel header="Build" class="h-full" > 
  at <TabView class="h-full tinker-plants-tabs" > 
  at <TinkerPlants ref="VTU_COMPONENT" > 
  at <VTUROOT>
[Vue warn]: Property "$primevue" was accessed during render but is not defined on instance. 
  at <Dropdown id="Left Wrist-shiny" modelValue=null onUpdate:modelValue=fn<onUpdate:modelValue>  ... > 
  at <TabPanel header="Build" class="h-full" > 
  at <TabView class="h-full tinker-plants-tabs" > 
  at <TinkerPlants ref="VTU_COMPONENT" > 
  at <VTUROOT>
[Vue warn]: Property "$primevue" was accessed during render but is not defined on instance. 
  at <Dropdown id="Left Wrist-bright" modelValue=null onUpdate:modelValue=fn<onUpdate:modelValue>  ... > 
  at <TabPanel header="Build" class="h-full" > 
  at <TabView class="h-full tinker-plants-tabs" > 
  at <TinkerPlants ref="VTU_COMPONENT" > 
  at <VTUROOT>
[Vue warn]: Property "$primevue" was accessed during render but is not defined on instance. 
  at <Dropdown id="Left Wrist-faded" modelValue=null onUpdate:modelValue=fn<onUpdate:modelValue>  ... > 
  at <TabPanel header="Build" class="h-full" > 
  at <TabView class="h-full tinker-plants-tabs" > 
  at <TinkerPlants ref="VTU_COMPONENT" > 
  at <VTUROOT>
[Vue warn]: Property "$primevue" was accessed during render but is not defined on instance. 
  at <Dropdown id="Right Hand-shiny" modelValue=null onUpdate:modelValue=fn<onUpdate:modelValue>  ... > 
  at <TabPanel header="Build" class="h-full" > 
  at <TabView class="h-full tinker-plants-tabs" > 
  at <TinkerPlants ref="VTU_COMPONENT" > 
  at <VTUROOT>
[Vue warn]: Property "$primevue" was accessed during render but is not defined on instance. 
  at <Dropdown id="Right Hand-bright" modelValue=null onUpdate:modelValue=fn<onUpdate:modelValue>  ... > 
  at <TabPanel header="Build" class="h-full" > 
  at <TabView class="h-full tinker-plants-tabs" > 
  at <TinkerPlants ref="VTU_COMPONENT" > 
  at <VTUROOT>
[Vue warn]: Property "$primevue" was accessed during render but is not defined on instance. 
  at <Dropdown id="Right Hand-faded" modelValue=null onUpdate:modelValue=fn<onUpdate:modelValue>  ... > 
  at <TabPanel header="Build" class="h-full" > 
  at <TabView class="h-full tinker-plants-tabs" > 
  at <TinkerPlants ref="VTU_COMPONENT" > 
  at <VTUROOT>
[Vue warn]: Property "$primevue" was accessed during render but is not defined on instance. 
  at <Dropdown id="Leg-shiny" modelValue=null onUpdate:modelValue=fn<onUpdate:modelValue>  ... > 
  at <TabPanel header="Build" class="h-full" > 
  at <TabView class="h-full tinker-plants-tabs" > 
  at <TinkerPlants ref="VTU_COMPONENT" > 
  at <VTUROOT>
[Vue warn]: Property "$primevue" was accessed during render but is not defined on instance. 
  at <Dropdown id="Leg-bright" modelValue=null onUpdate:modelValue=fn<onUpdate:modelValue>  ... > 
  at <TabPanel header="Build" class="h-full" > 
  at <TabView class="h-full tinker-plants-tabs" > 
  at <TinkerPlants ref="VTU_COMPONENT" > 
  at <VTUROOT>
[Vue warn]: Property "$primevue" was accessed during render but is not defined on instance. 
  at <Dropdown id="Leg-faded" modelValue=null onUpdate:modelValue=fn<onUpdate:modelValue>  ... > 
  at <TabPanel header="Build" class="h-full" > 
  at <TabView class="h-full tinker-plants-tabs" > 
  at <TinkerPlants ref="VTU_COMPONENT" > 
  at <VTUROOT>
[Vue warn]: Property "$primevue" was accessed during render but is not defined on instance. 
  at <Dropdown id="Left Hand-shiny" modelValue=null onUpdate:modelValue=fn<onUpdate:modelValue>  ... > 
  at <TabPanel header="Build" class="h-full" > 
  at <TabView class="h-full tinker-plants-tabs" > 
  at <TinkerPlants ref="VTU_COMPONENT" > 
  at <VTUROOT>
[Vue warn]: Property "$primevue" was accessed during render but is not defined on instance. 
  at <Dropdown id="Left Hand-bright" modelValue=null onUpdate:modelValue=fn<onUpdate:modelValue>  ... > 
  at <TabPanel header="Build" class="h-full" > 
  at <TabView class="h-full tinker-plants-tabs" > 
  at <TinkerPlants ref="VTU_COMPONENT" > 
  at <VTUROOT>
[Vue warn]: Property "$primevue" was accessed during render but is not defined on instance. 
  at <Dropdown id="Left Hand-faded" modelValue=null onUpdate:modelValue=fn<onUpdate:modelValue>  ... > 
  at <TabPanel header="Build" class="h-full" > 
  at <TabView class="h-full tinker-plants-tabs" > 
  at <TinkerPlants ref="VTU_COMPONENT" > 
  at <VTUROOT>
[Vue warn]: Property "$primevue" was accessed during render but is not defined on instance. 
  at <Dropdown id="Feet-shiny" modelValue=null onUpdate:modelValue=fn<onUpdate:modelValue>  ... > 
  at <TabPanel header="Build" class="h-full" > 
  at <TabView class="h-full tinker-plants-tabs" > 
  at <TinkerPlants ref="VTU_COMPONENT" > 
  at <VTUROOT>
[Vue warn]: Property "$primevue" was accessed during render but is not defined on instance. 
  at <Dropdown id="Feet-bright" modelValue=null onUpdate:modelValue=fn<onUpdate:modelValue>  ... > 
  at <TabPanel header="Build" class="h-full" > 
  at <TabView class="h-full tinker-plants-tabs" > 
  at <TinkerPlants ref="VTU_COMPONENT" > 
  at <VTUROOT>
[Vue warn]: Property "$primevue" was accessed during render but is not defined on instance. 
  at <Dropdown id="Feet-faded" modelValue=null onUpdate:modelValue=fn<onUpdate:modelValue>  ... > 
  at <TabPanel header="Build" class="h-full" > 
  at <TabView class="h-full tinker-plants-tabs" > 
  at <TinkerPlants ref="VTU_COMPONENT" > 
  at <VTUROOT>
[Vue warn]: Extraneous non-props attributes (class) were passed to component but could not be automatically inherited because component renders fragment or text root nodes. 
  at <TabPanel header="Construction" class="h-full" > 
  at <TabView class="h-full tinker-plants-tabs" > 
  at <TinkerPlants ref="VTU_COMPONENT" > 
  at <VTUROOT>

stderr | src/__tests__/views/TinkerPlants.simple.test.ts > TinkerPlants - Simple Tests > Accessibility > announces successful load after mount
[Vue warn]: Property "$primevue" was accessed during render but is not defined on instance. 
  at <InputNumber id="ql-input" modelValue=200 onUpdate:modelValue=fn  ... > 
  at <TinkerPlants ref="VTU_COMPONENT" > 
  at <VTUROOT>
[Vue warn]: Extraneous non-props attributes (class) were passed to component but could not be automatically inherited because component renders fragment or text root nodes. 
  at <TabPanel header="Build" class="h-full" > 
  at <TabView class="h-full tinker-plants-tabs" > 
  at <TinkerPlants ref="VTU_COMPONENT" > 
  at <VTUROOT>
[Vue warn]: Property "$primevue" was accessed during render but is not defined on instance. 
  at <Dropdown id="Eye-shiny" modelValue=null onUpdate:modelValue=fn<onUpdate:modelValue>  ... > 
  at <TabPanel header="Build" class="h-full" > 
  at <TabView class="h-full tinker-plants-tabs" > 
  at <TinkerPlants ref="VTU_COMPONENT" > 
  at <VTUROOT>
[Vue warn]: Property "$primevue" was accessed during render but is not defined on instance. 
  at <Dropdown id="Eye-bright" modelValue=null onUpdate:modelValue=fn<onUpdate:modelValue>  ... > 
  at <TabPanel header="Build" class="h-full" > 
  at <TabView class="h-full tinker-plants-tabs" > 
  at <TinkerPlants ref="VTU_COMPONENT" > 
  at <VTUROOT>
[Vue warn]: Property "$primevue" was accessed during render but is not defined on instance. 
  at <Dropdown id="Eye-faded" modelValue=null onUpdate:modelValue=fn<onUpdate:modelValue>  ... > 
  at <TabPanel header="Build" class="h-full" > 
  at <TabView class="h-full tinker-plants-tabs" > 
  at <TinkerPlants ref="VTU_COMPONENT" > 
  at <VTUROOT>
[Vue warn]: Property "$primevue" was accessed during render but is not defined on instance. 
  at <InputNumber id="Eye-ql" modelValue=200 onUpdate:modelValue=fn<onUpdate:modelValue>  ... > 
  at <TabPanel header="Build" class="h-full" > 
  at <TabView class="h-full tinker-plants-tabs" > 
  at <TinkerPlants ref="VTU_COMPONENT" > 
  at <VTUROOT>
[Vue warn]: Property "$primevue" was accessed during render but is not defined on instance. 
  at <Dropdown id="Head-shiny" modelValue=null onUpdate:modelValue=fn<onUpdate:modelValue>  ... > 
  at <TabPanel header="Build" class="h-full" > 
  at <TabView class="h-full tinker-plants-tabs" > 
  at <TinkerPlants ref="VTU_COMPONENT" > 
  at <VTUROOT>
[Vue warn]: Property "$primevue" was accessed during render but is not defined on instance. 
  at <Dropdown id="Head-bright" modelValue=null onUpdate:modelValue=fn<onUpdate:modelValue>  ... > 
  at <TabPanel header="Build" class="h-full" > 
  at <TabView class="h-full tinker-plants-tabs" > 
  at <TinkerPlants ref="VTU_COMPONENT" > 
  at <VTUROOT>
[Vue warn]: Property "$primevue" was accessed during render but is not defined on instance. 
  at <Dropdown id="Head-faded" modelValue=null onUpdate:modelValue=fn<onUpdate:modelValue>  ... > 
  at <TabPanel header="Build" class="h-full" > 
  at <TabView class="h-full tinker-plants-tabs" > 
  at <TinkerPlants ref="VTU_COMPONENT" > 
  at <VTUROOT>
[Vue warn]: Property "$primevue" was accessed during render but is not defined on instance. 
  at <InputNumber id="Head-ql" modelValue=200 onUpdate:modelValue=fn<onUpdate:modelValue>  ... > 
  at <TabPanel header="Build" class="h-full" > 
  at <TabView class="h-full tinker-plants-tabs" > 
  at <TinkerPlants ref="VTU_COMPONENT" > 
  at <VTUROOT>
[Vue warn]: Property "$primevue" was accessed during render but is not defined on instance. 
  at <Dropdown id="Ear-shiny" modelValue=null onUpdate:modelValue=fn<onUpdate:modelValue>  ... > 
  at <TabPanel header="Build" class="h-full" > 
  at <TabView class="h-full tinker-plants-tabs" > 
  at <TinkerPlants ref="VTU_COMPONENT" > 
  at <VTUROOT>
[Vue warn]: Property "$primevue" was accessed during render but is not defined on instance. 
  at <Dropdown id="Ear-bright" modelValue=null onUpdate:modelValue=fn<onUpdate:modelValue>  ... > 
  at <TabPanel header="Build" class="h-full" > 
  at <TabView class="h-full tinker-plants-tabs" > 
  at <TinkerPlants ref="VTU_COMPONENT" > 
  at <VTUROOT>
[Vue warn]: Property "$primevue" was accessed during render but is not defined on instance. 
  at <Dropdown id="Ear-faded" modelValue=null onUpdate:modelValue=fn<onUpdate:modelValue>  ... > 
  at <TabPanel header="Build" class="h-full" > 
  at <TabView class="h-full tinker-plants-tabs" > 
  at <TinkerPlants ref="VTU_COMPONENT" > 
  at <VTUROOT>
[Vue warn]: Property "$primevue" was accessed during render but is not defined on instance. 
  at <InputNumber id="Ear-ql" modelValue=200 onUpdate:modelValue=fn<onUpdate:modelValue>  ... > 
  at <TabPanel header="Build" class="h-full" > 
  at <TabView class="h-full tinker-plants-tabs" > 
  at <TinkerPlants ref="VTU_COMPONENT" > 
  at <VTUROOT>
[Vue warn]: Property "$primevue" was accessed during render but is not defined on instance. 
  at <Dropdown id="Right Arm-shiny" modelValue=null onUpdate:modelValue=fn<onUpdate:modelValue>  ... > 
  at <TabPanel header="Build" class="h-full" > 
  at <TabView class="h-full tinker-plants-tabs" > 
  at <TinkerPlants ref="VTU_COMPONENT" > 
  at <VTUROOT>
[Vue warn]: Property "$primevue" was accessed during render but is not defined on instance. 
  at <Dropdown id="Right Arm-bright" modelValue=null onUpdate:modelValue=fn<onUpdate:modelValue>  ... > 
  at <TabPanel header="Build" class="h-full" > 
  at <TabView class="h-full tinker-plants-tabs" > 
  at <TinkerPlants ref="VTU_COMPONENT" > 
  at <VTUROOT>
[Vue warn]: Property "$primevue" was accessed during render but is not defined on instance. 
  at <Dropdown id="Right Arm-faded" modelValue=null onUpdate:modelValue=fn<onUpdate:modelValue>  ... > 
  at <TabPanel header="Build" class="h-full" > 
  at <TabView class="h-full tinker-plants-tabs" > 
  at <TinkerPlants ref="VTU_COMPONENT" > 
  at <VTUROOT>
[Vue warn]: Property "$primevue" was accessed during render but is not defined on instance. 
  at <InputNumber id="Right Arm-ql" modelValue=200 onUpdate:modelValue=fn<onUpdate:modelValue>  ... > 
  at <TabPanel header="Build" class="h-full" > 
  at <TabView class="h-full tinker-plants-tabs" > 
  at <TinkerPlants ref="VTU_COMPONENT" > 
  at <VTUROOT>
[Vue warn]: Property "$primevue" was accessed during render but is not defined on instance. 
  at <Dropdown id="Chest-shiny" modelValue=null onUpdate:modelValue=fn<onUpdate:modelValue>  ... > 
  at <TabPanel header="Build" class="h-full" > 
  at <TabView class="h-full tinker-plants-tabs" > 
  at <TinkerPlants ref="VTU_COMPONENT" > 
  at <VTUROOT>
[Vue warn]: Property "$primevue" was accessed during render but is not defined on instance. 
  at <Dropdown id="Chest-bright" modelValue=null onUpdate:modelValue=fn<onUpdate:modelValue>  ... > 
  at <TabPanel header="Build" class="h-full" > 
  at <TabView class="h-full tinker-plants-tabs" > 
  at <TinkerPlants ref="VTU_COMPONENT" > 
  at <VTUROOT>
[Vue warn]: Property "$primevue" was accessed during render but is not defined on instance. 
  at <Dropdown id="Chest-faded" modelValue=null onUpdate:modelValue=fn<onUpdate:modelValue>  ... > 
  at <TabPanel header="Build" class="h-full" > 
  at <TabView class="h-full tinker-plants-tabs" > 
  at <TinkerPlants ref="VTU_COMPONENT" > 
  at <VTUROOT>
[Vue warn]: Property "$primevue" was accessed during render but is not defined on instance. 
  at <InputNumber id="Chest-ql" modelValue=200 onUpdate:modelValue=fn<onUpdate:modelValue>  ... > 
  at <TabPanel header="Build" class="h-full" > 
  at <TabView class="h-full tinker-plants-tabs" > 
  at <TinkerPlants ref="VTU_COMPONENT" > 
  at <VTUROOT>
[Vue warn]: Property "$primevue" was accessed during render but is not defined on instance. 
  at <Dropdown id="Left Arm-shiny" modelValue=null onUpdate:modelValue=fn<onUpdate:modelValue>  ... > 
  at <TabPanel header="Build" class="h-full" > 
  at <TabView class="h-full tinker-plants-tabs" > 
  at <TinkerPlants ref="VTU_COMPONENT" > 
  at <VTUROOT>
[Vue warn]: Property "$primevue" was accessed during render but is not defined on instance. 
  at <Dropdown id="Left Arm-bright" modelValue=null onUpdate:modelValue=fn<onUpdate:modelValue>  ... > 
  at <TabPanel header="Build" class="h-full" > 
  at <TabView class="h-full tinker-plants-tabs" > 
  at <TinkerPlants ref="VTU_COMPONENT" > 
  at <VTUROOT>
[Vue warn]: Property "$primevue" was accessed during render but is not defined on instance. 
  at <Dropdown id="Left Arm-faded" modelValue=null onUpdate:modelValue=fn<onUpdate:modelValue>  ... > 
  at <TabPanel header="Build" class="h-full" > 
  at <TabView class="h-full tinker-plants-tabs" > 
  at <TinkerPlants ref="VTU_COMPONENT" > 
  at <VTUROOT>
[Vue warn]: Property "$primevue" was accessed during render but is not defined on instance. 
  at <InputNumber id="Left Arm-ql" modelValue=200 onUpdate:modelValue=fn<onUpdate:modelValue>  ... > 
  at <TabPanel header="Build" class="h-full" > 
  at <TabView class="h-full tinker-plants-tabs" > 
  at <TinkerPlants ref="VTU_COMPONENT" > 
  at <VTUROOT>
[Vue warn]: Property "$primevue" was accessed during render but is not defined on instance. 
  at <Dropdown id="Right Wrist-shiny" modelValue=null onUpdate:modelValue=fn<onUpdate:modelValue>  ... > 
  at <TabPanel header="Build" class="h-full" > 
  at <TabView class="h-full tinker-plants-tabs" > 
  at <TinkerPlants ref="VTU_COMPONENT" > 
  at <VTUROOT>
[Vue warn]: Property "$primevue" was accessed during render but is not defined on instance. 
  at <Dropdown id="Right Wrist-bright" modelValue=null onUpdate:modelValue=fn<onUpdate:modelValue>  ... > 
  at <TabPanel header="Build" class="h-full" > 
  at <TabView class="h-full tinker-plants-tabs" > 
  at <TinkerPlants ref="VTU_COMPONENT" > 
  at <VTUROOT>
[Vue warn]: Property "$primevue" was accessed during render but is not defined on instance. 
  at <Dropdown id="Right Wrist-faded" modelValue=null onUpdate:modelValue=fn<onUpdate:modelValue>  ... > 
  at <TabPanel header="Build" class="h-full" > 
  at <TabView class="h-full tinker-plants-tabs" > 
  at <TinkerPlants ref="VTU_COMPONENT" > 
  at <VTUROOT>
[Vue warn]: Property "$primevue" was accessed during render but is not defined on instance. 
  at <InputNumber id="Right Wrist-ql" modelValue=200 onUpdate:modelValue=fn<onUpdate:modelValue>  ... > 
  at <TabPanel header="Build" class="h-full" > 
  at <TabView class="h-full tinker-plants-tabs" > 
  at <TinkerPlants ref="VTU_COMPONENT" > 
  at <VTUROOT>
[Vue warn]: Property "$primevue" was accessed during render but is not defined on instance. 
  at <Dropdown id="Waist-shiny" modelValue=null onUpdate:modelValue=fn<onUpdate:modelValue>  ... > 
  at <TabPanel header="Build" class="h-full" > 
  at <TabView class="h-full tinker-plants-tabs" > 
  at <TinkerPlants ref="VTU_COMPONENT" > 
  at <VTUROOT>
[Vue warn]: Property "$primevue" was accessed during render but is not defined on instance. 
  at <Dropdown id="Waist-bright" modelValue=null onUpdate:modelValue=fn<onUpdate:modelValue>  ... > 
  at <TabPanel header="Build" class="h-full" > 
  at <TabView class="h-full tinker-plants-tabs" > 
  at <TinkerPlants ref="VTU_COMPONENT" > 
  at <VTUROOT>
[Vue warn]: Property "$primevue" was accessed during render but is not defined on instance. 
  at <Dropdown id="Waist-faded" modelValue=null onUpdate:modelValue=fn<onUpdate:modelValue>  ... > 
  at <TabPanel header="Build" class="h-full" > 
  at <TabView class="h-full tinker-plants-tabs" > 
  at <TinkerPlants ref="VTU_COMPONENT" > 
  at <VTUROOT>
[Vue warn]: Property "$primevue" was accessed during render but is not defined on instance. 
  at <InputNumber id="Waist-ql" modelValue=200 onUpdate:modelValue=fn<onUpdate:modelValue>  ... > 
  at <TabPanel header="Build" class="h-full" > 
  at <TabView class="h-full tinker-plants-tabs" > 
  at <TinkerPlants ref="VTU_COMPONENT" > 
  at <VTUROOT>
[Vue warn]: Property "$primevue" was accessed during render but is not defined on instance. 
  at <Dropdown id="Left Wrist-shiny" modelValue=null onUpdate:modelValue=fn<onUpdate:modelValue>  ... > 
  at <TabPanel header="Build" class="h-full" > 
  at <TabView class="h-full tinker-plants-tabs" > 
  at <TinkerPlants ref="VTU_COMPONENT" > 
  at <VTUROOT>
[Vue warn]: Property "$primevue" was accessed during render but is not defined on instance. 
  at <Dropdown id="Left Wrist-bright" modelValue=null onUpdate:modelValue=fn<onUpdate:modelValue>  ... > 
  at <TabPanel header="Build" class="h-full" > 
  at <TabView class="h-full tinker-plants-tabs" > 
  at <TinkerPlants ref="VTU_COMPONENT" > 
  at <VTUROOT>
[Vue warn]: Property "$primevue" was accessed during render but is not defined on instance. 
  at <Dropdown id="Left Wrist-faded" modelValue=null onUpdate:modelValue=fn<onUpdate:modelValue>  ... > 
  at <TabPanel header="Build" class="h-full" > 
  at <TabView class="h-full tinker-plants-tabs" > 
  at <TinkerPlants ref="VTU_COMPONENT" > 
  at <VTUROOT>
[Vue warn]: Property "$primevue" was accessed during render but is not defined on instance. 
  at <InputNumber id="Left Wrist-ql" modelValue=200 onUpdate:modelValue=fn<onUpdate:modelValue>  ... > 
  at <TabPanel header="Build" class="h-full" > 
  at <TabView class="h-full tinker-plants-tabs" > 
  at <TinkerPlants ref="VTU_COMPONENT" > 
  at <VTUROOT>
[Vue warn]: Property "$primevue" was accessed during render but is not defined on instance. 
  at <Dropdown id="Right Hand-shiny" modelValue=null onUpdate:modelValue=fn<onUpdate:modelValue>  ... > 
  at <TabPanel header="Build" class="h-full" > 
  at <TabView class="h-full tinker-plants-tabs" > 
  at <TinkerPlants ref="VTU_COMPONENT" > 
  at <VTUROOT>
[Vue warn]: Property "$primevue" was accessed during render but is not defined on instance. 
  at <Dropdown id="Right Hand-bright" modelValue=null onUpdate:modelValue=fn<onUpdate:modelValue>  ... > 
  at <TabPanel header="Build" class="h-full" > 
  at <TabView class="h-full tinker-plants-tabs" > 
  at <TinkerPlants ref="VTU_COMPONENT" > 
  at <VTUROOT>
[Vue warn]: Property "$primevue" was accessed during render but is not defined on instance. 
  at <Dropdown id="Right Hand-faded" modelValue=null onUpdate:modelValue=fn<onUpdate:modelValue>  ... > 
  at <TabPanel header="Build" class="h-full" > 
  at <TabView class="h-full tinker-plants-tabs" > 
  at <TinkerPlants ref="VTU_COMPONENT" > 
  at <VTUROOT>
[Vue warn]: Property "$primevue" was accessed during render but is not defined on instance. 
  at <InputNumber id="Right Hand-ql" modelValue=200 onUpdate:modelValue=fn<onUpdate:modelValue>  ... > 
  at <TabPanel header="Build" class="h-full" > 
  at <TabView class="h-full tinker-plants-tabs" > 
  at <TinkerPlants ref="VTU_COMPONENT" > 
  at <VTUROOT>
[Vue warn]: Property "$primevue" was accessed during render but is not defined on instance. 
  at <Dropdown id="Leg-shiny" modelValue=null onUpdate:modelValue=fn<onUpdate:modelValue>  ... > 
  at <TabPanel header="Build" class="h-full" > 
  at <TabView class="h-full tinker-plants-tabs" > 
  at <TinkerPlants ref="VTU_COMPONENT" > 
  at <VTUROOT>
[Vue warn]: Property "$primevue" was accessed during render but is not defined on instance. 
  at <Dropdown id="Leg-bright" modelValue=null onUpdate:modelValue=fn<onUpdate:modelValue>  ... > 
  at <TabPanel header="Build" class="h-full" > 
  at <TabView class="h-full tinker-plants-tabs" > 
  at <TinkerPlants ref="VTU_COMPONENT" > 
  at <VTUROOT>
[Vue warn]: Property "$primevue" was accessed during render but is not defined on instance. 
  at <Dropdown id="Leg-faded" modelValue=null onUpdate:modelValue=fn<onUpdate:modelValue>  ... > 
  at <TabPanel header="Build" class="h-full" > 
  at <TabView class="h-full tinker-plants-tabs" > 
  at <TinkerPlants ref="VTU_COMPONENT" > 
  at <VTUROOT>
[Vue warn]: Property "$primevue" was accessed during render but is not defined on instance. 
  at <InputNumber id="Leg-ql" modelValue=200 onUpdate:modelValue=fn<onUpdate:modelValue>  ... > 
  at <TabPanel header="Build" class="h-full" > 
  at <TabView class="h-full tinker-plants-tabs" > 
  at <TinkerPlants ref="VTU_COMPONENT" > 
  at <VTUROOT>
[Vue warn]: Property "$primevue" was accessed during render but is not defined on instance. 
  at <Dropdown id="Left Hand-shiny" modelValue=null onUpdate:modelValue=fn<onUpdate:modelValue>  ... > 
  at <TabPanel header="Build" class="h-full" > 
  at <TabView class="h-full tinker-plants-tabs" > 
  at <TinkerPlants ref="VTU_COMPONENT" > 
  at <VTUROOT>
[Vue warn]: Property "$primevue" was accessed during render but is not defined on instance. 
  at <Dropdown id="Left Hand-bright" modelValue=null onUpdate:modelValue=fn<onUpdate:modelValue>  ... > 
  at <TabPanel header="Build" class="h-full" > 
  at <TabView class="h-full tinker-plants-tabs" > 
  at <TinkerPlants ref="VTU_COMPONENT" > 
  at <VTUROOT>
[Vue warn]: Property "$primevue" was accessed during render but is not defined on instance. 
  at <Dropdown id="Left Hand-faded" modelValue=null onUpdate:modelValue=fn<onUpdate:modelValue>  ... > 
  at <TabPanel header="Build" class="h-full" > 
  at <TabView class="h-full tinker-plants-tabs" > 
  at <TinkerPlants ref="VTU_COMPONENT" > 
  at <VTUROOT>
[Vue warn]: Property "$primevue" was accessed during render but is not defined on instance. 
  at <InputNumber id="Left Hand-ql" modelValue=200 onUpdate:modelValue=fn<onUpdate:modelValue>  ... > 
  at <TabPanel header="Build" class="h-full" > 
  at <TabView class="h-full tinker-plants-tabs" > 
  at <TinkerPlants ref="VTU_COMPONENT" > 
  at <VTUROOT>
[Vue warn]: Property "$primevue" was accessed during render but is not defined on instance. 
  at <Dropdown id="Feet-shiny" modelValue=null onUpdate:modelValue=fn<onUpdate:modelValue>  ... > 
  at <TabPanel header="Build" class="h-full" > 
  at <TabView class="h-full tinker-plants-tabs" > 
  at <TinkerPlants ref="VTU_COMPONENT" > 
  at <VTUROOT>
[Vue warn]: Property "$primevue" was accessed during render but is not defined on instance. 
  at <Dropdown id="Feet-bright" modelValue=null onUpdate:modelValue=fn<onUpdate:modelValue>  ... > 
  at <TabPanel header="Build" class="h-full" > 
  at <TabView class="h-full tinker-plants-tabs" > 
  at <TinkerPlants ref="VTU_COMPONENT" > 
  at <VTUROOT>
[Vue warn]: Property "$primevue" was accessed during render but is not defined on instance. 
  at <Dropdown id="Feet-faded" modelValue=null onUpdate:modelValue=fn<onUpdate:modelValue>  ... > 
  at <TabPanel header="Build" class="h-full" > 
  at <TabView class="h-full tinker-plants-tabs" > 
  at <TinkerPlants ref="VTU_COMPONENT" > 
  at <VTUROOT>
[Vue warn]: Property "$primevue" was accessed during render but is not defined on instance. 
  at <InputNumber id="Feet-ql" modelValue=200 onUpdate:modelValue=fn<onUpdate:modelValue>  ... > 
  at <TabPanel header="Build" class="h-full" > 
  at <TabView class="h-full tinker-plants-tabs" > 
  at <TinkerPlants ref="VTU_COMPONENT" > 
  at <VTUROOT>
[Vue warn]: Extraneous non-props attributes (class) were passed to component but could not be automatically inherited because component renders fragment or text root nodes. 
  at <TabPanel header="Construction" class="h-full" > 
  at <TabView class="h-full tinker-plants-tabs" > 
  at <TinkerPlants ref="VTU_COMPONENT" > 
  at <VTUROOT>
[Vue warn]: Extraneous non-props attributes (class) were passed to component but could not be automatically inherited because component renders fragment or text root nodes. 
  at <TabPanel header="Build" class="h-full" > 
  at <TabView class="h-full tinker-plants-tabs" > 
  at <TinkerPlants ref="VTU_COMPONENT" > 
  at <VTUROOT>
[Vue warn]: Property "$primevue" was accessed during render but is not defined on instance. 
  at <Dropdown id="Eye-shiny" modelValue=null onUpdate:modelValue=fn<onUpdate:modelValue>  ... > 
  at <TabPanel header="Build" class="h-full" > 
  at <TabView class="h-full tinker-plants-tabs" > 
  at <TinkerPlants ref="VTU_COMPONENT" > 
  at <VTUROOT>
[Vue warn]: Property "$primevue" was accessed during render but is not defined on instance. 
  at <Dropdown id="Eye-bright" modelValue=null onUpdate:modelValue=fn<onUpdate:modelValue>  ... > 
  at <TabPanel header="Build" class="h-full" > 
  at <TabView class="h-full tinker-plants-tabs" > 
  at <TinkerPlants ref="VTU_COMPONENT" > 
  at <VTUROOT>
[Vue warn]: Property "$primevue" was accessed during render but is not defined on instance. 
  at <Dropdown id="Eye-faded" modelValue=null onUpdate:modelValue=fn<onUpdate:modelValue>  ... > 
  at <TabPanel header="Build" class="h-full" > 
  at <TabView class="h-full tinker-plants-tabs" > 
  at <TinkerPlants ref="VTU_COMPONENT" > 
  at <VTUROOT>
[Vue warn]: Property "$primevue" was accessed during render but is not defined on instance. 
  at <Dropdown id="Head-shiny" modelValue=null onUpdate:modelValue=fn<onUpdate:modelValue>  ... > 
  at <TabPanel header="Build" class="h-full" > 
  at <TabView class="h-full tinker-plants-tabs" > 
  at <TinkerPlants ref="VTU_COMPONENT" > 
  at <VTUROOT>
[Vue warn]: Property "$primevue" was accessed during render but is not defined on instance. 
  at <Dropdown id="Head-bright" modelValue=null onUpdate:modelValue=fn<onUpdate:modelValue>  ... > 
  at <TabPanel header="Build" class="h-full" > 
  at <TabView class="h-full tinker-plants-tabs" > 
  at <TinkerPlants ref="VTU_COMPONENT" > 
  at <VTUROOT>
[Vue warn]: Property "$primevue" was accessed during render but is not defined on instance. 
  at <Dropdown id="Head-faded" modelValue=null onUpdate:modelValue=fn<onUpdate:modelValue>  ... > 
  at <TabPanel header="Build" class="h-full" > 
  at <TabView class="h-full tinker-plants-tabs" > 
  at <TinkerPlants ref="VTU_COMPONENT" > 
  at <VTUROOT>
[Vue warn]: Property "$primevue" was accessed during render but is not defined on instance. 
  at <Dropdown id="Ear-shiny" modelValue=null onUpdate:modelValue=fn<onUpdate:modelValue>  ... > 
  at <TabPanel header="Build" class="h-full" > 
  at <TabView class="h-full tinker-plants-tabs" > 
  at <TinkerPlants ref="VTU_COMPONENT" > 
  at <VTUROOT>
[Vue warn]: Property "$primevue" was accessed during render but is not defined on instance. 
  at <Dropdown id="Ear-bright" modelValue=null onUpdate:modelValue=fn<onUpdate:modelValue>  ... > 
  at <TabPanel header="Build" class="h-full" > 
  at <TabView class="h-full tinker-plants-tabs" > 
  at <TinkerPlants ref="VTU_COMPONENT" > 
  at <VTUROOT>
[Vue warn]: Property "$primevue" was accessed during render but is not defined on instance. 
  at <Dropdown id="Ear-faded" modelValue=null onUpdate:modelValue=fn<onUpdate:modelValue>  ... > 
  at <TabPanel header="Build" class="h-full" > 
  at <TabView class="h-full tinker-plants-tabs" > 
  at <TinkerPlants ref="VTU_COMPONENT" > 
  at <VTUROOT>
[Vue warn]: Property "$primevue" was accessed during render but is not defined on instance. 
  at <Dropdown id="Right Arm-shiny" modelValue=null onUpdate:modelValue=fn<onUpdate:modelValue>  ... > 
  at <TabPanel header="Build" class="h-full" > 
  at <TabView class="h-full tinker-plants-tabs" > 
  at <TinkerPlants ref="VTU_COMPONENT" > 
  at <VTUROOT>
[Vue warn]: Property "$primevue" was accessed during render but is not defined on instance. 
  at <Dropdown id="Right Arm-bright" modelValue=null onUpdate:modelValue=fn<onUpdate:modelValue>  ... > 
  at <TabPanel header="Build" class="h-full" > 
  at <TabView class="h-full tinker-plants-tabs" > 
  at <TinkerPlants ref="VTU_COMPONENT" > 
  at <VTUROOT>
[Vue warn]: Property "$primevue" was accessed during render but is not defined on instance. 
  at <Dropdown id="Right Arm-faded" modelValue=null onUpdate:modelValue=fn<onUpdate:modelValue>  ... > 
  at <TabPanel header="Build" class="h-full" > 
  at <TabView class="h-full tinker-plants-tabs" > 
  at <TinkerPlants ref="VTU_COMPONENT" > 
  at <VTUROOT>
[Vue warn]: Property "$primevue" was accessed during render but is not defined on instance. 
  at <Dropdown id="Chest-shiny" modelValue=null onUpdate:modelValue=fn<onUpdate:modelValue>  ... > 
  at <TabPanel header="Build" class="h-full" > 
  at <TabView class="h-full tinker-plants-tabs" > 
  at <TinkerPlants ref="VTU_COMPONENT" > 
  at <VTUROOT>
[Vue warn]: Property "$primevue" was accessed during render but is not defined on instance. 
  at <Dropdown id="Chest-bright" modelValue=null onUpdate:modelValue=fn<onUpdate:modelValue>  ... > 
  at <TabPanel header="Build" class="h-full" > 
  at <TabView class="h-full tinker-plants-tabs" > 
  at <TinkerPlants ref="VTU_COMPONENT" > 
  at <VTUROOT>
[Vue warn]: Property "$primevue" was accessed during render but is not defined on instance. 
  at <Dropdown id="Chest-faded" modelValue=null onUpdate:modelValue=fn<onUpdate:modelValue>  ... > 
  at <TabPanel header="Build" class="h-full" > 
  at <TabView class="h-full tinker-plants-tabs" > 
  at <TinkerPlants ref="VTU_COMPONENT" > 
  at <VTUROOT>
[Vue warn]: Property "$primevue" was accessed during render but is not defined on instance. 
  at <Dropdown id="Left Arm-shiny" modelValue=null onUpdate:modelValue=fn<onUpdate:modelValue>  ... > 
  at <TabPanel header="Build" class="h-full" > 
  at <TabView class="h-full tinker-plants-tabs" > 
  at <TinkerPlants ref="VTU_COMPONENT" > 
  at <VTUROOT>
[Vue warn]: Property "$primevue" was accessed during render but is not defined on instance. 
  at <Dropdown id="Left Arm-bright" modelValue=null onUpdate:modelValue=fn<onUpdate:modelValue>  ... > 
  at <TabPanel header="Build" class="h-full" > 
  at <TabView class="h-full tinker-plants-tabs" > 
  at <TinkerPlants ref="VTU_COMPONENT" > 
  at <VTUROOT>
[Vue warn]: Property "$primevue" was accessed during render but is not defined on instance. 
  at <Dropdown id="Left Arm-faded" modelValue=null onUpdate:modelValue=fn<onUpdate:modelValue>  ... > 
  at <TabPanel header="Build" class="h-full" > 
  at <TabView class="h-full tinker-plants-tabs" > 
  at <TinkerPlants ref="VTU_COMPONENT" > 
  at <VTUROOT>
[Vue warn]: Property "$primevue" was accessed during render but is not defined on instance. 
  at <Dropdown id="Right Wrist-shiny" modelValue=null onUpdate:modelValue=fn<onUpdate:modelValue>  ... > 
  at <TabPanel header="Build" class="h-full" > 
  at <TabView class="h-full tinker-plants-tabs" > 
  at <TinkerPlants ref="VTU_COMPONENT" > 
  at <VTUROOT>
[Vue warn]: Property "$primevue" was accessed during render but is not defined on instance. 
  at <Dropdown id="Right Wrist-bright" modelValue=null onUpdate:modelValue=fn<onUpdate:modelValue>  ... > 
  at <TabPanel header="Build" class="h-full" > 
  at <TabView class="h-full tinker-plants-tabs" > 
  at <TinkerPlants ref="VTU_COMPONENT" > 
  at <VTUROOT>
[Vue warn]: Property "$primevue" was accessed during render but is not defined on instance. 
  at <Dropdown id="Right Wrist-faded" modelValue=null onUpdate:modelValue=fn<onUpdate:modelValue>  ... > 
  at <TabPanel header="Build" class="h-full" > 
  at <TabView class="h-full tinker-plants-tabs" > 
  at <TinkerPlants ref="VTU_COMPONENT" > 
  at <VTUROOT>
[Vue warn]: Property "$primevue" was accessed during render but is not defined on instance. 
  at <Dropdown id="Waist-shiny" modelValue=null onUpdate:modelValue=fn<onUpdate:modelValue>  ... > 
  at <TabPanel header="Build" class="h-full" > 
  at <TabView class="h-full tinker-plants-tabs" > 
  at <TinkerPlants ref="VTU_COMPONENT" > 
  at <VTUROOT>
[Vue warn]: Property "$primevue" was accessed during render but is not defined on instance. 
  at <Dropdown id="Waist-bright" modelValue=null onUpdate:modelValue=fn<onUpdate:modelValue>  ... > 
  at <TabPanel header="Build" class="h-full" > 
  at <TabView class="h-full tinker-plants-tabs" > 
  at <TinkerPlants ref="VTU_COMPONENT" > 
  at <VTUROOT>
[Vue warn]: Property "$primevue" was accessed during render but is not defined on instance. 
  at <Dropdown id="Waist-faded" modelValue=null onUpdate:modelValue=fn<onUpdate:modelValue>  ... > 
  at <TabPanel header="Build" class="h-full" > 
  at <TabView class="h-full tinker-plants-tabs" > 
  at <TinkerPlants ref="VTU_COMPONENT" > 
  at <VTUROOT>
[Vue warn]: Property "$primevue" was accessed during render but is not defined on instance. 
  at <Dropdown id="Left Wrist-shiny" modelValue=null onUpdate:modelValue=fn<onUpdate:modelValue>  ... > 
  at <TabPanel header="Build" class="h-full" > 
  at <TabView class="h-full tinker-plants-tabs" > 
  at <TinkerPlants ref="VTU_COMPONENT" > 
  at <VTUROOT>
[Vue warn]: Property "$primevue" was accessed during render but is not defined on instance. 
  at <Dropdown id="Left Wrist-bright" modelValue=null onUpdate:modelValue=fn<onUpdate:modelValue>  ... > 
  at <TabPanel header="Build" class="h-full" > 
  at <TabView class="h-full tinker-plants-tabs" > 
  at <TinkerPlants ref="VTU_COMPONENT" > 
  at <VTUROOT>
[Vue warn]: Property "$primevue" was accessed during render but is not defined on instance. 
  at <Dropdown id="Left Wrist-faded" modelValue=null onUpdate:modelValue=fn<onUpdate:modelValue>  ... > 
  at <TabPanel header="Build" class="h-full" > 
  at <TabView class="h-full tinker-plants-tabs" > 
  at <TinkerPlants ref="VTU_COMPONENT" > 
  at <VTUROOT>
[Vue warn]: Property "$primevue" was accessed during render but is not defined on instance. 
  at <Dropdown id="Right Hand-shiny" modelValue=null onUpdate:modelValue=fn<onUpdate:modelValue>  ... > 
  at <TabPanel header="Build" class="h-full" > 
  at <TabView class="h-full tinker-plants-tabs" > 
  at <TinkerPlants ref="VTU_COMPONENT" > 
  at <VTUROOT>
[Vue warn]: Property "$primevue" was accessed during render but is not defined on instance. 
  at <Dropdown id="Right Hand-bright" modelValue=null onUpdate:modelValue=fn<onUpdate:modelValue>  ... > 
  at <TabPanel header="Build" class="h-full" > 
  at <TabView class="h-full tinker-plants-tabs" > 
  at <TinkerPlants ref="VTU_COMPONENT" > 
  at <VTUROOT>
[Vue warn]: Property "$primevue" was accessed during render but is not defined on instance. 
  at <Dropdown id="Right Hand-faded" modelValue=null onUpdate:modelValue=fn<onUpdate:modelValue>  ... > 
  at <TabPanel header="Build" class="h-full" > 
  at <TabView class="h-full tinker-plants-tabs" > 
  at <TinkerPlants ref="VTU_COMPONENT" > 
  at <VTUROOT>
[Vue warn]: Property "$primevue" was accessed during render but is not defined on instance. 
  at <Dropdown id="Leg-shiny" modelValue=null onUpdate:modelValue=fn<onUpdate:modelValue>  ... > 
  at <TabPanel header="Build" class="h-full" > 
  at <TabView class="h-full tinker-plants-tabs" > 
  at <TinkerPlants ref="VTU_COMPONENT" > 
  at <VTUROOT>
[Vue warn]: Property "$primevue" was accessed during render but is not defined on instance. 
  at <Dropdown id="Leg-bright" modelValue=null onUpdate:modelValue=fn<onUpdate:modelValue>  ... > 
  at <TabPanel header="Build" class="h-full" > 
  at <TabView class="h-full tinker-plants-tabs" > 
  at <TinkerPlants ref="VTU_COMPONENT" > 
  at <VTUROOT>
[Vue warn]: Property "$primevue" was accessed during render but is not defined on instance. 
  at <Dropdown id="Leg-faded" modelValue=null onUpdate:modelValue=fn<onUpdate:modelValue>  ... > 
  at <TabPanel header="Build" class="h-full" > 
  at <TabView class="h-full tinker-plants-tabs" > 
  at <TinkerPlants ref="VTU_COMPONENT" > 
  at <VTUROOT>
[Vue warn]: Property "$primevue" was accessed during render but is not defined on instance. 
  at <Dropdown id="Left Hand-shiny" modelValue=null onUpdate:modelValue=fn<onUpdate:modelValue>  ... > 
  at <TabPanel header="Build" class="h-full" > 
  at <TabView class="h-full tinker-plants-tabs" > 
  at <TinkerPlants ref="VTU_COMPONENT" > 
  at <VTUROOT>
[Vue warn]: Property "$primevue" was accessed during render but is not defined on instance. 
  at <Dropdown id="Left Hand-bright" modelValue=null onUpdate:modelValue=fn<onUpdate:modelValue>  ... > 
  at <TabPanel header="Build" class="h-full" > 
  at <TabView class="h-full tinker-plants-tabs" > 
  at <TinkerPlants ref="VTU_COMPONENT" > 
  at <VTUROOT>
[Vue warn]: Property "$primevue" was accessed during render but is not defined on instance. 
  at <Dropdown id="Left Hand-faded" modelValue=null onUpdate:modelValue=fn<onUpdate:modelValue>  ... > 
  at <TabPanel header="Build" class="h-full" > 
  at <TabView class="h-full tinker-plants-tabs" > 
  at <TinkerPlants ref="VTU_COMPONENT" > 
  at <VTUROOT>
[Vue warn]: Property "$primevue" was accessed during render but is not defined on instance. 
  at <Dropdown id="Feet-shiny" modelValue=null onUpdate:modelValue=fn<onUpdate:modelValue>  ... > 
  at <TabPanel header="Build" class="h-full" > 
  at <TabView class="h-full tinker-plants-tabs" > 
  at <TinkerPlants ref="VTU_COMPONENT" > 
  at <VTUROOT>
[Vue warn]: Property "$primevue" was accessed during render but is not defined on instance. 
  at <Dropdown id="Feet-bright" modelValue=null onUpdate:modelValue=fn<onUpdate:modelValue>  ... > 
  at <TabPanel header="Build" class="h-full" > 
  at <TabView class="h-full tinker-plants-tabs" > 
  at <TinkerPlants ref="VTU_COMPONENT" > 
  at <VTUROOT>
[Vue warn]: Property "$primevue" was accessed during render but is not defined on instance. 
  at <Dropdown id="Feet-faded" modelValue=null onUpdate:modelValue=fn<onUpdate:modelValue>  ... > 
  at <TabPanel header="Build" class="h-full" > 
  at <TabView class="h-full tinker-plants-tabs" > 
  at <TinkerPlants ref="VTU_COMPONENT" > 
  at <VTUROOT>
[Vue warn]: Extraneous non-props attributes (class) were passed to component but could not be automatically inherited because component renders fragment or text root nodes. 
  at <TabPanel header="Construction" class="h-full" > 
  at <TabView class="h-full tinker-plants-tabs" > 
  at <TinkerPlants ref="VTU_COMPONENT" > 
  at <VTUROOT>

stderr | src/__tests__/views/TinkerPlants.simple.test.ts > TinkerPlants - Simple Tests > Layout Structure > contains grid layout classes
[Vue warn]: Property "$primevue" was accessed during render but is not defined on instance. 
  at <InputNumber id="ql-input" modelValue=200 onUpdate:modelValue=fn  ... > 
  at <TinkerPlants ref="VTU_COMPONENT" > 
  at <VTUROOT>
[Vue warn]: Extraneous non-props attributes (class) were passed to component but could not be automatically inherited because component renders fragment or text root nodes. 
  at <TabPanel header="Build" class="h-full" > 
  at <TabView class="h-full tinker-plants-tabs" > 
  at <TinkerPlants ref="VTU_COMPONENT" > 
  at <VTUROOT>
[Vue warn]: Property "$primevue" was accessed during render but is not defined on instance. 
  at <Dropdown id="Eye-shiny" modelValue=null onUpdate:modelValue=fn<onUpdate:modelValue>  ... > 
  at <TabPanel header="Build" class="h-full" > 
  at <TabView class="h-full tinker-plants-tabs" > 
  at <TinkerPlants ref="VTU_COMPONENT" > 
  at <VTUROOT>
[Vue warn]: Property "$primevue" was accessed during render but is not defined on instance. 
  at <Dropdown id="Eye-bright" modelValue=null onUpdate:modelValue=fn<onUpdate:modelValue>  ... > 
  at <TabPanel header="Build" class="h-full" > 
  at <TabView class="h-full tinker-plants-tabs" > 
  at <TinkerPlants ref="VTU_COMPONENT" > 
  at <VTUROOT>
[Vue warn]: Property "$primevue" was accessed during render but is not defined on instance. 
  at <Dropdown id="Eye-faded" modelValue=null onUpdate:modelValue=fn<onUpdate:modelValue>  ... > 
  at <TabPanel header="Build" class="h-full" > 
  at <TabView class="h-full tinker-plants-tabs" > 
  at <TinkerPlants ref="VTU_COMPONENT" > 
  at <VTUROOT>
[Vue warn]: Property "$primevue" was accessed during render but is not defined on instance. 
  at <InputNumber id="Eye-ql" modelValue=200 onUpdate:modelValue=fn<onUpdate:modelValue>  ... > 
  at <TabPanel header="Build" class="h-full" > 
  at <TabView class="h-full tinker-plants-tabs" > 
  at <TinkerPlants ref="VTU_COMPONENT" > 
  at <VTUROOT>
[Vue warn]: Property "$primevue" was accessed during render but is not defined on instance. 
  at <Dropdown id="Head-shiny" modelValue=null onUpdate:modelValue=fn<onUpdate:modelValue>  ... > 
  at <TabPanel header="Build" class="h-full" > 
  at <TabView class="h-full tinker-plants-tabs" > 
  at <TinkerPlants ref="VTU_COMPONENT" > 
  at <VTUROOT>
[Vue warn]: Property "$primevue" was accessed during render but is not defined on instance. 
  at <Dropdown id="Head-bright" modelValue=null onUpdate:modelValue=fn<onUpdate:modelValue>  ... > 
  at <TabPanel header="Build" class="h-full" > 
  at <TabView class="h-full tinker-plants-tabs" > 
  at <TinkerPlants ref="VTU_COMPONENT" > 
  at <VTUROOT>
[Vue warn]: Property "$primevue" was accessed during render but is not defined on instance. 
  at <Dropdown id="Head-faded" modelValue=null onUpdate:modelValue=fn<onUpdate:modelValue>  ... > 
  at <TabPanel header="Build" class="h-full" > 
  at <TabView class="h-full tinker-plants-tabs" > 
  at <TinkerPlants ref="VTU_COMPONENT" > 
  at <VTUROOT>
[Vue warn]: Property "$primevue" was accessed during render but is not defined on instance. 
  at <InputNumber id="Head-ql" modelValue=200 onUpdate:modelValue=fn<onUpdate:modelValue>  ... > 
  at <TabPanel header="Build" class="h-full" > 
  at <TabView class="h-full tinker-plants-tabs" > 
  at <TinkerPlants ref="VTU_COMPONENT" > 
  at <VTUROOT>
[Vue warn]: Property "$primevue" was accessed during render but is not defined on instance. 
  at <Dropdown id="Ear-shiny" modelValue=null onUpdate:modelValue=fn<onUpdate:modelValue>  ... > 
  at <TabPanel header="Build" class="h-full" > 
  at <TabView class="h-full tinker-plants-tabs" > 
  at <TinkerPlants ref="VTU_COMPONENT" > 
  at <VTUROOT>
[Vue warn]: Property "$primevue" was accessed during render but is not defined on instance. 
  at <Dropdown id="Ear-bright" modelValue=null onUpdate:modelValue=fn<onUpdate:modelValue>  ... > 
  at <TabPanel header="Build" class="h-full" > 
  at <TabView class="h-full tinker-plants-tabs" > 
  at <TinkerPlants ref="VTU_COMPONENT" > 
  at <VTUROOT>
[Vue warn]: Property "$primevue" was accessed during render but is not defined on instance. 
  at <Dropdown id="Ear-faded" modelValue=null onUpdate:modelValue=fn<onUpdate:modelValue>  ... > 
  at <TabPanel header="Build" class="h-full" > 
  at <TabView class="h-full tinker-plants-tabs" > 
  at <TinkerPlants ref="VTU_COMPONENT" > 
  at <VTUROOT>
[Vue warn]: Property "$primevue" was accessed during render but is not defined on instance. 
  at <InputNumber id="Ear-ql" modelValue=200 onUpdate:modelValue=fn<onUpdate:modelValue>  ... > 
  at <TabPanel header="Build" class="h-full" > 
  at <TabView class="h-full tinker-plants-tabs" > 
  at <TinkerPlants ref="VTU_COMPONENT" > 
  at <VTUROOT>
[Vue warn]: Property "$primevue" was accessed during render but is not defined on instance. 
  at <Dropdown id="Right Arm-shiny" modelValue=null onUpdate:modelValue=fn<onUpdate:modelValue>  ... > 
  at <TabPanel header="Build" class="h-full" > 
  at <TabView class="h-full tinker-plants-tabs" > 
  at <TinkerPlants ref="VTU_COMPONENT" > 
  at <VTUROOT>
[Vue warn]: Property "$primevue" was accessed during render but is not defined on instance. 
  at <Dropdown id="Right Arm-bright" modelValue=null onUpdate:modelValue=fn<onUpdate:modelValue>  ... > 
  at <TabPanel header="Build" class="h-full" > 
  at <TabView class="h-full tinker-plants-tabs" > 
  at <TinkerPlants ref="VTU_COMPONENT" > 
  at <VTUROOT>
[Vue warn]: Property "$primevue" was accessed during render but is not defined on instance. 
  at <Dropdown id="Right Arm-faded" modelValue=null onUpdate:modelValue=fn<onUpdate:modelValue>  ... > 
  at <TabPanel header="Build" class="h-full" > 
  at <TabView class="h-full tinker-plants-tabs" > 
  at <TinkerPlants ref="VTU_COMPONENT" > 
  at <VTUROOT>
[Vue warn]: Property "$primevue" was accessed during render but is not defined on instance. 
  at <InputNumber id="Right Arm-ql" modelValue=200 onUpdate:modelValue=fn<onUpdate:modelValue>  ... > 
  at <TabPanel header="Build" class="h-full" > 
  at <TabView class="h-full tinker-plants-tabs" > 
  at <TinkerPlants ref="VTU_COMPONENT" > 
  at <VTUROOT>
[Vue warn]: Property "$primevue" was accessed during render but is not defined on instance. 
  at <Dropdown id="Chest-shiny" modelValue=null onUpdate:modelValue=fn<onUpdate:modelValue>  ... > 
  at <TabPanel header="Build" class="h-full" > 
  at <TabView class="h-full tinker-plants-tabs" > 
  at <TinkerPlants ref="VTU_COMPONENT" > 
  at <VTUROOT>
[Vue warn]: Property "$primevue" was accessed during render but is not defined on instance. 
  at <Dropdown id="Chest-bright" modelValue=null onUpdate:modelValue=fn<onUpdate:modelValue>  ... > 
  at <TabPanel header="Build" class="h-full" > 
  at <TabView class="h-full tinker-plants-tabs" > 
  at <TinkerPlants ref="VTU_COMPONENT" > 
  at <VTUROOT>
[Vue warn]: Property "$primevue" was accessed during render but is not defined on instance. 
  at <Dropdown id="Chest-faded" modelValue=null onUpdate:modelValue=fn<onUpdate:modelValue>  ... > 
  at <TabPanel header="Build" class="h-full" > 
  at <TabView class="h-full tinker-plants-tabs" > 
  at <TinkerPlants ref="VTU_COMPONENT" > 
  at <VTUROOT>
[Vue warn]: Property "$primevue" was accessed during render but is not defined on instance. 
  at <InputNumber id="Chest-ql" modelValue=200 onUpdate:modelValue=fn<onUpdate:modelValue>  ... > 
  at <TabPanel header="Build" class="h-full" > 
  at <TabView class="h-full tinker-plants-tabs" > 
  at <TinkerPlants ref="VTU_COMPONENT" > 
  at <VTUROOT>
[Vue warn]: Property "$primevue" was accessed during render but is not defined on instance. 
  at <Dropdown id="Left Arm-shiny" modelValue=null onUpdate:modelValue=fn<onUpdate:modelValue>  ... > 
  at <TabPanel header="Build" class="h-full" > 
  at <TabView class="h-full tinker-plants-tabs" > 
  at <TinkerPlants ref="VTU_COMPONENT" > 
  at <VTUROOT>
[Vue warn]: Property "$primevue" was accessed during render but is not defined on instance. 
  at <Dropdown id="Left Arm-bright" modelValue=null onUpdate:modelValue=fn<onUpdate:modelValue>  ... > 
  at <TabPanel header="Build" class="h-full" > 
  at <TabView class="h-full tinker-plants-tabs" > 
  at <TinkerPlants ref="VTU_COMPONENT" > 
  at <VTUROOT>
[Vue warn]: Property "$primevue" was accessed during render but is not defined on instance. 
  at <Dropdown id="Left Arm-faded" modelValue=null onUpdate:modelValue=fn<onUpdate:modelValue>  ... > 
  at <TabPanel header="Build" class="h-full" > 
  at <TabView class="h-full tinker-plants-tabs" > 
  at <TinkerPlants ref="VTU_COMPONENT" > 
  at <VTUROOT>
[Vue warn]: Property "$primevue" was accessed during render but is not defined on instance. 
  at <InputNumber id="Left Arm-ql" modelValue=200 onUpdate:modelValue=fn<onUpdate:modelValue>  ... > 
  at <TabPanel header="Build" class="h-full" > 
  at <TabView class="h-full tinker-plants-tabs" > 
  at <TinkerPlants ref="VTU_COMPONENT" > 
  at <VTUROOT>
[Vue warn]: Property "$primevue" was accessed during render but is not defined on instance. 
  at <Dropdown id="Right Wrist-shiny" modelValue=null onUpdate:modelValue=fn<onUpdate:modelValue>  ... > 
  at <TabPanel header="Build" class="h-full" > 
  at <TabView class="h-full tinker-plants-tabs" > 
  at <TinkerPlants ref="VTU_COMPONENT" > 
  at <VTUROOT>
[Vue warn]: Property "$primevue" was accessed during render but is not defined on instance. 
  at <Dropdown id="Right Wrist-bright" modelValue=null onUpdate:modelValue=fn<onUpdate:modelValue>  ... > 
  at <TabPanel header="Build" class="h-full" > 
  at <TabView class="h-full tinker-plants-tabs" > 
  at <TinkerPlants ref="VTU_COMPONENT" > 
  at <VTUROOT>
[Vue warn]: Property "$primevue" was accessed during render but is not defined on instance. 
  at <Dropdown id="Right Wrist-faded" modelValue=null onUpdate:modelValue=fn<onUpdate:modelValue>  ... > 
  at <TabPanel header="Build" class="h-full" > 
  at <TabView class="h-full tinker-plants-tabs" > 
  at <TinkerPlants ref="VTU_COMPONENT" > 
  at <VTUROOT>
[Vue warn]: Property "$primevue" was accessed during render but is not defined on instance. 
  at <InputNumber id="Right Wrist-ql" modelValue=200 onUpdate:modelValue=fn<onUpdate:modelValue>  ... > 
  at <TabPanel header="Build" class="h-full" > 
  at <TabView class="h-full tinker-plants-tabs" > 
  at <TinkerPlants ref="VTU_COMPONENT" > 
  at <VTUROOT>
[Vue warn]: Property "$primevue" was accessed during render but is not defined on instance. 
  at <Dropdown id="Waist-shiny" modelValue=null onUpdate:modelValue=fn<onUpdate:modelValue>  ... > 
  at <TabPanel header="Build" class="h-full" > 
  at <TabView class="h-full tinker-plants-tabs" > 
  at <TinkerPlants ref="VTU_COMPONENT" > 
  at <VTUROOT>
[Vue warn]: Property "$primevue" was accessed during render but is not defined on instance. 
  at <Dropdown id="Waist-bright" modelValue=null onUpdate:modelValue=fn<onUpdate:modelValue>  ... > 
  at <TabPanel header="Build" class="h-full" > 
  at <TabView class="h-full tinker-plants-tabs" > 
  at <TinkerPlants ref="VTU_COMPONENT" > 
  at <VTUROOT>
[Vue warn]: Property "$primevue" was accessed during render but is not defined on instance. 
  at <Dropdown id="Waist-faded" modelValue=null onUpdate:modelValue=fn<onUpdate:modelValue>  ... > 
  at <TabPanel header="Build" class="h-full" > 
  at <TabView class="h-full tinker-plants-tabs" > 
  at <TinkerPlants ref="VTU_COMPONENT" > 
  at <VTUROOT>
[Vue warn]: Property "$primevue" was accessed during render but is not defined on instance. 
  at <InputNumber id="Waist-ql" modelValue=200 onUpdate:modelValue=fn<onUpdate:modelValue>  ... > 
  at <TabPanel header="Build" class="h-full" > 
  at <TabView class="h-full tinker-plants-tabs" > 
  at <TinkerPlants ref="VTU_COMPONENT" > 
  at <VTUROOT>
[Vue warn]: Property "$primevue" was accessed during render but is not defined on instance. 
  at <Dropdown id="Left Wrist-shiny" modelValue=null onUpdate:modelValue=fn<onUpdate:modelValue>  ... > 
  at <TabPanel header="Build" class="h-full" > 
  at <TabView class="h-full tinker-plants-tabs" > 
  at <TinkerPlants ref="VTU_COMPONENT" > 
  at <VTUROOT>
[Vue warn]: Property "$primevue" was accessed during render but is not defined on instance. 
  at <Dropdown id="Left Wrist-bright" modelValue=null onUpdate:modelValue=fn<onUpdate:modelValue>  ... > 
  at <TabPanel header="Build" class="h-full" > 
  at <TabView class="h-full tinker-plants-tabs" > 
  at <TinkerPlants ref="VTU_COMPONENT" > 
  at <VTUROOT>
[Vue warn]: Property "$primevue" was accessed during render but is not defined on instance. 
  at <Dropdown id="Left Wrist-faded" modelValue=null onUpdate:modelValue=fn<onUpdate:modelValue>  ... > 
  at <TabPanel header="Build" class="h-full" > 
  at <TabView class="h-full tinker-plants-tabs" > 
  at <TinkerPlants ref="VTU_COMPONENT" > 
  at <VTUROOT>
[Vue warn]: Property "$primevue" was accessed during render but is not defined on instance. 
  at <InputNumber id="Left Wrist-ql" modelValue=200 onUpdate:modelValue=fn<onUpdate:modelValue>  ... > 
  at <TabPanel header="Build" class="h-full" > 
  at <TabView class="h-full tinker-plants-tabs" > 
  at <TinkerPlants ref="VTU_COMPONENT" > 
  at <VTUROOT>
[Vue warn]: Property "$primevue" was accessed during render but is not defined on instance. 
  at <Dropdown id="Right Hand-shiny" modelValue=null onUpdate:modelValue=fn<onUpdate:modelValue>  ... > 
  at <TabPanel header="Build" class="h-full" > 
  at <TabView class="h-full tinker-plants-tabs" > 
  at <TinkerPlants ref="VTU_COMPONENT" > 
  at <VTUROOT>
[Vue warn]: Property "$primevue" was accessed during render but is not defined on instance. 
  at <Dropdown id="Right Hand-bright" modelValue=null onUpdate:modelValue=fn<onUpdate:modelValue>  ... > 
  at <TabPanel header="Build" class="h-full" > 
  at <TabView class="h-full tinker-plants-tabs" > 
  at <TinkerPlants ref="VTU_COMPONENT" > 
  at <VTUROOT>
[Vue warn]: Property "$primevue" was accessed during render but is not defined on instance. 
  at <Dropdown id="Right Hand-faded" modelValue=null onUpdate:modelValue=fn<onUpdate:modelValue>  ... > 
  at <TabPanel header="Build" class="h-full" > 
  at <TabView class="h-full tinker-plants-tabs" > 
  at <TinkerPlants ref="VTU_COMPONENT" > 
  at <VTUROOT>
[Vue warn]: Property "$primevue" was accessed during render but is not defined on instance. 
  at <InputNumber id="Right Hand-ql" modelValue=200 onUpdate:modelValue=fn<onUpdate:modelValue>  ... > 
  at <TabPanel header="Build" class="h-full" > 
  at <TabView class="h-full tinker-plants-tabs" > 
  at <TinkerPlants ref="VTU_COMPONENT" > 
  at <VTUROOT>
[Vue warn]: Property "$primevue" was accessed during render but is not defined on instance. 
  at <Dropdown id="Leg-shiny" modelValue=null onUpdate:modelValue=fn<onUpdate:modelValue>  ... > 
  at <TabPanel header="Build" class="h-full" > 
  at <TabView class="h-full tinker-plants-tabs" > 
  at <TinkerPlants ref="VTU_COMPONENT" > 
  at <VTUROOT>
[Vue warn]: Property "$primevue" was accessed during render but is not defined on instance. 
  at <Dropdown id="Leg-bright" modelValue=null onUpdate:modelValue=fn<onUpdate:modelValue>  ... > 
  at <TabPanel header="Build" class="h-full" > 
  at <TabView class="h-full tinker-plants-tabs" > 
  at <TinkerPlants ref="VTU_COMPONENT" > 
  at <VTUROOT>
[Vue warn]: Property "$primevue" was accessed during render but is not defined on instance. 
  at <Dropdown id="Leg-faded" modelValue=null onUpdate:modelValue=fn<onUpdate:modelValue>  ... > 
  at <TabPanel header="Build" class="h-full" > 
  at <TabView class="h-full tinker-plants-tabs" > 
  at <TinkerPlants ref="VTU_COMPONENT" > 
  at <VTUROOT>
[Vue warn]: Property "$primevue" was accessed during render but is not defined on instance. 
  at <InputNumber id="Leg-ql" modelValue=200 onUpdate:modelValue=fn<onUpdate:modelValue>  ... > 
  at <TabPanel header="Build" class="h-full" > 
  at <TabView class="h-full tinker-plants-tabs" > 
  at <TinkerPlants ref="VTU_COMPONENT" > 
  at <VTUROOT>
[Vue warn]: Property "$primevue" was accessed during render but is not defined on instance. 
  at <Dropdown id="Left Hand-shiny" modelValue=null onUpdate:modelValue=fn<onUpdate:modelValue>  ... > 
  at <TabPanel header="Build" class="h-full" > 
  at <TabView class="h-full tinker-plants-tabs" > 
  at <TinkerPlants ref="VTU_COMPONENT" > 
  at <VTUROOT>
[Vue warn]: Property "$primevue" was accessed during render but is not defined on instance. 
  at <Dropdown id="Left Hand-bright" modelValue=null onUpdate:modelValue=fn<onUpdate:modelValue>  ... > 
  at <TabPanel header="Build" class="h-full" > 
  at <TabView class="h-full tinker-plants-tabs" > 
  at <TinkerPlants ref="VTU_COMPONENT" > 
  at <VTUROOT>
[Vue warn]: Property "$primevue" was accessed during render but is not defined on instance. 
  at <Dropdown id="Left Hand-faded" modelValue=null onUpdate:modelValue=fn<onUpdate:modelValue>  ... > 
  at <TabPanel header="Build" class="h-full" > 
  at <TabView class="h-full tinker-plants-tabs" > 
  at <TinkerPlants ref="VTU_COMPONENT" > 
  at <VTUROOT>
[Vue warn]: Property "$primevue" was accessed during render but is not defined on instance. 
  at <InputNumber id="Left Hand-ql" modelValue=200 onUpdate:modelValue=fn<onUpdate:modelValue>  ... > 
  at <TabPanel header="Build" class="h-full" > 
  at <TabView class="h-full tinker-plants-tabs" > 
  at <TinkerPlants ref="VTU_COMPONENT" > 
  at <VTUROOT>
[Vue warn]: Property "$primevue" was accessed during render but is not defined on instance. 
  at <Dropdown id="Feet-shiny" modelValue=null onUpdate:modelValue=fn<onUpdate:modelValue>  ... > 
  at <TabPanel header="Build" class="h-full" > 
  at <TabView class="h-full tinker-plants-tabs" > 
  at <TinkerPlants ref="VTU_COMPONENT" > 
  at <VTUROOT>
[Vue warn]: Property "$primevue" was accessed during render but is not defined on instance. 
  at <Dropdown id="Feet-bright" modelValue=null onUpdate:modelValue=fn<onUpdate:modelValue>  ... > 
  at <TabPanel header="Build" class="h-full" > 
  at <TabView class="h-full tinker-plants-tabs" > 
  at <TinkerPlants ref="VTU_COMPONENT" > 
  at <VTUROOT>
[Vue warn]: Property "$primevue" was accessed during render but is not defined on instance. 
  at <Dropdown id="Feet-faded" modelValue=null onUpdate:modelValue=fn<onUpdate:modelValue>  ... > 
  at <TabPanel header="Build" class="h-full" > 
  at <TabView class="h-full tinker-plants-tabs" > 
  at <TinkerPlants ref="VTU_COMPONENT" > 
  at <VTUROOT>
[Vue warn]: Property "$primevue" was accessed during render but is not defined on instance. 
  at <InputNumber id="Feet-ql" modelValue=200 onUpdate:modelValue=fn<onUpdate:modelValue>  ... > 
  at <TabPanel header="Build" class="h-full" > 
  at <TabView class="h-full tinker-plants-tabs" > 
  at <TinkerPlants ref="VTU_COMPONENT" > 
  at <VTUROOT>
[Vue warn]: Extraneous non-props attributes (class) were passed to component but could not be automatically inherited because component renders fragment or text root nodes. 
  at <TabPanel header="Construction" class="h-full" > 
  at <TabView class="h-full tinker-plants-tabs" > 
  at <TinkerPlants ref="VTU_COMPONENT" > 
  at <VTUROOT>
[Vue warn]: Extraneous non-props attributes (class) were passed to component but could not be automatically inherited because component renders fragment or text root nodes. 
  at <TabPanel header="Build" class="h-full" > 
  at <TabView class="h-full tinker-plants-tabs" > 
  at <TinkerPlants ref="VTU_COMPONENT" > 
  at <VTUROOT>
[Vue warn]: Property "$primevue" was accessed during render but is not defined on instance. 
  at <Dropdown id="Eye-shiny" modelValue=null onUpdate:modelValue=fn<onUpdate:modelValue>  ... > 
  at <TabPanel header="Build" class="h-full" > 
  at <TabView class="h-full tinker-plants-tabs" > 
  at <TinkerPlants ref="VTU_COMPONENT" > 
  at <VTUROOT>
[Vue warn]: Property "$primevue" was accessed during render but is not defined on instance. 
  at <Dropdown id="Eye-bright" modelValue=null onUpdate:modelValue=fn<onUpdate:modelValue>  ... > 
  at <TabPanel header="Build" class="h-full" > 
  at <TabView class="h-full tinker-plants-tabs" > 
  at <TinkerPlants ref="VTU_COMPONENT" > 
  at <VTUROOT>
[Vue warn]: Property "$primevue" was accessed during render but is not defined on instance. 
  at <Dropdown id="Eye-faded" modelValue=null onUpdate:modelValue=fn<onUpdate:modelValue>  ... > 
  at <TabPanel header="Build" class="h-full" > 
  at <TabView class="h-full tinker-plants-tabs" > 
  at <TinkerPlants ref="VTU_COMPONENT" > 
  at <VTUROOT>
[Vue warn]: Property "$primevue" was accessed during render but is not defined on instance. 
  at <Dropdown id="Head-shiny" modelValue=null onUpdate:modelValue=fn<onUpdate:modelValue>  ... > 
  at <TabPanel header="Build" class="h-full" > 
  at <TabView class="h-full tinker-plants-tabs" > 
  at <TinkerPlants ref="VTU_COMPONENT" > 
  at <VTUROOT>
[Vue warn]: Property "$primevue" was accessed during render but is not defined on instance. 
  at <Dropdown id="Head-bright" modelValue=null onUpdate:modelValue=fn<onUpdate:modelValue>  ... > 
  at <TabPanel header="Build" class="h-full" > 
  at <TabView class="h-full tinker-plants-tabs" > 
  at <TinkerPlants ref="VTU_COMPONENT" > 
  at <VTUROOT>
[Vue warn]: Property "$primevue" was accessed during render but is not defined on instance. 
  at <Dropdown id="Head-faded" modelValue=null onUpdate:modelValue=fn<onUpdate:modelValue>  ... > 
  at <TabPanel header="Build" class="h-full" > 
  at <TabView class="h-full tinker-plants-tabs" > 
  at <TinkerPlants ref="VTU_COMPONENT" > 
  at <VTUROOT>
[Vue warn]: Property "$primevue" was accessed during render but is not defined on instance. 
  at <Dropdown id="Ear-shiny" modelValue=null onUpdate:modelValue=fn<onUpdate:modelValue>  ... > 
  at <TabPanel header="Build" class="h-full" > 
  at <TabView class="h-full tinker-plants-tabs" > 
  at <TinkerPlants ref="VTU_COMPONENT" > 
  at <VTUROOT>
[Vue warn]: Property "$primevue" was accessed during render but is not defined on instance. 
  at <Dropdown id="Ear-bright" modelValue=null onUpdate:modelValue=fn<onUpdate:modelValue>  ... > 
  at <TabPanel header="Build" class="h-full" > 
  at <TabView class="h-full tinker-plants-tabs" > 
  at <TinkerPlants ref="VTU_COMPONENT" > 
  at <VTUROOT>
[Vue warn]: Property "$primevue" was accessed during render but is not defined on instance. 
  at <Dropdown id="Ear-faded" modelValue=null onUpdate:modelValue=fn<onUpdate:modelValue>  ... > 
  at <TabPanel header="Build" class="h-full" > 
  at <TabView class="h-full tinker-plants-tabs" > 
  at <TinkerPlants ref="VTU_COMPONENT" > 
  at <VTUROOT>
[Vue warn]: Property "$primevue" was accessed during render but is not defined on instance. 
  at <Dropdown id="Right Arm-shiny" modelValue=null onUpdate:modelValue=fn<onUpdate:modelValue>  ... > 
  at <TabPanel header="Build" class="h-full" > 
  at <TabView class="h-full tinker-plants-tabs" > 
  at <TinkerPlants ref="VTU_COMPONENT" > 
  at <VTUROOT>
[Vue warn]: Property "$primevue" was accessed during render but is not defined on instance. 
  at <Dropdown id="Right Arm-bright" modelValue=null onUpdate:modelValue=fn<onUpdate:modelValue>  ... > 
  at <TabPanel header="Build" class="h-full" > 
  at <TabView class="h-full tinker-plants-tabs" > 
  at <TinkerPlants ref="VTU_COMPONENT" > 
  at <VTUROOT>
[Vue warn]: Property "$primevue" was accessed during render but is not defined on instance. 
  at <Dropdown id="Right Arm-faded" modelValue=null onUpdate:modelValue=fn<onUpdate:modelValue>  ... > 
  at <TabPanel header="Build" class="h-full" > 
  at <TabView class="h-full tinker-plants-tabs" > 
  at <TinkerPlants ref="VTU_COMPONENT" > 
  at <VTUROOT>
[Vue warn]: Property "$primevue" was accessed during render but is not defined on instance. 
  at <Dropdown id="Chest-shiny" modelValue=null onUpdate:modelValue=fn<onUpdate:modelValue>  ... > 
  at <TabPanel header="Build" class="h-full" > 
  at <TabView class="h-full tinker-plants-tabs" > 
  at <TinkerPlants ref="VTU_COMPONENT" > 
  at <VTUROOT>
[Vue warn]: Property "$primevue" was accessed during render but is not defined on instance. 
  at <Dropdown id="Chest-bright" modelValue=null onUpdate:modelValue=fn<onUpdate:modelValue>  ... > 
  at <TabPanel header="Build" class="h-full" > 
  at <TabView class="h-full tinker-plants-tabs" > 
  at <TinkerPlants ref="VTU_COMPONENT" > 
  at <VTUROOT>
[Vue warn]: Property "$primevue" was accessed during render but is not defined on instance. 
  at <Dropdown id="Chest-faded" modelValue=null onUpdate:modelValue=fn<onUpdate:modelValue>  ... > 
  at <TabPanel header="Build" class="h-full" > 
  at <TabView class="h-full tinker-plants-tabs" > 
  at <TinkerPlants ref="VTU_COMPONENT" > 
  at <VTUROOT>
[Vue warn]: Property "$primevue" was accessed during render but is not defined on instance. 
  at <Dropdown id="Left Arm-shiny" modelValue=null onUpdate:modelValue=fn<onUpdate:modelValue>  ... > 
  at <TabPanel header="Build" class="h-full" > 
  at <TabView class="h-full tinker-plants-tabs" > 
  at <TinkerPlants ref="VTU_COMPONENT" > 
  at <VTUROOT>
[Vue warn]: Property "$primevue" was accessed during render but is not defined on instance. 
  at <Dropdown id="Left Arm-bright" modelValue=null onUpdate:modelValue=fn<onUpdate:modelValue>  ... > 
  at <TabPanel header="Build" class="h-full" > 
  at <TabView class="h-full tinker-plants-tabs" > 
  at <TinkerPlants ref="VTU_COMPONENT" > 
  at <VTUROOT>
[Vue warn]: Property "$primevue" was accessed during render but is not defined on instance. 
  at <Dropdown id="Left Arm-faded" modelValue=null onUpdate:modelValue=fn<onUpdate:modelValue>  ... > 
  at <TabPanel header="Build" class="h-full" > 
  at <TabView class="h-full tinker-plants-tabs" > 
  at <TinkerPlants ref="VTU_COMPONENT" > 
  at <VTUROOT>
[Vue warn]: Property "$primevue" was accessed during render but is not defined on instance. 
  at <Dropdown id="Right Wrist-shiny" modelValue=null onUpdate:modelValue=fn<onUpdate:modelValue>  ... > 
  at <TabPanel header="Build" class="h-full" > 
  at <TabView class="h-full tinker-plants-tabs" > 
  at <TinkerPlants ref="VTU_COMPONENT" > 
  at <VTUROOT>
[Vue warn]: Property "$primevue" was accessed during render but is not defined on instance. 
  at <Dropdown id="Right Wrist-bright" modelValue=null onUpdate:modelValue=fn<onUpdate:modelValue>  ... > 
  at <TabPanel header="Build" class="h-full" > 
  at <TabView class="h-full tinker-plants-tabs" > 
  at <TinkerPlants ref="VTU_COMPONENT" > 
  at <VTUROOT>
[Vue warn]: Property "$primevue" was accessed during render but is not defined on instance. 
  at <Dropdown id="Right Wrist-faded" modelValue=null onUpdate:modelValue=fn<onUpdate:modelValue>  ... > 
  at <TabPanel header="Build" class="h-full" > 
  at <TabView class="h-full tinker-plants-tabs" > 
  at <TinkerPlants ref="VTU_COMPONENT" > 
  at <VTUROOT>
[Vue warn]: Property "$primevue" was accessed during render but is not defined on instance. 
  at <Dropdown id="Waist-shiny" modelValue=null onUpdate:modelValue=fn<onUpdate:modelValue>  ... > 
  at <TabPanel header="Build" class="h-full" > 
  at <TabView class="h-full tinker-plants-tabs" > 
  at <TinkerPlants ref="VTU_COMPONENT" > 
  at <VTUROOT>
[Vue warn]: Property "$primevue" was accessed during render but is not defined on instance. 
  at <Dropdown id="Waist-bright" modelValue=null onUpdate:modelValue=fn<onUpdate:modelValue>  ... > 
  at <TabPanel header="Build" class="h-full" > 
  at <TabView class="h-full tinker-plants-tabs" > 
  at <TinkerPlants ref="VTU_COMPONENT" > 
  at <VTUROOT>
[Vue warn]: Property "$primevue" was accessed during render but is not defined on instance. 
  at <Dropdown id="Waist-faded" modelValue=null onUpdate:modelValue=fn<onUpdate:modelValue>  ... > 
  at <TabPanel header="Build" class="h-full" > 
  at <TabView class="h-full tinker-plants-tabs" > 
  at <TinkerPlants ref="VTU_COMPONENT" > 
  at <VTUROOT>
[Vue warn]: Property "$primevue" was accessed during render but is not defined on instance. 
  at <Dropdown id="Left Wrist-shiny" modelValue=null onUpdate:modelValue=fn<onUpdate:modelValue>  ... > 
  at <TabPanel header="Build" class="h-full" > 
  at <TabView class="h-full tinker-plants-tabs" > 
  at <TinkerPlants ref="VTU_COMPONENT" > 
  at <VTUROOT>
[Vue warn]: Property "$primevue" was accessed during render but is not defined on instance. 
  at <Dropdown id="Left Wrist-bright" modelValue=null onUpdate:modelValue=fn<onUpdate:modelValue>  ... > 
  at <TabPanel header="Build" class="h-full" > 
  at <TabView class="h-full tinker-plants-tabs" > 
  at <TinkerPlants ref="VTU_COMPONENT" > 
  at <VTUROOT>
[Vue warn]: Property "$primevue" was accessed during render but is not defined on instance. 
  at <Dropdown id="Left Wrist-faded" modelValue=null onUpdate:modelValue=fn<onUpdate:modelValue>  ... > 
  at <TabPanel header="Build" class="h-full" > 
  at <TabView class="h-full tinker-plants-tabs" > 
  at <TinkerPlants ref="VTU_COMPONENT" > 
  at <VTUROOT>
[Vue warn]: Property "$primevue" was accessed during render but is not defined on instance. 
  at <Dropdown id="Right Hand-shiny" modelValue=null onUpdate:modelValue=fn<onUpdate:modelValue>  ... > 
  at <TabPanel header="Build" class="h-full" > 
  at <TabView class="h-full tinker-plants-tabs" > 
  at <TinkerPlants ref="VTU_COMPONENT" > 
  at <VTUROOT>
[Vue warn]: Property "$primevue" was accessed during render but is not defined on instance. 
  at <Dropdown id="Right Hand-bright" modelValue=null onUpdate:modelValue=fn<onUpdate:modelValue>  ... > 
  at <TabPanel header="Build" class="h-full" > 
  at <TabView class="h-full tinker-plants-tabs" > 
  at <TinkerPlants ref="VTU_COMPONENT" > 
  at <VTUROOT>
[Vue warn]: Property "$primevue" was accessed during render but is not defined on instance. 
  at <Dropdown id="Right Hand-faded" modelValue=null onUpdate:modelValue=fn<onUpdate:modelValue>  ... > 
  at <TabPanel header="Build" class="h-full" > 
  at <TabView class="h-full tinker-plants-tabs" > 
  at <TinkerPlants ref="VTU_COMPONENT" > 
  at <VTUROOT>
[Vue warn]: Property "$primevue" was accessed during render but is not defined on instance. 
  at <Dropdown id="Leg-shiny" modelValue=null onUpdate:modelValue=fn<onUpdate:modelValue>  ... > 
  at <TabPanel header="Build" class="h-full" > 
  at <TabView class="h-full tinker-plants-tabs" > 
  at <TinkerPlants ref="VTU_COMPONENT" > 
  at <VTUROOT>
[Vue warn]: Property "$primevue" was accessed during render but is not defined on instance. 
  at <Dropdown id="Leg-bright" modelValue=null onUpdate:modelValue=fn<onUpdate:modelValue>  ... > 
  at <TabPanel header="Build" class="h-full" > 
  at <TabView class="h-full tinker-plants-tabs" > 
  at <TinkerPlants ref="VTU_COMPONENT" > 
  at <VTUROOT>
[Vue warn]: Property "$primevue" was accessed during render but is not defined on instance. 
  at <Dropdown id="Leg-faded" modelValue=null onUpdate:modelValue=fn<onUpdate:modelValue>  ... > 
  at <TabPanel header="Build" class="h-full" > 
  at <TabView class="h-full tinker-plants-tabs" > 
  at <TinkerPlants ref="VTU_COMPONENT" > 
  at <VTUROOT>
[Vue warn]: Property "$primevue" was accessed during render but is not defined on instance. 
  at <Dropdown id="Left Hand-shiny" modelValue=null onUpdate:modelValue=fn<onUpdate:modelValue>  ... > 
  at <TabPanel header="Build" class="h-full" > 
  at <TabView class="h-full tinker-plants-tabs" > 
  at <TinkerPlants ref="VTU_COMPONENT" > 
  at <VTUROOT>
[Vue warn]: Property "$primevue" was accessed during render but is not defined on instance. 
  at <Dropdown id="Left Hand-bright" modelValue=null onUpdate:modelValue=fn<onUpdate:modelValue>  ... > 
  at <TabPanel header="Build" class="h-full" > 
  at <TabView class="h-full tinker-plants-tabs" > 
  at <TinkerPlants ref="VTU_COMPONENT" > 
  at <VTUROOT>
[Vue warn]: Property "$primevue" was accessed during render but is not defined on instance. 
  at <Dropdown id="Left Hand-faded" modelValue=null onUpdate:modelValue=fn<onUpdate:modelValue>  ... > 
  at <TabPanel header="Build" class="h-full" > 
  at <TabView class="h-full tinker-plants-tabs" > 
  at <TinkerPlants ref="VTU_COMPONENT" > 
  at <VTUROOT>
[Vue warn]: Property "$primevue" was accessed during render but is not defined on instance. 
  at <Dropdown id="Feet-shiny" modelValue=null onUpdate:modelValue=fn<onUpdate:modelValue>  ... > 
  at <TabPanel header="Build" class="h-full" > 
  at <TabView class="h-full tinker-plants-tabs" > 
  at <TinkerPlants ref="VTU_COMPONENT" > 
  at <VTUROOT>
[Vue warn]: Property "$primevue" was accessed during render but is not defined on instance. 
  at <Dropdown id="Feet-bright" modelValue=null onUpdate:modelValue=fn<onUpdate:modelValue>  ... > 
  at <TabPanel header="Build" class="h-full" > 
  at <TabView class="h-full tinker-plants-tabs" > 
  at <TinkerPlants ref="VTU_COMPONENT" > 
  at <VTUROOT>
[Vue warn]: Property "$primevue" was accessed during render but is not defined on instance. 
  at <Dropdown id="Feet-faded" modelValue=null onUpdate:modelValue=fn<onUpdate:modelValue>  ... > 
  at <TabPanel header="Build" class="h-full" > 
  at <TabView class="h-full tinker-plants-tabs" > 
  at <TinkerPlants ref="VTU_COMPONENT" > 
  at <VTUROOT>
[Vue warn]: Extraneous non-props attributes (class) were passed to component but could not be automatically inherited because component renders fragment or text root nodes. 
  at <TabPanel header="Construction" class="h-full" > 
  at <TabView class="h-full tinker-plants-tabs" > 
  at <TinkerPlants ref="VTU_COMPONENT" > 
  at <VTUROOT>

stderr | src/__tests__/views/TinkerPlants.simple.test.ts > TinkerPlants - Simple Tests > Layout Structure > has responsive design classes
[Vue warn]: Property "$primevue" was accessed during render but is not defined on instance. 
  at <InputNumber id="ql-input" modelValue=200 onUpdate:modelValue=fn  ... > 
  at <TinkerPlants ref="VTU_COMPONENT" > 
  at <VTUROOT>
[Vue warn]: Extraneous non-props attributes (class) were passed to component but could not be automatically inherited because component renders fragment or text root nodes. 
  at <TabPanel header="Build" class="h-full" > 
  at <TabView class="h-full tinker-plants-tabs" > 
  at <TinkerPlants ref="VTU_COMPONENT" > 
  at <VTUROOT>
[Vue warn]: Property "$primevue" was accessed during render but is not defined on instance. 
  at <Dropdown id="Eye-shiny" modelValue=null onUpdate:modelValue=fn<onUpdate:modelValue>  ... > 
  at <TabPanel header="Build" class="h-full" > 
  at <TabView class="h-full tinker-plants-tabs" > 
  at <TinkerPlants ref="VTU_COMPONENT" > 
  at <VTUROOT>
[Vue warn]: Property "$primevue" was accessed during render but is not defined on instance. 
  at <Dropdown id="Eye-bright" modelValue=null onUpdate:modelValue=fn<onUpdate:modelValue>  ... > 
  at <TabPanel header="Build" class="h-full" > 
  at <TabView class="h-full tinker-plants-tabs" > 
  at <TinkerPlants ref="VTU_COMPONENT" > 
  at <VTUROOT>
[Vue warn]: Property "$primevue" was accessed during render but is not defined on instance. 
  at <Dropdown id="Eye-faded" modelValue=null onUpdate:modelValue=fn<onUpdate:modelValue>  ... > 
  at <TabPanel header="Build" class="h-full" > 
  at <TabView class="h-full tinker-plants-tabs" > 
  at <TinkerPlants ref="VTU_COMPONENT" > 
  at <VTUROOT>
[Vue warn]: Property "$primevue" was accessed during render but is not defined on instance. 
  at <InputNumber id="Eye-ql" modelValue=200 onUpdate:modelValue=fn<onUpdate:modelValue>  ... > 
  at <TabPanel header="Build" class="h-full" > 
  at <TabView class="h-full tinker-plants-tabs" > 
  at <TinkerPlants ref="VTU_COMPONENT" > 
  at <VTUROOT>
[Vue warn]: Property "$primevue" was accessed during render but is not defined on instance. 
  at <Dropdown id="Head-shiny" modelValue=null onUpdate:modelValue=fn<onUpdate:modelValue>  ... > 
  at <TabPanel header="Build" class="h-full" > 
  at <TabView class="h-full tinker-plants-tabs" > 
  at <TinkerPlants ref="VTU_COMPONENT" > 
  at <VTUROOT>
[Vue warn]: Property "$primevue" was accessed during render but is not defined on instance. 
  at <Dropdown id="Head-bright" modelValue=null onUpdate:modelValue=fn<onUpdate:modelValue>  ... > 
  at <TabPanel header="Build" class="h-full" > 
  at <TabView class="h-full tinker-plants-tabs" > 
  at <TinkerPlants ref="VTU_COMPONENT" > 
  at <VTUROOT>
[Vue warn]: Property "$primevue" was accessed during render but is not defined on instance. 
  at <Dropdown id="Head-faded" modelValue=null onUpdate:modelValue=fn<onUpdate:modelValue>  ... > 
  at <TabPanel header="Build" class="h-full" > 
  at <TabView class="h-full tinker-plants-tabs" > 
  at <TinkerPlants ref="VTU_COMPONENT" > 
  at <VTUROOT>
[Vue warn]: Property "$primevue" was accessed during render but is not defined on instance. 
  at <InputNumber id="Head-ql" modelValue=200 onUpdate:modelValue=fn<onUpdate:modelValue>  ... > 
  at <TabPanel header="Build" class="h-full" > 
  at <TabView class="h-full tinker-plants-tabs" > 
  at <TinkerPlants ref="VTU_COMPONENT" > 
  at <VTUROOT>
[Vue warn]: Property "$primevue" was accessed during render but is not defined on instance. 
  at <Dropdown id="Ear-shiny" modelValue=null onUpdate:modelValue=fn<onUpdate:modelValue>  ... > 
  at <TabPanel header="Build" class="h-full" > 
  at <TabView class="h-full tinker-plants-tabs" > 
  at <TinkerPlants ref="VTU_COMPONENT" > 
  at <VTUROOT>
[Vue warn]: Property "$primevue" was accessed during render but is not defined on instance. 
  at <Dropdown id="Ear-bright" modelValue=null onUpdate:modelValue=fn<onUpdate:modelValue>  ... > 
  at <TabPanel header="Build" class="h-full" > 
  at <TabView class="h-full tinker-plants-tabs" > 
  at <TinkerPlants ref="VTU_COMPONENT" > 
  at <VTUROOT>
[Vue warn]: Property "$primevue" was accessed during render but is not defined on instance. 
  at <Dropdown id="Ear-faded" modelValue=null onUpdate:modelValue=fn<onUpdate:modelValue>  ... > 
  at <TabPanel header="Build" class="h-full" > 
  at <TabView class="h-full tinker-plants-tabs" > 
  at <TinkerPlants ref="VTU_COMPONENT" > 
  at <VTUROOT>
[Vue warn]: Property "$primevue" was accessed during render but is not defined on instance. 
  at <InputNumber id="Ear-ql" modelValue=200 onUpdate:modelValue=fn<onUpdate:modelValue>  ... > 
  at <TabPanel header="Build" class="h-full" > 
  at <TabView class="h-full tinker-plants-tabs" > 
  at <TinkerPlants ref="VTU_COMPONENT" > 
  at <VTUROOT>
[Vue warn]: Property "$primevue" was accessed during render but is not defined on instance. 
  at <Dropdown id="Right Arm-shiny" modelValue=null onUpdate:modelValue=fn<onUpdate:modelValue>  ... > 
  at <TabPanel header="Build" class="h-full" > 
  at <TabView class="h-full tinker-plants-tabs" > 
  at <TinkerPlants ref="VTU_COMPONENT" > 
  at <VTUROOT>
[Vue warn]: Property "$primevue" was accessed during render but is not defined on instance. 
  at <Dropdown id="Right Arm-bright" modelValue=null onUpdate:modelValue=fn<onUpdate:modelValue>  ... > 
  at <TabPanel header="Build" class="h-full" > 
  at <TabView class="h-full tinker-plants-tabs" > 
  at <TinkerPlants ref="VTU_COMPONENT" > 
  at <VTUROOT>
[Vue warn]: Property "$primevue" was accessed during render but is not defined on instance. 
  at <Dropdown id="Right Arm-faded" modelValue=null onUpdate:modelValue=fn<onUpdate:modelValue>  ... > 
  at <TabPanel header="Build" class="h-full" > 
  at <TabView class="h-full tinker-plants-tabs" > 
  at <TinkerPlants ref="VTU_COMPONENT" > 
  at <VTUROOT>
[Vue warn]: Property "$primevue" was accessed during render but is not defined on instance. 
  at <InputNumber id="Right Arm-ql" modelValue=200 onUpdate:modelValue=fn<onUpdate:modelValue>  ... > 
  at <TabPanel header="Build" class="h-full" > 
  at <TabView class="h-full tinker-plants-tabs" > 
  at <TinkerPlants ref="VTU_COMPONENT" > 
  at <VTUROOT>
[Vue warn]: Property "$primevue" was accessed during render but is not defined on instance. 
  at <Dropdown id="Chest-shiny" modelValue=null onUpdate:modelValue=fn<onUpdate:modelValue>  ... > 
  at <TabPanel header="Build" class="h-full" > 
  at <TabView class="h-full tinker-plants-tabs" > 
  at <TinkerPlants ref="VTU_COMPONENT" > 
  at <VTUROOT>
[Vue warn]: Property "$primevue" was accessed during render but is not defined on instance. 
  at <Dropdown id="Chest-bright" modelValue=null onUpdate:modelValue=fn<onUpdate:modelValue>  ... > 
  at <TabPanel header="Build" class="h-full" > 
  at <TabView class="h-full tinker-plants-tabs" > 
  at <TinkerPlants ref="VTU_COMPONENT" > 
  at <VTUROOT>
[Vue warn]: Property "$primevue" was accessed during render but is not defined on instance. 
  at <Dropdown id="Chest-faded" modelValue=null onUpdate:modelValue=fn<onUpdate:modelValue>  ... > 
  at <TabPanel header="Build" class="h-full" > 
  at <TabView class="h-full tinker-plants-tabs" > 
  at <TinkerPlants ref="VTU_COMPONENT" > 
  at <VTUROOT>
[Vue warn]: Property "$primevue" was accessed during render but is not defined on instance. 
  at <InputNumber id="Chest-ql" modelValue=200 onUpdate:modelValue=fn<onUpdate:modelValue>  ... > 
  at <TabPanel header="Build" class="h-full" > 
  at <TabView class="h-full tinker-plants-tabs" > 
  at <TinkerPlants ref="VTU_COMPONENT" > 
  at <VTUROOT>
[Vue warn]: Property "$primevue" was accessed during render but is not defined on instance. 
  at <Dropdown id="Left Arm-shiny" modelValue=null onUpdate:modelValue=fn<onUpdate:modelValue>  ... > 
  at <TabPanel header="Build" class="h-full" > 
  at <TabView class="h-full tinker-plants-tabs" > 
  at <TinkerPlants ref="VTU_COMPONENT" > 
  at <VTUROOT>
[Vue warn]: Property "$primevue" was accessed during render but is not defined on instance. 
  at <Dropdown id="Left Arm-bright" modelValue=null onUpdate:modelValue=fn<onUpdate:modelValue>  ... > 
  at <TabPanel header="Build" class="h-full" > 
  at <TabView class="h-full tinker-plants-tabs" > 
  at <TinkerPlants ref="VTU_COMPONENT" > 
  at <VTUROOT>
[Vue warn]: Property "$primevue" was accessed during render but is not defined on instance. 
  at <Dropdown id="Left Arm-faded" modelValue=null onUpdate:modelValue=fn<onUpdate:modelValue>  ... > 
  at <TabPanel header="Build" class="h-full" > 
  at <TabView class="h-full tinker-plants-tabs" > 
  at <TinkerPlants ref="VTU_COMPONENT" > 
  at <VTUROOT>
[Vue warn]: Property "$primevue" was accessed during render but is not defined on instance. 
  at <InputNumber id="Left Arm-ql" modelValue=200 onUpdate:modelValue=fn<onUpdate:modelValue>  ... > 
  at <TabPanel header="Build" class="h-full" > 
  at <TabView class="h-full tinker-plants-tabs" > 
  at <TinkerPlants ref="VTU_COMPONENT" > 
  at <VTUROOT>
[Vue warn]: Property "$primevue" was accessed during render but is not defined on instance. 
  at <Dropdown id="Right Wrist-shiny" modelValue=null onUpdate:modelValue=fn<onUpdate:modelValue>  ... > 
  at <TabPanel header="Build" class="h-full" > 
  at <TabView class="h-full tinker-plants-tabs" > 
  at <TinkerPlants ref="VTU_COMPONENT" > 
  at <VTUROOT>
[Vue warn]: Property "$primevue" was accessed during render but is not defined on instance. 
  at <Dropdown id="Right Wrist-bright" modelValue=null onUpdate:modelValue=fn<onUpdate:modelValue>  ... > 
  at <TabPanel header="Build" class="h-full" > 
  at <TabView class="h-full tinker-plants-tabs" > 
  at <TinkerPlants ref="VTU_COMPONENT" > 
  at <VTUROOT>
[Vue warn]: Property "$primevue" was accessed during render but is not defined on instance. 
  at <Dropdown id="Right Wrist-faded" modelValue=null onUpdate:modelValue=fn<onUpdate:modelValue>  ... > 
  at <TabPanel header="Build" class="h-full" > 
  at <TabView class="h-full tinker-plants-tabs" > 
  at <TinkerPlants ref="VTU_COMPONENT" > 
  at <VTUROOT>
[Vue warn]: Property "$primevue" was accessed during render but is not defined on instance. 
  at <InputNumber id="Right Wrist-ql" modelValue=200 onUpdate:modelValue=fn<onUpdate:modelValue>  ... > 
  at <TabPanel header="Build" class="h-full" > 
  at <TabView class="h-full tinker-plants-tabs" > 
  at <TinkerPlants ref="VTU_COMPONENT" > 
  at <VTUROOT>
[Vue warn]: Property "$primevue" was accessed during render but is not defined on instance. 
  at <Dropdown id="Waist-shiny" modelValue=null onUpdate:modelValue=fn<onUpdate:modelValue>  ... > 
  at <TabPanel header="Build" class="h-full" > 
  at <TabView class="h-full tinker-plants-tabs" > 
  at <TinkerPlants ref="VTU_COMPONENT" > 
  at <VTUROOT>
[Vue warn]: Property "$primevue" was accessed during render but is not defined on instance. 
  at <Dropdown id="Waist-bright" modelValue=null onUpdate:modelValue=fn<onUpdate:modelValue>  ... > 
  at <TabPanel header="Build" class="h-full" > 
  at <TabView class="h-full tinker-plants-tabs" > 
  at <TinkerPlants ref="VTU_COMPONENT" > 
  at <VTUROOT>
[Vue warn]: Property "$primevue" was accessed during render but is not defined on instance. 
  at <Dropdown id="Waist-faded" modelValue=null onUpdate:modelValue=fn<onUpdate:modelValue>  ... > 
  at <TabPanel header="Build" class="h-full" > 
  at <TabView class="h-full tinker-plants-tabs" > 
  at <TinkerPlants ref="VTU_COMPONENT" > 
  at <VTUROOT>
[Vue warn]: Property "$primevue" was accessed during render but is not defined on instance. 
  at <InputNumber id="Waist-ql" modelValue=200 onUpdate:modelValue=fn<onUpdate:modelValue>  ... > 
  at <TabPanel header="Build" class="h-full" > 
  at <TabView class="h-full tinker-plants-tabs" > 
  at <TinkerPlants ref="VTU_COMPONENT" > 
  at <VTUROOT>
[Vue warn]: Property "$primevue" was accessed during render but is not defined on instance. 
  at <Dropdown id="Left Wrist-shiny" modelValue=null onUpdate:modelValue=fn<onUpdate:modelValue>  ... > 
  at <TabPanel header="Build" class="h-full" > 
  at <TabView class="h-full tinker-plants-tabs" > 
  at <TinkerPlants ref="VTU_COMPONENT" > 
  at <VTUROOT>
[Vue warn]: Property "$primevue" was accessed during render but is not defined on instance. 
  at <Dropdown id="Left Wrist-bright" modelValue=null onUpdate:modelValue=fn<onUpdate:modelValue>  ... > 
  at <TabPanel header="Build" class="h-full" > 
  at <TabView class="h-full tinker-plants-tabs" > 
  at <TinkerPlants ref="VTU_COMPONENT" > 
  at <VTUROOT>
[Vue warn]: Property "$primevue" was accessed during render but is not defined on instance. 
  at <Dropdown id="Left Wrist-faded" modelValue=null onUpdate:modelValue=fn<onUpdate:modelValue>  ... > 
  at <TabPanel header="Build" class="h-full" > 
  at <TabView class="h-full tinker-plants-tabs" > 
  at <TinkerPlants ref="VTU_COMPONENT" > 
  at <VTUROOT>
[Vue warn]: Property "$primevue" was accessed during render but is not defined on instance. 
  at <InputNumber id="Left Wrist-ql" modelValue=200 onUpdate:modelValue=fn<onUpdate:modelValue>  ... > 
  at <TabPanel header="Build" class="h-full" > 
  at <TabView class="h-full tinker-plants-tabs" > 
  at <TinkerPlants ref="VTU_COMPONENT" > 
  at <VTUROOT>
[Vue warn]: Property "$primevue" was accessed during render but is not defined on instance. 
  at <Dropdown id="Right Hand-shiny" modelValue=null onUpdate:modelValue=fn<onUpdate:modelValue>  ... > 
  at <TabPanel header="Build" class="h-full" > 
  at <TabView class="h-full tinker-plants-tabs" > 
  at <TinkerPlants ref="VTU_COMPONENT" > 
  at <VTUROOT>
[Vue warn]: Property "$primevue" was accessed during render but is not defined on instance. 
  at <Dropdown id="Right Hand-bright" modelValue=null onUpdate:modelValue=fn<onUpdate:modelValue>  ... > 
  at <TabPanel header="Build" class="h-full" > 
  at <TabView class="h-full tinker-plants-tabs" > 
  at <TinkerPlants ref="VTU_COMPONENT" > 
  at <VTUROOT>
[Vue warn]: Property "$primevue" was accessed during render but is not defined on instance. 
  at <Dropdown id="Right Hand-faded" modelValue=null onUpdate:modelValue=fn<onUpdate:modelValue>  ... > 
  at <TabPanel header="Build" class="h-full" > 
  at <TabView class="h-full tinker-plants-tabs" > 
  at <TinkerPlants ref="VTU_COMPONENT" > 
  at <VTUROOT>
[Vue warn]: Property "$primevue" was accessed during render but is not defined on instance. 
  at <InputNumber id="Right Hand-ql" modelValue=200 onUpdate:modelValue=fn<onUpdate:modelValue>  ... > 
  at <TabPanel header="Build" class="h-full" > 
  at <TabView class="h-full tinker-plants-tabs" > 
  at <TinkerPlants ref="VTU_COMPONENT" > 
  at <VTUROOT>
[Vue warn]: Property "$primevue" was accessed during render but is not defined on instance. 
  at <Dropdown id="Leg-shiny" modelValue=null onUpdate:modelValue=fn<onUpdate:modelValue>  ... > 
  at <TabPanel header="Build" class="h-full" > 
  at <TabView class="h-full tinker-plants-tabs" > 
  at <TinkerPlants ref="VTU_COMPONENT" > 
  at <VTUROOT>
[Vue warn]: Property "$primevue" was accessed during render but is not defined on instance. 
  at <Dropdown id="Leg-bright" modelValue=null onUpdate:modelValue=fn<onUpdate:modelValue>  ... > 
  at <TabPanel header="Build" class="h-full" > 
  at <TabView class="h-full tinker-plants-tabs" > 
  at <TinkerPlants ref="VTU_COMPONENT" > 
  at <VTUROOT>
[Vue warn]: Property "$primevue" was accessed during render but is not defined on instance. 
  at <Dropdown id="Leg-faded" modelValue=null onUpdate:modelValue=fn<onUpdate:modelValue>  ... > 
  at <TabPanel header="Build" class="h-full" > 
  at <TabView class="h-full tinker-plants-tabs" > 
  at <TinkerPlants ref="VTU_COMPONENT" > 
  at <VTUROOT>
[Vue warn]: Property "$primevue" was accessed during render but is not defined on instance. 
  at <InputNumber id="Leg-ql" modelValue=200 onUpdate:modelValue=fn<onUpdate:modelValue>  ... > 
  at <TabPanel header="Build" class="h-full" > 
  at <TabView class="h-full tinker-plants-tabs" > 
  at <TinkerPlants ref="VTU_COMPONENT" > 
  at <VTUROOT>
[Vue warn]: Property "$primevue" was accessed during render but is not defined on instance. 
  at <Dropdown id="Left Hand-shiny" modelValue=null onUpdate:modelValue=fn<onUpdate:modelValue>  ... > 
  at <TabPanel header="Build" class="h-full" > 
  at <TabView class="h-full tinker-plants-tabs" > 
  at <TinkerPlants ref="VTU_COMPONENT" > 
  at <VTUROOT>
[Vue warn]: Property "$primevue" was accessed during render but is not defined on instance. 
  at <Dropdown id="Left Hand-bright" modelValue=null onUpdate:modelValue=fn<onUpdate:modelValue>  ... > 
  at <TabPanel header="Build" class="h-full" > 
  at <TabView class="h-full tinker-plants-tabs" > 
  at <TinkerPlants ref="VTU_COMPONENT" > 
  at <VTUROOT>
[Vue warn]: Property "$primevue" was accessed during render but is not defined on instance. 
  at <Dropdown id="Left Hand-faded" modelValue=null onUpdate:modelValue=fn<onUpdate:modelValue>  ... > 
  at <TabPanel header="Build" class="h-full" > 
  at <TabView class="h-full tinker-plants-tabs" > 
  at <TinkerPlants ref="VTU_COMPONENT" > 
  at <VTUROOT>
[Vue warn]: Property "$primevue" was accessed during render but is not defined on instance. 
  at <InputNumber id="Left Hand-ql" modelValue=200 onUpdate:modelValue=fn<onUpdate:modelValue>  ... > 
  at <TabPanel header="Build" class="h-full" > 
  at <TabView class="h-full tinker-plants-tabs" > 
  at <TinkerPlants ref="VTU_COMPONENT" > 
  at <VTUROOT>
[Vue warn]: Property "$primevue" was accessed during render but is not defined on instance. 
  at <Dropdown id="Feet-shiny" modelValue=null onUpdate:modelValue=fn<onUpdate:modelValue>  ... > 
  at <TabPanel header="Build" class="h-full" > 
  at <TabView class="h-full tinker-plants-tabs" > 
  at <TinkerPlants ref="VTU_COMPONENT" > 
  at <VTUROOT>
[Vue warn]: Property "$primevue" was accessed during render but is not defined on instance. 
  at <Dropdown id="Feet-bright" modelValue=null onUpdate:modelValue=fn<onUpdate:modelValue>  ... > 
  at <TabPanel header="Build" class="h-full" > 
  at <TabView class="h-full tinker-plants-tabs" > 
  at <TinkerPlants ref="VTU_COMPONENT" > 
  at <VTUROOT>
[Vue warn]: Property "$primevue" was accessed during render but is not defined on instance. 
  at <Dropdown id="Feet-faded" modelValue=null onUpdate:modelValue=fn<onUpdate:modelValue>  ... > 
  at <TabPanel header="Build" class="h-full" > 
  at <TabView class="h-full tinker-plants-tabs" > 
  at <TinkerPlants ref="VTU_COMPONENT" > 
  at <VTUROOT>
[Vue warn]: Property "$primevue" was accessed during render but is not defined on instance. 
  at <InputNumber id="Feet-ql" modelValue=200 onUpdate:modelValue=fn<onUpdate:modelValue>  ... > 
  at <TabPanel header="Build" class="h-full" > 
  at <TabView class="h-full tinker-plants-tabs" > 
  at <TinkerPlants ref="VTU_COMPONENT" > 
  at <VTUROOT>
[Vue warn]: Extraneous non-props attributes (class) were passed to component but could not be automatically inherited because component renders fragment or text root nodes. 
  at <TabPanel header="Construction" class="h-full" > 
  at <TabView class="h-full tinker-plants-tabs" > 
  at <TinkerPlants ref="VTU_COMPONENT" > 
  at <VTUROOT>
[Vue warn]: Extraneous non-props attributes (class) were passed to component but could not be automatically inherited because component renders fragment or text root nodes. 
  at <TabPanel header="Build" class="h-full" > 
  at <TabView class="h-full tinker-plants-tabs" > 
  at <TinkerPlants ref="VTU_COMPONENT" > 
  at <VTUROOT>
[Vue warn]: Property "$primevue" was accessed during render but is not defined on instance. 
  at <Dropdown id="Eye-shiny" modelValue=null onUpdate:modelValue=fn<onUpdate:modelValue>  ... > 
  at <TabPanel header="Build" class="h-full" > 
  at <TabView class="h-full tinker-plants-tabs" > 
  at <TinkerPlants ref="VTU_COMPONENT" > 
  at <VTUROOT>
[Vue warn]: Property "$primevue" was accessed during render but is not defined on instance. 
  at <Dropdown id="Eye-bright" modelValue=null onUpdate:modelValue=fn<onUpdate:modelValue>  ... > 
  at <TabPanel header="Build" class="h-full" > 
  at <TabView class="h-full tinker-plants-tabs" > 
  at <TinkerPlants ref="VTU_COMPONENT" > 
  at <VTUROOT>
[Vue warn]: Property "$primevue" was accessed during render but is not defined on instance. 
  at <Dropdown id="Eye-faded" modelValue=null onUpdate:modelValue=fn<onUpdate:modelValue>  ... > 
  at <TabPanel header="Build" class="h-full" > 
  at <TabView class="h-full tinker-plants-tabs" > 
  at <TinkerPlants ref="VTU_COMPONENT" > 
  at <VTUROOT>
[Vue warn]: Property "$primevue" was accessed during render but is not defined on instance. 
  at <Dropdown id="Head-shiny" modelValue=null onUpdate:modelValue=fn<onUpdate:modelValue>  ... > 
  at <TabPanel header="Build" class="h-full" > 
  at <TabView class="h-full tinker-plants-tabs" > 
  at <TinkerPlants ref="VTU_COMPONENT" > 
  at <VTUROOT>
[Vue warn]: Property "$primevue" was accessed during render but is not defined on instance. 
  at <Dropdown id="Head-bright" modelValue=null onUpdate:modelValue=fn<onUpdate:modelValue>  ... > 
  at <TabPanel header="Build" class="h-full" > 
  at <TabView class="h-full tinker-plants-tabs" > 
  at <TinkerPlants ref="VTU_COMPONENT" > 
  at <VTUROOT>
[Vue warn]: Property "$primevue" was accessed during render but is not defined on instance. 
  at <Dropdown id="Head-faded" modelValue=null onUpdate:modelValue=fn<onUpdate:modelValue>  ... > 
  at <TabPanel header="Build" class="h-full" > 
  at <TabView class="h-full tinker-plants-tabs" > 
  at <TinkerPlants ref="VTU_COMPONENT" > 
  at <VTUROOT>
[Vue warn]: Property "$primevue" was accessed during render but is not defined on instance. 
  at <Dropdown id="Ear-shiny" modelValue=null onUpdate:modelValue=fn<onUpdate:modelValue>  ... > 
  at <TabPanel header="Build" class="h-full" > 
  at <TabView class="h-full tinker-plants-tabs" > 
  at <TinkerPlants ref="VTU_COMPONENT" > 
  at <VTUROOT>
[Vue warn]: Property "$primevue" was accessed during render but is not defined on instance. 
  at <Dropdown id="Ear-bright" modelValue=null onUpdate:modelValue=fn<onUpdate:modelValue>  ... > 
  at <TabPanel header="Build" class="h-full" > 
  at <TabView class="h-full tinker-plants-tabs" > 
  at <TinkerPlants ref="VTU_COMPONENT" > 
  at <VTUROOT>
[Vue warn]: Property "$primevue" was accessed during render but is not defined on instance. 
  at <Dropdown id="Ear-faded" modelValue=null onUpdate:modelValue=fn<onUpdate:modelValue>  ... > 
  at <TabPanel header="Build" class="h-full" > 
  at <TabView class="h-full tinker-plants-tabs" > 
  at <TinkerPlants ref="VTU_COMPONENT" > 
  at <VTUROOT>
[Vue warn]: Property "$primevue" was accessed during render but is not defined on instance. 
  at <Dropdown id="Right Arm-shiny" modelValue=null onUpdate:modelValue=fn<onUpdate:modelValue>  ... > 
  at <TabPanel header="Build" class="h-full" > 
  at <TabView class="h-full tinker-plants-tabs" > 
  at <TinkerPlants ref="VTU_COMPONENT" > 
  at <VTUROOT>
[Vue warn]: Property "$primevue" was accessed during render but is not defined on instance. 
  at <Dropdown id="Right Arm-bright" modelValue=null onUpdate:modelValue=fn<onUpdate:modelValue>  ... > 
  at <TabPanel header="Build" class="h-full" > 
  at <TabView class="h-full tinker-plants-tabs" > 
  at <TinkerPlants ref="VTU_COMPONENT" > 
  at <VTUROOT>
[Vue warn]: Property "$primevue" was accessed during render but is not defined on instance. 
  at <Dropdown id="Right Arm-faded" modelValue=null onUpdate:modelValue=fn<onUpdate:modelValue>  ... > 
  at <TabPanel header="Build" class="h-full" > 
  at <TabView class="h-full tinker-plants-tabs" > 
  at <TinkerPlants ref="VTU_COMPONENT" > 
  at <VTUROOT>
[Vue warn]: Property "$primevue" was accessed during render but is not defined on instance. 
  at <Dropdown id="Chest-shiny" modelValue=null onUpdate:modelValue=fn<onUpdate:modelValue>  ... > 
  at <TabPanel header="Build" class="h-full" > 
  at <TabView class="h-full tinker-plants-tabs" > 
  at <TinkerPlants ref="VTU_COMPONENT" > 
  at <VTUROOT>
[Vue warn]: Property "$primevue" was accessed during render but is not defined on instance. 
  at <Dropdown id="Chest-bright" modelValue=null onUpdate:modelValue=fn<onUpdate:modelValue>  ... > 
  at <TabPanel header="Build" class="h-full" > 
  at <TabView class="h-full tinker-plants-tabs" > 
  at <TinkerPlants ref="VTU_COMPONENT" > 
  at <VTUROOT>
[Vue warn]: Property "$primevue" was accessed during render but is not defined on instance. 
  at <Dropdown id="Chest-faded" modelValue=null onUpdate:modelValue=fn<onUpdate:modelValue>  ... > 
  at <TabPanel header="Build" class="h-full" > 
  at <TabView class="h-full tinker-plants-tabs" > 
  at <TinkerPlants ref="VTU_COMPONENT" > 
  at <VTUROOT>
[Vue warn]: Property "$primevue" was accessed during render but is not defined on instance. 
  at <Dropdown id="Left Arm-shiny" modelValue=null onUpdate:modelValue=fn<onUpdate:modelValue>  ... > 
  at <TabPanel header="Build" class="h-full" > 
  at <TabView class="h-full tinker-plants-tabs" > 
  at <TinkerPlants ref="VTU_COMPONENT" > 
  at <VTUROOT>
[Vue warn]: Property "$primevue" was accessed during render but is not defined on instance. 
  at <Dropdown id="Left Arm-bright" modelValue=null onUpdate:modelValue=fn<onUpdate:modelValue>  ... > 
  at <TabPanel header="Build" class="h-full" > 
  at <TabView class="h-full tinker-plants-tabs" > 
  at <TinkerPlants ref="VTU_COMPONENT" > 
  at <VTUROOT>
[Vue warn]: Property "$primevue" was accessed during render but is not defined on instance. 
  at <Dropdown id="Left Arm-faded" modelValue=null onUpdate:modelValue=fn<onUpdate:modelValue>  ... > 
  at <TabPanel header="Build" class="h-full" > 
  at <TabView class="h-full tinker-plants-tabs" > 
  at <TinkerPlants ref="VTU_COMPONENT" > 
  at <VTUROOT>
[Vue warn]: Property "$primevue" was accessed during render but is not defined on instance. 
  at <Dropdown id="Right Wrist-shiny" modelValue=null onUpdate:modelValue=fn<onUpdate:modelValue>  ... > 
  at <TabPanel header="Build" class="h-full" > 
  at <TabView class="h-full tinker-plants-tabs" > 
  at <TinkerPlants ref="VTU_COMPONENT" > 
  at <VTUROOT>
[Vue warn]: Property "$primevue" was accessed during render but is not defined on instance. 
  at <Dropdown id="Right Wrist-bright" modelValue=null onUpdate:modelValue=fn<onUpdate:modelValue>  ... > 
  at <TabPanel header="Build" class="h-full" > 
  at <TabView class="h-full tinker-plants-tabs" > 
  at <TinkerPlants ref="VTU_COMPONENT" > 
  at <VTUROOT>
[Vue warn]: Property "$primevue" was accessed during render but is not defined on instance. 
  at <Dropdown id="Right Wrist-faded" modelValue=null onUpdate:modelValue=fn<onUpdate:modelValue>  ... > 
  at <TabPanel header="Build" class="h-full" > 
  at <TabView class="h-full tinker-plants-tabs" > 
  at <TinkerPlants ref="VTU_COMPONENT" > 
  at <VTUROOT>
[Vue warn]: Property "$primevue" was accessed during render but is not defined on instance. 
  at <Dropdown id="Waist-shiny" modelValue=null onUpdate:modelValue=fn<onUpdate:modelValue>  ... > 
  at <TabPanel header="Build" class="h-full" > 
  at <TabView class="h-full tinker-plants-tabs" > 
  at <TinkerPlants ref="VTU_COMPONENT" > 
  at <VTUROOT>
[Vue warn]: Property "$primevue" was accessed during render but is not defined on instance. 
  at <Dropdown id="Waist-bright" modelValue=null onUpdate:modelValue=fn<onUpdate:modelValue>  ... > 
  at <TabPanel header="Build" class="h-full" > 
  at <TabView class="h-full tinker-plants-tabs" > 
  at <TinkerPlants ref="VTU_COMPONENT" > 
  at <VTUROOT>
[Vue warn]: Property "$primevue" was accessed during render but is not defined on instance. 
  at <Dropdown id="Waist-faded" modelValue=null onUpdate:modelValue=fn<onUpdate:modelValue>  ... > 
  at <TabPanel header="Build" class="h-full" > 
  at <TabView class="h-full tinker-plants-tabs" > 
  at <TinkerPlants ref="VTU_COMPONENT" > 
  at <VTUROOT>
[Vue warn]: Property "$primevue" was accessed during render but is not defined on instance. 
  at <Dropdown id="Left Wrist-shiny" modelValue=null onUpdate:modelValue=fn<onUpdate:modelValue>  ... > 
  at <TabPanel header="Build" class="h-full" > 
  at <TabView class="h-full tinker-plants-tabs" > 
  at <TinkerPlants ref="VTU_COMPONENT" > 
  at <VTUROOT>
[Vue warn]: Property "$primevue" was accessed during render but is not defined on instance. 
  at <Dropdown id="Left Wrist-bright" modelValue=null onUpdate:modelValue=fn<onUpdate:modelValue>  ... > 
  at <TabPanel header="Build" class="h-full" > 
  at <TabView class="h-full tinker-plants-tabs" > 
  at <TinkerPlants ref="VTU_COMPONENT" > 
  at <VTUROOT>
[Vue warn]: Property "$primevue" was accessed during render but is not defined on instance. 
  at <Dropdown id="Left Wrist-faded" modelValue=null onUpdate:modelValue=fn<onUpdate:modelValue>  ... > 
  at <TabPanel header="Build" class="h-full" > 
  at <TabView class="h-full tinker-plants-tabs" > 
  at <TinkerPlants ref="VTU_COMPONENT" > 
  at <VTUROOT>
[Vue warn]: Property "$primevue" was accessed during render but is not defined on instance. 
  at <Dropdown id="Right Hand-shiny" modelValue=null onUpdate:modelValue=fn<onUpdate:modelValue>  ... > 
  at <TabPanel header="Build" class="h-full" > 
  at <TabView class="h-full tinker-plants-tabs" > 
  at <TinkerPlants ref="VTU_COMPONENT" > 
  at <VTUROOT>
[Vue warn]: Property "$primevue" was accessed during render but is not defined on instance. 
  at <Dropdown id="Right Hand-bright" modelValue=null onUpdate:modelValue=fn<onUpdate:modelValue>  ... > 
  at <TabPanel header="Build" class="h-full" > 
  at <TabView class="h-full tinker-plants-tabs" > 
  at <TinkerPlants ref="VTU_COMPONENT" > 
  at <VTUROOT>
[Vue warn]: Property "$primevue" was accessed during render but is not defined on instance. 
  at <Dropdown id="Right Hand-faded" modelValue=null onUpdate:modelValue=fn<onUpdate:modelValue>  ... > 
  at <TabPanel header="Build" class="h-full" > 
  at <TabView class="h-full tinker-plants-tabs" > 
  at <TinkerPlants ref="VTU_COMPONENT" > 
  at <VTUROOT>
[Vue warn]: Property "$primevue" was accessed during render but is not defined on instance. 
  at <Dropdown id="Leg-shiny" modelValue=null onUpdate:modelValue=fn<onUpdate:modelValue>  ... > 
  at <TabPanel header="Build" class="h-full" > 
  at <TabView class="h-full tinker-plants-tabs" > 
  at <TinkerPlants ref="VTU_COMPONENT" > 
  at <VTUROOT>
[Vue warn]: Property "$primevue" was accessed during render but is not defined on instance. 
  at <Dropdown id="Leg-bright" modelValue=null onUpdate:modelValue=fn<onUpdate:modelValue>  ... > 
  at <TabPanel header="Build" class="h-full" > 
  at <TabView class="h-full tinker-plants-tabs" > 
  at <TinkerPlants ref="VTU_COMPONENT" > 
  at <VTUROOT>
[Vue warn]: Property "$primevue" was accessed during render but is not defined on instance. 
  at <Dropdown id="Leg-faded" modelValue=null onUpdate:modelValue=fn<onUpdate:modelValue>  ... > 
  at <TabPanel header="Build" class="h-full" > 
  at <TabView class="h-full tinker-plants-tabs" > 
  at <TinkerPlants ref="VTU_COMPONENT" > 
  at <VTUROOT>
[Vue warn]: Property "$primevue" was accessed during render but is not defined on instance. 
  at <Dropdown id="Left Hand-shiny" modelValue=null onUpdate:modelValue=fn<onUpdate:modelValue>  ... > 
  at <TabPanel header="Build" class="h-full" > 
  at <TabView class="h-full tinker-plants-tabs" > 
  at <TinkerPlants ref="VTU_COMPONENT" > 
  at <VTUROOT>
[Vue warn]: Property "$primevue" was accessed during render but is not defined on instance. 
  at <Dropdown id="Left Hand-bright" modelValue=null onUpdate:modelValue=fn<onUpdate:modelValue>  ... > 
  at <TabPanel header="Build" class="h-full" > 
  at <TabView class="h-full tinker-plants-tabs" > 
  at <TinkerPlants ref="VTU_COMPONENT" > 
  at <VTUROOT>
[Vue warn]: Property "$primevue" was accessed during render but is not defined on instance. 
  at <Dropdown id="Left Hand-faded" modelValue=null onUpdate:modelValue=fn<onUpdate:modelValue>  ... > 
  at <TabPanel header="Build" class="h-full" > 
  at <TabView class="h-full tinker-plants-tabs" > 
  at <TinkerPlants ref="VTU_COMPONENT" > 
  at <VTUROOT>
[Vue warn]: Property "$primevue" was accessed during render but is not defined on instance. 
  at <Dropdown id="Feet-shiny" modelValue=null onUpdate:modelValue=fn<onUpdate:modelValue>  ... > 
  at <TabPanel header="Build" class="h-full" > 
  at <TabView class="h-full tinker-plants-tabs" > 
  at <TinkerPlants ref="VTU_COMPONENT" > 
  at <VTUROOT>
[Vue warn]: Property "$primevue" was accessed during render but is not defined on instance. 
  at <Dropdown id="Feet-bright" modelValue=null onUpdate:modelValue=fn<onUpdate:modelValue>  ... > 
  at <TabPanel header="Build" class="h-full" > 
  at <TabView class="h-full tinker-plants-tabs" > 
  at <TinkerPlants ref="VTU_COMPONENT" > 
  at <VTUROOT>
[Vue warn]: Property "$primevue" was accessed during render but is not defined on instance. 
  at <Dropdown id="Feet-faded" modelValue=null onUpdate:modelValue=fn<onUpdate:modelValue>  ... > 
  at <TabPanel header="Build" class="h-full" > 
  at <TabView class="h-full tinker-plants-tabs" > 
  at <TinkerPlants ref="VTU_COMPONENT" > 
  at <VTUROOT>
[Vue warn]: Extraneous non-props attributes (class) were passed to component but could not be automatically inherited because component renders fragment or text root nodes. 
  at <TabPanel header="Construction" class="h-full" > 
  at <TabView class="h-full tinker-plants-tabs" > 
  at <TinkerPlants ref="VTU_COMPONENT" > 
  at <VTUROOT>

stderr | src/__tests__/views/TinkerPlants.simple.test.ts > TinkerPlants - Simple Tests > Layout Structure > includes proper ARIA attributes
[Vue warn]: Property "$primevue" was accessed during render but is not defined on instance. 
  at <InputNumber id="ql-input" modelValue=200 onUpdate:modelValue=fn  ... > 
  at <TinkerPlants ref="VTU_COMPONENT" > 
  at <VTUROOT>
[Vue warn]: Extraneous non-props attributes (class) were passed to component but could not be automatically inherited because component renders fragment or text root nodes. 
  at <TabPanel header="Build" class="h-full" > 
  at <TabView class="h-full tinker-plants-tabs" > 
  at <TinkerPlants ref="VTU_COMPONENT" > 
  at <VTUROOT>
[Vue warn]: Property "$primevue" was accessed during render but is not defined on instance. 
  at <Dropdown id="Eye-shiny" modelValue=null onUpdate:modelValue=fn<onUpdate:modelValue>  ... > 
  at <TabPanel header="Build" class="h-full" > 
  at <TabView class="h-full tinker-plants-tabs" > 
  at <TinkerPlants ref="VTU_COMPONENT" > 
  at <VTUROOT>
[Vue warn]: Property "$primevue" was accessed during render but is not defined on instance. 
  at <Dropdown id="Eye-bright" modelValue=null onUpdate:modelValue=fn<onUpdate:modelValue>  ... > 
  at <TabPanel header="Build" class="h-full" > 
  at <TabView class="h-full tinker-plants-tabs" > 
  at <TinkerPlants ref="VTU_COMPONENT" > 
  at <VTUROOT>
[Vue warn]: Property "$primevue" was accessed during render but is not defined on instance. 
  at <Dropdown id="Eye-faded" modelValue=null onUpdate:modelValue=fn<onUpdate:modelValue>  ... > 
  at <TabPanel header="Build" class="h-full" > 
  at <TabView class="h-full tinker-plants-tabs" > 
  at <TinkerPlants ref="VTU_COMPONENT" > 
  at <VTUROOT>
[Vue warn]: Property "$primevue" was accessed during render but is not defined on instance. 
  at <InputNumber id="Eye-ql" modelValue=200 onUpdate:modelValue=fn<onUpdate:modelValue>  ... > 
  at <TabPanel header="Build" class="h-full" > 
  at <TabView class="h-full tinker-plants-tabs" > 
  at <TinkerPlants ref="VTU_COMPONENT" > 
  at <VTUROOT>
[Vue warn]: Property "$primevue" was accessed during render but is not defined on instance. 
  at <Dropdown id="Head-shiny" modelValue=null onUpdate:modelValue=fn<onUpdate:modelValue>  ... > 
  at <TabPanel header="Build" class="h-full" > 
  at <TabView class="h-full tinker-plants-tabs" > 
  at <TinkerPlants ref="VTU_COMPONENT" > 
  at <VTUROOT>
[Vue warn]: Property "$primevue" was accessed during render but is not defined on instance. 
  at <Dropdown id="Head-bright" modelValue=null onUpdate:modelValue=fn<onUpdate:modelValue>  ... > 
  at <TabPanel header="Build" class="h-full" > 
  at <TabView class="h-full tinker-plants-tabs" > 
  at <TinkerPlants ref="VTU_COMPONENT" > 
  at <VTUROOT>
[Vue warn]: Property "$primevue" was accessed during render but is not defined on instance. 
  at <Dropdown id="Head-faded" modelValue=null onUpdate:modelValue=fn<onUpdate:modelValue>  ... > 
  at <TabPanel header="Build" class="h-full" > 
  at <TabView class="h-full tinker-plants-tabs" > 
  at <TinkerPlants ref="VTU_COMPONENT" > 
  at <VTUROOT>
[Vue warn]: Property "$primevue" was accessed during render but is not defined on instance. 
  at <InputNumber id="Head-ql" modelValue=200 onUpdate:modelValue=fn<onUpdate:modelValue>  ... > 
  at <TabPanel header="Build" class="h-full" > 
  at <TabView class="h-full tinker-plants-tabs" > 
  at <TinkerPlants ref="VTU_COMPONENT" > 
  at <VTUROOT>
[Vue warn]: Property "$primevue" was accessed during render but is not defined on instance. 
  at <Dropdown id="Ear-shiny" modelValue=null onUpdate:modelValue=fn<onUpdate:modelValue>  ... > 
  at <TabPanel header="Build" class="h-full" > 
  at <TabView class="h-full tinker-plants-tabs" > 
  at <TinkerPlants ref="VTU_COMPONENT" > 
  at <VTUROOT>
[Vue warn]: Property "$primevue" was accessed during render but is not defined on instance. 
  at <Dropdown id="Ear-bright" modelValue=null onUpdate:modelValue=fn<onUpdate:modelValue>  ... > 
  at <TabPanel header="Build" class="h-full" > 
  at <TabView class="h-full tinker-plants-tabs" > 
  at <TinkerPlants ref="VTU_COMPONENT" > 
  at <VTUROOT>
[Vue warn]: Property "$primevue" was accessed during render but is not defined on instance. 
  at <Dropdown id="Ear-faded" modelValue=null onUpdate:modelValue=fn<onUpdate:modelValue>  ... > 
  at <TabPanel header="Build" class="h-full" > 
  at <TabView class="h-full tinker-plants-tabs" > 
  at <TinkerPlants ref="VTU_COMPONENT" > 
  at <VTUROOT>
[Vue warn]: Property "$primevue" was accessed during render but is not defined on instance. 
  at <InputNumber id="Ear-ql" modelValue=200 onUpdate:modelValue=fn<onUpdate:modelValue>  ... > 
  at <TabPanel header="Build" class="h-full" > 
  at <TabView class="h-full tinker-plants-tabs" > 
  at <TinkerPlants ref="VTU_COMPONENT" > 
  at <VTUROOT>
[Vue warn]: Property "$primevue" was accessed during render but is not defined on instance. 
  at <Dropdown id="Right Arm-shiny" modelValue=null onUpdate:modelValue=fn<onUpdate:modelValue>  ... > 
  at <TabPanel header="Build" class="h-full" > 
  at <TabView class="h-full tinker-plants-tabs" > 
  at <TinkerPlants ref="VTU_COMPONENT" > 
  at <VTUROOT>
[Vue warn]: Property "$primevue" was accessed during render but is not defined on instance. 
  at <Dropdown id="Right Arm-bright" modelValue=null onUpdate:modelValue=fn<onUpdate:modelValue>  ... > 
  at <TabPanel header="Build" class="h-full" > 
  at <TabView class="h-full tinker-plants-tabs" > 
  at <TinkerPlants ref="VTU_COMPONENT" > 
  at <VTUROOT>
[Vue warn]: Property "$primevue" was accessed during render but is not defined on instance. 
  at <Dropdown id="Right Arm-faded" modelValue=null onUpdate:modelValue=fn<onUpdate:modelValue>  ... > 
  at <TabPanel header="Build" class="h-full" > 
  at <TabView class="h-full tinker-plants-tabs" > 
  at <TinkerPlants ref="VTU_COMPONENT" > 
  at <VTUROOT>
[Vue warn]: Property "$primevue" was accessed during render but is not defined on instance. 
  at <InputNumber id="Right Arm-ql" modelValue=200 onUpdate:modelValue=fn<onUpdate:modelValue>  ... > 
  at <TabPanel header="Build" class="h-full" > 
  at <TabView class="h-full tinker-plants-tabs" > 
  at <TinkerPlants ref="VTU_COMPONENT" > 
  at <VTUROOT>
[Vue warn]: Property "$primevue" was accessed during render but is not defined on instance. 
  at <Dropdown id="Chest-shiny" modelValue=null onUpdate:modelValue=fn<onUpdate:modelValue>  ... > 
  at <TabPanel header="Build" class="h-full" > 
  at <TabView class="h-full tinker-plants-tabs" > 
  at <TinkerPlants ref="VTU_COMPONENT" > 
  at <VTUROOT>
[Vue warn]: Property "$primevue" was accessed during render but is not defined on instance. 
  at <Dropdown id="Chest-bright" modelValue=null onUpdate:modelValue=fn<onUpdate:modelValue>  ... > 
  at <TabPanel header="Build" class="h-full" > 
  at <TabView class="h-full tinker-plants-tabs" > 
  at <TinkerPlants ref="VTU_COMPONENT" > 
  at <VTUROOT>
[Vue warn]: Property "$primevue" was accessed during render but is not defined on instance. 
  at <Dropdown id="Chest-faded" modelValue=null onUpdate:modelValue=fn<onUpdate:modelValue>  ... > 
  at <TabPanel header="Build" class="h-full" > 
  at <TabView class="h-full tinker-plants-tabs" > 
  at <TinkerPlants ref="VTU_COMPONENT" > 
  at <VTUROOT>
[Vue warn]: Property "$primevue" was accessed during render but is not defined on instance. 
  at <InputNumber id="Chest-ql" modelValue=200 onUpdate:modelValue=fn<onUpdate:modelValue>  ... > 
  at <TabPanel header="Build" class="h-full" > 
  at <TabView class="h-full tinker-plants-tabs" > 
  at <TinkerPlants ref="VTU_COMPONENT" > 
  at <VTUROOT>
[Vue warn]: Property "$primevue" was accessed during render but is not defined on instance. 
  at <Dropdown id="Left Arm-shiny" modelValue=null onUpdate:modelValue=fn<onUpdate:modelValue>  ... > 
  at <TabPanel header="Build" class="h-full" > 
  at <TabView class="h-full tinker-plants-tabs" > 
  at <TinkerPlants ref="VTU_COMPONENT" > 
  at <VTUROOT>
[Vue warn]: Property "$primevue" was accessed during render but is not defined on instance. 
  at <Dropdown id="Left Arm-bright" modelValue=null onUpdate:modelValue=fn<onUpdate:modelValue>  ... > 
  at <TabPanel header="Build" class="h-full" > 
  at <TabView class="h-full tinker-plants-tabs" > 
  at <TinkerPlants ref="VTU_COMPONENT" > 
  at <VTUROOT>
[Vue warn]: Property "$primevue" was accessed during render but is not defined on instance. 
  at <Dropdown id="Left Arm-faded" modelValue=null onUpdate:modelValue=fn<onUpdate:modelValue>  ... > 
  at <TabPanel header="Build" class="h-full" > 
  at <TabView class="h-full tinker-plants-tabs" > 
  at <TinkerPlants ref="VTU_COMPONENT" > 
  at <VTUROOT>
[Vue warn]: Property "$primevue" was accessed during render but is not defined on instance. 
  at <InputNumber id="Left Arm-ql" modelValue=200 onUpdate:modelValue=fn<onUpdate:modelValue>  ... > 
  at <TabPanel header="Build" class="h-full" > 
  at <TabView class="h-full tinker-plants-tabs" > 
  at <TinkerPlants ref="VTU_COMPONENT" > 
  at <VTUROOT>
[Vue warn]: Property "$primevue" was accessed during render but is not defined on instance. 
  at <Dropdown id="Right Wrist-shiny" modelValue=null onUpdate:modelValue=fn<onUpdate:modelValue>  ... > 
  at <TabPanel header="Build" class="h-full" > 
  at <TabView class="h-full tinker-plants-tabs" > 
  at <TinkerPlants ref="VTU_COMPONENT" > 
  at <VTUROOT>
[Vue warn]: Property "$primevue" was accessed during render but is not defined on instance. 
  at <Dropdown id="Right Wrist-bright" modelValue=null onUpdate:modelValue=fn<onUpdate:modelValue>  ... > 
  at <TabPanel header="Build" class="h-full" > 
  at <TabView class="h-full tinker-plants-tabs" > 
  at <TinkerPlants ref="VTU_COMPONENT" > 
  at <VTUROOT>
[Vue warn]: Property "$primevue" was accessed during render but is not defined on instance. 
  at <Dropdown id="Right Wrist-faded" modelValue=null onUpdate:modelValue=fn<onUpdate:modelValue>  ... > 
  at <TabPanel header="Build" class="h-full" > 
  at <TabView class="h-full tinker-plants-tabs" > 
  at <TinkerPlants ref="VTU_COMPONENT" > 
  at <VTUROOT>
[Vue warn]: Property "$primevue" was accessed during render but is not defined on instance. 
  at <InputNumber id="Right Wrist-ql" modelValue=200 onUpdate:modelValue=fn<onUpdate:modelValue>  ... > 
  at <TabPanel header="Build" class="h-full" > 
  at <TabView class="h-full tinker-plants-tabs" > 
  at <TinkerPlants ref="VTU_COMPONENT" > 
  at <VTUROOT>
[Vue warn]: Property "$primevue" was accessed during render but is not defined on instance. 
  at <Dropdown id="Waist-shiny" modelValue=null onUpdate:modelValue=fn<onUpdate:modelValue>  ... > 
  at <TabPanel header="Build" class="h-full" > 
  at <TabView class="h-full tinker-plants-tabs" > 
  at <TinkerPlants ref="VTU_COMPONENT" > 
  at <VTUROOT>
[Vue warn]: Property "$primevue" was accessed during render but is not defined on instance. 
  at <Dropdown id="Waist-bright" modelValue=null onUpdate:modelValue=fn<onUpdate:modelValue>  ... > 
  at <TabPanel header="Build" class="h-full" > 
  at <TabView class="h-full tinker-plants-tabs" > 
  at <TinkerPlants ref="VTU_COMPONENT" > 
  at <VTUROOT>
[Vue warn]: Property "$primevue" was accessed during render but is not defined on instance. 
  at <Dropdown id="Waist-faded" modelValue=null onUpdate:modelValue=fn<onUpdate:modelValue>  ... > 
  at <TabPanel header="Build" class="h-full" > 
  at <TabView class="h-full tinker-plants-tabs" > 
  at <TinkerPlants ref="VTU_COMPONENT" > 
  at <VTUROOT>
[Vue warn]: Property "$primevue" was accessed during render but is not defined on instance. 
  at <InputNumber id="Waist-ql" modelValue=200 onUpdate:modelValue=fn<onUpdate:modelValue>  ... > 
  at <TabPanel header="Build" class="h-full" > 
  at <TabView class="h-full tinker-plants-tabs" > 
  at <TinkerPlants ref="VTU_COMPONENT" > 
  at <VTUROOT>
[Vue warn]: Property "$primevue" was accessed during render but is not defined on instance. 
  at <Dropdown id="Left Wrist-shiny" modelValue=null onUpdate:modelValue=fn<onUpdate:modelValue>  ... > 
  at <TabPanel header="Build" class="h-full" > 
  at <TabView class="h-full tinker-plants-tabs" > 
  at <TinkerPlants ref="VTU_COMPONENT" > 
  at <VTUROOT>
[Vue warn]: Property "$primevue" was accessed during render but is not defined on instance. 
  at <Dropdown id="Left Wrist-bright" modelValue=null onUpdate:modelValue=fn<onUpdate:modelValue>  ... > 
  at <TabPanel header="Build" class="h-full" > 
  at <TabView class="h-full tinker-plants-tabs" > 
  at <TinkerPlants ref="VTU_COMPONENT" > 
  at <VTUROOT>
[Vue warn]: Property "$primevue" was accessed during render but is not defined on instance. 
  at <Dropdown id="Left Wrist-faded" modelValue=null onUpdate:modelValue=fn<onUpdate:modelValue>  ... > 
  at <TabPanel header="Build" class="h-full" > 
  at <TabView class="h-full tinker-plants-tabs" > 
  at <TinkerPlants ref="VTU_COMPONENT" > 
  at <VTUROOT>
[Vue warn]: Property "$primevue" was accessed during render but is not defined on instance. 
  at <InputNumber id="Left Wrist-ql" modelValue=200 onUpdate:modelValue=fn<onUpdate:modelValue>  ... > 
  at <TabPanel header="Build" class="h-full" > 
  at <TabView class="h-full tinker-plants-tabs" > 
  at <TinkerPlants ref="VTU_COMPONENT" > 
  at <VTUROOT>
[Vue warn]: Property "$primevue" was accessed during render but is not defined on instance. 
  at <Dropdown id="Right Hand-shiny" modelValue=null onUpdate:modelValue=fn<onUpdate:modelValue>  ... > 
  at <TabPanel header="Build" class="h-full" > 
  at <TabView class="h-full tinker-plants-tabs" > 
  at <TinkerPlants ref="VTU_COMPONENT" > 
  at <VTUROOT>
[Vue warn]: Property "$primevue" was accessed during render but is not defined on instance. 
  at <Dropdown id="Right Hand-bright" modelValue=null onUpdate:modelValue=fn<onUpdate:modelValue>  ... > 
  at <TabPanel header="Build" class="h-full" > 
  at <TabView class="h-full tinker-plants-tabs" > 
  at <TinkerPlants ref="VTU_COMPONENT" > 
  at <VTUROOT>
[Vue warn]: Property "$primevue" was accessed during render but is not defined on instance. 
  at <Dropdown id="Right Hand-faded" modelValue=null onUpdate:modelValue=fn<onUpdate:modelValue>  ... > 
  at <TabPanel header="Build" class="h-full" > 
  at <TabView class="h-full tinker-plants-tabs" > 
  at <TinkerPlants ref="VTU_COMPONENT" > 
  at <VTUROOT>
[Vue warn]: Property "$primevue" was accessed during render but is not defined on instance. 
  at <InputNumber id="Right Hand-ql" modelValue=200 onUpdate:modelValue=fn<onUpdate:modelValue>  ... > 
  at <TabPanel header="Build" class="h-full" > 
  at <TabView class="h-full tinker-plants-tabs" > 
  at <TinkerPlants ref="VTU_COMPONENT" > 
  at <VTUROOT>
[Vue warn]: Property "$primevue" was accessed during render but is not defined on instance. 
  at <Dropdown id="Leg-shiny" modelValue=null onUpdate:modelValue=fn<onUpdate:modelValue>  ... > 
  at <TabPanel header="Build" class="h-full" > 
  at <TabView class="h-full tinker-plants-tabs" > 
  at <TinkerPlants ref="VTU_COMPONENT" > 
  at <VTUROOT>
[Vue warn]: Property "$primevue" was accessed during render but is not defined on instance. 
  at <Dropdown id="Leg-bright" modelValue=null onUpdate:modelValue=fn<onUpdate:modelValue>  ... > 
  at <TabPanel header="Build" class="h-full" > 
  at <TabView class="h-full tinker-plants-tabs" > 
  at <TinkerPlants ref="VTU_COMPONENT" > 
  at <VTUROOT>
[Vue warn]: Property "$primevue" was accessed during render but is not defined on instance. 
  at <Dropdown id="Leg-faded" modelValue=null onUpdate:modelValue=fn<onUpdate:modelValue>  ... > 
  at <TabPanel header="Build" class="h-full" > 
  at <TabView class="h-full tinker-plants-tabs" > 
  at <TinkerPlants ref="VTU_COMPONENT" > 
  at <VTUROOT>
[Vue warn]: Property "$primevue" was accessed during render but is not defined on instance. 
  at <InputNumber id="Leg-ql" modelValue=200 onUpdate:modelValue=fn<onUpdate:modelValue>  ... > 
  at <TabPanel header="Build" class="h-full" > 
  at <TabView class="h-full tinker-plants-tabs" > 
  at <TinkerPlants ref="VTU_COMPONENT" > 
  at <VTUROOT>
[Vue warn]: Property "$primevue" was accessed during render but is not defined on instance. 
  at <Dropdown id="Left Hand-shiny" modelValue=null onUpdate:modelValue=fn<onUpdate:modelValue>  ... > 
  at <TabPanel header="Build" class="h-full" > 
  at <TabView class="h-full tinker-plants-tabs" > 
  at <TinkerPlants ref="VTU_COMPONENT" > 
  at <VTUROOT>
[Vue warn]: Property "$primevue" was accessed during render but is not defined on instance. 
  at <Dropdown id="Left Hand-bright" modelValue=null onUpdate:modelValue=fn<onUpdate:modelValue>  ... > 
  at <TabPanel header="Build" class="h-full" > 
  at <TabView class="h-full tinker-plants-tabs" > 
  at <TinkerPlants ref="VTU_COMPONENT" > 
  at <VTUROOT>
[Vue warn]: Property "$primevue" was accessed during render but is not defined on instance. 
  at <Dropdown id="Left Hand-faded" modelValue=null onUpdate:modelValue=fn<onUpdate:modelValue>  ... > 
  at <TabPanel header="Build" class="h-full" > 
  at <TabView class="h-full tinker-plants-tabs" > 
  at <TinkerPlants ref="VTU_COMPONENT" > 
  at <VTUROOT>
[Vue warn]: Property "$primevue" was accessed during render but is not defined on instance. 
  at <InputNumber id="Left Hand-ql" modelValue=200 onUpdate:modelValue=fn<onUpdate:modelValue>  ... > 
  at <TabPanel header="Build" class="h-full" > 
  at <TabView class="h-full tinker-plants-tabs" > 
  at <TinkerPlants ref="VTU_COMPONENT" > 
  at <VTUROOT>
[Vue warn]: Property "$primevue" was accessed during render but is not defined on instance. 
  at <Dropdown id="Feet-shiny" modelValue=null onUpdate:modelValue=fn<onUpdate:modelValue>  ... > 
  at <TabPanel header="Build" class="h-full" > 
  at <TabView class="h-full tinker-plants-tabs" > 
  at <TinkerPlants ref="VTU_COMPONENT" > 
  at <VTUROOT>
[Vue warn]: Property "$primevue" was accessed during render but is not defined on instance. 
  at <Dropdown id="Feet-bright" modelValue=null onUpdate:modelValue=fn<onUpdate:modelValue>  ... > 
  at <TabPanel header="Build" class="h-full" > 
  at <TabView class="h-full tinker-plants-tabs" > 
  at <TinkerPlants ref="VTU_COMPONENT" > 
  at <VTUROOT>
[Vue warn]: Property "$primevue" was accessed during render but is not defined on instance. 
  at <Dropdown id="Feet-faded" modelValue=null onUpdate:modelValue=fn<onUpdate:modelValue>  ... > 
  at <TabPanel header="Build" class="h-full" > 
  at <TabView class="h-full tinker-plants-tabs" > 
  at <TinkerPlants ref="VTU_COMPONENT" > 
  at <VTUROOT>
[Vue warn]: Property "$primevue" was accessed during render but is not defined on instance. 
  at <InputNumber id="Feet-ql" modelValue=200 onUpdate:modelValue=fn<onUpdate:modelValue>  ... > 
  at <TabPanel header="Build" class="h-full" > 
  at <TabView class="h-full tinker-plants-tabs" > 
  at <TinkerPlants ref="VTU_COMPONENT" > 
  at <VTUROOT>
[Vue warn]: Extraneous non-props attributes (class) were passed to component but could not be automatically inherited because component renders fragment or text root nodes. 
  at <TabPanel header="Construction" class="h-full" > 
  at <TabView class="h-full tinker-plants-tabs" > 
  at <TinkerPlants ref="VTU_COMPONENT" > 
  at <VTUROOT>
[Vue warn]: Extraneous non-props attributes (class) were passed to component but could not be automatically inherited because component renders fragment or text root nodes. 
  at <TabPanel header="Build" class="h-full" > 
  at <TabView class="h-full tinker-plants-tabs" > 
  at <TinkerPlants ref="VTU_COMPONENT" > 
  at <VTUROOT>
[Vue warn]: Property "$primevue" was accessed during render but is not defined on instance. 
  at <Dropdown id="Eye-shiny" modelValue=null onUpdate:modelValue=fn<onUpdate:modelValue>  ... > 
  at <TabPanel header="Build" class="h-full" > 
  at <TabView class="h-full tinker-plants-tabs" > 
  at <TinkerPlants ref="VTU_COMPONENT" > 
  at <VTUROOT>
[Vue warn]: Property "$primevue" was accessed during render but is not defined on instance. 
  at <Dropdown id="Eye-bright" modelValue=null onUpdate:modelValue=fn<onUpdate:modelValue>  ... > 
  at <TabPanel header="Build" class="h-full" > 
  at <TabView class="h-full tinker-plants-tabs" > 
  at <TinkerPlants ref="VTU_COMPONENT" > 
  at <VTUROOT>
[Vue warn]: Property "$primevue" was accessed during render but is not defined on instance. 
  at <Dropdown id="Eye-faded" modelValue=null onUpdate:modelValue=fn<onUpdate:modelValue>  ... > 
  at <TabPanel header="Build" class="h-full" > 
  at <TabView class="h-full tinker-plants-tabs" > 
  at <TinkerPlants ref="VTU_COMPONENT" > 
  at <VTUROOT>
[Vue warn]: Property "$primevue" was accessed during render but is not defined on instance. 
  at <Dropdown id="Head-shiny" modelValue=null onUpdate:modelValue=fn<onUpdate:modelValue>  ... > 
  at <TabPanel header="Build" class="h-full" > 
  at <TabView class="h-full tinker-plants-tabs" > 
  at <TinkerPlants ref="VTU_COMPONENT" > 
  at <VTUROOT>
[Vue warn]: Property "$primevue" was accessed during render but is not defined on instance. 
  at <Dropdown id="Head-bright" modelValue=null onUpdate:modelValue=fn<onUpdate:modelValue>  ... > 
  at <TabPanel header="Build" class="h-full" > 
  at <TabView class="h-full tinker-plants-tabs" > 
  at <TinkerPlants ref="VTU_COMPONENT" > 
  at <VTUROOT>
[Vue warn]: Property "$primevue" was accessed during render but is not defined on instance. 
  at <Dropdown id="Head-faded" modelValue=null onUpdate:modelValue=fn<onUpdate:modelValue>  ... > 
  at <TabPanel header="Build" class="h-full" > 
  at <TabView class="h-full tinker-plants-tabs" > 
  at <TinkerPlants ref="VTU_COMPONENT" > 
  at <VTUROOT>
[Vue warn]: Property "$primevue" was accessed during render but is not defined on instance. 
  at <Dropdown id="Ear-shiny" modelValue=null onUpdate:modelValue=fn<onUpdate:modelValue>  ... > 
  at <TabPanel header="Build" class="h-full" > 
  at <TabView class="h-full tinker-plants-tabs" > 
  at <TinkerPlants ref="VTU_COMPONENT" > 
  at <VTUROOT>
[Vue warn]: Property "$primevue" was accessed during render but is not defined on instance. 
  at <Dropdown id="Ear-bright" modelValue=null onUpdate:modelValue=fn<onUpdate:modelValue>  ... > 
  at <TabPanel header="Build" class="h-full" > 
  at <TabView class="h-full tinker-plants-tabs" > 
  at <TinkerPlants ref="VTU_COMPONENT" > 
  at <VTUROOT>
[Vue warn]: Property "$primevue" was accessed during render but is not defined on instance. 
  at <Dropdown id="Ear-faded" modelValue=null onUpdate:modelValue=fn<onUpdate:modelValue>  ... > 
  at <TabPanel header="Build" class="h-full" > 
  at <TabView class="h-full tinker-plants-tabs" > 
  at <TinkerPlants ref="VTU_COMPONENT" > 
  at <VTUROOT>
[Vue warn]: Property "$primevue" was accessed during render but is not defined on instance. 
  at <Dropdown id="Right Arm-shiny" modelValue=null onUpdate:modelValue=fn<onUpdate:modelValue>  ... > 
  at <TabPanel header="Build" class="h-full" > 
  at <TabView class="h-full tinker-plants-tabs" > 
  at <TinkerPlants ref="VTU_COMPONENT" > 
  at <VTUROOT>
[Vue warn]: Property "$primevue" was accessed during render but is not defined on instance. 
  at <Dropdown id="Right Arm-bright" modelValue=null onUpdate:modelValue=fn<onUpdate:modelValue>  ... > 
  at <TabPanel header="Build" class="h-full" > 
  at <TabView class="h-full tinker-plants-tabs" > 
  at <TinkerPlants ref="VTU_COMPONENT" > 
  at <VTUROOT>
[Vue warn]: Property "$primevue" was accessed during render but is not defined on instance. 
  at <Dropdown id="Right Arm-faded" modelValue=null onUpdate:modelValue=fn<onUpdate:modelValue>  ... > 
  at <TabPanel header="Build" class="h-full" > 
  at <TabView class="h-full tinker-plants-tabs" > 
  at <TinkerPlants ref="VTU_COMPONENT" > 
  at <VTUROOT>
[Vue warn]: Property "$primevue" was accessed during render but is not defined on instance. 
  at <Dropdown id="Chest-shiny" modelValue=null onUpdate:modelValue=fn<onUpdate:modelValue>  ... > 
  at <TabPanel header="Build" class="h-full" > 
  at <TabView class="h-full tinker-plants-tabs" > 
  at <TinkerPlants ref="VTU_COMPONENT" > 
  at <VTUROOT>
[Vue warn]: Property "$primevue" was accessed during render but is not defined on instance. 
  at <Dropdown id="Chest-bright" modelValue=null onUpdate:modelValue=fn<onUpdate:modelValue>  ... > 
  at <TabPanel header="Build" class="h-full" > 
  at <TabView class="h-full tinker-plants-tabs" > 
  at <TinkerPlants ref="VTU_COMPONENT" > 
  at <VTUROOT>
[Vue warn]: Property "$primevue" was accessed during render but is not defined on instance. 
  at <Dropdown id="Chest-faded" modelValue=null onUpdate:modelValue=fn<onUpdate:modelValue>  ... > 
  at <TabPanel header="Build" class="h-full" > 
  at <TabView class="h-full tinker-plants-tabs" > 
  at <TinkerPlants ref="VTU_COMPONENT" > 
  at <VTUROOT>
[Vue warn]: Property "$primevue" was accessed during render but is not defined on instance. 
  at <Dropdown id="Left Arm-shiny" modelValue=null onUpdate:modelValue=fn<onUpdate:modelValue>  ... > 
  at <TabPanel header="Build" class="h-full" > 
  at <TabView class="h-full tinker-plants-tabs" > 
  at <TinkerPlants ref="VTU_COMPONENT" > 
  at <VTUROOT>
[Vue warn]: Property "$primevue" was accessed during render but is not defined on instance. 
  at <Dropdown id="Left Arm-bright" modelValue=null onUpdate:modelValue=fn<onUpdate:modelValue>  ... > 
  at <TabPanel header="Build" class="h-full" > 
  at <TabView class="h-full tinker-plants-tabs" > 
  at <TinkerPlants ref="VTU_COMPONENT" > 
  at <VTUROOT>
[Vue warn]: Property "$primevue" was accessed during render but is not defined on instance. 
  at <Dropdown id="Left Arm-faded" modelValue=null onUpdate:modelValue=fn<onUpdate:modelValue>  ... > 
  at <TabPanel header="Build" class="h-full" > 
  at <TabView class="h-full tinker-plants-tabs" > 
  at <TinkerPlants ref="VTU_COMPONENT" > 
  at <VTUROOT>
[Vue warn]: Property "$primevue" was accessed during render but is not defined on instance. 
  at <Dropdown id="Right Wrist-shiny" modelValue=null onUpdate:modelValue=fn<onUpdate:modelValue>  ... > 
  at <TabPanel header="Build" class="h-full" > 
  at <TabView class="h-full tinker-plants-tabs" > 
  at <TinkerPlants ref="VTU_COMPONENT" > 
  at <VTUROOT>
[Vue warn]: Property "$primevue" was accessed during render but is not defined on instance. 
  at <Dropdown id="Right Wrist-bright" modelValue=null onUpdate:modelValue=fn<onUpdate:modelValue>  ... > 
  at <TabPanel header="Build" class="h-full" > 
  at <TabView class="h-full tinker-plants-tabs" > 
  at <TinkerPlants ref="VTU_COMPONENT" > 
  at <VTUROOT>
[Vue warn]: Property "$primevue" was accessed during render but is not defined on instance. 
  at <Dropdown id="Right Wrist-faded" modelValue=null onUpdate:modelValue=fn<onUpdate:modelValue>  ... > 
  at <TabPanel header="Build" class="h-full" > 
  at <TabView class="h-full tinker-plants-tabs" > 
  at <TinkerPlants ref="VTU_COMPONENT" > 
  at <VTUROOT>
[Vue warn]: Property "$primevue" was accessed during render but is not defined on instance. 
  at <Dropdown id="Waist-shiny" modelValue=null onUpdate:modelValue=fn<onUpdate:modelValue>  ... > 
  at <TabPanel header="Build" class="h-full" > 
  at <TabView class="h-full tinker-plants-tabs" > 
  at <TinkerPlants ref="VTU_COMPONENT" > 
  at <VTUROOT>
[Vue warn]: Property "$primevue" was accessed during render but is not defined on instance. 
  at <Dropdown id="Waist-bright" modelValue=null onUpdate:modelValue=fn<onUpdate:modelValue>  ... > 
  at <TabPanel header="Build" class="h-full" > 
  at <TabView class="h-full tinker-plants-tabs" > 
  at <TinkerPlants ref="VTU_COMPONENT" > 
  at <VTUROOT>
[Vue warn]: Property "$primevue" was accessed during render but is not defined on instance. 
  at <Dropdown id="Waist-faded" modelValue=null onUpdate:modelValue=fn<onUpdate:modelValue>  ... > 
  at <TabPanel header="Build" class="h-full" > 
  at <TabView class="h-full tinker-plants-tabs" > 
  at <TinkerPlants ref="VTU_COMPONENT" > 
  at <VTUROOT>
[Vue warn]: Property "$primevue" was accessed during render but is not defined on instance. 
  at <Dropdown id="Left Wrist-shiny" modelValue=null onUpdate:modelValue=fn<onUpdate:modelValue>  ... > 
  at <TabPanel header="Build" class="h-full" > 
  at <TabView class="h-full tinker-plants-tabs" > 
  at <TinkerPlants ref="VTU_COMPONENT" > 
  at <VTUROOT>
[Vue warn]: Property "$primevue" was accessed during render but is not defined on instance. 
  at <Dropdown id="Left Wrist-bright" modelValue=null onUpdate:modelValue=fn<onUpdate:modelValue>  ... > 
  at <TabPanel header="Build" class="h-full" > 
  at <TabView class="h-full tinker-plants-tabs" > 
  at <TinkerPlants ref="VTU_COMPONENT" > 
  at <VTUROOT>
[Vue warn]: Property "$primevue" was accessed during render but is not defined on instance. 
  at <Dropdown id="Left Wrist-faded" modelValue=null onUpdate:modelValue=fn<onUpdate:modelValue>  ... > 
  at <TabPanel header="Build" class="h-full" > 
  at <TabView class="h-full tinker-plants-tabs" > 
  at <TinkerPlants ref="VTU_COMPONENT" > 
  at <VTUROOT>
[Vue warn]: Property "$primevue" was accessed during render but is not defined on instance. 
  at <Dropdown id="Right Hand-shiny" modelValue=null onUpdate:modelValue=fn<onUpdate:modelValue>  ... > 
  at <TabPanel header="Build" class="h-full" > 
  at <TabView class="h-full tinker-plants-tabs" > 
  at <TinkerPlants ref="VTU_COMPONENT" > 
  at <VTUROOT>
[Vue warn]: Property "$primevue" was accessed during render but is not defined on instance. 
  at <Dropdown id="Right Hand-bright" modelValue=null onUpdate:modelValue=fn<onUpdate:modelValue>  ... > 
  at <TabPanel header="Build" class="h-full" > 
  at <TabView class="h-full tinker-plants-tabs" > 
  at <TinkerPlants ref="VTU_COMPONENT" > 
  at <VTUROOT>
[Vue warn]: Property "$primevue" was accessed during render but is not defined on instance. 
  at <Dropdown id="Right Hand-faded" modelValue=null onUpdate:modelValue=fn<onUpdate:modelValue>  ... > 
  at <TabPanel header="Build" class="h-full" > 
  at <TabView class="h-full tinker-plants-tabs" > 
  at <TinkerPlants ref="VTU_COMPONENT" > 
  at <VTUROOT>
[Vue warn]: Property "$primevue" was accessed during render but is not defined on instance. 
  at <Dropdown id="Leg-shiny" modelValue=null onUpdate:modelValue=fn<onUpdate:modelValue>  ... > 
  at <TabPanel header="Build" class="h-full" > 
  at <TabView class="h-full tinker-plants-tabs" > 
  at <TinkerPlants ref="VTU_COMPONENT" > 
  at <VTUROOT>
[Vue warn]: Property "$primevue" was accessed during render but is not defined on instance. 
  at <Dropdown id="Leg-bright" modelValue=null onUpdate:modelValue=fn<onUpdate:modelValue>  ... > 
  at <TabPanel header="Build" class="h-full" > 
  at <TabView class="h-full tinker-plants-tabs" > 
  at <TinkerPlants ref="VTU_COMPONENT" > 
  at <VTUROOT>
[Vue warn]: Property "$primevue" was accessed during render but is not defined on instance. 
  at <Dropdown id="Leg-faded" modelValue=null onUpdate:modelValue=fn<onUpdate:modelValue>  ... > 
  at <TabPanel header="Build" class="h-full" > 
  at <TabView class="h-full tinker-plants-tabs" > 
  at <TinkerPlants ref="VTU_COMPONENT" > 
  at <VTUROOT>
[Vue warn]: Property "$primevue" was accessed during render but is not defined on instance. 
  at <Dropdown id="Left Hand-shiny" modelValue=null onUpdate:modelValue=fn<onUpdate:modelValue>  ... > 
  at <TabPanel header="Build" class="h-full" > 
  at <TabView class="h-full tinker-plants-tabs" > 
  at <TinkerPlants ref="VTU_COMPONENT" > 
  at <VTUROOT>
[Vue warn]: Property "$primevue" was accessed during render but is not defined on instance. 
  at <Dropdown id="Left Hand-bright" modelValue=null onUpdate:modelValue=fn<onUpdate:modelValue>  ... > 
  at <TabPanel header="Build" class="h-full" > 
  at <TabView class="h-full tinker-plants-tabs" > 
  at <TinkerPlants ref="VTU_COMPONENT" > 
  at <VTUROOT>
[Vue warn]: Property "$primevue" was accessed during render but is not defined on instance. 
  at <Dropdown id="Left Hand-faded" modelValue=null onUpdate:modelValue=fn<onUpdate:modelValue>  ... > 
  at <TabPanel header="Build" class="h-full" > 
  at <TabView class="h-full tinker-plants-tabs" > 
  at <TinkerPlants ref="VTU_COMPONENT" > 
  at <VTUROOT>
[Vue warn]: Property "$primevue" was accessed during render but is not defined on instance. 
  at <Dropdown id="Feet-shiny" modelValue=null onUpdate:modelValue=fn<onUpdate:modelValue>  ... > 
  at <TabPanel header="Build" class="h-full" > 
  at <TabView class="h-full tinker-plants-tabs" > 
  at <TinkerPlants ref="VTU_COMPONENT" > 
  at <VTUROOT>
[Vue warn]: Property "$primevue" was accessed during render but is not defined on instance. 
  at <Dropdown id="Feet-bright" modelValue=null onUpdate:modelValue=fn<onUpdate:modelValue>  ... > 
  at <TabPanel header="Build" class="h-full" > 
  at <TabView class="h-full tinker-plants-tabs" > 
  at <TinkerPlants ref="VTU_COMPONENT" > 
  at <VTUROOT>
[Vue warn]: Property "$primevue" was accessed during render but is not defined on instance. 
  at <Dropdown id="Feet-faded" modelValue=null onUpdate:modelValue=fn<onUpdate:modelValue>  ... > 
  at <TabPanel header="Build" class="h-full" > 
  at <TabView class="h-full tinker-plants-tabs" > 
  at <TinkerPlants ref="VTU_COMPONENT" > 
  at <VTUROOT>
[Vue warn]: Extraneous non-props attributes (class) were passed to component but could not be automatically inherited because component renders fragment or text root nodes. 
  at <TabPanel header="Construction" class="h-full" > 
  at <TabView class="h-full tinker-plants-tabs" > 
  at <TinkerPlants ref="VTU_COMPONENT" > 
  at <VTUROOT>

 ❯ src/__tests__/views/TinkerPlants.simple.test.ts  (23 tests | 23 failed) 2052ms
   × TinkerPlants - Simple Tests > Component Initialization > renders without crashing
     → Cannot read properties of undefined (reading 'config')
   × TinkerPlants - Simple Tests > Component Initialization > has correct component structure
     → Cannot read properties of undefined (reading 'config')
   × TinkerPlants - Simple Tests > Component Initialization > displays the main title
     → Cannot read properties of undefined (reading 'config')
   × TinkerPlants - Simple Tests > Data Properties > initializes with correct default values
     → Cannot read properties of undefined (reading 'config')
   × TinkerPlants - Simple Tests > Data Properties > has all implant slots defined
     → Cannot read properties of undefined (reading 'config')
   × TinkerPlants - Simple Tests > Data Properties > has skill clusters defined
     → Cannot read properties of undefined (reading 'config')
   × TinkerPlants - Simple Tests > Data Properties > initializes implant selections correctly
     → Cannot read properties of undefined (reading 'config')
   × TinkerPlants - Simple Tests > Computed Properties > hasAnyImplants returns false when no implants selected
     → Cannot read properties of undefined (reading 'config')
   × TinkerPlants - Simple Tests > Computed Properties > hasAnyImplants returns true when implants are selected
     → Cannot read properties of undefined (reading 'config')
   × TinkerPlants - Simple Tests > Computed Properties > calculates bonuses correctly
     → Cannot read properties of undefined (reading 'config')
   × TinkerPlants - Simple Tests > Computed Properties > generates construction requirements
     → Cannot read properties of undefined (reading 'config')
   × TinkerPlants - Simple Tests > Methods > clearAllImplants resets all selections
     → Cannot read properties of undefined (reading 'config')
   × TinkerPlants - Simple Tests > Methods > calculateBuild works with selected implants
     → Cannot read properties of undefined (reading 'config')
   × TinkerPlants - Simple Tests > Methods > calculateBuild does nothing with no implants
     → Cannot read properties of undefined (reading 'config')
   × TinkerPlants - Simple Tests > Methods > onImplantChange announces changes
     → Cannot read properties of undefined (reading 'config')
   × TinkerPlants - Simple Tests > Methods > onImplantChange announces clears
     → Cannot read properties of undefined (reading 'config')
   × TinkerPlants - Simple Tests > Methods > onQLChange announces quality level changes
     → Cannot read properties of undefined (reading 'config')
   × TinkerPlants - Simple Tests > Methods > onQLChange does not announce null values
     → Cannot read properties of undefined (reading 'config')
   × TinkerPlants - Simple Tests > Accessibility > calls setLoading on mount
     → Cannot read properties of undefined (reading 'config')
   × TinkerPlants - Simple Tests > Accessibility > announces successful load after mount
     → Cannot read properties of undefined (reading 'config')
   × TinkerPlants - Simple Tests > Layout Structure > contains grid layout classes
     → Cannot read properties of undefined (reading 'config')
   × TinkerPlants - Simple Tests > Layout Structure > has responsive design classes
     → Cannot read properties of undefined (reading 'config')
   × TinkerPlants - Simple Tests > Layout Structure > includes proper ARIA attributes
     → Cannot read properties of undefined (reading 'config')
 ✓ src/__tests__/components/plants/CharacterStatsPanel.test.ts  (21 tests) 236ms
 ❯ src/__tests__/services/profile-equipment-health.test.ts  (3 tests | 3 failed) 16ms
   × Equipment Health and Nano Bonuses > should apply Max Health equipment bonuses to Character.MaxHealth
     → expected 0 to be greater than 500
   × Equipment Health and Nano Bonuses > should apply Max Nano equipment bonuses to Character.MaxNano
     → expected 0 to be greater than 0
   × Equipment Health and Nano Bonuses > should handle combined Max Health and Max Nano bonuses
     → expected +0 to be 750 // Object.is equality
 ❯ src/__tests__/services/spell-data-utils.test.ts  (23 tests | 1 failed) 31ms
   × spell-data-utils > interpolateSpellText > should handle chance parameters as percentages
     → expected '0.25 chance to cast [LINK:12345]' to be '0.25% chance to cast [LINK:12345]' // Object.is equality
 ✓ src/__tests__/components/pocket/CollectionTracker.simple.test.ts  (7 tests) 64ms
 ❯ src/__tests__/services/api-client.test.ts  (0 test)
 ✓ src/__tests__/lib/tinkerprofiles/cluster-mappings.test.ts  (15 tests) 8ms
stderr | src/__tests__/stores/pocketBossStore.test.ts > usePocketBossStore > finds bosses by symbiant ID
getPocketBossesBySymbiant is deprecated - use apiClient.getSymbiantDroppedBy instead

 ❯ src/__tests__/stores/pocketBossStore.test.ts  (13 tests | 2 failed) 21ms
   × usePocketBossStore > finds bosses by symbiant ID
     → expected [] to have a length of 1 but got +0
   × usePocketBossStore > searches bosses across multiple fields
     → expected [] to have a length of 1 but got +0
 ❯ src/__tests__/components/pocket/PocketBossDatabase.test.ts  (0 test)
 ✓ src/__tests__/components/plants/SymbiantFilters.test.ts  (15 tests) 512ms
stderr | src/__tests__/views/TinkerPocket.integration.test.ts > TinkerPocket Integration Tests > loads real data from both APIs on mount
[Vue Router warn]: No match found for location with path "/"
[Vue warn]: injection "Symbol()" not found. 
  at <FindGear view="symbiants" > 
  at <TabPanel> 
  at <TabView activeIndex=0 onUpdate:activeIndex=fn class="pocket-tabs" > 
  at <TinkerPocket ref="VTU_COMPONENT" > 
  at <VTUROOT>
[Vue warn]: Failed to resolve directive: tooltip 
  at <FindGear view="symbiants" > 
  at <TabPanel> 
  at <TabView activeIndex=0 onUpdate:activeIndex=fn class="pocket-tabs" > 
  at <TinkerPocket ref="VTU_COMPONENT" > 
  at <VTUROOT>
[Vue warn]: injection "Symbol()" not found. 
  at <FindGear view="bosses" > 
  at <TabPanel> 
  at <TabView activeIndex=0 onUpdate:activeIndex=fn class="pocket-tabs" > 
  at <TinkerPocket ref="VTU_COMPONENT" > 
  at <VTUROOT>
[Vue warn]: Failed to resolve directive: tooltip 
  at <FindGear view="bosses" > 
  at <TabPanel> 
  at <TabView activeIndex=0 onUpdate:activeIndex=fn class="pocket-tabs" > 
  at <TinkerPocket ref="VTU_COMPONENT" > 
  at <VTUROOT>

stderr | src/__tests__/views/TinkerPocket.integration.test.ts > TinkerPocket Integration Tests > displays real pocket boss data in the interface
[Vue Router warn]: No match found for location with path "/"
[Vue warn]: injection "Symbol()" not found. 
  at <FindGear view="symbiants" > 
  at <TabPanel> 
  at <TabView activeIndex=0 onUpdate:activeIndex=fn class="pocket-tabs" > 
  at <TinkerPocket ref="VTU_COMPONENT" > 
  at <VTUROOT>
[Vue warn]: Failed to resolve directive: tooltip 
  at <FindGear view="symbiants" > 
  at <TabPanel> 
  at <TabView activeIndex=0 onUpdate:activeIndex=fn class="pocket-tabs" > 
  at <TinkerPocket ref="VTU_COMPONENT" > 
  at <VTUROOT>
[Vue warn]: injection "Symbol()" not found. 
  at <FindGear view="bosses" > 
  at <TabPanel> 
  at <TabView activeIndex=0 onUpdate:activeIndex=fn class="pocket-tabs" > 
  at <TinkerPocket ref="VTU_COMPONENT" > 
  at <VTUROOT>
[Vue warn]: Failed to resolve directive: tooltip 
  at <FindGear view="bosses" > 
  at <TabPanel> 
  at <TabView activeIndex=0 onUpdate:activeIndex=fn class="pocket-tabs" > 
  at <TinkerPocket ref="VTU_COMPONENT" > 
  at <VTUROOT>

stderr | src/__tests__/views/TinkerPocket.integration.test.ts > TinkerPocket Integration Tests > filters and searches work with real data
[Vue Router warn]: No match found for location with path "/"
[Vue warn]: injection "Symbol()" not found. 
  at <FindGear view="symbiants" > 
  at <TabPanel> 
  at <TabView activeIndex=0 onUpdate:activeIndex=fn class="pocket-tabs" > 
  at <TinkerPocket ref="VTU_COMPONENT" > 
  at <VTUROOT>
[Vue warn]: Failed to resolve directive: tooltip 
  at <FindGear view="symbiants" > 
  at <TabPanel> 
  at <TabView activeIndex=0 onUpdate:activeIndex=fn class="pocket-tabs" > 
  at <TinkerPocket ref="VTU_COMPONENT" > 
  at <VTUROOT>
[Vue warn]: injection "Symbol()" not found. 
  at <FindGear view="bosses" > 
  at <TabPanel> 
  at <TabView activeIndex=0 onUpdate:activeIndex=fn class="pocket-tabs" > 
  at <TinkerPocket ref="VTU_COMPONENT" > 
  at <VTUROOT>
[Vue warn]: Failed to resolve directive: tooltip 
  at <FindGear view="bosses" > 
  at <TabPanel> 
  at <TabView activeIndex=0 onUpdate:activeIndex=fn class="pocket-tabs" > 
  at <TinkerPocket ref="VTU_COMPONENT" > 
  at <VTUROOT>

stderr | src/__tests__/views/TinkerPocket.integration.test.ts > TinkerPocket Integration Tests > enriches symbiant data correctly with real API responses
[Vue Router warn]: No match found for location with path "/"
[Vue warn]: injection "Symbol()" not found. 
  at <FindGear view="symbiants" > 
  at <TabPanel> 
  at <TabView activeIndex=0 onUpdate:activeIndex=fn class="pocket-tabs" > 
  at <TinkerPocket ref="VTU_COMPONENT" > 
  at <VTUROOT>
[Vue warn]: Failed to resolve directive: tooltip 
  at <FindGear view="symbiants" > 
  at <TabPanel> 
  at <TabView activeIndex=0 onUpdate:activeIndex=fn class="pocket-tabs" > 
  at <TinkerPocket ref="VTU_COMPONENT" > 
  at <VTUROOT>
[Vue warn]: injection "Symbol()" not found. 
  at <FindGear view="bosses" > 
  at <TabPanel> 
  at <TabView activeIndex=0 onUpdate:activeIndex=fn class="pocket-tabs" > 
  at <TinkerPocket ref="VTU_COMPONENT" > 
  at <VTUROOT>
[Vue warn]: Failed to resolve directive: tooltip 
  at <FindGear view="bosses" > 
  at <TabPanel> 
  at <TabView activeIndex=0 onUpdate:activeIndex=fn class="pocket-tabs" > 
  at <TinkerPocket ref="VTU_COMPONENT" > 
  at <VTUROOT>

stderr | src/__tests__/views/TinkerPocket.integration.test.ts > TinkerPocket Integration Tests > handles real API errors gracefully
[Vue Router warn]: No match found for location with path "/"
[Vue warn]: injection "Symbol()" not found. 
  at <FindGear view="symbiants" > 
  at <TabPanel> 
  at <TabView activeIndex=0 onUpdate:activeIndex=fn class="pocket-tabs" > 
  at <TinkerPocket ref="VTU_COMPONENT" > 
  at <VTUROOT>
[Vue warn]: Failed to resolve directive: tooltip 
  at <FindGear view="symbiants" > 
  at <TabPanel> 
  at <TabView activeIndex=0 onUpdate:activeIndex=fn class="pocket-tabs" > 
  at <TinkerPocket ref="VTU_COMPONENT" > 
  at <VTUROOT>
[Vue warn]: injection "Symbol()" not found. 
  at <FindGear view="bosses" > 
  at <TabPanel> 
  at <TabView activeIndex=0 onUpdate:activeIndex=fn class="pocket-tabs" > 
  at <TinkerPocket ref="VTU_COMPONENT" > 
  at <VTUROOT>
[Vue warn]: Failed to resolve directive: tooltip 
  at <FindGear view="bosses" > 
  at <TabPanel> 
  at <TabView activeIndex=0 onUpdate:activeIndex=fn class="pocket-tabs" > 
  at <TinkerPocket ref="VTU_COMPONENT" > 
  at <VTUROOT>

stderr | src/__tests__/views/TinkerPocket.integration.test.ts > TinkerPocket Integration Tests > maintains component structure with real data
[Vue Router warn]: No match found for location with path "/"
[Vue warn]: injection "Symbol()" not found. 
  at <FindGear view="symbiants" > 
  at <TabPanel> 
  at <TabView activeIndex=0 onUpdate:activeIndex=fn class="pocket-tabs" > 
  at <TinkerPocket ref="VTU_COMPONENT" > 
  at <VTUROOT>
[Vue warn]: Failed to resolve directive: tooltip 
  at <FindGear view="symbiants" > 
  at <TabPanel> 
  at <TabView activeIndex=0 onUpdate:activeIndex=fn class="pocket-tabs" > 
  at <TinkerPocket ref="VTU_COMPONENT" > 
  at <VTUROOT>
[Vue warn]: injection "Symbol()" not found. 
  at <FindGear view="bosses" > 
  at <TabPanel> 
  at <TabView activeIndex=0 onUpdate:activeIndex=fn class="pocket-tabs" > 
  at <TinkerPocket ref="VTU_COMPONENT" > 
  at <VTUROOT>
[Vue warn]: Failed to resolve directive: tooltip 
  at <FindGear view="bosses" > 
  at <TabPanel> 
  at <TabView activeIndex=0 onUpdate:activeIndex=fn class="pocket-tabs" > 
  at <TinkerPocket ref="VTU_COMPONENT" > 
  at <VTUROOT>

stderr | src/__tests__/views/TinkerPocket.integration.test.ts > TinkerPocket Integration Tests > verifies data consistency between stores
[Vue Router warn]: No match found for location with path "/"
[Vue warn]: injection "Symbol()" not found. 
  at <FindGear view="symbiants" > 
  at <TabPanel> 
  at <TabView activeIndex=0 onUpdate:activeIndex=fn class="pocket-tabs" > 
  at <TinkerPocket ref="VTU_COMPONENT" > 
  at <VTUROOT>
[Vue warn]: Failed to resolve directive: tooltip 
  at <FindGear view="symbiants" > 
  at <TabPanel> 
  at <TabView activeIndex=0 onUpdate:activeIndex=fn class="pocket-tabs" > 
  at <TinkerPocket ref="VTU_COMPONENT" > 
  at <VTUROOT>
[Vue warn]: injection "Symbol()" not found. 
  at <FindGear view="bosses" > 
  at <TabPanel> 
  at <TabView activeIndex=0 onUpdate:activeIndex=fn class="pocket-tabs" > 
  at <TinkerPocket ref="VTU_COMPONENT" > 
  at <VTUROOT>
[Vue warn]: Failed to resolve directive: tooltip 
  at <FindGear view="bosses" > 
  at <TabPanel> 
  at <TabView activeIndex=0 onUpdate:activeIndex=fn class="pocket-tabs" > 
  at <TinkerPocket ref="VTU_COMPONENT" > 
  at <VTUROOT>

stderr | src/__tests__/views/TinkerPocket.integration.test.ts > TinkerPocket Integration Tests > verifies component navigation and state management
[Vue Router warn]: No match found for location with path "/"
[Vue warn]: injection "Symbol()" not found. 
  at <FindGear view="symbiants" > 
  at <TabPanel> 
  at <TabView activeIndex=0 onUpdate:activeIndex=fn class="pocket-tabs" > 
  at <TinkerPocket ref="VTU_COMPONENT" > 
  at <VTUROOT>
[Vue warn]: Failed to resolve directive: tooltip 
  at <FindGear view="symbiants" > 
  at <TabPanel> 
  at <TabView activeIndex=0 onUpdate:activeIndex=fn class="pocket-tabs" > 
  at <TinkerPocket ref="VTU_COMPONENT" > 
  at <VTUROOT>
[Vue warn]: injection "Symbol()" not found. 
  at <FindGear view="bosses" > 
  at <TabPanel> 
  at <TabView activeIndex=0 onUpdate:activeIndex=fn class="pocket-tabs" > 
  at <TinkerPocket ref="VTU_COMPONENT" > 
  at <VTUROOT>
[Vue warn]: Failed to resolve directive: tooltip 
  at <FindGear view="bosses" > 
  at <TabPanel> 
  at <TabView activeIndex=0 onUpdate:activeIndex=fn class="pocket-tabs" > 
  at <TinkerPocket ref="VTU_COMPONENT" > 
  at <VTUROOT>

 ❯ src/__tests__/views/TinkerPocket.integration.test.ts  (8 tests | 8 failed) 307ms
   × TinkerPocket Integration Tests > loads real data from both APIs on mount
     → No PrimeVue Toast provided!
   × TinkerPocket Integration Tests > displays real pocket boss data in the interface
     → No PrimeVue Toast provided!
   × TinkerPocket Integration Tests > filters and searches work with real data
     → No PrimeVue Toast provided!
   × TinkerPocket Integration Tests > enriches symbiant data correctly with real API responses
     → No PrimeVue Toast provided!
   × TinkerPocket Integration Tests > handles real API errors gracefully
     → No PrimeVue Toast provided!
   × TinkerPocket Integration Tests > maintains component structure with real data
     → No PrimeVue Toast provided!
   × TinkerPocket Integration Tests > verifies data consistency between stores
     → No PrimeVue Toast provided!
   × TinkerPocket Integration Tests > verifies component navigation and state management
     → No PrimeVue Toast provided!
stderr | src/__tests__/components/items/NanoStatistics.test.ts > NanoStatistics > tick display functionality > should display ticks when spell has tick_count > 1 and tick_interval > 0
[Vue warn]: Component "RouterLink" has already been registered in target app.

stderr | src/__tests__/components/items/NanoStatistics.test.ts > NanoStatistics > tick display functionality > should not display ticks when tick_count <= 1
[Vue warn]: Component "RouterLink" has already been registered in target app.

stderr | src/__tests__/components/items/NanoStatistics.test.ts > NanoStatistics > tick display functionality > should not display ticks when tick_interval <= 0
[Vue warn]: Component "RouterLink" has already been registered in target app.

stderr | src/__tests__/components/items/NanoStatistics.test.ts > NanoStatistics > tick display functionality > should correctly convert centiseconds to seconds in tick display
[Vue warn]: Component "RouterLink" has already been registered in target app.

stderr | src/__tests__/components/items/NanoStatistics.test.ts > NanoStatistics > strain link functionality > should display strain as a clickable RouterLink when strain is present
[Vue warn]: Component "RouterLink" has already been registered in target app.

stderr | src/__tests__/components/items/NanoStatistics.test.ts > NanoStatistics > strain link functionality > should not display strain row when strain is not present
[Vue warn]: Component "RouterLink" has already been registered in target app.

 ✓ src/__tests__/components/items/NanoStatistics.test.ts  (6 tests) 67ms
stderr | src/__tests__/views/TinkerNukes.simple.test.ts > TinkerNukes Simple Tests > mounts successfully
[Vue warn]: Component "RouterLink" has already been registered in target app.
[Vue warn]: Component "RouterView" has already been registered in target app.

stderr | src/__tests__/views/TinkerNukes.simple.test.ts > TinkerNukes Simple Tests > displays the correct title
[Vue warn]: Component "RouterLink" has already been registered in target app.
[Vue warn]: Component "RouterView" has already been registered in target app.

stderr | src/__tests__/views/TinkerNukes.simple.test.ts > TinkerNukes Simple Tests > shows NT Only badge
[Vue warn]: Component "RouterLink" has already been registered in target app.
[Vue warn]: Component "RouterView" has already been registered in target app.

stderr | src/__tests__/views/TinkerNukes.simple.test.ts > TinkerNukes Simple Tests > shows nanotechnician skills section
[Vue warn]: Component "RouterLink" has already been registered in target app.
[Vue warn]: Component "RouterView" has already been registered in target app.

stderr | src/__tests__/views/TinkerNukes.simple.test.ts > TinkerNukes Simple Tests > has manual skills toggle
[Vue warn]: Component "RouterLink" has already been registered in target app.
[Vue warn]: Component "RouterView" has already been registered in target app.

stderr | src/__tests__/views/TinkerNukes.simple.test.ts > TinkerNukes Simple Tests > initializes with correct default state
[Vue warn]: Component "RouterLink" has already been registered in target app.
[Vue warn]: Component "RouterView" has already been registered in target app.

stderr | src/__tests__/views/TinkerNukes.simple.test.ts > TinkerNukes Simple Tests > has proper manual skills defaults
[Vue warn]: Component "RouterLink" has already been registered in target app.
[Vue warn]: Component "RouterView" has already been registered in target app.

stderr | src/__tests__/views/TinkerNukes.simple.test.ts > TinkerNukes Simple Tests > provides correct nano skills configuration
[Vue warn]: Component "RouterLink" has already been registered in target app.
[Vue warn]: Component "RouterView" has already been registered in target app.

stderr | src/__tests__/views/TinkerNukes.simple.test.ts > TinkerNukes Simple Tests > has proper skill labels
[Vue warn]: Component "RouterLink" has already been registered in target app.
[Vue warn]: Component "RouterView" has already been registered in target app.

stderr | src/__tests__/views/TinkerNukes.simple.test.ts > TinkerNukes Simple Tests > renders data table component
[Vue warn]: Component "RouterLink" has already been registered in target app.
[Vue warn]: Component "RouterView" has already been registered in target app.

stderr | src/__tests__/views/TinkerNukes.simple.test.ts > TinkerNukes Simple Tests > shows offensive nano count message
[Vue warn]: Component "RouterLink" has already been registered in target app.
[Vue warn]: Component "RouterView" has already been registered in target app.

stderr | src/__tests__/views/TinkerNukes.simple.test.ts > TinkerNukes Simple Tests > has skill input class calculation
[Vue warn]: Component "RouterLink" has already been registered in target app.
[Vue warn]: Component "RouterView" has already been registered in target app.

stderr | src/__tests__/views/TinkerNukes.simple.test.ts > TinkerNukes Simple Tests > provides usability helper functions
[Vue warn]: Component "RouterLink" has already been registered in target app.
[Vue warn]: Component "RouterView" has already been registered in target app.

stderr | src/__tests__/views/TinkerNukes.simple.test.ts > TinkerNukes Simple Tests > handles offensive effects extraction
[Vue warn]: Component "RouterLink" has already been registered in target app.
[Vue warn]: Component "RouterView" has already been registered in target app.

stderr | src/__tests__/views/TinkerNukes.simple.test.ts > TinkerNukes Simple Tests > handles empty effects gracefully
[Vue warn]: Component "RouterLink" has already been registered in target app.
[Vue warn]: Component "RouterView" has already been registered in target app.

stderr | src/__tests__/views/TinkerNukes.simple.test.ts > TinkerNukes Simple Tests > handles profile changes correctly
[Vue warn]: Component "RouterLink" has already been registered in target app.
[Vue warn]: Component "RouterView" has already been registered in target app.

 ❯ src/__tests__/views/TinkerNukes.simple.test.ts  (16 tests | 16 failed) 38ms
   × TinkerNukes Simple Tests > mounts successfully
     → Cannot redefine property: $route
   × TinkerNukes Simple Tests > displays the correct title
     → Cannot redefine property: $route
   × TinkerNukes Simple Tests > shows NT Only badge
     → Cannot redefine property: $route
   × TinkerNukes Simple Tests > shows nanotechnician skills section
     → Cannot redefine property: $route
   × TinkerNukes Simple Tests > has manual skills toggle
     → Cannot redefine property: $route
   × TinkerNukes Simple Tests > initializes with correct default state
     → Cannot redefine property: $route
   × TinkerNukes Simple Tests > has proper manual skills defaults
     → Cannot redefine property: $route
   × TinkerNukes Simple Tests > provides correct nano skills configuration
     → Cannot redefine property: $route
   × TinkerNukes Simple Tests > has proper skill labels
     → Cannot redefine property: $route
   × TinkerNukes Simple Tests > renders data table component
     → Cannot redefine property: $route
   × TinkerNukes Simple Tests > shows offensive nano count message
     → Cannot redefine property: $route
   × TinkerNukes Simple Tests > has skill input class calculation
     → Cannot redefine property: $route
   × TinkerNukes Simple Tests > provides usability helper functions
     → Cannot redefine property: $route
   × TinkerNukes Simple Tests > handles offensive effects extraction
     → Cannot redefine property: $route
   × TinkerNukes Simple Tests > handles empty effects gracefully
     → Cannot redefine property: $route
   × TinkerNukes Simple Tests > handles profile changes correctly
     → Cannot redefine property: $route
 ❯ src/__tests__/components/NanoSearch.test.ts  (13 tests | 13 failed) 67ms
   × NanoSearch > renders search input correctly
     → Unexpected token ')'
   × NanoSearch > emits search event when input changes
     → Unexpected token ')'
   × NanoSearch > displays nano schools as filter chips
     → Unexpected token ')'
   × NanoSearch > toggles school selection when chip is clicked
     → Unexpected token ')'
   × NanoSearch > shows advanced search options when toggled
     → Unexpected token ')'
   × NanoSearch > displays search presets
     → Unexpected token ')'
   × NanoSearch > applies search preset when clicked
     → Unexpected token ')'
   × NanoSearch > shows clear button when there is search text
     → Unexpected token ')'
   × NanoSearch > clears search when clear button is clicked
     → Unexpected token ')'
   × NanoSearch > manages recent searches in localStorage
     → Unexpected token ')'
   × NanoSearch > displays search statistics
     → Unexpected token ')'
   × NanoSearch > handles search field selection
     → Unexpected token ')'
   × NanoSearch > shows search modifiers help text
     → Unexpected token ')'
stdout | src/__tests__/tinkerprofiles/ncu-equipment-fix.test.ts > MaxNCU Equipment Bonus Application > should combine MaxNCU with other misc skill bonuses
Skills after update: [
  '1',   '16',  '17',  '18',  '19',  '20',  '21',  '45',
  '54',  '60',  '90',  '91',  '92',  '93',  '94',  '95',
  '96',  '97',  '98',  '100', '101', '102', '103', '104',
  '105', '106', '107', '108', '109', '110', '111', '112',
  '113', '114', '115', '116', '117', '118', '119', '120',
  '121', '122', '123', '124', '125', '126', '127', '128',
  '129', '130', '131', '132', '133', '134', '135', '136',
  '137', '138', '139', '140', '141', '142', '143', '144',
  '145', '146', '147', '148', '149', '150', '151', '152',
  '153', '154', '155', '156', '157', '158', '159', '160',
  '161', '162', '163', '164', '165', '166', '167', '168',
  '181', '182', '205', '206', '207', '208', '216', '217',
  '218', '219', '221', '225',
  ... 45 more items
]

 ✓ src/__tests__/tinkerprofiles/ncu-equipment-fix.test.ts  (4 tests) 12ms
 ❯ src/__tests__/e2e/tinker-plants-workflow.test.ts  (22 tests) 10007ms
 ❯ src/__tests__/components/plants/SymbiantSearch.test.ts  (12 tests | 1 failed) 154ms
   × SymbiantSearch > applies custom placeholder
     → mount is not defined
 ✓ src/__tests__/components/NanoCard.simple.test.ts  (9 tests) 91ms
stdout | src/__tests__/tinkerprofiles/ncu-equipment.test.ts > NCU Equipment Bonuses > should update MaxNCU when equipping NCU items
[ProfileStorage] Saved profile profile_1760307496508_nckktkvlz to individual key (v4.0.0 format with computed totals)
[ProfileStorage] Saved profile profile_1760307496508_nckktkvlz to individual key (v4.0.0 format with computed totals)
[ProfileStorage] Saved profile profile_1760307496508_nckktkvlz to individual key (v4.0.0 format with computed totals)
Initial Max NCU: 0
[ProfileStorage] Saved profile profile_1760307496508_nckktkvlz to individual key (v4.0.0 format with computed totals)
[ProfileStorage] Saved profile profile_1760307496508_nckktkvlz to individual key (v4.0.0 format with computed totals)
[ProfileStorage] Saved profile profile_1760307496508_nckktkvlz to individual key (v4.0.0 format with computed totals)
Updated Max NCU: 20

stdout | src/__tests__/tinkerprofiles/ncu-equipment.test.ts > NCU Equipment Bonuses > should update MaxNCU when equipping multiple NCU items
[ProfileStorage] Saved profile profile_1760307496524_fzkf9knxr to individual key (v4.0.0 format with computed totals)
[ProfileStorage] Saved profile profile_1760307496524_fzkf9knxr to individual key (v4.0.0 format with computed totals)
[ProfileStorage] Saved profile profile_1760307496524_fzkf9knxr to individual key (v4.0.0 format with computed totals)
[ProfileStorage] Saved profile profile_1760307496524_fzkf9knxr to individual key (v4.0.0 format with computed totals)
[ProfileStorage] Saved profile profile_1760307496524_fzkf9knxr to individual key (v4.0.0 format with computed totals)
[ProfileStorage] Saved profile profile_1760307496524_fzkf9knxr to individual key (v4.0.0 format with computed totals)
Initial Max NCU: 0
Updated Max NCU with 3 items: 75

stdout | src/__tests__/tinkerprofiles/ncu-equipment.test.ts > NCU Equipment Bonuses > should decrease MaxNCU when unequipping NCU items
[ProfileStorage] Saved profile profile_1760307496531_uw9qsxajq to individual key (v4.0.0 format with computed totals)
[ProfileStorage] Saved profile profile_1760307496531_uw9qsxajq to individual key (v4.0.0 format with computed totals)
[ProfileStorage] Saved profile profile_1760307496531_uw9qsxajq to individual key (v4.0.0 format with computed totals)
[ProfileStorage] Saved profile profile_1760307496531_uw9qsxajq to individual key (v4.0.0 format with computed totals)
[ProfileStorage] Saved profile profile_1760307496531_uw9qsxajq to individual key (v4.0.0 format with computed totals)
[ProfileStorage] Saved profile profile_1760307496531_uw9qsxajq to individual key (v4.0.0 format with computed totals)
[ProfileStorage] Saved profile profile_1760307496531_uw9qsxajq to individual key (v4.0.0 format with computed totals)
[ProfileStorage] Saved profile profile_1760307496531_uw9qsxajq to individual key (v4.0.0 format with computed totals)
[ProfileStorage] Saved profile profile_1760307496531_uw9qsxajq to individual key (v4.0.0 format with computed totals)
Max NCU with equipment: 50
Max NCU without equipment: 0

 ✓ src/__tests__/tinkerprofiles/ncu-equipment.test.ts  (3 tests) 35ms
 ✓ src/__tests__/utils/symbiantHelpers.test.ts  (18 tests) 7ms
 ✓ src/__tests__/components/pocket/SymbiantLookup.simple.test.ts  (6 tests) 60ms
 ❯ src/__tests__/stores/symbiantsStore.integration.test.ts  (7 tests | 7 failed) 13ms
   × SymbiantsStore Integration Tests > fetches real symbiants from the API
     → store.searchSymbiants is not a function
   × SymbiantsStore Integration Tests > enriches symbiant data correctly
     → store.searchSymbiants is not a function
   × SymbiantsStore Integration Tests > caches symbiants correctly
     → store.searchSymbiants is not a function
   × SymbiantsStore Integration Tests > handles pagination correctly
     → store.searchSymbiants is not a function
   × SymbiantsStore Integration Tests > maintains consistent enrichment for same symbiant
     → store.searchSymbiants is not a function
   × SymbiantsStore Integration Tests > handles API errors gracefully
     → expected null to be truthy
   × SymbiantsStore Integration Tests > searches with different parameters
     → store.searchSymbiants is not a function
 ❯ src/__tests__/composables/useTheme.test.ts  (7 tests | 3 failed) 129ms
   × useTheme composable > toggle switches between light and dark and persists
     → expected null to be 'light' // Object.is equality
   × useTheme composable > setDark(true/false) applies correct classes and persistence
     → expected null to be 'dark' // Object.is equality
   × useTheme composable > does not auto-switch on system change - system listening is disabled
     → expected null to be 'dark' // Object.is equality
 ✓ src/__tests__/components/shared/AccessibilityAnnouncer.test.ts  (8 tests) 51ms
 ✓ src/__tests__/components/pocket/PocketBossDatabase.simple.test.ts  (6 tests) 46ms
 ✓ src/__tests__/components/shared/LoadingSpinner.test.ts  (9 tests) 37ms
 ✓ src/__tests__/smoke.spec.ts  (2 tests) 1ms
 ❯ src/__tests__/components/plants/SymbiantList.test.ts  (24 tests) 10009ms
stderr | src/__tests__/stores/nanosStore.test.ts > nanosStore > searches nanos with query
Failed to load nanos from storage: Error: Storage error
    at Object.<anonymous> (/home/quigley/projects/Tinkertools/frontend/src/__tests__/stores/nanosStore.test.ts:83:13)
    at Object.mockCall (file:///home/quigley/projects/Tinkertools/node_modules/@vitest/spy/dist/index.js:61:17)
    at Object.spy [as getItem] (file:///home/quigley/projects/Tinkertools/node_modules/tinyspy/dist/index.js:45:80)
    at loadNanosFromStorage (/home/quigley/projects/Tinkertools/frontend/src/stores/nanosStore.ts:382:35)
    at initialize (/home/quigley/projects/Tinkertools/frontend/src/stores/nanosStore.ts:493:5)
    at /home/quigley/projects/Tinkertools/frontend/src/stores/nanosStore.ts:502:3
    at file:///home/quigley/projects/Tinkertools/node_modules/pinia/dist/pinia.mjs:1480:98
    at EffectScope.run (/home/quigley/projects/Tinkertools/node_modules/@vue/reactivity/dist/reactivity.cjs.js:47:16)
    at file:///home/quigley/projects/Tinkertools/node_modules/pinia/dist/pinia.mjs:1480:88
    at EffectScope.run (/home/quigley/projects/Tinkertools/node_modules/@vue/reactivity/dist/reactivity.cjs.js:47:16)
Failed to load favorites: Error: Storage error
    at Object.<anonymous> (/home/quigley/projects/Tinkertools/frontend/src/__tests__/stores/nanosStore.test.ts:83:13)
    at Object.mockCall (file:///home/quigley/projects/Tinkertools/node_modules/@vitest/spy/dist/index.js:61:17)
    at Object.spy [as getItem] (file:///home/quigley/projects/Tinkertools/node_modules/tinyspy/dist/index.js:45:80)
    at loadFavorites (/home/quigley/projects/Tinkertools/frontend/src/stores/nanosStore.ts:406:34)
    at initialize (/home/quigley/projects/Tinkertools/frontend/src/stores/nanosStore.ts:494:5)
    at /home/quigley/projects/Tinkertools/frontend/src/stores/nanosStore.ts:502:3
    at file:///home/quigley/projects/Tinkertools/node_modules/pinia/dist/pinia.mjs:1480:98
    at EffectScope.run (/home/quigley/projects/Tinkertools/node_modules/@vue/reactivity/dist/reactivity.cjs.js:47:16)
    at file:///home/quigley/projects/Tinkertools/node_modules/pinia/dist/pinia.mjs:1480:88
    at EffectScope.run (/home/quigley/projects/Tinkertools/node_modules/@vue/reactivity/dist/reactivity.cjs.js:47:16)
Failed to load filters: Error: Storage error
    at Object.<anonymous> (/home/quigley/projects/Tinkertools/frontend/src/__tests__/stores/nanosStore.test.ts:83:13)
    at Object.mockCall (file:///home/quigley/projects/Tinkertools/node_modules/@vitest/spy/dist/index.js:61:17)
    at Object.spy [as getItem] (file:///home/quigley/projects/Tinkertools/node_modules/tinyspy/dist/index.js:45:80)
    at loadFilters (/home/quigley/projects/Tinkertools/frontend/src/stores/nanosStore.ts:425:34)
    at initialize (/home/quigley/projects/Tinkertools/frontend/src/stores/nanosStore.ts:495:5)
    at /home/quigley/projects/Tinkertools/frontend/src/stores/nanosStore.ts:502:3
    at file:///home/quigley/projects/Tinkertools/node_modules/pinia/dist/pinia.mjs:1480:98
    at EffectScope.run (/home/quigley/projects/Tinkertools/node_modules/@vue/reactivity/dist/reactivity.cjs.js:47:16)
    at file:///home/quigley/projects/Tinkertools/node_modules/pinia/dist/pinia.mjs:1480:88
    at EffectScope.run (/home/quigley/projects/Tinkertools/node_modules/@vue/reactivity/dist/reactivity.cjs.js:47:16)
Failed to load preferences: Error: Storage error
    at Object.<anonymous> (/home/quigley/projects/Tinkertools/frontend/src/__tests__/stores/nanosStore.test.ts:83:13)
    at Object.mockCall (file:///home/quigley/projects/Tinkertools/node_modules/@vitest/spy/dist/index.js:61:17)
    at Object.spy [as getItem] (file:///home/quigley/projects/Tinkertools/node_modules/tinyspy/dist/index.js:45:80)
    at loadPreferences (/home/quigley/projects/Tinkertools/frontend/src/stores/nanosStore.ts:444:34)
    at initialize (/home/quigley/projects/Tinkertools/frontend/src/stores/nanosStore.ts:496:5)
    at /home/quigley/projects/Tinkertools/frontend/src/stores/nanosStore.ts:502:3
    at file:///home/quigley/projects/Tinkertools/node_modules/pinia/dist/pinia.mjs:1480:98
    at EffectScope.run (/home/quigley/projects/Tinkertools/node_modules/@vue/reactivity/dist/reactivity.cjs.js:47:16)
    at file:///home/quigley/projects/Tinkertools/node_modules/pinia/dist/pinia.mjs:1480:88
    at EffectScope.run (/home/quigley/projects/Tinkertools/node_modules/@vue/reactivity/dist/reactivity.cjs.js:47:16)
Failed to load search history: Error: Storage error
    at Object.<anonymous> (/home/quigley/projects/Tinkertools/frontend/src/__tests__/stores/nanosStore.test.ts:83:13)
    at Object.mockCall (file:///home/quigley/projects/Tinkertools/node_modules/@vitest/spy/dist/index.js:61:17)
    at Object.spy [as getItem] (file:///home/quigley/projects/Tinkertools/node_modules/tinyspy/dist/index.js:45:80)
    at loadSearchHistory (/home/quigley/projects/Tinkertools/frontend/src/stores/nanosStore.ts:463:34)
    at initialize (/home/quigley/projects/Tinkertools/frontend/src/stores/nanosStore.ts:497:5)
    at /home/quigley/projects/Tinkertools/frontend/src/stores/nanosStore.ts:502:3
    at file:///home/quigley/projects/Tinkertools/node_modules/pinia/dist/pinia.mjs:1480:98
    at EffectScope.run (/home/quigley/projects/Tinkertools/node_modules/@vue/reactivity/dist/reactivity.cjs.js:47:16)
    at file:///home/quigley/projects/Tinkertools/node_modules/pinia/dist/pinia.mjs:1480:88
    at EffectScope.run (/home/quigley/projects/Tinkertools/node_modules/@vue/reactivity/dist/reactivity.cjs.js:47:16)
Failed to load selected profession: Error: Storage error
    at Object.<anonymous> (/home/quigley/projects/Tinkertools/frontend/src/__tests__/stores/nanosStore.test.ts:83:13)
    at Object.mockCall (file:///home/quigley/projects/Tinkertools/node_modules/@vitest/spy/dist/index.js:61:17)
    at Object.spy [as getItem] (file:///home/quigley/projects/Tinkertools/node_modules/tinyspy/dist/index.js:45:80)
    at loadSelectedProfession (/home/quigley/projects/Tinkertools/frontend/src/stores/nanosStore.ts:482:34)
    at initialize (/home/quigley/projects/Tinkertools/frontend/src/stores/nanosStore.ts:498:5)
    at /home/quigley/projects/Tinkertools/frontend/src/stores/nanosStore.ts:502:3
    at file:///home/quigley/projects/Tinkertools/node_modules/pinia/dist/pinia.mjs:1480:98
    at EffectScope.run (/home/quigley/projects/Tinkertools/node_modules/@vue/reactivity/dist/reactivity.cjs.js:47:16)
    at file:///home/quigley/projects/Tinkertools/node_modules/pinia/dist/pinia.mjs:1480:88
    at EffectScope.run (/home/quigley/projects/Tinkertools/node_modules/@vue/reactivity/dist/reactivity.cjs.js:47:16)

stderr | src/__tests__/stores/nanosStore.test.ts > nanosStore > searches nanos with query
Failed to fetch nanos: TypeError: fetch failed
    at node:internal/deps/undici/undici:15433:13
    at processTicksAndRejections (node:internal/process/task_queues:105:5)
    at Proxy.fetchNanos (/home/quigley/projects/Tinkertools/frontend/src/stores/nanosStore.ts:179:24)
    at /home/quigley/projects/Tinkertools/frontend/src/__tests__/stores/nanosStore.test.ts:73:5 {
  [cause]: ConnectTimeoutError: Connect Timeout Error (attempted address: localhost:8000, timeout: 10000ms)
      at onConnectTimeout (node:internal/deps/undici/undici:1532:23)
      at Immediate._onImmediate (node:internal/deps/undici/undici:1513:11)
      at processImmediate (node:internal/timers:505:21) {
    code: 'UND_ERR_CONNECT_TIMEOUT'
  }
}
Failed to load nanos from storage: Error: Storage error
    at Object.<anonymous> (/home/quigley/projects/Tinkertools/frontend/src/__tests__/stores/nanosStore.test.ts:83:13)
    at Object.mockCall (file:///home/quigley/projects/Tinkertools/node_modules/@vitest/spy/dist/index.js:61:17)
    at Object.spy [as getItem] (file:///home/quigley/projects/Tinkertools/node_modules/tinyspy/dist/index.js:45:80)
    at loadNanosFromStorage (/home/quigley/projects/Tinkertools/frontend/src/stores/nanosStore.ts:382:35)
    at Proxy.fetchNanos (/home/quigley/projects/Tinkertools/frontend/src/stores/nanosStore.ts:221:7)
    at processTicksAndRejections (node:internal/process/task_queues:105:5)
    at /home/quigley/projects/Tinkertools/frontend/src/__tests__/stores/nanosStore.test.ts:73:5

 ❯ src/__tests__/pagination-integration.test.ts  (11 tests) 10012ms
stdout | src/__tests__/e2e/nano-backend.integration.test.ts > TinkerNanos Backend Integration > displays nano count when data is loaded
loadNanos called with profession: null
Active profile cleared
No active profile found

 ❯ src/__tests__/components/plants/BuildSummary.test.ts  (19 tests) 10014ms
stdout | src/__tests__/e2e/nano-backend.integration.test.ts > TinkerNanos Backend Integration > displays nano count when data is loaded
<empty line>
stderr | src/__tests__/e2e/nano-backend.integration.test.ts > TinkerNanos Backend Integration > displays nano count when data is loaded
Failed to fetch nanos: TypeError: fetch failed
    at node:internal/deps/undici/undici:15433:13
    at processTicksAndRejections (node:internal/process/task_queues:105:5)
    at Proxy.fetchNanos (/home/quigley/projects/Tinkertools/frontend/src/stores/nanosStore.ts:179:24)
    at /home/quigley/projects/Tinkertools/frontend/src/__tests__/e2e/nano-backend.integration.test.ts:176:5 {
  [cause]: ConnectTimeoutError: Connect Timeout Error (attempted address: localhost:8000, timeout: 10000ms)
      at onConnectTimeout (node:internal/deps/undici/undici:1532:23)
      at Immediate._onImmediate (node:internal/deps/undici/undici:1513:11)
      at processImmediate (node:internal/timers:505:21) {
    code: 'UND_ERR_CONNECT_TIMEOUT'
  }
}

stderr | src/__tests__/stores/nanosStore.test.ts > nanosStore > does not duplicate search history entries
Failed to load nanos from storage: Error: Storage error
    at Object.<anonymous> (/home/quigley/projects/Tinkertools/frontend/src/__tests__/stores/nanosStore.test.ts:83:13)
    at Object.mockCall (file:///home/quigley/projects/Tinkertools/node_modules/@vitest/spy/dist/index.js:61:17)
    at Object.spy [as getItem] (file:///home/quigley/projects/Tinkertools/node_modules/tinyspy/dist/index.js:45:80)
    at loadNanosFromStorage (/home/quigley/projects/Tinkertools/frontend/src/stores/nanosStore.ts:382:35)
    at initialize (/home/quigley/projects/Tinkertools/frontend/src/stores/nanosStore.ts:493:5)
    at /home/quigley/projects/Tinkertools/frontend/src/stores/nanosStore.ts:502:3
    at file:///home/quigley/projects/Tinkertools/node_modules/pinia/dist/pinia.mjs:1480:98
    at EffectScope.run (/home/quigley/projects/Tinkertools/node_modules/@vue/reactivity/dist/reactivity.cjs.js:47:16)
    at file:///home/quigley/projects/Tinkertools/node_modules/pinia/dist/pinia.mjs:1480:88
    at EffectScope.run (/home/quigley/projects/Tinkertools/node_modules/@vue/reactivity/dist/reactivity.cjs.js:47:16)
Failed to load favorites: Error: Storage error
    at Object.<anonymous> (/home/quigley/projects/Tinkertools/frontend/src/__tests__/stores/nanosStore.test.ts:83:13)
    at Object.mockCall (file:///home/quigley/projects/Tinkertools/node_modules/@vitest/spy/dist/index.js:61:17)
    at Object.spy [as getItem] (file:///home/quigley/projects/Tinkertools/node_modules/tinyspy/dist/index.js:45:80)
    at loadFavorites (/home/quigley/projects/Tinkertools/frontend/src/stores/nanosStore.ts:406:34)
    at initialize (/home/quigley/projects/Tinkertools/frontend/src/stores/nanosStore.ts:494:5)
    at /home/quigley/projects/Tinkertools/frontend/src/stores/nanosStore.ts:502:3
    at file:///home/quigley/projects/Tinkertools/node_modules/pinia/dist/pinia.mjs:1480:98
    at EffectScope.run (/home/quigley/projects/Tinkertools/node_modules/@vue/reactivity/dist/reactivity.cjs.js:47:16)
    at file:///home/quigley/projects/Tinkertools/node_modules/pinia/dist/pinia.mjs:1480:88
    at EffectScope.run (/home/quigley/projects/Tinkertools/node_modules/@vue/reactivity/dist/reactivity.cjs.js:47:16)
Failed to load filters: Error: Storage error
    at Object.<anonymous> (/home/quigley/projects/Tinkertools/frontend/src/__tests__/stores/nanosStore.test.ts:83:13)
    at Object.mockCall (file:///home/quigley/projects/Tinkertools/node_modules/@vitest/spy/dist/index.js:61:17)
    at Object.spy [as getItem] (file:///home/quigley/projects/Tinkertools/node_modules/tinyspy/dist/index.js:45:80)
    at loadFilters (/home/quigley/projects/Tinkertools/frontend/src/stores/nanosStore.ts:425:34)
    at initialize (/home/quigley/projects/Tinkertools/frontend/src/stores/nanosStore.ts:495:5)
    at /home/quigley/projects/Tinkertools/frontend/src/stores/nanosStore.ts:502:3
    at file:///home/quigley/projects/Tinkertools/node_modules/pinia/dist/pinia.mjs:1480:98
    at EffectScope.run (/home/quigley/projects/Tinkertools/node_modules/@vue/reactivity/dist/reactivity.cjs.js:47:16)
    at file:///home/quigley/projects/Tinkertools/node_modules/pinia/dist/pinia.mjs:1480:88
    at EffectScope.run (/home/quigley/projects/Tinkertools/node_modules/@vue/reactivity/dist/reactivity.cjs.js:47:16)
Failed to load preferences: Error: Storage error
    at Object.<anonymous> (/home/quigley/projects/Tinkertools/frontend/src/__tests__/stores/nanosStore.test.ts:83:13)
    at Object.mockCall (file:///home/quigley/projects/Tinkertools/node_modules/@vitest/spy/dist/index.js:61:17)
    at Object.spy [as getItem] (file:///home/quigley/projects/Tinkertools/node_modules/tinyspy/dist/index.js:45:80)
    at loadPreferences (/home/quigley/projects/Tinkertools/frontend/src/stores/nanosStore.ts:444:34)
    at initialize (/home/quigley/projects/Tinkertools/frontend/src/stores/nanosStore.ts:496:5)
    at /home/quigley/projects/Tinkertools/frontend/src/stores/nanosStore.ts:502:3
    at file:///home/quigley/projects/Tinkertools/node_modules/pinia/dist/pinia.mjs:1480:98
    at EffectScope.run (/home/quigley/projects/Tinkertools/node_modules/@vue/reactivity/dist/reactivity.cjs.js:47:16)
    at file:///home/quigley/projects/Tinkertools/node_modules/pinia/dist/pinia.mjs:1480:88
    at EffectScope.run (/home/quigley/projects/Tinkertools/node_modules/@vue/reactivity/dist/reactivity.cjs.js:47:16)
Failed to load search history: Error: Storage error
    at Object.<anonymous> (/home/quigley/projects/Tinkertools/frontend/src/__tests__/stores/nanosStore.test.ts:83:13)
    at Object.mockCall (file:///home/quigley/projects/Tinkertools/node_modules/@vitest/spy/dist/index.js:61:17)
    at Object.spy [as getItem] (file:///home/quigley/projects/Tinkertools/node_modules/tinyspy/dist/index.js:45:80)
    at loadSearchHistory (/home/quigley/projects/Tinkertools/frontend/src/stores/nanosStore.ts:463:34)
    at initialize (/home/quigley/projects/Tinkertools/frontend/src/stores/nanosStore.ts:497:5)
    at /home/quigley/projects/Tinkertools/frontend/src/stores/nanosStore.ts:502:3
    at file:///home/quigley/projects/Tinkertools/node_modules/pinia/dist/pinia.mjs:1480:98
    at EffectScope.run (/home/quigley/projects/Tinkertools/node_modules/@vue/reactivity/dist/reactivity.cjs.js:47:16)
    at file:///home/quigley/projects/Tinkertools/node_modules/pinia/dist/pinia.mjs:1480:88
    at EffectScope.run (/home/quigley/projects/Tinkertools/node_modules/@vue/reactivity/dist/reactivity.cjs.js:47:16)
Failed to load selected profession: Error: Storage error
    at Object.<anonymous> (/home/quigley/projects/Tinkertools/frontend/src/__tests__/stores/nanosStore.test.ts:83:13)
    at Object.mockCall (file:///home/quigley/projects/Tinkertools/node_modules/@vitest/spy/dist/index.js:61:17)
    at Object.spy [as getItem] (file:///home/quigley/projects/Tinkertools/node_modules/tinyspy/dist/index.js:45:80)
    at loadSelectedProfession (/home/quigley/projects/Tinkertools/frontend/src/stores/nanosStore.ts:482:34)
    at initialize (/home/quigley/projects/Tinkertools/frontend/src/stores/nanosStore.ts:498:5)
    at /home/quigley/projects/Tinkertools/frontend/src/stores/nanosStore.ts:502:3
    at file:///home/quigley/projects/Tinkertools/node_modules/pinia/dist/pinia.mjs:1480:98
    at EffectScope.run (/home/quigley/projects/Tinkertools/node_modules/@vue/reactivity/dist/reactivity.cjs.js:47:16)
    at file:///home/quigley/projects/Tinkertools/node_modules/pinia/dist/pinia.mjs:1480:88
    at EffectScope.run (/home/quigley/projects/Tinkertools/node_modules/@vue/reactivity/dist/reactivity.cjs.js:47:16)

stderr | src/__tests__/stores/nanosStore.test.ts > nanosStore > does not duplicate search history entries
Failed to fetch nanos: TypeError: fetch failed
    at node:internal/deps/undici/undici:15433:13
    at processTicksAndRejections (node:internal/process/task_queues:105:5)
    at Proxy.fetchNanos (/home/quigley/projects/Tinkertools/frontend/src/stores/nanosStore.ts:179:24)
    at /home/quigley/projects/Tinkertools/frontend/src/__tests__/stores/nanosStore.test.ts:86:5 {
  [cause]: ConnectTimeoutError: Connect Timeout Error (attempted address: localhost:8000, timeout: 10000ms)
      at onConnectTimeout (node:internal/deps/undici/undici:1532:23)
      at Immediate._onImmediate (node:internal/deps/undici/undici:1513:11)
      at processImmediate (node:internal/timers:505:21) {
    code: 'UND_ERR_CONNECT_TIMEOUT'
  }
}
Failed to load nanos from storage: Error: Storage error
    at Object.<anonymous> (/home/quigley/projects/Tinkertools/frontend/src/__tests__/stores/nanosStore.test.ts:83:13)
    at Object.mockCall (file:///home/quigley/projects/Tinkertools/node_modules/@vitest/spy/dist/index.js:61:17)
    at Object.spy [as getItem] (file:///home/quigley/projects/Tinkertools/node_modules/tinyspy/dist/index.js:45:80)
    at loadNanosFromStorage (/home/quigley/projects/Tinkertools/frontend/src/stores/nanosStore.ts:382:35)
    at Proxy.fetchNanos (/home/quigley/projects/Tinkertools/frontend/src/stores/nanosStore.ts:221:7)
    at processTicksAndRejections (node:internal/process/task_queues:105:5)
    at /home/quigley/projects/Tinkertools/frontend/src/__tests__/stores/nanosStore.test.ts:86:5

 ❯ src/__tests__/e2e/item-interpolation-workflow.test.ts  (14 tests | 14 failed) 20586ms
   × Item Interpolation E2E Workflow > Complete Interpolation User Journey > should handle complete workflow: navigate -> interpolate -> range change
     → No PrimeVue Toast provided!
   × Item Interpolation E2E Workflow > Complete Interpolation User Journey > should persist interpolation state through URL parameters
     → No PrimeVue Toast provided!
   × Item Interpolation E2E Workflow > User Interaction Simulation > should simulate realistic slider dragging workflow
     → No PrimeVue Toast provided!
   × Item Interpolation E2E Workflow > User Interaction Simulation > should handle input field typing workflow
     → No PrimeVue Toast provided!
   × Item Interpolation E2E Workflow > Cross-Range Navigation Workflow > should navigate between all Otek Slicer ranges
     → No PrimeVue Toast provided!
   × Item Interpolation E2E Workflow > Cross-Range Navigation Workflow > should maintain item data integrity across range transitions
     → No PrimeVue Toast provided!
   × Item Interpolation E2E Workflow > Error Handling Workflow > should handle invalid QL gracefully
     → No PrimeVue Toast provided!
   × Item Interpolation E2E Workflow > Error Handling Workflow > should handle network errors during interpolation
     → No PrimeVue Toast provided!
   × Item Interpolation E2E Workflow > Performance and Responsiveness > should respond to user interactions within acceptable time
     → No PrimeVue Toast provided!
   × Item Interpolation E2E Workflow > Performance and Responsiveness > should handle rapid interpolation changes efficiently
     → No PrimeVue Toast provided!
   × Item Interpolation E2E Workflow > Data Consistency Workflow > should maintain consistent data across interpolation
     → No PrimeVue Toast provided!
   × Item Interpolation E2E Workflow > Data Consistency Workflow > should update all dependent components during interpolation
     → No PrimeVue Toast provided!
   × Item Interpolation E2E Workflow > Real Backend Validation > should work with actual backend interpolation endpoints
     → fetch failed
   × Item Interpolation E2E Workflow > Real Backend Validation > should validate interpolation ranges endpoint integration
     → Test timed out in 10000ms.
If this is a long-running test, pass a timeout value as the last argument or configure it globally with "testTimeout".
stderr | src/__tests__/integration/nanosStore.integration.test.ts > NanosStore Integration Tests > handles search with real data
Failed to fetch nanos: TypeError: fetch failed
    at node:internal/deps/undici/undici:15433:13
    at processTicksAndRejections (node:internal/process/task_queues:105:5)
    at Proxy.fetchNanos (/home/quigley/projects/Tinkertools/frontend/src/stores/nanosStore.ts:179:24)
    at /home/quigley/projects/Tinkertools/frontend/src/__tests__/integration/nanosStore.integration.test.ts:39:5 {
  [cause]: ConnectTimeoutError: Connect Timeout Error (attempted address: localhost:8000, timeout: 10000ms)
      at onConnectTimeout (node:internal/deps/undici/undici:1532:23)
      at Immediate._onImmediate (node:internal/deps/undici/undici:1513:11)
      at processImmediate (node:internal/timers:505:21) {
    code: 'UND_ERR_CONNECT_TIMEOUT'
  }
}

stderr | src/__tests__/integration/backend-integration.test.ts > Backend Integration Tests > searches nanos using backend search endpoint
Failed to fetch nanos: TypeError: fetch failed
    at node:internal/deps/undici/undici:15433:13
    at processTicksAndRejections (node:internal/process/task_queues:105:5)
    at Proxy.fetchNanos (/home/quigley/projects/Tinkertools/frontend/src/stores/nanosStore.ts:179:24)
    at /home/quigley/projects/Tinkertools/frontend/src/__tests__/integration/backend-integration.test.ts:32:5 {
  [cause]: ConnectTimeoutError: Connect Timeout Error (attempted address: localhost:8000, timeout: 10000ms)
      at onConnectTimeout (node:internal/deps/undici/undici:1532:23)
      at Immediate._onImmediate (node:internal/deps/undici/undici:1513:11)
      at processImmediate (node:internal/timers:505:21) {
    code: 'UND_ERR_CONNECT_TIMEOUT'
  }
}

stderr | src/__tests__/stores/nanosStore.test.ts > nanosStore > limits search history to 10 entries
Failed to load nanos from storage: Error: Storage error
    at Object.<anonymous> (/home/quigley/projects/Tinkertools/frontend/src/__tests__/stores/nanosStore.test.ts:83:13)
    at Object.mockCall (file:///home/quigley/projects/Tinkertools/node_modules/@vitest/spy/dist/index.js:61:17)
    at Object.spy [as getItem] (file:///home/quigley/projects/Tinkertools/node_modules/tinyspy/dist/index.js:45:80)
    at loadNanosFromStorage (/home/quigley/projects/Tinkertools/frontend/src/stores/nanosStore.ts:382:35)
    at initialize (/home/quigley/projects/Tinkertools/frontend/src/stores/nanosStore.ts:493:5)
    at /home/quigley/projects/Tinkertools/frontend/src/stores/nanosStore.ts:502:3
    at file:///home/quigley/projects/Tinkertools/node_modules/pinia/dist/pinia.mjs:1480:98
    at EffectScope.run (/home/quigley/projects/Tinkertools/node_modules/@vue/reactivity/dist/reactivity.cjs.js:47:16)
    at file:///home/quigley/projects/Tinkertools/node_modules/pinia/dist/pinia.mjs:1480:88
    at EffectScope.run (/home/quigley/projects/Tinkertools/node_modules/@vue/reactivity/dist/reactivity.cjs.js:47:16)
Failed to load favorites: Error: Storage error
    at Object.<anonymous> (/home/quigley/projects/Tinkertools/frontend/src/__tests__/stores/nanosStore.test.ts:83:13)
    at Object.mockCall (file:///home/quigley/projects/Tinkertools/node_modules/@vitest/spy/dist/index.js:61:17)
    at Object.spy [as getItem] (file:///home/quigley/projects/Tinkertools/node_modules/tinyspy/dist/index.js:45:80)
    at loadFavorites (/home/quigley/projects/Tinkertools/frontend/src/stores/nanosStore.ts:406:34)
    at initialize (/home/quigley/projects/Tinkertools/frontend/src/stores/nanosStore.ts:494:5)
    at /home/quigley/projects/Tinkertools/frontend/src/stores/nanosStore.ts:502:3
    at file:///home/quigley/projects/Tinkertools/node_modules/pinia/dist/pinia.mjs:1480:98
    at EffectScope.run (/home/quigley/projects/Tinkertools/node_modules/@vue/reactivity/dist/reactivity.cjs.js:47:16)
    at file:///home/quigley/projects/Tinkertools/node_modules/pinia/dist/pinia.mjs:1480:88
    at EffectScope.run (/home/quigley/projects/Tinkertools/node_modules/@vue/reactivity/dist/reactivity.cjs.js:47:16)
Failed to load filters: Error: Storage error
    at Object.<anonymous> (/home/quigley/projects/Tinkertools/frontend/src/__tests__/stores/nanosStore.test.ts:83:13)
    at Object.mockCall (file:///home/quigley/projects/Tinkertools/node_modules/@vitest/spy/dist/index.js:61:17)
    at Object.spy [as getItem] (file:///home/quigley/projects/Tinkertools/node_modules/tinyspy/dist/index.js:45:80)
    at loadFilters (/home/quigley/projects/Tinkertools/frontend/src/stores/nanosStore.ts:425:34)
    at initialize (/home/quigley/projects/Tinkertools/frontend/src/stores/nanosStore.ts:495:5)
    at /home/quigley/projects/Tinkertools/frontend/src/stores/nanosStore.ts:502:3
    at file:///home/quigley/projects/Tinkertools/node_modules/pinia/dist/pinia.mjs:1480:98
    at EffectScope.run (/home/quigley/projects/Tinkertools/node_modules/@vue/reactivity/dist/reactivity.cjs.js:47:16)
    at file:///home/quigley/projects/Tinkertools/node_modules/pinia/dist/pinia.mjs:1480:88
    at EffectScope.run (/home/quigley/projects/Tinkertools/node_modules/@vue/reactivity/dist/reactivity.cjs.js:47:16)
Failed to load preferences: Error: Storage error
    at Object.<anonymous> (/home/quigley/projects/Tinkertools/frontend/src/__tests__/stores/nanosStore.test.ts:83:13)
    at Object.mockCall (file:///home/quigley/projects/Tinkertools/node_modules/@vitest/spy/dist/index.js:61:17)
    at Object.spy [as getItem] (file:///home/quigley/projects/Tinkertools/node_modules/tinyspy/dist/index.js:45:80)
    at loadPreferences (/home/quigley/projects/Tinkertools/frontend/src/stores/nanosStore.ts:444:34)
    at initialize (/home/quigley/projects/Tinkertools/frontend/src/stores/nanosStore.ts:496:5)
    at /home/quigley/projects/Tinkertools/frontend/src/stores/nanosStore.ts:502:3
    at file:///home/quigley/projects/Tinkertools/node_modules/pinia/dist/pinia.mjs:1480:98
    at EffectScope.run (/home/quigley/projects/Tinkertools/node_modules/@vue/reactivity/dist/reactivity.cjs.js:47:16)
    at file:///home/quigley/projects/Tinkertools/node_modules/pinia/dist/pinia.mjs:1480:88
    at EffectScope.run (/home/quigley/projects/Tinkertools/node_modules/@vue/reactivity/dist/reactivity.cjs.js:47:16)
Failed to load search history: Error: Storage error
    at Object.<anonymous> (/home/quigley/projects/Tinkertools/frontend/src/__tests__/stores/nanosStore.test.ts:83:13)
    at Object.mockCall (file:///home/quigley/projects/Tinkertools/node_modules/@vitest/spy/dist/index.js:61:17)
    at Object.spy [as getItem] (file:///home/quigley/projects/Tinkertools/node_modules/tinyspy/dist/index.js:45:80)
    at loadSearchHistory (/home/quigley/projects/Tinkertools/frontend/src/stores/nanosStore.ts:463:34)
    at initialize (/home/quigley/projects/Tinkertools/frontend/src/stores/nanosStore.ts:497:5)
    at /home/quigley/projects/Tinkertools/frontend/src/stores/nanosStore.ts:502:3
    at file:///home/quigley/projects/Tinkertools/node_modules/pinia/dist/pinia.mjs:1480:98
    at EffectScope.run (/home/quigley/projects/Tinkertools/node_modules/@vue/reactivity/dist/reactivity.cjs.js:47:16)
    at file:///home/quigley/projects/Tinkertools/node_modules/pinia/dist/pinia.mjs:1480:88
    at EffectScope.run (/home/quigley/projects/Tinkertools/node_modules/@vue/reactivity/dist/reactivity.cjs.js:47:16)
Failed to load selected profession: Error: Storage error
    at Object.<anonymous> (/home/quigley/projects/Tinkertools/frontend/src/__tests__/stores/nanosStore.test.ts:83:13)
    at Object.mockCall (file:///home/quigley/projects/Tinkertools/node_modules/@vitest/spy/dist/index.js:61:17)
    at Object.spy [as getItem] (file:///home/quigley/projects/Tinkertools/node_modules/tinyspy/dist/index.js:45:80)
    at loadSelectedProfession (/home/quigley/projects/Tinkertools/frontend/src/stores/nanosStore.ts:482:34)
    at initialize (/home/quigley/projects/Tinkertools/frontend/src/stores/nanosStore.ts:498:5)
    at /home/quigley/projects/Tinkertools/frontend/src/stores/nanosStore.ts:502:3
    at file:///home/quigley/projects/Tinkertools/node_modules/pinia/dist/pinia.mjs:1480:98
    at EffectScope.run (/home/quigley/projects/Tinkertools/node_modules/@vue/reactivity/dist/reactivity.cjs.js:47:16)
    at file:///home/quigley/projects/Tinkertools/node_modules/pinia/dist/pinia.mjs:1480:88
    at EffectScope.run (/home/quigley/projects/Tinkertools/node_modules/@vue/reactivity/dist/reactivity.cjs.js:47:16)

stderr | src/__tests__/stores/nanosStore.test.ts > nanosStore > limits search history to 10 entries
Failed to search nanos: TypeError: fetch failed
    at node:internal/deps/undici/undici:15433:13
    at processTicksAndRejections (node:internal/process/task_queues:105:5)
    at Proxy.searchNanos (/home/quigley/projects/Tinkertools/frontend/src/stores/nanosStore.ts:238:26)
    at /home/quigley/projects/Tinkertools/frontend/src/__tests__/stores/nanosStore.test.ts:94:5 {
  [cause]: ConnectTimeoutError: Connect Timeout Error (attempted address: localhost:8000, timeout: 10000ms)
      at onConnectTimeout (node:internal/deps/undici/undici:1532:23)
      at Immediate._onImmediate (node:internal/deps/undici/undici:1513:11)
      at processImmediate (node:internal/timers:505:21) {
    code: 'UND_ERR_CONNECT_TIMEOUT'
  }
}

stdout | src/__tests__/e2e/nano-backend.integration.test.ts > TinkerNanos Backend Integration > displays nano count when data is loaded
<empty line>
stderr | src/__tests__/e2e/nano-backend.integration.test.ts > TinkerNanos Backend Integration > displays nano count when data is loaded
Failed to fetch nanos: TypeError: fetch failed
    at node:internal/deps/undici/undici:15433:13
    at processTicksAndRejections (node:internal/process/task_queues:105:5)
    at Proxy.fetchNanos (/home/quigley/projects/Tinkertools/frontend/src/stores/nanosStore.ts:179:24)
    at /home/quigley/projects/Tinkertools/frontend/src/__tests__/e2e/nano-backend.integration.test.ts:193:5
    at runTest (file:///home/quigley/projects/Tinkertools/node_modules/@vitest/runner/dist/index.js:960:11)
    at runSuite (file:///home/quigley/projects/Tinkertools/node_modules/@vitest/runner/dist/index.js:1116:15)
    at runSuite (file:///home/quigley/projects/Tinkertools/node_modules/@vitest/runner/dist/index.js:1116:15)
    at runFiles (file:///home/quigley/projects/Tinkertools/node_modules/@vitest/runner/dist/index.js:1173:5)
    at startTests (file:///home/quigley/projects/Tinkertools/node_modules/@vitest/runner/dist/index.js:1182:3)
    at file:///home/quigley/projects/Tinkertools/node_modules/vitest/dist/chunks/runBaseTests.CyvqmuC9.js:130:11 {
  [cause]: ConnectTimeoutError: Connect Timeout Error (attempted address: localhost:8000, timeout: 10000ms)
      at onConnectTimeout (node:internal/deps/undici/undici:1532:23)
      at Immediate._onImmediate (node:internal/deps/undici/undici:1513:11)
      at processImmediate (node:internal/timers:505:21) {
    code: 'UND_ERR_CONNECT_TIMEOUT'
  }
}

stdout | src/__tests__/e2e/nano-backend.integration.test.ts > TinkerNanos Backend Integration > handles profile selection
loadNanos called with profession: null
Active profile cleared
No active profile found

stdout | src/__tests__/e2e/nano-backend.integration.test.ts > TinkerNanos Backend Integration > handles profile selection
[ProfileStorage] Saved profile profile_1760307513117_njqzh3utj to individual key (v4.0.0 format with computed totals)

stdout | src/__tests__/e2e/nano-backend.integration.test.ts > TinkerNanos Backend Integration > toggles between list and school view modes
loadNanos called with profession: null
Active profile cleared
No active profile found

stdout | src/__tests__/e2e/nano-backend.integration.test.ts > TinkerNanos Backend Integration > handles loading states correctly
loadNanos called with profession: null
Active profile cleared
No active profile found

 ❯ src/__tests__/e2e/nano-backend.integration.test.ts  (6 tests | 6 failed) 20236ms
   × TinkerNanos Backend Integration > loads and displays TinkerNanos view
     → expected false to be true // Object.is equality
   × TinkerNanos Backend Integration > initializes stores and fetches nano data from backend
     → Test timed out in 10000ms.
If this is a long-running test, pass a timeout value as the last argument or configure it globally with "testTimeout".
   × TinkerNanos Backend Integration > displays nano count when data is loaded
     → expected false to be true // Object.is equality
   × TinkerNanos Backend Integration > handles profile selection
     → expected false to be true // Object.is equality
   × TinkerNanos Backend Integration > toggles between list and school view modes
     → expected undefined not to be undefined
   × TinkerNanos Backend Integration > handles loading states correctly
     → expected false to be true // Object.is equality
stderr | src/__tests__/stores/nanosStore.test.ts > nanosStore > limits search history to 10 entries
Failed to search nanos: TypeError: fetch failed
    at node:internal/deps/undici/undici:15433:13
    at processTicksAndRejections (node:internal/process/task_queues:105:5)
    at Proxy.searchNanos (/home/quigley/projects/Tinkertools/frontend/src/stores/nanosStore.ts:238:26)
    at /home/quigley/projects/Tinkertools/frontend/src/__tests__/stores/nanosStore.test.ts:101:5 {
  [cause]: ConnectTimeoutError: Connect Timeout Error (attempted address: localhost:8000, timeout: 10000ms)
      at onConnectTimeout (node:internal/deps/undici/undici:1532:23)
      at Immediate._onImmediate (node:internal/deps/undici/undici:1513:11)
      at processImmediate (node:internal/timers:505:21) {
    code: 'UND_ERR_CONNECT_TIMEOUT'
  }
}

stderr | src/__tests__/integration/nanosStore.integration.test.ts > NanosStore Integration Tests > applies filters correctly with real data
Failed to fetch nanos: TypeError: fetch failed
    at node:internal/deps/undici/undici:15433:13
    at processTicksAndRejections (node:internal/process/task_queues:105:5)
    at Proxy.fetchNanos (/home/quigley/projects/Tinkertools/frontend/src/stores/nanosStore.ts:179:24)
    at /home/quigley/projects/Tinkertools/frontend/src/__tests__/integration/nanosStore.integration.test.ts:59:5 {
  [cause]: ConnectTimeoutError: Connect Timeout Error (attempted address: localhost:8000, timeout: 10000ms)
      at onConnectTimeout (node:internal/deps/undici/undici:1532:23)
      at Immediate._onImmediate (node:internal/deps/undici/undici:1513:11)
      at processImmediate (node:internal/timers:505:21) {
    code: 'UND_ERR_CONNECT_TIMEOUT'
  }
}

stderr | src/__tests__/integration/backend-integration.test.ts > Backend Integration Tests > handles school filtering correctly
Failed to search nanos: TypeError: fetch failed
    at node:internal/deps/undici/undici:15433:13
    at processTicksAndRejections (node:internal/process/task_queues:105:5)
    at Proxy.searchNanos (/home/quigley/projects/Tinkertools/frontend/src/stores/nanosStore.ts:238:26)
    at /home/quigley/projects/Tinkertools/frontend/src/__tests__/integration/backend-integration.test.ts:60:5 {
  [cause]: ConnectTimeoutError: Connect Timeout Error (attempted address: localhost:8000, timeout: 10000ms)
      at onConnectTimeout (node:internal/deps/undici/undici:1532:23)
      at Immediate._onImmediate (node:internal/deps/undici/undici:1513:11)
      at processImmediate (node:internal/timers:505:21) {
    code: 'UND_ERR_CONNECT_TIMEOUT'
  }
}

stderr | src/__tests__/stores/nanosStore.test.ts > nanosStore > sets filters correctly
Failed to load nanos from storage: Error: Storage error
    at Object.<anonymous> (/home/quigley/projects/Tinkertools/frontend/src/__tests__/stores/nanosStore.test.ts:83:13)
    at Object.mockCall (file:///home/quigley/projects/Tinkertools/node_modules/@vitest/spy/dist/index.js:61:17)
    at Object.spy [as getItem] (file:///home/quigley/projects/Tinkertools/node_modules/tinyspy/dist/index.js:45:80)
    at loadNanosFromStorage (/home/quigley/projects/Tinkertools/frontend/src/stores/nanosStore.ts:382:35)
    at initialize (/home/quigley/projects/Tinkertools/frontend/src/stores/nanosStore.ts:493:5)
    at /home/quigley/projects/Tinkertools/frontend/src/stores/nanosStore.ts:502:3
    at file:///home/quigley/projects/Tinkertools/node_modules/pinia/dist/pinia.mjs:1480:98
    at EffectScope.run (/home/quigley/projects/Tinkertools/node_modules/@vue/reactivity/dist/reactivity.cjs.js:47:16)
    at file:///home/quigley/projects/Tinkertools/node_modules/pinia/dist/pinia.mjs:1480:88
    at EffectScope.run (/home/quigley/projects/Tinkertools/node_modules/@vue/reactivity/dist/reactivity.cjs.js:47:16)
Failed to load favorites: Error: Storage error
    at Object.<anonymous> (/home/quigley/projects/Tinkertools/frontend/src/__tests__/stores/nanosStore.test.ts:83:13)
    at Object.mockCall (file:///home/quigley/projects/Tinkertools/node_modules/@vitest/spy/dist/index.js:61:17)
    at Object.spy [as getItem] (file:///home/quigley/projects/Tinkertools/node_modules/tinyspy/dist/index.js:45:80)
    at loadFavorites (/home/quigley/projects/Tinkertools/frontend/src/stores/nanosStore.ts:406:34)
    at initialize (/home/quigley/projects/Tinkertools/frontend/src/stores/nanosStore.ts:494:5)
    at /home/quigley/projects/Tinkertools/frontend/src/stores/nanosStore.ts:502:3
    at file:///home/quigley/projects/Tinkertools/node_modules/pinia/dist/pinia.mjs:1480:98
    at EffectScope.run (/home/quigley/projects/Tinkertools/node_modules/@vue/reactivity/dist/reactivity.cjs.js:47:16)
    at file:///home/quigley/projects/Tinkertools/node_modules/pinia/dist/pinia.mjs:1480:88
    at EffectScope.run (/home/quigley/projects/Tinkertools/node_modules/@vue/reactivity/dist/reactivity.cjs.js:47:16)
Failed to load filters: Error: Storage error
    at Object.<anonymous> (/home/quigley/projects/Tinkertools/frontend/src/__tests__/stores/nanosStore.test.ts:83:13)
    at Object.mockCall (file:///home/quigley/projects/Tinkertools/node_modules/@vitest/spy/dist/index.js:61:17)
    at Object.spy [as getItem] (file:///home/quigley/projects/Tinkertools/node_modules/tinyspy/dist/index.js:45:80)
    at loadFilters (/home/quigley/projects/Tinkertools/frontend/src/stores/nanosStore.ts:425:34)
    at initialize (/home/quigley/projects/Tinkertools/frontend/src/stores/nanosStore.ts:495:5)
    at /home/quigley/projects/Tinkertools/frontend/src/stores/nanosStore.ts:502:3
    at file:///home/quigley/projects/Tinkertools/node_modules/pinia/dist/pinia.mjs:1480:98
    at EffectScope.run (/home/quigley/projects/Tinkertools/node_modules/@vue/reactivity/dist/reactivity.cjs.js:47:16)
    at file:///home/quigley/projects/Tinkertools/node_modules/pinia/dist/pinia.mjs:1480:88
    at EffectScope.run (/home/quigley/projects/Tinkertools/node_modules/@vue/reactivity/dist/reactivity.cjs.js:47:16)
Failed to load preferences: Error: Storage error
    at Object.<anonymous> (/home/quigley/projects/Tinkertools/frontend/src/__tests__/stores/nanosStore.test.ts:83:13)
    at Object.mockCall (file:///home/quigley/projects/Tinkertools/node_modules/@vitest/spy/dist/index.js:61:17)
    at Object.spy [as getItem] (file:///home/quigley/projects/Tinkertools/node_modules/tinyspy/dist/index.js:45:80)
    at loadPreferences (/home/quigley/projects/Tinkertools/frontend/src/stores/nanosStore.ts:444:34)
    at initialize (/home/quigley/projects/Tinkertools/frontend/src/stores/nanosStore.ts:496:5)
    at /home/quigley/projects/Tinkertools/frontend/src/stores/nanosStore.ts:502:3
    at file:///home/quigley/projects/Tinkertools/node_modules/pinia/dist/pinia.mjs:1480:98
    at EffectScope.run (/home/quigley/projects/Tinkertools/node_modules/@vue/reactivity/dist/reactivity.cjs.js:47:16)
    at file:///home/quigley/projects/Tinkertools/node_modules/pinia/dist/pinia.mjs:1480:88
    at EffectScope.run (/home/quigley/projects/Tinkertools/node_modules/@vue/reactivity/dist/reactivity.cjs.js:47:16)
Failed to load search history: Error: Storage error
    at Object.<anonymous> (/home/quigley/projects/Tinkertools/frontend/src/__tests__/stores/nanosStore.test.ts:83:13)
    at Object.mockCall (file:///home/quigley/projects/Tinkertools/node_modules/@vitest/spy/dist/index.js:61:17)
    at Object.spy [as getItem] (file:///home/quigley/projects/Tinkertools/node_modules/tinyspy/dist/index.js:45:80)
    at loadSearchHistory (/home/quigley/projects/Tinkertools/frontend/src/stores/nanosStore.ts:463:34)
    at initialize (/home/quigley/projects/Tinkertools/frontend/src/stores/nanosStore.ts:497:5)
    at /home/quigley/projects/Tinkertools/frontend/src/stores/nanosStore.ts:502:3
    at file:///home/quigley/projects/Tinkertools/node_modules/pinia/dist/pinia.mjs:1480:98
    at EffectScope.run (/home/quigley/projects/Tinkertools/node_modules/@vue/reactivity/dist/reactivity.cjs.js:47:16)
    at file:///home/quigley/projects/Tinkertools/node_modules/pinia/dist/pinia.mjs:1480:88
    at EffectScope.run (/home/quigley/projects/Tinkertools/node_modules/@vue/reactivity/dist/reactivity.cjs.js:47:16)
Failed to load selected profession: Error: Storage error
    at Object.<anonymous> (/home/quigley/projects/Tinkertools/frontend/src/__tests__/stores/nanosStore.test.ts:83:13)
    at Object.mockCall (file:///home/quigley/projects/Tinkertools/node_modules/@vitest/spy/dist/index.js:61:17)
    at Object.spy [as getItem] (file:///home/quigley/projects/Tinkertools/node_modules/tinyspy/dist/index.js:45:80)
    at loadSelectedProfession (/home/quigley/projects/Tinkertools/frontend/src/stores/nanosStore.ts:482:34)
    at initialize (/home/quigley/projects/Tinkertools/frontend/src/stores/nanosStore.ts:498:5)
    at /home/quigley/projects/Tinkertools/frontend/src/stores/nanosStore.ts:502:3
    at file:///home/quigley/projects/Tinkertools/node_modules/pinia/dist/pinia.mjs:1480:98
    at EffectScope.run (/home/quigley/projects/Tinkertools/node_modules/@vue/reactivity/dist/reactivity.cjs.js:47:16)
    at file:///home/quigley/projects/Tinkertools/node_modules/pinia/dist/pinia.mjs:1480:88
    at EffectScope.run (/home/quigley/projects/Tinkertools/node_modules/@vue/reactivity/dist/reactivity.cjs.js:47:16)

stderr | src/__tests__/stores/nanosStore.test.ts > nanosStore > clears filters
Failed to load nanos from storage: Error: Storage error
    at Object.<anonymous> (/home/quigley/projects/Tinkertools/frontend/src/__tests__/stores/nanosStore.test.ts:83:13)
    at Object.mockCall (file:///home/quigley/projects/Tinkertools/node_modules/@vitest/spy/dist/index.js:61:17)
    at Object.spy [as getItem] (file:///home/quigley/projects/Tinkertools/node_modules/tinyspy/dist/index.js:45:80)
    at loadNanosFromStorage (/home/quigley/projects/Tinkertools/frontend/src/stores/nanosStore.ts:382:35)
    at initialize (/home/quigley/projects/Tinkertools/frontend/src/stores/nanosStore.ts:493:5)
    at /home/quigley/projects/Tinkertools/frontend/src/stores/nanosStore.ts:502:3
    at file:///home/quigley/projects/Tinkertools/node_modules/pinia/dist/pinia.mjs:1480:98
    at EffectScope.run (/home/quigley/projects/Tinkertools/node_modules/@vue/reactivity/dist/reactivity.cjs.js:47:16)
    at file:///home/quigley/projects/Tinkertools/node_modules/pinia/dist/pinia.mjs:1480:88
    at EffectScope.run (/home/quigley/projects/Tinkertools/node_modules/@vue/reactivity/dist/reactivity.cjs.js:47:16)
Failed to load favorites: Error: Storage error
    at Object.<anonymous> (/home/quigley/projects/Tinkertools/frontend/src/__tests__/stores/nanosStore.test.ts:83:13)
    at Object.mockCall (file:///home/quigley/projects/Tinkertools/node_modules/@vitest/spy/dist/index.js:61:17)
    at Object.spy [as getItem] (file:///home/quigley/projects/Tinkertools/node_modules/tinyspy/dist/index.js:45:80)
    at loadFavorites (/home/quigley/projects/Tinkertools/frontend/src/stores/nanosStore.ts:406:34)
    at initialize (/home/quigley/projects/Tinkertools/frontend/src/stores/nanosStore.ts:494:5)
    at /home/quigley/projects/Tinkertools/frontend/src/stores/nanosStore.ts:502:3
    at file:///home/quigley/projects/Tinkertools/node_modules/pinia/dist/pinia.mjs:1480:98
    at EffectScope.run (/home/quigley/projects/Tinkertools/node_modules/@vue/reactivity/dist/reactivity.cjs.js:47:16)
    at file:///home/quigley/projects/Tinkertools/node_modules/pinia/dist/pinia.mjs:1480:88
    at EffectScope.run (/home/quigley/projects/Tinkertools/node_modules/@vue/reactivity/dist/reactivity.cjs.js:47:16)
Failed to load filters: Error: Storage error
    at Object.<anonymous> (/home/quigley/projects/Tinkertools/frontend/src/__tests__/stores/nanosStore.test.ts:83:13)
    at Object.mockCall (file:///home/quigley/projects/Tinkertools/node_modules/@vitest/spy/dist/index.js:61:17)
    at Object.spy [as getItem] (file:///home/quigley/projects/Tinkertools/node_modules/tinyspy/dist/index.js:45:80)
    at loadFilters (/home/quigley/projects/Tinkertools/frontend/src/stores/nanosStore.ts:425:34)
    at initialize (/home/quigley/projects/Tinkertools/frontend/src/stores/nanosStore.ts:495:5)
    at /home/quigley/projects/Tinkertools/frontend/src/stores/nanosStore.ts:502:3
    at file:///home/quigley/projects/Tinkertools/node_modules/pinia/dist/pinia.mjs:1480:98
    at EffectScope.run (/home/quigley/projects/Tinkertools/node_modules/@vue/reactivity/dist/reactivity.cjs.js:47:16)
    at file:///home/quigley/projects/Tinkertools/node_modules/pinia/dist/pinia.mjs:1480:88
    at EffectScope.run (/home/quigley/projects/Tinkertools/node_modules/@vue/reactivity/dist/reactivity.cjs.js:47:16)
Failed to load preferences: Error: Storage error
    at Object.<anonymous> (/home/quigley/projects/Tinkertools/frontend/src/__tests__/stores/nanosStore.test.ts:83:13)
    at Object.mockCall (file:///home/quigley/projects/Tinkertools/node_modules/@vitest/spy/dist/index.js:61:17)
    at Object.spy [as getItem] (file:///home/quigley/projects/Tinkertools/node_modules/tinyspy/dist/index.js:45:80)
    at loadPreferences (/home/quigley/projects/Tinkertools/frontend/src/stores/nanosStore.ts:444:34)
    at initialize (/home/quigley/projects/Tinkertools/frontend/src/stores/nanosStore.ts:496:5)
    at /home/quigley/projects/Tinkertools/frontend/src/stores/nanosStore.ts:502:3
    at file:///home/quigley/projects/Tinkertools/node_modules/pinia/dist/pinia.mjs:1480:98
    at EffectScope.run (/home/quigley/projects/Tinkertools/node_modules/@vue/reactivity/dist/reactivity.cjs.js:47:16)
    at file:///home/quigley/projects/Tinkertools/node_modules/pinia/dist/pinia.mjs:1480:88
    at EffectScope.run (/home/quigley/projects/Tinkertools/node_modules/@vue/reactivity/dist/reactivity.cjs.js:47:16)
Failed to load search history: Error: Storage error
    at Object.<anonymous> (/home/quigley/projects/Tinkertools/frontend/src/__tests__/stores/nanosStore.test.ts:83:13)
    at Object.mockCall (file:///home/quigley/projects/Tinkertools/node_modules/@vitest/spy/dist/index.js:61:17)
    at Object.spy [as getItem] (file:///home/quigley/projects/Tinkertools/node_modules/tinyspy/dist/index.js:45:80)
    at loadSearchHistory (/home/quigley/projects/Tinkertools/frontend/src/stores/nanosStore.ts:463:34)
    at initialize (/home/quigley/projects/Tinkertools/frontend/src/stores/nanosStore.ts:497:5)
    at /home/quigley/projects/Tinkertools/frontend/src/stores/nanosStore.ts:502:3
    at file:///home/quigley/projects/Tinkertools/node_modules/pinia/dist/pinia.mjs:1480:98
    at EffectScope.run (/home/quigley/projects/Tinkertools/node_modules/@vue/reactivity/dist/reactivity.cjs.js:47:16)
    at file:///home/quigley/projects/Tinkertools/node_modules/pinia/dist/pinia.mjs:1480:88
    at EffectScope.run (/home/quigley/projects/Tinkertools/node_modules/@vue/reactivity/dist/reactivity.cjs.js:47:16)
Failed to load selected profession: Error: Storage error
    at Object.<anonymous> (/home/quigley/projects/Tinkertools/frontend/src/__tests__/stores/nanosStore.test.ts:83:13)
    at Object.mockCall (file:///home/quigley/projects/Tinkertools/node_modules/@vitest/spy/dist/index.js:61:17)
    at Object.spy [as getItem] (file:///home/quigley/projects/Tinkertools/node_modules/tinyspy/dist/index.js:45:80)
    at loadSelectedProfession (/home/quigley/projects/Tinkertools/frontend/src/stores/nanosStore.ts:482:34)
    at initialize (/home/quigley/projects/Tinkertools/frontend/src/stores/nanosStore.ts:498:5)
    at /home/quigley/projects/Tinkertools/frontend/src/stores/nanosStore.ts:502:3
    at file:///home/quigley/projects/Tinkertools/node_modules/pinia/dist/pinia.mjs:1480:98
    at EffectScope.run (/home/quigley/projects/Tinkertools/node_modules/@vue/reactivity/dist/reactivity.cjs.js:47:16)
    at file:///home/quigley/projects/Tinkertools/node_modules/pinia/dist/pinia.mjs:1480:88
    at EffectScope.run (/home/quigley/projects/Tinkertools/node_modules/@vue/reactivity/dist/reactivity.cjs.js:47:16)

stderr | src/__tests__/stores/nanosStore.test.ts > nanosStore > selects nano
Failed to load nanos from storage: Error: Storage error
    at Object.<anonymous> (/home/quigley/projects/Tinkertools/frontend/src/__tests__/stores/nanosStore.test.ts:83:13)
    at Object.mockCall (file:///home/quigley/projects/Tinkertools/node_modules/@vitest/spy/dist/index.js:61:17)
    at Object.spy [as getItem] (file:///home/quigley/projects/Tinkertools/node_modules/tinyspy/dist/index.js:45:80)
    at loadNanosFromStorage (/home/quigley/projects/Tinkertools/frontend/src/stores/nanosStore.ts:382:35)
    at initialize (/home/quigley/projects/Tinkertools/frontend/src/stores/nanosStore.ts:493:5)
    at /home/quigley/projects/Tinkertools/frontend/src/stores/nanosStore.ts:502:3
    at file:///home/quigley/projects/Tinkertools/node_modules/pinia/dist/pinia.mjs:1480:98
    at EffectScope.run (/home/quigley/projects/Tinkertools/node_modules/@vue/reactivity/dist/reactivity.cjs.js:47:16)
    at file:///home/quigley/projects/Tinkertools/node_modules/pinia/dist/pinia.mjs:1480:88
    at EffectScope.run (/home/quigley/projects/Tinkertools/node_modules/@vue/reactivity/dist/reactivity.cjs.js:47:16)
Failed to load favorites: Error: Storage error
    at Object.<anonymous> (/home/quigley/projects/Tinkertools/frontend/src/__tests__/stores/nanosStore.test.ts:83:13)
    at Object.mockCall (file:///home/quigley/projects/Tinkertools/node_modules/@vitest/spy/dist/index.js:61:17)
    at Object.spy [as getItem] (file:///home/quigley/projects/Tinkertools/node_modules/tinyspy/dist/index.js:45:80)
    at loadFavorites (/home/quigley/projects/Tinkertools/frontend/src/stores/nanosStore.ts:406:34)
    at initialize (/home/quigley/projects/Tinkertools/frontend/src/stores/nanosStore.ts:494:5)
    at /home/quigley/projects/Tinkertools/frontend/src/stores/nanosStore.ts:502:3
    at file:///home/quigley/projects/Tinkertools/node_modules/pinia/dist/pinia.mjs:1480:98
    at EffectScope.run (/home/quigley/projects/Tinkertools/node_modules/@vue/reactivity/dist/reactivity.cjs.js:47:16)
    at file:///home/quigley/projects/Tinkertools/node_modules/pinia/dist/pinia.mjs:1480:88
    at EffectScope.run (/home/quigley/projects/Tinkertools/node_modules/@vue/reactivity/dist/reactivity.cjs.js:47:16)
Failed to load filters: Error: Storage error
    at Object.<anonymous> (/home/quigley/projects/Tinkertools/frontend/src/__tests__/stores/nanosStore.test.ts:83:13)
    at Object.mockCall (file:///home/quigley/projects/Tinkertools/node_modules/@vitest/spy/dist/index.js:61:17)
    at Object.spy [as getItem] (file:///home/quigley/projects/Tinkertools/node_modules/tinyspy/dist/index.js:45:80)
    at loadFilters (/home/quigley/projects/Tinkertools/frontend/src/stores/nanosStore.ts:425:34)
    at initialize (/home/quigley/projects/Tinkertools/frontend/src/stores/nanosStore.ts:495:5)
    at /home/quigley/projects/Tinkertools/frontend/src/stores/nanosStore.ts:502:3
    at file:///home/quigley/projects/Tinkertools/node_modules/pinia/dist/pinia.mjs:1480:98
    at EffectScope.run (/home/quigley/projects/Tinkertools/node_modules/@vue/reactivity/dist/reactivity.cjs.js:47:16)
    at file:///home/quigley/projects/Tinkertools/node_modules/pinia/dist/pinia.mjs:1480:88
    at EffectScope.run (/home/quigley/projects/Tinkertools/node_modules/@vue/reactivity/dist/reactivity.cjs.js:47:16)
Failed to load preferences: Error: Storage error
    at Object.<anonymous> (/home/quigley/projects/Tinkertools/frontend/src/__tests__/stores/nanosStore.test.ts:83:13)
    at Object.mockCall (file:///home/quigley/projects/Tinkertools/node_modules/@vitest/spy/dist/index.js:61:17)
    at Object.spy [as getItem] (file:///home/quigley/projects/Tinkertools/node_modules/tinyspy/dist/index.js:45:80)
    at loadPreferences (/home/quigley/projects/Tinkertools/frontend/src/stores/nanosStore.ts:444:34)
    at initialize (/home/quigley/projects/Tinkertools/frontend/src/stores/nanosStore.ts:496:5)
    at /home/quigley/projects/Tinkertools/frontend/src/stores/nanosStore.ts:502:3
    at file:///home/quigley/projects/Tinkertools/node_modules/pinia/dist/pinia.mjs:1480:98
    at EffectScope.run (/home/quigley/projects/Tinkertools/node_modules/@vue/reactivity/dist/reactivity.cjs.js:47:16)
    at file:///home/quigley/projects/Tinkertools/node_modules/pinia/dist/pinia.mjs:1480:88
    at EffectScope.run (/home/quigley/projects/Tinkertools/node_modules/@vue/reactivity/dist/reactivity.cjs.js:47:16)
Failed to load search history: Error: Storage error
    at Object.<anonymous> (/home/quigley/projects/Tinkertools/frontend/src/__tests__/stores/nanosStore.test.ts:83:13)
    at Object.mockCall (file:///home/quigley/projects/Tinkertools/node_modules/@vitest/spy/dist/index.js:61:17)
    at Object.spy [as getItem] (file:///home/quigley/projects/Tinkertools/node_modules/tinyspy/dist/index.js:45:80)
    at loadSearchHistory (/home/quigley/projects/Tinkertools/frontend/src/stores/nanosStore.ts:463:34)
    at initialize (/home/quigley/projects/Tinkertools/frontend/src/stores/nanosStore.ts:497:5)
    at /home/quigley/projects/Tinkertools/frontend/src/stores/nanosStore.ts:502:3
    at file:///home/quigley/projects/Tinkertools/node_modules/pinia/dist/pinia.mjs:1480:98
    at EffectScope.run (/home/quigley/projects/Tinkertools/node_modules/@vue/reactivity/dist/reactivity.cjs.js:47:16)
    at file:///home/quigley/projects/Tinkertools/node_modules/pinia/dist/pinia.mjs:1480:88
    at EffectScope.run (/home/quigley/projects/Tinkertools/node_modules/@vue/reactivity/dist/reactivity.cjs.js:47:16)
Failed to load selected profession: Error: Storage error
    at Object.<anonymous> (/home/quigley/projects/Tinkertools/frontend/src/__tests__/stores/nanosStore.test.ts:83:13)
    at Object.mockCall (file:///home/quigley/projects/Tinkertools/node_modules/@vitest/spy/dist/index.js:61:17)
    at Object.spy [as getItem] (file:///home/quigley/projects/Tinkertools/node_modules/tinyspy/dist/index.js:45:80)
    at loadSelectedProfession (/home/quigley/projects/Tinkertools/frontend/src/stores/nanosStore.ts:482:34)
    at initialize (/home/quigley/projects/Tinkertools/frontend/src/stores/nanosStore.ts:498:5)
    at /home/quigley/projects/Tinkertools/frontend/src/stores/nanosStore.ts:502:3
    at file:///home/quigley/projects/Tinkertools/node_modules/pinia/dist/pinia.mjs:1480:98
    at EffectScope.run (/home/quigley/projects/Tinkertools/node_modules/@vue/reactivity/dist/reactivity.cjs.js:47:16)
    at file:///home/quigley/projects/Tinkertools/node_modules/pinia/dist/pinia.mjs:1480:88
    at EffectScope.run (/home/quigley/projects/Tinkertools/node_modules/@vue/reactivity/dist/reactivity.cjs.js:47:16)

stderr | src/__tests__/stores/nanosStore.test.ts > nanosStore > toggles favorites
Failed to load nanos from storage: Error: Storage error
    at Object.<anonymous> (/home/quigley/projects/Tinkertools/frontend/src/__tests__/stores/nanosStore.test.ts:83:13)
    at Object.mockCall (file:///home/quigley/projects/Tinkertools/node_modules/@vitest/spy/dist/index.js:61:17)
    at Object.spy [as getItem] (file:///home/quigley/projects/Tinkertools/node_modules/tinyspy/dist/index.js:45:80)
    at loadNanosFromStorage (/home/quigley/projects/Tinkertools/frontend/src/stores/nanosStore.ts:382:35)
    at initialize (/home/quigley/projects/Tinkertools/frontend/src/stores/nanosStore.ts:493:5)
    at /home/quigley/projects/Tinkertools/frontend/src/stores/nanosStore.ts:502:3
    at file:///home/quigley/projects/Tinkertools/node_modules/pinia/dist/pinia.mjs:1480:98
    at EffectScope.run (/home/quigley/projects/Tinkertools/node_modules/@vue/reactivity/dist/reactivity.cjs.js:47:16)
    at file:///home/quigley/projects/Tinkertools/node_modules/pinia/dist/pinia.mjs:1480:88
    at EffectScope.run (/home/quigley/projects/Tinkertools/node_modules/@vue/reactivity/dist/reactivity.cjs.js:47:16)
Failed to load favorites: Error: Storage error
    at Object.<anonymous> (/home/quigley/projects/Tinkertools/frontend/src/__tests__/stores/nanosStore.test.ts:83:13)
    at Object.mockCall (file:///home/quigley/projects/Tinkertools/node_modules/@vitest/spy/dist/index.js:61:17)
    at Object.spy [as getItem] (file:///home/quigley/projects/Tinkertools/node_modules/tinyspy/dist/index.js:45:80)
    at loadFavorites (/home/quigley/projects/Tinkertools/frontend/src/stores/nanosStore.ts:406:34)
    at initialize (/home/quigley/projects/Tinkertools/frontend/src/stores/nanosStore.ts:494:5)
    at /home/quigley/projects/Tinkertools/frontend/src/stores/nanosStore.ts:502:3
    at file:///home/quigley/projects/Tinkertools/node_modules/pinia/dist/pinia.mjs:1480:98
    at EffectScope.run (/home/quigley/projects/Tinkertools/node_modules/@vue/reactivity/dist/reactivity.cjs.js:47:16)
    at file:///home/quigley/projects/Tinkertools/node_modules/pinia/dist/pinia.mjs:1480:88
    at EffectScope.run (/home/quigley/projects/Tinkertools/node_modules/@vue/reactivity/dist/reactivity.cjs.js:47:16)
Failed to load filters: Error: Storage error
    at Object.<anonymous> (/home/quigley/projects/Tinkertools/frontend/src/__tests__/stores/nanosStore.test.ts:83:13)
    at Object.mockCall (file:///home/quigley/projects/Tinkertools/node_modules/@vitest/spy/dist/index.js:61:17)
    at Object.spy [as getItem] (file:///home/quigley/projects/Tinkertools/node_modules/tinyspy/dist/index.js:45:80)
    at loadFilters (/home/quigley/projects/Tinkertools/frontend/src/stores/nanosStore.ts:425:34)
    at initialize (/home/quigley/projects/Tinkertools/frontend/src/stores/nanosStore.ts:495:5)
    at /home/quigley/projects/Tinkertools/frontend/src/stores/nanosStore.ts:502:3
    at file:///home/quigley/projects/Tinkertools/node_modules/pinia/dist/pinia.mjs:1480:98
    at EffectScope.run (/home/quigley/projects/Tinkertools/node_modules/@vue/reactivity/dist/reactivity.cjs.js:47:16)
    at file:///home/quigley/projects/Tinkertools/node_modules/pinia/dist/pinia.mjs:1480:88
    at EffectScope.run (/home/quigley/projects/Tinkertools/node_modules/@vue/reactivity/dist/reactivity.cjs.js:47:16)
Failed to load preferences: Error: Storage error
    at Object.<anonymous> (/home/quigley/projects/Tinkertools/frontend/src/__tests__/stores/nanosStore.test.ts:83:13)
    at Object.mockCall (file:///home/quigley/projects/Tinkertools/node_modules/@vitest/spy/dist/index.js:61:17)
    at Object.spy [as getItem] (file:///home/quigley/projects/Tinkertools/node_modules/tinyspy/dist/index.js:45:80)
    at loadPreferences (/home/quigley/projects/Tinkertools/frontend/src/stores/nanosStore.ts:444:34)
    at initialize (/home/quigley/projects/Tinkertools/frontend/src/stores/nanosStore.ts:496:5)
    at /home/quigley/projects/Tinkertools/frontend/src/stores/nanosStore.ts:502:3
    at file:///home/quigley/projects/Tinkertools/node_modules/pinia/dist/pinia.mjs:1480:98
    at EffectScope.run (/home/quigley/projects/Tinkertools/node_modules/@vue/reactivity/dist/reactivity.cjs.js:47:16)
    at file:///home/quigley/projects/Tinkertools/node_modules/pinia/dist/pinia.mjs:1480:88
    at EffectScope.run (/home/quigley/projects/Tinkertools/node_modules/@vue/reactivity/dist/reactivity.cjs.js:47:16)
Failed to load search history: Error: Storage error
    at Object.<anonymous> (/home/quigley/projects/Tinkertools/frontend/src/__tests__/stores/nanosStore.test.ts:83:13)
    at Object.mockCall (file:///home/quigley/projects/Tinkertools/node_modules/@vitest/spy/dist/index.js:61:17)
    at Object.spy [as getItem] (file:///home/quigley/projects/Tinkertools/node_modules/tinyspy/dist/index.js:45:80)
    at loadSearchHistory (/home/quigley/projects/Tinkertools/frontend/src/stores/nanosStore.ts:463:34)
    at initialize (/home/quigley/projects/Tinkertools/frontend/src/stores/nanosStore.ts:497:5)
    at /home/quigley/projects/Tinkertools/frontend/src/stores/nanosStore.ts:502:3
    at file:///home/quigley/projects/Tinkertools/node_modules/pinia/dist/pinia.mjs:1480:98
    at EffectScope.run (/home/quigley/projects/Tinkertools/node_modules/@vue/reactivity/dist/reactivity.cjs.js:47:16)
    at file:///home/quigley/projects/Tinkertools/node_modules/pinia/dist/pinia.mjs:1480:88
    at EffectScope.run (/home/quigley/projects/Tinkertools/node_modules/@vue/reactivity/dist/reactivity.cjs.js:47:16)
Failed to load selected profession: Error: Storage error
    at Object.<anonymous> (/home/quigley/projects/Tinkertools/frontend/src/__tests__/stores/nanosStore.test.ts:83:13)
    at Object.mockCall (file:///home/quigley/projects/Tinkertools/node_modules/@vitest/spy/dist/index.js:61:17)
    at Object.spy [as getItem] (file:///home/quigley/projects/Tinkertools/node_modules/tinyspy/dist/index.js:45:80)
    at loadSelectedProfession (/home/quigley/projects/Tinkertools/frontend/src/stores/nanosStore.ts:482:34)
    at initialize (/home/quigley/projects/Tinkertools/frontend/src/stores/nanosStore.ts:498:5)
    at /home/quigley/projects/Tinkertools/frontend/src/stores/nanosStore.ts:502:3
    at file:///home/quigley/projects/Tinkertools/node_modules/pinia/dist/pinia.mjs:1480:98
    at EffectScope.run (/home/quigley/projects/Tinkertools/node_modules/@vue/reactivity/dist/reactivity.cjs.js:47:16)
    at file:///home/quigley/projects/Tinkertools/node_modules/pinia/dist/pinia.mjs:1480:88
    at EffectScope.run (/home/quigley/projects/Tinkertools/node_modules/@vue/reactivity/dist/reactivity.cjs.js:47:16)

stderr | src/__tests__/stores/nanosStore.test.ts > nanosStore > adds to favorites
Failed to load nanos from storage: Error: Storage error
    at Object.<anonymous> (/home/quigley/projects/Tinkertools/frontend/src/__tests__/stores/nanosStore.test.ts:83:13)
    at Object.mockCall (file:///home/quigley/projects/Tinkertools/node_modules/@vitest/spy/dist/index.js:61:17)
    at Object.spy [as getItem] (file:///home/quigley/projects/Tinkertools/node_modules/tinyspy/dist/index.js:45:80)
    at loadNanosFromStorage (/home/quigley/projects/Tinkertools/frontend/src/stores/nanosStore.ts:382:35)
    at initialize (/home/quigley/projects/Tinkertools/frontend/src/stores/nanosStore.ts:493:5)
    at /home/quigley/projects/Tinkertools/frontend/src/stores/nanosStore.ts:502:3
    at file:///home/quigley/projects/Tinkertools/node_modules/pinia/dist/pinia.mjs:1480:98
    at EffectScope.run (/home/quigley/projects/Tinkertools/node_modules/@vue/reactivity/dist/reactivity.cjs.js:47:16)
    at file:///home/quigley/projects/Tinkertools/node_modules/pinia/dist/pinia.mjs:1480:88
    at EffectScope.run (/home/quigley/projects/Tinkertools/node_modules/@vue/reactivity/dist/reactivity.cjs.js:47:16)
Failed to load favorites: Error: Storage error
    at Object.<anonymous> (/home/quigley/projects/Tinkertools/frontend/src/__tests__/stores/nanosStore.test.ts:83:13)
    at Object.mockCall (file:///home/quigley/projects/Tinkertools/node_modules/@vitest/spy/dist/index.js:61:17)
    at Object.spy [as getItem] (file:///home/quigley/projects/Tinkertools/node_modules/tinyspy/dist/index.js:45:80)
    at loadFavorites (/home/quigley/projects/Tinkertools/frontend/src/stores/nanosStore.ts:406:34)
    at initialize (/home/quigley/projects/Tinkertools/frontend/src/stores/nanosStore.ts:494:5)
    at /home/quigley/projects/Tinkertools/frontend/src/stores/nanosStore.ts:502:3
    at file:///home/quigley/projects/Tinkertools/node_modules/pinia/dist/pinia.mjs:1480:98
    at EffectScope.run (/home/quigley/projects/Tinkertools/node_modules/@vue/reactivity/dist/reactivity.cjs.js:47:16)
    at file:///home/quigley/projects/Tinkertools/node_modules/pinia/dist/pinia.mjs:1480:88
    at EffectScope.run (/home/quigley/projects/Tinkertools/node_modules/@vue/reactivity/dist/reactivity.cjs.js:47:16)
Failed to load filters: Error: Storage error
    at Object.<anonymous> (/home/quigley/projects/Tinkertools/frontend/src/__tests__/stores/nanosStore.test.ts:83:13)
    at Object.mockCall (file:///home/quigley/projects/Tinkertools/node_modules/@vitest/spy/dist/index.js:61:17)
    at Object.spy [as getItem] (file:///home/quigley/projects/Tinkertools/node_modules/tinyspy/dist/index.js:45:80)
    at loadFilters (/home/quigley/projects/Tinkertools/frontend/src/stores/nanosStore.ts:425:34)
    at initialize (/home/quigley/projects/Tinkertools/frontend/src/stores/nanosStore.ts:495:5)
    at /home/quigley/projects/Tinkertools/frontend/src/stores/nanosStore.ts:502:3
    at file:///home/quigley/projects/Tinkertools/node_modules/pinia/dist/pinia.mjs:1480:98
    at EffectScope.run (/home/quigley/projects/Tinkertools/node_modules/@vue/reactivity/dist/reactivity.cjs.js:47:16)
    at file:///home/quigley/projects/Tinkertools/node_modules/pinia/dist/pinia.mjs:1480:88
    at EffectScope.run (/home/quigley/projects/Tinkertools/node_modules/@vue/reactivity/dist/reactivity.cjs.js:47:16)
Failed to load preferences: Error: Storage error
    at Object.<anonymous> (/home/quigley/projects/Tinkertools/frontend/src/__tests__/stores/nanosStore.test.ts:83:13)
    at Object.mockCall (file:///home/quigley/projects/Tinkertools/node_modules/@vitest/spy/dist/index.js:61:17)
    at Object.spy [as getItem] (file:///home/quigley/projects/Tinkertools/node_modules/tinyspy/dist/index.js:45:80)
    at loadPreferences (/home/quigley/projects/Tinkertools/frontend/src/stores/nanosStore.ts:444:34)
    at initialize (/home/quigley/projects/Tinkertools/frontend/src/stores/nanosStore.ts:496:5)
    at /home/quigley/projects/Tinkertools/frontend/src/stores/nanosStore.ts:502:3
    at file:///home/quigley/projects/Tinkertools/node_modules/pinia/dist/pinia.mjs:1480:98
    at EffectScope.run (/home/quigley/projects/Tinkertools/node_modules/@vue/reactivity/dist/reactivity.cjs.js:47:16)
    at file:///home/quigley/projects/Tinkertools/node_modules/pinia/dist/pinia.mjs:1480:88
    at EffectScope.run (/home/quigley/projects/Tinkertools/node_modules/@vue/reactivity/dist/reactivity.cjs.js:47:16)
Failed to load search history: Error: Storage error
    at Object.<anonymous> (/home/quigley/projects/Tinkertools/frontend/src/__tests__/stores/nanosStore.test.ts:83:13)
    at Object.mockCall (file:///home/quigley/projects/Tinkertools/node_modules/@vitest/spy/dist/index.js:61:17)
    at Object.spy [as getItem] (file:///home/quigley/projects/Tinkertools/node_modules/tinyspy/dist/index.js:45:80)
    at loadSearchHistory (/home/quigley/projects/Tinkertools/frontend/src/stores/nanosStore.ts:463:34)
    at initialize (/home/quigley/projects/Tinkertools/frontend/src/stores/nanosStore.ts:497:5)
    at /home/quigley/projects/Tinkertools/frontend/src/stores/nanosStore.ts:502:3
    at file:///home/quigley/projects/Tinkertools/node_modules/pinia/dist/pinia.mjs:1480:98
    at EffectScope.run (/home/quigley/projects/Tinkertools/node_modules/@vue/reactivity/dist/reactivity.cjs.js:47:16)
    at file:///home/quigley/projects/Tinkertools/node_modules/pinia/dist/pinia.mjs:1480:88
    at EffectScope.run (/home/quigley/projects/Tinkertools/node_modules/@vue/reactivity/dist/reactivity.cjs.js:47:16)
Failed to load selected profession: Error: Storage error
    at Object.<anonymous> (/home/quigley/projects/Tinkertools/frontend/src/__tests__/stores/nanosStore.test.ts:83:13)
    at Object.mockCall (file:///home/quigley/projects/Tinkertools/node_modules/@vitest/spy/dist/index.js:61:17)
    at Object.spy [as getItem] (file:///home/quigley/projects/Tinkertools/node_modules/tinyspy/dist/index.js:45:80)
    at loadSelectedProfession (/home/quigley/projects/Tinkertools/frontend/src/stores/nanosStore.ts:482:34)
    at initialize (/home/quigley/projects/Tinkertools/frontend/src/stores/nanosStore.ts:498:5)
    at /home/quigley/projects/Tinkertools/frontend/src/stores/nanosStore.ts:502:3
    at file:///home/quigley/projects/Tinkertools/node_modules/pinia/dist/pinia.mjs:1480:98
    at EffectScope.run (/home/quigley/projects/Tinkertools/node_modules/@vue/reactivity/dist/reactivity.cjs.js:47:16)
    at file:///home/quigley/projects/Tinkertools/node_modules/pinia/dist/pinia.mjs:1480:88
    at EffectScope.run (/home/quigley/projects/Tinkertools/node_modules/@vue/reactivity/dist/reactivity.cjs.js:47:16)

stderr | src/__tests__/stores/nanosStore.test.ts > nanosStore > removes from favorites
Failed to load nanos from storage: Error: Storage error
    at Object.<anonymous> (/home/quigley/projects/Tinkertools/frontend/src/__tests__/stores/nanosStore.test.ts:83:13)
    at Object.mockCall (file:///home/quigley/projects/Tinkertools/node_modules/@vitest/spy/dist/index.js:61:17)
    at Object.spy [as getItem] (file:///home/quigley/projects/Tinkertools/node_modules/tinyspy/dist/index.js:45:80)
    at loadNanosFromStorage (/home/quigley/projects/Tinkertools/frontend/src/stores/nanosStore.ts:382:35)
    at initialize (/home/quigley/projects/Tinkertools/frontend/src/stores/nanosStore.ts:493:5)
    at /home/quigley/projects/Tinkertools/frontend/src/stores/nanosStore.ts:502:3
    at file:///home/quigley/projects/Tinkertools/node_modules/pinia/dist/pinia.mjs:1480:98
    at EffectScope.run (/home/quigley/projects/Tinkertools/node_modules/@vue/reactivity/dist/reactivity.cjs.js:47:16)
    at file:///home/quigley/projects/Tinkertools/node_modules/pinia/dist/pinia.mjs:1480:88
    at EffectScope.run (/home/quigley/projects/Tinkertools/node_modules/@vue/reactivity/dist/reactivity.cjs.js:47:16)
Failed to load favorites: Error: Storage error
    at Object.<anonymous> (/home/quigley/projects/Tinkertools/frontend/src/__tests__/stores/nanosStore.test.ts:83:13)
    at Object.mockCall (file:///home/quigley/projects/Tinkertools/node_modules/@vitest/spy/dist/index.js:61:17)
    at Object.spy [as getItem] (file:///home/quigley/projects/Tinkertools/node_modules/tinyspy/dist/index.js:45:80)
    at loadFavorites (/home/quigley/projects/Tinkertools/frontend/src/stores/nanosStore.ts:406:34)
    at initialize (/home/quigley/projects/Tinkertools/frontend/src/stores/nanosStore.ts:494:5)
    at /home/quigley/projects/Tinkertools/frontend/src/stores/nanosStore.ts:502:3
    at file:///home/quigley/projects/Tinkertools/node_modules/pinia/dist/pinia.mjs:1480:98
    at EffectScope.run (/home/quigley/projects/Tinkertools/node_modules/@vue/reactivity/dist/reactivity.cjs.js:47:16)
    at file:///home/quigley/projects/Tinkertools/node_modules/pinia/dist/pinia.mjs:1480:88
    at EffectScope.run (/home/quigley/projects/Tinkertools/node_modules/@vue/reactivity/dist/reactivity.cjs.js:47:16)
Failed to load filters: Error: Storage error
    at Object.<anonymous> (/home/quigley/projects/Tinkertools/frontend/src/__tests__/stores/nanosStore.test.ts:83:13)
    at Object.mockCall (file:///home/quigley/projects/Tinkertools/node_modules/@vitest/spy/dist/index.js:61:17)
    at Object.spy [as getItem] (file:///home/quigley/projects/Tinkertools/node_modules/tinyspy/dist/index.js:45:80)
    at loadFilters (/home/quigley/projects/Tinkertools/frontend/src/stores/nanosStore.ts:425:34)
    at initialize (/home/quigley/projects/Tinkertools/frontend/src/stores/nanosStore.ts:495:5)
    at /home/quigley/projects/Tinkertools/frontend/src/stores/nanosStore.ts:502:3
    at file:///home/quigley/projects/Tinkertools/node_modules/pinia/dist/pinia.mjs:1480:98
    at EffectScope.run (/home/quigley/projects/Tinkertools/node_modules/@vue/reactivity/dist/reactivity.cjs.js:47:16)
    at file:///home/quigley/projects/Tinkertools/node_modules/pinia/dist/pinia.mjs:1480:88
    at EffectScope.run (/home/quigley/projects/Tinkertools/node_modules/@vue/reactivity/dist/reactivity.cjs.js:47:16)
Failed to load preferences: Error: Storage error
    at Object.<anonymous> (/home/quigley/projects/Tinkertools/frontend/src/__tests__/stores/nanosStore.test.ts:83:13)
    at Object.mockCall (file:///home/quigley/projects/Tinkertools/node_modules/@vitest/spy/dist/index.js:61:17)
    at Object.spy [as getItem] (file:///home/quigley/projects/Tinkertools/node_modules/tinyspy/dist/index.js:45:80)
    at loadPreferences (/home/quigley/projects/Tinkertools/frontend/src/stores/nanosStore.ts:444:34)
    at initialize (/home/quigley/projects/Tinkertools/frontend/src/stores/nanosStore.ts:496:5)
    at /home/quigley/projects/Tinkertools/frontend/src/stores/nanosStore.ts:502:3
    at file:///home/quigley/projects/Tinkertools/node_modules/pinia/dist/pinia.mjs:1480:98
    at EffectScope.run (/home/quigley/projects/Tinkertools/node_modules/@vue/reactivity/dist/reactivity.cjs.js:47:16)
    at file:///home/quigley/projects/Tinkertools/node_modules/pinia/dist/pinia.mjs:1480:88
    at EffectScope.run (/home/quigley/projects/Tinkertools/node_modules/@vue/reactivity/dist/reactivity.cjs.js:47:16)
Failed to load search history: Error: Storage error
    at Object.<anonymous> (/home/quigley/projects/Tinkertools/frontend/src/__tests__/stores/nanosStore.test.ts:83:13)
    at Object.mockCall (file:///home/quigley/projects/Tinkertools/node_modules/@vitest/spy/dist/index.js:61:17)
    at Object.spy [as getItem] (file:///home/quigley/projects/Tinkertools/node_modules/tinyspy/dist/index.js:45:80)
    at loadSearchHistory (/home/quigley/projects/Tinkertools/frontend/src/stores/nanosStore.ts:463:34)
    at initialize (/home/quigley/projects/Tinkertools/frontend/src/stores/nanosStore.ts:497:5)
    at /home/quigley/projects/Tinkertools/frontend/src/stores/nanosStore.ts:502:3
    at file:///home/quigley/projects/Tinkertools/node_modules/pinia/dist/pinia.mjs:1480:98
    at EffectScope.run (/home/quigley/projects/Tinkertools/node_modules/@vue/reactivity/dist/reactivity.cjs.js:47:16)
    at file:///home/quigley/projects/Tinkertools/node_modules/pinia/dist/pinia.mjs:1480:88
    at EffectScope.run (/home/quigley/projects/Tinkertools/node_modules/@vue/reactivity/dist/reactivity.cjs.js:47:16)
Failed to load selected profession: Error: Storage error
    at Object.<anonymous> (/home/quigley/projects/Tinkertools/frontend/src/__tests__/stores/nanosStore.test.ts:83:13)
    at Object.mockCall (file:///home/quigley/projects/Tinkertools/node_modules/@vitest/spy/dist/index.js:61:17)
    at Object.spy [as getItem] (file:///home/quigley/projects/Tinkertools/node_modules/tinyspy/dist/index.js:45:80)
    at loadSelectedProfession (/home/quigley/projects/Tinkertools/frontend/src/stores/nanosStore.ts:482:34)
    at initialize (/home/quigley/projects/Tinkertools/frontend/src/stores/nanosStore.ts:498:5)
    at /home/quigley/projects/Tinkertools/frontend/src/stores/nanosStore.ts:502:3
    at file:///home/quigley/projects/Tinkertools/node_modules/pinia/dist/pinia.mjs:1480:98
    at EffectScope.run (/home/quigley/projects/Tinkertools/node_modules/@vue/reactivity/dist/reactivity.cjs.js:47:16)
    at file:///home/quigley/projects/Tinkertools/node_modules/pinia/dist/pinia.mjs:1480:88
    at EffectScope.run (/home/quigley/projects/Tinkertools/node_modules/@vue/reactivity/dist/reactivity.cjs.js:47:16)

stderr | src/__tests__/stores/nanosStore.test.ts > nanosStore > updates preferences
Failed to load nanos from storage: Error: Storage error
    at Object.<anonymous> (/home/quigley/projects/Tinkertools/frontend/src/__tests__/stores/nanosStore.test.ts:83:13)
    at Object.mockCall (file:///home/quigley/projects/Tinkertools/node_modules/@vitest/spy/dist/index.js:61:17)
    at Object.spy [as getItem] (file:///home/quigley/projects/Tinkertools/node_modules/tinyspy/dist/index.js:45:80)
    at loadNanosFromStorage (/home/quigley/projects/Tinkertools/frontend/src/stores/nanosStore.ts:382:35)
    at initialize (/home/quigley/projects/Tinkertools/frontend/src/stores/nanosStore.ts:493:5)
    at /home/quigley/projects/Tinkertools/frontend/src/stores/nanosStore.ts:502:3
    at file:///home/quigley/projects/Tinkertools/node_modules/pinia/dist/pinia.mjs:1480:98
    at EffectScope.run (/home/quigley/projects/Tinkertools/node_modules/@vue/reactivity/dist/reactivity.cjs.js:47:16)
    at file:///home/quigley/projects/Tinkertools/node_modules/pinia/dist/pinia.mjs:1480:88
    at EffectScope.run (/home/quigley/projects/Tinkertools/node_modules/@vue/reactivity/dist/reactivity.cjs.js:47:16)
Failed to load favorites: Error: Storage error
    at Object.<anonymous> (/home/quigley/projects/Tinkertools/frontend/src/__tests__/stores/nanosStore.test.ts:83:13)
    at Object.mockCall (file:///home/quigley/projects/Tinkertools/node_modules/@vitest/spy/dist/index.js:61:17)
    at Object.spy [as getItem] (file:///home/quigley/projects/Tinkertools/node_modules/tinyspy/dist/index.js:45:80)
    at loadFavorites (/home/quigley/projects/Tinkertools/frontend/src/stores/nanosStore.ts:406:34)
    at initialize (/home/quigley/projects/Tinkertools/frontend/src/stores/nanosStore.ts:494:5)
    at /home/quigley/projects/Tinkertools/frontend/src/stores/nanosStore.ts:502:3
    at file:///home/quigley/projects/Tinkertools/node_modules/pinia/dist/pinia.mjs:1480:98
    at EffectScope.run (/home/quigley/projects/Tinkertools/node_modules/@vue/reactivity/dist/reactivity.cjs.js:47:16)
    at file:///home/quigley/projects/Tinkertools/node_modules/pinia/dist/pinia.mjs:1480:88
    at EffectScope.run (/home/quigley/projects/Tinkertools/node_modules/@vue/reactivity/dist/reactivity.cjs.js:47:16)
Failed to load filters: Error: Storage error
    at Object.<anonymous> (/home/quigley/projects/Tinkertools/frontend/src/__tests__/stores/nanosStore.test.ts:83:13)
    at Object.mockCall (file:///home/quigley/projects/Tinkertools/node_modules/@vitest/spy/dist/index.js:61:17)
    at Object.spy [as getItem] (file:///home/quigley/projects/Tinkertools/node_modules/tinyspy/dist/index.js:45:80)
    at loadFilters (/home/quigley/projects/Tinkertools/frontend/src/stores/nanosStore.ts:425:34)
    at initialize (/home/quigley/projects/Tinkertools/frontend/src/stores/nanosStore.ts:495:5)
    at /home/quigley/projects/Tinkertools/frontend/src/stores/nanosStore.ts:502:3
    at file:///home/quigley/projects/Tinkertools/node_modules/pinia/dist/pinia.mjs:1480:98
    at EffectScope.run (/home/quigley/projects/Tinkertools/node_modules/@vue/reactivity/dist/reactivity.cjs.js:47:16)
    at file:///home/quigley/projects/Tinkertools/node_modules/pinia/dist/pinia.mjs:1480:88
    at EffectScope.run (/home/quigley/projects/Tinkertools/node_modules/@vue/reactivity/dist/reactivity.cjs.js:47:16)
Failed to load preferences: Error: Storage error
    at Object.<anonymous> (/home/quigley/projects/Tinkertools/frontend/src/__tests__/stores/nanosStore.test.ts:83:13)
    at Object.mockCall (file:///home/quigley/projects/Tinkertools/node_modules/@vitest/spy/dist/index.js:61:17)
    at Object.spy [as getItem] (file:///home/quigley/projects/Tinkertools/node_modules/tinyspy/dist/index.js:45:80)
    at loadPreferences (/home/quigley/projects/Tinkertools/frontend/src/stores/nanosStore.ts:444:34)
    at initialize (/home/quigley/projects/Tinkertools/frontend/src/stores/nanosStore.ts:496:5)
    at /home/quigley/projects/Tinkertools/frontend/src/stores/nanosStore.ts:502:3
    at file:///home/quigley/projects/Tinkertools/node_modules/pinia/dist/pinia.mjs:1480:98
    at EffectScope.run (/home/quigley/projects/Tinkertools/node_modules/@vue/reactivity/dist/reactivity.cjs.js:47:16)
    at file:///home/quigley/projects/Tinkertools/node_modules/pinia/dist/pinia.mjs:1480:88
    at EffectScope.run (/home/quigley/projects/Tinkertools/node_modules/@vue/reactivity/dist/reactivity.cjs.js:47:16)
Failed to load search history: Error: Storage error
    at Object.<anonymous> (/home/quigley/projects/Tinkertools/frontend/src/__tests__/stores/nanosStore.test.ts:83:13)
    at Object.mockCall (file:///home/quigley/projects/Tinkertools/node_modules/@vitest/spy/dist/index.js:61:17)
    at Object.spy [as getItem] (file:///home/quigley/projects/Tinkertools/node_modules/tinyspy/dist/index.js:45:80)
    at loadSearchHistory (/home/quigley/projects/Tinkertools/frontend/src/stores/nanosStore.ts:463:34)
    at initialize (/home/quigley/projects/Tinkertools/frontend/src/stores/nanosStore.ts:497:5)
    at /home/quigley/projects/Tinkertools/frontend/src/stores/nanosStore.ts:502:3
    at file:///home/quigley/projects/Tinkertools/node_modules/pinia/dist/pinia.mjs:1480:98
    at EffectScope.run (/home/quigley/projects/Tinkertools/node_modules/@vue/reactivity/dist/reactivity.cjs.js:47:16)
    at file:///home/quigley/projects/Tinkertools/node_modules/pinia/dist/pinia.mjs:1480:88
    at EffectScope.run (/home/quigley/projects/Tinkertools/node_modules/@vue/reactivity/dist/reactivity.cjs.js:47:16)
Failed to load selected profession: Error: Storage error
    at Object.<anonymous> (/home/quigley/projects/Tinkertools/frontend/src/__tests__/stores/nanosStore.test.ts:83:13)
    at Object.mockCall (file:///home/quigley/projects/Tinkertools/node_modules/@vitest/spy/dist/index.js:61:17)
    at Object.spy [as getItem] (file:///home/quigley/projects/Tinkertools/node_modules/tinyspy/dist/index.js:45:80)
    at loadSelectedProfession (/home/quigley/projects/Tinkertools/frontend/src/stores/nanosStore.ts:482:34)
    at initialize (/home/quigley/projects/Tinkertools/frontend/src/stores/nanosStore.ts:498:5)
    at /home/quigley/projects/Tinkertools/frontend/src/stores/nanosStore.ts:502:3
    at file:///home/quigley/projects/Tinkertools/node_modules/pinia/dist/pinia.mjs:1480:98
    at EffectScope.run (/home/quigley/projects/Tinkertools/node_modules/@vue/reactivity/dist/reactivity.cjs.js:47:16)
    at file:///home/quigley/projects/Tinkertools/node_modules/pinia/dist/pinia.mjs:1480:88
    at EffectScope.run (/home/quigley/projects/Tinkertools/node_modules/@vue/reactivity/dist/reactivity.cjs.js:47:16)

stderr | src/__tests__/stores/nanosStore.test.ts > nanosStore > filters nanos by school
Failed to load nanos from storage: Error: Storage error
    at Object.<anonymous> (/home/quigley/projects/Tinkertools/frontend/src/__tests__/stores/nanosStore.test.ts:83:13)
    at Object.mockCall (file:///home/quigley/projects/Tinkertools/node_modules/@vitest/spy/dist/index.js:61:17)
    at Object.spy [as getItem] (file:///home/quigley/projects/Tinkertools/node_modules/tinyspy/dist/index.js:45:80)
    at loadNanosFromStorage (/home/quigley/projects/Tinkertools/frontend/src/stores/nanosStore.ts:382:35)
    at initialize (/home/quigley/projects/Tinkertools/frontend/src/stores/nanosStore.ts:493:5)
    at /home/quigley/projects/Tinkertools/frontend/src/stores/nanosStore.ts:502:3
    at file:///home/quigley/projects/Tinkertools/node_modules/pinia/dist/pinia.mjs:1480:98
    at EffectScope.run (/home/quigley/projects/Tinkertools/node_modules/@vue/reactivity/dist/reactivity.cjs.js:47:16)
    at file:///home/quigley/projects/Tinkertools/node_modules/pinia/dist/pinia.mjs:1480:88
    at EffectScope.run (/home/quigley/projects/Tinkertools/node_modules/@vue/reactivity/dist/reactivity.cjs.js:47:16)
Failed to load favorites: Error: Storage error
    at Object.<anonymous> (/home/quigley/projects/Tinkertools/frontend/src/__tests__/stores/nanosStore.test.ts:83:13)
    at Object.mockCall (file:///home/quigley/projects/Tinkertools/node_modules/@vitest/spy/dist/index.js:61:17)
    at Object.spy [as getItem] (file:///home/quigley/projects/Tinkertools/node_modules/tinyspy/dist/index.js:45:80)
    at loadFavorites (/home/quigley/projects/Tinkertools/frontend/src/stores/nanosStore.ts:406:34)
    at initialize (/home/quigley/projects/Tinkertools/frontend/src/stores/nanosStore.ts:494:5)
    at /home/quigley/projects/Tinkertools/frontend/src/stores/nanosStore.ts:502:3
    at file:///home/quigley/projects/Tinkertools/node_modules/pinia/dist/pinia.mjs:1480:98
    at EffectScope.run (/home/quigley/projects/Tinkertools/node_modules/@vue/reactivity/dist/reactivity.cjs.js:47:16)
    at file:///home/quigley/projects/Tinkertools/node_modules/pinia/dist/pinia.mjs:1480:88
    at EffectScope.run (/home/quigley/projects/Tinkertools/node_modules/@vue/reactivity/dist/reactivity.cjs.js:47:16)
Failed to load filters: Error: Storage error
    at Object.<anonymous> (/home/quigley/projects/Tinkertools/frontend/src/__tests__/stores/nanosStore.test.ts:83:13)
    at Object.mockCall (file:///home/quigley/projects/Tinkertools/node_modules/@vitest/spy/dist/index.js:61:17)
    at Object.spy [as getItem] (file:///home/quigley/projects/Tinkertools/node_modules/tinyspy/dist/index.js:45:80)
    at loadFilters (/home/quigley/projects/Tinkertools/frontend/src/stores/nanosStore.ts:425:34)
    at initialize (/home/quigley/projects/Tinkertools/frontend/src/stores/nanosStore.ts:495:5)
    at /home/quigley/projects/Tinkertools/frontend/src/stores/nanosStore.ts:502:3
    at file:///home/quigley/projects/Tinkertools/node_modules/pinia/dist/pinia.mjs:1480:98
    at EffectScope.run (/home/quigley/projects/Tinkertools/node_modules/@vue/reactivity/dist/reactivity.cjs.js:47:16)
    at file:///home/quigley/projects/Tinkertools/node_modules/pinia/dist/pinia.mjs:1480:88
    at EffectScope.run (/home/quigley/projects/Tinkertools/node_modules/@vue/reactivity/dist/reactivity.cjs.js:47:16)
Failed to load preferences: Error: Storage error
    at Object.<anonymous> (/home/quigley/projects/Tinkertools/frontend/src/__tests__/stores/nanosStore.test.ts:83:13)
    at Object.mockCall (file:///home/quigley/projects/Tinkertools/node_modules/@vitest/spy/dist/index.js:61:17)
    at Object.spy [as getItem] (file:///home/quigley/projects/Tinkertools/node_modules/tinyspy/dist/index.js:45:80)
    at loadPreferences (/home/quigley/projects/Tinkertools/frontend/src/stores/nanosStore.ts:444:34)
    at initialize (/home/quigley/projects/Tinkertools/frontend/src/stores/nanosStore.ts:496:5)
    at /home/quigley/projects/Tinkertools/frontend/src/stores/nanosStore.ts:502:3
    at file:///home/quigley/projects/Tinkertools/node_modules/pinia/dist/pinia.mjs:1480:98
    at EffectScope.run (/home/quigley/projects/Tinkertools/node_modules/@vue/reactivity/dist/reactivity.cjs.js:47:16)
    at file:///home/quigley/projects/Tinkertools/node_modules/pinia/dist/pinia.mjs:1480:88
    at EffectScope.run (/home/quigley/projects/Tinkertools/node_modules/@vue/reactivity/dist/reactivity.cjs.js:47:16)
Failed to load search history: Error: Storage error
    at Object.<anonymous> (/home/quigley/projects/Tinkertools/frontend/src/__tests__/stores/nanosStore.test.ts:83:13)
    at Object.mockCall (file:///home/quigley/projects/Tinkertools/node_modules/@vitest/spy/dist/index.js:61:17)
    at Object.spy [as getItem] (file:///home/quigley/projects/Tinkertools/node_modules/tinyspy/dist/index.js:45:80)
    at loadSearchHistory (/home/quigley/projects/Tinkertools/frontend/src/stores/nanosStore.ts:463:34)
    at initialize (/home/quigley/projects/Tinkertools/frontend/src/stores/nanosStore.ts:497:5)
    at /home/quigley/projects/Tinkertools/frontend/src/stores/nanosStore.ts:502:3
    at file:///home/quigley/projects/Tinkertools/node_modules/pinia/dist/pinia.mjs:1480:98
    at EffectScope.run (/home/quigley/projects/Tinkertools/node_modules/@vue/reactivity/dist/reactivity.cjs.js:47:16)
    at file:///home/quigley/projects/Tinkertools/node_modules/pinia/dist/pinia.mjs:1480:88
    at EffectScope.run (/home/quigley/projects/Tinkertools/node_modules/@vue/reactivity/dist/reactivity.cjs.js:47:16)
Failed to load selected profession: Error: Storage error
    at Object.<anonymous> (/home/quigley/projects/Tinkertools/frontend/src/__tests__/stores/nanosStore.test.ts:83:13)
    at Object.mockCall (file:///home/quigley/projects/Tinkertools/node_modules/@vitest/spy/dist/index.js:61:17)
    at Object.spy [as getItem] (file:///home/quigley/projects/Tinkertools/node_modules/tinyspy/dist/index.js:45:80)
    at loadSelectedProfession (/home/quigley/projects/Tinkertools/frontend/src/stores/nanosStore.ts:482:34)
    at initialize (/home/quigley/projects/Tinkertools/frontend/src/stores/nanosStore.ts:498:5)
    at /home/quigley/projects/Tinkertools/frontend/src/stores/nanosStore.ts:502:3
    at file:///home/quigley/projects/Tinkertools/node_modules/pinia/dist/pinia.mjs:1480:98
    at EffectScope.run (/home/quigley/projects/Tinkertools/node_modules/@vue/reactivity/dist/reactivity.cjs.js:47:16)
    at file:///home/quigley/projects/Tinkertools/node_modules/pinia/dist/pinia.mjs:1480:88
    at EffectScope.run (/home/quigley/projects/Tinkertools/node_modules/@vue/reactivity/dist/reactivity.cjs.js:47:16)

stderr | src/__tests__/stores/nanosStore.test.ts > nanosStore > filters nanos by school
Failed to search nanos: TypeError: fetch failed
    at node:internal/deps/undici/undici:15433:13
    at processTicksAndRejections (node:internal/process/task_queues:105:5)
    at Proxy.searchNanos (/home/quigley/projects/Tinkertools/frontend/src/stores/nanosStore.ts:238:26)
    at /home/quigley/projects/Tinkertools/frontend/src/__tests__/stores/nanosStore.test.ts:110:7 {
  [cause]: ConnectTimeoutError: Connect Timeout Error (attempted address: localhost:8000, timeout: 10000ms)
      at onConnectTimeout (node:internal/deps/undici/undici:1532:23)
      at Immediate._onImmediate (node:internal/deps/undici/undici:1513:11)
      at processImmediate (node:internal/timers:505:21) {
    code: 'UND_ERR_CONNECT_TIMEOUT'
  }
}

stderr | src/__tests__/stores/nanosStore.test.ts > nanosStore > filters nanos by strain
Failed to load nanos from storage: Error: Storage error
    at Object.<anonymous> (/home/quigley/projects/Tinkertools/frontend/src/__tests__/stores/nanosStore.test.ts:83:13)
    at Object.mockCall (file:///home/quigley/projects/Tinkertools/node_modules/@vitest/spy/dist/index.js:61:17)
    at Object.spy [as getItem] (file:///home/quigley/projects/Tinkertools/node_modules/tinyspy/dist/index.js:45:80)
    at loadNanosFromStorage (/home/quigley/projects/Tinkertools/frontend/src/stores/nanosStore.ts:382:35)
    at initialize (/home/quigley/projects/Tinkertools/frontend/src/stores/nanosStore.ts:493:5)
    at /home/quigley/projects/Tinkertools/frontend/src/stores/nanosStore.ts:502:3
    at file:///home/quigley/projects/Tinkertools/node_modules/pinia/dist/pinia.mjs:1480:98
    at EffectScope.run (/home/quigley/projects/Tinkertools/node_modules/@vue/reactivity/dist/reactivity.cjs.js:47:16)
    at file:///home/quigley/projects/Tinkertools/node_modules/pinia/dist/pinia.mjs:1480:88
    at EffectScope.run (/home/quigley/projects/Tinkertools/node_modules/@vue/reactivity/dist/reactivity.cjs.js:47:16)
Failed to load favorites: Error: Storage error
    at Object.<anonymous> (/home/quigley/projects/Tinkertools/frontend/src/__tests__/stores/nanosStore.test.ts:83:13)
    at Object.mockCall (file:///home/quigley/projects/Tinkertools/node_modules/@vitest/spy/dist/index.js:61:17)
    at Object.spy [as getItem] (file:///home/quigley/projects/Tinkertools/node_modules/tinyspy/dist/index.js:45:80)
    at loadFavorites (/home/quigley/projects/Tinkertools/frontend/src/stores/nanosStore.ts:406:34)
    at initialize (/home/quigley/projects/Tinkertools/frontend/src/stores/nanosStore.ts:494:5)
    at /home/quigley/projects/Tinkertools/frontend/src/stores/nanosStore.ts:502:3
    at file:///home/quigley/projects/Tinkertools/node_modules/pinia/dist/pinia.mjs:1480:98
    at EffectScope.run (/home/quigley/projects/Tinkertools/node_modules/@vue/reactivity/dist/reactivity.cjs.js:47:16)
    at file:///home/quigley/projects/Tinkertools/node_modules/pinia/dist/pinia.mjs:1480:88
    at EffectScope.run (/home/quigley/projects/Tinkertools/node_modules/@vue/reactivity/dist/reactivity.cjs.js:47:16)
Failed to load filters: Error: Storage error
    at Object.<anonymous> (/home/quigley/projects/Tinkertools/frontend/src/__tests__/stores/nanosStore.test.ts:83:13)
    at Object.mockCall (file:///home/quigley/projects/Tinkertools/node_modules/@vitest/spy/dist/index.js:61:17)
    at Object.spy [as getItem] (file:///home/quigley/projects/Tinkertools/node_modules/tinyspy/dist/index.js:45:80)
    at loadFilters (/home/quigley/projects/Tinkertools/frontend/src/stores/nanosStore.ts:425:34)
    at initialize (/home/quigley/projects/Tinkertools/frontend/src/stores/nanosStore.ts:495:5)
    at /home/quigley/projects/Tinkertools/frontend/src/stores/nanosStore.ts:502:3
    at file:///home/quigley/projects/Tinkertools/node_modules/pinia/dist/pinia.mjs:1480:98
    at EffectScope.run (/home/quigley/projects/Tinkertools/node_modules/@vue/reactivity/dist/reactivity.cjs.js:47:16)
    at file:///home/quigley/projects/Tinkertools/node_modules/pinia/dist/pinia.mjs:1480:88
    at EffectScope.run (/home/quigley/projects/Tinkertools/node_modules/@vue/reactivity/dist/reactivity.cjs.js:47:16)
Failed to load preferences: Error: Storage error
    at Object.<anonymous> (/home/quigley/projects/Tinkertools/frontend/src/__tests__/stores/nanosStore.test.ts:83:13)
    at Object.mockCall (file:///home/quigley/projects/Tinkertools/node_modules/@vitest/spy/dist/index.js:61:17)
    at Object.spy [as getItem] (file:///home/quigley/projects/Tinkertools/node_modules/tinyspy/dist/index.js:45:80)
    at loadPreferences (/home/quigley/projects/Tinkertools/frontend/src/stores/nanosStore.ts:444:34)
    at initialize (/home/quigley/projects/Tinkertools/frontend/src/stores/nanosStore.ts:496:5)
    at /home/quigley/projects/Tinkertools/frontend/src/stores/nanosStore.ts:502:3
    at file:///home/quigley/projects/Tinkertools/node_modules/pinia/dist/pinia.mjs:1480:98
    at EffectScope.run (/home/quigley/projects/Tinkertools/node_modules/@vue/reactivity/dist/reactivity.cjs.js:47:16)
    at file:///home/quigley/projects/Tinkertools/node_modules/pinia/dist/pinia.mjs:1480:88
    at EffectScope.run (/home/quigley/projects/Tinkertools/node_modules/@vue/reactivity/dist/reactivity.cjs.js:47:16)
Failed to load search history: Error: Storage error
    at Object.<anonymous> (/home/quigley/projects/Tinkertools/frontend/src/__tests__/stores/nanosStore.test.ts:83:13)
    at Object.mockCall (file:///home/quigley/projects/Tinkertools/node_modules/@vitest/spy/dist/index.js:61:17)
    at Object.spy [as getItem] (file:///home/quigley/projects/Tinkertools/node_modules/tinyspy/dist/index.js:45:80)
    at loadSearchHistory (/home/quigley/projects/Tinkertools/frontend/src/stores/nanosStore.ts:463:34)
    at initialize (/home/quigley/projects/Tinkertools/frontend/src/stores/nanosStore.ts:497:5)
    at /home/quigley/projects/Tinkertools/frontend/src/stores/nanosStore.ts:502:3
    at file:///home/quigley/projects/Tinkertools/node_modules/pinia/dist/pinia.mjs:1480:98
    at EffectScope.run (/home/quigley/projects/Tinkertools/node_modules/@vue/reactivity/dist/reactivity.cjs.js:47:16)
    at file:///home/quigley/projects/Tinkertools/node_modules/pinia/dist/pinia.mjs:1480:88
    at EffectScope.run (/home/quigley/projects/Tinkertools/node_modules/@vue/reactivity/dist/reactivity.cjs.js:47:16)
Failed to load selected profession: Error: Storage error
    at Object.<anonymous> (/home/quigley/projects/Tinkertools/frontend/src/__tests__/stores/nanosStore.test.ts:83:13)
    at Object.mockCall (file:///home/quigley/projects/Tinkertools/node_modules/@vitest/spy/dist/index.js:61:17)
    at Object.spy [as getItem] (file:///home/quigley/projects/Tinkertools/node_modules/tinyspy/dist/index.js:45:80)
    at loadSelectedProfession (/home/quigley/projects/Tinkertools/frontend/src/stores/nanosStore.ts:482:34)
    at initialize (/home/quigley/projects/Tinkertools/frontend/src/stores/nanosStore.ts:498:5)
    at /home/quigley/projects/Tinkertools/frontend/src/stores/nanosStore.ts:502:3
    at file:///home/quigley/projects/Tinkertools/node_modules/pinia/dist/pinia.mjs:1480:98
    at EffectScope.run (/home/quigley/projects/Tinkertools/node_modules/@vue/reactivity/dist/reactivity.cjs.js:47:16)
    at file:///home/quigley/projects/Tinkertools/node_modules/pinia/dist/pinia.mjs:1480:88
    at EffectScope.run (/home/quigley/projects/Tinkertools/node_modules/@vue/reactivity/dist/reactivity.cjs.js:47:16)

stderr | src/__tests__/stores/nanosStore.test.ts > nanosStore > filters nanos by strain
Failed to search nanos: TypeError: fetch failed
    at node:internal/deps/undici/undici:15433:13
    at processTicksAndRejections (node:internal/process/task_queues:105:5)
    at Proxy.searchNanos (/home/quigley/projects/Tinkertools/frontend/src/stores/nanosStore.ts:238:26)
    at /home/quigley/projects/Tinkertools/frontend/src/__tests__/stores/nanosStore.test.ts:102:5 {
  [cause]: ConnectTimeoutError: Connect Timeout Error (attempted address: localhost:8000, timeout: 10000ms)
      at onConnectTimeout (node:internal/deps/undici/undici:1532:23)
      at Immediate._onImmediate (node:internal/deps/undici/undici:1513:11)
      at processImmediate (node:internal/timers:505:21) {
    code: 'UND_ERR_CONNECT_TIMEOUT'
  }
}

stderr | src/__tests__/integration/nanosStore.integration.test.ts > NanosStore Integration Tests > manages favorites correctly
Failed to fetch nanos: TypeError: fetch failed
    at node:internal/deps/undici/undici:15433:13
    at processTicksAndRejections (node:internal/process/task_queues:105:5)
    at Proxy.fetchNanos (/home/quigley/projects/Tinkertools/frontend/src/stores/nanosStore.ts:179:24)
    at /home/quigley/projects/Tinkertools/frontend/src/__tests__/integration/nanosStore.integration.test.ts:75:5 {
  [cause]: ConnectTimeoutError: Connect Timeout Error (attempted address: localhost:8000, timeout: 10000ms)
      at onConnectTimeout (node:internal/deps/undici/undici:1532:23)
      at Immediate._onImmediate (node:internal/deps/undici/undici:1513:11)
      at processImmediate (node:internal/timers:505:21) {
    code: 'UND_ERR_CONNECT_TIMEOUT'
  }
}

stdout | src/__tests__/integration/backend-integration.test.ts > Backend Integration Tests > maps backend field names correctly
Available schools: []

stderr | src/__tests__/integration/backend-integration.test.ts > Backend Integration Tests > maps backend field names correctly
Failed to fetch nanos: TypeError: fetch failed
    at node:internal/deps/undici/undici:15433:13
    at processTicksAndRejections (node:internal/process/task_queues:105:5)
    at Proxy.fetchNanos (/home/quigley/projects/Tinkertools/frontend/src/stores/nanosStore.ts:179:24)
    at /home/quigley/projects/Tinkertools/frontend/src/__tests__/integration/backend-integration.test.ts:77:5 {
  [cause]: ConnectTimeoutError: Connect Timeout Error (attempted address: localhost:8000, timeout: 10000ms)
      at onConnectTimeout (node:internal/deps/undici/undici:1532:23)
      at Immediate._onImmediate (node:internal/deps/undici/undici:1513:11)
      at processImmediate (node:internal/timers:505:21) {
    code: 'UND_ERR_CONNECT_TIMEOUT'
  }
}

stderr | src/__tests__/stores/nanosStore.test.ts > nanosStore > filters nanos by profession
Failed to load nanos from storage: Error: Storage error
    at Object.<anonymous> (/home/quigley/projects/Tinkertools/frontend/src/__tests__/stores/nanosStore.test.ts:83:13)
    at Object.mockCall (file:///home/quigley/projects/Tinkertools/node_modules/@vitest/spy/dist/index.js:61:17)
    at Object.spy [as getItem] (file:///home/quigley/projects/Tinkertools/node_modules/tinyspy/dist/index.js:45:80)
    at loadNanosFromStorage (/home/quigley/projects/Tinkertools/frontend/src/stores/nanosStore.ts:382:35)
    at initialize (/home/quigley/projects/Tinkertools/frontend/src/stores/nanosStore.ts:493:5)
    at /home/quigley/projects/Tinkertools/frontend/src/stores/nanosStore.ts:502:3
    at file:///home/quigley/projects/Tinkertools/node_modules/pinia/dist/pinia.mjs:1480:98
    at EffectScope.run (/home/quigley/projects/Tinkertools/node_modules/@vue/reactivity/dist/reactivity.cjs.js:47:16)
    at file:///home/quigley/projects/Tinkertools/node_modules/pinia/dist/pinia.mjs:1480:88
    at EffectScope.run (/home/quigley/projects/Tinkertools/node_modules/@vue/reactivity/dist/reactivity.cjs.js:47:16)
Failed to load favorites: Error: Storage error
    at Object.<anonymous> (/home/quigley/projects/Tinkertools/frontend/src/__tests__/stores/nanosStore.test.ts:83:13)
    at Object.mockCall (file:///home/quigley/projects/Tinkertools/node_modules/@vitest/spy/dist/index.js:61:17)
    at Object.spy [as getItem] (file:///home/quigley/projects/Tinkertools/node_modules/tinyspy/dist/index.js:45:80)
    at loadFavorites (/home/quigley/projects/Tinkertools/frontend/src/stores/nanosStore.ts:406:34)
    at initialize (/home/quigley/projects/Tinkertools/frontend/src/stores/nanosStore.ts:494:5)
    at /home/quigley/projects/Tinkertools/frontend/src/stores/nanosStore.ts:502:3
    at file:///home/quigley/projects/Tinkertools/node_modules/pinia/dist/pinia.mjs:1480:98
    at EffectScope.run (/home/quigley/projects/Tinkertools/node_modules/@vue/reactivity/dist/reactivity.cjs.js:47:16)
    at file:///home/quigley/projects/Tinkertools/node_modules/pinia/dist/pinia.mjs:1480:88
    at EffectScope.run (/home/quigley/projects/Tinkertools/node_modules/@vue/reactivity/dist/reactivity.cjs.js:47:16)
Failed to load filters: Error: Storage error
    at Object.<anonymous> (/home/quigley/projects/Tinkertools/frontend/src/__tests__/stores/nanosStore.test.ts:83:13)
    at Object.mockCall (file:///home/quigley/projects/Tinkertools/node_modules/@vitest/spy/dist/index.js:61:17)
    at Object.spy [as getItem] (file:///home/quigley/projects/Tinkertools/node_modules/tinyspy/dist/index.js:45:80)
    at loadFilters (/home/quigley/projects/Tinkertools/frontend/src/stores/nanosStore.ts:425:34)
    at initialize (/home/quigley/projects/Tinkertools/frontend/src/stores/nanosStore.ts:495:5)
    at /home/quigley/projects/Tinkertools/frontend/src/stores/nanosStore.ts:502:3
    at file:///home/quigley/projects/Tinkertools/node_modules/pinia/dist/pinia.mjs:1480:98
    at EffectScope.run (/home/quigley/projects/Tinkertools/node_modules/@vue/reactivity/dist/reactivity.cjs.js:47:16)
    at file:///home/quigley/projects/Tinkertools/node_modules/pinia/dist/pinia.mjs:1480:88
    at EffectScope.run (/home/quigley/projects/Tinkertools/node_modules/@vue/reactivity/dist/reactivity.cjs.js:47:16)
Failed to load preferences: Error: Storage error
    at Object.<anonymous> (/home/quigley/projects/Tinkertools/frontend/src/__tests__/stores/nanosStore.test.ts:83:13)
    at Object.mockCall (file:///home/quigley/projects/Tinkertools/node_modules/@vitest/spy/dist/index.js:61:17)
    at Object.spy [as getItem] (file:///home/quigley/projects/Tinkertools/node_modules/tinyspy/dist/index.js:45:80)
    at loadPreferences (/home/quigley/projects/Tinkertools/frontend/src/stores/nanosStore.ts:444:34)
    at initialize (/home/quigley/projects/Tinkertools/frontend/src/stores/nanosStore.ts:496:5)
    at /home/quigley/projects/Tinkertools/frontend/src/stores/nanosStore.ts:502:3
    at file:///home/quigley/projects/Tinkertools/node_modules/pinia/dist/pinia.mjs:1480:98
    at EffectScope.run (/home/quigley/projects/Tinkertools/node_modules/@vue/reactivity/dist/reactivity.cjs.js:47:16)
    at file:///home/quigley/projects/Tinkertools/node_modules/pinia/dist/pinia.mjs:1480:88
    at EffectScope.run (/home/quigley/projects/Tinkertools/node_modules/@vue/reactivity/dist/reactivity.cjs.js:47:16)
Failed to load search history: Error: Storage error
    at Object.<anonymous> (/home/quigley/projects/Tinkertools/frontend/src/__tests__/stores/nanosStore.test.ts:83:13)
    at Object.mockCall (file:///home/quigley/projects/Tinkertools/node_modules/@vitest/spy/dist/index.js:61:17)
    at Object.spy [as getItem] (file:///home/quigley/projects/Tinkertools/node_modules/tinyspy/dist/index.js:45:80)
    at loadSearchHistory (/home/quigley/projects/Tinkertools/frontend/src/stores/nanosStore.ts:463:34)
    at initialize (/home/quigley/projects/Tinkertools/frontend/src/stores/nanosStore.ts:497:5)
    at /home/quigley/projects/Tinkertools/frontend/src/stores/nanosStore.ts:502:3
    at file:///home/quigley/projects/Tinkertools/node_modules/pinia/dist/pinia.mjs:1480:98
    at EffectScope.run (/home/quigley/projects/Tinkertools/node_modules/@vue/reactivity/dist/reactivity.cjs.js:47:16)
    at file:///home/quigley/projects/Tinkertools/node_modules/pinia/dist/pinia.mjs:1480:88
    at EffectScope.run (/home/quigley/projects/Tinkertools/node_modules/@vue/reactivity/dist/reactivity.cjs.js:47:16)
Failed to load selected profession: Error: Storage error
    at Object.<anonymous> (/home/quigley/projects/Tinkertools/frontend/src/__tests__/stores/nanosStore.test.ts:83:13)
    at Object.mockCall (file:///home/quigley/projects/Tinkertools/node_modules/@vitest/spy/dist/index.js:61:17)
    at Object.spy [as getItem] (file:///home/quigley/projects/Tinkertools/node_modules/tinyspy/dist/index.js:45:80)
    at loadSelectedProfession (/home/quigley/projects/Tinkertools/frontend/src/stores/nanosStore.ts:482:34)
    at initialize (/home/quigley/projects/Tinkertools/frontend/src/stores/nanosStore.ts:498:5)
    at /home/quigley/projects/Tinkertools/frontend/src/stores/nanosStore.ts:502:3
    at file:///home/quigley/projects/Tinkertools/node_modules/pinia/dist/pinia.mjs:1480:98
    at EffectScope.run (/home/quigley/projects/Tinkertools/node_modules/@vue/reactivity/dist/reactivity.cjs.js:47:16)
    at file:///home/quigley/projects/Tinkertools/node_modules/pinia/dist/pinia.mjs:1480:88
    at EffectScope.run (/home/quigley/projects/Tinkertools/node_modules/@vue/reactivity/dist/reactivity.cjs.js:47:16)

stderr | src/__tests__/stores/nanosStore.test.ts > nanosStore > filters nanos by profession
Failed to fetch nanos: TypeError: fetch failed
    at node:internal/deps/undici/undici:15433:13
    at processTicksAndRejections (node:internal/process/task_queues:105:5)
    at Proxy.fetchNanos (/home/quigley/projects/Tinkertools/frontend/src/stores/nanosStore.ts:179:24)
    at /home/quigley/projects/Tinkertools/frontend/src/__tests__/stores/nanosStore.test.ts:205:5 {
  [cause]: ConnectTimeoutError: Connect Timeout Error (attempted address: localhost:8000, timeout: 10000ms)
      at onConnectTimeout (node:internal/deps/undici/undici:1532:23)
      at Immediate._onImmediate (node:internal/deps/undici/undici:1513:11)
      at processImmediate (node:internal/timers:505:21) {
    code: 'UND_ERR_CONNECT_TIMEOUT'
  }
}
Failed to load nanos from storage: Error: Storage error
    at Object.<anonymous> (/home/quigley/projects/Tinkertools/frontend/src/__tests__/stores/nanosStore.test.ts:83:13)
    at Object.mockCall (file:///home/quigley/projects/Tinkertools/node_modules/@vitest/spy/dist/index.js:61:17)
    at Object.spy [as getItem] (file:///home/quigley/projects/Tinkertools/node_modules/tinyspy/dist/index.js:45:80)
    at loadNanosFromStorage (/home/quigley/projects/Tinkertools/frontend/src/stores/nanosStore.ts:382:35)
    at Proxy.fetchNanos (/home/quigley/projects/Tinkertools/frontend/src/stores/nanosStore.ts:221:7)
    at processTicksAndRejections (node:internal/process/task_queues:105:5)
    at /home/quigley/projects/Tinkertools/frontend/src/__tests__/stores/nanosStore.test.ts:205:5

stderr | src/__tests__/stores/nanosStore.test.ts > nanosStore > filters nanos by profession
Failed to search nanos: TypeError: fetch failed
    at node:internal/deps/undici/undici:15433:13
    at processTicksAndRejections (node:internal/process/task_queues:105:5)
    at Proxy.searchNanos (/home/quigley/projects/Tinkertools/frontend/src/stores/nanosStore.ts:238:26)
    at /home/quigley/projects/Tinkertools/frontend/src/__tests__/stores/nanosStore.test.ts:110:7 {
  [cause]: ConnectTimeoutError: Connect Timeout Error (attempted address: localhost:8000, timeout: 10000ms)
      at onConnectTimeout (node:internal/deps/undici/undici:1532:23)
      at Immediate._onImmediate (node:internal/deps/undici/undici:1513:11)
      at processImmediate (node:internal/timers:505:21) {
    code: 'UND_ERR_CONNECT_TIMEOUT'
  }
}

 ❯ src/__tests__/stores/pocketBossStore.integration.test.ts  (7 tests | 6 failed) 35025ms
   × PocketBossStore Integration Tests > fetches real pocket bosses from the API
     → Test timed out in 10000ms.
If this is a long-running test, pass a timeout value as the last argument or configure it globally with "testTimeout".
   × PocketBossStore Integration Tests > calculates correct playfields from real data
     → Test timed out in 5000ms.
If this is a long-running test, pass a timeout value as the last argument or configure it globally with "testTimeout".
   × PocketBossStore Integration Tests > calculates correct level range from real data
     → Test timed out in 5000ms.
If this is a long-running test, pass a timeout value as the last argument or configure it globally with "testTimeout".
   × PocketBossStore Integration Tests > filters bosses correctly with real data
     → Test timed out in 5000ms.
If this is a long-running test, pass a timeout value as the last argument or configure it globally with "testTimeout".
   × PocketBossStore Integration Tests > searches bosses correctly with real data
     → Test timed out in 5000ms.
If this is a long-running test, pass a timeout value as the last argument or configure it globally with "testTimeout".
   × PocketBossStore Integration Tests > caches data after first load
     → Test timed out in 5000ms.
If this is a long-running test, pass a timeout value as the last argument or configure it globally with "testTimeout".
stderr | src/__tests__/stores/nanosStore.test.ts > nanosStore > filters nanos by quality level
Failed to load nanos from storage: Error: Storage error
    at Object.<anonymous> (/home/quigley/projects/Tinkertools/frontend/src/__tests__/stores/nanosStore.test.ts:83:13)
    at Object.mockCall (file:///home/quigley/projects/Tinkertools/node_modules/@vitest/spy/dist/index.js:61:17)
    at Object.spy [as getItem] (file:///home/quigley/projects/Tinkertools/node_modules/tinyspy/dist/index.js:45:80)
    at loadNanosFromStorage (/home/quigley/projects/Tinkertools/frontend/src/stores/nanosStore.ts:382:35)
    at initialize (/home/quigley/projects/Tinkertools/frontend/src/stores/nanosStore.ts:493:5)
    at /home/quigley/projects/Tinkertools/frontend/src/stores/nanosStore.ts:502:3
    at file:///home/quigley/projects/Tinkertools/node_modules/pinia/dist/pinia.mjs:1480:98
    at EffectScope.run (/home/quigley/projects/Tinkertools/node_modules/@vue/reactivity/dist/reactivity.cjs.js:47:16)
    at file:///home/quigley/projects/Tinkertools/node_modules/pinia/dist/pinia.mjs:1480:88
    at EffectScope.run (/home/quigley/projects/Tinkertools/node_modules/@vue/reactivity/dist/reactivity.cjs.js:47:16)
Failed to load favorites: Error: Storage error
    at Object.<anonymous> (/home/quigley/projects/Tinkertools/frontend/src/__tests__/stores/nanosStore.test.ts:83:13)
    at Object.mockCall (file:///home/quigley/projects/Tinkertools/node_modules/@vitest/spy/dist/index.js:61:17)
    at Object.spy [as getItem] (file:///home/quigley/projects/Tinkertools/node_modules/tinyspy/dist/index.js:45:80)
    at loadFavorites (/home/quigley/projects/Tinkertools/frontend/src/stores/nanosStore.ts:406:34)
    at initialize (/home/quigley/projects/Tinkertools/frontend/src/stores/nanosStore.ts:494:5)
    at /home/quigley/projects/Tinkertools/frontend/src/stores/nanosStore.ts:502:3
    at file:///home/quigley/projects/Tinkertools/node_modules/pinia/dist/pinia.mjs:1480:98
    at EffectScope.run (/home/quigley/projects/Tinkertools/node_modules/@vue/reactivity/dist/reactivity.cjs.js:47:16)
    at file:///home/quigley/projects/Tinkertools/node_modules/pinia/dist/pinia.mjs:1480:88
    at EffectScope.run (/home/quigley/projects/Tinkertools/node_modules/@vue/reactivity/dist/reactivity.cjs.js:47:16)
Failed to load filters: Error: Storage error
    at Object.<anonymous> (/home/quigley/projects/Tinkertools/frontend/src/__tests__/stores/nanosStore.test.ts:83:13)
    at Object.mockCall (file:///home/quigley/projects/Tinkertools/node_modules/@vitest/spy/dist/index.js:61:17)
    at Object.spy [as getItem] (file:///home/quigley/projects/Tinkertools/node_modules/tinyspy/dist/index.js:45:80)
    at loadFilters (/home/quigley/projects/Tinkertools/frontend/src/stores/nanosStore.ts:425:34)
    at initialize (/home/quigley/projects/Tinkertools/frontend/src/stores/nanosStore.ts:495:5)
    at /home/quigley/projects/Tinkertools/frontend/src/stores/nanosStore.ts:502:3
    at file:///home/quigley/projects/Tinkertools/node_modules/pinia/dist/pinia.mjs:1480:98
    at EffectScope.run (/home/quigley/projects/Tinkertools/node_modules/@vue/reactivity/dist/reactivity.cjs.js:47:16)
    at file:///home/quigley/projects/Tinkertools/node_modules/pinia/dist/pinia.mjs:1480:88
    at EffectScope.run (/home/quigley/projects/Tinkertools/node_modules/@vue/reactivity/dist/reactivity.cjs.js:47:16)
Failed to load preferences: Error: Storage error
    at Object.<anonymous> (/home/quigley/projects/Tinkertools/frontend/src/__tests__/stores/nanosStore.test.ts:83:13)
    at Object.mockCall (file:///home/quigley/projects/Tinkertools/node_modules/@vitest/spy/dist/index.js:61:17)
    at Object.spy [as getItem] (file:///home/quigley/projects/Tinkertools/node_modules/tinyspy/dist/index.js:45:80)
    at loadPreferences (/home/quigley/projects/Tinkertools/frontend/src/stores/nanosStore.ts:444:34)
    at initialize (/home/quigley/projects/Tinkertools/frontend/src/stores/nanosStore.ts:496:5)
    at /home/quigley/projects/Tinkertools/frontend/src/stores/nanosStore.ts:502:3
    at file:///home/quigley/projects/Tinkertools/node_modules/pinia/dist/pinia.mjs:1480:98
    at EffectScope.run (/home/quigley/projects/Tinkertools/node_modules/@vue/reactivity/dist/reactivity.cjs.js:47:16)
    at file:///home/quigley/projects/Tinkertools/node_modules/pinia/dist/pinia.mjs:1480:88
    at EffectScope.run (/home/quigley/projects/Tinkertools/node_modules/@vue/reactivity/dist/reactivity.cjs.js:47:16)
Failed to load search history: Error: Storage error
    at Object.<anonymous> (/home/quigley/projects/Tinkertools/frontend/src/__tests__/stores/nanosStore.test.ts:83:13)
    at Object.mockCall (file:///home/quigley/projects/Tinkertools/node_modules/@vitest/spy/dist/index.js:61:17)
    at Object.spy [as getItem] (file:///home/quigley/projects/Tinkertools/node_modules/tinyspy/dist/index.js:45:80)
    at loadSearchHistory (/home/quigley/projects/Tinkertools/frontend/src/stores/nanosStore.ts:463:34)
    at initialize (/home/quigley/projects/Tinkertools/frontend/src/stores/nanosStore.ts:497:5)
    at /home/quigley/projects/Tinkertools/frontend/src/stores/nanosStore.ts:502:3
    at file:///home/quigley/projects/Tinkertools/node_modules/pinia/dist/pinia.mjs:1480:98
    at EffectScope.run (/home/quigley/projects/Tinkertools/node_modules/@vue/reactivity/dist/reactivity.cjs.js:47:16)
    at file:///home/quigley/projects/Tinkertools/node_modules/pinia/dist/pinia.mjs:1480:88
    at EffectScope.run (/home/quigley/projects/Tinkertools/node_modules/@vue/reactivity/dist/reactivity.cjs.js:47:16)
Failed to load selected profession: Error: Storage error
    at Object.<anonymous> (/home/quigley/projects/Tinkertools/frontend/src/__tests__/stores/nanosStore.test.ts:83:13)
    at Object.mockCall (file:///home/quigley/projects/Tinkertools/node_modules/@vitest/spy/dist/index.js:61:17)
    at Object.spy [as getItem] (file:///home/quigley/projects/Tinkertools/node_modules/tinyspy/dist/index.js:45:80)
    at loadSelectedProfession (/home/quigley/projects/Tinkertools/frontend/src/stores/nanosStore.ts:482:34)
    at initialize (/home/quigley/projects/Tinkertools/frontend/src/stores/nanosStore.ts:498:5)
    at /home/quigley/projects/Tinkertools/frontend/src/stores/nanosStore.ts:502:3
    at file:///home/quigley/projects/Tinkertools/node_modules/pinia/dist/pinia.mjs:1480:98
    at EffectScope.run (/home/quigley/projects/Tinkertools/node_modules/@vue/reactivity/dist/reactivity.cjs.js:47:16)
    at file:///home/quigley/projects/Tinkertools/node_modules/pinia/dist/pinia.mjs:1480:88
    at EffectScope.run (/home/quigley/projects/Tinkertools/node_modules/@vue/reactivity/dist/reactivity.cjs.js:47:16)

stderr | src/__tests__/stores/nanosStore.test.ts > nanosStore > filters nanos by quality level
Failed to fetch nanos: TypeError: fetch failed
    at node:internal/deps/undici/undici:15433:13
    at processTicksAndRejections (node:internal/process/task_queues:105:5)
    at Proxy.fetchNanos (/home/quigley/projects/Tinkertools/frontend/src/stores/nanosStore.ts:179:24)
    at /home/quigley/projects/Tinkertools/frontend/src/__tests__/stores/nanosStore.test.ts:215:5 {
  [cause]: ConnectTimeoutError: Connect Timeout Error (attempted address: localhost:8000, timeout: 10000ms)
      at onConnectTimeout (node:internal/deps/undici/undici:1532:23)
      at Immediate._onImmediate (node:internal/deps/undici/undici:1513:11)
      at processImmediate (node:internal/timers:505:21) {
    code: 'UND_ERR_CONNECT_TIMEOUT'
  }
}
Failed to load nanos from storage: Error: Storage error
    at Object.<anonymous> (/home/quigley/projects/Tinkertools/frontend/src/__tests__/stores/nanosStore.test.ts:83:13)
    at Object.mockCall (file:///home/quigley/projects/Tinkertools/node_modules/@vitest/spy/dist/index.js:61:17)
    at Object.spy [as getItem] (file:///home/quigley/projects/Tinkertools/node_modules/tinyspy/dist/index.js:45:80)
    at loadNanosFromStorage (/home/quigley/projects/Tinkertools/frontend/src/stores/nanosStore.ts:382:35)
    at Proxy.fetchNanos (/home/quigley/projects/Tinkertools/frontend/src/stores/nanosStore.ts:221:7)
    at processTicksAndRejections (node:internal/process/task_queues:105:5)
    at /home/quigley/projects/Tinkertools/frontend/src/__tests__/stores/nanosStore.test.ts:215:5

stderr | src/__tests__/integration/nanosStore.integration.test.ts > NanosStore Integration Tests > computes available schools correctly with real data
Failed to fetch nanos: TypeError: fetch failed
    at node:internal/deps/undici/undici:15433:13
    at processTicksAndRejections (node:internal/process/task_queues:105:5)
    at Proxy.fetchNanos (/home/quigley/projects/Tinkertools/frontend/src/stores/nanosStore.ts:179:24)
    at /home/quigley/projects/Tinkertools/frontend/src/__tests__/integration/nanosStore.integration.test.ts:93:5 {
  [cause]: ConnectTimeoutError: Connect Timeout Error (attempted address: localhost:8000, timeout: 10000ms)
      at onConnectTimeout (node:internal/deps/undici/undici:1532:23)
      at Immediate._onImmediate (node:internal/deps/undici/undici:1513:11)
      at processImmediate (node:internal/timers:505:21) {
    code: 'UND_ERR_CONNECT_TIMEOUT'
  }
}

stderr | src/__tests__/integration/backend-integration.test.ts > Backend Integration Tests > gets nano statistics from backend
Failed to fetch nanos: TypeError: fetch failed
    at node:internal/deps/undici/undici:15433:13
    at processTicksAndRejections (node:internal/process/task_queues:105:5)
    at Proxy.fetchNanos (/home/quigley/projects/Tinkertools/frontend/src/stores/nanosStore.ts:179:24)
    at /home/quigley/projects/Tinkertools/frontend/src/__tests__/integration/backend-integration.test.ts:99:5 {
  [cause]: ConnectTimeoutError: Connect Timeout Error (attempted address: localhost:8000, timeout: 10000ms)
      at onConnectTimeout (node:internal/deps/undici/undici:1532:23)
      at Immediate._onImmediate (node:internal/deps/undici/undici:1513:11)
      at processImmediate (node:internal/timers:505:21) {
    code: 'UND_ERR_CONNECT_TIMEOUT'
  }
}

stderr | src/__tests__/stores/nanosStore.test.ts > nanosStore > filters nanos by level range
Failed to load nanos from storage: Error: Storage error
    at Object.<anonymous> (/home/quigley/projects/Tinkertools/frontend/src/__tests__/stores/nanosStore.test.ts:83:13)
    at Object.mockCall (file:///home/quigley/projects/Tinkertools/node_modules/@vitest/spy/dist/index.js:61:17)
    at Object.spy [as getItem] (file:///home/quigley/projects/Tinkertools/node_modules/tinyspy/dist/index.js:45:80)
    at loadNanosFromStorage (/home/quigley/projects/Tinkertools/frontend/src/stores/nanosStore.ts:382:35)
    at initialize (/home/quigley/projects/Tinkertools/frontend/src/stores/nanosStore.ts:493:5)
    at /home/quigley/projects/Tinkertools/frontend/src/stores/nanosStore.ts:502:3
    at file:///home/quigley/projects/Tinkertools/node_modules/pinia/dist/pinia.mjs:1480:98
    at EffectScope.run (/home/quigley/projects/Tinkertools/node_modules/@vue/reactivity/dist/reactivity.cjs.js:47:16)
    at file:///home/quigley/projects/Tinkertools/node_modules/pinia/dist/pinia.mjs:1480:88
    at EffectScope.run (/home/quigley/projects/Tinkertools/node_modules/@vue/reactivity/dist/reactivity.cjs.js:47:16)
Failed to load favorites: Error: Storage error
    at Object.<anonymous> (/home/quigley/projects/Tinkertools/frontend/src/__tests__/stores/nanosStore.test.ts:83:13)
    at Object.mockCall (file:///home/quigley/projects/Tinkertools/node_modules/@vitest/spy/dist/index.js:61:17)
    at Object.spy [as getItem] (file:///home/quigley/projects/Tinkertools/node_modules/tinyspy/dist/index.js:45:80)
    at loadFavorites (/home/quigley/projects/Tinkertools/frontend/src/stores/nanosStore.ts:406:34)
    at initialize (/home/quigley/projects/Tinkertools/frontend/src/stores/nanosStore.ts:494:5)
    at /home/quigley/projects/Tinkertools/frontend/src/stores/nanosStore.ts:502:3
    at file:///home/quigley/projects/Tinkertools/node_modules/pinia/dist/pinia.mjs:1480:98
    at EffectScope.run (/home/quigley/projects/Tinkertools/node_modules/@vue/reactivity/dist/reactivity.cjs.js:47:16)
    at file:///home/quigley/projects/Tinkertools/node_modules/pinia/dist/pinia.mjs:1480:88
    at EffectScope.run (/home/quigley/projects/Tinkertools/node_modules/@vue/reactivity/dist/reactivity.cjs.js:47:16)
Failed to load filters: Error: Storage error
    at Object.<anonymous> (/home/quigley/projects/Tinkertools/frontend/src/__tests__/stores/nanosStore.test.ts:83:13)
    at Object.mockCall (file:///home/quigley/projects/Tinkertools/node_modules/@vitest/spy/dist/index.js:61:17)
    at Object.spy [as getItem] (file:///home/quigley/projects/Tinkertools/node_modules/tinyspy/dist/index.js:45:80)
    at loadFilters (/home/quigley/projects/Tinkertools/frontend/src/stores/nanosStore.ts:425:34)
    at initialize (/home/quigley/projects/Tinkertools/frontend/src/stores/nanosStore.ts:495:5)
    at /home/quigley/projects/Tinkertools/frontend/src/stores/nanosStore.ts:502:3
    at file:///home/quigley/projects/Tinkertools/node_modules/pinia/dist/pinia.mjs:1480:98
    at EffectScope.run (/home/quigley/projects/Tinkertools/node_modules/@vue/reactivity/dist/reactivity.cjs.js:47:16)
    at file:///home/quigley/projects/Tinkertools/node_modules/pinia/dist/pinia.mjs:1480:88
    at EffectScope.run (/home/quigley/projects/Tinkertools/node_modules/@vue/reactivity/dist/reactivity.cjs.js:47:16)
Failed to load preferences: Error: Storage error
    at Object.<anonymous> (/home/quigley/projects/Tinkertools/frontend/src/__tests__/stores/nanosStore.test.ts:83:13)
    at Object.mockCall (file:///home/quigley/projects/Tinkertools/node_modules/@vitest/spy/dist/index.js:61:17)
    at Object.spy [as getItem] (file:///home/quigley/projects/Tinkertools/node_modules/tinyspy/dist/index.js:45:80)
    at loadPreferences (/home/quigley/projects/Tinkertools/frontend/src/stores/nanosStore.ts:444:34)
    at initialize (/home/quigley/projects/Tinkertools/frontend/src/stores/nanosStore.ts:496:5)
    at /home/quigley/projects/Tinkertools/frontend/src/stores/nanosStore.ts:502:3
    at file:///home/quigley/projects/Tinkertools/node_modules/pinia/dist/pinia.mjs:1480:98
    at EffectScope.run (/home/quigley/projects/Tinkertools/node_modules/@vue/reactivity/dist/reactivity.cjs.js:47:16)
    at file:///home/quigley/projects/Tinkertools/node_modules/pinia/dist/pinia.mjs:1480:88
    at EffectScope.run (/home/quigley/projects/Tinkertools/node_modules/@vue/reactivity/dist/reactivity.cjs.js:47:16)
Failed to load search history: Error: Storage error
    at Object.<anonymous> (/home/quigley/projects/Tinkertools/frontend/src/__tests__/stores/nanosStore.test.ts:83:13)
    at Object.mockCall (file:///home/quigley/projects/Tinkertools/node_modules/@vitest/spy/dist/index.js:61:17)
    at Object.spy [as getItem] (file:///home/quigley/projects/Tinkertools/node_modules/tinyspy/dist/index.js:45:80)
    at loadSearchHistory (/home/quigley/projects/Tinkertools/frontend/src/stores/nanosStore.ts:463:34)
    at initialize (/home/quigley/projects/Tinkertools/frontend/src/stores/nanosStore.ts:497:5)
    at /home/quigley/projects/Tinkertools/frontend/src/stores/nanosStore.ts:502:3
    at file:///home/quigley/projects/Tinkertools/node_modules/pinia/dist/pinia.mjs:1480:98
    at EffectScope.run (/home/quigley/projects/Tinkertools/node_modules/@vue/reactivity/dist/reactivity.cjs.js:47:16)
    at file:///home/quigley/projects/Tinkertools/node_modules/pinia/dist/pinia.mjs:1480:88
    at EffectScope.run (/home/quigley/projects/Tinkertools/node_modules/@vue/reactivity/dist/reactivity.cjs.js:47:16)
Failed to load selected profession: Error: Storage error
    at Object.<anonymous> (/home/quigley/projects/Tinkertools/frontend/src/__tests__/stores/nanosStore.test.ts:83:13)
    at Object.mockCall (file:///home/quigley/projects/Tinkertools/node_modules/@vitest/spy/dist/index.js:61:17)
    at Object.spy [as getItem] (file:///home/quigley/projects/Tinkertools/node_modules/tinyspy/dist/index.js:45:80)
    at loadSelectedProfession (/home/quigley/projects/Tinkertools/frontend/src/stores/nanosStore.ts:482:34)
    at initialize (/home/quigley/projects/Tinkertools/frontend/src/stores/nanosStore.ts:498:5)
    at /home/quigley/projects/Tinkertools/frontend/src/stores/nanosStore.ts:502:3
    at file:///home/quigley/projects/Tinkertools/node_modules/pinia/dist/pinia.mjs:1480:98
    at EffectScope.run (/home/quigley/projects/Tinkertools/node_modules/@vue/reactivity/dist/reactivity.cjs.js:47:16)
    at file:///home/quigley/projects/Tinkertools/node_modules/pinia/dist/pinia.mjs:1480:88
    at EffectScope.run (/home/quigley/projects/Tinkertools/node_modules/@vue/reactivity/dist/reactivity.cjs.js:47:16)

stderr | src/__tests__/stores/nanosStore.test.ts > nanosStore > filters nanos by level range
Failed to fetch nanos: TypeError: fetch failed
    at node:internal/deps/undici/undici:15433:13
    at processTicksAndRejections (node:internal/process/task_queues:105:5)
    at Proxy.fetchNanos (/home/quigley/projects/Tinkertools/frontend/src/stores/nanosStore.ts:179:24)
    at /home/quigley/projects/Tinkertools/frontend/src/__tests__/stores/nanosStore.test.ts:224:5 {
  [cause]: ConnectTimeoutError: Connect Timeout Error (attempted address: localhost:8000, timeout: 10000ms)
      at onConnectTimeout (node:internal/deps/undici/undici:1532:23)
      at Immediate._onImmediate (node:internal/deps/undici/undici:1513:11)
      at processImmediate (node:internal/timers:505:21) {
    code: 'UND_ERR_CONNECT_TIMEOUT'
  }
}
Failed to load nanos from storage: Error: Storage error
    at Object.<anonymous> (/home/quigley/projects/Tinkertools/frontend/src/__tests__/stores/nanosStore.test.ts:83:13)
    at Object.mockCall (file:///home/quigley/projects/Tinkertools/node_modules/@vitest/spy/dist/index.js:61:17)
    at Object.spy [as getItem] (file:///home/quigley/projects/Tinkertools/node_modules/tinyspy/dist/index.js:45:80)
    at loadNanosFromStorage (/home/quigley/projects/Tinkertools/frontend/src/stores/nanosStore.ts:382:35)
    at Proxy.fetchNanos (/home/quigley/projects/Tinkertools/frontend/src/stores/nanosStore.ts:221:7)
    at processTicksAndRejections (node:internal/process/task_queues:105:5)
    at /home/quigley/projects/Tinkertools/frontend/src/__tests__/stores/nanosStore.test.ts:224:5

stderr | src/__tests__/stores/nanosStore.test.ts > nanosStore > filters nanos by level range
Failed to search nanos: TypeError: fetch failed
    at node:internal/deps/undici/undici:15433:13
    at processTicksAndRejections (node:internal/process/task_queues:105:5)
    at Proxy.searchNanos (/home/quigley/projects/Tinkertools/frontend/src/stores/nanosStore.ts:238:26)
    at /home/quigley/projects/Tinkertools/frontend/src/__tests__/stores/nanosStore.test.ts:110:7 {
  [cause]: ConnectTimeoutError: Connect Timeout Error (attempted address: localhost:8000, timeout: 10000ms)
      at onConnectTimeout (node:internal/deps/undici/undici:1532:23)
      at Immediate._onImmediate (node:internal/deps/undici/undici:1513:11)
      at processImmediate (node:internal/timers:505:21) {
    code: 'UND_ERR_CONNECT_TIMEOUT'
  }
}

stderr | src/__tests__/stores/nanosStore.test.ts > nanosStore > sorts nanos by name
Failed to load nanos from storage: Error: Storage error
    at Object.<anonymous> (/home/quigley/projects/Tinkertools/frontend/src/__tests__/stores/nanosStore.test.ts:83:13)
    at Object.mockCall (file:///home/quigley/projects/Tinkertools/node_modules/@vitest/spy/dist/index.js:61:17)
    at Object.spy [as getItem] (file:///home/quigley/projects/Tinkertools/node_modules/tinyspy/dist/index.js:45:80)
    at loadNanosFromStorage (/home/quigley/projects/Tinkertools/frontend/src/stores/nanosStore.ts:382:35)
    at initialize (/home/quigley/projects/Tinkertools/frontend/src/stores/nanosStore.ts:493:5)
    at /home/quigley/projects/Tinkertools/frontend/src/stores/nanosStore.ts:502:3
    at file:///home/quigley/projects/Tinkertools/node_modules/pinia/dist/pinia.mjs:1480:98
    at EffectScope.run (/home/quigley/projects/Tinkertools/node_modules/@vue/reactivity/dist/reactivity.cjs.js:47:16)
    at file:///home/quigley/projects/Tinkertools/node_modules/pinia/dist/pinia.mjs:1480:88
    at EffectScope.run (/home/quigley/projects/Tinkertools/node_modules/@vue/reactivity/dist/reactivity.cjs.js:47:16)
Failed to load favorites: Error: Storage error
    at Object.<anonymous> (/home/quigley/projects/Tinkertools/frontend/src/__tests__/stores/nanosStore.test.ts:83:13)
    at Object.mockCall (file:///home/quigley/projects/Tinkertools/node_modules/@vitest/spy/dist/index.js:61:17)
    at Object.spy [as getItem] (file:///home/quigley/projects/Tinkertools/node_modules/tinyspy/dist/index.js:45:80)
    at loadFavorites (/home/quigley/projects/Tinkertools/frontend/src/stores/nanosStore.ts:406:34)
    at initialize (/home/quigley/projects/Tinkertools/frontend/src/stores/nanosStore.ts:494:5)
    at /home/quigley/projects/Tinkertools/frontend/src/stores/nanosStore.ts:502:3
    at file:///home/quigley/projects/Tinkertools/node_modules/pinia/dist/pinia.mjs:1480:98
    at EffectScope.run (/home/quigley/projects/Tinkertools/node_modules/@vue/reactivity/dist/reactivity.cjs.js:47:16)
    at file:///home/quigley/projects/Tinkertools/node_modules/pinia/dist/pinia.mjs:1480:88
    at EffectScope.run (/home/quigley/projects/Tinkertools/node_modules/@vue/reactivity/dist/reactivity.cjs.js:47:16)
Failed to load filters: Error: Storage error
    at Object.<anonymous> (/home/quigley/projects/Tinkertools/frontend/src/__tests__/stores/nanosStore.test.ts:83:13)
    at Object.mockCall (file:///home/quigley/projects/Tinkertools/node_modules/@vitest/spy/dist/index.js:61:17)
    at Object.spy [as getItem] (file:///home/quigley/projects/Tinkertools/node_modules/tinyspy/dist/index.js:45:80)
    at loadFilters (/home/quigley/projects/Tinkertools/frontend/src/stores/nanosStore.ts:425:34)
    at initialize (/home/quigley/projects/Tinkertools/frontend/src/stores/nanosStore.ts:495:5)
    at /home/quigley/projects/Tinkertools/frontend/src/stores/nanosStore.ts:502:3
    at file:///home/quigley/projects/Tinkertools/node_modules/pinia/dist/pinia.mjs:1480:98
    at EffectScope.run (/home/quigley/projects/Tinkertools/node_modules/@vue/reactivity/dist/reactivity.cjs.js:47:16)
    at file:///home/quigley/projects/Tinkertools/node_modules/pinia/dist/pinia.mjs:1480:88
    at EffectScope.run (/home/quigley/projects/Tinkertools/node_modules/@vue/reactivity/dist/reactivity.cjs.js:47:16)
Failed to load preferences: Error: Storage error
    at Object.<anonymous> (/home/quigley/projects/Tinkertools/frontend/src/__tests__/stores/nanosStore.test.ts:83:13)
    at Object.mockCall (file:///home/quigley/projects/Tinkertools/node_modules/@vitest/spy/dist/index.js:61:17)
    at Object.spy [as getItem] (file:///home/quigley/projects/Tinkertools/node_modules/tinyspy/dist/index.js:45:80)
    at loadPreferences (/home/quigley/projects/Tinkertools/frontend/src/stores/nanosStore.ts:444:34)
    at initialize (/home/quigley/projects/Tinkertools/frontend/src/stores/nanosStore.ts:496:5)
    at /home/quigley/projects/Tinkertools/frontend/src/stores/nanosStore.ts:502:3
    at file:///home/quigley/projects/Tinkertools/node_modules/pinia/dist/pinia.mjs:1480:98
    at EffectScope.run (/home/quigley/projects/Tinkertools/node_modules/@vue/reactivity/dist/reactivity.cjs.js:47:16)
    at file:///home/quigley/projects/Tinkertools/node_modules/pinia/dist/pinia.mjs:1480:88
    at EffectScope.run (/home/quigley/projects/Tinkertools/node_modules/@vue/reactivity/dist/reactivity.cjs.js:47:16)
Failed to load search history: Error: Storage error
    at Object.<anonymous> (/home/quigley/projects/Tinkertools/frontend/src/__tests__/stores/nanosStore.test.ts:83:13)
    at Object.mockCall (file:///home/quigley/projects/Tinkertools/node_modules/@vitest/spy/dist/index.js:61:17)
    at Object.spy [as getItem] (file:///home/quigley/projects/Tinkertools/node_modules/tinyspy/dist/index.js:45:80)
    at loadSearchHistory (/home/quigley/projects/Tinkertools/frontend/src/stores/nanosStore.ts:463:34)
    at initialize (/home/quigley/projects/Tinkertools/frontend/src/stores/nanosStore.ts:497:5)
    at /home/quigley/projects/Tinkertools/frontend/src/stores/nanosStore.ts:502:3
    at file:///home/quigley/projects/Tinkertools/node_modules/pinia/dist/pinia.mjs:1480:98
    at EffectScope.run (/home/quigley/projects/Tinkertools/node_modules/@vue/reactivity/dist/reactivity.cjs.js:47:16)
    at file:///home/quigley/projects/Tinkertools/node_modules/pinia/dist/pinia.mjs:1480:88
    at EffectScope.run (/home/quigley/projects/Tinkertools/node_modules/@vue/reactivity/dist/reactivity.cjs.js:47:16)
Failed to load selected profession: Error: Storage error
    at Object.<anonymous> (/home/quigley/projects/Tinkertools/frontend/src/__tests__/stores/nanosStore.test.ts:83:13)
    at Object.mockCall (file:///home/quigley/projects/Tinkertools/node_modules/@vitest/spy/dist/index.js:61:17)
    at Object.spy [as getItem] (file:///home/quigley/projects/Tinkertools/node_modules/tinyspy/dist/index.js:45:80)
    at loadSelectedProfession (/home/quigley/projects/Tinkertools/frontend/src/stores/nanosStore.ts:482:34)
    at initialize (/home/quigley/projects/Tinkertools/frontend/src/stores/nanosStore.ts:498:5)
    at /home/quigley/projects/Tinkertools/frontend/src/stores/nanosStore.ts:502:3
    at file:///home/quigley/projects/Tinkertools/node_modules/pinia/dist/pinia.mjs:1480:98
    at EffectScope.run (/home/quigley/projects/Tinkertools/node_modules/@vue/reactivity/dist/reactivity.cjs.js:47:16)
    at file:///home/quigley/projects/Tinkertools/node_modules/pinia/dist/pinia.mjs:1480:88
    at EffectScope.run (/home/quigley/projects/Tinkertools/node_modules/@vue/reactivity/dist/reactivity.cjs.js:47:16)

stderr | src/__tests__/stores/nanosStore.test.ts > nanosStore > sorts nanos by name
Failed to fetch nanos: TypeError: fetch failed
    at node:internal/deps/undici/undici:15433:13
    at processTicksAndRejections (node:internal/process/task_queues:105:5)
    at Proxy.fetchNanos (/home/quigley/projects/Tinkertools/frontend/src/stores/nanosStore.ts:179:24)
    at /home/quigley/projects/Tinkertools/frontend/src/__tests__/stores/nanosStore.test.ts:234:5 {
  [cause]: ConnectTimeoutError: Connect Timeout Error (attempted address: localhost:8000, timeout: 10000ms)
      at onConnectTimeout (node:internal/deps/undici/undici:1532:23)
      at Immediate._onImmediate (node:internal/deps/undici/undici:1513:11)
      at processImmediate (node:internal/timers:505:21) {
    code: 'UND_ERR_CONNECT_TIMEOUT'
  }
}
Failed to load nanos from storage: Error: Storage error
    at Object.<anonymous> (/home/quigley/projects/Tinkertools/frontend/src/__tests__/stores/nanosStore.test.ts:83:13)
    at Object.mockCall (file:///home/quigley/projects/Tinkertools/node_modules/@vitest/spy/dist/index.js:61:17)
    at Object.spy [as getItem] (file:///home/quigley/projects/Tinkertools/node_modules/tinyspy/dist/index.js:45:80)
    at loadNanosFromStorage (/home/quigley/projects/Tinkertools/frontend/src/stores/nanosStore.ts:382:35)
    at Proxy.fetchNanos (/home/quigley/projects/Tinkertools/frontend/src/stores/nanosStore.ts:221:7)
    at processTicksAndRejections (node:internal/process/task_queues:105:5)
    at /home/quigley/projects/Tinkertools/frontend/src/__tests__/stores/nanosStore.test.ts:234:5

 ❯ src/__tests__/integration/backend-integration.test.ts  (5 tests | 5 failed) 50040ms
   × Backend Integration Tests > fetches real nano data from new backend endpoint
     → Test timed out in 10000ms.
If this is a long-running test, pass a timeout value as the last argument or configure it globally with "testTimeout".
   × Backend Integration Tests > searches nanos using backend search endpoint
     → Test timed out in 10000ms.
If this is a long-running test, pass a timeout value as the last argument or configure it globally with "testTimeout".
   × Backend Integration Tests > handles school filtering correctly
     → Test timed out in 10000ms.
If this is a long-running test, pass a timeout value as the last argument or configure it globally with "testTimeout".
   × Backend Integration Tests > maps backend field names correctly
     → Test timed out in 10000ms.
If this is a long-running test, pass a timeout value as the last argument or configure it globally with "testTimeout".
   × Backend Integration Tests > gets nano statistics from backend
     → Test timed out in 10000ms.
If this is a long-running test, pass a timeout value as the last argument or configure it globally with "testTimeout".
stderr | src/__tests__/integration/nanosStore.integration.test.ts > NanosStore Integration Tests > gets nano by id correctly
Failed to fetch nanos: TypeError: fetch failed
    at node:internal/deps/undici/undici:15433:13
    at processTicksAndRejections (node:internal/process/task_queues:105:5)
    at Proxy.fetchNanos (/home/quigley/projects/Tinkertools/frontend/src/stores/nanosStore.ts:179:24)
    at /home/quigley/projects/Tinkertools/frontend/src/__tests__/integration/nanosStore.integration.test.ts:116:5 {
  [cause]: ConnectTimeoutError: Connect Timeout Error (attempted address: localhost:8000, timeout: 10000ms)
      at onConnectTimeout (node:internal/deps/undici/undici:1532:23)
      at Immediate._onImmediate (node:internal/deps/undici/undici:1513:11)
      at processImmediate (node:internal/timers:505:21) {
    code: 'UND_ERR_CONNECT_TIMEOUT'
  }
}

stderr | src/__tests__/stores/nanosStore.test.ts > nanosStore > sorts nanos by level
Failed to load nanos from storage: Error: Storage error
    at Object.<anonymous> (/home/quigley/projects/Tinkertools/frontend/src/__tests__/stores/nanosStore.test.ts:83:13)
    at Object.mockCall (file:///home/quigley/projects/Tinkertools/node_modules/@vitest/spy/dist/index.js:61:17)
    at Object.spy [as getItem] (file:///home/quigley/projects/Tinkertools/node_modules/tinyspy/dist/index.js:45:80)
    at loadNanosFromStorage (/home/quigley/projects/Tinkertools/frontend/src/stores/nanosStore.ts:382:35)
    at initialize (/home/quigley/projects/Tinkertools/frontend/src/stores/nanosStore.ts:493:5)
    at /home/quigley/projects/Tinkertools/frontend/src/stores/nanosStore.ts:502:3
    at file:///home/quigley/projects/Tinkertools/node_modules/pinia/dist/pinia.mjs:1480:98
    at EffectScope.run (/home/quigley/projects/Tinkertools/node_modules/@vue/reactivity/dist/reactivity.cjs.js:47:16)
    at file:///home/quigley/projects/Tinkertools/node_modules/pinia/dist/pinia.mjs:1480:88
    at EffectScope.run (/home/quigley/projects/Tinkertools/node_modules/@vue/reactivity/dist/reactivity.cjs.js:47:16)
Failed to load favorites: Error: Storage error
    at Object.<anonymous> (/home/quigley/projects/Tinkertools/frontend/src/__tests__/stores/nanosStore.test.ts:83:13)
    at Object.mockCall (file:///home/quigley/projects/Tinkertools/node_modules/@vitest/spy/dist/index.js:61:17)
    at Object.spy [as getItem] (file:///home/quigley/projects/Tinkertools/node_modules/tinyspy/dist/index.js:45:80)
    at loadFavorites (/home/quigley/projects/Tinkertools/frontend/src/stores/nanosStore.ts:406:34)
    at initialize (/home/quigley/projects/Tinkertools/frontend/src/stores/nanosStore.ts:494:5)
    at /home/quigley/projects/Tinkertools/frontend/src/stores/nanosStore.ts:502:3
    at file:///home/quigley/projects/Tinkertools/node_modules/pinia/dist/pinia.mjs:1480:98
    at EffectScope.run (/home/quigley/projects/Tinkertools/node_modules/@vue/reactivity/dist/reactivity.cjs.js:47:16)
    at file:///home/quigley/projects/Tinkertools/node_modules/pinia/dist/pinia.mjs:1480:88
    at EffectScope.run (/home/quigley/projects/Tinkertools/node_modules/@vue/reactivity/dist/reactivity.cjs.js:47:16)
Failed to load filters: Error: Storage error
    at Object.<anonymous> (/home/quigley/projects/Tinkertools/frontend/src/__tests__/stores/nanosStore.test.ts:83:13)
    at Object.mockCall (file:///home/quigley/projects/Tinkertools/node_modules/@vitest/spy/dist/index.js:61:17)
    at Object.spy [as getItem] (file:///home/quigley/projects/Tinkertools/node_modules/tinyspy/dist/index.js:45:80)
    at loadFilters (/home/quigley/projects/Tinkertools/frontend/src/stores/nanosStore.ts:425:34)
    at initialize (/home/quigley/projects/Tinkertools/frontend/src/stores/nanosStore.ts:495:5)
    at /home/quigley/projects/Tinkertools/frontend/src/stores/nanosStore.ts:502:3
    at file:///home/quigley/projects/Tinkertools/node_modules/pinia/dist/pinia.mjs:1480:98
    at EffectScope.run (/home/quigley/projects/Tinkertools/node_modules/@vue/reactivity/dist/reactivity.cjs.js:47:16)
    at file:///home/quigley/projects/Tinkertools/node_modules/pinia/dist/pinia.mjs:1480:88
    at EffectScope.run (/home/quigley/projects/Tinkertools/node_modules/@vue/reactivity/dist/reactivity.cjs.js:47:16)
Failed to load preferences: Error: Storage error
    at Object.<anonymous> (/home/quigley/projects/Tinkertools/frontend/src/__tests__/stores/nanosStore.test.ts:83:13)
    at Object.mockCall (file:///home/quigley/projects/Tinkertools/node_modules/@vitest/spy/dist/index.js:61:17)
    at Object.spy [as getItem] (file:///home/quigley/projects/Tinkertools/node_modules/tinyspy/dist/index.js:45:80)
    at loadPreferences (/home/quigley/projects/Tinkertools/frontend/src/stores/nanosStore.ts:444:34)
    at initialize (/home/quigley/projects/Tinkertools/frontend/src/stores/nanosStore.ts:496:5)
    at /home/quigley/projects/Tinkertools/frontend/src/stores/nanosStore.ts:502:3
    at file:///home/quigley/projects/Tinkertools/node_modules/pinia/dist/pinia.mjs:1480:98
    at EffectScope.run (/home/quigley/projects/Tinkertools/node_modules/@vue/reactivity/dist/reactivity.cjs.js:47:16)
    at file:///home/quigley/projects/Tinkertools/node_modules/pinia/dist/pinia.mjs:1480:88
    at EffectScope.run (/home/quigley/projects/Tinkertools/node_modules/@vue/reactivity/dist/reactivity.cjs.js:47:16)
Failed to load search history: Error: Storage error
    at Object.<anonymous> (/home/quigley/projects/Tinkertools/frontend/src/__tests__/stores/nanosStore.test.ts:83:13)
    at Object.mockCall (file:///home/quigley/projects/Tinkertools/node_modules/@vitest/spy/dist/index.js:61:17)
    at Object.spy [as getItem] (file:///home/quigley/projects/Tinkertools/node_modules/tinyspy/dist/index.js:45:80)
    at loadSearchHistory (/home/quigley/projects/Tinkertools/frontend/src/stores/nanosStore.ts:463:34)
    at initialize (/home/quigley/projects/Tinkertools/frontend/src/stores/nanosStore.ts:497:5)
    at /home/quigley/projects/Tinkertools/frontend/src/stores/nanosStore.ts:502:3
    at file:///home/quigley/projects/Tinkertools/node_modules/pinia/dist/pinia.mjs:1480:98
    at EffectScope.run (/home/quigley/projects/Tinkertools/node_modules/@vue/reactivity/dist/reactivity.cjs.js:47:16)
    at file:///home/quigley/projects/Tinkertools/node_modules/pinia/dist/pinia.mjs:1480:88
    at EffectScope.run (/home/quigley/projects/Tinkertools/node_modules/@vue/reactivity/dist/reactivity.cjs.js:47:16)
Failed to load selected profession: Error: Storage error
    at Object.<anonymous> (/home/quigley/projects/Tinkertools/frontend/src/__tests__/stores/nanosStore.test.ts:83:13)
    at Object.mockCall (file:///home/quigley/projects/Tinkertools/node_modules/@vitest/spy/dist/index.js:61:17)
    at Object.spy [as getItem] (file:///home/quigley/projects/Tinkertools/node_modules/tinyspy/dist/index.js:45:80)
    at loadSelectedProfession (/home/quigley/projects/Tinkertools/frontend/src/stores/nanosStore.ts:482:34)
    at initialize (/home/quigley/projects/Tinkertools/frontend/src/stores/nanosStore.ts:498:5)
    at /home/quigley/projects/Tinkertools/frontend/src/stores/nanosStore.ts:502:3
    at file:///home/quigley/projects/Tinkertools/node_modules/pinia/dist/pinia.mjs:1480:98
    at EffectScope.run (/home/quigley/projects/Tinkertools/node_modules/@vue/reactivity/dist/reactivity.cjs.js:47:16)
    at file:///home/quigley/projects/Tinkertools/node_modules/pinia/dist/pinia.mjs:1480:88
    at EffectScope.run (/home/quigley/projects/Tinkertools/node_modules/@vue/reactivity/dist/reactivity.cjs.js:47:16)

stderr | src/__tests__/stores/nanosStore.test.ts > nanosStore > sorts nanos by level
Failed to fetch nanos: TypeError: fetch failed
    at node:internal/deps/undici/undici:15433:13
    at processTicksAndRejections (node:internal/process/task_queues:105:5)
    at Proxy.fetchNanos (/home/quigley/projects/Tinkertools/frontend/src/stores/nanosStore.ts:179:24)
    at /home/quigley/projects/Tinkertools/frontend/src/__tests__/stores/nanosStore.test.ts:244:5 {
  [cause]: ConnectTimeoutError: Connect Timeout Error (attempted address: localhost:8000, timeout: 10000ms)
      at onConnectTimeout (node:internal/deps/undici/undici:1532:23)
      at Immediate._onImmediate (node:internal/deps/undici/undici:1513:11)
      at processImmediate (node:internal/timers:505:21) {
    code: 'UND_ERR_CONNECT_TIMEOUT'
  }
}
Failed to load nanos from storage: Error: Storage error
    at Object.<anonymous> (/home/quigley/projects/Tinkertools/frontend/src/__tests__/stores/nanosStore.test.ts:83:13)
    at Object.mockCall (file:///home/quigley/projects/Tinkertools/node_modules/@vitest/spy/dist/index.js:61:17)
    at Object.spy [as getItem] (file:///home/quigley/projects/Tinkertools/node_modules/tinyspy/dist/index.js:45:80)
    at loadNanosFromStorage (/home/quigley/projects/Tinkertools/frontend/src/stores/nanosStore.ts:382:35)
    at Proxy.fetchNanos (/home/quigley/projects/Tinkertools/frontend/src/stores/nanosStore.ts:221:7)
    at processTicksAndRejections (node:internal/process/task_queues:105:5)
    at /home/quigley/projects/Tinkertools/frontend/src/__tests__/stores/nanosStore.test.ts:244:5

stderr | src/__tests__/stores/nanosStore.test.ts > nanosStore > sorts nanos by level
Failed to search nanos: TypeError: fetch failed
    at node:internal/deps/undici/undici:15433:13
    at processTicksAndRejections (node:internal/process/task_queues:105:5)
    at Proxy.searchNanos (/home/quigley/projects/Tinkertools/frontend/src/stores/nanosStore.ts:238:26)
    at /home/quigley/projects/Tinkertools/frontend/src/__tests__/stores/nanosStore.test.ts:110:7 {
  [cause]: ConnectTimeoutError: Connect Timeout Error (attempted address: localhost:8000, timeout: 10000ms)
      at onConnectTimeout (node:internal/deps/undici/undici:1532:23)
      at Immediate._onImmediate (node:internal/deps/undici/undici:1513:11)
      at processImmediate (node:internal/timers:505:21) {
    code: 'UND_ERR_CONNECT_TIMEOUT'
  }
}

stderr | src/__tests__/stores/nanosStore.test.ts > nanosStore > sorts nanos in descending order
Failed to load nanos from storage: Error: Storage error
    at Object.<anonymous> (/home/quigley/projects/Tinkertools/frontend/src/__tests__/stores/nanosStore.test.ts:83:13)
    at Object.mockCall (file:///home/quigley/projects/Tinkertools/node_modules/@vitest/spy/dist/index.js:61:17)
    at Object.spy [as getItem] (file:///home/quigley/projects/Tinkertools/node_modules/tinyspy/dist/index.js:45:80)
    at loadNanosFromStorage (/home/quigley/projects/Tinkertools/frontend/src/stores/nanosStore.ts:382:35)
    at initialize (/home/quigley/projects/Tinkertools/frontend/src/stores/nanosStore.ts:493:5)
    at /home/quigley/projects/Tinkertools/frontend/src/stores/nanosStore.ts:502:3
    at file:///home/quigley/projects/Tinkertools/node_modules/pinia/dist/pinia.mjs:1480:98
    at EffectScope.run (/home/quigley/projects/Tinkertools/node_modules/@vue/reactivity/dist/reactivity.cjs.js:47:16)
    at file:///home/quigley/projects/Tinkertools/node_modules/pinia/dist/pinia.mjs:1480:88
    at EffectScope.run (/home/quigley/projects/Tinkertools/node_modules/@vue/reactivity/dist/reactivity.cjs.js:47:16)
Failed to load favorites: Error: Storage error
    at Object.<anonymous> (/home/quigley/projects/Tinkertools/frontend/src/__tests__/stores/nanosStore.test.ts:83:13)
    at Object.mockCall (file:///home/quigley/projects/Tinkertools/node_modules/@vitest/spy/dist/index.js:61:17)
    at Object.spy [as getItem] (file:///home/quigley/projects/Tinkertools/node_modules/tinyspy/dist/index.js:45:80)
    at loadFavorites (/home/quigley/projects/Tinkertools/frontend/src/stores/nanosStore.ts:406:34)
    at initialize (/home/quigley/projects/Tinkertools/frontend/src/stores/nanosStore.ts:494:5)
    at /home/quigley/projects/Tinkertools/frontend/src/stores/nanosStore.ts:502:3
    at file:///home/quigley/projects/Tinkertools/node_modules/pinia/dist/pinia.mjs:1480:98
    at EffectScope.run (/home/quigley/projects/Tinkertools/node_modules/@vue/reactivity/dist/reactivity.cjs.js:47:16)
    at file:///home/quigley/projects/Tinkertools/node_modules/pinia/dist/pinia.mjs:1480:88
    at EffectScope.run (/home/quigley/projects/Tinkertools/node_modules/@vue/reactivity/dist/reactivity.cjs.js:47:16)
Failed to load filters: Error: Storage error
    at Object.<anonymous> (/home/quigley/projects/Tinkertools/frontend/src/__tests__/stores/nanosStore.test.ts:83:13)
    at Object.mockCall (file:///home/quigley/projects/Tinkertools/node_modules/@vitest/spy/dist/index.js:61:17)
    at Object.spy [as getItem] (file:///home/quigley/projects/Tinkertools/node_modules/tinyspy/dist/index.js:45:80)
    at loadFilters (/home/quigley/projects/Tinkertools/frontend/src/stores/nanosStore.ts:425:34)
    at initialize (/home/quigley/projects/Tinkertools/frontend/src/stores/nanosStore.ts:495:5)
    at /home/quigley/projects/Tinkertools/frontend/src/stores/nanosStore.ts:502:3
    at file:///home/quigley/projects/Tinkertools/node_modules/pinia/dist/pinia.mjs:1480:98
    at EffectScope.run (/home/quigley/projects/Tinkertools/node_modules/@vue/reactivity/dist/reactivity.cjs.js:47:16)
    at file:///home/quigley/projects/Tinkertools/node_modules/pinia/dist/pinia.mjs:1480:88
    at EffectScope.run (/home/quigley/projects/Tinkertools/node_modules/@vue/reactivity/dist/reactivity.cjs.js:47:16)
Failed to load preferences: Error: Storage error
    at Object.<anonymous> (/home/quigley/projects/Tinkertools/frontend/src/__tests__/stores/nanosStore.test.ts:83:13)
    at Object.mockCall (file:///home/quigley/projects/Tinkertools/node_modules/@vitest/spy/dist/index.js:61:17)
    at Object.spy [as getItem] (file:///home/quigley/projects/Tinkertools/node_modules/tinyspy/dist/index.js:45:80)
    at loadPreferences (/home/quigley/projects/Tinkertools/frontend/src/stores/nanosStore.ts:444:34)
    at initialize (/home/quigley/projects/Tinkertools/frontend/src/stores/nanosStore.ts:496:5)
    at /home/quigley/projects/Tinkertools/frontend/src/stores/nanosStore.ts:502:3
    at file:///home/quigley/projects/Tinkertools/node_modules/pinia/dist/pinia.mjs:1480:98
    at EffectScope.run (/home/quigley/projects/Tinkertools/node_modules/@vue/reactivity/dist/reactivity.cjs.js:47:16)
    at file:///home/quigley/projects/Tinkertools/node_modules/pinia/dist/pinia.mjs:1480:88
    at EffectScope.run (/home/quigley/projects/Tinkertools/node_modules/@vue/reactivity/dist/reactivity.cjs.js:47:16)
Failed to load search history: Error: Storage error
    at Object.<anonymous> (/home/quigley/projects/Tinkertools/frontend/src/__tests__/stores/nanosStore.test.ts:83:13)
    at Object.mockCall (file:///home/quigley/projects/Tinkertools/node_modules/@vitest/spy/dist/index.js:61:17)
    at Object.spy [as getItem] (file:///home/quigley/projects/Tinkertools/node_modules/tinyspy/dist/index.js:45:80)
    at loadSearchHistory (/home/quigley/projects/Tinkertools/frontend/src/stores/nanosStore.ts:463:34)
    at initialize (/home/quigley/projects/Tinkertools/frontend/src/stores/nanosStore.ts:497:5)
    at /home/quigley/projects/Tinkertools/frontend/src/stores/nanosStore.ts:502:3
    at file:///home/quigley/projects/Tinkertools/node_modules/pinia/dist/pinia.mjs:1480:98
    at EffectScope.run (/home/quigley/projects/Tinkertools/node_modules/@vue/reactivity/dist/reactivity.cjs.js:47:16)
    at file:///home/quigley/projects/Tinkertools/node_modules/pinia/dist/pinia.mjs:1480:88
    at EffectScope.run (/home/quigley/projects/Tinkertools/node_modules/@vue/reactivity/dist/reactivity.cjs.js:47:16)
Failed to load selected profession: Error: Storage error
    at Object.<anonymous> (/home/quigley/projects/Tinkertools/frontend/src/__tests__/stores/nanosStore.test.ts:83:13)
    at Object.mockCall (file:///home/quigley/projects/Tinkertools/node_modules/@vitest/spy/dist/index.js:61:17)
    at Object.spy [as getItem] (file:///home/quigley/projects/Tinkertools/node_modules/tinyspy/dist/index.js:45:80)
    at loadSelectedProfession (/home/quigley/projects/Tinkertools/frontend/src/stores/nanosStore.ts:482:34)
    at initialize (/home/quigley/projects/Tinkertools/frontend/src/stores/nanosStore.ts:498:5)
    at /home/quigley/projects/Tinkertools/frontend/src/stores/nanosStore.ts:502:3
    at file:///home/quigley/projects/Tinkertools/node_modules/pinia/dist/pinia.mjs:1480:98
    at EffectScope.run (/home/quigley/projects/Tinkertools/node_modules/@vue/reactivity/dist/reactivity.cjs.js:47:16)
    at file:///home/quigley/projects/Tinkertools/node_modules/pinia/dist/pinia.mjs:1480:88
    at EffectScope.run (/home/quigley/projects/Tinkertools/node_modules/@vue/reactivity/dist/reactivity.cjs.js:47:16)

stderr | src/__tests__/stores/nanosStore.test.ts > nanosStore > sorts nanos in descending order
Failed to fetch nanos: TypeError: fetch failed
    at node:internal/deps/undici/undici:15433:13
    at processTicksAndRejections (node:internal/process/task_queues:105:5)
    at Proxy.fetchNanos (/home/quigley/projects/Tinkertools/frontend/src/stores/nanosStore.ts:179:24)
    at /home/quigley/projects/Tinkertools/frontend/src/__tests__/stores/nanosStore.test.ts:255:5 {
  [cause]: ConnectTimeoutError: Connect Timeout Error (attempted address: localhost:8000, timeout: 10000ms)
      at onConnectTimeout (node:internal/deps/undici/undici:1532:23)
      at Immediate._onImmediate (node:internal/deps/undici/undici:1513:11)
      at processImmediate (node:internal/timers:505:21) {
    code: 'UND_ERR_CONNECT_TIMEOUT'
  }
}
Failed to load nanos from storage: Error: Storage error
    at Object.<anonymous> (/home/quigley/projects/Tinkertools/frontend/src/__tests__/stores/nanosStore.test.ts:83:13)
    at Object.mockCall (file:///home/quigley/projects/Tinkertools/node_modules/@vitest/spy/dist/index.js:61:17)
    at Object.spy [as getItem] (file:///home/quigley/projects/Tinkertools/node_modules/tinyspy/dist/index.js:45:80)
    at loadNanosFromStorage (/home/quigley/projects/Tinkertools/frontend/src/stores/nanosStore.ts:382:35)
    at Proxy.fetchNanos (/home/quigley/projects/Tinkertools/frontend/src/stores/nanosStore.ts:221:7)
    at processTicksAndRejections (node:internal/process/task_queues:105:5)
    at /home/quigley/projects/Tinkertools/frontend/src/__tests__/stores/nanosStore.test.ts:255:5

stderr | src/__tests__/integration/nanosStore.integration.test.ts > NanosStore Integration Tests > handles errors gracefully
Failed to fetch nanos: Error: Network error
    at /home/quigley/projects/Tinkertools/frontend/src/__tests__/integration/nanosStore.integration.test.ts:141:46
    at file:///home/quigley/projects/Tinkertools/node_modules/@vitest/runner/dist/index.js:146:14
    at file:///home/quigley/projects/Tinkertools/node_modules/@vitest/runner/dist/index.js:61:7
    at runTest (file:///home/quigley/projects/Tinkertools/node_modules/@vitest/runner/dist/index.js:960:17)
    at runSuite (file:///home/quigley/projects/Tinkertools/node_modules/@vitest/runner/dist/index.js:1116:15)
    at runSuite (file:///home/quigley/projects/Tinkertools/node_modules/@vitest/runner/dist/index.js:1116:15)
    at runFiles (file:///home/quigley/projects/Tinkertools/node_modules/@vitest/runner/dist/index.js:1173:5)
    at startTests (file:///home/quigley/projects/Tinkertools/node_modules/@vitest/runner/dist/index.js:1182:3)
    at file:///home/quigley/projects/Tinkertools/node_modules/vitest/dist/chunks/runBaseTests.CyvqmuC9.js:130:11
    at withEnv (file:///home/quigley/projects/Tinkertools/node_modules/vitest/dist/chunks/runBaseTests.CyvqmuC9.js:94:5)

 ❯ src/__tests__/integration/nanosStore.integration.test.ts  (9 tests | 6 failed) 60036ms
   × NanosStore Integration Tests > fetches real nano data from backend
     → Test timed out in 10000ms.
If this is a long-running test, pass a timeout value as the last argument or configure it globally with "testTimeout".
   × NanosStore Integration Tests > handles search with real data
     → Test timed out in 10000ms.
If this is a long-running test, pass a timeout value as the last argument or configure it globally with "testTimeout".
   × NanosStore Integration Tests > applies filters correctly with real data
     → Test timed out in 10000ms.
If this is a long-running test, pass a timeout value as the last argument or configure it globally with "testTimeout".
   × NanosStore Integration Tests > manages favorites correctly
     → Test timed out in 10000ms.
If this is a long-running test, pass a timeout value as the last argument or configure it globally with "testTimeout".
   × NanosStore Integration Tests > computes available schools correctly with real data
     → Test timed out in 10000ms.
If this is a long-running test, pass a timeout value as the last argument or configure it globally with "testTimeout".
   × NanosStore Integration Tests > gets nano by id correctly
     → Test timed out in 10000ms.
If this is a long-running test, pass a timeout value as the last argument or configure it globally with "testTimeout".
stderr | src/__tests__/stores/nanosStore.test.ts > nanosStore > gets nano by id
Failed to load nanos from storage: Error: Storage error
    at Object.<anonymous> (/home/quigley/projects/Tinkertools/frontend/src/__tests__/stores/nanosStore.test.ts:83:13)
    at Object.mockCall (file:///home/quigley/projects/Tinkertools/node_modules/@vitest/spy/dist/index.js:61:17)
    at Object.spy [as getItem] (file:///home/quigley/projects/Tinkertools/node_modules/tinyspy/dist/index.js:45:80)
    at loadNanosFromStorage (/home/quigley/projects/Tinkertools/frontend/src/stores/nanosStore.ts:382:35)
    at initialize (/home/quigley/projects/Tinkertools/frontend/src/stores/nanosStore.ts:493:5)
    at /home/quigley/projects/Tinkertools/frontend/src/stores/nanosStore.ts:502:3
    at file:///home/quigley/projects/Tinkertools/node_modules/pinia/dist/pinia.mjs:1480:98
    at EffectScope.run (/home/quigley/projects/Tinkertools/node_modules/@vue/reactivity/dist/reactivity.cjs.js:47:16)
    at file:///home/quigley/projects/Tinkertools/node_modules/pinia/dist/pinia.mjs:1480:88
    at EffectScope.run (/home/quigley/projects/Tinkertools/node_modules/@vue/reactivity/dist/reactivity.cjs.js:47:16)
Failed to load favorites: Error: Storage error
    at Object.<anonymous> (/home/quigley/projects/Tinkertools/frontend/src/__tests__/stores/nanosStore.test.ts:83:13)
    at Object.mockCall (file:///home/quigley/projects/Tinkertools/node_modules/@vitest/spy/dist/index.js:61:17)
    at Object.spy [as getItem] (file:///home/quigley/projects/Tinkertools/node_modules/tinyspy/dist/index.js:45:80)
    at loadFavorites (/home/quigley/projects/Tinkertools/frontend/src/stores/nanosStore.ts:406:34)
    at initialize (/home/quigley/projects/Tinkertools/frontend/src/stores/nanosStore.ts:494:5)
    at /home/quigley/projects/Tinkertools/frontend/src/stores/nanosStore.ts:502:3
    at file:///home/quigley/projects/Tinkertools/node_modules/pinia/dist/pinia.mjs:1480:98
    at EffectScope.run (/home/quigley/projects/Tinkertools/node_modules/@vue/reactivity/dist/reactivity.cjs.js:47:16)
    at file:///home/quigley/projects/Tinkertools/node_modules/pinia/dist/pinia.mjs:1480:88
    at EffectScope.run (/home/quigley/projects/Tinkertools/node_modules/@vue/reactivity/dist/reactivity.cjs.js:47:16)
Failed to load filters: Error: Storage error
    at Object.<anonymous> (/home/quigley/projects/Tinkertools/frontend/src/__tests__/stores/nanosStore.test.ts:83:13)
    at Object.mockCall (file:///home/quigley/projects/Tinkertools/node_modules/@vitest/spy/dist/index.js:61:17)
    at Object.spy [as getItem] (file:///home/quigley/projects/Tinkertools/node_modules/tinyspy/dist/index.js:45:80)
    at loadFilters (/home/quigley/projects/Tinkertools/frontend/src/stores/nanosStore.ts:425:34)
    at initialize (/home/quigley/projects/Tinkertools/frontend/src/stores/nanosStore.ts:495:5)
    at /home/quigley/projects/Tinkertools/frontend/src/stores/nanosStore.ts:502:3
    at file:///home/quigley/projects/Tinkertools/node_modules/pinia/dist/pinia.mjs:1480:98
    at EffectScope.run (/home/quigley/projects/Tinkertools/node_modules/@vue/reactivity/dist/reactivity.cjs.js:47:16)
    at file:///home/quigley/projects/Tinkertools/node_modules/pinia/dist/pinia.mjs:1480:88
    at EffectScope.run (/home/quigley/projects/Tinkertools/node_modules/@vue/reactivity/dist/reactivity.cjs.js:47:16)
Failed to load preferences: Error: Storage error
    at Object.<anonymous> (/home/quigley/projects/Tinkertools/frontend/src/__tests__/stores/nanosStore.test.ts:83:13)
    at Object.mockCall (file:///home/quigley/projects/Tinkertools/node_modules/@vitest/spy/dist/index.js:61:17)
    at Object.spy [as getItem] (file:///home/quigley/projects/Tinkertools/node_modules/tinyspy/dist/index.js:45:80)
    at loadPreferences (/home/quigley/projects/Tinkertools/frontend/src/stores/nanosStore.ts:444:34)
    at initialize (/home/quigley/projects/Tinkertools/frontend/src/stores/nanosStore.ts:496:5)
    at /home/quigley/projects/Tinkertools/frontend/src/stores/nanosStore.ts:502:3
    at file:///home/quigley/projects/Tinkertools/node_modules/pinia/dist/pinia.mjs:1480:98
    at EffectScope.run (/home/quigley/projects/Tinkertools/node_modules/@vue/reactivity/dist/reactivity.cjs.js:47:16)
    at file:///home/quigley/projects/Tinkertools/node_modules/pinia/dist/pinia.mjs:1480:88
    at EffectScope.run (/home/quigley/projects/Tinkertools/node_modules/@vue/reactivity/dist/reactivity.cjs.js:47:16)
Failed to load search history: Error: Storage error
    at Object.<anonymous> (/home/quigley/projects/Tinkertools/frontend/src/__tests__/stores/nanosStore.test.ts:83:13)
    at Object.mockCall (file:///home/quigley/projects/Tinkertools/node_modules/@vitest/spy/dist/index.js:61:17)
    at Object.spy [as getItem] (file:///home/quigley/projects/Tinkertools/node_modules/tinyspy/dist/index.js:45:80)
    at loadSearchHistory (/home/quigley/projects/Tinkertools/frontend/src/stores/nanosStore.ts:463:34)
    at initialize (/home/quigley/projects/Tinkertools/frontend/src/stores/nanosStore.ts:497:5)
    at /home/quigley/projects/Tinkertools/frontend/src/stores/nanosStore.ts:502:3
    at file:///home/quigley/projects/Tinkertools/node_modules/pinia/dist/pinia.mjs:1480:98
    at EffectScope.run (/home/quigley/projects/Tinkertools/node_modules/@vue/reactivity/dist/reactivity.cjs.js:47:16)
    at file:///home/quigley/projects/Tinkertools/node_modules/pinia/dist/pinia.mjs:1480:88
    at EffectScope.run (/home/quigley/projects/Tinkertools/node_modules/@vue/reactivity/dist/reactivity.cjs.js:47:16)
Failed to load selected profession: Error: Storage error
    at Object.<anonymous> (/home/quigley/projects/Tinkertools/frontend/src/__tests__/stores/nanosStore.test.ts:83:13)
    at Object.mockCall (file:///home/quigley/projects/Tinkertools/node_modules/@vitest/spy/dist/index.js:61:17)
    at Object.spy [as getItem] (file:///home/quigley/projects/Tinkertools/node_modules/tinyspy/dist/index.js:45:80)
    at loadSelectedProfession (/home/quigley/projects/Tinkertools/frontend/src/stores/nanosStore.ts:482:34)
    at initialize (/home/quigley/projects/Tinkertools/frontend/src/stores/nanosStore.ts:498:5)
    at /home/quigley/projects/Tinkertools/frontend/src/stores/nanosStore.ts:502:3
    at file:///home/quigley/projects/Tinkertools/node_modules/pinia/dist/pinia.mjs:1480:98
    at EffectScope.run (/home/quigley/projects/Tinkertools/node_modules/@vue/reactivity/dist/reactivity.cjs.js:47:16)
    at file:///home/quigley/projects/Tinkertools/node_modules/pinia/dist/pinia.mjs:1480:88
    at EffectScope.run (/home/quigley/projects/Tinkertools/node_modules/@vue/reactivity/dist/reactivity.cjs.js:47:16)

stderr | src/__tests__/stores/nanosStore.test.ts > nanosStore > gets nano by id
Failed to fetch nanos: TypeError: fetch failed
    at node:internal/deps/undici/undici:15433:13
    at processTicksAndRejections (node:internal/process/task_queues:105:5)
    at Proxy.fetchNanos (/home/quigley/projects/Tinkertools/frontend/src/stores/nanosStore.ts:179:24)
    at /home/quigley/projects/Tinkertools/frontend/src/__tests__/stores/nanosStore.test.ts:267:5 {
  [cause]: ConnectTimeoutError: Connect Timeout Error (attempted address: localhost:8000, timeout: 10000ms)
      at onConnectTimeout (node:internal/deps/undici/undici:1532:23)
      at Immediate._onImmediate (node:internal/deps/undici/undici:1513:11)
      at processImmediate (node:internal/timers:505:21) {
    code: 'UND_ERR_CONNECT_TIMEOUT'
  }
}
Failed to load nanos from storage: Error: Storage error
    at Object.<anonymous> (/home/quigley/projects/Tinkertools/frontend/src/__tests__/stores/nanosStore.test.ts:83:13)
    at Object.mockCall (file:///home/quigley/projects/Tinkertools/node_modules/@vitest/spy/dist/index.js:61:17)
    at Object.spy [as getItem] (file:///home/quigley/projects/Tinkertools/node_modules/tinyspy/dist/index.js:45:80)
    at loadNanosFromStorage (/home/quigley/projects/Tinkertools/frontend/src/stores/nanosStore.ts:382:35)
    at Proxy.fetchNanos (/home/quigley/projects/Tinkertools/frontend/src/stores/nanosStore.ts:221:7)
    at processTicksAndRejections (node:internal/process/task_queues:105:5)
    at /home/quigley/projects/Tinkertools/frontend/src/__tests__/stores/nanosStore.test.ts:267:5

stderr | src/__tests__/stores/nanosStore.test.ts > nanosStore > gets nano by id
Failed to search nanos: TypeError: fetch failed
    at node:internal/deps/undici/undici:15433:13
    at processTicksAndRejections (node:internal/process/task_queues:105:5)
    at Proxy.searchNanos (/home/quigley/projects/Tinkertools/frontend/src/stores/nanosStore.ts:238:26)
    at /home/quigley/projects/Tinkertools/frontend/src/__tests__/stores/nanosStore.test.ts:110:7 {
  [cause]: ConnectTimeoutError: Connect Timeout Error (attempted address: localhost:8000, timeout: 10000ms)
      at onConnectTimeout (node:internal/deps/undici/undici:1532:23)
      at Immediate._onImmediate (node:internal/deps/undici/undici:1513:11)
      at processImmediate (node:internal/timers:505:21) {
    code: 'UND_ERR_CONNECT_TIMEOUT'
  }
}

stderr | src/__tests__/stores/nanosStore.test.ts > nanosStore > gets nanos by school
Failed to load nanos from storage: Error: Storage error
    at Object.<anonymous> (/home/quigley/projects/Tinkertools/frontend/src/__tests__/stores/nanosStore.test.ts:83:13)
    at Object.mockCall (file:///home/quigley/projects/Tinkertools/node_modules/@vitest/spy/dist/index.js:61:17)
    at Object.spy [as getItem] (file:///home/quigley/projects/Tinkertools/node_modules/tinyspy/dist/index.js:45:80)
    at loadNanosFromStorage (/home/quigley/projects/Tinkertools/frontend/src/stores/nanosStore.ts:382:35)
    at initialize (/home/quigley/projects/Tinkertools/frontend/src/stores/nanosStore.ts:493:5)
    at /home/quigley/projects/Tinkertools/frontend/src/stores/nanosStore.ts:502:3
    at file:///home/quigley/projects/Tinkertools/node_modules/pinia/dist/pinia.mjs:1480:98
    at EffectScope.run (/home/quigley/projects/Tinkertools/node_modules/@vue/reactivity/dist/reactivity.cjs.js:47:16)
    at file:///home/quigley/projects/Tinkertools/node_modules/pinia/dist/pinia.mjs:1480:88
    at EffectScope.run (/home/quigley/projects/Tinkertools/node_modules/@vue/reactivity/dist/reactivity.cjs.js:47:16)
Failed to load favorites: Error: Storage error
    at Object.<anonymous> (/home/quigley/projects/Tinkertools/frontend/src/__tests__/stores/nanosStore.test.ts:83:13)
    at Object.mockCall (file:///home/quigley/projects/Tinkertools/node_modules/@vitest/spy/dist/index.js:61:17)
    at Object.spy [as getItem] (file:///home/quigley/projects/Tinkertools/node_modules/tinyspy/dist/index.js:45:80)
    at loadFavorites (/home/quigley/projects/Tinkertools/frontend/src/stores/nanosStore.ts:406:34)
    at initialize (/home/quigley/projects/Tinkertools/frontend/src/stores/nanosStore.ts:494:5)
    at /home/quigley/projects/Tinkertools/frontend/src/stores/nanosStore.ts:502:3
    at file:///home/quigley/projects/Tinkertools/node_modules/pinia/dist/pinia.mjs:1480:98
    at EffectScope.run (/home/quigley/projects/Tinkertools/node_modules/@vue/reactivity/dist/reactivity.cjs.js:47:16)
    at file:///home/quigley/projects/Tinkertools/node_modules/pinia/dist/pinia.mjs:1480:88
    at EffectScope.run (/home/quigley/projects/Tinkertools/node_modules/@vue/reactivity/dist/reactivity.cjs.js:47:16)
Failed to load filters: Error: Storage error
    at Object.<anonymous> (/home/quigley/projects/Tinkertools/frontend/src/__tests__/stores/nanosStore.test.ts:83:13)
    at Object.mockCall (file:///home/quigley/projects/Tinkertools/node_modules/@vitest/spy/dist/index.js:61:17)
    at Object.spy [as getItem] (file:///home/quigley/projects/Tinkertools/node_modules/tinyspy/dist/index.js:45:80)
    at loadFilters (/home/quigley/projects/Tinkertools/frontend/src/stores/nanosStore.ts:425:34)
    at initialize (/home/quigley/projects/Tinkertools/frontend/src/stores/nanosStore.ts:495:5)
    at /home/quigley/projects/Tinkertools/frontend/src/stores/nanosStore.ts:502:3
    at file:///home/quigley/projects/Tinkertools/node_modules/pinia/dist/pinia.mjs:1480:98
    at EffectScope.run (/home/quigley/projects/Tinkertools/node_modules/@vue/reactivity/dist/reactivity.cjs.js:47:16)
    at file:///home/quigley/projects/Tinkertools/node_modules/pinia/dist/pinia.mjs:1480:88
    at EffectScope.run (/home/quigley/projects/Tinkertools/node_modules/@vue/reactivity/dist/reactivity.cjs.js:47:16)
Failed to load preferences: Error: Storage error
    at Object.<anonymous> (/home/quigley/projects/Tinkertools/frontend/src/__tests__/stores/nanosStore.test.ts:83:13)
    at Object.mockCall (file:///home/quigley/projects/Tinkertools/node_modules/@vitest/spy/dist/index.js:61:17)
    at Object.spy [as getItem] (file:///home/quigley/projects/Tinkertools/node_modules/tinyspy/dist/index.js:45:80)
    at loadPreferences (/home/quigley/projects/Tinkertools/frontend/src/stores/nanosStore.ts:444:34)
    at initialize (/home/quigley/projects/Tinkertools/frontend/src/stores/nanosStore.ts:496:5)
    at /home/quigley/projects/Tinkertools/frontend/src/stores/nanosStore.ts:502:3
    at file:///home/quigley/projects/Tinkertools/node_modules/pinia/dist/pinia.mjs:1480:98
    at EffectScope.run (/home/quigley/projects/Tinkertools/node_modules/@vue/reactivity/dist/reactivity.cjs.js:47:16)
    at file:///home/quigley/projects/Tinkertools/node_modules/pinia/dist/pinia.mjs:1480:88
    at EffectScope.run (/home/quigley/projects/Tinkertools/node_modules/@vue/reactivity/dist/reactivity.cjs.js:47:16)
Failed to load search history: Error: Storage error
    at Object.<anonymous> (/home/quigley/projects/Tinkertools/frontend/src/__tests__/stores/nanosStore.test.ts:83:13)
    at Object.mockCall (file:///home/quigley/projects/Tinkertools/node_modules/@vitest/spy/dist/index.js:61:17)
    at Object.spy [as getItem] (file:///home/quigley/projects/Tinkertools/node_modules/tinyspy/dist/index.js:45:80)
    at loadSearchHistory (/home/quigley/projects/Tinkertools/frontend/src/stores/nanosStore.ts:463:34)
    at initialize (/home/quigley/projects/Tinkertools/frontend/src/stores/nanosStore.ts:497:5)
    at /home/quigley/projects/Tinkertools/frontend/src/stores/nanosStore.ts:502:3
    at file:///home/quigley/projects/Tinkertools/node_modules/pinia/dist/pinia.mjs:1480:98
    at EffectScope.run (/home/quigley/projects/Tinkertools/node_modules/@vue/reactivity/dist/reactivity.cjs.js:47:16)
    at file:///home/quigley/projects/Tinkertools/node_modules/pinia/dist/pinia.mjs:1480:88
    at EffectScope.run (/home/quigley/projects/Tinkertools/node_modules/@vue/reactivity/dist/reactivity.cjs.js:47:16)
Failed to load selected profession: Error: Storage error
    at Object.<anonymous> (/home/quigley/projects/Tinkertools/frontend/src/__tests__/stores/nanosStore.test.ts:83:13)
    at Object.mockCall (file:///home/quigley/projects/Tinkertools/node_modules/@vitest/spy/dist/index.js:61:17)
    at Object.spy [as getItem] (file:///home/quigley/projects/Tinkertools/node_modules/tinyspy/dist/index.js:45:80)
    at loadSelectedProfession (/home/quigley/projects/Tinkertools/frontend/src/stores/nanosStore.ts:482:34)
    at initialize (/home/quigley/projects/Tinkertools/frontend/src/stores/nanosStore.ts:498:5)
    at /home/quigley/projects/Tinkertools/frontend/src/stores/nanosStore.ts:502:3
    at file:///home/quigley/projects/Tinkertools/node_modules/pinia/dist/pinia.mjs:1480:98
    at EffectScope.run (/home/quigley/projects/Tinkertools/node_modules/@vue/reactivity/dist/reactivity.cjs.js:47:16)
    at file:///home/quigley/projects/Tinkertools/node_modules/pinia/dist/pinia.mjs:1480:88
    at EffectScope.run (/home/quigley/projects/Tinkertools/node_modules/@vue/reactivity/dist/reactivity.cjs.js:47:16)

stderr | src/__tests__/stores/nanosStore.test.ts > nanosStore > gets nanos by school
Failed to fetch nanos: TypeError: fetch failed
    at node:internal/deps/undici/undici:15433:13
    at processTicksAndRejections (node:internal/process/task_queues:105:5)
    at Proxy.fetchNanos (/home/quigley/projects/Tinkertools/frontend/src/stores/nanosStore.ts:179:24)
    at /home/quigley/projects/Tinkertools/frontend/src/__tests__/stores/nanosStore.test.ts:279:5 {
  [cause]: ConnectTimeoutError: Connect Timeout Error (attempted address: localhost:8000, timeout: 10000ms)
      at onConnectTimeout (node:internal/deps/undici/undici:1532:23)
      at Immediate._onImmediate (node:internal/deps/undici/undici:1513:11)
      at processImmediate (node:internal/timers:505:21) {
    code: 'UND_ERR_CONNECT_TIMEOUT'
  }
}
Failed to load nanos from storage: Error: Storage error
    at Object.<anonymous> (/home/quigley/projects/Tinkertools/frontend/src/__tests__/stores/nanosStore.test.ts:83:13)
    at Object.mockCall (file:///home/quigley/projects/Tinkertools/node_modules/@vitest/spy/dist/index.js:61:17)
    at Object.spy [as getItem] (file:///home/quigley/projects/Tinkertools/node_modules/tinyspy/dist/index.js:45:80)
    at loadNanosFromStorage (/home/quigley/projects/Tinkertools/frontend/src/stores/nanosStore.ts:382:35)
    at Proxy.fetchNanos (/home/quigley/projects/Tinkertools/frontend/src/stores/nanosStore.ts:221:7)
    at processTicksAndRejections (node:internal/process/task_queues:105:5)
    at /home/quigley/projects/Tinkertools/frontend/src/__tests__/stores/nanosStore.test.ts:279:5

stderr | src/__tests__/integration/TinkerItems.integration.test.ts > TinkerItems Full Integration > Component and API Integration > should successfully mount TinkerItems and interact with backend
[Vue warn]: injection "Symbol(router)" not found. 
  at <TinkerItems ref="VTU_COMPONENT" > 
  at <VTUROOT>
[Vue warn]: injection "Symbol(route location)" not found. 
  at <TinkerItems ref="VTU_COMPONENT" > 
  at <VTUROOT>
[Vue warn]: injection "Symbol()" not found. 
  at <TinkerItems ref="VTU_COMPONENT" > 
  at <VTUROOT>
[Vue warn]: Failed to resolve component: Badge
If this is a native custom element, make sure to exclude it from component resolution via compilerOptions.isCustomElement. 
  at <TinkerItems ref="VTU_COMPONENT" > 
  at <VTUROOT>
[Vue warn]: Failed to resolve component: InputSwitch
If this is a native custom element, make sure to exclude it from component resolution via compilerOptions.isCustomElement. 
  at <TinkerItems ref="VTU_COMPONENT" > 
  at <VTUROOT>
[Vue warn]: Failed to resolve component: ProgressSpinner
If this is a native custom element, make sure to exclude it from component resolution via compilerOptions.isCustomElement. 
  at <TinkerItems ref="VTU_COMPONENT" > 
  at <VTUROOT>
[Vue warn]: Failed to resolve directive: tooltip 
  at <TinkerItems ref="VTU_COMPONENT" > 
  at <VTUROOT>
[Vue warn]: Invalid vnode type when creating vnode: undefined. 
  at <TinkerItems ref="VTU_COMPONENT" > 
  at <VTUROOT>

stderr | src/__tests__/integration/TinkerItems.integration.test.ts > TinkerItems Full Integration > Component and API Integration > should handle component state management
[Vue warn]: injection "Symbol(router)" not found. 
  at <TinkerItems ref="VTU_COMPONENT" > 
  at <VTUROOT>
[Vue warn]: injection "Symbol(route location)" not found. 
  at <TinkerItems ref="VTU_COMPONENT" > 
  at <VTUROOT>
[Vue warn]: injection "Symbol()" not found. 
  at <TinkerItems ref="VTU_COMPONENT" > 
  at <VTUROOT>
[Vue warn]: Failed to resolve component: Badge
If this is a native custom element, make sure to exclude it from component resolution via compilerOptions.isCustomElement. 
  at <TinkerItems ref="VTU_COMPONENT" > 
  at <VTUROOT>
[Vue warn]: Failed to resolve component: InputSwitch
If this is a native custom element, make sure to exclude it from component resolution via compilerOptions.isCustomElement. 
  at <TinkerItems ref="VTU_COMPONENT" > 
  at <VTUROOT>
[Vue warn]: Failed to resolve component: ProgressSpinner
If this is a native custom element, make sure to exclude it from component resolution via compilerOptions.isCustomElement. 
  at <TinkerItems ref="VTU_COMPONENT" > 
  at <VTUROOT>
[Vue warn]: Failed to resolve directive: tooltip 
  at <TinkerItems ref="VTU_COMPONENT" > 
  at <VTUROOT>
[Vue warn]: Invalid vnode type when creating vnode: undefined. 
  at <TinkerItems ref="VTU_COMPONENT" > 
  at <VTUROOT>

stderr | src/__tests__/stores/nanosStore.test.ts > nanosStore > gets nanos by strain
Failed to load nanos from storage: Error: Storage error
    at Object.<anonymous> (/home/quigley/projects/Tinkertools/frontend/src/__tests__/stores/nanosStore.test.ts:83:13)
    at Object.mockCall (file:///home/quigley/projects/Tinkertools/node_modules/@vitest/spy/dist/index.js:61:17)
    at Object.spy [as getItem] (file:///home/quigley/projects/Tinkertools/node_modules/tinyspy/dist/index.js:45:80)
    at loadNanosFromStorage (/home/quigley/projects/Tinkertools/frontend/src/stores/nanosStore.ts:382:35)
    at initialize (/home/quigley/projects/Tinkertools/frontend/src/stores/nanosStore.ts:493:5)
    at /home/quigley/projects/Tinkertools/frontend/src/stores/nanosStore.ts:502:3
    at file:///home/quigley/projects/Tinkertools/node_modules/pinia/dist/pinia.mjs:1480:98
    at EffectScope.run (/home/quigley/projects/Tinkertools/node_modules/@vue/reactivity/dist/reactivity.cjs.js:47:16)
    at file:///home/quigley/projects/Tinkertools/node_modules/pinia/dist/pinia.mjs:1480:88
    at EffectScope.run (/home/quigley/projects/Tinkertools/node_modules/@vue/reactivity/dist/reactivity.cjs.js:47:16)
Failed to load favorites: Error: Storage error
    at Object.<anonymous> (/home/quigley/projects/Tinkertools/frontend/src/__tests__/stores/nanosStore.test.ts:83:13)
    at Object.mockCall (file:///home/quigley/projects/Tinkertools/node_modules/@vitest/spy/dist/index.js:61:17)
    at Object.spy [as getItem] (file:///home/quigley/projects/Tinkertools/node_modules/tinyspy/dist/index.js:45:80)
    at loadFavorites (/home/quigley/projects/Tinkertools/frontend/src/stores/nanosStore.ts:406:34)
    at initialize (/home/quigley/projects/Tinkertools/frontend/src/stores/nanosStore.ts:494:5)
    at /home/quigley/projects/Tinkertools/frontend/src/stores/nanosStore.ts:502:3
    at file:///home/quigley/projects/Tinkertools/node_modules/pinia/dist/pinia.mjs:1480:98
    at EffectScope.run (/home/quigley/projects/Tinkertools/node_modules/@vue/reactivity/dist/reactivity.cjs.js:47:16)
    at file:///home/quigley/projects/Tinkertools/node_modules/pinia/dist/pinia.mjs:1480:88
    at EffectScope.run (/home/quigley/projects/Tinkertools/node_modules/@vue/reactivity/dist/reactivity.cjs.js:47:16)
Failed to load filters: Error: Storage error
    at Object.<anonymous> (/home/quigley/projects/Tinkertools/frontend/src/__tests__/stores/nanosStore.test.ts:83:13)
    at Object.mockCall (file:///home/quigley/projects/Tinkertools/node_modules/@vitest/spy/dist/index.js:61:17)
    at Object.spy [as getItem] (file:///home/quigley/projects/Tinkertools/node_modules/tinyspy/dist/index.js:45:80)
    at loadFilters (/home/quigley/projects/Tinkertools/frontend/src/stores/nanosStore.ts:425:34)
    at initialize (/home/quigley/projects/Tinkertools/frontend/src/stores/nanosStore.ts:495:5)
    at /home/quigley/projects/Tinkertools/frontend/src/stores/nanosStore.ts:502:3
    at file:///home/quigley/projects/Tinkertools/node_modules/pinia/dist/pinia.mjs:1480:98
    at EffectScope.run (/home/quigley/projects/Tinkertools/node_modules/@vue/reactivity/dist/reactivity.cjs.js:47:16)
    at file:///home/quigley/projects/Tinkertools/node_modules/pinia/dist/pinia.mjs:1480:88
    at EffectScope.run (/home/quigley/projects/Tinkertools/node_modules/@vue/reactivity/dist/reactivity.cjs.js:47:16)
Failed to load preferences: Error: Storage error
    at Object.<anonymous> (/home/quigley/projects/Tinkertools/frontend/src/__tests__/stores/nanosStore.test.ts:83:13)
    at Object.mockCall (file:///home/quigley/projects/Tinkertools/node_modules/@vitest/spy/dist/index.js:61:17)
    at Object.spy [as getItem] (file:///home/quigley/projects/Tinkertools/node_modules/tinyspy/dist/index.js:45:80)
    at loadPreferences (/home/quigley/projects/Tinkertools/frontend/src/stores/nanosStore.ts:444:34)
    at initialize (/home/quigley/projects/Tinkertools/frontend/src/stores/nanosStore.ts:496:5)
    at /home/quigley/projects/Tinkertools/frontend/src/stores/nanosStore.ts:502:3
    at file:///home/quigley/projects/Tinkertools/node_modules/pinia/dist/pinia.mjs:1480:98
    at EffectScope.run (/home/quigley/projects/Tinkertools/node_modules/@vue/reactivity/dist/reactivity.cjs.js:47:16)
    at file:///home/quigley/projects/Tinkertools/node_modules/pinia/dist/pinia.mjs:1480:88
    at EffectScope.run (/home/quigley/projects/Tinkertools/node_modules/@vue/reactivity/dist/reactivity.cjs.js:47:16)
Failed to load search history: Error: Storage error
    at Object.<anonymous> (/home/quigley/projects/Tinkertools/frontend/src/__tests__/stores/nanosStore.test.ts:83:13)
    at Object.mockCall (file:///home/quigley/projects/Tinkertools/node_modules/@vitest/spy/dist/index.js:61:17)
    at Object.spy [as getItem] (file:///home/quigley/projects/Tinkertools/node_modules/tinyspy/dist/index.js:45:80)
    at loadSearchHistory (/home/quigley/projects/Tinkertools/frontend/src/stores/nanosStore.ts:463:34)
    at initialize (/home/quigley/projects/Tinkertools/frontend/src/stores/nanosStore.ts:497:5)
    at /home/quigley/projects/Tinkertools/frontend/src/stores/nanosStore.ts:502:3
    at file:///home/quigley/projects/Tinkertools/node_modules/pinia/dist/pinia.mjs:1480:98
    at EffectScope.run (/home/quigley/projects/Tinkertools/node_modules/@vue/reactivity/dist/reactivity.cjs.js:47:16)
    at file:///home/quigley/projects/Tinkertools/node_modules/pinia/dist/pinia.mjs:1480:88
    at EffectScope.run (/home/quigley/projects/Tinkertools/node_modules/@vue/reactivity/dist/reactivity.cjs.js:47:16)
Failed to load selected profession: Error: Storage error
    at Object.<anonymous> (/home/quigley/projects/Tinkertools/frontend/src/__tests__/stores/nanosStore.test.ts:83:13)
    at Object.mockCall (file:///home/quigley/projects/Tinkertools/node_modules/@vitest/spy/dist/index.js:61:17)
    at Object.spy [as getItem] (file:///home/quigley/projects/Tinkertools/node_modules/tinyspy/dist/index.js:45:80)
    at loadSelectedProfession (/home/quigley/projects/Tinkertools/frontend/src/stores/nanosStore.ts:482:34)
    at initialize (/home/quigley/projects/Tinkertools/frontend/src/stores/nanosStore.ts:498:5)
    at /home/quigley/projects/Tinkertools/frontend/src/stores/nanosStore.ts:502:3
    at file:///home/quigley/projects/Tinkertools/node_modules/pinia/dist/pinia.mjs:1480:98
    at EffectScope.run (/home/quigley/projects/Tinkertools/node_modules/@vue/reactivity/dist/reactivity.cjs.js:47:16)
    at file:///home/quigley/projects/Tinkertools/node_modules/pinia/dist/pinia.mjs:1480:88
    at EffectScope.run (/home/quigley/projects/Tinkertools/node_modules/@vue/reactivity/dist/reactivity.cjs.js:47:16)

stderr | src/__tests__/stores/nanosStore.test.ts > nanosStore > gets nanos by strain
Failed to fetch nanos: TypeError: fetch failed
    at node:internal/deps/undici/undici:15433:13
    at processTicksAndRejections (node:internal/process/task_queues:105:5)
    at Proxy.fetchNanos (/home/quigley/projects/Tinkertools/frontend/src/stores/nanosStore.ts:179:24)
    at /home/quigley/projects/Tinkertools/frontend/src/__tests__/stores/nanosStore.test.ts:291:5 {
  [cause]: ConnectTimeoutError: Connect Timeout Error (attempted address: localhost:8000, timeout: 10000ms)
      at onConnectTimeout (node:internal/deps/undici/undici:1532:23)
      at Immediate._onImmediate (node:internal/deps/undici/undici:1513:11)
      at processImmediate (node:internal/timers:505:21) {
    code: 'UND_ERR_CONNECT_TIMEOUT'
  }
}
Failed to load nanos from storage: Error: Storage error
    at Object.<anonymous> (/home/quigley/projects/Tinkertools/frontend/src/__tests__/stores/nanosStore.test.ts:83:13)
    at Object.mockCall (file:///home/quigley/projects/Tinkertools/node_modules/@vitest/spy/dist/index.js:61:17)
    at Object.spy [as getItem] (file:///home/quigley/projects/Tinkertools/node_modules/tinyspy/dist/index.js:45:80)
    at loadNanosFromStorage (/home/quigley/projects/Tinkertools/frontend/src/stores/nanosStore.ts:382:35)
    at Proxy.fetchNanos (/home/quigley/projects/Tinkertools/frontend/src/stores/nanosStore.ts:221:7)
    at processTicksAndRejections (node:internal/process/task_queues:105:5)
    at /home/quigley/projects/Tinkertools/frontend/src/__tests__/stores/nanosStore.test.ts:291:5

stderr | src/__tests__/stores/nanosStore.test.ts > nanosStore > gets nanos by strain
Failed to search nanos: TypeError: fetch failed
    at node:internal/deps/undici/undici:15433:13
    at processTicksAndRejections (node:internal/process/task_queues:105:5)
    at Proxy.searchNanos (/home/quigley/projects/Tinkertools/frontend/src/stores/nanosStore.ts:238:26)
    at /home/quigley/projects/Tinkertools/frontend/src/__tests__/stores/nanosStore.test.ts:110:7 {
  [cause]: ConnectTimeoutError: Connect Timeout Error (attempted address: localhost:8000, timeout: 10000ms)
      at onConnectTimeout (node:internal/deps/undici/undici:1532:23)
      at Immediate._onImmediate (node:internal/deps/undici/undici:1513:11)
      at processImmediate (node:internal/timers:505:21) {
    code: 'UND_ERR_CONNECT_TIMEOUT'
  }
}

stderr | src/__tests__/stores/nanosStore.test.ts > nanosStore > computes available schools
Failed to load nanos from storage: Error: Storage error
    at Object.<anonymous> (/home/quigley/projects/Tinkertools/frontend/src/__tests__/stores/nanosStore.test.ts:83:13)
    at Object.mockCall (file:///home/quigley/projects/Tinkertools/node_modules/@vitest/spy/dist/index.js:61:17)
    at Object.spy [as getItem] (file:///home/quigley/projects/Tinkertools/node_modules/tinyspy/dist/index.js:45:80)
    at loadNanosFromStorage (/home/quigley/projects/Tinkertools/frontend/src/stores/nanosStore.ts:382:35)
    at initialize (/home/quigley/projects/Tinkertools/frontend/src/stores/nanosStore.ts:493:5)
    at /home/quigley/projects/Tinkertools/frontend/src/stores/nanosStore.ts:502:3
    at file:///home/quigley/projects/Tinkertools/node_modules/pinia/dist/pinia.mjs:1480:98
    at EffectScope.run (/home/quigley/projects/Tinkertools/node_modules/@vue/reactivity/dist/reactivity.cjs.js:47:16)
    at file:///home/quigley/projects/Tinkertools/node_modules/pinia/dist/pinia.mjs:1480:88
    at EffectScope.run (/home/quigley/projects/Tinkertools/node_modules/@vue/reactivity/dist/reactivity.cjs.js:47:16)
Failed to load favorites: Error: Storage error
    at Object.<anonymous> (/home/quigley/projects/Tinkertools/frontend/src/__tests__/stores/nanosStore.test.ts:83:13)
    at Object.mockCall (file:///home/quigley/projects/Tinkertools/node_modules/@vitest/spy/dist/index.js:61:17)
    at Object.spy [as getItem] (file:///home/quigley/projects/Tinkertools/node_modules/tinyspy/dist/index.js:45:80)
    at loadFavorites (/home/quigley/projects/Tinkertools/frontend/src/stores/nanosStore.ts:406:34)
    at initialize (/home/quigley/projects/Tinkertools/frontend/src/stores/nanosStore.ts:494:5)
    at /home/quigley/projects/Tinkertools/frontend/src/stores/nanosStore.ts:502:3
    at file:///home/quigley/projects/Tinkertools/node_modules/pinia/dist/pinia.mjs:1480:98
    at EffectScope.run (/home/quigley/projects/Tinkertools/node_modules/@vue/reactivity/dist/reactivity.cjs.js:47:16)
    at file:///home/quigley/projects/Tinkertools/node_modules/pinia/dist/pinia.mjs:1480:88
    at EffectScope.run (/home/quigley/projects/Tinkertools/node_modules/@vue/reactivity/dist/reactivity.cjs.js:47:16)
Failed to load filters: Error: Storage error
    at Object.<anonymous> (/home/quigley/projects/Tinkertools/frontend/src/__tests__/stores/nanosStore.test.ts:83:13)
    at Object.mockCall (file:///home/quigley/projects/Tinkertools/node_modules/@vitest/spy/dist/index.js:61:17)
    at Object.spy [as getItem] (file:///home/quigley/projects/Tinkertools/node_modules/tinyspy/dist/index.js:45:80)
    at loadFilters (/home/quigley/projects/Tinkertools/frontend/src/stores/nanosStore.ts:425:34)
    at initialize (/home/quigley/projects/Tinkertools/frontend/src/stores/nanosStore.ts:495:5)
    at /home/quigley/projects/Tinkertools/frontend/src/stores/nanosStore.ts:502:3
    at file:///home/quigley/projects/Tinkertools/node_modules/pinia/dist/pinia.mjs:1480:98
    at EffectScope.run (/home/quigley/projects/Tinkertools/node_modules/@vue/reactivity/dist/reactivity.cjs.js:47:16)
    at file:///home/quigley/projects/Tinkertools/node_modules/pinia/dist/pinia.mjs:1480:88
    at EffectScope.run (/home/quigley/projects/Tinkertools/node_modules/@vue/reactivity/dist/reactivity.cjs.js:47:16)
Failed to load preferences: Error: Storage error
    at Object.<anonymous> (/home/quigley/projects/Tinkertools/frontend/src/__tests__/stores/nanosStore.test.ts:83:13)
    at Object.mockCall (file:///home/quigley/projects/Tinkertools/node_modules/@vitest/spy/dist/index.js:61:17)
    at Object.spy [as getItem] (file:///home/quigley/projects/Tinkertools/node_modules/tinyspy/dist/index.js:45:80)
    at loadPreferences (/home/quigley/projects/Tinkertools/frontend/src/stores/nanosStore.ts:444:34)
    at initialize (/home/quigley/projects/Tinkertools/frontend/src/stores/nanosStore.ts:496:5)
    at /home/quigley/projects/Tinkertools/frontend/src/stores/nanosStore.ts:502:3
    at file:///home/quigley/projects/Tinkertools/node_modules/pinia/dist/pinia.mjs:1480:98
    at EffectScope.run (/home/quigley/projects/Tinkertools/node_modules/@vue/reactivity/dist/reactivity.cjs.js:47:16)
    at file:///home/quigley/projects/Tinkertools/node_modules/pinia/dist/pinia.mjs:1480:88
    at EffectScope.run (/home/quigley/projects/Tinkertools/node_modules/@vue/reactivity/dist/reactivity.cjs.js:47:16)
Failed to load search history: Error: Storage error
    at Object.<anonymous> (/home/quigley/projects/Tinkertools/frontend/src/__tests__/stores/nanosStore.test.ts:83:13)
    at Object.mockCall (file:///home/quigley/projects/Tinkertools/node_modules/@vitest/spy/dist/index.js:61:17)
    at Object.spy [as getItem] (file:///home/quigley/projects/Tinkertools/node_modules/tinyspy/dist/index.js:45:80)
    at loadSearchHistory (/home/quigley/projects/Tinkertools/frontend/src/stores/nanosStore.ts:463:34)
    at initialize (/home/quigley/projects/Tinkertools/frontend/src/stores/nanosStore.ts:497:5)
    at /home/quigley/projects/Tinkertools/frontend/src/stores/nanosStore.ts:502:3
    at file:///home/quigley/projects/Tinkertools/node_modules/pinia/dist/pinia.mjs:1480:98
    at EffectScope.run (/home/quigley/projects/Tinkertools/node_modules/@vue/reactivity/dist/reactivity.cjs.js:47:16)
    at file:///home/quigley/projects/Tinkertools/node_modules/pinia/dist/pinia.mjs:1480:88
    at EffectScope.run (/home/quigley/projects/Tinkertools/node_modules/@vue/reactivity/dist/reactivity.cjs.js:47:16)
Failed to load selected profession: Error: Storage error
    at Object.<anonymous> (/home/quigley/projects/Tinkertools/frontend/src/__tests__/stores/nanosStore.test.ts:83:13)
    at Object.mockCall (file:///home/quigley/projects/Tinkertools/node_modules/@vitest/spy/dist/index.js:61:17)
    at Object.spy [as getItem] (file:///home/quigley/projects/Tinkertools/node_modules/tinyspy/dist/index.js:45:80)
    at loadSelectedProfession (/home/quigley/projects/Tinkertools/frontend/src/stores/nanosStore.ts:482:34)
    at initialize (/home/quigley/projects/Tinkertools/frontend/src/stores/nanosStore.ts:498:5)
    at /home/quigley/projects/Tinkertools/frontend/src/stores/nanosStore.ts:502:3
    at file:///home/quigley/projects/Tinkertools/node_modules/pinia/dist/pinia.mjs:1480:98
    at EffectScope.run (/home/quigley/projects/Tinkertools/node_modules/@vue/reactivity/dist/reactivity.cjs.js:47:16)
    at file:///home/quigley/projects/Tinkertools/node_modules/pinia/dist/pinia.mjs:1480:88
    at EffectScope.run (/home/quigley/projects/Tinkertools/node_modules/@vue/reactivity/dist/reactivity.cjs.js:47:16)

stderr | src/__tests__/stores/nanosStore.test.ts > nanosStore > computes available schools
Failed to fetch nanos: TypeError: fetch failed
    at node:internal/deps/undici/undici:15433:13
    at processTicksAndRejections (node:internal/process/task_queues:105:5)
    at Proxy.fetchNanos (/home/quigley/projects/Tinkertools/frontend/src/stores/nanosStore.ts:179:24)
    at /home/quigley/projects/Tinkertools/frontend/src/__tests__/stores/nanosStore.test.ts:300:5 {
  [cause]: ConnectTimeoutError: Connect Timeout Error (attempted address: localhost:8000, timeout: 10000ms)
      at onConnectTimeout (node:internal/deps/undici/undici:1532:23)
      at Immediate._onImmediate (node:internal/deps/undici/undici:1513:11)
      at processImmediate (node:internal/timers:505:21) {
    code: 'UND_ERR_CONNECT_TIMEOUT'
  }
}
Failed to load nanos from storage: Error: Storage error
    at Object.<anonymous> (/home/quigley/projects/Tinkertools/frontend/src/__tests__/stores/nanosStore.test.ts:83:13)
    at Object.mockCall (file:///home/quigley/projects/Tinkertools/node_modules/@vitest/spy/dist/index.js:61:17)
    at Object.spy [as getItem] (file:///home/quigley/projects/Tinkertools/node_modules/tinyspy/dist/index.js:45:80)
    at loadNanosFromStorage (/home/quigley/projects/Tinkertools/frontend/src/stores/nanosStore.ts:382:35)
    at Proxy.fetchNanos (/home/quigley/projects/Tinkertools/frontend/src/stores/nanosStore.ts:221:7)
    at processTicksAndRejections (node:internal/process/task_queues:105:5)
    at /home/quigley/projects/Tinkertools/frontend/src/__tests__/stores/nanosStore.test.ts:300:5

stderr | src/__tests__/stores/nanosStore.test.ts > nanosStore > computes available strains
Failed to load nanos from storage: Error: Storage error
    at Object.<anonymous> (/home/quigley/projects/Tinkertools/frontend/src/__tests__/stores/nanosStore.test.ts:83:13)
    at Object.mockCall (file:///home/quigley/projects/Tinkertools/node_modules/@vitest/spy/dist/index.js:61:17)
    at Object.spy [as getItem] (file:///home/quigley/projects/Tinkertools/node_modules/tinyspy/dist/index.js:45:80)
    at loadNanosFromStorage (/home/quigley/projects/Tinkertools/frontend/src/stores/nanosStore.ts:382:35)
    at initialize (/home/quigley/projects/Tinkertools/frontend/src/stores/nanosStore.ts:493:5)
    at /home/quigley/projects/Tinkertools/frontend/src/stores/nanosStore.ts:502:3
    at file:///home/quigley/projects/Tinkertools/node_modules/pinia/dist/pinia.mjs:1480:98
    at EffectScope.run (/home/quigley/projects/Tinkertools/node_modules/@vue/reactivity/dist/reactivity.cjs.js:47:16)
    at file:///home/quigley/projects/Tinkertools/node_modules/pinia/dist/pinia.mjs:1480:88
    at EffectScope.run (/home/quigley/projects/Tinkertools/node_modules/@vue/reactivity/dist/reactivity.cjs.js:47:16)
Failed to load favorites: Error: Storage error
    at Object.<anonymous> (/home/quigley/projects/Tinkertools/frontend/src/__tests__/stores/nanosStore.test.ts:83:13)
    at Object.mockCall (file:///home/quigley/projects/Tinkertools/node_modules/@vitest/spy/dist/index.js:61:17)
    at Object.spy [as getItem] (file:///home/quigley/projects/Tinkertools/node_modules/tinyspy/dist/index.js:45:80)
    at loadFavorites (/home/quigley/projects/Tinkertools/frontend/src/stores/nanosStore.ts:406:34)
    at initialize (/home/quigley/projects/Tinkertools/frontend/src/stores/nanosStore.ts:494:5)
    at /home/quigley/projects/Tinkertools/frontend/src/stores/nanosStore.ts:502:3
    at file:///home/quigley/projects/Tinkertools/node_modules/pinia/dist/pinia.mjs:1480:98
    at EffectScope.run (/home/quigley/projects/Tinkertools/node_modules/@vue/reactivity/dist/reactivity.cjs.js:47:16)
    at file:///home/quigley/projects/Tinkertools/node_modules/pinia/dist/pinia.mjs:1480:88
    at EffectScope.run (/home/quigley/projects/Tinkertools/node_modules/@vue/reactivity/dist/reactivity.cjs.js:47:16)
Failed to load filters: Error: Storage error
    at Object.<anonymous> (/home/quigley/projects/Tinkertools/frontend/src/__tests__/stores/nanosStore.test.ts:83:13)
    at Object.mockCall (file:///home/quigley/projects/Tinkertools/node_modules/@vitest/spy/dist/index.js:61:17)
    at Object.spy [as getItem] (file:///home/quigley/projects/Tinkertools/node_modules/tinyspy/dist/index.js:45:80)
    at loadFilters (/home/quigley/projects/Tinkertools/frontend/src/stores/nanosStore.ts:425:34)
    at initialize (/home/quigley/projects/Tinkertools/frontend/src/stores/nanosStore.ts:495:5)
    at /home/quigley/projects/Tinkertools/frontend/src/stores/nanosStore.ts:502:3
    at file:///home/quigley/projects/Tinkertools/node_modules/pinia/dist/pinia.mjs:1480:98
    at EffectScope.run (/home/quigley/projects/Tinkertools/node_modules/@vue/reactivity/dist/reactivity.cjs.js:47:16)
    at file:///home/quigley/projects/Tinkertools/node_modules/pinia/dist/pinia.mjs:1480:88
    at EffectScope.run (/home/quigley/projects/Tinkertools/node_modules/@vue/reactivity/dist/reactivity.cjs.js:47:16)
Failed to load preferences: Error: Storage error
    at Object.<anonymous> (/home/quigley/projects/Tinkertools/frontend/src/__tests__/stores/nanosStore.test.ts:83:13)
    at Object.mockCall (file:///home/quigley/projects/Tinkertools/node_modules/@vitest/spy/dist/index.js:61:17)
    at Object.spy [as getItem] (file:///home/quigley/projects/Tinkertools/node_modules/tinyspy/dist/index.js:45:80)
    at loadPreferences (/home/quigley/projects/Tinkertools/frontend/src/stores/nanosStore.ts:444:34)
    at initialize (/home/quigley/projects/Tinkertools/frontend/src/stores/nanosStore.ts:496:5)
    at /home/quigley/projects/Tinkertools/frontend/src/stores/nanosStore.ts:502:3
    at file:///home/quigley/projects/Tinkertools/node_modules/pinia/dist/pinia.mjs:1480:98
    at EffectScope.run (/home/quigley/projects/Tinkertools/node_modules/@vue/reactivity/dist/reactivity.cjs.js:47:16)
    at file:///home/quigley/projects/Tinkertools/node_modules/pinia/dist/pinia.mjs:1480:88
    at EffectScope.run (/home/quigley/projects/Tinkertools/node_modules/@vue/reactivity/dist/reactivity.cjs.js:47:16)
Failed to load search history: Error: Storage error
    at Object.<anonymous> (/home/quigley/projects/Tinkertools/frontend/src/__tests__/stores/nanosStore.test.ts:83:13)
    at Object.mockCall (file:///home/quigley/projects/Tinkertools/node_modules/@vitest/spy/dist/index.js:61:17)
    at Object.spy [as getItem] (file:///home/quigley/projects/Tinkertools/node_modules/tinyspy/dist/index.js:45:80)
    at loadSearchHistory (/home/quigley/projects/Tinkertools/frontend/src/stores/nanosStore.ts:463:34)
    at initialize (/home/quigley/projects/Tinkertools/frontend/src/stores/nanosStore.ts:497:5)
    at /home/quigley/projects/Tinkertools/frontend/src/stores/nanosStore.ts:502:3
    at file:///home/quigley/projects/Tinkertools/node_modules/pinia/dist/pinia.mjs:1480:98
    at EffectScope.run (/home/quigley/projects/Tinkertools/node_modules/@vue/reactivity/dist/reactivity.cjs.js:47:16)
    at file:///home/quigley/projects/Tinkertools/node_modules/pinia/dist/pinia.mjs:1480:88
    at EffectScope.run (/home/quigley/projects/Tinkertools/node_modules/@vue/reactivity/dist/reactivity.cjs.js:47:16)
Failed to load selected profession: Error: Storage error
    at Object.<anonymous> (/home/quigley/projects/Tinkertools/frontend/src/__tests__/stores/nanosStore.test.ts:83:13)
    at Object.mockCall (file:///home/quigley/projects/Tinkertools/node_modules/@vitest/spy/dist/index.js:61:17)
    at Object.spy [as getItem] (file:///home/quigley/projects/Tinkertools/node_modules/tinyspy/dist/index.js:45:80)
    at loadSelectedProfession (/home/quigley/projects/Tinkertools/frontend/src/stores/nanosStore.ts:482:34)
    at initialize (/home/quigley/projects/Tinkertools/frontend/src/stores/nanosStore.ts:498:5)
    at /home/quigley/projects/Tinkertools/frontend/src/stores/nanosStore.ts:502:3
    at file:///home/quigley/projects/Tinkertools/node_modules/pinia/dist/pinia.mjs:1480:98
    at EffectScope.run (/home/quigley/projects/Tinkertools/node_modules/@vue/reactivity/dist/reactivity.cjs.js:47:16)
    at file:///home/quigley/projects/Tinkertools/node_modules/pinia/dist/pinia.mjs:1480:88
    at EffectScope.run (/home/quigley/projects/Tinkertools/node_modules/@vue/reactivity/dist/reactivity.cjs.js:47:16)

stderr | src/__tests__/stores/nanosStore.test.ts > nanosStore > computes available strains
Failed to fetch nanos: TypeError: fetch failed
    at node:internal/deps/undici/undici:15433:13
    at processTicksAndRejections (node:internal/process/task_queues:105:5)
    at Proxy.fetchNanos (/home/quigley/projects/Tinkertools/frontend/src/stores/nanosStore.ts:179:24)
    at /home/quigley/projects/Tinkertools/frontend/src/__tests__/stores/nanosStore.test.ts:309:5 {
  [cause]: ConnectTimeoutError: Connect Timeout Error (attempted address: localhost:8000, timeout: 10000ms)
      at onConnectTimeout (node:internal/deps/undici/undici:1532:23)
      at Immediate._onImmediate (node:internal/deps/undici/undici:1513:11)
      at processImmediate (node:internal/timers:505:21) {
    code: 'UND_ERR_CONNECT_TIMEOUT'
  }
}
Failed to load nanos from storage: Error: Storage error
    at Object.<anonymous> (/home/quigley/projects/Tinkertools/frontend/src/__tests__/stores/nanosStore.test.ts:83:13)
    at Object.mockCall (file:///home/quigley/projects/Tinkertools/node_modules/@vitest/spy/dist/index.js:61:17)
    at Object.spy [as getItem] (file:///home/quigley/projects/Tinkertools/node_modules/tinyspy/dist/index.js:45:80)
    at loadNanosFromStorage (/home/quigley/projects/Tinkertools/frontend/src/stores/nanosStore.ts:382:35)
    at Proxy.fetchNanos (/home/quigley/projects/Tinkertools/frontend/src/stores/nanosStore.ts:221:7)
    at processTicksAndRejections (node:internal/process/task_queues:105:5)
    at /home/quigley/projects/Tinkertools/frontend/src/__tests__/stores/nanosStore.test.ts:309:5

stderr | src/__tests__/stores/nanosStore.test.ts > nanosStore > computes available strains
Failed to search nanos: TypeError: fetch failed
    at node:internal/deps/undici/undici:15433:13
    at processTicksAndRejections (node:internal/process/task_queues:105:5)
    at Proxy.searchNanos (/home/quigley/projects/Tinkertools/frontend/src/stores/nanosStore.ts:238:26)
    at /home/quigley/projects/Tinkertools/frontend/src/__tests__/stores/nanosStore.test.ts:110:7 {
  [cause]: ConnectTimeoutError: Connect Timeout Error (attempted address: localhost:8000, timeout: 10000ms)
      at onConnectTimeout (node:internal/deps/undici/undici:1532:23)
      at Immediate._onImmediate (node:internal/deps/undici/undici:1513:11)
      at processImmediate (node:internal/timers:505:21) {
    code: 'UND_ERR_CONNECT_TIMEOUT'
  }
}

stderr | src/__tests__/stores/nanosStore.test.ts > nanosStore > computes available professions
Failed to load nanos from storage: Error: Storage error
    at Object.<anonymous> (/home/quigley/projects/Tinkertools/frontend/src/__tests__/stores/nanosStore.test.ts:83:13)
    at Object.mockCall (file:///home/quigley/projects/Tinkertools/node_modules/@vitest/spy/dist/index.js:61:17)
    at Object.spy [as getItem] (file:///home/quigley/projects/Tinkertools/node_modules/tinyspy/dist/index.js:45:80)
    at loadNanosFromStorage (/home/quigley/projects/Tinkertools/frontend/src/stores/nanosStore.ts:382:35)
    at initialize (/home/quigley/projects/Tinkertools/frontend/src/stores/nanosStore.ts:493:5)
    at /home/quigley/projects/Tinkertools/frontend/src/stores/nanosStore.ts:502:3
    at file:///home/quigley/projects/Tinkertools/node_modules/pinia/dist/pinia.mjs:1480:98
    at EffectScope.run (/home/quigley/projects/Tinkertools/node_modules/@vue/reactivity/dist/reactivity.cjs.js:47:16)
    at file:///home/quigley/projects/Tinkertools/node_modules/pinia/dist/pinia.mjs:1480:88
    at EffectScope.run (/home/quigley/projects/Tinkertools/node_modules/@vue/reactivity/dist/reactivity.cjs.js:47:16)
Failed to load favorites: Error: Storage error
    at Object.<anonymous> (/home/quigley/projects/Tinkertools/frontend/src/__tests__/stores/nanosStore.test.ts:83:13)
    at Object.mockCall (file:///home/quigley/projects/Tinkertools/node_modules/@vitest/spy/dist/index.js:61:17)
    at Object.spy [as getItem] (file:///home/quigley/projects/Tinkertools/node_modules/tinyspy/dist/index.js:45:80)
    at loadFavorites (/home/quigley/projects/Tinkertools/frontend/src/stores/nanosStore.ts:406:34)
    at initialize (/home/quigley/projects/Tinkertools/frontend/src/stores/nanosStore.ts:494:5)
    at /home/quigley/projects/Tinkertools/frontend/src/stores/nanosStore.ts:502:3
    at file:///home/quigley/projects/Tinkertools/node_modules/pinia/dist/pinia.mjs:1480:98
    at EffectScope.run (/home/quigley/projects/Tinkertools/node_modules/@vue/reactivity/dist/reactivity.cjs.js:47:16)
    at file:///home/quigley/projects/Tinkertools/node_modules/pinia/dist/pinia.mjs:1480:88
    at EffectScope.run (/home/quigley/projects/Tinkertools/node_modules/@vue/reactivity/dist/reactivity.cjs.js:47:16)
Failed to load filters: Error: Storage error
    at Object.<anonymous> (/home/quigley/projects/Tinkertools/frontend/src/__tests__/stores/nanosStore.test.ts:83:13)
    at Object.mockCall (file:///home/quigley/projects/Tinkertools/node_modules/@vitest/spy/dist/index.js:61:17)
    at Object.spy [as getItem] (file:///home/quigley/projects/Tinkertools/node_modules/tinyspy/dist/index.js:45:80)
    at loadFilters (/home/quigley/projects/Tinkertools/frontend/src/stores/nanosStore.ts:425:34)
    at initialize (/home/quigley/projects/Tinkertools/frontend/src/stores/nanosStore.ts:495:5)
    at /home/quigley/projects/Tinkertools/frontend/src/stores/nanosStore.ts:502:3
    at file:///home/quigley/projects/Tinkertools/node_modules/pinia/dist/pinia.mjs:1480:98
    at EffectScope.run (/home/quigley/projects/Tinkertools/node_modules/@vue/reactivity/dist/reactivity.cjs.js:47:16)
    at file:///home/quigley/projects/Tinkertools/node_modules/pinia/dist/pinia.mjs:1480:88
    at EffectScope.run (/home/quigley/projects/Tinkertools/node_modules/@vue/reactivity/dist/reactivity.cjs.js:47:16)
Failed to load preferences: Error: Storage error
    at Object.<anonymous> (/home/quigley/projects/Tinkertools/frontend/src/__tests__/stores/nanosStore.test.ts:83:13)
    at Object.mockCall (file:///home/quigley/projects/Tinkertools/node_modules/@vitest/spy/dist/index.js:61:17)
    at Object.spy [as getItem] (file:///home/quigley/projects/Tinkertools/node_modules/tinyspy/dist/index.js:45:80)
    at loadPreferences (/home/quigley/projects/Tinkertools/frontend/src/stores/nanosStore.ts:444:34)
    at initialize (/home/quigley/projects/Tinkertools/frontend/src/stores/nanosStore.ts:496:5)
    at /home/quigley/projects/Tinkertools/frontend/src/stores/nanosStore.ts:502:3
    at file:///home/quigley/projects/Tinkertools/node_modules/pinia/dist/pinia.mjs:1480:98
    at EffectScope.run (/home/quigley/projects/Tinkertools/node_modules/@vue/reactivity/dist/reactivity.cjs.js:47:16)
    at file:///home/quigley/projects/Tinkertools/node_modules/pinia/dist/pinia.mjs:1480:88
    at EffectScope.run (/home/quigley/projects/Tinkertools/node_modules/@vue/reactivity/dist/reactivity.cjs.js:47:16)
Failed to load search history: Error: Storage error
    at Object.<anonymous> (/home/quigley/projects/Tinkertools/frontend/src/__tests__/stores/nanosStore.test.ts:83:13)
    at Object.mockCall (file:///home/quigley/projects/Tinkertools/node_modules/@vitest/spy/dist/index.js:61:17)
    at Object.spy [as getItem] (file:///home/quigley/projects/Tinkertools/node_modules/tinyspy/dist/index.js:45:80)
    at loadSearchHistory (/home/quigley/projects/Tinkertools/frontend/src/stores/nanosStore.ts:463:34)
    at initialize (/home/quigley/projects/Tinkertools/frontend/src/stores/nanosStore.ts:497:5)
    at /home/quigley/projects/Tinkertools/frontend/src/stores/nanosStore.ts:502:3
    at file:///home/quigley/projects/Tinkertools/node_modules/pinia/dist/pinia.mjs:1480:98
    at EffectScope.run (/home/quigley/projects/Tinkertools/node_modules/@vue/reactivity/dist/reactivity.cjs.js:47:16)
    at file:///home/quigley/projects/Tinkertools/node_modules/pinia/dist/pinia.mjs:1480:88
    at EffectScope.run (/home/quigley/projects/Tinkertools/node_modules/@vue/reactivity/dist/reactivity.cjs.js:47:16)
Failed to load selected profession: Error: Storage error
    at Object.<anonymous> (/home/quigley/projects/Tinkertools/frontend/src/__tests__/stores/nanosStore.test.ts:83:13)
    at Object.mockCall (file:///home/quigley/projects/Tinkertools/node_modules/@vitest/spy/dist/index.js:61:17)
    at Object.spy [as getItem] (file:///home/quigley/projects/Tinkertools/node_modules/tinyspy/dist/index.js:45:80)
    at loadSelectedProfession (/home/quigley/projects/Tinkertools/frontend/src/stores/nanosStore.ts:482:34)
    at initialize (/home/quigley/projects/Tinkertools/frontend/src/stores/nanosStore.ts:498:5)
    at /home/quigley/projects/Tinkertools/frontend/src/stores/nanosStore.ts:502:3
    at file:///home/quigley/projects/Tinkertools/node_modules/pinia/dist/pinia.mjs:1480:98
    at EffectScope.run (/home/quigley/projects/Tinkertools/node_modules/@vue/reactivity/dist/reactivity.cjs.js:47:16)
    at file:///home/quigley/projects/Tinkertools/node_modules/pinia/dist/pinia.mjs:1480:88
    at EffectScope.run (/home/quigley/projects/Tinkertools/node_modules/@vue/reactivity/dist/reactivity.cjs.js:47:16)

stderr | src/__tests__/stores/nanosStore.test.ts > nanosStore > computes available professions
Failed to fetch nanos: TypeError: fetch failed
    at node:internal/deps/undici/undici:15433:13
    at processTicksAndRejections (node:internal/process/task_queues:105:5)
    at Proxy.fetchNanos (/home/quigley/projects/Tinkertools/frontend/src/stores/nanosStore.ts:179:24)
    at /home/quigley/projects/Tinkertools/frontend/src/__tests__/stores/nanosStore.test.ts:318:5 {
  [cause]: ConnectTimeoutError: Connect Timeout Error (attempted address: localhost:8000, timeout: 10000ms)
      at onConnectTimeout (node:internal/deps/undici/undici:1532:23)
      at Immediate._onImmediate (node:internal/deps/undici/undici:1513:11)
      at processImmediate (node:internal/timers:505:21) {
    code: 'UND_ERR_CONNECT_TIMEOUT'
  }
}
Failed to load nanos from storage: Error: Storage error
    at Object.<anonymous> (/home/quigley/projects/Tinkertools/frontend/src/__tests__/stores/nanosStore.test.ts:83:13)
    at Object.mockCall (file:///home/quigley/projects/Tinkertools/node_modules/@vitest/spy/dist/index.js:61:17)
    at Object.spy [as getItem] (file:///home/quigley/projects/Tinkertools/node_modules/tinyspy/dist/index.js:45:80)
    at loadNanosFromStorage (/home/quigley/projects/Tinkertools/frontend/src/stores/nanosStore.ts:382:35)
    at Proxy.fetchNanos (/home/quigley/projects/Tinkertools/frontend/src/stores/nanosStore.ts:221:7)
    at processTicksAndRejections (node:internal/process/task_queues:105:5)
    at /home/quigley/projects/Tinkertools/frontend/src/__tests__/stores/nanosStore.test.ts:318:5

stderr | src/__tests__/stores/nanosStore.test.ts > nanosStore > computes favorite nanos
Failed to load nanos from storage: Error: Storage error
    at Object.<anonymous> (/home/quigley/projects/Tinkertools/frontend/src/__tests__/stores/nanosStore.test.ts:83:13)
    at Object.mockCall (file:///home/quigley/projects/Tinkertools/node_modules/@vitest/spy/dist/index.js:61:17)
    at Object.spy [as getItem] (file:///home/quigley/projects/Tinkertools/node_modules/tinyspy/dist/index.js:45:80)
    at loadNanosFromStorage (/home/quigley/projects/Tinkertools/frontend/src/stores/nanosStore.ts:382:35)
    at initialize (/home/quigley/projects/Tinkertools/frontend/src/stores/nanosStore.ts:493:5)
    at /home/quigley/projects/Tinkertools/frontend/src/stores/nanosStore.ts:502:3
    at file:///home/quigley/projects/Tinkertools/node_modules/pinia/dist/pinia.mjs:1480:98
    at EffectScope.run (/home/quigley/projects/Tinkertools/node_modules/@vue/reactivity/dist/reactivity.cjs.js:47:16)
    at file:///home/quigley/projects/Tinkertools/node_modules/pinia/dist/pinia.mjs:1480:88
    at EffectScope.run (/home/quigley/projects/Tinkertools/node_modules/@vue/reactivity/dist/reactivity.cjs.js:47:16)
Failed to load favorites: Error: Storage error
    at Object.<anonymous> (/home/quigley/projects/Tinkertools/frontend/src/__tests__/stores/nanosStore.test.ts:83:13)
    at Object.mockCall (file:///home/quigley/projects/Tinkertools/node_modules/@vitest/spy/dist/index.js:61:17)
    at Object.spy [as getItem] (file:///home/quigley/projects/Tinkertools/node_modules/tinyspy/dist/index.js:45:80)
    at loadFavorites (/home/quigley/projects/Tinkertools/frontend/src/stores/nanosStore.ts:406:34)
    at initialize (/home/quigley/projects/Tinkertools/frontend/src/stores/nanosStore.ts:494:5)
    at /home/quigley/projects/Tinkertools/frontend/src/stores/nanosStore.ts:502:3
    at file:///home/quigley/projects/Tinkertools/node_modules/pinia/dist/pinia.mjs:1480:98
    at EffectScope.run (/home/quigley/projects/Tinkertools/node_modules/@vue/reactivity/dist/reactivity.cjs.js:47:16)
    at file:///home/quigley/projects/Tinkertools/node_modules/pinia/dist/pinia.mjs:1480:88
    at EffectScope.run (/home/quigley/projects/Tinkertools/node_modules/@vue/reactivity/dist/reactivity.cjs.js:47:16)
Failed to load filters: Error: Storage error
    at Object.<anonymous> (/home/quigley/projects/Tinkertools/frontend/src/__tests__/stores/nanosStore.test.ts:83:13)
    at Object.mockCall (file:///home/quigley/projects/Tinkertools/node_modules/@vitest/spy/dist/index.js:61:17)
    at Object.spy [as getItem] (file:///home/quigley/projects/Tinkertools/node_modules/tinyspy/dist/index.js:45:80)
    at loadFilters (/home/quigley/projects/Tinkertools/frontend/src/stores/nanosStore.ts:425:34)
    at initialize (/home/quigley/projects/Tinkertools/frontend/src/stores/nanosStore.ts:495:5)
    at /home/quigley/projects/Tinkertools/frontend/src/stores/nanosStore.ts:502:3
    at file:///home/quigley/projects/Tinkertools/node_modules/pinia/dist/pinia.mjs:1480:98
    at EffectScope.run (/home/quigley/projects/Tinkertools/node_modules/@vue/reactivity/dist/reactivity.cjs.js:47:16)
    at file:///home/quigley/projects/Tinkertools/node_modules/pinia/dist/pinia.mjs:1480:88
    at EffectScope.run (/home/quigley/projects/Tinkertools/node_modules/@vue/reactivity/dist/reactivity.cjs.js:47:16)
Failed to load preferences: Error: Storage error
    at Object.<anonymous> (/home/quigley/projects/Tinkertools/frontend/src/__tests__/stores/nanosStore.test.ts:83:13)
    at Object.mockCall (file:///home/quigley/projects/Tinkertools/node_modules/@vitest/spy/dist/index.js:61:17)
    at Object.spy [as getItem] (file:///home/quigley/projects/Tinkertools/node_modules/tinyspy/dist/index.js:45:80)
    at loadPreferences (/home/quigley/projects/Tinkertools/frontend/src/stores/nanosStore.ts:444:34)
    at initialize (/home/quigley/projects/Tinkertools/frontend/src/stores/nanosStore.ts:496:5)
    at /home/quigley/projects/Tinkertools/frontend/src/stores/nanosStore.ts:502:3
    at file:///home/quigley/projects/Tinkertools/node_modules/pinia/dist/pinia.mjs:1480:98
    at EffectScope.run (/home/quigley/projects/Tinkertools/node_modules/@vue/reactivity/dist/reactivity.cjs.js:47:16)
    at file:///home/quigley/projects/Tinkertools/node_modules/pinia/dist/pinia.mjs:1480:88
    at EffectScope.run (/home/quigley/projects/Tinkertools/node_modules/@vue/reactivity/dist/reactivity.cjs.js:47:16)
Failed to load search history: Error: Storage error
    at Object.<anonymous> (/home/quigley/projects/Tinkertools/frontend/src/__tests__/stores/nanosStore.test.ts:83:13)
    at Object.mockCall (file:///home/quigley/projects/Tinkertools/node_modules/@vitest/spy/dist/index.js:61:17)
    at Object.spy [as getItem] (file:///home/quigley/projects/Tinkertools/node_modules/tinyspy/dist/index.js:45:80)
    at loadSearchHistory (/home/quigley/projects/Tinkertools/frontend/src/stores/nanosStore.ts:463:34)
    at initialize (/home/quigley/projects/Tinkertools/frontend/src/stores/nanosStore.ts:497:5)
    at /home/quigley/projects/Tinkertools/frontend/src/stores/nanosStore.ts:502:3
    at file:///home/quigley/projects/Tinkertools/node_modules/pinia/dist/pinia.mjs:1480:98
    at EffectScope.run (/home/quigley/projects/Tinkertools/node_modules/@vue/reactivity/dist/reactivity.cjs.js:47:16)
    at file:///home/quigley/projects/Tinkertools/node_modules/pinia/dist/pinia.mjs:1480:88
    at EffectScope.run (/home/quigley/projects/Tinkertools/node_modules/@vue/reactivity/dist/reactivity.cjs.js:47:16)
Failed to load selected profession: Error: Storage error
    at Object.<anonymous> (/home/quigley/projects/Tinkertools/frontend/src/__tests__/stores/nanosStore.test.ts:83:13)
    at Object.mockCall (file:///home/quigley/projects/Tinkertools/node_modules/@vitest/spy/dist/index.js:61:17)
    at Object.spy [as getItem] (file:///home/quigley/projects/Tinkertools/node_modules/tinyspy/dist/index.js:45:80)
    at loadSelectedProfession (/home/quigley/projects/Tinkertools/frontend/src/stores/nanosStore.ts:482:34)
    at initialize (/home/quigley/projects/Tinkertools/frontend/src/stores/nanosStore.ts:498:5)
    at /home/quigley/projects/Tinkertools/frontend/src/stores/nanosStore.ts:502:3
    at file:///home/quigley/projects/Tinkertools/node_modules/pinia/dist/pinia.mjs:1480:98
    at EffectScope.run (/home/quigley/projects/Tinkertools/node_modules/@vue/reactivity/dist/reactivity.cjs.js:47:16)
    at file:///home/quigley/projects/Tinkertools/node_modules/pinia/dist/pinia.mjs:1480:88
    at EffectScope.run (/home/quigley/projects/Tinkertools/node_modules/@vue/reactivity/dist/reactivity.cjs.js:47:16)

stderr | src/__tests__/stores/nanosStore.test.ts > nanosStore > computes favorite nanos
Failed to fetch nanos: TypeError: fetch failed
    at node:internal/deps/undici/undici:15433:13
    at processTicksAndRejections (node:internal/process/task_queues:105:5)
    at Proxy.fetchNanos (/home/quigley/projects/Tinkertools/frontend/src/stores/nanosStore.ts:179:24)
    at /home/quigley/projects/Tinkertools/frontend/src/__tests__/stores/nanosStore.test.ts:326:5 {
  [cause]: ConnectTimeoutError: Connect Timeout Error (attempted address: localhost:8000, timeout: 10000ms)
      at onConnectTimeout (node:internal/deps/undici/undici:1532:23)
      at Immediate._onImmediate (node:internal/deps/undici/undici:1513:11)
      at processImmediate (node:internal/timers:505:21) {
    code: 'UND_ERR_CONNECT_TIMEOUT'
  }
}
Failed to load nanos from storage: Error: Storage error
    at Object.<anonymous> (/home/quigley/projects/Tinkertools/frontend/src/__tests__/stores/nanosStore.test.ts:83:13)
    at Object.mockCall (file:///home/quigley/projects/Tinkertools/node_modules/@vitest/spy/dist/index.js:61:17)
    at Object.spy [as getItem] (file:///home/quigley/projects/Tinkertools/node_modules/tinyspy/dist/index.js:45:80)
    at loadNanosFromStorage (/home/quigley/projects/Tinkertools/frontend/src/stores/nanosStore.ts:382:35)
    at Proxy.fetchNanos (/home/quigley/projects/Tinkertools/frontend/src/stores/nanosStore.ts:221:7)
    at processTicksAndRejections (node:internal/process/task_queues:105:5)
    at /home/quigley/projects/Tinkertools/frontend/src/__tests__/stores/nanosStore.test.ts:326:5

stderr | src/__tests__/stores/nanosStore.test.ts > nanosStore > computes favorite nanos
Failed to search nanos: TypeError: fetch failed
    at node:internal/deps/undici/undici:15433:13
    at processTicksAndRejections (node:internal/process/task_queues:105:5)
    at Proxy.searchNanos (/home/quigley/projects/Tinkertools/frontend/src/stores/nanosStore.ts:238:26)
    at /home/quigley/projects/Tinkertools/frontend/src/__tests__/stores/nanosStore.test.ts:110:7 {
  [cause]: ConnectTimeoutError: Connect Timeout Error (attempted address: localhost:8000, timeout: 10000ms)
      at onConnectTimeout (node:internal/deps/undici/undici:1532:23)
      at Immediate._onImmediate (node:internal/deps/undici/undici:1513:11)
      at processImmediate (node:internal/timers:505:21) {
    code: 'UND_ERR_CONNECT_TIMEOUT'
  }
}

stderr | src/__tests__/stores/nanosStore.test.ts > nanosStore > loads data from localStorage on initialization
Failed to load nanos from storage: Error: Storage error
    at Object.<anonymous> (/home/quigley/projects/Tinkertools/frontend/src/__tests__/stores/nanosStore.test.ts:83:13)
    at Object.mockCall (file:///home/quigley/projects/Tinkertools/node_modules/@vitest/spy/dist/index.js:61:17)
    at Object.spy [as getItem] (file:///home/quigley/projects/Tinkertools/node_modules/tinyspy/dist/index.js:45:80)
    at loadNanosFromStorage (/home/quigley/projects/Tinkertools/frontend/src/stores/nanosStore.ts:382:35)
    at initialize (/home/quigley/projects/Tinkertools/frontend/src/stores/nanosStore.ts:493:5)
    at /home/quigley/projects/Tinkertools/frontend/src/stores/nanosStore.ts:502:3
    at file:///home/quigley/projects/Tinkertools/node_modules/pinia/dist/pinia.mjs:1480:98
    at EffectScope.run (/home/quigley/projects/Tinkertools/node_modules/@vue/reactivity/dist/reactivity.cjs.js:47:16)
    at file:///home/quigley/projects/Tinkertools/node_modules/pinia/dist/pinia.mjs:1480:88
    at EffectScope.run (/home/quigley/projects/Tinkertools/node_modules/@vue/reactivity/dist/reactivity.cjs.js:47:16)
Failed to load favorites: Error: Storage error
    at Object.<anonymous> (/home/quigley/projects/Tinkertools/frontend/src/__tests__/stores/nanosStore.test.ts:83:13)
    at Object.mockCall (file:///home/quigley/projects/Tinkertools/node_modules/@vitest/spy/dist/index.js:61:17)
    at Object.spy [as getItem] (file:///home/quigley/projects/Tinkertools/node_modules/tinyspy/dist/index.js:45:80)
    at loadFavorites (/home/quigley/projects/Tinkertools/frontend/src/stores/nanosStore.ts:406:34)
    at initialize (/home/quigley/projects/Tinkertools/frontend/src/stores/nanosStore.ts:494:5)
    at /home/quigley/projects/Tinkertools/frontend/src/stores/nanosStore.ts:502:3
    at file:///home/quigley/projects/Tinkertools/node_modules/pinia/dist/pinia.mjs:1480:98
    at EffectScope.run (/home/quigley/projects/Tinkertools/node_modules/@vue/reactivity/dist/reactivity.cjs.js:47:16)
    at file:///home/quigley/projects/Tinkertools/node_modules/pinia/dist/pinia.mjs:1480:88
    at EffectScope.run (/home/quigley/projects/Tinkertools/node_modules/@vue/reactivity/dist/reactivity.cjs.js:47:16)
Failed to load filters: Error: Storage error
    at Object.<anonymous> (/home/quigley/projects/Tinkertools/frontend/src/__tests__/stores/nanosStore.test.ts:83:13)
    at Object.mockCall (file:///home/quigley/projects/Tinkertools/node_modules/@vitest/spy/dist/index.js:61:17)
    at Object.spy [as getItem] (file:///home/quigley/projects/Tinkertools/node_modules/tinyspy/dist/index.js:45:80)
    at loadFilters (/home/quigley/projects/Tinkertools/frontend/src/stores/nanosStore.ts:425:34)
    at initialize (/home/quigley/projects/Tinkertools/frontend/src/stores/nanosStore.ts:495:5)
    at /home/quigley/projects/Tinkertools/frontend/src/stores/nanosStore.ts:502:3
    at file:///home/quigley/projects/Tinkertools/node_modules/pinia/dist/pinia.mjs:1480:98
    at EffectScope.run (/home/quigley/projects/Tinkertools/node_modules/@vue/reactivity/dist/reactivity.cjs.js:47:16)
    at file:///home/quigley/projects/Tinkertools/node_modules/pinia/dist/pinia.mjs:1480:88
    at EffectScope.run (/home/quigley/projects/Tinkertools/node_modules/@vue/reactivity/dist/reactivity.cjs.js:47:16)
Failed to load preferences: Error: Storage error
    at Object.<anonymous> (/home/quigley/projects/Tinkertools/frontend/src/__tests__/stores/nanosStore.test.ts:83:13)
    at Object.mockCall (file:///home/quigley/projects/Tinkertools/node_modules/@vitest/spy/dist/index.js:61:17)
    at Object.spy [as getItem] (file:///home/quigley/projects/Tinkertools/node_modules/tinyspy/dist/index.js:45:80)
    at loadPreferences (/home/quigley/projects/Tinkertools/frontend/src/stores/nanosStore.ts:444:34)
    at initialize (/home/quigley/projects/Tinkertools/frontend/src/stores/nanosStore.ts:496:5)
    at /home/quigley/projects/Tinkertools/frontend/src/stores/nanosStore.ts:502:3
    at file:///home/quigley/projects/Tinkertools/node_modules/pinia/dist/pinia.mjs:1480:98
    at EffectScope.run (/home/quigley/projects/Tinkertools/node_modules/@vue/reactivity/dist/reactivity.cjs.js:47:16)
    at file:///home/quigley/projects/Tinkertools/node_modules/pinia/dist/pinia.mjs:1480:88
    at EffectScope.run (/home/quigley/projects/Tinkertools/node_modules/@vue/reactivity/dist/reactivity.cjs.js:47:16)
Failed to load search history: Error: Storage error
    at Object.<anonymous> (/home/quigley/projects/Tinkertools/frontend/src/__tests__/stores/nanosStore.test.ts:83:13)
    at Object.mockCall (file:///home/quigley/projects/Tinkertools/node_modules/@vitest/spy/dist/index.js:61:17)
    at Object.spy [as getItem] (file:///home/quigley/projects/Tinkertools/node_modules/tinyspy/dist/index.js:45:80)
    at loadSearchHistory (/home/quigley/projects/Tinkertools/frontend/src/stores/nanosStore.ts:463:34)
    at initialize (/home/quigley/projects/Tinkertools/frontend/src/stores/nanosStore.ts:497:5)
    at /home/quigley/projects/Tinkertools/frontend/src/stores/nanosStore.ts:502:3
    at file:///home/quigley/projects/Tinkertools/node_modules/pinia/dist/pinia.mjs:1480:98
    at EffectScope.run (/home/quigley/projects/Tinkertools/node_modules/@vue/reactivity/dist/reactivity.cjs.js:47:16)
    at file:///home/quigley/projects/Tinkertools/node_modules/pinia/dist/pinia.mjs:1480:88
    at EffectScope.run (/home/quigley/projects/Tinkertools/node_modules/@vue/reactivity/dist/reactivity.cjs.js:47:16)
Failed to load selected profession: Error: Storage error
    at Object.<anonymous> (/home/quigley/projects/Tinkertools/frontend/src/__tests__/stores/nanosStore.test.ts:83:13)
    at Object.mockCall (file:///home/quigley/projects/Tinkertools/node_modules/@vitest/spy/dist/index.js:61:17)
    at Object.spy [as getItem] (file:///home/quigley/projects/Tinkertools/node_modules/tinyspy/dist/index.js:45:80)
    at loadSelectedProfession (/home/quigley/projects/Tinkertools/frontend/src/stores/nanosStore.ts:482:34)
    at initialize (/home/quigley/projects/Tinkertools/frontend/src/stores/nanosStore.ts:498:5)
    at /home/quigley/projects/Tinkertools/frontend/src/stores/nanosStore.ts:502:3
    at file:///home/quigley/projects/Tinkertools/node_modules/pinia/dist/pinia.mjs:1480:98
    at EffectScope.run (/home/quigley/projects/Tinkertools/node_modules/@vue/reactivity/dist/reactivity.cjs.js:47:16)
    at file:///home/quigley/projects/Tinkertools/node_modules/pinia/dist/pinia.mjs:1480:88
    at EffectScope.run (/home/quigley/projects/Tinkertools/node_modules/@vue/reactivity/dist/reactivity.cjs.js:47:16)

stderr | src/__tests__/stores/nanosStore.test.ts > nanosStore > saves nanos to localStorage after fetching
Failed to load nanos from storage: Error: Storage error
    at Object.<anonymous> (/home/quigley/projects/Tinkertools/frontend/src/__tests__/stores/nanosStore.test.ts:83:13)
    at Object.mockCall (file:///home/quigley/projects/Tinkertools/node_modules/@vitest/spy/dist/index.js:61:17)
    at Object.spy [as getItem] (file:///home/quigley/projects/Tinkertools/node_modules/tinyspy/dist/index.js:45:80)
    at loadNanosFromStorage (/home/quigley/projects/Tinkertools/frontend/src/stores/nanosStore.ts:382:35)
    at initialize (/home/quigley/projects/Tinkertools/frontend/src/stores/nanosStore.ts:493:5)
    at /home/quigley/projects/Tinkertools/frontend/src/stores/nanosStore.ts:502:3
    at file:///home/quigley/projects/Tinkertools/node_modules/pinia/dist/pinia.mjs:1480:98
    at EffectScope.run (/home/quigley/projects/Tinkertools/node_modules/@vue/reactivity/dist/reactivity.cjs.js:47:16)
    at file:///home/quigley/projects/Tinkertools/node_modules/pinia/dist/pinia.mjs:1480:88
    at EffectScope.run (/home/quigley/projects/Tinkertools/node_modules/@vue/reactivity/dist/reactivity.cjs.js:47:16)
Failed to load favorites: Error: Storage error
    at Object.<anonymous> (/home/quigley/projects/Tinkertools/frontend/src/__tests__/stores/nanosStore.test.ts:83:13)
    at Object.mockCall (file:///home/quigley/projects/Tinkertools/node_modules/@vitest/spy/dist/index.js:61:17)
    at Object.spy [as getItem] (file:///home/quigley/projects/Tinkertools/node_modules/tinyspy/dist/index.js:45:80)
    at loadFavorites (/home/quigley/projects/Tinkertools/frontend/src/stores/nanosStore.ts:406:34)
    at initialize (/home/quigley/projects/Tinkertools/frontend/src/stores/nanosStore.ts:494:5)
    at /home/quigley/projects/Tinkertools/frontend/src/stores/nanosStore.ts:502:3
    at file:///home/quigley/projects/Tinkertools/node_modules/pinia/dist/pinia.mjs:1480:98
    at EffectScope.run (/home/quigley/projects/Tinkertools/node_modules/@vue/reactivity/dist/reactivity.cjs.js:47:16)
    at file:///home/quigley/projects/Tinkertools/node_modules/pinia/dist/pinia.mjs:1480:88
    at EffectScope.run (/home/quigley/projects/Tinkertools/node_modules/@vue/reactivity/dist/reactivity.cjs.js:47:16)
Failed to load filters: Error: Storage error
    at Object.<anonymous> (/home/quigley/projects/Tinkertools/frontend/src/__tests__/stores/nanosStore.test.ts:83:13)
    at Object.mockCall (file:///home/quigley/projects/Tinkertools/node_modules/@vitest/spy/dist/index.js:61:17)
    at Object.spy [as getItem] (file:///home/quigley/projects/Tinkertools/node_modules/tinyspy/dist/index.js:45:80)
    at loadFilters (/home/quigley/projects/Tinkertools/frontend/src/stores/nanosStore.ts:425:34)
    at initialize (/home/quigley/projects/Tinkertools/frontend/src/stores/nanosStore.ts:495:5)
    at /home/quigley/projects/Tinkertools/frontend/src/stores/nanosStore.ts:502:3
    at file:///home/quigley/projects/Tinkertools/node_modules/pinia/dist/pinia.mjs:1480:98
    at EffectScope.run (/home/quigley/projects/Tinkertools/node_modules/@vue/reactivity/dist/reactivity.cjs.js:47:16)
    at file:///home/quigley/projects/Tinkertools/node_modules/pinia/dist/pinia.mjs:1480:88
    at EffectScope.run (/home/quigley/projects/Tinkertools/node_modules/@vue/reactivity/dist/reactivity.cjs.js:47:16)
Failed to load preferences: Error: Storage error
    at Object.<anonymous> (/home/quigley/projects/Tinkertools/frontend/src/__tests__/stores/nanosStore.test.ts:83:13)
    at Object.mockCall (file:///home/quigley/projects/Tinkertools/node_modules/@vitest/spy/dist/index.js:61:17)
    at Object.spy [as getItem] (file:///home/quigley/projects/Tinkertools/node_modules/tinyspy/dist/index.js:45:80)
    at loadPreferences (/home/quigley/projects/Tinkertools/frontend/src/stores/nanosStore.ts:444:34)
    at initialize (/home/quigley/projects/Tinkertools/frontend/src/stores/nanosStore.ts:496:5)
    at /home/quigley/projects/Tinkertools/frontend/src/stores/nanosStore.ts:502:3
    at file:///home/quigley/projects/Tinkertools/node_modules/pinia/dist/pinia.mjs:1480:98
    at EffectScope.run (/home/quigley/projects/Tinkertools/node_modules/@vue/reactivity/dist/reactivity.cjs.js:47:16)
    at file:///home/quigley/projects/Tinkertools/node_modules/pinia/dist/pinia.mjs:1480:88
    at EffectScope.run (/home/quigley/projects/Tinkertools/node_modules/@vue/reactivity/dist/reactivity.cjs.js:47:16)
Failed to load search history: Error: Storage error
    at Object.<anonymous> (/home/quigley/projects/Tinkertools/frontend/src/__tests__/stores/nanosStore.test.ts:83:13)
    at Object.mockCall (file:///home/quigley/projects/Tinkertools/node_modules/@vitest/spy/dist/index.js:61:17)
    at Object.spy [as getItem] (file:///home/quigley/projects/Tinkertools/node_modules/tinyspy/dist/index.js:45:80)
    at loadSearchHistory (/home/quigley/projects/Tinkertools/frontend/src/stores/nanosStore.ts:463:34)
    at initialize (/home/quigley/projects/Tinkertools/frontend/src/stores/nanosStore.ts:497:5)
    at /home/quigley/projects/Tinkertools/frontend/src/stores/nanosStore.ts:502:3
    at file:///home/quigley/projects/Tinkertools/node_modules/pinia/dist/pinia.mjs:1480:98
    at EffectScope.run (/home/quigley/projects/Tinkertools/node_modules/@vue/reactivity/dist/reactivity.cjs.js:47:16)
    at file:///home/quigley/projects/Tinkertools/node_modules/pinia/dist/pinia.mjs:1480:88
    at EffectScope.run (/home/quigley/projects/Tinkertools/node_modules/@vue/reactivity/dist/reactivity.cjs.js:47:16)
Failed to load selected profession: Error: Storage error
    at Object.<anonymous> (/home/quigley/projects/Tinkertools/frontend/src/__tests__/stores/nanosStore.test.ts:83:13)
    at Object.mockCall (file:///home/quigley/projects/Tinkertools/node_modules/@vitest/spy/dist/index.js:61:17)
    at Object.spy [as getItem] (file:///home/quigley/projects/Tinkertools/node_modules/tinyspy/dist/index.js:45:80)
    at loadSelectedProfession (/home/quigley/projects/Tinkertools/frontend/src/stores/nanosStore.ts:482:34)
    at initialize (/home/quigley/projects/Tinkertools/frontend/src/stores/nanosStore.ts:498:5)
    at /home/quigley/projects/Tinkertools/frontend/src/stores/nanosStore.ts:502:3
    at file:///home/quigley/projects/Tinkertools/node_modules/pinia/dist/pinia.mjs:1480:98
    at EffectScope.run (/home/quigley/projects/Tinkertools/node_modules/@vue/reactivity/dist/reactivity.cjs.js:47:16)
    at file:///home/quigley/projects/Tinkertools/node_modules/pinia/dist/pinia.mjs:1480:88
    at EffectScope.run (/home/quigley/projects/Tinkertools/node_modules/@vue/reactivity/dist/reactivity.cjs.js:47:16)

stderr | src/__tests__/stores/nanosStore.test.ts > nanosStore > saves nanos to localStorage after fetching
Failed to fetch nanos: TypeError: fetch failed
    at node:internal/deps/undici/undici:15433:13
    at processTicksAndRejections (node:internal/process/task_queues:105:5)
    at Proxy.fetchNanos (/home/quigley/projects/Tinkertools/frontend/src/stores/nanosStore.ts:179:24)
    at /home/quigley/projects/Tinkertools/frontend/src/__tests__/stores/nanosStore.test.ts:333:5 {
  [cause]: ConnectTimeoutError: Connect Timeout Error (attempted address: localhost:8000, timeout: 10000ms)
      at onConnectTimeout (node:internal/deps/undici/undici:1532:23)
      at Immediate._onImmediate (node:internal/deps/undici/undici:1513:11)
      at processImmediate (node:internal/timers:505:21) {
    code: 'UND_ERR_CONNECT_TIMEOUT'
  }
}
Failed to load nanos from storage: Error: Storage error
    at Object.<anonymous> (/home/quigley/projects/Tinkertools/frontend/src/__tests__/stores/nanosStore.test.ts:83:13)
    at Object.mockCall (file:///home/quigley/projects/Tinkertools/node_modules/@vitest/spy/dist/index.js:61:17)
    at Object.spy [as getItem] (file:///home/quigley/projects/Tinkertools/node_modules/tinyspy/dist/index.js:45:80)
    at loadNanosFromStorage (/home/quigley/projects/Tinkertools/frontend/src/stores/nanosStore.ts:382:35)
    at Proxy.fetchNanos (/home/quigley/projects/Tinkertools/frontend/src/stores/nanosStore.ts:221:7)
    at processTicksAndRejections (node:internal/process/task_queues:105:5)
    at /home/quigley/projects/Tinkertools/frontend/src/__tests__/stores/nanosStore.test.ts:333:5

